{
 "n_parity_clips": 2400,
 "parity_digest_recomputed": "e61a04553df5b9d52a0810be32cf31927bd92644d9d12ada563910b8a0ada4de",
 "parity_digest_manifest": "e61a04553df5b9d52a0810be32cf31927bd92644d9d12ada563910b8a0ada4de",
 "parity_digest_MATCH": true,
 "manifest_episode_count": 2376,
 "manifest_n_clips": 2400,
 "manifest_skip_count": 24,
 "n_distinct_stable_ids": 2400,
 "AFTER": {
  "records": 2400,
  "hit": 2400,
  "n_eps": 2400,
  "frac": 1.0,
  "frac_pct": 100.0,
  "trainer_floor_0.50": "PASS",
  "manifest": {
   "path": "C:\\Users\\Admin\\tanitad-review-20260906\\art\\s2_labels_parity-v7geom-1_train.jsonl.gz",
   "md5": "0d45b8d1344aa669c9d39e1ade2832fe",
   "n_records": 2400,
   "schema_version": "s2-geom-v7",
   "vocab": "v7",
   "allow_oracle_nav": true,
   "divergences": [],
   "_read": "md5 is the identity \u2014 six copies of this blob exist under three roots and their md5s differ."
  }
 }
}
