test_residual_prior.py on the candidate: 32 passed in 6.56s
off-mode digest tip: ebc4db4599e6c3f0fcdd9e077113a5ac789dfeff19349f391b65057ef3064ef3 | cand: ebc4db4599e6c3f0fcdd9e077113a5ac789dfeff19349f391b65057ef3064ef3 | test literal: TIP_OFF_DIGEST = "ebc4db4599e6c3f0fcdd9e077113a5ac789dfeff19349f391b65057ef3064ef3"

# ---- LANDING_READY lines ----
# stack/tanitad/refs/refc.py: base 177d24e92d1092cd3dd3120119693567720866f7 | new cf80722edc13c7901b642417556ee177c625fc7b | CRLF
TanitAD Research Lab/Architecture & Inference/Research/2026-09-26-refcv7-residual-prior/code/fix/stack/tanitad/refs/refc.py  ->  stack/tanitad/refs/refc.py
# stack/tanitad/refs/refc_v3.py: base 550d96b2e8220ab9c7da1205c3f908aaafab1ea7 | new 774d3a3b1d5f7fa4439362494aae9fdcbb1cda9a | LF
TanitAD Research Lab/Architecture & Inference/Research/2026-09-26-refcv7-residual-prior/code/fix/stack/tanitad/refs/refc_v3.py  ->  stack/tanitad/refs/refc_v3.py
# stack/scripts/refc_v3_train.py: base abf5129708b096525ebcda9da56f3a49a4048e1d | new 9cac3dabca2b2fbac29a1d0b625f95215f71d985 | CRLF
TanitAD Research Lab/Architecture & Inference/Research/2026-09-26-refcv7-residual-prior/code/fix/stack/scripts/refc_v3_train.py  ->  stack/scripts/refc_v3_train.py
# stack/tanitad/train/declared_vs_built.py: base 1bb1e481d973df4141b2aac84e7ecd4b5f53d8c3 | new a50ff690a364966ee21215938b4d34dc0a0a79d8 | LF
TanitAD Research Lab/Architecture & Inference/Research/2026-09-26-refcv7-residual-prior/code/fix/stack/tanitad/train/declared_vs_built.py  ->  stack/tanitad/train/declared_vs_built.py
# stack/tests/test_declared_vs_built.py: base 061238c8897047bddd92372d8cf6d10f1bf17f59 | new 5137fde792a8b5b6a4c51bafdbc876a6ee2ff239 | LF
TanitAD Research Lab/Architecture & Inference/Research/2026-09-26-refcv7-residual-prior/code/fix/stack/tests/test_declared_vs_built.py  ->  stack/tests/test_declared_vs_built.py
# stack/tanitad/models/kinematic_prior.py: base NEW | new 9d4895610acc58468e90fb951a23e51d1dfbb4c6 | LF
TanitAD Research Lab/Architecture & Inference/Research/2026-09-26-refcv7-residual-prior/code/fix/stack/tanitad/models/kinematic_prior.py  ->  stack/tanitad/models/kinematic_prior.py
# stack/tests/test_residual_prior.py: base NEW | new ee830bdd378b35bb6bef88ef0d36f2420b5c248a | LF
TanitAD Research Lab/Architecture & Inference/Research/2026-09-26-refcv7-residual-prior/code/fix/stack/tests/test_residual_prior.py  ->  stack/tests/test_residual_prior.py
{
 "tip": "ab436eefa89f34eee139e092c595839e785eab7c",
 "tip_tree": "C:\\Users\\Admin\\r7rp\\rebase2\\tip_ab436eefa8",
 "cand_tree": "C:\\Users\\Admin\\r7rp\\rebase2\\cand_ab436eefa8"
}
