{
 "n_windows": 3749,
 "n_clips": 139,
 "oracle_in_vocab_mean_m": {
  "abs2": 0.20722887445722898,
  "abs6": 1.3917987956588447,
  "ha0_ext_2": 0.18391429316492505,
  "ha0_ext_6": 1.3824315645710126,
  "ha0_ext_pose_2": 0.18580267671096654,
  "ha0_ext_pose_6": 1.3861421500418358,
  "cv_yawrate_2": 0.1929206480391045,
  "cv_yawrate_6": 1.3958030632791694
 },
 "prior_ade_mean_m": {
  "ha0_ext_2": 0.30087249873659816,
  "ha0_ext_6": 2.9618915507577084,
  "ha0_ext_pose_2": 0.30794410207446393,
  "ha0_ext_pose_6": 2.9926681240593,
  "cv_yawrate_2": 0.5483408116048608,
  "cv_yawrate_6": 3.4220621130187716
 },
 "wall_s": 11.5
}
residual_ha0_ext_minus_absolute_0_2s -0.0233 [-0.0332, -0.0153] separated
residual_ha0_ext_minus_absolute_0_6s -0.0094 [-0.0584, 0.0348] tie
residual_ha0_ext_pose_minus_absolute_0_2s -0.0214 [-0.0311, -0.0135] separated
residual_ha0_ext_pose_minus_absolute_0_6s -0.0057 [-0.0534, 0.0379] tie
prior_ha0_ext_pose_minus_prior_ha0_ext_0_2s 0.0071 [0.0053, 0.0088] separated
prior_ha0_ext_pose_minus_prior_ha0_ext_0_6s 0.0308 [0.0177, 0.044] separated
residual_cv_yawrate_minus_absolute_0_2s -0.0143 [-0.0193, -0.0096] separated
residual_cv_yawrate_minus_absolute_0_6s 0.004 [-0.037, 0.0411] tie
prior_cv_yawrate_minus_prior_ha0_ext_0_2s 0.2475 [0.2092, 0.2856] separated
prior_cv_yawrate_minus_prior_ha0_ext_0_6s 0.4602 [0.295, 0.6307] separated
