{
 "A": {
  "ha0_ext": {
   "max_abs_m": 0.0,
   "mean_abs_m": 0.0,
   "frac_windows_bit_equal": 1.0
  },
  "ha0_ext_pose": {
   "max_abs_m": 1.5875789523124695,
   "mean_abs_m": 0.01495771498448939,
   "frac_windows_bit_equal": 0.03281447202355911
  },
  "cv_yawrate": {
   "max_abs_m": 8.444381952285767,
   "mean_abs_m": 0.23478931101416428,
   "frac_windows_bit_equal": 0.03134202776609171
  },
  "ha0_ext_vs_tip_battery_functions": {
   "max_abs_m": 0.0,
   "n_windows": 4754
  }
 },
 "B_ade": {
  "echo_banked": 0.28860522097722346,
  "ha_banked": 0.30101509231101065,
  "os_refcv6_30k": 0.31108912108527476,
  "P_ha0_ext": 0.28860522097722346,
  "P_ha0_ext_pose": 0.2941194456584272,
  "P_cv_yawrate": 0.5179206145683242
 },
 "C_ade": {
  "P_ha0_ext": 2.7089487862259256,
  "P_ha0_ext_pose": 2.7312346456338408,
  "P_cv_yawrate": 3.2389414195500756
 },
 "D2": {
  "abs2": 0.1998964218031788,
  "ha0_ext_2": 0.17672622553937445,
  "ha0_ext_pose_2": 0.1778121768480123,
  "cv_yawrate_2": 0.18026468442157026
 },
 "D6": {
  "abs6": 1.2957479272578816,
  "ha0_ext_6": 1.2752355622903047,
  "ha0_ext_pose_6": 1.273884659849399,
  "cv_yawrate_6": 1.2652532789700552
 },
 "align": {
  "ep_poses_vs_cache_mismatching_episodes": 0,
  "max_abs_v0_dump_minus_pose_window": 0.0
 },
 "wall_s": 17.1
}
WROTE D:\Projects\TanitAD\TanitAD Research Lab\Architecture & Inference\Research\2026-09-26-refcv7-residual-prior\raw\measure_prior_vs_echo.json
