M3b the sampled fan is rolled at the RAW v0 (refcv6's speed), not the prior's -> 1 failed ['test_d_TRAINING_forwards_with_withheld_rows_still_emit_P_plus_Delta']
M4 NEW-1's keys dropped from RefCModel.DECODER_PASSTHROUGH (the A16 whitelist class) -> 14 failed ['test_A2_MUTATION_Delta_fed_to_selection_goes_RED', 'test_A2_nav_compliance_and_the_ceiling_rank_the_ABSOLUTE_plan', 'test_c_off_is_BIT_IDENTICAL_to_refcv6_digest_recorded_on_the_tip', 'test_d_TRAINING_forwards_with_withheld_rows_still_emit_P_plus_Delta', 'test_d_a_residual_checkpoint_reloads_STRICTLY_and_replays_bit_identically', 'test_d_the_model_emits_P_plus_Delta_and_the_zero_anchor_IS_P[cv_yawrate]']
M8 the trainer's F3 cascade re-rolls without the prior -> 3 failed ['test_c_off_is_BIT_IDENTICAL_to_refcv6_digest_recorded_on_the_tip', 'test_d_the_trainers_OWN_loss_runs_with_every_term_live', 'test_passthrough_carries_the_prior_and_a_dropped_key_goes_RED']
{
 "baseline": {
  "passed": 32,
  "failed": 0,
  "failed_tests": [],
  "exit": 0
 },
 "M3b the sampled fan is rolled at the RAW v0 (refcv6's speed), not the prior's": {
  "passed": 31,
  "failed": 1,
  "failed_tests": [
   "test_d_TRAINING_forwards_with_withheld_rows_still_emit_P_plus_Delta"
  ],
  "exit": 1
 },
 "M4 NEW-1's keys dropped from RefCModel.DECODER_PASSTHROUGH (the A16 whitelist class)": {
  "passed": 18,
  "failed": 14,
  "failed_tests": [
   "test_A2_MUTATION_Delta_fed_to_selection_goes_RED",
   "test_A2_nav_compliance_and_the_ceiling_rank_the_ABSOLUTE_plan",
   "test_c_off_is_BIT_IDENTICAL_to_refcv6_digest_recorded_on_the_tip",
   "test_d_TRAINING_forwards_with_withheld_rows_still_emit_P_plus_Delta",
   "test_d_a_residual_checkpoint_reloads_STRICTLY_and_replays_bit_identically",
   "test_d_the_model_emits_P_plus_Delta_and_the_zero_anchor_IS_P[cv_yawrate]",
   "test_d_the_model_emits_P_plus_Delta_and_the_zero_anchor_IS_P[ha0_ext]",
   "test_d_the_model_emits_P_plus_Delta_and_the_zero_anchor_IS_P[ha0_ext_pose]",
   "test_d_the_trainers_OWN_loss_runs_with_every_term_live",
   "test_e_MUTATION_a_FAN_rolled_without_the_prior_is_caught",
   "test_e_MUTATION_a_roll_that_drops_the_prior_is_caught",
   "test_e_MUTATION_exporting_the_residual_controls_is_caught",
   "test_gdvb_entry_reads_the_BUILT_prior_and_goes_RED_when_it_is_lost",
   "test_passthrough_carries_the_prior_and_a_dropped_key_goes_RED"
  ],
  "exit": 1
 },
 "M8 the trainer's F3 cascade re-rolls without the prior": {
  "passed": 29,
  "failed": 3,
  "failed_tests": [
   "test_c_off_is_BIT_IDENTICAL_to_refcv6_digest_recorded_on_the_tip",
   "test_d_the_trainers_OWN_loss_runs_with_every_term_live",
   "test_passthrough_carries_the_prior_and_a_dropped_key_goes_RED"
  ],
  "exit": 1
 },
 "restored_baseline": {
  "passed": 32,
  "failed": 0,
  "failed_tests": [],
  "exit": 0
 }
}
