[parity] ⚠ *train* cache: physicalai-train-e438721ae894 SUBSET — 152 of 2376 episodes (2224 absent). This is admissible ONLY as a deliberate episode-subset run; it is NOT strict parity and must not be cross-compared with full-corpus arms.
[refc] train: 152 episodes / 25966 windows from /home/nvidia/epcache_prefix/physicalai-train-e438721ae894 (mode=diffusion)
{"d_sel": {"sel_on": false, "sel_refined": false, "sel_reach_clamp": false, "sel_accel_max": 2.5, "horizon_s": 2.0, "graft_cons": false, "cons_detach": true, "graft_route": false, "seam_clamp": 0.0, "graft_goal": false, "goal_provenance": null, "ego_valid_channel": false, "labels": "v1", "mode": "diffusion", "n_selection_params": 0, "n_goal_params": 0, "s1_inert_because_classifier_mode": false}}
{"step": 0, "loss": 14.06166, "traj": 3.86643, "cls": 8.5968, "law": 2.73725, "route": 0.74132, "man": 1.5568, "speed_cls": 0.0, "speed_mae": 0.0, "anchor_acc": 0.0, "man_acc": 0.25, "route_acc": 0.66667, "route_valid_frac": 0.3, "nav_follow_frac": 0.9, "gnorm": 223.6205, "lr": 5.0000000000000004e-08, "data_s": 1.9, "step_s": 7.5}
{"step": 1, "loss": 14.85194, "traj": 5.06553, "cls": 8.14162, "law": 2.69673, "route": 1.41712, "man": 1.54705, "speed_cls": 0.0, "speed_mae": 0.0, "anchor_acc": 0.0, "man_acc": 0.1, "route_acc": 0.6, "route_valid_frac": 0.25, "nav_follow_frac": 0.9, "gnorm": 211.5486, "lr": 1.0000000000000001e-07, "data_s": 0.0, "step_s": 1.5}
{"step": 2, "loss": 14.50753, "traj": 5.63298, "cls": 7.302, "law": 2.68891, "route": 0.69621, "man": 1.58481, "speed_cls": 0.0, "speed_mae": 0.0, "anchor_acc": 0.0, "man_acc": 0.15, "route_acc": 0.75, "route_valid_frac": 0.4, "nav_follow_frac": 0.9, "gnorm": 202.572, "lr": 1.5000000000000002e-07, "data_s": 0.0, "step_s": 1.5}
{"step": 3, "loss": 14.58457, "traj": 5.43074, "cls": 7.56552, "law": 2.72174, "route": 0.71734, "man": 1.55707, "speed_cls": 0.0, "speed_mae": 0.0, "anchor_acc": 0.0, "man_acc": 0.1, "route_acc": 0.83333, "route_valid_frac": 0.3, "nav_follow_frac": 0.95, "gnorm": 205.5652, "lr": 2.0000000000000002e-07, "data_s": 0.0, "step_s": 1.5}
{"step": 4, "loss": 13.70663, "traj": 3.83594, "cls": 8.26629, "law": 2.695, "route": 0.99732, "man": 1.57172, "speed_cls": 0.0, "speed_mae": 0.0, "anchor_acc": 0.0, "man_acc": 0.05, "route_acc": 0.75, "route_valid_frac": 0.2, "nav_follow_frac": 0.95, "gnorm": 219.5751, "lr": 2.5e-07, "data_s": 0.0, "step_s": 1.5}
{"step": 5, "loss": 14.70547, "traj": 5.3774, "cls": 7.75883, "law": 2.63836, "route": 0.88742, "man": 1.61307, "speed_cls": 0.0, "speed_mae": 0.0, "anchor_acc": 0.0, "man_acc": 0.1, "route_acc": 0.66667, "route_valid_frac": 0.45, "nav_follow_frac": 0.85, "gnorm": 204.2817, "lr": 3.0000000000000004e-07, "data_s": 0.0, "step_s": 1.5}
{"step": 6, "loss": 14.14461, "traj": 4.32621, "cls": 8.22548, "law": 2.76202, "route": 0.449, "man": 1.67017, "speed_cls": 0.0, "speed_mae": 0.0, "anchor_acc": 0.0, "man_acc": 0.15, "route_acc": 1.0, "route_valid_frac": 0.1, "nav_follow_frac": 1.0, "gnorm": 215.9079, "lr": 3.5e-07, "data_s": 0.0, "step_s": 1.5}
{"step": 7, "loss": 14.38377, "traj": 4.46081, "cls": 8.34347, "law": 2.66338, "route": 0.86458, "man": 1.61335, "speed_cls": 0.0, "speed_mae": 0.0, "anchor_acc": 0.0, "man_acc": 0.1, "route_acc": 0.66667, "route_valid_frac": 0.45, "nav_follow_frac": 0.85, "gnorm": 217.15, "lr": 4.0000000000000003e-07, "data_s": 0.0, "step_s": 1.5}
{"step": 8, "loss": 14.944, "traj": 5.31599, "cls": 8.10416, "law": 2.66119, "route": 0.37177, "man": 1.56076, "speed_cls": 0.0, "speed_mae": 0.0, "anchor_acc": 0.0, "man_acc": 0.1, "route_acc": 1.0, "route_valid_frac": 0.25, "nav_follow_frac": 1.0, "gnorm": 210.952, "lr": 4.5000000000000003e-07, "data_s": 0.0, "step_s": 1.5}
{"step": 9, "loss": 14.37191, "traj": 4.84902, "cls": 7.9275, "law": 2.65864, "route": 1.0458, "man": 1.61486, "speed_cls": 0.0, "speed_mae": 0.0, "anchor_acc": 0.0, "man_acc": 0.05, "route_acc": 0.66667, "route_valid_frac": 0.15, "nav_follow_frac": 0.95, "gnorm": 209.2125, "lr": 5e-07, "data_s": 0.0, "step_s": 1.5}
{"step": 10, "loss": 14.82702, "traj": 5.21201, "cls": 7.97309, "law": 2.76537, "route": 0.94797, "man": 1.64438, "speed_cls": 0.0, "speed_mae": 0.0, "anchor_acc": 0.0, "man_acc": 0.15, "route_acc": 0.6, "route_valid_frac": 0.25, "nav_follow_frac": 0.9, "gnorm": 219.6264, "lr": 5.5e-07, "data_s": 0.0, "step_s": 1.5}
{"step": 11, "loss": 14.26123, "traj": 4.78035, "cls": 7.91074, "law": 2.58651, "route": 1.13293, "man": 1.63593, "speed_cls": 0.0, "speed_mae": 0.0, "anchor_acc": 0.0, "man_acc": 0.15, "route_acc": 0.5, "route_valid_frac": 0.3, "nav_follow_frac": 0.85, "gnorm": 206.4774, "lr": 6.000000000000001e-07, "data_s": 0.0, "step_s": 1.5}
{"step": 12, "loss": 14.80385, "traj": 6.08392, "cls": 7.22206, "law": 2.59279, "route": 0.39121, "man": 1.62341, "speed_cls": 0.0, "speed_mae": 0.0, "anchor_acc": 0.0, "man_acc": 0.1, "route_acc": 1.0, "route_valid_frac": 0.2, "nav_follow_frac": 1.0, "gnorm": 201.9032, "lr": 6.500000000000001e-07, "data_s": 0.0, "step_s": 1.5}
{"step": 13, "loss": 13.65837, "traj": 4.12391, "cls": 7.86886, "law": 2.73465, "route": 1.35708, "man": 1.62559, "speed_cls": 0.0, "speed_mae": 0.0, "anchor_acc": 0.0, "man_acc": 0.05, "route_acc": 0.5, "route_valid_frac": 0.4, "nav_follow_frac": 0.8, "gnorm": 208.226, "lr": 7e-07, "data_s": 0.0, "step_s": 1.5}
{"step": 14, "loss": 14.21244, "traj": 4.49058, "cls": 8.20149, "law": 2.5966, "route": 0.63728, "man": 1.58342, "speed_cls": 0.0, "speed_mae": 0.0, "anchor_acc": 0.0, "man_acc": 0.15, "route_acc": 0.875, "route_valid_frac": 0.4, "nav_follow_frac": 0.95, "gnorm": 207.3179, "lr": 7.5e-07, "data_s": 0.0, "step_s": 1.5}
{"step": 15, "loss": 15.25873, "traj": 5.83262, "cls": 7.86118, "law": 2.56201, "route": 1.2467, "man": 1.59252, "speed_cls": 0.0, "speed_mae": 0.0, "anchor_acc": 0.0, "man_acc": 0.15, "route_acc": 0.4, "route_valid_frac": 0.25, "nav_follow_frac": 0.85, "gnorm": 197.8115, "lr": 8.000000000000001e-07, "data_s": 0.0, "step_s": 1.5}
{"step": 16, "loss": 14.73787, "traj": 6.26806, "cls": 6.88128, "law": 2.70543, "route": 0.78858, "man": 1.56959, "speed_cls": 0.0, "speed_mae": 0.0, "anchor_acc": 0.0, "man_acc": 0.15, "route_acc": 0.75, "route_valid_frac": 0.2, "nav_follow_frac": 0.95, "gnorm": 209.1259, "lr": 8.5e-07, "data_s": 0.0, "step_s": 1.5}
{"step": 17, "loss": 13.93124, "traj": 4.55178, "cls": 7.78722, "law": 2.66315, "route": 1.022, "man": 1.58465, "speed_cls": 0.0, "speed_mae": 0.0, "anchor_acc": 0.0, "man_acc": 0.15, "route_acc": 0.6, "route_valid_frac": 0.25, "nav_follow_frac": 0.9, "gnorm": 212.8667, "lr": 9.000000000000001e-07, "data_s": 0.0, "step_s": 1.5}
{"step": 18, "loss": 14.50737, "traj": 5.20472, "cls": 7.75661, "law": 2.59258, "route": 0.90099, "man": 1.59647, "speed_cls": 0.0, "speed_mae": 0.0, "anchor_acc": 0.0, "man_acc": 0.2, "route_acc": 0.6, "route_valid_frac": 0.25, "nav_follow_frac": 0.9, "gnorm": 204.3629, "lr": 9.5e-07, "data_s": 0.0, "step_s": 1.5}
{"step": 19, "loss": 14.24609, "traj": 4.64106, "cls": 8.01794, "law": 2.66341, "route": 0.92436, "man": 1.6294, "speed_cls": 0.0, "speed_mae": 0.0, "anchor_acc": 0.0, "man_acc": 0.1, "route_acc": 0.66667, "route_valid_frac": 0.15, "nav_follow_frac": 0.95, "gnorm": 212.7117, "lr": 1e-06, "data_s": 0.0, "step_s": 1.5}
{"step": 20, "loss": 13.78688, "traj": 3.95746, "cls": 8.25376, "law": 2.6306, "route": 1.04499, "man": 1.55855, "speed_cls": 0.0, "speed_mae": 0.0, "anchor_acc": 0.0, "man_acc": 0.15, "route_acc": 0.5, "route_valid_frac": 0.2, "nav_follow_frac": 0.9, "gnorm": 215.5672, "lr": 1.0500000000000001e-06, "data_s": 0.0, "step_s": 1.5}
{"step": 21, "loss": 13.82371, "traj": 3.95972, "cls": 8.30912, "law": 2.60334, "route": 0.97383, "man": 1.55821, "speed_cls": 0.0, "speed_mae": 0.0, "anchor_acc": 0.0, "man_acc": 0.2, "route_acc": 0.6, "route_valid_frac": 0.25, "nav_follow_frac": 0.9, "gnorm": 207.3197, "lr": 1.1e-06, "data_s": 0.0, "step_s": 1.5}
{"step": 22, "loss": 14.07604, "traj": 4.06515, "cls": 8.43394, "law": 2.62072, "route": 1.0755, "man": 1.59036, "speed_cls": 0.0, "speed_mae": 0.0, "anchor_acc": 0.0, "man_acc": 0.15, "route_acc": 0.5, "route_valid_frac": 0.3, "nav_follow_frac": 0.85, "gnorm": 215.885, "lr": 1.15e-06, "data_s": 0.0, "step_s": 1.5}
{"step": 23, "loss": 14.06094, "traj": 3.17435, "cls": 9.17253, "law": 2.8403, "route": 1.38753, "man": 1.55158, "speed_cls": 0.0, "speed_mae": 0.0, "anchor_acc": 0.0, "man_acc": 0.3, "route_acc": 0.2, "route_valid_frac": 0.25, "nav_follow_frac": 0.8, "gnorm": 242.6362, "lr": 1.2000000000000002e-06, "data_s": 0.0, "step_s": 1.5}
[ckpt] saved at step 23
[parity] *val* cache: physicalai-val-0c5f7dac3b11 count OK (40/600) — NO uid digest committed for this split, so this is a COUNT-ONLY check. Upgrade it once on a pod: scripts/make_parity_manifest.py --record --split val --cache-dir <verified cache>
{"done": true, "steps": 24, "out": "/tmp/refc_b20"}
=== RUN RECORD ===
{
  "argv": [
    "--data-root",
    "/home/nvidia/epcache_prefix",
    "--out",
    "/tmp/refc_b20",
    "--steps",
    "24",
    "--config",
    "base",
    "--mode",
    "diffusion",
    "--batch",
    "20",
    "--workers",
    "2",
    "--log-every",
    "1",
    "--save-every",
    "1000000",
    "--episodes",
    "152"
  ],
  "wall_seconds": 46.5,
  "steps": 24,
  "batch": 20,
  "workers": 2,
  "s_per_step_incl_setup": 1.938,
  "cuda_max_memory_allocated_B": 16465308672,
  "cuda_max_memory_allocated_GB": 16.47,
  "cuda_max_memory_reserved_GB": 18.16,
  "n_params_trainable": 104191577,
  "final_log": {
    "step": 23,
    "loss": 14.06094,
    "traj": 3.17435,
    "cls": 9.17253,
    "law": 2.8403,
    "route": 1.38753,
    "man": 1.55158,
    "speed_cls": 0.0,
    "speed_mae": 0.0,
    "anchor_acc": 0.0,
    "man_acc": 0.3,
    "route_acc": 0.2,
    "route_valid_frac": 0.25,
    "nav_follow_frac": 0.8,
    "gnorm": 242.6362,
    "lr": 1.2000000000000002e-06,
    "data_s": 0.0,
    "step_s": 1.5
  },
  "val": {
    "traj": 1.12258,
    "cls": 9.1082,
    "law": 1.05852,
    "route": 0.48336,
    "man": 1.50925,
    "speed_cls": 0.0,
    "speed_mae": 0.0,
    "anchor_acc": 0.0,
    "man_acc": 0.0,
    "route_acc": 1.0,
    "route_valid_frac": 1.0,
    "nav_follow_frac": 1.0
  },
  "OMP_NUM_THREADS": "6",
  "torch": "2.13.0+cu130",
  "device_name": "NVIDIA Thor"
}
