[2026-09-20 09:53:26,495][navsim.planning.script.builders.worker_pool_builder][INFO] - Building WorkerPool...
[2026-09-20 09:53:26,495][nuplan.planning.utils.multithreading.worker_pool][INFO] - Worker: Sequential
[2026-09-20 09:53:26,504][nuplan.planning.utils.multithreading.worker_pool][INFO] - Number of nodes: 1
Number of CPUs per node: 1
Number of GPUs per node: 0
Number of threads across all nodes: 1
[2026-09-20 09:53:26,504][navsim.planning.script.builders.worker_pool_builder][INFO] - Building WorkerPool...DONE!
[2026-09-20 09:53:27,657][navsim.planning.script.run_pdm_score][INFO] - Starting pdm scoring of 220 scenarios...
[2026-09-20 09:53:27,659][navsim.planning.script.run_pdm_score][INFO] - Starting worker in thread_id=972966e1-92ee-4d0a-9104-007285086165, node_id=0
[2026-09-20 09:53:28,592][navsim.planning.script.run_pdm_score][INFO] - Processing stage one reactive scenario 1 / 16 in thread_id=972966e1-92ee-4d0a-9104-007285086165, node_id=0
[2026-09-20 09:53:30,247][navsim.planning.script.run_pdm_score][INFO] - Processing stage one reactive scenario 2 / 16 in thread_id=972966e1-92ee-4d0a-9104-007285086165, node_id=0
[2026-09-20 09:53:30,556][navsim.planning.script.run_pdm_score][INFO] - Processing stage one reactive scenario 3 / 16 in thread_id=972966e1-92ee-4d0a-9104-007285086165, node_id=0
[2026-09-20 09:53:32,157][navsim.planning.script.run_pdm_score][INFO] - Processing stage one reactive scenario 4 / 16 in thread_id=972966e1-92ee-4d0a-9104-007285086165, node_id=0
[2026-09-20 09:53:33,799][navsim.planning.script.run_pdm_score][INFO] - Processing stage one reactive scenario 5 / 16 in thread_id=972966e1-92ee-4d0a-9104-007285086165, node_id=0
[2026-09-20 09:53:34,071][navsim.planning.script.run_pdm_score][INFO] - Processing stage one reactive scenario 6 / 16 in thread_id=972966e1-92ee-4d0a-9104-007285086165, node_id=0
[2026-09-20 09:53:34,307][navsim.planning.script.run_pdm_score][INFO] - Processing stage one reactive scenario 7 / 16 in thread_id=972966e1-92ee-4d0a-9104-007285086165, node_id=0
[2026-09-20 09:53:35,307][navsim.planning.script.run_pdm_score][INFO] - Processing stage one reactive scenario 8 / 16 in thread_id=972966e1-92ee-4d0a-9104-007285086165, node_id=0
[2026-09-20 09:53:37,385][navsim.planning.script.run_pdm_score][INFO] - Processing stage one reactive scenario 9 / 16 in thread_id=972966e1-92ee-4d0a-9104-007285086165, node_id=0
[2026-09-20 09:53:37,525][navsim.planning.script.run_pdm_score][INFO] - Processing stage one reactive scenario 10 / 16 in thread_id=972966e1-92ee-4d0a-9104-007285086165, node_id=0
[2026-09-20 09:53:39,333][navsim.planning.script.run_pdm_score][INFO] - Processing stage one reactive scenario 11 / 16 in thread_id=972966e1-92ee-4d0a-9104-007285086165, node_id=0
[2026-09-20 09:53:39,413][navsim.planning.script.run_pdm_score][INFO] - Processing stage one reactive scenario 12 / 16 in thread_id=972966e1-92ee-4d0a-9104-007285086165, node_id=0
[2026-09-20 09:53:41,221][navsim.planning.script.run_pdm_score][INFO] - Processing stage one reactive scenario 13 / 16 in thread_id=972966e1-92ee-4d0a-9104-007285086165, node_id=0
[2026-09-20 09:53:43,023][navsim.planning.script.run_pdm_score][INFO] - Processing stage one reactive scenario 14 / 16 in thread_id=972966e1-92ee-4d0a-9104-007285086165, node_id=0
[2026-09-20 09:53:43,106][navsim.planning.script.run_pdm_score][INFO] - Processing stage one reactive scenario 15 / 16 in thread_id=972966e1-92ee-4d0a-9104-007285086165, node_id=0
[2026-09-20 09:53:45,316][navsim.planning.script.run_pdm_score][INFO] - Processing stage one reactive scenario 16 / 16 in thread_id=972966e1-92ee-4d0a-9104-007285086165, node_id=0
[2026-09-20 09:53:47,538][navsim.planning.script.run_pdm_score][INFO] - Processing stage two reactive scenario 1 / 204 in thread_id=972966e1-92ee-4d0a-9104-007285086165, node_id=0
[2026-09-20 09:53:47,705][navsim.planning.script.run_pdm_score][INFO] - Processing stage two reactive scenario 2 / 204 in thread_id=972966e1-92ee-4d0a-9104-007285086165, node_id=0
[2026-09-20 09:53:48,356][navsim.planning.script.run_pdm_score][INFO] - Processing stage two reactive scenario 3 / 204 in thread_id=972966e1-92ee-4d0a-9104-007285086165, node_id=0
[2026-09-20 09:53:48,480][navsim.planning.script.run_pdm_score][INFO] - Processing stage two reactive scenario 4 / 204 in thread_id=972966e1-92ee-4d0a-9104-007285086165, node_id=0
[2026-09-20 09:53:48,982][navsim.planning.script.run_pdm_score][INFO] - Processing stage two reactive scenario 5 / 204 in thread_id=972966e1-92ee-4d0a-9104-007285086165, node_id=0
[2026-09-20 09:53:49,595][navsim.planning.script.run_pdm_score][INFO] - Processing stage two reactive scenario 6 / 204 in thread_id=972966e1-92ee-4d0a-9104-007285086165, node_id=0
[2026-09-20 09:53:50,205][navsim.planning.script.run_pdm_score][INFO] - Processing stage two reactive scenario 7 / 204 in thread_id=972966e1-92ee-4d0a-9104-007285086165, node_id=0
[2026-09-20 09:53:51,046][navsim.planning.script.run_pdm_score][INFO] - Processing stage two reactive scenario 8 / 204 in thread_id=972966e1-92ee-4d0a-9104-007285086165, node_id=0
[2026-09-20 09:53:51,696][navsim.planning.script.run_pdm_score][INFO] - Processing stage two reactive scenario 9 / 204 in thread_id=972966e1-92ee-4d0a-9104-007285086165, node_id=0
[2026-09-20 09:53:52,297][navsim.planning.script.run_pdm_score][INFO] - Processing stage two reactive scenario 10 / 204 in thread_id=972966e1-92ee-4d0a-9104-007285086165, node_id=0
[2026-09-20 09:53:52,364][navsim.planning.script.run_pdm_score][INFO] - Processing stage two reactive scenario 11 / 204 in thread_id=972966e1-92ee-4d0a-9104-007285086165, node_id=0
[2026-09-20 09:53:53,269][navsim.planning.script.run_pdm_score][INFO] - Processing stage two reactive scenario 12 / 204 in thread_id=972966e1-92ee-4d0a-9104-007285086165, node_id=0
[2026-09-20 09:53:54,114][navsim.planning.script.run_pdm_score][INFO] - Processing stage two reactive scenario 13 / 204 in thread_id=972966e1-92ee-4d0a-9104-007285086165, node_id=0
[2026-09-20 09:53:55,041][navsim.planning.script.run_pdm_score][INFO] - Processing stage two reactive scenario 14 / 204 in thread_id=972966e1-92ee-4d0a-9104-007285086165, node_id=0
[2026-09-20 09:53:55,952][navsim.planning.script.run_pdm_score][INFO] - Processing stage two reactive scenario 15 / 204 in thread_id=972966e1-92ee-4d0a-9104-007285086165, node_id=0
[2026-09-20 09:53:56,100][navsim.planning.script.run_pdm_score][INFO] - Processing stage two reactive scenario 16 / 204 in thread_id=972966e1-92ee-4d0a-9104-007285086165, node_id=0
[2026-09-20 09:53:56,900][navsim.planning.script.run_pdm_score][INFO] - Processing stage two reactive scenario 17 / 204 in thread_id=972966e1-92ee-4d0a-9104-007285086165, node_id=0
[2026-09-20 09:53:57,584][navsim.planning.script.run_pdm_score][INFO] - Processing stage two reactive scenario 18 / 204 in thread_id=972966e1-92ee-4d0a-9104-007285086165, node_id=0
[2026-09-20 09:53:58,249][navsim.planning.script.run_pdm_score][INFO] - Processing stage two reactive scenario 19 / 204 in thread_id=972966e1-92ee-4d0a-9104-007285086165, node_id=0
[2026-09-20 09:53:58,954][navsim.planning.script.run_pdm_score][INFO] - Processing stage two reactive scenario 20 / 204 in thread_id=972966e1-92ee-4d0a-9104-007285086165, node_id=0
[2026-09-20 09:53:59,787][navsim.planning.script.run_pdm_score][INFO] - Processing stage two reactive scenario 21 / 204 in thread_id=972966e1-92ee-4d0a-9104-007285086165, node_id=0
[2026-09-20 09:54:00,640][navsim.planning.script.run_pdm_score][INFO] - Processing stage two reactive scenario 22 / 204 in thread_id=972966e1-92ee-4d0a-9104-007285086165, node_id=0
[2026-09-20 09:54:01,585][navsim.planning.script.run_pdm_score][INFO] - Processing stage two reactive scenario 23 / 204 in thread_id=972966e1-92ee-4d0a-9104-007285086165, node_id=0
[2026-09-20 09:54:02,511][navsim.planning.script.run_pdm_score][INFO] - Processing stage two reactive scenario 24 / 204 in thread_id=972966e1-92ee-4d0a-9104-007285086165, node_id=0
[2026-09-20 09:54:03,523][navsim.planning.script.run_pdm_score][INFO] - Processing stage two reactive scenario 25 / 204 in thread_id=972966e1-92ee-4d0a-9104-007285086165, node_id=0
[2026-09-20 09:54:04,481][navsim.planning.script.run_pdm_score][INFO] - Processing stage two reactive scenario 26 / 204 in thread_id=972966e1-92ee-4d0a-9104-007285086165, node_id=0
[2026-09-20 09:54:05,363][navsim.planning.script.run_pdm_score][INFO] - Processing stage two reactive scenario 27 / 204 in thread_id=972966e1-92ee-4d0a-9104-007285086165, node_id=0
[2026-09-20 09:54:05,440][navsim.planning.script.run_pdm_score][INFO] - Processing stage two reactive scenario 28 / 204 in thread_id=972966e1-92ee-4d0a-9104-007285086165, node_id=0
[2026-09-20 09:54:05,591][navsim.planning.script.run_pdm_score][INFO] - Processing stage two reactive scenario 29 / 204 in thread_id=972966e1-92ee-4d0a-9104-007285086165, node_id=0
[2026-09-20 09:54:06,569][navsim.planning.script.run_pdm_score][INFO] - Processing stage two reactive scenario 30 / 204 in thread_id=972966e1-92ee-4d0a-9104-007285086165, node_id=0
[2026-09-20 09:54:06,630][navsim.planning.script.run_pdm_score][INFO] - Processing stage two reactive scenario 31 / 204 in thread_id=972966e1-92ee-4d0a-9104-007285086165, node_id=0
[2026-09-20 09:54:06,694][navsim.planning.script.run_pdm_score][INFO] - Processing stage two reactive scenario 32 / 204 in thread_id=972966e1-92ee-4d0a-9104-007285086165, node_id=0
[2026-09-20 09:54:07,512][navsim.planning.script.run_pdm_score][INFO] - Processing stage two reactive scenario 33 / 204 in thread_id=972966e1-92ee-4d0a-9104-007285086165, node_id=0
[2026-09-20 09:54:07,659][navsim.planning.script.run_pdm_score][INFO] - Processing stage two reactive scenario 34 / 204 in thread_id=972966e1-92ee-4d0a-9104-007285086165, node_id=0
[2026-09-20 09:54:08,479][navsim.planning.script.run_pdm_score][INFO] - Processing stage two reactive scenario 35 / 204 in thread_id=972966e1-92ee-4d0a-9104-007285086165, node_id=0
[2026-09-20 09:54:09,319][navsim.planning.script.run_pdm_score][INFO] - Processing stage two reactive scenario 36 / 204 in thread_id=972966e1-92ee-4d0a-9104-007285086165, node_id=0
[2026-09-20 09:54:10,212][navsim.planning.script.run_pdm_score][INFO] - Processing stage two reactive scenario 37 / 204 in thread_id=972966e1-92ee-4d0a-9104-007285086165, node_id=0
[2026-09-20 09:54:10,358][navsim.planning.script.run_pdm_score][INFO] - Processing stage two reactive scenario 38 / 204 in thread_id=972966e1-92ee-4d0a-9104-007285086165, node_id=0
[2026-09-20 09:54:10,824][navsim.planning.script.run_pdm_score][INFO] - Processing stage two reactive scenario 39 / 204 in thread_id=972966e1-92ee-4d0a-9104-007285086165, node_id=0
[2026-09-20 09:54:10,886][navsim.planning.script.run_pdm_score][INFO] - Processing stage two reactive scenario 40 / 204 in thread_id=972966e1-92ee-4d0a-9104-007285086165, node_id=0
[2026-09-20 09:54:11,551][navsim.planning.script.run_pdm_score][INFO] - Processing stage two reactive scenario 41 / 204 in thread_id=972966e1-92ee-4d0a-9104-007285086165, node_id=0
[2026-09-20 09:54:12,010][navsim.planning.script.run_pdm_score][INFO] - Processing stage two reactive scenario 42 / 204 in thread_id=972966e1-92ee-4d0a-9104-007285086165, node_id=0
[2026-09-20 09:54:12,505][navsim.planning.script.run_pdm_score][INFO] - Processing stage two reactive scenario 43 / 204 in thread_id=972966e1-92ee-4d0a-9104-007285086165, node_id=0
[2026-09-20 09:54:12,764][navsim.planning.script.run_pdm_score][INFO] - Processing stage two reactive scenario 44 / 204 in thread_id=972966e1-92ee-4d0a-9104-007285086165, node_id=0
[2026-09-20 09:54:12,837][navsim.planning.script.run_pdm_score][INFO] - Processing stage two reactive scenario 45 / 204 in thread_id=972966e1-92ee-4d0a-9104-007285086165, node_id=0
[2026-09-20 09:54:12,980][navsim.planning.script.run_pdm_score][INFO] - Processing stage two reactive scenario 46 / 204 in thread_id=972966e1-92ee-4d0a-9104-007285086165, node_id=0
[2026-09-20 09:54:13,533][navsim.planning.script.run_pdm_score][INFO] - Processing stage two reactive scenario 47 / 204 in thread_id=972966e1-92ee-4d0a-9104-007285086165, node_id=0
[2026-09-20 09:54:13,678][navsim.planning.script.run_pdm_score][INFO] - Processing stage two reactive scenario 48 / 204 in thread_id=972966e1-92ee-4d0a-9104-007285086165, node_id=0
[2026-09-20 09:54:14,563][navsim.planning.script.run_pdm_score][INFO] - Processing stage two reactive scenario 49 / 204 in thread_id=972966e1-92ee-4d0a-9104-007285086165, node_id=0
[2026-09-20 09:54:14,632][navsim.planning.script.run_pdm_score][INFO] - Processing stage two reactive scenario 50 / 204 in thread_id=972966e1-92ee-4d0a-9104-007285086165, node_id=0
[2026-09-20 09:54:15,532][navsim.planning.script.run_pdm_score][INFO] - Processing stage two reactive scenario 51 / 204 in thread_id=972966e1-92ee-4d0a-9104-007285086165, node_id=0
[2026-09-20 09:54:15,583][navsim.planning.script.run_pdm_score][INFO] - Processing stage two reactive scenario 52 / 204 in thread_id=972966e1-92ee-4d0a-9104-007285086165, node_id=0
[2026-09-20 09:54:16,257][navsim.planning.script.run_pdm_score][INFO] - Processing stage two reactive scenario 53 / 204 in thread_id=972966e1-92ee-4d0a-9104-007285086165, node_id=0
[2026-09-20 09:54:17,117][navsim.planning.script.run_pdm_score][INFO] - Processing stage two reactive scenario 54 / 204 in thread_id=972966e1-92ee-4d0a-9104-007285086165, node_id=0
[2026-09-20 09:54:17,801][navsim.planning.script.run_pdm_score][INFO] - Processing stage two reactive scenario 55 / 204 in thread_id=972966e1-92ee-4d0a-9104-007285086165, node_id=0
[2026-09-20 09:54:18,787][navsim.planning.script.run_pdm_score][INFO] - Processing stage two reactive scenario 56 / 204 in thread_id=972966e1-92ee-4d0a-9104-007285086165, node_id=0
[2026-09-20 09:54:19,613][navsim.planning.script.run_pdm_score][INFO] - Processing stage two reactive scenario 57 / 204 in thread_id=972966e1-92ee-4d0a-9104-007285086165, node_id=0
[2026-09-20 09:54:20,286][navsim.planning.script.run_pdm_score][INFO] - Processing stage two reactive scenario 58 / 204 in thread_id=972966e1-92ee-4d0a-9104-007285086165, node_id=0
[2026-09-20 09:54:20,351][navsim.planning.script.run_pdm_score][INFO] - Processing stage two reactive scenario 59 / 204 in thread_id=972966e1-92ee-4d0a-9104-007285086165, node_id=0
[2026-09-20 09:54:20,486][navsim.planning.script.run_pdm_score][INFO] - Processing stage two reactive scenario 60 / 204 in thread_id=972966e1-92ee-4d0a-9104-007285086165, node_id=0
[2026-09-20 09:54:21,397][navsim.planning.script.run_pdm_score][INFO] - Processing stage two reactive scenario 61 / 204 in thread_id=972966e1-92ee-4d0a-9104-007285086165, node_id=0
[2026-09-20 09:54:22,054][navsim.planning.script.run_pdm_score][INFO] - Processing stage two reactive scenario 62 / 204 in thread_id=972966e1-92ee-4d0a-9104-007285086165, node_id=0
[2026-09-20 09:54:22,523][navsim.planning.script.run_pdm_score][INFO] - Processing stage two reactive scenario 63 / 204 in thread_id=972966e1-92ee-4d0a-9104-007285086165, node_id=0
[2026-09-20 09:54:22,597][navsim.planning.script.run_pdm_score][INFO] - Processing stage two reactive scenario 64 / 204 in thread_id=972966e1-92ee-4d0a-9104-007285086165, node_id=0
[2026-09-20 09:54:23,496][navsim.planning.script.run_pdm_score][INFO] - Processing stage two reactive scenario 65 / 204 in thread_id=972966e1-92ee-4d0a-9104-007285086165, node_id=0
[2026-09-20 09:54:24,544][navsim.planning.script.run_pdm_score][INFO] - Processing stage two reactive scenario 66 / 204 in thread_id=972966e1-92ee-4d0a-9104-007285086165, node_id=0
[2026-09-20 09:54:24,684][navsim.planning.script.run_pdm_score][INFO] - Processing stage two reactive scenario 67 / 204 in thread_id=972966e1-92ee-4d0a-9104-007285086165, node_id=0
[2026-09-20 09:54:25,611][navsim.planning.script.run_pdm_score][INFO] - Processing stage two reactive scenario 68 / 204 in thread_id=972966e1-92ee-4d0a-9104-007285086165, node_id=0
[2026-09-20 09:54:25,669][navsim.planning.script.run_pdm_score][INFO] - Processing stage two reactive scenario 69 / 204 in thread_id=972966e1-92ee-4d0a-9104-007285086165, node_id=0
[2026-09-20 09:54:26,000][navsim.planning.script.run_pdm_score][INFO] - Processing stage two reactive scenario 70 / 204 in thread_id=972966e1-92ee-4d0a-9104-007285086165, node_id=0
[2026-09-20 09:54:26,138][navsim.planning.script.run_pdm_score][INFO] - Processing stage two reactive scenario 71 / 204 in thread_id=972966e1-92ee-4d0a-9104-007285086165, node_id=0
[2026-09-20 09:54:26,817][navsim.planning.script.run_pdm_score][INFO] - Processing stage two reactive scenario 72 / 204 in thread_id=972966e1-92ee-4d0a-9104-007285086165, node_id=0
[2026-09-20 09:54:27,750][navsim.planning.script.run_pdm_score][INFO] - Processing stage two reactive scenario 73 / 204 in thread_id=972966e1-92ee-4d0a-9104-007285086165, node_id=0
[2026-09-20 09:54:28,304][navsim.planning.script.run_pdm_score][INFO] - Processing stage two reactive scenario 74 / 204 in thread_id=972966e1-92ee-4d0a-9104-007285086165, node_id=0
[2026-09-20 09:54:28,860][navsim.planning.script.run_pdm_score][INFO] - Processing stage two reactive scenario 75 / 204 in thread_id=972966e1-92ee-4d0a-9104-007285086165, node_id=0
[2026-09-20 09:54:29,578][navsim.planning.script.run_pdm_score][INFO] - Processing stage two reactive scenario 76 / 204 in thread_id=972966e1-92ee-4d0a-9104-007285086165, node_id=0
[2026-09-20 09:54:30,178][navsim.planning.script.run_pdm_score][INFO] - Processing stage two reactive scenario 77 / 204 in thread_id=972966e1-92ee-4d0a-9104-007285086165, node_id=0
[2026-09-20 09:54:30,247][navsim.planning.script.run_pdm_score][INFO] - Processing stage two reactive scenario 78 / 204 in thread_id=972966e1-92ee-4d0a-9104-007285086165, node_id=0
[2026-09-20 09:54:31,117][navsim.planning.script.run_pdm_score][INFO] - Processing stage two reactive scenario 79 / 204 in thread_id=972966e1-92ee-4d0a-9104-007285086165, node_id=0
[2026-09-20 09:54:31,996][navsim.planning.script.run_pdm_score][INFO] - Processing stage two reactive scenario 80 / 204 in thread_id=972966e1-92ee-4d0a-9104-007285086165, node_id=0
[2026-09-20 09:54:32,063][navsim.planning.script.run_pdm_score][INFO] - Processing stage two reactive scenario 81 / 204 in thread_id=972966e1-92ee-4d0a-9104-007285086165, node_id=0
[2026-09-20 09:54:32,880][navsim.planning.script.run_pdm_score][INFO] - Processing stage two reactive scenario 82 / 204 in thread_id=972966e1-92ee-4d0a-9104-007285086165, node_id=0
[2026-09-20 09:54:33,870][navsim.planning.script.run_pdm_score][INFO] - Processing stage two reactive scenario 83 / 204 in thread_id=972966e1-92ee-4d0a-9104-007285086165, node_id=0
[2026-09-20 09:54:34,686][navsim.planning.script.run_pdm_score][INFO] - Processing stage two reactive scenario 84 / 204 in thread_id=972966e1-92ee-4d0a-9104-007285086165, node_id=0
[2026-09-20 09:54:35,495][navsim.planning.script.run_pdm_score][INFO] - Processing stage two reactive scenario 85 / 204 in thread_id=972966e1-92ee-4d0a-9104-007285086165, node_id=0
[2026-09-20 09:54:36,287][navsim.planning.script.run_pdm_score][INFO] - Processing stage two reactive scenario 86 / 204 in thread_id=972966e1-92ee-4d0a-9104-007285086165, node_id=0
[2026-09-20 09:54:36,867][navsim.planning.script.run_pdm_score][INFO] - Processing stage two reactive scenario 87 / 204 in thread_id=972966e1-92ee-4d0a-9104-007285086165, node_id=0
[2026-09-20 09:54:37,770][navsim.planning.script.run_pdm_score][INFO] - Processing stage two reactive scenario 88 / 204 in thread_id=972966e1-92ee-4d0a-9104-007285086165, node_id=0
[2026-09-20 09:54:38,667][navsim.planning.script.run_pdm_score][INFO] - Processing stage two reactive scenario 89 / 204 in thread_id=972966e1-92ee-4d0a-9104-007285086165, node_id=0
[2026-09-20 09:54:39,327][navsim.planning.script.run_pdm_score][INFO] - Processing stage two reactive scenario 90 / 204 in thread_id=972966e1-92ee-4d0a-9104-007285086165, node_id=0
[2026-09-20 09:54:40,219][navsim.planning.script.run_pdm_score][INFO] - Processing stage two reactive scenario 91 / 204 in thread_id=972966e1-92ee-4d0a-9104-007285086165, node_id=0
[2026-09-20 09:54:41,148][navsim.planning.script.run_pdm_score][INFO] - Processing stage two reactive scenario 92 / 204 in thread_id=972966e1-92ee-4d0a-9104-007285086165, node_id=0
[2026-09-20 09:54:42,052][navsim.planning.script.run_pdm_score][INFO] - Processing stage two reactive scenario 93 / 204 in thread_id=972966e1-92ee-4d0a-9104-007285086165, node_id=0
[2026-09-20 09:54:42,827][navsim.planning.script.run_pdm_score][INFO] - Processing stage two reactive scenario 94 / 204 in thread_id=972966e1-92ee-4d0a-9104-007285086165, node_id=0
[2026-09-20 09:54:43,629][navsim.planning.script.run_pdm_score][INFO] - Processing stage two reactive scenario 95 / 204 in thread_id=972966e1-92ee-4d0a-9104-007285086165, node_id=0
[2026-09-20 09:54:44,606][navsim.planning.script.run_pdm_score][INFO] - Processing stage two reactive scenario 96 / 204 in thread_id=972966e1-92ee-4d0a-9104-007285086165, node_id=0
[2026-09-20 09:54:45,207][navsim.planning.script.run_pdm_score][INFO] - Processing stage two reactive scenario 97 / 204 in thread_id=972966e1-92ee-4d0a-9104-007285086165, node_id=0
[2026-09-20 09:54:46,124][navsim.planning.script.run_pdm_score][INFO] - Processing stage two reactive scenario 98 / 204 in thread_id=972966e1-92ee-4d0a-9104-007285086165, node_id=0
[2026-09-20 09:54:47,208][navsim.planning.script.run_pdm_score][INFO] - Processing stage two reactive scenario 99 / 204 in thread_id=972966e1-92ee-4d0a-9104-007285086165, node_id=0
[2026-09-20 09:54:47,353][navsim.planning.script.run_pdm_score][INFO] - Processing stage two reactive scenario 100 / 204 in thread_id=972966e1-92ee-4d0a-9104-007285086165, node_id=0
[2026-09-20 09:54:48,265][navsim.planning.script.run_pdm_score][INFO] - Processing stage two reactive scenario 101 / 204 in thread_id=972966e1-92ee-4d0a-9104-007285086165, node_id=0
[2026-09-20 09:54:48,947][navsim.planning.script.run_pdm_score][INFO] - Processing stage two reactive scenario 102 / 204 in thread_id=972966e1-92ee-4d0a-9104-007285086165, node_id=0
[2026-09-20 09:54:49,165][navsim.planning.script.run_pdm_score][INFO] - Processing stage two reactive scenario 103 / 204 in thread_id=972966e1-92ee-4d0a-9104-007285086165, node_id=0
[2026-09-20 09:54:50,025][navsim.planning.script.run_pdm_score][INFO] - Processing stage two reactive scenario 104 / 204 in thread_id=972966e1-92ee-4d0a-9104-007285086165, node_id=0
[2026-09-20 09:54:51,028][navsim.planning.script.run_pdm_score][INFO] - Processing stage two reactive scenario 105 / 204 in thread_id=972966e1-92ee-4d0a-9104-007285086165, node_id=0
[2026-09-20 09:54:51,607][navsim.planning.script.run_pdm_score][INFO] - Processing stage two reactive scenario 106 / 204 in thread_id=972966e1-92ee-4d0a-9104-007285086165, node_id=0
[2026-09-20 09:54:52,217][navsim.planning.script.run_pdm_score][INFO] - Processing stage two reactive scenario 107 / 204 in thread_id=972966e1-92ee-4d0a-9104-007285086165, node_id=0
[2026-09-20 09:54:52,279][navsim.planning.script.run_pdm_score][INFO] - Processing stage two reactive scenario 108 / 204 in thread_id=972966e1-92ee-4d0a-9104-007285086165, node_id=0
[2026-09-20 09:54:52,506][navsim.planning.script.run_pdm_score][INFO] - Processing stage two reactive scenario 109 / 204 in thread_id=972966e1-92ee-4d0a-9104-007285086165, node_id=0
[2026-09-20 09:54:53,097][navsim.planning.script.run_pdm_score][INFO] - Processing stage two reactive scenario 110 / 204 in thread_id=972966e1-92ee-4d0a-9104-007285086165, node_id=0
[2026-09-20 09:54:53,930][navsim.planning.script.run_pdm_score][INFO] - Processing stage two reactive scenario 111 / 204 in thread_id=972966e1-92ee-4d0a-9104-007285086165, node_id=0
[2026-09-20 09:54:54,548][navsim.planning.script.run_pdm_score][INFO] - Processing stage two reactive scenario 112 / 204 in thread_id=972966e1-92ee-4d0a-9104-007285086165, node_id=0
[2026-09-20 09:54:54,624][navsim.planning.script.run_pdm_score][INFO] - Processing stage two reactive scenario 113 / 204 in thread_id=972966e1-92ee-4d0a-9104-007285086165, node_id=0
[2026-09-20 09:54:54,687][navsim.planning.script.run_pdm_score][INFO] - Processing stage two reactive scenario 114 / 204 in thread_id=972966e1-92ee-4d0a-9104-007285086165, node_id=0
[2026-09-20 09:54:55,565][navsim.planning.script.run_pdm_score][INFO] - Processing stage two reactive scenario 115 / 204 in thread_id=972966e1-92ee-4d0a-9104-007285086165, node_id=0
[2026-09-20 09:54:55,735][navsim.planning.script.run_pdm_score][INFO] - Processing stage two reactive scenario 116 / 204 in thread_id=972966e1-92ee-4d0a-9104-007285086165, node_id=0
[2026-09-20 09:54:56,610][navsim.planning.script.run_pdm_score][INFO] - Processing stage two reactive scenario 117 / 204 in thread_id=972966e1-92ee-4d0a-9104-007285086165, node_id=0
[2026-09-20 09:54:56,683][navsim.planning.script.run_pdm_score][INFO] - Processing stage two reactive scenario 118 / 204 in thread_id=972966e1-92ee-4d0a-9104-007285086165, node_id=0
[2026-09-20 09:54:57,274][navsim.planning.script.run_pdm_score][INFO] - Processing stage two reactive scenario 119 / 204 in thread_id=972966e1-92ee-4d0a-9104-007285086165, node_id=0
[2026-09-20 09:54:57,333][navsim.planning.script.run_pdm_score][INFO] - Processing stage two reactive scenario 120 / 204 in thread_id=972966e1-92ee-4d0a-9104-007285086165, node_id=0
[2026-09-20 09:54:57,843][navsim.planning.script.run_pdm_score][INFO] - Processing stage two reactive scenario 121 / 204 in thread_id=972966e1-92ee-4d0a-9104-007285086165, node_id=0
[2026-09-20 09:54:58,719][navsim.planning.script.run_pdm_score][INFO] - Processing stage two reactive scenario 122 / 204 in thread_id=972966e1-92ee-4d0a-9104-007285086165, node_id=0
[2026-09-20 09:54:59,344][navsim.planning.script.run_pdm_score][INFO] - Processing stage two reactive scenario 123 / 204 in thread_id=972966e1-92ee-4d0a-9104-007285086165, node_id=0
[2026-09-20 09:54:59,402][navsim.planning.script.run_pdm_score][INFO] - Processing stage two reactive scenario 124 / 204 in thread_id=972966e1-92ee-4d0a-9104-007285086165, node_id=0
[2026-09-20 09:54:59,464][navsim.planning.script.run_pdm_score][INFO] - Processing stage two reactive scenario 125 / 204 in thread_id=972966e1-92ee-4d0a-9104-007285086165, node_id=0
[2026-09-20 09:54:59,932][navsim.planning.script.run_pdm_score][INFO] - Processing stage two reactive scenario 126 / 204 in thread_id=972966e1-92ee-4d0a-9104-007285086165, node_id=0
[2026-09-20 09:55:00,620][navsim.planning.script.run_pdm_score][INFO] - Processing stage two reactive scenario 127 / 204 in thread_id=972966e1-92ee-4d0a-9104-007285086165, node_id=0
[2026-09-20 09:55:01,587][navsim.planning.script.run_pdm_score][INFO] - Processing stage two reactive scenario 128 / 204 in thread_id=972966e1-92ee-4d0a-9104-007285086165, node_id=0
[2026-09-20 09:55:01,728][navsim.planning.script.run_pdm_score][INFO] - Processing stage two reactive scenario 129 / 204 in thread_id=972966e1-92ee-4d0a-9104-007285086165, node_id=0
[2026-09-20 09:55:02,984][navsim.planning.script.run_pdm_score][INFO] - Processing stage two reactive scenario 130 / 204 in thread_id=972966e1-92ee-4d0a-9104-007285086165, node_id=0
[2026-09-20 09:55:03,855][navsim.planning.script.run_pdm_score][INFO] - Processing stage two reactive scenario 131 / 204 in thread_id=972966e1-92ee-4d0a-9104-007285086165, node_id=0
[2026-09-20 09:55:04,789][navsim.planning.script.run_pdm_score][INFO] - Processing stage two reactive scenario 132 / 204 in thread_id=972966e1-92ee-4d0a-9104-007285086165, node_id=0
[2026-09-20 09:55:05,745][navsim.planning.script.run_pdm_score][INFO] - Processing stage two reactive scenario 133 / 204 in thread_id=972966e1-92ee-4d0a-9104-007285086165, node_id=0
[2026-09-20 09:55:06,652][navsim.planning.script.run_pdm_score][INFO] - Processing stage two reactive scenario 134 / 204 in thread_id=972966e1-92ee-4d0a-9104-007285086165, node_id=0
[2026-09-20 09:55:07,525][navsim.planning.script.run_pdm_score][INFO] - Processing stage two reactive scenario 135 / 204 in thread_id=972966e1-92ee-4d0a-9104-007285086165, node_id=0
[2026-09-20 09:55:07,825][navsim.planning.script.run_pdm_score][INFO] - Processing stage two reactive scenario 136 / 204 in thread_id=972966e1-92ee-4d0a-9104-007285086165, node_id=0
[2026-09-20 09:55:07,892][navsim.planning.script.run_pdm_score][INFO] - Processing stage two reactive scenario 137 / 204 in thread_id=972966e1-92ee-4d0a-9104-007285086165, node_id=0
[2026-09-20 09:55:08,828][navsim.planning.script.run_pdm_score][INFO] - Processing stage two reactive scenario 138 / 204 in thread_id=972966e1-92ee-4d0a-9104-007285086165, node_id=0
[2026-09-20 09:55:09,443][navsim.planning.script.run_pdm_score][INFO] - Processing stage two reactive scenario 139 / 204 in thread_id=972966e1-92ee-4d0a-9104-007285086165, node_id=0
[2026-09-20 09:55:10,489][navsim.planning.script.run_pdm_score][INFO] - Processing stage two reactive scenario 140 / 204 in thread_id=972966e1-92ee-4d0a-9104-007285086165, node_id=0
[2026-09-20 09:55:11,111][navsim.planning.script.run_pdm_score][INFO] - Processing stage two reactive scenario 141 / 204 in thread_id=972966e1-92ee-4d0a-9104-007285086165, node_id=0
[2026-09-20 09:55:12,045][navsim.planning.script.run_pdm_score][INFO] - Processing stage two reactive scenario 142 / 204 in thread_id=972966e1-92ee-4d0a-9104-007285086165, node_id=0
[2026-09-20 09:55:12,600][navsim.planning.script.run_pdm_score][INFO] - Processing stage two reactive scenario 143 / 204 in thread_id=972966e1-92ee-4d0a-9104-007285086165, node_id=0
[2026-09-20 09:55:12,746][navsim.planning.script.run_pdm_score][INFO] - Processing stage two reactive scenario 144 / 204 in thread_id=972966e1-92ee-4d0a-9104-007285086165, node_id=0
[2026-09-20 09:55:13,264][navsim.planning.script.run_pdm_score][INFO] - Processing stage two reactive scenario 145 / 204 in thread_id=972966e1-92ee-4d0a-9104-007285086165, node_id=0
[2026-09-20 09:55:14,256][navsim.planning.script.run_pdm_score][INFO] - Processing stage two reactive scenario 146 / 204 in thread_id=972966e1-92ee-4d0a-9104-007285086165, node_id=0
[2026-09-20 09:55:14,891][navsim.planning.script.run_pdm_score][INFO] - Processing stage two reactive scenario 147 / 204 in thread_id=972966e1-92ee-4d0a-9104-007285086165, node_id=0
[2026-09-20 09:55:15,621][navsim.planning.script.run_pdm_score][INFO] - Processing stage two reactive scenario 148 / 204 in thread_id=972966e1-92ee-4d0a-9104-007285086165, node_id=0
[2026-09-20 09:55:15,765][navsim.planning.script.run_pdm_score][INFO] - Processing stage two reactive scenario 149 / 204 in thread_id=972966e1-92ee-4d0a-9104-007285086165, node_id=0
[2026-09-20 09:55:16,711][navsim.planning.script.run_pdm_score][INFO] - Processing stage two reactive scenario 150 / 204 in thread_id=972966e1-92ee-4d0a-9104-007285086165, node_id=0
[2026-09-20 09:55:16,866][navsim.planning.script.run_pdm_score][INFO] - Processing stage two reactive scenario 151 / 204 in thread_id=972966e1-92ee-4d0a-9104-007285086165, node_id=0
[2026-09-20 09:55:17,437][navsim.planning.script.run_pdm_score][INFO] - Processing stage two reactive scenario 152 / 204 in thread_id=972966e1-92ee-4d0a-9104-007285086165, node_id=0
[2026-09-20 09:55:17,589][navsim.planning.script.run_pdm_score][INFO] - Processing stage two reactive scenario 153 / 204 in thread_id=972966e1-92ee-4d0a-9104-007285086165, node_id=0
[2026-09-20 09:55:18,153][navsim.planning.script.run_pdm_score][INFO] - Processing stage two reactive scenario 154 / 204 in thread_id=972966e1-92ee-4d0a-9104-007285086165, node_id=0
[2026-09-20 09:55:18,662][navsim.planning.script.run_pdm_score][INFO] - Processing stage two reactive scenario 155 / 204 in thread_id=972966e1-92ee-4d0a-9104-007285086165, node_id=0
[2026-09-20 09:55:18,820][navsim.planning.script.run_pdm_score][INFO] - Processing stage two reactive scenario 156 / 204 in thread_id=972966e1-92ee-4d0a-9104-007285086165, node_id=0
[2026-09-20 09:55:18,898][navsim.planning.script.run_pdm_score][INFO] - Processing stage two reactive scenario 157 / 204 in thread_id=972966e1-92ee-4d0a-9104-007285086165, node_id=0
[2026-09-20 09:55:19,861][navsim.planning.script.run_pdm_score][INFO] - Processing stage two reactive scenario 158 / 204 in thread_id=972966e1-92ee-4d0a-9104-007285086165, node_id=0
[2026-09-20 09:55:20,022][navsim.planning.script.run_pdm_score][INFO] - Processing stage two reactive scenario 159 / 204 in thread_id=972966e1-92ee-4d0a-9104-007285086165, node_id=0
[2026-09-20 09:55:20,769][navsim.planning.script.run_pdm_score][INFO] - Processing stage two reactive scenario 160 / 204 in thread_id=972966e1-92ee-4d0a-9104-007285086165, node_id=0
[2026-09-20 09:55:21,372][navsim.planning.script.run_pdm_score][INFO] - Processing stage two reactive scenario 161 / 204 in thread_id=972966e1-92ee-4d0a-9104-007285086165, node_id=0
[2026-09-20 09:55:21,441][navsim.planning.script.run_pdm_score][INFO] - Processing stage two reactive scenario 162 / 204 in thread_id=972966e1-92ee-4d0a-9104-007285086165, node_id=0
[2026-09-20 09:55:21,512][navsim.planning.script.run_pdm_score][INFO] - Processing stage two reactive scenario 163 / 204 in thread_id=972966e1-92ee-4d0a-9104-007285086165, node_id=0
[2026-09-20 09:55:22,129][navsim.planning.script.run_pdm_score][INFO] - Processing stage two reactive scenario 164 / 204 in thread_id=972966e1-92ee-4d0a-9104-007285086165, node_id=0
[2026-09-20 09:55:23,050][navsim.planning.script.run_pdm_score][INFO] - Processing stage two reactive scenario 165 / 204 in thread_id=972966e1-92ee-4d0a-9104-007285086165, node_id=0
[2026-09-20 09:55:23,574][navsim.planning.script.run_pdm_score][INFO] - Processing stage two reactive scenario 166 / 204 in thread_id=972966e1-92ee-4d0a-9104-007285086165, node_id=0
[2026-09-20 09:55:24,180][navsim.planning.script.run_pdm_score][INFO] - Processing stage two reactive scenario 167 / 204 in thread_id=972966e1-92ee-4d0a-9104-007285086165, node_id=0
[2026-09-20 09:55:25,163][navsim.planning.script.run_pdm_score][INFO] - Processing stage two reactive scenario 168 / 204 in thread_id=972966e1-92ee-4d0a-9104-007285086165, node_id=0
[2026-09-20 09:55:26,063][navsim.planning.script.run_pdm_score][INFO] - Processing stage two reactive scenario 169 / 204 in thread_id=972966e1-92ee-4d0a-9104-007285086165, node_id=0
[2026-09-20 09:55:26,216][navsim.planning.script.run_pdm_score][INFO] - Processing stage two reactive scenario 170 / 204 in thread_id=972966e1-92ee-4d0a-9104-007285086165, node_id=0
[2026-09-20 09:55:27,175][navsim.planning.script.run_pdm_score][INFO] - Processing stage two reactive scenario 171 / 204 in thread_id=972966e1-92ee-4d0a-9104-007285086165, node_id=0
[2026-09-20 09:55:27,775][navsim.planning.script.run_pdm_score][INFO] - Processing stage two reactive scenario 172 / 204 in thread_id=972966e1-92ee-4d0a-9104-007285086165, node_id=0
[2026-09-20 09:55:27,919][navsim.planning.script.run_pdm_score][INFO] - Processing stage two reactive scenario 173 / 204 in thread_id=972966e1-92ee-4d0a-9104-007285086165, node_id=0
[2026-09-20 09:55:28,866][navsim.planning.script.run_pdm_score][INFO] - Processing stage two reactive scenario 174 / 204 in thread_id=972966e1-92ee-4d0a-9104-007285086165, node_id=0
[2026-09-20 09:55:29,042][navsim.planning.script.run_pdm_score][INFO] - Processing stage two reactive scenario 175 / 204 in thread_id=972966e1-92ee-4d0a-9104-007285086165, node_id=0
[2026-09-20 09:55:29,104][navsim.planning.script.run_pdm_score][INFO] - Processing stage two reactive scenario 176 / 204 in thread_id=972966e1-92ee-4d0a-9104-007285086165, node_id=0
[2026-09-20 09:55:29,743][navsim.planning.script.run_pdm_score][INFO] - Processing stage two reactive scenario 177 / 204 in thread_id=972966e1-92ee-4d0a-9104-007285086165, node_id=0
[2026-09-20 09:55:30,903][navsim.planning.script.run_pdm_score][INFO] - Processing stage two reactive scenario 178 / 204 in thread_id=972966e1-92ee-4d0a-9104-007285086165, node_id=0
[2026-09-20 09:55:31,404][navsim.planning.script.run_pdm_score][INFO] - Processing stage two reactive scenario 179 / 204 in thread_id=972966e1-92ee-4d0a-9104-007285086165, node_id=0
[2026-09-20 09:55:32,354][navsim.planning.script.run_pdm_score][INFO] - Processing stage two reactive scenario 180 / 204 in thread_id=972966e1-92ee-4d0a-9104-007285086165, node_id=0
[2026-09-20 09:55:32,590][navsim.planning.script.run_pdm_score][INFO] - Processing stage two reactive scenario 181 / 204 in thread_id=972966e1-92ee-4d0a-9104-007285086165, node_id=0
[2026-09-20 09:55:33,597][navsim.planning.script.run_pdm_score][INFO] - Processing stage two reactive scenario 182 / 204 in thread_id=972966e1-92ee-4d0a-9104-007285086165, node_id=0
[2026-09-20 09:55:33,662][navsim.planning.script.run_pdm_score][INFO] - Processing stage two reactive scenario 183 / 204 in thread_id=972966e1-92ee-4d0a-9104-007285086165, node_id=0
[2026-09-20 09:55:33,726][navsim.planning.script.run_pdm_score][INFO] - Processing stage two reactive scenario 184 / 204 in thread_id=972966e1-92ee-4d0a-9104-007285086165, node_id=0
[2026-09-20 09:55:34,594][navsim.planning.script.run_pdm_score][INFO] - Processing stage two reactive scenario 185 / 204 in thread_id=972966e1-92ee-4d0a-9104-007285086165, node_id=0
[2026-09-20 09:55:34,853][navsim.planning.script.run_pdm_score][INFO] - Processing stage two reactive scenario 186 / 204 in thread_id=972966e1-92ee-4d0a-9104-007285086165, node_id=0
[2026-09-20 09:55:34,913][navsim.planning.script.run_pdm_score][INFO] - Processing stage two reactive scenario 187 / 204 in thread_id=972966e1-92ee-4d0a-9104-007285086165, node_id=0
[2026-09-20 09:55:35,534][navsim.planning.script.run_pdm_score][INFO] - Processing stage two reactive scenario 188 / 204 in thread_id=972966e1-92ee-4d0a-9104-007285086165, node_id=0
[2026-09-20 09:55:36,013][navsim.planning.script.run_pdm_score][INFO] - Processing stage two reactive scenario 189 / 204 in thread_id=972966e1-92ee-4d0a-9104-007285086165, node_id=0
[2026-09-20 09:55:37,031][navsim.planning.script.run_pdm_score][INFO] - Processing stage two reactive scenario 190 / 204 in thread_id=972966e1-92ee-4d0a-9104-007285086165, node_id=0
[2026-09-20 09:55:37,902][navsim.planning.script.run_pdm_score][INFO] - Processing stage two reactive scenario 191 / 204 in thread_id=972966e1-92ee-4d0a-9104-007285086165, node_id=0
[2026-09-20 09:55:38,786][navsim.planning.script.run_pdm_score][INFO] - Processing stage two reactive scenario 192 / 204 in thread_id=972966e1-92ee-4d0a-9104-007285086165, node_id=0
[2026-09-20 09:55:39,794][navsim.planning.script.run_pdm_score][INFO] - Processing stage two reactive scenario 193 / 204 in thread_id=972966e1-92ee-4d0a-9104-007285086165, node_id=0
[2026-09-20 09:55:40,318][navsim.planning.script.run_pdm_score][INFO] - Processing stage two reactive scenario 194 / 204 in thread_id=972966e1-92ee-4d0a-9104-007285086165, node_id=0
[2026-09-20 09:55:41,242][navsim.planning.script.run_pdm_score][INFO] - Processing stage two reactive scenario 195 / 204 in thread_id=972966e1-92ee-4d0a-9104-007285086165, node_id=0
[2026-09-20 09:55:42,153][navsim.planning.script.run_pdm_score][INFO] - Processing stage two reactive scenario 196 / 204 in thread_id=972966e1-92ee-4d0a-9104-007285086165, node_id=0
[2026-09-20 09:55:43,017][navsim.planning.script.run_pdm_score][INFO] - Processing stage two reactive scenario 197 / 204 in thread_id=972966e1-92ee-4d0a-9104-007285086165, node_id=0
[2026-09-20 09:55:43,905][navsim.planning.script.run_pdm_score][INFO] - Processing stage two reactive scenario 198 / 204 in thread_id=972966e1-92ee-4d0a-9104-007285086165, node_id=0
[2026-09-20 09:55:44,377][navsim.planning.script.run_pdm_score][INFO] - Processing stage two reactive scenario 199 / 204 in thread_id=972966e1-92ee-4d0a-9104-007285086165, node_id=0
[2026-09-20 09:55:45,194][navsim.planning.script.run_pdm_score][INFO] - Processing stage two reactive scenario 200 / 204 in thread_id=972966e1-92ee-4d0a-9104-007285086165, node_id=0
[2026-09-20 09:55:45,308][navsim.planning.script.run_pdm_score][INFO] - Processing stage two reactive scenario 201 / 204 in thread_id=972966e1-92ee-4d0a-9104-007285086165, node_id=0
[2026-09-20 09:55:45,369][navsim.planning.script.run_pdm_score][INFO] - Processing stage two reactive scenario 202 / 204 in thread_id=972966e1-92ee-4d0a-9104-007285086165, node_id=0
[2026-09-20 09:55:46,287][navsim.planning.script.run_pdm_score][INFO] - Processing stage two reactive scenario 203 / 204 in thread_id=972966e1-92ee-4d0a-9104-007285086165, node_id=0
[2026-09-20 09:55:47,144][navsim.planning.script.run_pdm_score][INFO] - Processing stage two reactive scenario 204 / 204 in thread_id=972966e1-92ee-4d0a-9104-007285086165, node_id=0
[2026-09-20 09:55:48,925][navsim.planning.script.run_pdm_score][INFO] - 
        Finished running evaluation.
            Number of successful scenarios: 220.
            Number of failed scenarios: 0.
            Final extended pdm score of valid results: 0.3009023137456225.
            Results are stored in: C:\Users\Admin\navsim-crun\exp\tanitad_bench\runs\20260920T075055Z-navsim_v2-none-8fde2f\STOP\2026.09.20.09.55.48.csv.
        
