[tree] tanitad imported from C:\Users\Admin\tanitad-wt\stack\tanitad\__init__.py
[refav1-labels] v7.2 join: labels 141/141 eps (0 missing), 2961/9443 windows in-band +-[2.0]s, md5=aa12c948f062181c3297265b51526ec5 | nav 141/141 eps (0 missing -> nav_cmd=0+nav_valid=False), md5=aa12c948f062181c3297265b51526ec5, allow_oracle_nav=True
[model] step=21109 params=0 vocab=v7.0 d_state=1024 device=cpu
[grid] stride=2 windows=4786 episodes=141  nav_shuffle={'seed': 0, 'n_windows': 4786, 'n_valid': 4786, 'n_changed': 2455, 'changed_frac': 0.513, 'rule': 'permutation among nav_valid windows; invalid rows keep nav_cmd=0 / nav_valid=False and are EXCLUDED from route accuracy'}
  [10/141] 340 windows 45s
  [20/141] 679 windows 85s
  [30/141] 1020 windows 125s
  [40/141] 1359 windows 162s
  [50/141] 1699 windows 200s
  [60/141] 2038 windows 240s
  [70/141] 2378 windows 279s
  [80/141] 2716 windows 319s
  [90/141] 3055 windows 359s
  [100/141] 3394 windows 400s
  [110/141] 3734 windows 440s
  [120/141] 4072 windows 478s
  [130/141] 4412 windows 518s
  [140/141] 4752 windows 556s
[done] 4786 windows, intent (4786, 256), 560s
[C1] n=282 max|dlogit|=2.861e-06 argmax 282/282
[C2] n=282 max|dkappa|=2.384e-07 turnlab 282/282
[wrote] C:/Users/Admin/refav1_margin/intent_stride2.npz
[CONTROLS] {"C3_intent_nondegenerate": true, "C4_nav_shuffle_changed_rows": true, "C1_reproduces_banked_lat_logits": true, "C2_reproduces_banked_gt_kappa": true}
