[labels] ⚠️ WARNING: this blob md5=0ff902130ce76886b8a925eceed9e3a5 != the eval blob the run used in training (aa12c948f062181c3297265b51526ec5) — a DIFFERENT eval set; both are recorded in the manifest
[v3] nav_from_v7: follow 78 / left 18 / right 24, missing 0 (of 120 clips; md5=0ff902130ce76886b8a925eceed9e3a5)
[leadcap-ab] 6089 windows / 73 episodes

== CONTROLS (must read known values)
   CHANNEL rate  0.441780259484316  banked 0.441780259484316  err 0.000e+00
   CHANNEL mean  -0.011732071340923  banked -0.011239379601721  err 4.927e-04
   ARITHMETIC hold-progress from v0 alone: max abs err 2.384e-08
   frozen >= human  0.046313  (banked 0.045492)
   NON-BINDING[achievable] n=3556  exactly unchanged 1334  max|dprogress| 5.000e-01
   NON-BINDING[lead] n=3556  exactly unchanged 3444  max|dprogress| 3.753e-01

== LADDER  cap=off
rung       nwin  neps     RATE RATE_ci                    MEAN     MEDIAN    SKEWSPL  DIV      prog      head    spread
all        6089    73   0.4418 [ 0.3687, 0.5163]  -0.011732  -0.002404   0.009328    1 -0.005600 -0.004818  0.088491
<=5.0s     4642    62   0.4550 [ 0.3738, 0.5426]  -0.007608  -0.001666   0.005942    1  0.000109 -0.006209  0.072555
<=4.0s     4096    59   0.4802 [ 0.3924, 0.5706]  -0.006773  -0.000561   0.006212    1  0.002382 -0.007446  0.067208
<=3.0s     3121    52   0.4854 [ 0.3809, 0.5826]  -0.009906  -0.000345   0.009561    1  0.003593 -0.011256  0.061746
<=2.5s     2690    40   0.4866 [ 0.3702, 0.5957]  -0.012002  -0.000293   0.011710    1  0.004053 -0.013454  0.058081
<=2.0s     1576    29   0.5482 [ 0.4128, 0.6529]  -0.013973   0.000969   0.014943    1  0.006368 -0.015899  0.060303
<=1.5s      698    17   0.5201 [ 0.3754, 0.6226]  -0.012416   0.000273   0.012689    0  0.008251 -0.013504  0.055859
<=1.0s       89     5   0.5056 [ 0.0000, 0.7458]  -0.045171   0.000004   0.045175    0  0.014398 -0.014625  0.072598

== LADDER  cap=achievable
rung       nwin  neps     RATE RATE_ci                    MEAN     MEDIAN    SKEWSPL  DIV      prog      head    spread
all        6089    73   0.5740 [ 0.4943, 0.6530]  -0.003938   0.000000   0.003938    0  0.002194 -0.004818  0.030110
<=5.0s     4642    62   0.5224 [ 0.4333, 0.6185]  -0.003585   0.000000   0.003585    0  0.004132 -0.006209  0.017587
<=4.0s     4096    59   0.5083 [ 0.4113, 0.6090]  -0.005242   0.000013   0.005255    0  0.003913 -0.007446  0.015059
<=3.0s     3121    52   0.5130 [ 0.3990, 0.6246]  -0.011274   0.000102   0.011376    1  0.002225 -0.011256  0.007847
<=2.5s     2690    40   0.5152 [ 0.3842, 0.6431]  -0.015115   0.000113   0.015228    1  0.000941 -0.013454  0.003137
<=2.0s     1576    29   0.5596 [ 0.3848, 0.7169]  -0.020051   0.001424   0.021475    1  0.000290 -0.015899  0.000967
<=1.5s      698    17   0.5330 [ 0.2973, 0.7404]  -0.020667   0.000016   0.020682    0  0.000000 -0.013504  0.000000
<=1.0s       89     5   0.1798 [ 0.0169, 0.5714]  -0.059569  -0.012786   0.046782    0  0.000000 -0.014625  0.000000

== LADDER  cap=lead
rung       nwin  neps     RATE RATE_ci                    MEAN     MEDIAN    SKEWSPL  DIV      prog      head    spread
all        6089    73   0.4465 [ 0.3700, 0.5278]  -0.013869  -0.002603   0.011266    1 -0.007737 -0.004818  0.063212
<=5.0s     4642    62   0.4571 [ 0.3695, 0.5533]  -0.010647  -0.001772   0.008876    1 -0.002930 -0.006209  0.041129
<=4.0s     4096    59   0.4817 [ 0.3831, 0.5818]  -0.010334  -0.000649   0.009684    1 -0.001178 -0.007446  0.032032
<=3.0s     3121    52   0.4880 [ 0.3762, 0.6015]  -0.014762  -0.000310   0.014453    1 -0.001264 -0.011256  0.019476
<=2.5s     2690    40   0.4903 [ 0.3604, 0.6210]  -0.017673  -0.000217   0.017456    1 -0.001618 -0.013454  0.011666
<=2.0s     1576    29   0.5546 [ 0.3797, 0.7116]  -0.020230   0.001003   0.021232    1  0.000112 -0.015899  0.001563
<=1.5s      698    17   0.5330 [ 0.2973, 0.7404]  -0.020667   0.000016   0.020682    0  0.000000 -0.013504  0.000000
<=1.0s       89     5   0.1798 [ 0.0169, 0.5714]  -0.059569  -0.012786   0.046782    0  0.000000 -0.014625  0.000000

== LADDER  cap=hq25
rung       nwin  neps     RATE RATE_ci                    MEAN     MEDIAN    SKEWSPL  DIV      prog      head    spread
all        6089    73   0.4649 [ 0.3911, 0.5405]  -0.010038  -0.001322   0.008716    1 -0.005600 -0.003124  0.060610
<=5.0s     4642    62   0.4864 [ 0.4051, 0.5731]  -0.005077  -0.000427   0.004651    0  0.000109 -0.003678  0.074469
<=4.0s     4096    59   0.5186 [ 0.4299, 0.6104]  -0.003359   0.000540   0.003899    0  0.002382 -0.004033  0.079825
<=3.0s     3121    52   0.5357 [ 0.4368, 0.6280]  -0.005432   0.000823   0.006255    0  0.003593 -0.006782  0.088236
<=2.5s     2690    40   0.5435 [ 0.4344, 0.6497]  -0.007079   0.000860   0.007939    1  0.004053 -0.008530  0.091901
<=2.0s     1576    29   0.6003 [ 0.4682, 0.7028]  -0.010198   0.001452   0.011650    1  0.006368 -0.012124  0.099617
<=1.5s      698    17   0.6003 [ 0.4519, 0.7066]  -0.009799   0.000966   0.010765    0  0.008251 -0.010886  0.068523
<=1.0s       89     5   0.6854 [ 0.0000, 0.9174]  -0.041861   0.000876   0.042737    0  0.014398 -0.011315  0.043231

== LADDER  cap=both
rung       nwin  neps     RATE RATE_ci                    MEAN     MEDIAN    SKEWSPL  DIV      prog      head    spread
all        6089    73   0.4506 [ 0.3735, 0.5302]  -0.012175  -0.002461   0.009713    1 -0.007737 -0.003124  0.060610
<=5.0s     4642    62   0.4653 [ 0.3804, 0.5579]  -0.008117  -0.001688   0.006428    1 -0.002930 -0.003678  0.074469
<=4.0s     4096    59   0.4939 [ 0.3982, 0.5936]  -0.006920  -0.000270   0.006650    0 -0.001178 -0.004033  0.079825
<=3.0s     3121    52   0.5046 [ 0.3954, 0.6163]  -0.010289   0.000139   0.010428    1 -0.001264 -0.006782  0.088236
<=2.5s     2690    40   0.5059 [ 0.3802, 0.6325]  -0.012750   0.000182   0.012931    1 -0.001618 -0.008530  0.091901
<=2.0s     1576    29   0.5431 [ 0.3633, 0.7024]  -0.016454   0.001821   0.018275    1  0.000112 -0.012124  0.099617
<=1.5s      698    17   0.5043 [ 0.2651, 0.7147]  -0.018050   0.000011   0.018060    0  0.000000 -0.010886  0.068523
<=1.0s       89     5   0.1124 [ 0.0169, 0.4000]  -0.056258  -0.009909   0.046350    0  0.000000 -0.011315  0.043231

== PRE-REGISTERED VERDICT  cap=achievable
   P1-PRED-A (progress not positive at <=3.0/<=2.0/<=1.5 s): FAILED
      <=3.0s   gap +0.002225  ci [+0.001080, +0.003815]  baseline +0.003593  POSITIVE
      <=2.0s   gap +0.000290  ci [+0.000000, +0.000779]  baseline +0.006368  ok
      <=1.5s   gap +0.000000  ci [+0.000000, +0.000000]  baseline +0.008251  ok
   P1-PRED-B1 sum DIV 3 < baseline 6 : HELD
   P1-PRED-B2 SKEWSPLIT fell at [] (need >=2 of 3): FAILED
   rate(<=2.0 s) 0.5596 vs baseline 0.5482 : DID NOT FALL
   DEGENERACY progress spread 0.030110 vs 0.088491 : still ranks
   => P1-PRED-B FAILED

== PRE-REGISTERED VERDICT  cap=lead
   P1-PRED-A (progress not positive at <=3.0/<=2.0/<=1.5 s): HELD
      <=3.0s   gap -0.001264  ci [-0.003364, +0.000910]  baseline +0.003593  ok
      <=2.0s   gap +0.000112  ci [-0.000294, +0.000642]  baseline +0.006368  ok
      <=1.5s   gap +0.000000  ci [+0.000000, +0.000000]  baseline +0.008251  ok
   P1-PRED-B1 sum DIV 6 < baseline 6 : FAILED
   P1-PRED-B2 SKEWSPLIT fell at [] (need >=2 of 3): FAILED
   rate(<=2.0 s) 0.5546 vs baseline 0.5482 : DID NOT FALL
   DEGENERACY progress spread 0.063212 vs 0.088491 : still ranks
   => P1-PRED-B FAILED

== PRE-REGISTERED VERDICT  cap=hq25
   P1-PRED-A (progress not positive at <=3.0/<=2.0/<=1.5 s): FAILED
      <=3.0s   gap +0.003593  ci [-0.001226, +0.009125]  baseline +0.003593  ok
      <=2.0s   gap +0.006368  ci [+0.000402, +0.014882]  baseline +0.006368  POSITIVE
      <=1.5s   gap +0.008251  ci [+0.000397, +0.018416]  baseline +0.008251  POSITIVE
   P1-PRED-B1 sum DIV 3 < baseline 6 : HELD
   P1-PRED-B2 SKEWSPLIT fell at ['<=3.0s', '<=2.5s', '<=2.0s'] (need >=2 of 3): HELD
   rate(<=2.0 s) 0.6003 vs baseline 0.5482 : DID NOT FALL
   DEGENERACY progress spread 0.060610 vs 0.088491 : still ranks
   => P1-PRED-B HELD

== PRE-REGISTERED VERDICT  cap=both
   P1-PRED-A (progress not positive at <=3.0/<=2.0/<=1.5 s): HELD
      <=3.0s   gap -0.001264  ci [-0.003364, +0.000910]  baseline +0.003593  ok
      <=2.0s   gap +0.000112  ci [-0.000294, +0.000642]  baseline +0.006368  ok
      <=1.5s   gap +0.000000  ci [+0.000000, +0.000000]  baseline +0.008251  ok
   P1-PRED-B1 sum DIV 5 < baseline 6 : HELD
   P1-PRED-B2 SKEWSPLIT fell at [] (need >=2 of 3): FAILED
   rate(<=2.0 s) 0.5431 vs baseline 0.5482 : fell
   DEGENERACY progress spread 0.060610 vs 0.088491 : still ranks
   => P1-PRED-B FAILED

wrote C:/Users/Admin/leadcap_ab/leadcap_ab.json
