  tokens: 422 over 32 logs; ckpt D:/Projects/TanitAD/data/refe_runs_eval/snap_epoch015.pt
  planner: trained=True per_sample_calib=True device=cuda select=best
C:\Users\Admin\dz\DriveZero\DriveRL\nuplan-devkit\nuplan\common\maps\nuplan_map\utils.py:413: RuntimeWarning: invalid value encountered in cast
  return elements.iloc[np.where(elements[column_label].to_numpy().astype(int) == int(desired_value))]
    [5/32] rows 75  misses 0  101 s
C:\Users\Admin\dz\DriveZero\DriveRL\nuplan-devkit\nuplan\common\maps\nuplan_map\utils.py:413: RuntimeWarning: invalid value encountered in cast
  return elements.iloc[np.where(elements[column_label].to_numpy().astype(int) == int(desired_value))]
    [10/32] rows 170  misses 0  224 s
C:\Users\Admin\dz\DriveZero\DriveRL\nuplan-devkit\nuplan\common\maps\nuplan_map\utils.py:413: RuntimeWarning: invalid value encountered in cast
  return elements.iloc[np.where(elements[column_label].to_numpy().astype(int) == int(desired_value))]
    [15/32] rows 215  misses 0  282 s
    [20/32] rows 258  misses 0  339 s
    [25/32] rows 325  misses 0  425 s
C:\Users\Admin\dz\DriveZero\DriveRL\nuplan-devkit\nuplan\common\maps\nuplan_map\utils.py:413: RuntimeWarning: invalid value encountered in cast
  return elements.iloc[np.where(elements[column_label].to_numpy().astype(int) == int(desired_value))]
    [30/32] rows 367  misses 0  480 s
    [32/32] rows 422  misses 0  552 s
{
 "tokens_asked": 422,
 "rows": 422,
 "misses": 0,
 "ckpt": "D:/Projects/TanitAD/data/refe_runs_eval/snap_epoch015.pt",
 "select": "best",
 "rule": "navsim_v1",
 "repair_last_heading": true,
 "sanitize_goal": false,
 "frame_control": {
  "n": 422,
  "max_m": 7.160723346098895e-15,
  "median_m": 9.036960834438385e-16,
  "bar_m": 0.001,
  "what": "log future on NAVSIM's 0.5 s grid vs W3 human_future_poses"
 },
 "interpolation_residual": {
  "n": 422,
  "max_m": 0.07812021590403496,
  "median_m": 0.0070901062545517006,
  "what": "log future on REFe's 0.2 s grid -> to_navsim, vs W3; reported, not gated"
 },
 "seconds": 551.7,
 "proposals": {
  "n": 422,
  "M": 64,
  "ade_selected_m": 2.4417,
  "ade_random_m": 2.927,
  "ade_oracle_m": 1.1388,
  "oracle_index_distinct": 50,
  "oracle_index_top5": [
   [
    13,
    201
   ],
   [
    57,
    17
   ],
   [
    6,
    17
   ],
   [
    32,
    16
   ],
   [
    52,
    13
   ]
  ],
  "selected_index_distinct": 32,
  "endpoint_spread_m": 2.143,
  "what": "open-loop ADE over NAVSIM's 8 poses (0.5 s) vs W3's human future: selected = the planner's pick; random = mean over the M proposals (a random selector's expectation); oracle = best of M; oracle_index_* = how many proposals are ever best (WTA collapse if few); endpoint_spread = mean distance of the M endpoints from their centroid"
 }
}
ZZSEAM_OK 422 0.0000
