  tokens: 422 over 32 logs; ckpt D:/Projects/TanitAD/data/refe_runs_eval/snap_epoch015.pt
  planner: trained=True per_sample_calib=True device=cuda select=best
C:\Users\Admin\dz\DriveZero\DriveRL\nuplan-devkit\nuplan\common\maps\nuplan_map\utils.py:413: RuntimeWarning: invalid value encountered in cast
  return elements.iloc[np.where(elements[column_label].to_numpy().astype(int) == int(desired_value))]
C:\Users\Admin\dz\DriveZero\DriveRL\nuplan-devkit\nuplan\common\maps\nuplan_map\utils.py:413: RuntimeWarning: invalid value encountered in cast
  return elements.iloc[np.where(elements[column_label].to_numpy().astype(int) == int(desired_value))]
C:\Users\Admin\dz\DriveZero\DriveRL\nuplan-devkit\nuplan\common\maps\nuplan_map\utils.py:413: RuntimeWarning: invalid value encountered in cast
  return elements.iloc[np.where(elements[column_label].to_numpy().astype(int) == int(desired_value))]
C:\Users\Admin\dz\DriveZero\DriveRL\nuplan-devkit\nuplan\common\maps\nuplan_map\utils.py:413: RuntimeWarning: invalid value encountered in cast
  return elements.iloc[np.where(elements[column_label].to_numpy().astype(int) == int(desired_value))]
C:\Users\Admin\dz\DriveZero\DriveRL\nuplan-devkit\nuplan\common\maps\nuplan_map\utils.py:413: RuntimeWarning: invalid value encountered in cast
  return elements.iloc[np.where(elements[column_label].to_numpy().astype(int) == int(desired_value))]
C:\Users\Admin\dz\DriveZero\DriveRL\nuplan-devkit\nuplan\common\maps\nuplan_map\utils.py:413: RuntimeWarning: invalid value encountered in cast
  return elements.iloc[np.where(elements[column_label].to_numpy().astype(int) == int(desired_value))]
C:\Users\Admin\dz\DriveZero\DriveRL\nuplan-devkit\nuplan\common\maps\nuplan_map\utils.py:413: RuntimeWarning: invalid value encountered in cast
  return elements.iloc[np.where(elements[column_label].to_numpy().astype(int) == int(desired_value))]
C:\Users\Admin\dz\DriveZero\DriveRL\nuplan-devkit\nuplan\common\maps\nuplan_map\utils.py:413: RuntimeWarning: invalid value encountered in cast
  return elements.iloc[np.where(elements[column_label].to_numpy().astype(int) == int(desired_value))]
C:\Users\Admin\dz\DriveZero\DriveRL\nuplan-devkit\nuplan\common\maps\nuplan_map\utils.py:413: RuntimeWarning: invalid value encountered in cast
  return elements.iloc[np.where(elements[column_label].to_numpy().astype(int) == int(desired_value))]
C:\Users\Admin\dz\DriveZero\DriveRL\nuplan-devkit\nuplan\common\maps\nuplan_map\utils.py:413: RuntimeWarning: invalid value encountered in cast
  return elements.iloc[np.where(elements[column_label].to_numpy().astype(int) == int(desired_value))]
C:\Users\Admin\dz\DriveZero\DriveRL\nuplan-devkit\nuplan\common\maps\nuplan_map\utils.py:413: RuntimeWarning: invalid value encountered in cast
  return elements.iloc[np.where(elements[column_label].to_numpy().astype(int) == int(desired_value))]
C:\Users\Admin\dz\DriveZero\DriveRL\nuplan-devkit\nuplan\common\maps\nuplan_map\utils.py:413: RuntimeWarning: invalid value encountered in cast
  return elements.iloc[np.where(elements[column_label].to_numpy().astype(int) == int(desired_value))]
C:\Users\Admin\dz\DriveZero\DriveRL\nuplan-devkit\nuplan\common\maps\nuplan_map\utils.py:413: RuntimeWarning: invalid value encountered in cast
  return elements.iloc[np.where(elements[column_label].to_numpy().astype(int) == int(desired_value))]
C:\Users\Admin\dz\DriveZero\DriveRL\nuplan-devkit\nuplan\common\maps\nuplan_map\utils.py:413: RuntimeWarning: invalid value encountered in cast
  return elements.iloc[np.where(elements[column_label].to_numpy().astype(int) == int(desired_value))]
C:\Users\Admin\dz\DriveZero\DriveRL\nuplan-devkit\nuplan\common\maps\nuplan_map\utils.py:413: RuntimeWarning: invalid value encountered in cast
  return elements.iloc[np.where(elements[column_label].to_numpy().astype(int) == int(desired_value))]
C:\Users\Admin\dz\DriveZero\DriveRL\nuplan-devkit\nuplan\common\maps\nuplan_map\utils.py:413: RuntimeWarning: invalid value encountered in cast
  return elements.iloc[np.where(elements[column_label].to_numpy().astype(int) == int(desired_value))]
C:\Users\Admin\dz\DriveZero\DriveRL\nuplan-devkit\nuplan\common\maps\nuplan_map\utils.py:413: RuntimeWarning: invalid value encountered in cast
  return elements.iloc[np.where(elements[column_label].to_numpy().astype(int) == int(desired_value))]
C:\Users\Admin\dz\DriveZero\DriveRL\nuplan-devkit\nuplan\common\maps\nuplan_map\utils.py:413: RuntimeWarning: invalid value encountered in cast
  return elements.iloc[np.where(elements[column_label].to_numpy().astype(int) == int(desired_value))]
C:\Users\Admin\dz\DriveZero\DriveRL\nuplan-devkit\nuplan\common\maps\nuplan_map\utils.py:413: RuntimeWarning: invalid value encountered in cast
  return elements.iloc[np.where(elements[column_label].to_numpy().astype(int) == int(desired_value))]
C:\Users\Admin\dz\DriveZero\DriveRL\nuplan-devkit\nuplan\common\maps\nuplan_map\utils.py:413: RuntimeWarning: invalid value encountered in cast
  return elements.iloc[np.where(elements[column_label].to_numpy().astype(int) == int(desired_value))]
C:\Users\Admin\dz\DriveZero\DriveRL\nuplan-devkit\nuplan\common\maps\nuplan_map\utils.py:413: RuntimeWarning: invalid value encountered in cast
  return elements.iloc[np.where(elements[column_label].to_numpy().astype(int) == int(desired_value))]
C:\Users\Admin\dz\DriveZero\DriveRL\nuplan-devkit\nuplan\common\maps\nuplan_map\utils.py:413: RuntimeWarning: invalid value encountered in cast
  return elements.iloc[np.where(elements[column_label].to_numpy().astype(int) == int(desired_value))]
C:\Users\Admin\dz\DriveZero\DriveRL\nuplan-devkit\nuplan\common\maps\nuplan_map\utils.py:413: RuntimeWarning: invalid value encountered in cast
  return elements.iloc[np.where(elements[column_label].to_numpy().astype(int) == int(desired_value))]
C:\Users\Admin\dz\DriveZero\DriveRL\nuplan-devkit\nuplan\common\maps\nuplan_map\utils.py:413: RuntimeWarning: invalid value encountered in cast
  return elements.iloc[np.where(elements[column_label].to_numpy().astype(int) == int(desired_value))]
C:\Users\Admin\dz\DriveZero\DriveRL\nuplan-devkit\nuplan\common\maps\nuplan_map\utils.py:413: RuntimeWarning: invalid value encountered in cast
  return elements.iloc[np.where(elements[column_label].to_numpy().astype(int) == int(desired_value))]
C:\Users\Admin\dz\DriveZero\DriveRL\nuplan-devkit\nuplan\common\maps\nuplan_map\utils.py:413: RuntimeWarning: invalid value encountered in cast
  return elements.iloc[np.where(elements[column_label].to_numpy().astype(int) == int(desired_value))]
C:\Users\Admin\dz\DriveZero\DriveRL\nuplan-devkit\nuplan\common\maps\nuplan_map\utils.py:413: RuntimeWarning: invalid value encountered in cast
  return elements.iloc[np.where(elements[column_label].to_numpy().astype(int) == int(desired_value))]
C:\Users\Admin\dz\DriveZero\DriveRL\nuplan-devkit\nuplan\common\maps\nuplan_map\utils.py:413: RuntimeWarning: invalid value encountered in cast
  return elements.iloc[np.where(elements[column_label].to_numpy().astype(int) == int(desired_value))]
C:\Users\Admin\dz\DriveZero\DriveRL\nuplan-devkit\nuplan\common\maps\nuplan_map\utils.py:413: RuntimeWarning: invalid value encountered in cast
  return elements.iloc[np.where(elements[column_label].to_numpy().astype(int) == int(desired_value))]
C:\Users\Admin\dz\DriveZero\DriveRL\nuplan-devkit\nuplan\common\maps\nuplan_map\utils.py:413: RuntimeWarning: invalid value encountered in cast
  return elements.iloc[np.where(elements[column_label].to_numpy().astype(int) == int(desired_value))]
C:\Users\Admin\dz\DriveZero\DriveRL\nuplan-devkit\nuplan\common\maps\nuplan_map\utils.py:413: RuntimeWarning: invalid value encountered in cast
  return elements.iloc[np.where(elements[column_label].to_numpy().astype(int) == int(desired_value))]
C:\Users\Admin\dz\DriveZero\DriveRL\nuplan-devkit\nuplan\common\maps\nuplan_map\utils.py:413: RuntimeWarning: invalid value encountered in cast
  return elements.iloc[np.where(elements[column_label].to_numpy().astype(int) == int(desired_value))]
C:\Users\Admin\dz\DriveZero\DriveRL\nuplan-devkit\nuplan\common\maps\nuplan_map\utils.py:413: RuntimeWarning: invalid value encountered in cast
  return elements.iloc[np.where(elements[column_label].to_numpy().astype(int) == int(desired_value))]
C:\Users\Admin\dz\DriveZero\DriveRL\nuplan-devkit\nuplan\common\maps\nuplan_map\utils.py:413: RuntimeWarning: invalid value encountered in cast
  return elements.iloc[np.where(elements[column_label].to_numpy().astype(int) == int(desired_value))]
C:\Users\Admin\dz\DriveZero\DriveRL\nuplan-devkit\nuplan\common\maps\nuplan_map\utils.py:413: RuntimeWarning: invalid value encountered in cast
  return elements.iloc[np.where(elements[column_label].to_numpy().astype(int) == int(desired_value))]
C:\Users\Admin\dz\DriveZero\DriveRL\nuplan-devkit\nuplan\common\maps\nuplan_map\utils.py:413: RuntimeWarning: invalid value encountered in cast
  return elements.iloc[np.where(elements[column_label].to_numpy().astype(int) == int(desired_value))]
C:\Users\Admin\dz\DriveZero\DriveRL\nuplan-devkit\nuplan\common\maps\nuplan_map\utils.py:413: RuntimeWarning: invalid value encountered in cast
  return elements.iloc[np.where(elements[column_label].to_numpy().astype(int) == int(desired_value))]
    [5/32] rows 75  misses 0  102 s
C:\Users\Admin\dz\DriveZero\DriveRL\nuplan-devkit\nuplan\common\maps\nuplan_map\utils.py:413: RuntimeWarning: invalid value encountered in cast
  return elements.iloc[np.where(elements[column_label].to_numpy().astype(int) == int(desired_value))]
C:\Users\Admin\dz\DriveZero\DriveRL\nuplan-devkit\nuplan\common\maps\nuplan_map\utils.py:413: RuntimeWarning: invalid value encountered in cast
  return elements.iloc[np.where(elements[column_label].to_numpy().astype(int) == int(desired_value))]
C:\Users\Admin\dz\DriveZero\DriveRL\nuplan-devkit\nuplan\common\maps\nuplan_map\utils.py:413: RuntimeWarning: invalid value encountered in cast
  return elements.iloc[np.where(elements[column_label].to_numpy().astype(int) == int(desired_value))]
C:\Users\Admin\dz\DriveZero\DriveRL\nuplan-devkit\nuplan\common\maps\nuplan_map\utils.py:413: RuntimeWarning: invalid value encountered in cast
  return elements.iloc[np.where(elements[column_label].to_numpy().astype(int) == int(desired_value))]
C:\Users\Admin\dz\DriveZero\DriveRL\nuplan-devkit\nuplan\common\maps\nuplan_map\utils.py:413: RuntimeWarning: invalid value encountered in cast
  return elements.iloc[np.where(elements[column_label].to_numpy().astype(int) == int(desired_value))]
C:\Users\Admin\dz\DriveZero\DriveRL\nuplan-devkit\nuplan\common\maps\nuplan_map\utils.py:413: RuntimeWarning: invalid value encountered in cast
  return elements.iloc[np.where(elements[column_label].to_numpy().astype(int) == int(desired_value))]
C:\Users\Admin\dz\DriveZero\DriveRL\nuplan-devkit\nuplan\common\maps\nuplan_map\utils.py:413: RuntimeWarning: invalid value encountered in cast
  return elements.iloc[np.where(elements[column_label].to_numpy().astype(int) == int(desired_value))]
C:\Users\Admin\dz\DriveZero\DriveRL\nuplan-devkit\nuplan\common\maps\nuplan_map\utils.py:413: RuntimeWarning: invalid value encountered in cast
  return elements.iloc[np.where(elements[column_label].to_numpy().astype(int) == int(desired_value))]
C:\Users\Admin\dz\DriveZero\DriveRL\nuplan-devkit\nuplan\common\maps\nuplan_map\utils.py:413: RuntimeWarning: invalid value encountered in cast
  return elements.iloc[np.where(elements[column_label].to_numpy().astype(int) == int(desired_value))]
C:\Users\Admin\dz\DriveZero\DriveRL\nuplan-devkit\nuplan\common\maps\nuplan_map\utils.py:413: RuntimeWarning: invalid value encountered in cast
  return elements.iloc[np.where(elements[column_label].to_numpy().astype(int) == int(desired_value))]
C:\Users\Admin\dz\DriveZero\DriveRL\nuplan-devkit\nuplan\common\maps\nuplan_map\utils.py:413: RuntimeWarning: invalid value encountered in cast
  return elements.iloc[np.where(elements[column_label].to_numpy().astype(int) == int(desired_value))]
C:\Users\Admin\dz\DriveZero\DriveRL\nuplan-devkit\nuplan\common\maps\nuplan_map\utils.py:413: RuntimeWarning: invalid value encountered in cast
  return elements.iloc[np.where(elements[column_label].to_numpy().astype(int) == int(desired_value))]
C:\Users\Admin\dz\DriveZero\DriveRL\nuplan-devkit\nuplan\common\maps\nuplan_map\utils.py:413: RuntimeWarning: invalid value encountered in cast
  return elements.iloc[np.where(elements[column_label].to_numpy().astype(int) == int(desired_value))]
C:\Users\Admin\dz\DriveZero\DriveRL\nuplan-devkit\nuplan\common\maps\nuplan_map\utils.py:413: RuntimeWarning: invalid value encountered in cast
  return elements.iloc[np.where(elements[column_label].to_numpy().astype(int) == int(desired_value))]
C:\Users\Admin\dz\DriveZero\DriveRL\nuplan-devkit\nuplan\common\maps\nuplan_map\utils.py:413: RuntimeWarning: invalid value encountered in cast
  return elements.iloc[np.where(elements[column_label].to_numpy().astype(int) == int(desired_value))]
C:\Users\Admin\dz\DriveZero\DriveRL\nuplan-devkit\nuplan\common\maps\nuplan_map\utils.py:413: RuntimeWarning: invalid value encountered in cast
  return elements.iloc[np.where(elements[column_label].to_numpy().astype(int) == int(desired_value))]
C:\Users\Admin\dz\DriveZero\DriveRL\nuplan-devkit\nuplan\common\maps\nuplan_map\utils.py:413: RuntimeWarning: invalid value encountered in cast
  return elements.iloc[np.where(elements[column_label].to_numpy().astype(int) == int(desired_value))]
C:\Users\Admin\dz\DriveZero\DriveRL\nuplan-devkit\nuplan\common\maps\nuplan_map\utils.py:413: RuntimeWarning: invalid value encountered in cast
  return elements.iloc[np.where(elements[column_label].to_numpy().astype(int) == int(desired_value))]
C:\Users\Admin\dz\DriveZero\DriveRL\nuplan-devkit\nuplan\common\maps\nuplan_map\utils.py:413: RuntimeWarning: invalid value encountered in cast
  return elements.iloc[np.where(elements[column_label].to_numpy().astype(int) == int(desired_value))]
C:\Users\Admin\dz\DriveZero\DriveRL\nuplan-devkit\nuplan\common\maps\nuplan_map\utils.py:413: RuntimeWarning: invalid value encountered in cast
  return elements.iloc[np.where(elements[column_label].to_numpy().astype(int) == int(desired_value))]
C:\Users\Admin\dz\DriveZero\DriveRL\nuplan-devkit\nuplan\common\maps\nuplan_map\utils.py:413: RuntimeWarning: invalid value encountered in cast
  return elements.iloc[np.where(elements[column_label].to_numpy().astype(int) == int(desired_value))]
C:\Users\Admin\dz\DriveZero\DriveRL\nuplan-devkit\nuplan\common\maps\nuplan_map\utils.py:413: RuntimeWarning: invalid value encountered in cast
  return elements.iloc[np.where(elements[column_label].to_numpy().astype(int) == int(desired_value))]
C:\Users\Admin\dz\DriveZero\DriveRL\nuplan-devkit\nuplan\common\maps\nuplan_map\utils.py:413: RuntimeWarning: invalid value encountered in cast
  return elements.iloc[np.where(elements[column_label].to_numpy().astype(int) == int(desired_value))]
C:\Users\Admin\dz\DriveZero\DriveRL\nuplan-devkit\nuplan\common\maps\nuplan_map\utils.py:413: RuntimeWarning: invalid value encountered in cast
  return elements.iloc[np.where(elements[column_label].to_numpy().astype(int) == int(desired_value))]
C:\Users\Admin\dz\DriveZero\DriveRL\nuplan-devkit\nuplan\common\maps\nuplan_map\utils.py:413: RuntimeWarning: invalid value encountered in cast
  return elements.iloc[np.where(elements[column_label].to_numpy().astype(int) == int(desired_value))]
C:\Users\Admin\dz\DriveZero\DriveRL\nuplan-devkit\nuplan\common\maps\nuplan_map\utils.py:413: RuntimeWarning: invalid value encountered in cast
  return elements.iloc[np.where(elements[column_label].to_numpy().astype(int) == int(desired_value))]
C:\Users\Admin\dz\DriveZero\DriveRL\nuplan-devkit\nuplan\common\maps\nuplan_map\utils.py:413: RuntimeWarning: invalid value encountered in cast
  return elements.iloc[np.where(elements[column_label].to_numpy().astype(int) == int(desired_value))]
C:\Users\Admin\dz\DriveZero\DriveRL\nuplan-devkit\nuplan\common\maps\nuplan_map\utils.py:413: RuntimeWarning: invalid value encountered in cast
  return elements.iloc[np.where(elements[column_label].to_numpy().astype(int) == int(desired_value))]
C:\Users\Admin\dz\DriveZero\DriveRL\nuplan-devkit\nuplan\common\maps\nuplan_map\utils.py:413: RuntimeWarning: invalid value encountered in cast
  return elements.iloc[np.where(elements[column_label].to_numpy().astype(int) == int(desired_value))]
C:\Users\Admin\dz\DriveZero\DriveRL\nuplan-devkit\nuplan\common\maps\nuplan_map\utils.py:413: RuntimeWarning: invalid value encountered in cast
  return elements.iloc[np.where(elements[column_label].to_numpy().astype(int) == int(desired_value))]
C:\Users\Admin\dz\DriveZero\DriveRL\nuplan-devkit\nuplan\common\maps\nuplan_map\utils.py:413: RuntimeWarning: invalid value encountered in cast
  return elements.iloc[np.where(elements[column_label].to_numpy().astype(int) == int(desired_value))]
C:\Users\Admin\dz\DriveZero\DriveRL\nuplan-devkit\nuplan\common\maps\nuplan_map\utils.py:413: RuntimeWarning: invalid value encountered in cast
  return elements.iloc[np.where(elements[column_label].to_numpy().astype(int) == int(desired_value))]
C:\Users\Admin\dz\DriveZero\DriveRL\nuplan-devkit\nuplan\common\maps\nuplan_map\utils.py:413: RuntimeWarning: invalid value encountered in cast
  return elements.iloc[np.where(elements[column_label].to_numpy().astype(int) == int(desired_value))]
C:\Users\Admin\dz\DriveZero\DriveRL\nuplan-devkit\nuplan\common\maps\nuplan_map\utils.py:413: RuntimeWarning: invalid value encountered in cast
  return elements.iloc[np.where(elements[column_label].to_numpy().astype(int) == int(desired_value))]
C:\Users\Admin\dz\DriveZero\DriveRL\nuplan-devkit\nuplan\common\maps\nuplan_map\utils.py:413: RuntimeWarning: invalid value encountered in cast
  return elements.iloc[np.where(elements[column_label].to_numpy().astype(int) == int(desired_value))]
C:\Users\Admin\dz\DriveZero\DriveRL\nuplan-devkit\nuplan\common\maps\nuplan_map\utils.py:413: RuntimeWarning: invalid value encountered in cast
  return elements.iloc[np.where(elements[column_label].to_numpy().astype(int) == int(desired_value))]
C:\Users\Admin\dz\DriveZero\DriveRL\nuplan-devkit\nuplan\common\maps\nuplan_map\utils.py:413: RuntimeWarning: invalid value encountered in cast
  return elements.iloc[np.where(elements[column_label].to_numpy().astype(int) == int(desired_value))]
C:\Users\Admin\dz\DriveZero\DriveRL\nuplan-devkit\nuplan\common\maps\nuplan_map\utils.py:413: RuntimeWarning: invalid value encountered in cast
  return elements.iloc[np.where(elements[column_label].to_numpy().astype(int) == int(desired_value))]
C:\Users\Admin\dz\DriveZero\DriveRL\nuplan-devkit\nuplan\common\maps\nuplan_map\utils.py:413: RuntimeWarning: invalid value encountered in cast
  return elements.iloc[np.where(elements[column_label].to_numpy().astype(int) == int(desired_value))]
C:\Users\Admin\dz\DriveZero\DriveRL\nuplan-devkit\nuplan\common\maps\nuplan_map\utils.py:413: RuntimeWarning: invalid value encountered in cast
  return elements.iloc[np.where(elements[column_label].to_numpy().astype(int) == int(desired_value))]
C:\Users\Admin\dz\DriveZero\DriveRL\nuplan-devkit\nuplan\common\maps\nuplan_map\utils.py:413: RuntimeWarning: invalid value encountered in cast
  return elements.iloc[np.where(elements[column_label].to_numpy().astype(int) == int(desired_value))]
C:\Users\Admin\dz\DriveZero\DriveRL\nuplan-devkit\nuplan\common\maps\nuplan_map\utils.py:413: RuntimeWarning: invalid value encountered in cast
  return elements.iloc[np.where(elements[column_label].to_numpy().astype(int) == int(desired_value))]
C:\Users\Admin\dz\DriveZero\DriveRL\nuplan-devkit\nuplan\common\maps\nuplan_map\utils.py:413: RuntimeWarning: invalid value encountered in cast
  return elements.iloc[np.where(elements[column_label].to_numpy().astype(int) == int(desired_value))]
C:\Users\Admin\dz\DriveZero\DriveRL\nuplan-devkit\nuplan\common\maps\nuplan_map\utils.py:413: RuntimeWarning: invalid value encountered in cast
  return elements.iloc[np.where(elements[column_label].to_numpy().astype(int) == int(desired_value))]
    [10/32] rows 170  misses 0  227 s
C:\Users\Admin\dz\DriveZero\DriveRL\nuplan-devkit\nuplan\common\maps\nuplan_map\utils.py:413: RuntimeWarning: invalid value encountered in cast
  return elements.iloc[np.where(elements[column_label].to_numpy().astype(int) == int(desired_value))]
C:\Users\Admin\dz\DriveZero\DriveRL\nuplan-devkit\nuplan\common\maps\nuplan_map\utils.py:413: RuntimeWarning: invalid value encountered in cast
  return elements.iloc[np.where(elements[column_label].to_numpy().astype(int) == int(desired_value))]
C:\Users\Admin\dz\DriveZero\DriveRL\nuplan-devkit\nuplan\common\maps\nuplan_map\utils.py:413: RuntimeWarning: invalid value encountered in cast
  return elements.iloc[np.where(elements[column_label].to_numpy().astype(int) == int(desired_value))]
C:\Users\Admin\dz\DriveZero\DriveRL\nuplan-devkit\nuplan\common\maps\nuplan_map\utils.py:413: RuntimeWarning: invalid value encountered in cast
  return elements.iloc[np.where(elements[column_label].to_numpy().astype(int) == int(desired_value))]
C:\Users\Admin\dz\DriveZero\DriveRL\nuplan-devkit\nuplan\common\maps\nuplan_map\utils.py:413: RuntimeWarning: invalid value encountered in cast
  return elements.iloc[np.where(elements[column_label].to_numpy().astype(int) == int(desired_value))]
C:\Users\Admin\dz\DriveZero\DriveRL\nuplan-devkit\nuplan\common\maps\nuplan_map\utils.py:413: RuntimeWarning: invalid value encountered in cast
  return elements.iloc[np.where(elements[column_label].to_numpy().astype(int) == int(desired_value))]
C:\Users\Admin\dz\DriveZero\DriveRL\nuplan-devkit\nuplan\common\maps\nuplan_map\utils.py:413: RuntimeWarning: invalid value encountered in cast
  return elements.iloc[np.where(elements[column_label].to_numpy().astype(int) == int(desired_value))]
C:\Users\Admin\dz\DriveZero\DriveRL\nuplan-devkit\nuplan\common\maps\nuplan_map\utils.py:413: RuntimeWarning: invalid value encountered in cast
  return elements.iloc[np.where(elements[column_label].to_numpy().astype(int) == int(desired_value))]
C:\Users\Admin\dz\DriveZero\DriveRL\nuplan-devkit\nuplan\common\maps\nuplan_map\utils.py:413: RuntimeWarning: invalid value encountered in cast
  return elements.iloc[np.where(elements[column_label].to_numpy().astype(int) == int(desired_value))]
C:\Users\Admin\dz\DriveZero\DriveRL\nuplan-devkit\nuplan\common\maps\nuplan_map\utils.py:413: RuntimeWarning: invalid value encountered in cast
  return elements.iloc[np.where(elements[column_label].to_numpy().astype(int) == int(desired_value))]
C:\Users\Admin\dz\DriveZero\DriveRL\nuplan-devkit\nuplan\common\maps\nuplan_map\utils.py:413: RuntimeWarning: invalid value encountered in cast
  return elements.iloc[np.where(elements[column_label].to_numpy().astype(int) == int(desired_value))]
C:\Users\Admin\dz\DriveZero\DriveRL\nuplan-devkit\nuplan\common\maps\nuplan_map\utils.py:413: RuntimeWarning: invalid value encountered in cast
  return elements.iloc[np.where(elements[column_label].to_numpy().astype(int) == int(desired_value))]
C:\Users\Admin\dz\DriveZero\DriveRL\nuplan-devkit\nuplan\common\maps\nuplan_map\utils.py:413: RuntimeWarning: invalid value encountered in cast
  return elements.iloc[np.where(elements[column_label].to_numpy().astype(int) == int(desired_value))]
C:\Users\Admin\dz\DriveZero\DriveRL\nuplan-devkit\nuplan\common\maps\nuplan_map\utils.py:413: RuntimeWarning: invalid value encountered in cast
  return elements.iloc[np.where(elements[column_label].to_numpy().astype(int) == int(desired_value))]
C:\Users\Admin\dz\DriveZero\DriveRL\nuplan-devkit\nuplan\common\maps\nuplan_map\utils.py:413: RuntimeWarning: invalid value encountered in cast
  return elements.iloc[np.where(elements[column_label].to_numpy().astype(int) == int(desired_value))]
C:\Users\Admin\dz\DriveZero\DriveRL\nuplan-devkit\nuplan\common\maps\nuplan_map\utils.py:413: RuntimeWarning: invalid value encountered in cast
  return elements.iloc[np.where(elements[column_label].to_numpy().astype(int) == int(desired_value))]
C:\Users\Admin\dz\DriveZero\DriveRL\nuplan-devkit\nuplan\common\maps\nuplan_map\utils.py:413: RuntimeWarning: invalid value encountered in cast
  return elements.iloc[np.where(elements[column_label].to_numpy().astype(int) == int(desired_value))]
C:\Users\Admin\dz\DriveZero\DriveRL\nuplan-devkit\nuplan\common\maps\nuplan_map\utils.py:413: RuntimeWarning: invalid value encountered in cast
  return elements.iloc[np.where(elements[column_label].to_numpy().astype(int) == int(desired_value))]
C:\Users\Admin\dz\DriveZero\DriveRL\nuplan-devkit\nuplan\common\maps\nuplan_map\utils.py:413: RuntimeWarning: invalid value encountered in cast
  return elements.iloc[np.where(elements[column_label].to_numpy().astype(int) == int(desired_value))]
    [15/32] rows 215  misses 0  286 s
C:\Users\Admin\dz\DriveZero\DriveRL\nuplan-devkit\nuplan\common\maps\nuplan_map\utils.py:413: RuntimeWarning: invalid value encountered in cast
  return elements.iloc[np.where(elements[column_label].to_numpy().astype(int) == int(desired_value))]
C:\Users\Admin\dz\DriveZero\DriveRL\nuplan-devkit\nuplan\common\maps\nuplan_map\utils.py:413: RuntimeWarning: invalid value encountered in cast
  return elements.iloc[np.where(elements[column_label].to_numpy().astype(int) == int(desired_value))]
C:\Users\Admin\dz\DriveZero\DriveRL\nuplan-devkit\nuplan\common\maps\nuplan_map\utils.py:413: RuntimeWarning: invalid value encountered in cast
  return elements.iloc[np.where(elements[column_label].to_numpy().astype(int) == int(desired_value))]
C:\Users\Admin\dz\DriveZero\DriveRL\nuplan-devkit\nuplan\common\maps\nuplan_map\utils.py:413: RuntimeWarning: invalid value encountered in cast
  return elements.iloc[np.where(elements[column_label].to_numpy().astype(int) == int(desired_value))]
C:\Users\Admin\dz\DriveZero\DriveRL\nuplan-devkit\nuplan\common\maps\nuplan_map\utils.py:413: RuntimeWarning: invalid value encountered in cast
  return elements.iloc[np.where(elements[column_label].to_numpy().astype(int) == int(desired_value))]
C:\Users\Admin\dz\DriveZero\DriveRL\nuplan-devkit\nuplan\common\maps\nuplan_map\utils.py:413: RuntimeWarning: invalid value encountered in cast
  return elements.iloc[np.where(elements[column_label].to_numpy().astype(int) == int(desired_value))]
C:\Users\Admin\dz\DriveZero\DriveRL\nuplan-devkit\nuplan\common\maps\nuplan_map\utils.py:413: RuntimeWarning: invalid value encountered in cast
  return elements.iloc[np.where(elements[column_label].to_numpy().astype(int) == int(desired_value))]
C:\Users\Admin\dz\DriveZero\DriveRL\nuplan-devkit\nuplan\common\maps\nuplan_map\utils.py:413: RuntimeWarning: invalid value encountered in cast
  return elements.iloc[np.where(elements[column_label].to_numpy().astype(int) == int(desired_value))]
C:\Users\Admin\dz\DriveZero\DriveRL\nuplan-devkit\nuplan\common\maps\nuplan_map\utils.py:413: RuntimeWarning: invalid value encountered in cast
  return elements.iloc[np.where(elements[column_label].to_numpy().astype(int) == int(desired_value))]
C:\Users\Admin\dz\DriveZero\DriveRL\nuplan-devkit\nuplan\common\maps\nuplan_map\utils.py:413: RuntimeWarning: invalid value encountered in cast
  return elements.iloc[np.where(elements[column_label].to_numpy().astype(int) == int(desired_value))]
C:\Users\Admin\dz\DriveZero\DriveRL\nuplan-devkit\nuplan\common\maps\nuplan_map\utils.py:413: RuntimeWarning: invalid value encountered in cast
  return elements.iloc[np.where(elements[column_label].to_numpy().astype(int) == int(desired_value))]
C:\Users\Admin\dz\DriveZero\DriveRL\nuplan-devkit\nuplan\common\maps\nuplan_map\utils.py:413: RuntimeWarning: invalid value encountered in cast
  return elements.iloc[np.where(elements[column_label].to_numpy().astype(int) == int(desired_value))]
C:\Users\Admin\dz\DriveZero\DriveRL\nuplan-devkit\nuplan\common\maps\nuplan_map\utils.py:413: RuntimeWarning: invalid value encountered in cast
  return elements.iloc[np.where(elements[column_label].to_numpy().astype(int) == int(desired_value))]
C:\Users\Admin\dz\DriveZero\DriveRL\nuplan-devkit\nuplan\common\maps\nuplan_map\utils.py:413: RuntimeWarning: invalid value encountered in cast
  return elements.iloc[np.where(elements[column_label].to_numpy().astype(int) == int(desired_value))]
C:\Users\Admin\dz\DriveZero\DriveRL\nuplan-devkit\nuplan\common\maps\nuplan_map\utils.py:413: RuntimeWarning: invalid value encountered in cast
  return elements.iloc[np.where(elements[column_label].to_numpy().astype(int) == int(desired_value))]
C:\Users\Admin\dz\DriveZero\DriveRL\nuplan-devkit\nuplan\common\maps\nuplan_map\utils.py:413: RuntimeWarning: invalid value encountered in cast
  return elements.iloc[np.where(elements[column_label].to_numpy().astype(int) == int(desired_value))]
C:\Users\Admin\dz\DriveZero\DriveRL\nuplan-devkit\nuplan\common\maps\nuplan_map\utils.py:413: RuntimeWarning: invalid value encountered in cast
  return elements.iloc[np.where(elements[column_label].to_numpy().astype(int) == int(desired_value))]
C:\Users\Admin\dz\DriveZero\DriveRL\nuplan-devkit\nuplan\common\maps\nuplan_map\utils.py:413: RuntimeWarning: invalid value encountered in cast
  return elements.iloc[np.where(elements[column_label].to_numpy().astype(int) == int(desired_value))]
C:\Users\Admin\dz\DriveZero\DriveRL\nuplan-devkit\nuplan\common\maps\nuplan_map\utils.py:413: RuntimeWarning: invalid value encountered in cast
  return elements.iloc[np.where(elements[column_label].to_numpy().astype(int) == int(desired_value))]
C:\Users\Admin\dz\DriveZero\DriveRL\nuplan-devkit\nuplan\common\maps\nuplan_map\utils.py:413: RuntimeWarning: invalid value encountered in cast
  return elements.iloc[np.where(elements[column_label].to_numpy().astype(int) == int(desired_value))]
C:\Users\Admin\dz\DriveZero\DriveRL\nuplan-devkit\nuplan\common\maps\nuplan_map\utils.py:413: RuntimeWarning: invalid value encountered in cast
  return elements.iloc[np.where(elements[column_label].to_numpy().astype(int) == int(desired_value))]
C:\Users\Admin\dz\DriveZero\DriveRL\nuplan-devkit\nuplan\common\maps\nuplan_map\utils.py:413: RuntimeWarning: invalid value encountered in cast
  return elements.iloc[np.where(elements[column_label].to_numpy().astype(int) == int(desired_value))]
C:\Users\Admin\dz\DriveZero\DriveRL\nuplan-devkit\nuplan\common\maps\nuplan_map\utils.py:413: RuntimeWarning: invalid value encountered in cast
  return elements.iloc[np.where(elements[column_label].to_numpy().astype(int) == int(desired_value))]
    [20/32] rows 258  misses 0  344 s
C:\Users\Admin\dz\DriveZero\DriveRL\nuplan-devkit\nuplan\common\maps\nuplan_map\utils.py:413: RuntimeWarning: invalid value encountered in cast
  return elements.iloc[np.where(elements[column_label].to_numpy().astype(int) == int(desired_value))]
C:\Users\Admin\dz\DriveZero\DriveRL\nuplan-devkit\nuplan\common\maps\nuplan_map\utils.py:413: RuntimeWarning: invalid value encountered in cast
  return elements.iloc[np.where(elements[column_label].to_numpy().astype(int) == int(desired_value))]
C:\Users\Admin\dz\DriveZero\DriveRL\nuplan-devkit\nuplan\common\maps\nuplan_map\utils.py:413: RuntimeWarning: invalid value encountered in cast
  return elements.iloc[np.where(elements[column_label].to_numpy().astype(int) == int(desired_value))]
C:\Users\Admin\dz\DriveZero\DriveRL\nuplan-devkit\nuplan\common\maps\nuplan_map\utils.py:413: RuntimeWarning: invalid value encountered in cast
  return elements.iloc[np.where(elements[column_label].to_numpy().astype(int) == int(desired_value))]
C:\Users\Admin\dz\DriveZero\DriveRL\nuplan-devkit\nuplan\common\maps\nuplan_map\utils.py:413: RuntimeWarning: invalid value encountered in cast
  return elements.iloc[np.where(elements[column_label].to_numpy().astype(int) == int(desired_value))]
C:\Users\Admin\dz\DriveZero\DriveRL\nuplan-devkit\nuplan\common\maps\nuplan_map\utils.py:413: RuntimeWarning: invalid value encountered in cast
  return elements.iloc[np.where(elements[column_label].to_numpy().astype(int) == int(desired_value))]
C:\Users\Admin\dz\DriveZero\DriveRL\nuplan-devkit\nuplan\common\maps\nuplan_map\utils.py:413: RuntimeWarning: invalid value encountered in cast
  return elements.iloc[np.where(elements[column_label].to_numpy().astype(int) == int(desired_value))]
C:\Users\Admin\dz\DriveZero\DriveRL\nuplan-devkit\nuplan\common\maps\nuplan_map\utils.py:413: RuntimeWarning: invalid value encountered in cast
  return elements.iloc[np.where(elements[column_label].to_numpy().astype(int) == int(desired_value))]
C:\Users\Admin\dz\DriveZero\DriveRL\nuplan-devkit\nuplan\common\maps\nuplan_map\utils.py:413: RuntimeWarning: invalid value encountered in cast
  return elements.iloc[np.where(elements[column_label].to_numpy().astype(int) == int(desired_value))]
C:\Users\Admin\dz\DriveZero\DriveRL\nuplan-devkit\nuplan\common\maps\nuplan_map\utils.py:413: RuntimeWarning: invalid value encountered in cast
  return elements.iloc[np.where(elements[column_label].to_numpy().astype(int) == int(desired_value))]
C:\Users\Admin\dz\DriveZero\DriveRL\nuplan-devkit\nuplan\common\maps\nuplan_map\utils.py:413: RuntimeWarning: invalid value encountered in cast
  return elements.iloc[np.where(elements[column_label].to_numpy().astype(int) == int(desired_value))]
C:\Users\Admin\dz\DriveZero\DriveRL\nuplan-devkit\nuplan\common\maps\nuplan_map\utils.py:413: RuntimeWarning: invalid value encountered in cast
  return elements.iloc[np.where(elements[column_label].to_numpy().astype(int) == int(desired_value))]
C:\Users\Admin\dz\DriveZero\DriveRL\nuplan-devkit\nuplan\common\maps\nuplan_map\utils.py:413: RuntimeWarning: invalid value encountered in cast
  return elements.iloc[np.where(elements[column_label].to_numpy().astype(int) == int(desired_value))]
C:\Users\Admin\dz\DriveZero\DriveRL\nuplan-devkit\nuplan\common\maps\nuplan_map\utils.py:413: RuntimeWarning: invalid value encountered in cast
  return elements.iloc[np.where(elements[column_label].to_numpy().astype(int) == int(desired_value))]
C:\Users\Admin\dz\DriveZero\DriveRL\nuplan-devkit\nuplan\common\maps\nuplan_map\utils.py:413: RuntimeWarning: invalid value encountered in cast
  return elements.iloc[np.where(elements[column_label].to_numpy().astype(int) == int(desired_value))]
C:\Users\Admin\dz\DriveZero\DriveRL\nuplan-devkit\nuplan\common\maps\nuplan_map\utils.py:413: RuntimeWarning: invalid value encountered in cast
  return elements.iloc[np.where(elements[column_label].to_numpy().astype(int) == int(desired_value))]
C:\Users\Admin\dz\DriveZero\DriveRL\nuplan-devkit\nuplan\common\maps\nuplan_map\utils.py:413: RuntimeWarning: invalid value encountered in cast
  return elements.iloc[np.where(elements[column_label].to_numpy().astype(int) == int(desired_value))]
C:\Users\Admin\dz\DriveZero\DriveRL\nuplan-devkit\nuplan\common\maps\nuplan_map\utils.py:413: RuntimeWarning: invalid value encountered in cast
  return elements.iloc[np.where(elements[column_label].to_numpy().astype(int) == int(desired_value))]
C:\Users\Admin\dz\DriveZero\DriveRL\nuplan-devkit\nuplan\common\maps\nuplan_map\utils.py:413: RuntimeWarning: invalid value encountered in cast
  return elements.iloc[np.where(elements[column_label].to_numpy().astype(int) == int(desired_value))]
C:\Users\Admin\dz\DriveZero\DriveRL\nuplan-devkit\nuplan\common\maps\nuplan_map\utils.py:413: RuntimeWarning: invalid value encountered in cast
  return elements.iloc[np.where(elements[column_label].to_numpy().astype(int) == int(desired_value))]
C:\Users\Admin\dz\DriveZero\DriveRL\nuplan-devkit\nuplan\common\maps\nuplan_map\utils.py:413: RuntimeWarning: invalid value encountered in cast
  return elements.iloc[np.where(elements[column_label].to_numpy().astype(int) == int(desired_value))]
C:\Users\Admin\dz\DriveZero\DriveRL\nuplan-devkit\nuplan\common\maps\nuplan_map\utils.py:413: RuntimeWarning: invalid value encountered in cast
  return elements.iloc[np.where(elements[column_label].to_numpy().astype(int) == int(desired_value))]
C:\Users\Admin\dz\DriveZero\DriveRL\nuplan-devkit\nuplan\common\maps\nuplan_map\utils.py:413: RuntimeWarning: invalid value encountered in cast
  return elements.iloc[np.where(elements[column_label].to_numpy().astype(int) == int(desired_value))]
C:\Users\Admin\dz\DriveZero\DriveRL\nuplan-devkit\nuplan\common\maps\nuplan_map\utils.py:413: RuntimeWarning: invalid value encountered in cast
  return elements.iloc[np.where(elements[column_label].to_numpy().astype(int) == int(desired_value))]
C:\Users\Admin\dz\DriveZero\DriveRL\nuplan-devkit\nuplan\common\maps\nuplan_map\utils.py:413: RuntimeWarning: invalid value encountered in cast
  return elements.iloc[np.where(elements[column_label].to_numpy().astype(int) == int(desired_value))]
C:\Users\Admin\dz\DriveZero\DriveRL\nuplan-devkit\nuplan\common\maps\nuplan_map\utils.py:413: RuntimeWarning: invalid value encountered in cast
  return elements.iloc[np.where(elements[column_label].to_numpy().astype(int) == int(desired_value))]
C:\Users\Admin\dz\DriveZero\DriveRL\nuplan-devkit\nuplan\common\maps\nuplan_map\utils.py:413: RuntimeWarning: invalid value encountered in cast
  return elements.iloc[np.where(elements[column_label].to_numpy().astype(int) == int(desired_value))]
C:\Users\Admin\dz\DriveZero\DriveRL\nuplan-devkit\nuplan\common\maps\nuplan_map\utils.py:413: RuntimeWarning: invalid value encountered in cast
  return elements.iloc[np.where(elements[column_label].to_numpy().astype(int) == int(desired_value))]
C:\Users\Admin\dz\DriveZero\DriveRL\nuplan-devkit\nuplan\common\maps\nuplan_map\utils.py:413: RuntimeWarning: invalid value encountered in cast
  return elements.iloc[np.where(elements[column_label].to_numpy().astype(int) == int(desired_value))]
C:\Users\Admin\dz\DriveZero\DriveRL\nuplan-devkit\nuplan\common\maps\nuplan_map\utils.py:413: RuntimeWarning: invalid value encountered in cast
  return elements.iloc[np.where(elements[column_label].to_numpy().astype(int) == int(desired_value))]
C:\Users\Admin\dz\DriveZero\DriveRL\nuplan-devkit\nuplan\common\maps\nuplan_map\utils.py:413: RuntimeWarning: invalid value encountered in cast
  return elements.iloc[np.where(elements[column_label].to_numpy().astype(int) == int(desired_value))]
C:\Users\Admin\dz\DriveZero\DriveRL\nuplan-devkit\nuplan\common\maps\nuplan_map\utils.py:413: RuntimeWarning: invalid value encountered in cast
  return elements.iloc[np.where(elements[column_label].to_numpy().astype(int) == int(desired_value))]
    [25/32] rows 325  misses 0  432 s
C:\Users\Admin\dz\DriveZero\DriveRL\nuplan-devkit\nuplan\common\maps\nuplan_map\utils.py:413: RuntimeWarning: invalid value encountered in cast
  return elements.iloc[np.where(elements[column_label].to_numpy().astype(int) == int(desired_value))]
C:\Users\Admin\dz\DriveZero\DriveRL\nuplan-devkit\nuplan\common\maps\nuplan_map\utils.py:413: RuntimeWarning: invalid value encountered in cast
  return elements.iloc[np.where(elements[column_label].to_numpy().astype(int) == int(desired_value))]
C:\Users\Admin\dz\DriveZero\DriveRL\nuplan-devkit\nuplan\common\maps\nuplan_map\utils.py:413: RuntimeWarning: invalid value encountered in cast
  return elements.iloc[np.where(elements[column_label].to_numpy().astype(int) == int(desired_value))]
C:\Users\Admin\dz\DriveZero\DriveRL\nuplan-devkit\nuplan\common\maps\nuplan_map\utils.py:413: RuntimeWarning: invalid value encountered in cast
  return elements.iloc[np.where(elements[column_label].to_numpy().astype(int) == int(desired_value))]
C:\Users\Admin\dz\DriveZero\DriveRL\nuplan-devkit\nuplan\common\maps\nuplan_map\utils.py:413: RuntimeWarning: invalid value encountered in cast
  return elements.iloc[np.where(elements[column_label].to_numpy().astype(int) == int(desired_value))]
C:\Users\Admin\dz\DriveZero\DriveRL\nuplan-devkit\nuplan\common\maps\nuplan_map\utils.py:413: RuntimeWarning: invalid value encountered in cast
  return elements.iloc[np.where(elements[column_label].to_numpy().astype(int) == int(desired_value))]
C:\Users\Admin\dz\DriveZero\DriveRL\nuplan-devkit\nuplan\common\maps\nuplan_map\utils.py:413: RuntimeWarning: invalid value encountered in cast
  return elements.iloc[np.where(elements[column_label].to_numpy().astype(int) == int(desired_value))]
C:\Users\Admin\dz\DriveZero\DriveRL\nuplan-devkit\nuplan\common\maps\nuplan_map\utils.py:413: RuntimeWarning: invalid value encountered in cast
  return elements.iloc[np.where(elements[column_label].to_numpy().astype(int) == int(desired_value))]
C:\Users\Admin\dz\DriveZero\DriveRL\nuplan-devkit\nuplan\common\maps\nuplan_map\utils.py:413: RuntimeWarning: invalid value encountered in cast
  return elements.iloc[np.where(elements[column_label].to_numpy().astype(int) == int(desired_value))]
C:\Users\Admin\dz\DriveZero\DriveRL\nuplan-devkit\nuplan\common\maps\nuplan_map\utils.py:413: RuntimeWarning: invalid value encountered in cast
  return elements.iloc[np.where(elements[column_label].to_numpy().astype(int) == int(desired_value))]
C:\Users\Admin\dz\DriveZero\DriveRL\nuplan-devkit\nuplan\common\maps\nuplan_map\utils.py:413: RuntimeWarning: invalid value encountered in cast
  return elements.iloc[np.where(elements[column_label].to_numpy().astype(int) == int(desired_value))]
C:\Users\Admin\dz\DriveZero\DriveRL\nuplan-devkit\nuplan\common\maps\nuplan_map\utils.py:413: RuntimeWarning: invalid value encountered in cast
  return elements.iloc[np.where(elements[column_label].to_numpy().astype(int) == int(desired_value))]
C:\Users\Admin\dz\DriveZero\DriveRL\nuplan-devkit\nuplan\common\maps\nuplan_map\utils.py:413: RuntimeWarning: invalid value encountered in cast
  return elements.iloc[np.where(elements[column_label].to_numpy().astype(int) == int(desired_value))]
C:\Users\Admin\dz\DriveZero\DriveRL\nuplan-devkit\nuplan\common\maps\nuplan_map\utils.py:413: RuntimeWarning: invalid value encountered in cast
  return elements.iloc[np.where(elements[column_label].to_numpy().astype(int) == int(desired_value))]
C:\Users\Admin\dz\DriveZero\DriveRL\nuplan-devkit\nuplan\common\maps\nuplan_map\utils.py:413: RuntimeWarning: invalid value encountered in cast
  return elements.iloc[np.where(elements[column_label].to_numpy().astype(int) == int(desired_value))]
C:\Users\Admin\dz\DriveZero\DriveRL\nuplan-devkit\nuplan\common\maps\nuplan_map\utils.py:413: RuntimeWarning: invalid value encountered in cast
  return elements.iloc[np.where(elements[column_label].to_numpy().astype(int) == int(desired_value))]
C:\Users\Admin\dz\DriveZero\DriveRL\nuplan-devkit\nuplan\common\maps\nuplan_map\utils.py:413: RuntimeWarning: invalid value encountered in cast
  return elements.iloc[np.where(elements[column_label].to_numpy().astype(int) == int(desired_value))]
C:\Users\Admin\dz\DriveZero\DriveRL\nuplan-devkit\nuplan\common\maps\nuplan_map\utils.py:413: RuntimeWarning: invalid value encountered in cast
  return elements.iloc[np.where(elements[column_label].to_numpy().astype(int) == int(desired_value))]
C:\Users\Admin\dz\DriveZero\DriveRL\nuplan-devkit\nuplan\common\maps\nuplan_map\utils.py:413: RuntimeWarning: invalid value encountered in cast
  return elements.iloc[np.where(elements[column_label].to_numpy().astype(int) == int(desired_value))]
C:\Users\Admin\dz\DriveZero\DriveRL\nuplan-devkit\nuplan\common\maps\nuplan_map\utils.py:413: RuntimeWarning: invalid value encountered in cast
  return elements.iloc[np.where(elements[column_label].to_numpy().astype(int) == int(desired_value))]
C:\Users\Admin\dz\DriveZero\DriveRL\nuplan-devkit\nuplan\common\maps\nuplan_map\utils.py:413: RuntimeWarning: invalid value encountered in cast
  return elements.iloc[np.where(elements[column_label].to_numpy().astype(int) == int(desired_value))]
C:\Users\Admin\dz\DriveZero\DriveRL\nuplan-devkit\nuplan\common\maps\nuplan_map\utils.py:413: RuntimeWarning: invalid value encountered in cast
  return elements.iloc[np.where(elements[column_label].to_numpy().astype(int) == int(desired_value))]
C:\Users\Admin\dz\DriveZero\DriveRL\nuplan-devkit\nuplan\common\maps\nuplan_map\utils.py:413: RuntimeWarning: invalid value encountered in cast
  return elements.iloc[np.where(elements[column_label].to_numpy().astype(int) == int(desired_value))]
C:\Users\Admin\dz\DriveZero\DriveRL\nuplan-devkit\nuplan\common\maps\nuplan_map\utils.py:413: RuntimeWarning: invalid value encountered in cast
  return elements.iloc[np.where(elements[column_label].to_numpy().astype(int) == int(desired_value))]
C:\Users\Admin\dz\DriveZero\DriveRL\nuplan-devkit\nuplan\common\maps\nuplan_map\utils.py:413: RuntimeWarning: invalid value encountered in cast
  return elements.iloc[np.where(elements[column_label].to_numpy().astype(int) == int(desired_value))]
C:\Users\Admin\dz\DriveZero\DriveRL\nuplan-devkit\nuplan\common\maps\nuplan_map\utils.py:413: RuntimeWarning: invalid value encountered in cast
  return elements.iloc[np.where(elements[column_label].to_numpy().astype(int) == int(desired_value))]
C:\Users\Admin\dz\DriveZero\DriveRL\nuplan-devkit\nuplan\common\maps\nuplan_map\utils.py:413: RuntimeWarning: invalid value encountered in cast
  return elements.iloc[np.where(elements[column_label].to_numpy().astype(int) == int(desired_value))]
C:\Users\Admin\dz\DriveZero\DriveRL\nuplan-devkit\nuplan\common\maps\nuplan_map\utils.py:413: RuntimeWarning: invalid value encountered in cast
  return elements.iloc[np.where(elements[column_label].to_numpy().astype(int) == int(desired_value))]
C:\Users\Admin\dz\DriveZero\DriveRL\nuplan-devkit\nuplan\common\maps\nuplan_map\utils.py:413: RuntimeWarning: invalid value encountered in cast
  return elements.iloc[np.where(elements[column_label].to_numpy().astype(int) == int(desired_value))]
C:\Users\Admin\dz\DriveZero\DriveRL\nuplan-devkit\nuplan\common\maps\nuplan_map\utils.py:413: RuntimeWarning: invalid value encountered in cast
  return elements.iloc[np.where(elements[column_label].to_numpy().astype(int) == int(desired_value))]
C:\Users\Admin\dz\DriveZero\DriveRL\nuplan-devkit\nuplan\common\maps\nuplan_map\utils.py:413: RuntimeWarning: invalid value encountered in cast
  return elements.iloc[np.where(elements[column_label].to_numpy().astype(int) == int(desired_value))]
C:\Users\Admin\dz\DriveZero\DriveRL\nuplan-devkit\nuplan\common\maps\nuplan_map\utils.py:413: RuntimeWarning: invalid value encountered in cast
  return elements.iloc[np.where(elements[column_label].to_numpy().astype(int) == int(desired_value))]
C:\Users\Admin\dz\DriveZero\DriveRL\nuplan-devkit\nuplan\common\maps\nuplan_map\utils.py:413: RuntimeWarning: invalid value encountered in cast
  return elements.iloc[np.where(elements[column_label].to_numpy().astype(int) == int(desired_value))]
C:\Users\Admin\dz\DriveZero\DriveRL\nuplan-devkit\nuplan\common\maps\nuplan_map\utils.py:413: RuntimeWarning: invalid value encountered in cast
  return elements.iloc[np.where(elements[column_label].to_numpy().astype(int) == int(desired_value))]
C:\Users\Admin\dz\DriveZero\DriveRL\nuplan-devkit\nuplan\common\maps\nuplan_map\utils.py:413: RuntimeWarning: invalid value encountered in cast
  return elements.iloc[np.where(elements[column_label].to_numpy().astype(int) == int(desired_value))]
C:\Users\Admin\dz\DriveZero\DriveRL\nuplan-devkit\nuplan\common\maps\nuplan_map\utils.py:413: RuntimeWarning: invalid value encountered in cast
  return elements.iloc[np.where(elements[column_label].to_numpy().astype(int) == int(desired_value))]
    [30/32] rows 367  misses 0  487 s
C:\Users\Admin\dz\DriveZero\DriveRL\nuplan-devkit\nuplan\common\maps\nuplan_map\utils.py:413: RuntimeWarning: invalid value encountered in cast
  return elements.iloc[np.where(elements[column_label].to_numpy().astype(int) == int(desired_value))]
C:\Users\Admin\dz\DriveZero\DriveRL\nuplan-devkit\nuplan\common\maps\nuplan_map\utils.py:413: RuntimeWarning: invalid value encountered in cast
  return elements.iloc[np.where(elements[column_label].to_numpy().astype(int) == int(desired_value))]
C:\Users\Admin\dz\DriveZero\DriveRL\nuplan-devkit\nuplan\common\maps\nuplan_map\utils.py:413: RuntimeWarning: invalid value encountered in cast
  return elements.iloc[np.where(elements[column_label].to_numpy().astype(int) == int(desired_value))]
C:\Users\Admin\dz\DriveZero\DriveRL\nuplan-devkit\nuplan\common\maps\nuplan_map\utils.py:413: RuntimeWarning: invalid value encountered in cast
  return elements.iloc[np.where(elements[column_label].to_numpy().astype(int) == int(desired_value))]
C:\Users\Admin\dz\DriveZero\DriveRL\nuplan-devkit\nuplan\common\maps\nuplan_map\utils.py:413: RuntimeWarning: invalid value encountered in cast
  return elements.iloc[np.where(elements[column_label].to_numpy().astype(int) == int(desired_value))]
C:\Users\Admin\dz\DriveZero\DriveRL\nuplan-devkit\nuplan\common\maps\nuplan_map\utils.py:413: RuntimeWarning: invalid value encountered in cast
  return elements.iloc[np.where(elements[column_label].to_numpy().astype(int) == int(desired_value))]
C:\Users\Admin\dz\DriveZero\DriveRL\nuplan-devkit\nuplan\common\maps\nuplan_map\utils.py:413: RuntimeWarning: invalid value encountered in cast
  return elements.iloc[np.where(elements[column_label].to_numpy().astype(int) == int(desired_value))]
C:\Users\Admin\dz\DriveZero\DriveRL\nuplan-devkit\nuplan\common\maps\nuplan_map\utils.py:413: RuntimeWarning: invalid value encountered in cast
  return elements.iloc[np.where(elements[column_label].to_numpy().astype(int) == int(desired_value))]
C:\Users\Admin\dz\DriveZero\DriveRL\nuplan-devkit\nuplan\common\maps\nuplan_map\utils.py:413: RuntimeWarning: invalid value encountered in cast
  return elements.iloc[np.where(elements[column_label].to_numpy().astype(int) == int(desired_value))]
C:\Users\Admin\dz\DriveZero\DriveRL\nuplan-devkit\nuplan\common\maps\nuplan_map\utils.py:413: RuntimeWarning: invalid value encountered in cast
  return elements.iloc[np.where(elements[column_label].to_numpy().astype(int) == int(desired_value))]
C:\Users\Admin\dz\DriveZero\DriveRL\nuplan-devkit\nuplan\common\maps\nuplan_map\utils.py:413: RuntimeWarning: invalid value encountered in cast
  return elements.iloc[np.where(elements[column_label].to_numpy().astype(int) == int(desired_value))]
C:\Users\Admin\dz\DriveZero\DriveRL\nuplan-devkit\nuplan\common\maps\nuplan_map\utils.py:413: RuntimeWarning: invalid value encountered in cast
  return elements.iloc[np.where(elements[column_label].to_numpy().astype(int) == int(desired_value))]
C:\Users\Admin\dz\DriveZero\DriveRL\nuplan-devkit\nuplan\common\maps\nuplan_map\utils.py:413: RuntimeWarning: invalid value encountered in cast
  return elements.iloc[np.where(elements[column_label].to_numpy().astype(int) == int(desired_value))]
C:\Users\Admin\dz\DriveZero\DriveRL\nuplan-devkit\nuplan\common\maps\nuplan_map\utils.py:413: RuntimeWarning: invalid value encountered in cast
  return elements.iloc[np.where(elements[column_label].to_numpy().astype(int) == int(desired_value))]
C:\Users\Admin\dz\DriveZero\DriveRL\nuplan-devkit\nuplan\common\maps\nuplan_map\utils.py:413: RuntimeWarning: invalid value encountered in cast
  return elements.iloc[np.where(elements[column_label].to_numpy().astype(int) == int(desired_value))]
C:\Users\Admin\dz\DriveZero\DriveRL\nuplan-devkit\nuplan\common\maps\nuplan_map\utils.py:413: RuntimeWarning: invalid value encountered in cast
  return elements.iloc[np.where(elements[column_label].to_numpy().astype(int) == int(desired_value))]
C:\Users\Admin\dz\DriveZero\DriveRL\nuplan-devkit\nuplan\common\maps\nuplan_map\utils.py:413: RuntimeWarning: invalid value encountered in cast
  return elements.iloc[np.where(elements[column_label].to_numpy().astype(int) == int(desired_value))]
C:\Users\Admin\dz\DriveZero\DriveRL\nuplan-devkit\nuplan\common\maps\nuplan_map\utils.py:413: RuntimeWarning: invalid value encountered in cast
  return elements.iloc[np.where(elements[column_label].to_numpy().astype(int) == int(desired_value))]
C:\Users\Admin\dz\DriveZero\DriveRL\nuplan-devkit\nuplan\common\maps\nuplan_map\utils.py:413: RuntimeWarning: invalid value encountered in cast
  return elements.iloc[np.where(elements[column_label].to_numpy().astype(int) == int(desired_value))]
C:\Users\Admin\dz\DriveZero\DriveRL\nuplan-devkit\nuplan\common\maps\nuplan_map\utils.py:413: RuntimeWarning: invalid value encountered in cast
  return elements.iloc[np.where(elements[column_label].to_numpy().astype(int) == int(desired_value))]
C:\Users\Admin\dz\DriveZero\DriveRL\nuplan-devkit\nuplan\common\maps\nuplan_map\utils.py:413: RuntimeWarning: invalid value encountered in cast
  return elements.iloc[np.where(elements[column_label].to_numpy().astype(int) == int(desired_value))]
    [32/32] rows 422  misses 0  560 s
{
 "tokens_asked": 422,
 "rows": 422,
 "misses": 0,
 "ckpt": "D:/Projects/TanitAD/data/refe_runs_eval/snap_epoch015.pt",
 "select": "best",
 "rule": "navsim_v1",
 "repair_last_heading": true,
 "sanitize_goal": true,
 "frame_control": {
  "n": 422,
  "max_m": 7.160723346098895e-15,
  "median_m": 9.036960834438385e-16,
  "bar_m": 0.001,
  "what": "log future on NAVSIM's 0.5 s grid vs W3 human_future_poses"
 },
 "interpolation_residual": {
  "n": 422,
  "max_m": 0.07812021590403496,
  "median_m": 0.0070901062545517006,
  "what": "log future on REFe's 0.2 s grid -> to_navsim, vs W3; reported, not gated"
 },
 "seconds": 559.8,
 "proposals": {
  "n": 422,
  "M": 64,
  "ade_selected_m": 1.8863,
  "ade_random_m": 2.3401,
  "ade_oracle_m": 0.4915,
  "oracle_index_distinct": 53,
  "oracle_index_top5": [
   [
    6,
    71
   ],
   [
    13,
    68
   ],
   [
    56,
    44
   ],
   [
    4,
    21
   ],
   [
    20,
    17
   ]
  ],
  "selected_index_distinct": 41,
  "endpoint_spread_m": 2.538,
  "what": "open-loop ADE over NAVSIM's 8 poses (0.5 s) vs W3's human future: selected = the planner's pick; random = mean over the M proposals (a random selector's expectation); oracle = best of M; oracle_index_* = how many proposals are ever best (WTA collapse if few); endpoint_spread = mean distance of the M endpoints from their centroid"
 }
}
ZZSEAM_OK 422 0.0000
