  tokens: 422 over 32 logs; ckpt D:/Projects/TanitAD/data/refe_runs_eval/snap_epoch015.pt
  planner: trained=True per_sample_calib=True device=cuda select=best
C:\Users\Admin\dz\DriveZero\DriveRL\nuplan-devkit\nuplan\common\maps\nuplan_map\utils.py:413: RuntimeWarning: invalid value encountered in cast
  return elements.iloc[np.where(elements[column_label].to_numpy().astype(int) == int(desired_value))]
    [5/32] rows 75  misses 0  114 s
C:\Users\Admin\dz\DriveZero\DriveRL\nuplan-devkit\nuplan\common\maps\nuplan_map\utils.py:413: RuntimeWarning: invalid value encountered in cast
  return elements.iloc[np.where(elements[column_label].to_numpy().astype(int) == int(desired_value))]
    [10/32] rows 170  misses 0  250 s
C:\Users\Admin\dz\DriveZero\DriveRL\nuplan-devkit\nuplan\common\maps\nuplan_map\utils.py:413: RuntimeWarning: invalid value encountered in cast
  return elements.iloc[np.where(elements[column_label].to_numpy().astype(int) == int(desired_value))]
    [15/32] rows 215  misses 0  323 s
    [20/32] rows 258  misses 0  399 s
    [25/32] rows 325  misses 0  496 s
C:\Users\Admin\dz\DriveZero\DriveRL\nuplan-devkit\nuplan\common\maps\nuplan_map\utils.py:413: RuntimeWarning: invalid value encountered in cast
  return elements.iloc[np.where(elements[column_label].to_numpy().astype(int) == int(desired_value))]
    [30/32] rows 367  misses 0  560 s
    [32/32] rows 422  misses 0  638 s
{
 "tokens_asked": 422,
 "rows": 422,
 "misses": 0,
 "ckpt": "D:/Projects/TanitAD/data/refe_runs_eval/snap_epoch015.pt",
 "select": "best",
 "rule": "navsim_v1",
 "repair_last_heading": true,
 "sanitize_goal": false,
 "frame_control": {
  "n": 422,
  "max_m": 7.160723346098895e-15,
  "median_m": 9.036960834438385e-16,
  "bar_m": 0.001,
  "what": "log future on NAVSIM's 0.5 s grid vs W3 human_future_poses"
 },
 "interpolation_residual": {
  "n": 422,
  "max_m": 0.07812021590403496,
  "median_m": 0.0070901062545517006,
  "what": "log future on REFe's 0.2 s grid -> to_navsim, vs W3; reported, not gated"
 },
 "seconds": 638.1,
 "proposals": {
  "n": 422,
  "M": 64,
  "ade_selected_m": 4.4139,
  "ade_random_m": 4.7688,
  "ade_oracle_m": 3.2966,
  "oracle_index_distinct": 46,
  "oracle_index_top5": [
   [
    13,
    200
   ],
   [
    12,
    17
   ],
   [
    32,
    17
   ],
   [
    52,
    15
   ],
   [
    6,
    15
   ]
  ],
  "selected_index_distinct": 36,
  "endpoint_spread_m": 1.791,
  "what": "open-loop ADE over NAVSIM's 8 poses (0.5 s) vs W3's human future: selected = the planner's pick; random = mean over the M proposals (a random selector's expectation); oracle = best of M; oracle_index_* = how many proposals are ever best (WTA collapse if few); endpoint_spread = mean distance of the M endpoints from their centroid"
 },
 "proposal_dump": "D:\\Projects\\TanitAD\\data\\refe_proxy\\goal_clamp\\a8\\refe_a8_off_props.npz"
}
ZZSEAM_OK 422 0.0000
