map harness blob: 9bec9e8844d522550eee5e5b4d1769fb09147d76
/home/nvidia/refcv7_bind/run_map/inputs/gmo_spec_A19_MAP_MAIN.json: OK
/home/nvidia/refcv7_bind/run_map/inputs/gmo_frameset.json: OK
/home/nvidia/data/refcv7/map_hires_class_weights_train_100x30.json: OK
canonical argv: 154 tokens, gate sha 6402d33de75b7f1c..., map tokens OK
{"arm": "healthy", "step": 100, "train_loss": 1.2179980278015137, "iou": {"nocls": 0.015252387180521, "drivable": 0.6370388046085752, "lane": 0.0, "crosswalk": 0.49438357425651414, "arrow": 0.0, "edge": 0.0, "hatched": 0.6377281641273194, "sidewalk": 0.5588694414338634}}
{"arm": "healthy", "step": 200, "train_loss": 0.7934116721153259, "iou": {"nocls": 0.4738991666747509, "drivable": 0.7286622585331632, "lane": 0.0, "crosswalk": 0.5413155018800823, "arrow": 0.00460431654676259, "edge": 0.0, "hatched": 0.706851957388979, "sidewalk": 0.6853907326529183}}
{"arm": "healthy", "step": 300, "train_loss": 0.524481475353241, "iou": {"nocls": 0.6814350298964562, "drivable": 0.8302043319881827, "lane": 0.2189344576466079, "crosswalk": 0.6596088028231455, "arrow": 0.567360079247152, "edge": 0.008368667708100871, "hatched": 0.6519407558733401, "sidewalk": 0.8449622651269996}}
{"arm": "healthy", "step": 400, "train_loss": 0.4811108410358429, "iou": {"nocls": 0.7897510101561647, "drivable": 0.8558028701794129, "lane": 0.1573698718988163, "crosswalk": 0.6532173775858329, "arrow": 0.5293040293040293, "edge": 0.007253544345532476, "hatched": 0.6760872821690718, "sidewalk": 0.8850244053444734}}
{"arm": "healthy", "step": 500, "train_loss": 0.3386283814907074, "iou": {"nocls": 0.814114333588834, "drivable": 0.8865646178119592, "lane": 0.34328581025602745, "crosswalk": 0.7349514926770798, "arrow": 0.6669561441597915, "edge": 0.06678493164979651, "hatched": 0.7865677986114391, "sidewalk": 0.9099564127436036}}
{"arm": "healthy", "step": 600, "train_loss": 0.3459737300872803, "iou": {"nocls": 0.8276169518533976, "drivable": 0.8934747041968345, "lane": 0.3604919865821841, "crosswalk": 0.7348194823512172, "arrow": 0.636977733299975, "edge": 0.1022716000396786, "hatched": 0.7874988476076334, "sidewalk": 0.9179568640790939}}
{"arm": "healthy", "step": 700, "train_loss": 0.26879507303237915, "iou": {"nocls": 0.8558734067872928, "drivable": 0.9044646131279794, "lane": 0.4080484954718084, "crosswalk": 0.7591856820004375, "arrow": 0.7127450980392157, "edge": 0.054863941831001434, "hatched": 0.7931904161412359, "sidewalk": 0.9271777891784879}}
{"arm": "healthy", "step": 800, "train_loss": 0.24282997846603394, "iou": {"nocls": 0.8788454891116488, "drivable": 0.9141685864981813, "lane": 0.4804081632653061, "crosswalk": 0.7796705353800075, "arrow": 0.7037319116527038, "edge": 0.1123116883116883, "hatched": 0.8216976633285646, "sidewalk": 0.9400833694137278}}
{"arm": "healthy", "step": 900, "train_loss": 0.21874773502349854, "iou": {"nocls": 0.8705932658278519, "drivable": 0.9103024329633012, "lane": 0.47250798155374246, "crosswalk": 0.7727584464337279, "arrow": 0.6627335299901671, "edge": 0.12479362921239195, "hatched": 0.8286382779597566, "sidewalk": 0.9294308001284336}}
{"arm": "healthy", "step": 1000, "train_loss": 0.22768668830394745, "iou": {"nocls": 0.8976044779659409, "drivable": 0.9145865094729912, "lane": 0.46220952094457396, "crosswalk": 0.7906415094339623, "arrow": 0.7237635705669482, "edge": 0.21461799964215422, "hatched": 0.8117911661961047, "sidewalk": 0.9459480358799877}}
{"arm": "healthy", "step": 1100, "train_loss": 0.22760111093521118, "iou": {"nocls": 0.8980820695807314, "drivable": 0.9236210903747788, "lane": 0.5411127523387493, "crosswalk": 0.7943661971830986, "arrow": 0.7305334846765039, "edge": 0.21041645959646157, "hatched": 0.830853832179506, "sidewalk": 0.9521998515701395}}
{"arm": "healthy", "step": 1200, "train_loss": 0.18539932370185852, "iou": {"nocls": 0.9105475001212356, "drivable": 0.930134922775076, "lane": 0.5681996434937612, "crosswalk": 0.8059856736335983, "arrow": 0.7491065046461758, "edge": 0.27893407646085516, "hatched": 0.8370405727923628, "sidewalk": 0.9548256192335669}}
{"arm": "healthy", "step": 1300, "train_loss": 0.1834980696439743, "iou": {"nocls": 0.9176237888661685, "drivable": 0.9382776986466222, "lane": 0.6119582949145329, "crosswalk": 0.8321064935566761, "arrow": 0.7583876980428704, "edge": 0.33770315165664005, "hatched": 0.8539773006436397, "sidewalk": 0.9574847462401803}}
{"arm": "healthy", "step": 1400, "train_loss": 0.17933620512485504, "iou": {"nocls": 0.9102068432244346, "drivable": 0.9351312869048117, "lane": 0.6138369944569904, "crosswalk": 0.8083212209302325, "arrow": 0.7473710565848773, "edge": 0.29289810322011467, "hatched": 0.8391977480647431, "sidewalk": 0.954093945201816}}
{"arm": "healthy", "step": 1500, "train_loss": 0.1548185497522354, "iou": {"nocls": 0.9105855149709986, "drivable": 0.9369809831041386, "lane": 0.6367579097049414, "crosswalk": 0.8404917522564581, "arrow": 0.7691345672836418, "edge": 0.3214478174959583, "hatched": 0.838420688062803, "sidewalk": 0.9578950740889067}}
{"arm": "healthy", "step": 1600, "train_loss": 0.14673766493797302, "iou": {"nocls": 0.9169541646131099, "drivable": 0.9382540457539927, "lane": 0.6435255263520022, "crosswalk": 0.8356074026610381, "arrow": 0.7805834763422408, "edge": 0.3040375756480896, "hatched": 0.8556720869816222, "sidewalk": 0.959194047040732}}
{"arm": "healthy", "step": 1700, "train_loss": 0.12599194049835205, "iou": {"nocls": 0.9375678026563982, "drivable": 0.9512909719177662, "lane": 0.6857482715039774, "crosswalk": 0.8678019801980198, "arrow": 0.782789009849663, "edge": 0.37249336141378997, "hatched": 0.8587505626969439, "sidewalk": 0.9688200215389067}}
{"arm": "healthy", "step": 1800, "train_loss": 0.13973118364810944, "iou": {"nocls": 0.9170127998643723, "drivable": 0.9427180664357881, "lane": 0.6215686274509804, "crosswalk": 0.8474750064086132, "arrow": 0.6751644736842105, "edge": 0.3466741300494449, "hatched": 0.8623711596872977, "sidewalk": 0.962352380430967}}
{"arm": "healthy", "step": 1900, "train_loss": 0.14278414845466614, "iou": {"nocls": 0.9308997960883426, "drivable": 0.9455023350777968, "lane": 0.6165015503289722, "crosswalk": 0.8606889267061792, "arrow": 0.7812351543942992, "edge": 0.3433553251649387, "hatched": 0.8611056072914602, "sidewalk": 0.9671587515731511}}
{"arm": "healthy", "step": 2000, "train_loss": 0.1375489979982376, "iou": {"nocls": 0.9351868972430102, "drivable": 0.9508115114400572, "lane": 0.6787377133988619, "crosswalk": 0.8646401610468042, "arrow": 0.7769750640876253, "edge": 0.414560341758633, "hatched": 0.8576792328377898, "sidewalk": 0.9694450010018032}}
{"arm": "healthy", "step": 2100, "train_loss": 0.12058307230472565, "iou": {"nocls": 0.9380845892075839, "drivable": 0.9510199383080042, "lane": 0.6845323741007194, "crosswalk": 0.8651512700210322, "arrow": 0.7872718052738337, "edge": 0.40209212699577906, "hatched": 0.8735724706947728, "sidewalk": 0.9705037064336447}}
{"arm": "healthy", "step": 2200, "train_loss": 0.1460268497467041, "iou": {"nocls": 0.9381057892219543, "drivable": 0.9533883490817282, "lane": 0.6913384638599668, "crosswalk": 0.8785277049050004, "arrow": 0.782573726541555, "edge": 0.43017273061374495, "hatched": 0.8496065437978878, "sidewalk": 0.971982905262885}}
{"arm": "healthy", "step": 2300, "train_loss": 0.15036839246749878, "iou": {"nocls": 0.9215522027525884, "drivable": 0.9416266046432632, "lane": 0.6737329098190857, "crosswalk": 0.8550333256722592, "arrow": 0.7998474059003052, "edge": 0.3316532258064516, "hatched": 0.8413662063212531, "sidewalk": 0.9627331189710611}}
{"arm": "healthy", "step": 2400, "train_loss": 0.12262055277824402, "iou": {"nocls": 0.9231365013382484, "drivable": 0.9502550870123596, "lane": 0.6723091903228222, "crosswalk": 0.8704434641281634, "arrow": 0.7912146070388992, "edge": 0.41825192802056554, "hatched": 0.8737723715040631, "sidewalk": 0.9670235546038544}}
{"arm": "healthy", "step": 2500, "train_loss": 0.09665665030479431, "iou": {"nocls": 0.9496158795772726, "drivable": 0.9581425288662014, "lane": 0.7292663183457208, "crosswalk": 0.8941531452321957, "arrow": 0.8090909090909091, "edge": 0.4591689938224592, "hatched": 0.8813907982539763, "sidewalk": 0.9739476352668938}}
{"arm": "healthy", "step": 2600, "train_loss": 0.11518649756908417, "iou": {"nocls": 0.9466550450988649, "drivable": 0.9579024671963419, "lane": 0.7185250477449684, "crosswalk": 0.8885096476344553, "arrow": 0.8306892067620286, "edge": 0.48694646397884994, "hatched": 0.8857270560190703, "sidewalk": 0.9735382444694705}}
{"arm": "healthy", "step": 2700, "train_loss": 0.10683809965848923, "iou": {"nocls": 0.9390950608281844, "drivable": 0.9544642836135887, "lane": 0.7092871631411185, "crosswalk": 0.8891506608633151, "arrow": 0.8059778407626901, "edge": 0.3915009746588694, "hatched": 0.8808149746574999, "sidewalk": 0.9668103955926037}}
{"arm": "healthy", "step": 2800, "train_loss": 0.08812898397445679, "iou": {"nocls": 0.9475345244979368, "drivable": 0.959089440781348, "lane": 0.7342609174817468, "crosswalk": 0.8942557452461681, "arrow": 0.8189342990170719, "edge": 0.4869253119124936, "hatched": 0.8864441072331816, "sidewalk": 0.9740993146130467}}
{"arm": "healthy", "step": 2900, "train_loss": 0.08933604508638382, "iou": {"nocls": 0.962613787334547, "drivable": 0.9673042092985766, "lane": 0.7702959750437495, "crosswalk": 0.9123522385600725, "arrow": 0.8385899814471243, "edge": 0.5466983372921616, "hatched": 0.8911425950463765, "sidewalk": 0.9815259031183989}}
{"arm": "healthy", "step": 3000, "train_loss": 0.07665913552045822, "iou": {"nocls": 0.9630441837366873, "drivable": 0.9680247941925394, "lane": 0.772889598054859, "crosswalk": 0.915151390488728, "arrow": 0.8384697130712009, "edge": 0.5467329953123505, "hatched": 0.8932709900386258, "sidewalk": 0.9815594111769627}}
[closure_run] 101 modules, 0 probed, 61 absent names, 17 data files, exit 0 -> /home/nvidia/refcv7_bind/run_map/gmo_closure.json
{
 "MAIN": {
  "presence_short": {},
  "inconclusive": false,
  "bars": {
   "nocls": true,
   "drivable": true,
   "sidewalk": true,
   "lane": true,
   "crosswalk": true,
   "arrow": true,
   "edge": true,
   "hatched": true
  },
  "ce_ratio_ok": {
   "nocls": true,
   "drivable": true,
   "lane": true,
   "crosswalk": true,
   "arrow": true,
   "edge": true,
   "hatched": true,
   "sidewalk": true
  },
  "loss_finite_every_step": true,
  "verdict": "PASS"
 },
 "regression_arms": {},
 "controls_reproduced": true,
 "time_guard": {
  "kinds": [
   "time_1ms"
  ],
  "time_1ms_on_every_clip": true
 },
 "G_MAP_OVERFIT": "PASS"
}
