Loading weights:   0%|          | 0/415 [00:00<?, ?it/s]Loading weights:  84%|########4 | 350/415 [00:00<00:00, 3499.04it/s]Loading weights: 100%|##########| 415/415 [00:00<00:00, 3522.88it/s]
[wpl] ep 1/34 ep_00000: 60 windows (24 s)
[wpl] ep 2/34 ep_00004: 120 windows (47 s)
[wpl] ep 3/34 ep_00006: 180 windows (70 s)
[wpl] ep 4/34 ep_00008: 240 windows (92 s)
[wpl] ep 5/34 ep_00010: 300 windows (116 s)
[wpl] ep 6/34 ep_00015: 300 windows (116 s)
[wpl] ep 7/34 ep_00018: 334 windows (129 s)
[wpl] ep 8/34 ep_00020: 394 windows (152 s)
[wpl] ep 9/34 ep_00021: 454 windows (176 s)
[wpl] ep 10/34 ep_00022: 514 windows (199 s)
[wpl] ep 11/34 ep_00023: 574 windows (222 s)
[wpl] ep 12/34 ep_00026: 634 windows (246 s)
[wpl] ep 13/34 ep_00027: 694 windows (269 s)
[wpl] ep 14/34 ep_00030: 754 windows (293 s)
[wpl] ep 15/34 ep_00033: 814 windows (315 s)
[wpl] ep 16/34 ep_00034: 874 windows (338 s)
[wpl] ep 17/34 ep_00035: 934 windows (361 s)
[wpl] ep 18/34 ep_00048: 994 windows (384 s)
[wpl] ep 19/34 ep_00049: 1054 windows (407 s)
[wpl] ep 20/34 ep_00051: 1114 windows (430 s)
[wpl] ep 21/34 ep_00052: 1174 windows (453 s)
[wpl] ep 22/34 ep_00054: 1234 windows (475 s)
[wpl] ep 23/34 ep_00056: 1294 windows (498 s)
[wpl] ep 24/34 ep_00059: 1354 windows (521 s)
[wpl] ep 25/34 ep_00063: 1414 windows (544 s)
[wpl] ep 26/34 ep_00064: 1474 windows (567 s)
[wpl] ep 27/34 ep_00074: 1534 windows (591 s)
[wpl] ep 28/34 ep_00076: 1594 windows (614 s)
[wpl] ep 29/34 ep_00078: 1654 windows (636 s)
[wpl] ep 30/34 ep_00086: 1714 windows (659 s)
[wpl] ep 31/34 ep_00089: 1774 windows (682 s)
[wpl] ep 32/34 ep_00091: 1834 windows (702 s)
[wpl] ep 33/34 ep_00092: 1894 windows (716 s)
[wpl] ep 34/34 ep_00095: 1954 windows (731 s)

[wpl] 86 masked NO_LABEL - windows n=1954 - episodes 33 - fmap (1954, 704, 8, 8)
   trunk 2x4 linear       d=5632   linear  std 1.153  nonfinite 0
   trunk 2x4 rbf          d=5632   rbf  std 1.153  nonfinite 0
   trunk 8x8 linear       d=45056  linear  std 1.56  nonfinite 0
   trunk 8x8 rbf          d=45056  rbf  std 1.56  nonfinite 0
   dinov3 2x4 linear      d=24576  linear  std 0.2123  nonfinite 0
[wpl] cache trunk 2x4 linear       built (34 s)
   trunk 2x4 linear       vru<20m IN-FOV           auc 0.5554  adj +0.0792  p_glob 0.320  p_within 0.155 (83 s)
   trunk 2x4 linear       vru<60m IN-FOV           auc 0.4943  adj +0.0327  p_glob 0.485  p_within 0.185 (132 s)
   trunk 2x4 linear       PC-TRUNK sel lateral>0   auc 0.9232  adj +0.1966  p_glob 0.000  p_within 0.000 (181 s)
[wpl] cache trunk 2x4 rbf          built (261 s)
   trunk 2x4 rbf          vru<20m IN-FOV           auc 0.5060  adj +0.0374  p_glob 0.365  p_within 0.305 (363 s)
   trunk 2x4 rbf          vru<60m IN-FOV           auc 0.5107  adj +0.0893  p_glob 0.160  p_within 0.040 (468 s)
   trunk 2x4 rbf          PC-TRUNK sel lateral>0   auc 0.9585  adj +0.2111  p_glob 0.000  p_within 0.000 (573 s)
[wpl] cache trunk 8x8 linear       built (699 s)
   trunk 8x8 linear       vru<20m IN-FOV           auc 0.5011  adj +0.0045  p_glob 0.515  p_within 0.495 (748 s)
   trunk 8x8 linear       vru<60m IN-FOV           auc 0.4969  adj +0.0078  p_glob 0.485  p_within 0.420 (797 s)
   trunk 8x8 linear       PC-TRUNK sel lateral>0   auc 0.9348  adj +0.2179  p_glob 0.000  p_within 0.000 (846 s)
[wpl] cache trunk 8x8 rbf          built (1020 s)
   trunk 8x8 rbf          vru<20m IN-FOV           auc 0.5522  adj +0.0558  p_glob 0.150  p_within 0.235 (1126 s)
   trunk 8x8 rbf          vru<60m IN-FOV           auc 0.4816  adj +0.0585  p_glob 0.110  p_within 0.020 (1229 s)
   trunk 8x8 rbf          PC-TRUNK sel lateral>0   auc 0.8596  adj +0.2036  p_glob 0.000  p_within 0.000 (1335 s)
[wpl] cache dinov3 2x4 linear      built (1413 s)
   dinov3 2x4 linear      vru<20m IN-FOV           auc 0.6483  adj +0.1935  p_glob 0.055  p_within 0.000 (1462 s)
   dinov3 2x4 linear      vru<60m IN-FOV           auc 0.6211  adj +0.0501  p_glob 0.070  p_within 0.025 (1511 s)
   dinov3 2x4 linear      PC-TRUNK sel lateral>0   auc 0.6223  adj +0.1015  p_glob 0.000  p_within 0.000 (1559 s)

  CONSTANT-only control  0.5000   <- must be 0.5000 EXACTLY
  PC-TRUNK per arm (every TRUNK arm must win decisively):
      trunk 2x4 linear       0.9232
      trunk 2x4 rbf          0.9585
      trunk 8x8 linear       0.9348
      trunk 8x8 rbf          0.8596
      dinov3 2x4 linear      0.6223
  trunk arms readable: YES

VERDICT on the near band
   trunk 2x4 linear       adj +0.0792  p_within 0.155   (baseline adj +0.0792)
   trunk 2x4 rbf          adj +0.0374  p_within 0.305   (baseline adj +0.0792)
   trunk 8x8 linear       adj +0.0045  p_within 0.495   (baseline adj +0.0792)
   trunk 8x8 rbf          adj +0.0558  p_within 0.235   (baseline adj +0.0792)
   dinov3 2x4 linear      adj +0.1935  p_within 0.000   (baseline adj +0.0792)

  => NOT RESCUED -- neither a finer grid nor a nonlinear kernel brings the trunk across; the trunk genuinely lacks agent presence and DISTILLATION is the right lever

-> wpl_trunk_pooling_kernel.json
