[wpq] n=1360 K=128 episodes=34 | sd[S0] 17.907 sd_a[E] 1.457

  beta    auth%       ADE      ADE - base  CI95   CONrank  gap(cross-real) CI95
  0.00      0.0    0.6636   +0.0000 [+0.0000,+0.0000]      75.80   +0.0000 [-0.0000,+0.0000] 
  0.50      4.1    0.6535   -0.0101 [-0.0270,+0.0053]      69.80   +0.0115 [+0.0019,+0.0204]*
  1.00      8.1    0.6521   -0.0113 [-0.0416,+0.0175]      64.40   +0.0251 [+0.0087,+0.0425]*
  1.25     10.2    0.6512   -0.0123 [-0.0445,+0.0193]      61.96   +0.0387 [+0.0215,+0.0577]*
  1.50     12.2    0.6479   -0.0157 [-0.0492,+0.0169]      59.06   +0.0520 [+0.0316,+0.0739]*
  1.75     14.2    0.6531   -0.0104 [-0.0467,+0.0265]      56.07   +0.0608 [+0.0369,+0.0846]*
  2.00     16.3    0.6583   -0.0052 [-0.0445,+0.0330]      53.66   +0.0742 [+0.0498,+0.0999]*
  2.50     20.3    0.6982   +0.0345 [-0.0118,+0.0788]      47.42   +0.0845 [+0.0450,+0.1221]*
  3.00     24.4    0.8168   +0.1524 [+0.0608,+0.2547]*     38.70   +0.0461 [-0.0437,+0.1271] 
  4.00     32.5    1.2102   +0.5468 [+0.3137,+0.8291]*     24.40   -0.1318 [-0.4004,+0.0848] 
  5.00     40.7    1.4864   +0.8229 [+0.5781,+1.1013]*     14.33   -0.1572 [-0.4029,+0.0561] 
  (* = interval excludes 0)   chance CON rank = 64.5

=== THE THREE CLAIMS WP-P MADE WITHOUT INTERVALS ===
1. ADE(beta=2) - ADE(base)     -0.0052 [-0.0445,+0.0330]  overlaps 0
2. ADE(beta=2) - ADE(beta=1)   +0.0061 [-0.0173,+0.0279]  overlaps 0
3. gap(beta=2) - gap(beta=1)   +0.0491 [+0.0307,+0.0686]  SEPARATED

  KNEE (first beta whose ADE is SEPARATED WORSE than base): beta 3.00 (auth 24.4 %, ADE 0.8168)
  SAFE band (ADE not separated-worse than base): beta 0.50, 1.00, 1.25, 1.50, 1.75, 2.00, 2.50
  Best consistency INSIDE the safe band: beta 2.50 -> CON rank 47.42 (auth 20.3 %, ADE 0.6982)

  => STAGE A BETA = 2.50 -- the largest authority whose ADE is not separated-worse than the base policy, giving the best readable consistency in that band

-> wpq_frontier_ci.json
