[join] 26394 lines, 139 clips, 1.7s
[corpus] join 139 x eps 141 -> 139 clips
[predictor] RESIDUAL_HEAD_INIT_SCALE=0.001  (identity-scale start)
[v6] O6 rank gate CAN rule: --spectrum-accum 43 x 48 rows/call -> ceiling 2063 >= 1024
[v6] params 19.31 M / budget 300 M · arm shared-encoder+adapters · per-group {'encoder': 0.97, 'readout': 0.01, 'predictor_op': 7.57, 'layer_tac': 4.89, 'layer_str': 3.56, 'planner': 0.69, 'aux': 1.62, 'interp': 0.0}
[v6] X3 isolation pass=True violations={'planner_to_encoder': 0, 'tactical_to_below': 0, 'strategic_to_below': 0}
[geometry] v6_probe_trunk: NON-DEFAULT - 256x640px, f_ref 305.58, cylindrical, HFOV 120.00deg / VFOV 45.46deg, tokens 640 (16x40 @ patch 16), state_dim 2048, cache fragment {'geom': '256x640f305.5775cyl'}
[geometry] WARNING: this frame (120.00deg) EXCEEDS comma2k19's entire field (65.203deg). comma2k19 cannot supply it at any resolution — it must be letterboxed (geometry_mode='rectify', explicit unobserved mask), given its own frame, or dropped from the mix. That is a PI decision, not a default.
[trunk] step 30000 token_grid (16, 40) d_model 128 readout (4, 8) d_readout 64
[plan] N=13223 rows  stride=2  cells=7680
[bank] clip 0/139 rows 100/13223 1s eta 118s
[bank] clip 20/139 rows 2065/13223 15s eta 79s
[bank] clip 40/139 rows 4034/13223 29s eta 66s
[bank] clip 60/139 rows 5809/13223 43s eta 55s
[bank] clip 80/139 rows 7806/13223 57s eta 40s
[bank] clip 100/139 rows 9523/13223 71s eta 28s
[bank] clip 120/139 rows 11490/13223 86s eta 13s
[bank] wrote 13223 rows in 99s
[assert] mean|tok| 0.80588  mean|pix| 0.26377  occ_rate 0.017402  rows_with_any_agent 10252/13223
DONE C:\Users\Admin\wpa-readout\bank\k8r1
