[fov] in-field 7090/7680 (92.32 %)  half_angle 60 deg -> FOV 120 deg
[target] y_cent_all   dim   1  n_valid  10252  sd 5.7245 m
[target] y_cent_15_30 dim   1  n_valid   7632  sd 6.3126 m
[target] y_near       dim   1  n_valid  10252  sd 7.8664 m
[target] x_near       dim   1  n_valid  10252  sd 14.1265 m
[target] n_occ        dim   1  n_valid  13223  sd 2.1779 log1p
[target] prof64       dim  64  n_valid  10252  sd 0.0432 frac
[split] clips 84/25/30  rows 7842/2407/2974
[tok_16x[tok_16x40 ] d= 81920 az=40  y_all R2 -0.1126 MAE 4.093m | y15-30 R2 -0.1073 MAE 4.784m | y_near R2 -0.1003 | x_near R2 +0.0110 | n_occ R2 +0.0705 | prof64 R2 -0.0096 (13s)
[tok_8x20  ] d= 20480 az=20  y_all R2 -0.0454 MAE 3.953m | y15-30 R2 -0.0372 MAE 4.582m | y_near R2 -0.0409 | x_near R2 +0.0077 | n_occ R2 +0.0630 | prof64 R2 +0.0007 (6s)
[tok_4x8   ] d=  4096 az= 8  y_all R2 -0.0598 MAE 3.970m | y15-30 R2 -0.0104 MAE 4.501m | y_near R2 -0.0115 | x_near R2 -0.0329 | n_occ R2 -0.0826 | prof64 R2 +0.0045 (4s)
[tok_4x4   ] d=  2048 az= 4  y_all R2 -0.1381 MAE 4.116m | y15-30 R2 -0.0054 MAE 4.488m | y_near R2 -0.0062 | x_near R2 -0.0035 | n_occ R2 -0.0165 | prof64 R2 +0.0044 (4s)
[tok_4x2   ] d=  1024 az= 2  y_all R2 -0.2394 MAE 4.317m | y15-30 R2 -0.0809 MAE 4.694m | y_near R2 -0.0855 | x_near R2 -0.0435 | n_occ R2 -0.0035 | prof64 R2 +0.0037 (4s)
[tok_1x1   ] d=   128 az= 1  y_all R2 -0.1309 MAE 4.137m | y15-30 R2 -0.0352 MAE 4.584m | y_near R2 -0.0897 | x_near R2 -0.0389 | n_occ R2 +0.0584 | prof64 R2 +0.0008 (4s)
[pix_16x40 ] d=  5760 az=40  y_all R2 -0.0730 MAE 3.976m | y15-30 R2 -0.1218 MAE 4.876m | y_near R2 -0.0278 | x_near R2 -0.1154 | n_occ R2 +0.0985 | prof64 R2 -0.0042 (3s)
[pix_8x20  ] d=  1440 az=20  y_all R2 -0.1168 MAE 4.071m | y15-30 R2 -0.0552 MAE 4.644m | y_near R2 -0.0095 | x_near R2 -0.1055 | n_occ R2 +0.0778 | prof64 R2 -0.0001 (2s)
[pix_4x4   ] d=   144 az= 4  y_all R2 -0.1071 MAE 4.023m | y15-30 R2 -0.0516 MAE 4.627m | y_near R2 -0.0086 | x_near R2 -0.0813 | n_occ R2 +0.0799 | prof64 R2 -0.0001 (2s)
[control shuffled] {"y_cent_all": {"r2_test": -0.007330894470214844, "lambda": 1000000.0}, "n_occ": {"r2_test": -0.0036771297454833984, "lambda": 1000000.0}}
[control constant] r2_test = 0.000000 BY CONSTRUCTION (the score's denominator IS the constant predictor)
WROTE C:\Users\Admin\wpa-readout\raw\bearing_k8.json 50s
