[address] in-field 7090/7680  addressable 7054/7680 (91.85 %)  col range 0.00..39.00
[probe] addressable cells 7054  pos dim 21
[occupancy] addressable-cell base rate 0.017445 -> ALL-ZERO accuracy 98.2555 %
[split] clips 84/25/30  rows 7842/2407/2974
C:\Users\Admin\wpa-readout\code\s5_indexed.py:233: UserWarning: Converting a tensor with requires_grad=True to a scalar may lead to unexpected behavior.
Consider using tensor.detach() first. (Triggered internally at C:\actions-runner\_work\pytorch\pytorch\pytorch\torch\csrc\autograd\generated\python_variable_methods.cpp:837.)
  print(f"    step {step:5d} loss {float(loss):.5f}", flush=True)
    step     0 loss 1.33785
    step  1000 loss 1.01710
    step  2000 loss 0.99324
    step  3000 loss 0.61662
    step  3999 loss 0.64248
[tok_16x40 ] az=40 par= 82.6k  AP 0.0295 (fit 0.2049)  F1 0.0621  IoU 0.0320  latMAE 0-15 5.265 15-30 5.282 30-45 5.292 m (35s)
    step     0 loss 1.33784
    step  1000 loss 1.11109
    step  2000 loss 1.17260
    step  3000 loss 0.67577
    step  3999 loss 0.71245
[tok_8x20  ] az=20 par= 82.6k  AP 0.0330 (fit 0.1743)  F1 0.0684  IoU 0.0354  latMAE 0-15 5.492 15-30 5.516 30-45 4.998 m (48s)
    step     0 loss 1.33717
    step  1000 loss 1.14876
    step  2000 loss 1.26610
    step  3000 loss 0.82343
    step  3999 loss 0.75707
[tok_4x8   ] az= 8 par= 82.6k  AP 0.0318 (fit 0.1304)  F1 0.0675  IoU 0.0349  latMAE 0-15 5.444 15-30 5.680 30-45 4.940 m (73s)
    step     0 loss 1.33720
    step  1000 loss 1.12475
    step  2000 loss 1.26325
    step  3000 loss 0.82046
    step  3999 loss 0.74563
[tok_4x4   ] az= 4 par= 82.6k  AP 0.0327 (fit 0.1445)  F1 0.0663  IoU 0.0343  latMAE 0-15 5.556 15-30 5.930 30-45 5.062 m (72s)
    step     0 loss 1.33734
    step  1000 loss 1.17030
    step  2000 loss 1.22049
    step  3000 loss 0.85775
    step  3999 loss 0.75211
[tok_4x2   ] az= 2 par= 82.6k  AP 0.0332 (fit 0.1386)  F1 0.0680  IoU 0.0352  latMAE 0-15 5.735 15-30 5.737 30-45 4.894 m (72s)
    step     0 loss 1.33695
    step  1000 loss 1.17465
    step  2000 loss 1.36002
    step  3000 loss 1.14466
    step  3999 loss 1.19074
[tok_1x1   ] az= 1 par= 82.6k  AP 0.0335 (fit 0.0581)  F1 0.0673  IoU 0.0348  latMAE 0-15 5.191 15-30 4.843 30-45 4.378 m (73s)
    step     0 loss 1.33689
    step  1000 loss 1.11046
    step  2000 loss 1.13878
    step  3000 loss 0.70384
    step  3999 loss 0.65038
[pix_16x40 ] az=40 par= 80.7k  AP 0.0270 (fit 0.1760)  F1 0.0555  IoU 0.0286  latMAE 0-15 5.729 15-30 6.044 30-45 5.426 m (67s)
    step     0 loss 1.33683
    step  1000 loss 1.14601
    step  2000 loss 1.17741
    step  3000 loss 0.72104
    step  3999 loss 0.70269
[pix_8x20  ] az=20 par= 80.7k  AP 0.0301 (fit 0.1565)  F1 0.0669  IoU 0.0346  latMAE 0-15 5.439 15-30 5.740 30-45 4.785 m (68s)
    step     0 loss 1.33684
    step  1000 loss 1.13565
    step  2000 loss 1.18054
    step  3000 loss 0.82451
    step  3999 loss 0.79902
[pix_4x4   ] az= 4 par= 80.7k  AP 0.0266 (fit 0.1262)  F1 0.0530  IoU 0.0272  latMAE 0-15 5.261 15-30 5.869 30-45 4.891 m (68s)
    step     0 loss 1.33841
    step  1000 loss 1.18163
    step  2000 loss 1.38554
    step  3000 loss 1.23697
    step  3999 loss 1.33784
[pos_only  ] az=40 par= 82.6k  AP 0.0325 (fit 0.0359)  F1 0.0649  IoU 0.0335  latMAE 0-15 5.015 15-30 4.479 30-45 4.175 m (62s)
    step     0 loss 1.34872
    step  1000 loss 1.38316
    step  2000 loss 1.24541
    step  3000 loss 1.37486
    step  3999 loss 1.34381
[shuffled  ] az=40 par= 82.6k  AP 0.0325 (fit 0.0361)  F1 0.0659  IoU 0.0341  latMAE 0-15 5.017 15-30 4.475 30-45 4.165 m (74s)
[allzero] {"ap": 0.016256187111139297, "accuracy": 0.9838757514953613, "iou": 0.0, "f1": 0.0, "base_rate_test": 0.016124196350574493}
WROTE raw/indexed_k8.json 714s
