[boot] test rows 2974 over 30 clips, cells 6996, base rate 0.016198
[boot] arms: ['orc_16x4', 'orc_16x40', 'orc_1x1', 'orc_4x2', 'orc_4x4', 'orc_4x40', 'orc_4x8', 'orc_8x20', 'pos_only']
[point] orc_16x4   AP 0.2028  latMAE15-30 2.246 m
[point] orc_16x40  AP 0.4776  latMAE15-30 1.347 m
[point] orc_1x1    AP 0.0909  latMAE15-30 4.550 m
[point] orc_4x2    AP 0.1252  latMAE15-30 3.283 m
[point] orc_4x4    AP 0.1594  latMAE15-30 2.674 m
[point] orc_4x40   AP 0.3083  latMAE15-30 1.975 m
[point] orc_4x8    AP 0.2106  latMAE15-30 2.110 m
[point] orc_8x20   AP 0.3369  latMAE15-30 1.793 m
[point] pos_only   AP 0.0316  latMAE15-30 4.479 m
[paired orc_16x40 - orc_16x4  ] dAP +0.2759 [+0.2413, +0.3147] sep=True   dLat -0.904 m [-1.179, -0.672] sep=True
[paired orc_16x40 - orc_1x1   ] dAP +0.3884 [+0.3449, +0.4357] sep=True   dLat -3.203 m [-4.498, -2.153] sep=True
[paired orc_16x40 - orc_4x2   ] dAP +0.3539 [+0.3164, +0.3981] sep=True   dLat -1.930 m [-2.597, -1.357] sep=True
[paired orc_16x40 - orc_4x4   ] dAP +0.3199 [+0.2824, +0.3633] sep=True   dLat -1.336 m [-1.756, -0.960] sep=True
[paired orc_16x40 - orc_4x40  ] dAP +0.1692 [+0.1540, +0.1879] sep=True   dLat -0.638 m [-0.900, -0.386] sep=True
[paired orc_16x40 - orc_4x8   ] dAP +0.2682 [+0.2348, +0.3055] sep=True   dLat -0.770 m [-1.015, -0.515] sep=True
[paired orc_16x40 - orc_8x20  ] dAP +0.1413 [+0.1192, +0.1629] sep=True   dLat -0.454 m [-0.668, -0.267] sep=True
[paired orc_16x40 - pos_only  ] dAP +0.4461 [+0.3999, +0.4960] sep=True   dLat -3.132 m [-4.448, -2.072] sep=True
[replicate noise floor, AP] {"orc_16x40": 0.0122, "orc_8x20": 0.0081, "orc_4x8": 0.0069, "orc_4x4": 0.003, "pos_only": 0.0005}
WROTE C:\Users\Admin\wpa-readout\raw\bootstrap.json
