[env] tanitad from C:\Users\Admin\wpd-probe\snap\tanitad\__init__.py
[join] 26394 lines, 139 clips, 1.7s
[corpus] join 139 x eps 141 -> 139 clips, N=13223 rows (stride 2)
[align] {"wpa_clips": 139, "wpa_N": 13223, "clips_equal": true, "plan_equal": true}
[trunk D0] step 4000 params 90506042 bev_aux_keys 0 md5 ca24c1b923d0
[trunk D1] step 4000 params 90506042 bev_aux_keys 6 md5 7d0cb3e203c2
[trunk D2] step 4000 params 90506042 bev_aux_keys 6 md5 c937109410f1
[trunk-distinct] {"D0": 508.94134521484375, "D1": 508.9967041015625, "D2": 509.3002624511719}
[bank] clip 0/139 rows 100/13223 4s eta 498s
[bank] clip 20/139 rows 2065/13223 77s eta 417s
[bank] clip 40/139 rows 4034/13223 150s eta 341s
[bank] clip 60/139 rows 5809/13223 216s eta 276s
[bank] clip 80/139 rows 7806/13223 291s eta 202s
[bank] clip 100/139 rows 9523/13223 356s eta 138s
[bank] clip 120/139 rows 11490/13223 429s eta 65s
[bank] wrote 13223 rows in 494s
[assert] {
 "mean_abs_tok_D0": 1.794173002243042,
 "mean_abs_tok_D1": 1.784393072128296,
 "mean_abs_tok_D2": 1.824432373046875,
 "mean_abs_pix": 0.2637641727924347,
 "cart_occ_rate_allcells": 0.01740155647356878,
 "polar_base_rate_supervised": 0.03161550127090956,
 "polar_masked_frac": 0.17634802994781817,
 "rows_with_any_agent_cart": 10252,
 "rows_with_any_agent_polar": 10603
}
[distinct-features] |D0-D1| 2.046446  |D0-D2| 2.015763
[align] y_cart vs WP-A: True 0
DONE C:\Users\Admin\wpd-probe\bank 524s
