[env] tanitad from C:\Users\Admin\wpd-probe\snap\tanitad\__init__.py
[join] 26394 lines, 139 clips, 1.8s
[corpus] join 139 x eps 141 -> 139 clips, N=13223 rows (stride 2)
[align] {"wpa_clips": 139, "wpa_N": 13223, "clips_equal": true, "plan_equal": true}
[trunk D0] step 4000 params 90506042 bev_aux_keys 0 md5 ca24c1b923d0
[trunk D0b] step 4000 params 90506042 bev_aux_keys 0 md5 c88eb8776f83
[trunk D0c] step 4000 params 90506042 bev_aux_keys 0 md5 21b73bb0a46b
[trunk D1] step 4000 params 90506042 bev_aux_keys 6 md5 7d0cb3e203c2
[trunk D2] step 4000 params 90506042 bev_aux_keys 6 md5 c937109410f1
[trunk-distinct] {"D0": 508.94134521484375, "D0b": 509.5608215332031, "D0c": 511.0760192871094, "D1": 508.9967041015625, "D2": 509.3002624511719}
[bank] clip 0/139 rows 100/13223 6s eta 754s
[bank] clip 20/139 rows 2065/13223 116s eta 629s
[bank] clip 40/139 rows 4034/13223 228s eta 519s
[bank] clip 60/139 rows 5809/13223 329s eta 420s
[bank] clip 80/139 rows 7806/13223 445s eta 309s
[bank] clip 100/139 rows 9523/13223 547s eta 213s
[bank] clip 120/139 rows 11490/13223 664s eta 100s
[bank] wrote 13223 rows in 766s
[assert] {
 "mean_abs_tok_D0": 1.794173002243042,
 "mean_abs_tok_D0b": 1.7437946796417236,
 "mean_abs_tok_D0c": 1.7272320985794067,
 "mean_abs_tok_D1": 1.784393072128296,
 "mean_abs_tok_D2": 1.824432373046875,
 "mean_abs_pix": 0.2637641727924347,
 "cart_occ_rate_allcells": 0.01740155647356878,
 "polar_base_rate_supervised": 0.03161550127090956,
 "polar_masked_frac": 0.17634802994781817,
 "rows_with_any_agent_cart": 10252,
 "rows_with_any_agent_polar": 10603
}
[distinct-features] |D0-D0b| 1.703763
[distinct-features] |D0-D0c| 2.261256
[distinct-features] |D0-D1| 2.046446
[distinct-features] |D0-D2| 2.015763
[distinct-features] |D0b-D0c| 2.211210
[distinct-features] |D0b-D1| 1.992800
[distinct-features] |D0b-D2| 2.000739
[distinct-features] |D0c-D1| 2.230863
[distinct-features] |D0c-D2| 2.262956
[distinct-features] |D1-D2| 1.704973
[align] y_cart vs WP-A: True 0
DONE C:\Users\Admin\wpd-probe\bank_rep 797s
