[boot] geom pol  rows 2974  cells/row 480  scored 1171327  pos 35131
[boot] 2000 draws over 30 episodes
[pre] tok_D0: 15010 tie groups over 1171327 cells
[pre] tok_D0b: 13603 tie groups over 1171327 cells
[pre] tok_D0c: 13641 tie groups over 1171327 cells
[pre] tok_D1: 13509 tie groups over 1171327 cells
[pre] tok_D2: 13763 tie groups over 1171327 cells
[exactness] fast vs re-sorted AP on 3 real draws:
   fast 0.132429732566   resorted 0.132429732566   equal=True
   fast 0.140166794122   resorted 0.140166794122   equal=False
   fast 0.215576271512   resorted 0.215576271512   equal=True
[draws] tok_D0: point 0.143813 boot mean 0.142668
[draws] tok_D0b: point 0.143179 boot mean 0.140749
[draws] tok_D0c: point 0.138076 boot mean 0.136852
[draws] tok_D1: point 0.153917 boot mean 0.151419
[draws] tok_D2: point 0.151410 boot mean 0.149421
[pair] A3 the lever vs aux-off (bar: >= 3x replicate floor) +0.01010 [-0.01106, +0.02850] sep=False
[pair] A4 information vs shuffled target (bar: >= 3x floor) +0.00251 [-0.01341, +0.01764] sep=False
[pair] CONTEXT: the ZERO-INFORMATION target vs aux-off      +0.00760 [-0.00674, +0.01949] sep=False
[pair] A3 FLOOR f_same: D0 flags, D0 SEED, zero levers moved -0.00063 [-0.02266, +0.01478] sep=False
[pair] A3 FLOOR f_seed: D0 flags, seed 1 (prereg section 4) -0.00574 [-0.03050, +0.01943] sep=False
[pair] A3 CONTEXT: replicate vs replicate                   -0.00510 [-0.02566, +0.02334] sep=False
[pair] A3 CONTEXT: the lever vs the same-seed replicate     +0.01074 [-0.00840, +0.03059] sep=False
[pair] A3 CONTEXT: shuffled target vs the replicate         +0.00823 [-0.00643, +0.02605] sep=False
WROTE C:\Users\Admin\wpd-probe\raw\boot_rep_pol.json
