[boot] geom cart  rows 2974  cells/row 7014  scored 20859636  pos 335982
[boot] 2000 draws over 30 episodes
[pre] tok_D0: 13982 tie groups over 20859636 cells
[pre] tok_D0b: 12766 tie groups over 20859636 cells
[pre] tok_D0c: 14869 tie groups over 20859636 cells
[pre] tok_D1: 14215 tie groups over 20859636 cells
[pre] tok_D2: 14559 tie groups over 20859636 cells
[exactness] fast vs re-sorted AP on 3 real draws:
   fast 0.063101829908   resorted 0.063101829908   equal=True
   fast 0.057939415733   resorted 0.057939415733   equal=True
   fast 0.064214009309   resorted 0.064214009309   equal=True
[draws] tok_D0: point 0.056174 boot mean 0.055017
[draws] tok_D0b: point 0.056458 boot mean 0.055268
[draws] tok_D0c: point 0.050833 boot mean 0.050030
[draws] tok_D1: point 0.057853 boot mean 0.056749
[draws] tok_D2: point 0.058569 boot mean 0.057437
[pair] A3 the lever vs aux-off (bar: >= 3x replicate floor) +0.00168 [-0.00693, +0.01016] sep=False
[pair] A4 information vs shuffled target (bar: >= 3x floor) -0.00072 [-0.00798, +0.00573] sep=False
[pair] CONTEXT: the ZERO-INFORMATION target vs aux-off      +0.00239 [-0.00151, +0.00744] sep=False
[pair] A3 FLOOR f_same: D0 flags, D0 SEED, zero levers moved +0.00028 [-0.00583, +0.00762] sep=False
[pair] A3 FLOOR f_seed: D0 flags, seed 1 (prereg section 4) -0.00534 [-0.01038, +0.00072] sep=False
[pair] A3 CONTEXT: replicate vs replicate                   -0.00562 [-0.01195, +0.00159] sep=False
[pair] A3 CONTEXT: the lever vs the same-seed replicate     +0.00139 [-0.00545, +0.00820] sep=False
[pair] A3 CONTEXT: shuffled target vs the replicate         +0.00211 [-0.00393, +0.00828] sep=False
WROTE C:\Users\Admin\wpd-probe\raw\boot_rep_cart.json
