[registration] max |col(prog) - j| over the polar grid = 0.000000 (0 means the column-to-column registration is EXACT)
[geom pol] cells 480  pos_dim 21  test rows 2974 episodes 30
[split] clips fit/val/test 84/25/30  rows 7842/2407/2974
[base] test base rate 0.029992479 = 35131/1171327 scored cells -> an ALL-ZERO predictor would score 97.0008 % ACCURACY, which is why no headline number here is an accuracy
[CONTROL] constant(0.37) AP 0.029992478616   base rate 0.029992478616   exact_match=True
[CONTROL] allzero AP 0.029992478616  allone AP 0.029992478616  perfect AP 1.000000000000
C:\Users\Admin\wpd-probe\code\b2_probe_wpd.py:299: UserWarning: Converting a tensor with requires_grad=True to a scalar may lead to unexpected behavior.
Consider using tensor.detach() first. (Triggered internally at C:\actions-runner\_work\pytorch\pytorch\pytorch\torch\csrc\autograd\generated\python_variable_methods.cpp:837.)
  print(f"    [{name}/{sign}] step {step:5d} loss {float(loss):.5f}", flush=True)
    [__signcheck_prog/prog] step     0 loss 1.07554
    [__signcheck_prog/prog] step   500 loss 1.26914
    [__signcheck_prog/prog] step  1000 loss 0.75014
    [__signcheck_prog/prog] step  1499 loss 0.58094
    [__signcheck_wpa/wpa] step     0 loss 1.07554
    [__signcheck_wpa/wpa] step   500 loss 1.27674
    [__signcheck_wpa/wpa] step  1000 loss 0.85493
    [__signcheck_wpa/wpa] step  1499 loss 0.71693
[az-sign] pix val AP  prog 0.089897  wpa 0.062447  -> CHOSEN prog
    [tok_D0/prog] step     0 loss 1.08180
    [tok_D0/prog] step   500 loss 1.18385
    [tok_D0/prog] step  1000 loss 0.80755
    [tok_D0/prog] step  1499 loss 0.63435
[tok_D0   ] AP_test 0.1434  AP_val 0.0942  F1 0.2291  IoU 0.1294  par 67.2k  n_scored 1171327  d_raw 112640  (35s)
    [tok_D1/prog] step     0 loss 1.06964
    [tok_D1/prog] step   500 loss 1.24934
    [tok_D1/prog] step  1000 loss 0.71612
    [tok_D1/prog] step  1499 loss 0.63574
[tok_D1   ] AP_test 0.1527  AP_val 0.1152  F1 0.2314  IoU 0.1309  par 67.2k  n_scored 1171327  d_raw 112640  (36s)
    [tok_D2/prog] step     0 loss 1.07479
    [tok_D2/prog] step   500 loss 1.33424
    [tok_D2/prog] step  1000 loss 0.90331
    [tok_D2/prog] step  1499 loss 0.58102
[tok_D2   ] AP_test 0.1525  AP_val 0.1046  F1 0.2313  IoU 0.1307  par 67.2k  n_scored 1171327  d_raw 112640  (35s)
    [pix/prog] step     0 loss 1.07554
    [pix/prog] step   500 loss 1.26913
    [pix/prog] step  1000 loss 0.75014
    [pix/prog] step  1499 loss 0.58094
[pix      ] AP_test 0.1337  AP_val 0.0899  F1 0.1911  IoU 0.1057  par 56.1k  n_scored 1171327  d_raw 1440  (8s)
    [pos_only/prog] step     0 loss 1.07406
    [pos_only/prog] step   500 loss 1.33893
    [pos_only/prog] step  1000 loss 0.98874
    [pos_only/prog] step  1499 loss 0.90000
[pos_only ] AP_test 0.0696  AP_val 0.0616  F1 0.1255  IoU 0.0670  par 67.2k  n_scored 1171327  d_raw 112640  (39s)
    [shuf_D1/prog] step     0 loss 1.06539
    [shuf_D1/prog] step   500 loss 1.07198
    [shuf_D1/prog] step  1000 loss 1.17147
    [shuf_D1/prog] step  1499 loss 1.40652
[shuf_D1  ] AP_test 0.0670  AP_val 0.0612  F1 0.1221  IoU 0.0650  par 67.2k  n_scored 1171327  d_raw 112640  (37s)
[boot] 200 draws over 30 test episodes, cell stride 1 -> 480 cells/row
[boot] 206s
[pair] A1 marginal                        tok_D1 - pos_only: +0.08307 [+0.02873, +0.12763] separated=True
[pair] A2 raw-pixel floor                 tok_D1 - pix: +0.01902 [-0.01263, +0.04839] separated=False
[pair] A3 the lever vs aux-off            tok_D1 - tok_D0: +0.00927 [-0.01486, +0.02961] separated=False
[pair] A4 information vs shuffled target  tok_D1 - tok_D2: +0.00023 [-0.01703, +0.01494] separated=False
[pair] D0 marginal (context)              tok_D0 - pos_only: +0.07380 [+0.02492, +0.12424] separated=True
[pair] D0 vs pixels (context)             tok_D0 - pix: +0.00974 [-0.03921, +0.05778] separated=False
[pair] D2 marginal (context)              tok_D2 - pos_only: +0.08284 [+0.03598, +0.13142] separated=True
[pair] D2 vs D0 (context)                 tok_D2 - tok_D0: +0.00904 [-0.01116, +0.02630] separated=False
[pair] shuffled-frame control -> must NOT separate up shuf_D1 - pos_only: -0.00266 [-0.00756, +0.00099] separated=False
WROTE C:\Users\Admin\wpd-probe\raw\panel_pol.json
