[geom cart] cells 7014  pos_dim 21  test rows 2974 episodes 30
[split] clips fit/val/test 84/25/30  rows 7842/2407/2974
[base] test base rate 0.016106801 = 335982/20859636 scored cells -> an ALL-ZERO predictor would score 98.3893 % ACCURACY, which is why no headline number here is an accuracy
[CONTROL] constant(0.37) AP 0.016106800713   base rate 0.016106800713   exact_match=True
[CONTROL] allzero AP 0.016106800713  allone AP 0.016106800713  perfect AP 1.000000000000
C:\Users\Admin\wpd-probe\code\b2_probe_wpd.py:306: UserWarning: Converting a tensor with requires_grad=True to a scalar may lead to unexpected behavior.
Consider using tensor.detach() first. (Triggered internally at C:\actions-runner\_work\pytorch\pytorch\pytorch\torch\csrc\autograd\generated\python_variable_methods.cpp:837.)
  print(f"    [{name}/{sign}] step {step:5d} loss {float(loss):.5f}", flush=True)
    [tok_D0/prog] step     0 loss 1.32269
    [tok_D0/prog] step   500 loss 1.30943
    [tok_D0/prog] step  1000 loss 0.82146
    [tok_D0/prog] step  1499 loss 0.98975
[tok_D0   ] AP_test 0.0562  AP_val 0.0377  F1 0.1253  IoU 0.0669  par 67.2k  n_scored 20859636  d_raw 112640  (42s)
    [tok_D1/prog] step     0 loss 1.31434
    [tok_D1/prog] step   500 loss 1.22167
    [tok_D1/prog] step  1000 loss 0.76436
    [tok_D1/prog] step  1499 loss 0.98320
[tok_D1   ] AP_test 0.0579  AP_val 0.0494  F1 0.1182  IoU 0.0628  par 67.2k  n_scored 20859636  d_raw 112640  (43s)
    [tok_D2/prog] step     0 loss 1.31571
    [tok_D2/prog] step   500 loss 1.25576
    [tok_D2/prog] step  1000 loss 0.82459
    [tok_D2/prog] step  1499 loss 1.03129
[tok_D2   ] AP_test 0.0586  AP_val 0.0467  F1 0.1280  IoU 0.0684  par 67.2k  n_scored 20859636  d_raw 112640  (43s)
    [tok_D0b/prog] step     0 loss 1.30775
    [tok_D0b/prog] step   500 loss 1.23260
    [tok_D0b/prog] step  1000 loss 0.88027
    [tok_D0b/prog] step  1499 loss 0.98430
[tok_D0b  ] AP_test 0.0565  AP_val 0.0444  F1 0.1214  IoU 0.0646  par 67.2k  n_scored 20859636  d_raw 112640  (42s)
    [tok_D0c/prog] step     0 loss 1.32253
    [tok_D0c/prog] step   500 loss 1.27133
    [tok_D0c/prog] step  1000 loss 0.77064
    [tok_D0c/prog] step  1499 loss 1.01207
[tok_D0c  ] AP_test 0.0509  AP_val 0.0404  F1 0.1123  IoU 0.0595  par 67.2k  n_scored 20859636  d_raw 112640  (43s)
[boot] 400 draws over 30 test episodes, cell stride 2 -> 3507 cells/row
