[geom cart] cells 7014  pos_dim 21  test rows 2974 episodes 30
[split] clips fit/val/test 84/25/30  rows 7842/2407/2974
[base] test base rate 0.016106801 = 335982/20859636 scored cells -> an ALL-ZERO predictor would score 98.3893 % ACCURACY, which is why no headline number here is an accuracy
[CONTROL] constant(0.37) AP 0.016106800713   base rate 0.016106800713   exact_match=True
[CONTROL] allzero AP 0.016106800713  allone AP 0.016106800713  perfect AP 1.000000000000
C:\Users\Admin\wpd-probe\code\b2_probe_wpd.py:313: UserWarning: Converting a tensor with requires_grad=True to a scalar may lead to unexpected behavior.
Consider using tensor.detach() first. (Triggered internally at C:\actions-runner\_work\pytorch\pytorch\pytorch\torch\csrc\autograd\generated\python_variable_methods.cpp:837.)
  print(f"    [{name}/{sign}] step {step:5d} loss {float(loss):.5f}", flush=True)
    [tok_D0/prog] step     0 loss 1.32269
    [tok_D0/prog] step   500 loss 1.28605
    [tok_D0/prog] step  1000 loss 0.83062
    [tok_D0/prog] step  1499 loss 0.99412
[tok_D0   ] AP_test 0.0570  AP_val 0.0388  F1 0.1256  IoU 0.0670  par 67.2k  n_scored 20859636  d_raw 112640  (51s)
    [tok_D0dup/prog] step     0 loss 1.32269
    [tok_D0dup/prog] step   500 loss 1.32716
    [tok_D0dup/prog] step  1000 loss 0.84463
    [tok_D0dup/prog] step  1499 loss 0.99094
[tok_D0dup] AP_test 0.0560  AP_val 0.0402  F1 0.1261  IoU 0.0673  par 67.2k  n_scored 20859636  d_raw 112640  (44s)
[boot] 2 draws over 30 test episodes, cell stride 2 -> 3507 cells/row
[boot] 7s
[pair] CONTROL: IDENTICAL features -> MUST read 0.000000 tok_D0dup - tok_D0: -0.00102 [-0.00072, +0.00086] separated=False
WROTE C:\Users\Admin\wpd-probe\raw\panel_instrument_cart.json
