[5b] === DUMP wpdD1 (RAW ckpt) 2026-09-08T18:54:08Z ===
[v3] --sel-score-emitted on a ddim arm: sel_score_emitted_t -1 -> 0 (the emitted fan IS the denoised state; -1 would index the refinement loop's embedding table instead)
[v3] WP-D BEV aux ON: kind=col grid=8x20 target=24x20 w=0.1 occlusion=mask detach=False pos_weight=30.34
[ego] ego_state_inject build: feeding the MEASURED ego block (v0, a_long, yaw_rate, curvature, keep=1) at t0 to every forward — refc_v3.ego_state_from_batch, the trainer's own entry
[v3] nav_from_v7: follow 29 / left 1 / right 10, missing 0 (of 40 clips; md5=aa12c948f062181c3297265b51526ec5)
[model] C:\Users\Admin\wpd-probe\ckpt\ckpt_D1.pt step=4000 arm=hier anchors=117 horizons=[5, 10, 15, 20, 30, 40, 50, 60] window=8 decoder=diffusion/2 config<-config.json[argv] -> refc_v3_train.build_parser + _pin_trainer_cfg (the trainer's own build path)
[grid] 2s: dt=0.5 s K=4 instants=[0.5, 1.0, 1.5, 2.0] s <- model slots [5, 10, 15, 20] (indices [0, 1, 2, 3]); dropped [30, 40, 50, 60]
[units] action_units=steer — the RECORDED channel 1 is a road-wheel STEER angle (physicalai.py:621). kappa = tan(steer)/2.9 is applied before integration; `ha` is NOT comparable to a kappa-unit refav1 run (`ha0` is, it is zero).
[roll] 3422 windows / 40 episodes · arms=['os', 'ha', 'ha0', 'ha0_ext', 'os_navshuf', 'os_navzero'] · fed conditionings=['nav_true', 'nav_shuffled'] + a SEPARATE nav_cmd=None forward (nav_zero) · nav_shuffle changed 1382/3422
[nav-null] os_navzero = model(..., nav_cmd=None): the E13 tactical + strategic injection is SKIPPED (refc_v3.py:437-441; nav_injected reads False), and the CORE collapses to one_hot(0)='follow' (refc.py:2021-2024). ⚠️ At the core that is a COLLAPSE ONTO THE MAJORITY TOKEN, not a removal — NAV_COMMANDS has no 'unknown' and nav_known_channel is False (refc.py:594) — so this arm is a LOWER BOUND on nav dependence. ⛔ nav_known is NOT usable as the null: refc.py:2042-2045 raises when the gate is off.
[cost] first forward (2 fed row(s) + 1 nav-null call, 3 rows total) took 0.88 s -> ESTIMATED 0.84 h for 3422 windows (forward only; IO/analysis extra)
  [1/40] 01be5919-6e6 86 windows 56s
  [2/40] 060531e1-993 85 windows 108s
  [3/40] 0fa2b231-435 86 windows 160s
  [4/40] 10804db8-d07 85 windows 199s
  [5/40] 11e40da1-3d9 86 windows 235s
  [6/40] 126b3a97-087 85 windows 269s
  [7/40] 13c95b6a-5d1 86 windows 306s
  [8/40] 14157960-84d 85 windows 342s
  [9/40] 142a3a72-6cd 86 windows 376s
  [10/40] 14bc9fcf-c04 85 windows 411s
  [11/40] 16d89725-2f3 86 windows 446s
  [12/40] 17775e74-2d8 86 windows 482s
  [13/40] 18b72291-84f 85 windows 517s
  [14/40] 1bd040a8-182 86 windows 552s
  [15/40] 1c3a2c7c-7e8 84 windows 586s
  [16/40] 204b15b4-bd0 86 windows 622s
  [17/40] 2172a5a3-8a1 85 windows 657s
  [18/40] 24fee8a5-9cc 86 windows 692s
  [19/40] 2602baaa-436 85 windows 727s
  [20/40] 262b900f-2cf 86 windows 761s
  [21/40] 269478eb-2da 88 windows 797s
  [22/40] 27f44280-3e5 86 windows 833s
  [23/40] 2cd0f4e4-dce 85 windows 867s
  [24/40] 2e8a2df2-3f7 86 windows 902s
  [25/40] 316f3c56-914 85 windows 935s
  [26/40] 31d0adc4-4e8 86 windows 969s
  [27/40] 32f9b6b2-edc 85 windows 1002s
  [28/40] 330b4626-96d 86 windows 1036s
  [29/40] 34a1e12e-95c 85 windows 1070s
  [30/40] 37e61793-36e 86 windows 1104s
  [31/40] 38fe80c1-caf 85 windows 1137s
  [32/40] 3971a8c6-0c5 86 windows 1171s
  [33/40] 39bf584e-5bb 85 windows 1205s
  [34/40] 3ef3dcc8-7fd 85 windows 1239s
  [35/40] 3ff11411-fa2 86 windows 1273s
  [36/40] 42745b48-a01 85 windows 1306s
  [37/40] 45358841-692 86 windows 1340s
  [38/40] 45a9f7ec-991 85 windows 1374s
  [39/40] 45aea78c-776 86 windows 1408s
  [40/40] 47241da8-c00 85 windows 1441s
[dump] 3422 windows over 40 episodes (0 skipped: none)
[provenance] REAL_CHECKPOINT_ON_REAL_CORPUS - ckpt=TRAINED corpus=FULL step=4000 eps=40 windows=3422 anchors=117
REFCV3_DUMP_DONE
[dump-only] C:\Users\Admin\wpd-probe\dumps\wpdD1; analyse later with --analyze-only
[5b] dump wpdD1 rc=0 files=40
[5b] === ANALYZE wpdD1 2026-09-08T19:18:12Z ===
[trivial-profile] 3422 windows — arm SHAPE before any family row (straight |y|<1e-06 m, const-speed spread<0.0001 m)
  os             n=3422 straight=0.0117 const_speed=0.0099 CONSTANT-VELOCITY=0.0099  identical_to: ha=36/3422, ha0=34/3422, ha0_ext=36/3422, os_navshuf=36/3422, os_navzero=40/3422
  ha             n=3422 straight=0.0172 const_speed=0.0117 CONSTANT-VELOCITY=0.0111  identical_to: ha0=38/3422, ha0_ext=59/3422, os=36/3422, os_navshuf=38/3422, os_navzero=40/3422
  ha0            n=3422 straight=1.0000 const_speed=1.0000 CONSTANT-VELOCITY=1.0000  identical_to: ha=38/3422, ha0_ext=38/3422, os=34/3422, os_navshuf=36/3422, os_navzero=38/3422
  ha0_ext        n=3422 straight=0.0184 const_speed=0.0117 CONSTANT-VELOCITY=0.0111  identical_to: ha=59/3422, ha0=38/3422, os=36/3422, os_navshuf=38/3422, os_navzero=40/3422
  os_navshuf     n=3422 straight=0.0120 const_speed=0.0105 CONSTANT-VELOCITY=0.0105  identical_to: ha=38/3422, ha0=36/3422, ha0_ext=38/3422, os=36/3422, os_navzero=41/3422
  os_navzero     n=3422 straight=0.0134 const_speed=0.0111 CONSTANT-VELOCITY=0.0111  identical_to: ha=40/3422, ha0=38/3422, ha0_ext=40/3422, os=40/3422, os_navshuf=41/3422
  ⚠️ CONSTANT-VELOCITY on > 50 % of windows: ['ha0'] — read their LATERAL rows as a control, never as planning skill
  ha0_ext ≡ ha0 on 38/3422 windows (1.11%) — on those the echo control adds nothing beyond the constant-velocity floor, and 'beat BOTH' collapses to 'beat ha0'.
  ⚠️ cross-call arms ['os_navzero']: produced by a SEPARATE forward (nav_cmd=None gates E13 for the whole call), so a float32 batching floor of ~6e-7 m sits under them — `identical_to` at 1e-09 m cannot resolve them and must not be read as nav evidence. A REAL nav difference measured ~4.7e4x that.
[selection-profile] 3422 windows over 117 anchors — the model's OWN choice, before any family row
  n_distinct=  30  modal=#67 (0.7490)  entropy=1.1827/4.7622 nats (ratio 0.2484)  agrees_with_oracle=0.4489
[lead] b1_eval_lead_block.npz: 3422 windows / 40 eps · OK eps 40 · LEAD 1021 NO_LEAD 811 NOT_STRAIGHT 1392 NO_LABEL 198 · speed-check max 2.7e-05 m/s · PRESENT
[out] C:\Users\Admin\wpd-probe\raw\wpdD1.json
  os           tier=T1*  ADE=0.5039 [0.4241, 0.5926]  families_unavailable=['strategic']  distance_keeping=OK
  ha           tier=T1   ADE=0.2967 [0.261, 0.3343]  families_unavailable=['strategic']  distance_keeping=OK
  ha0          tier=T1   ADE=0.6566 [0.5557, 0.767]  families_unavailable=['strategic']  distance_keeping=OK
  ha0_ext      tier=T1   ADE=0.285 [0.2513, 0.3198]  families_unavailable=['strategic']  distance_keeping=OK
  os_navshuf   tier=T1*  ADE=0.5033 [0.4222, 0.593]  families_unavailable=['strategic']  distance_keeping=OK
  os_navzero   tier=T1*  ADE=0.5224 [0.4475, 0.6002]  families_unavailable=['strategic']  distance_keeping=OK
  * = tier stamped T1 with the ruling OPEN (does EVAL_DOCTRINE admit as T1 a model that consumes NO acti…)
  paired_os_minus_ha0          ADE delta=-0.1527 [-0.1932, -0.114] separated=True n_win=3422 n_ep=40
  paired_os_minus_ha           ADE delta=0.2071 [0.1465, 0.2778] separated=True n_win=3422 n_ep=40
  paired_os_minus_navshuf      ADE delta=0.0006 [-0.0076, 0.01] separated=False n_win=3422 n_ep=40
  paired_os_navzero_minus_ha0  ADE delta=-0.1342 [-0.1806, -0.0898] separated=True n_win=3422 n_ep=40
  paired_os_minus_navzero      ADE delta=-0.0185 [-0.0422, 0.0063] separated=False n_win=3422 n_ep=40
  paired_ha_minus_ha0          ADE delta=-0.3598 [-0.4449, -0.2798] separated=True n_win=3422 n_ep=40
  paired_os_minus_ha0ext       ADE delta=0.2189 [0.156, 0.292] separated=True n_win=3422 n_ep=40
  paired_os_navzero_minus_ha0ext ADE delta=0.2374 [0.1827, 0.3003] separated=True n_win=3422 n_ep=40
  nav controls: os_navshuf (pairing broken, marginal preserved) AND os_navzero (signal removed; E13 tactical+strategic OFF, core collapsed to 'follow') — BACKLOG R39 binds both; the nav-zero margin over ha0 is the DEPLOYMENT-relevant number
  ABSENT: ol — `ol` is 'the RECORDED future (a, steer) integrated from v0'. refcv3 CONSUMES NO ACTIONS (r…
  strategic nav_valid_frac=1.0 n_labeled=2898 changed_subset_n=1102
  tactical anchor_acc=0.4375 (chance 0.008547) n_distinct_selected=30
[5b] analyze wpdD1 rc=0 json=1
[5b] D1 CHAIN COMPLETE 2026-09-08T19:18:50Z
