[s1] join   C:\Users\Admin\tanitad-caches\b1-agent-join-20260906\b1eval_agents.jsonl.xz
[s1] md5    3ddb42ecbd3926066795a94587af2aed  (0.0 s)
[s1] spec   {'n_az': 20, 'n_rng': 24, 'r_max_m': 60.0, 'hfov_deg': 120.0, 'r_min_m': 0.0, 'sub_r': 2, 'sub_az': 3, 'shape': [24, 20], 'dr_m': 2.5, 'daz_deg': 6.0, 'n_cells': 480}
[s1] 500 frames  0s  shadow 0.1292  pos_sup 0.02482
[s1] 1000 frames  0s  shadow 0.1029  pos_sup 0.01811
[s1] 1500 frames  1s  shadow 0.1143  pos_sup 0.01864
[s1] 2000 frames  1s  shadow 0.0878  pos_sup 0.01405
[s1] 2500 frames  1s  shadow 0.1137  pos_sup 0.01790
[s1] 3000 frames  2s  shadow 0.1313  pos_sup 0.02271
[s1] 3500 frames  2s  shadow 0.1304  pos_sup 0.02304
[s1] 4000 frames  2s  shadow 0.1391  pos_sup 0.02475
[s1] 4500 frames  3s  shadow 0.1527  pos_sup 0.02715
[s1] 5000 frames  3s  shadow 0.1658  pos_sup 0.02974
[s1] 5500 frames  4s  shadow 0.1643  pos_sup 0.02963
[s1] 6000 frames  4s  shadow 0.1808  pos_sup 0.03382
[s1] 6500 frames  5s  shadow 0.1785  pos_sup 0.03296
[s1] 7000 frames  5s  shadow 0.1717  pos_sup 0.03170
[s1] 7500 frames  5s  shadow 0.1630  pos_sup 0.02996
[s1] 8000 frames  5s  shadow 0.1560  pos_sup 0.02849
[s1] 8500 frames  5s  shadow 0.1498  pos_sup 0.02710
[s1] 9000 frames  5s  shadow 0.1482  pos_sup 0.02689
[s1] 9500 frames  5s  shadow 0.1435  pos_sup 0.02602
[s1] 10000 frames  5s  shadow 0.1399  pos_sup 0.02515
[s1] 10500 frames  6s  shadow 0.1433  pos_sup 0.02579
[s1] 11000 frames  6s  shadow 0.1534  pos_sup 0.02725
[s1] 11500 frames  7s  shadow 0.1588  pos_sup 0.02825
[s1] 12000 frames  7s  shadow 0.1544  pos_sup 0.02738
[s1] 12500 frames  7s  shadow 0.1567  pos_sup 0.02767
[s1] 13000 frames  8s  shadow 0.1667  pos_sup 0.02941
[s1] 13500 frames  8s  shadow 0.1705  pos_sup 0.03043
[s1] 14000 frames  9s  shadow 0.1697  pos_sup 0.03011
[s1] 14500 frames  9s  shadow 0.1685  pos_sup 0.03007
[s1] 15000 frames  9s  shadow 0.1697  pos_sup 0.03013
[s1] 15500 frames  10s  shadow 0.1744  pos_sup 0.03153
[s1] 16000 frames  10s  shadow 0.1719  pos_sup 0.03089
[s1] 16500 frames  10s  shadow 0.1703  pos_sup 0.03065
[s1] 17000 frames  10s  shadow 0.1703  pos_sup 0.03087
[s1] 17500 frames  11s  shadow 0.1689  pos_sup 0.03041
[s1] 18000 frames  11s  shadow 0.1701  pos_sup 0.03039
[s1] 18500 frames  11s  shadow 0.1730  pos_sup 0.03114
[s1] 19000 frames  12s  shadow 0.1755  pos_sup 0.03149
[s1] 19500 frames  12s  shadow 0.1736  pos_sup 0.03135
[s1] 20000 frames  13s  shadow 0.1737  pos_sup 0.03146
[s1] 20500 frames  13s  shadow 0.1712  pos_sup 0.03098
[s1] 21000 frames  13s  shadow 0.1722  pos_sup 0.03142
[s1] 21500 frames  13s  shadow 0.1718  pos_sup 0.03123
[s1] 22000 frames  14s  shadow 0.1719  pos_sup 0.03109
[s1] 22500 frames  15s  shadow 0.1730  pos_sup 0.03116
[s1] 23000 frames  15s  shadow 0.1724  pos_sup 0.03102
[s1] 23500 frames  15s  shadow 0.1713  pos_sup 0.03067
[s1] 24000 frames  15s  shadow 0.1693  pos_sup 0.03036
[s1] 24500 frames  16s  shadow 0.1739  pos_sup 0.03138
[s1] 25000 frames  16s  shadow 0.1741  pos_sup 0.03154
[s1] 25500 frames  16s  shadow 0.1745  pos_sup 0.03158
[s1] 26000 frames  17s  shadow 0.1771  pos_sup 0.03182
  join_path                                  C:\Users\Admin\tanitad-caches\b1-agent-join-20260906\b1eval_agents.jsonl.xz
  join_md5                                   3ddb42ecbd3926066795a94587af2aed
  spec                                       {'n_az': 20, 'n_rng': 24, 'r_max_m': 60.0, 'hfov_deg': 120.0, 'r_min_m': 0.0, 'sub_r': 2, 'sub_az': 3, 'shape': [24, 20], 'dr_m': 2.5, 'daz_deg': 6.0, 'n_cells': 480}
  record_stride                              1
  n_records_in_file                          26394
  n_records_censused                         26394
  n_clips_seen                               139
  n_boxes_censused                           905512
  n_frames_labelled_clear                    591
  frac_frames_labelled_clear                 0.02239145260286429
  boxes_per_frame_mean                       34.30749412745321
  n_cells_total                              12669120
  n_cells_supervised                         10432263
  n_cells_shadowed                           2236857
  frac_cells_shadowed                        0.17655977684322194
  frac_cells_shadowed_per_frame_mean         0.17655977684322194
  frac_cells_shadowed_per_frame_median       0.11666666666666667
  frac_cells_shadowed_per_frame_p90          0.4583333333333333
  n_pos_all                                  458083
  n_pos_supervised                           330013
  n_pos_hidden_by_mask                       128070
  frac_pos_hidden_by_mask                    0.27957815505050393
  base_rate_supervised                       0.03163388423010424
  base_rate_all_cells_two_state              0.036157444242378316
  all_zero_accuracy_supervised               0.9683661157698957
  suggested_pos_weight                       30.611672873492864
  cart_frames                                52
  cart_base_rate_infield                     0.018381794510144298
  elapsed_s                                  16.691694974899292
[s1] wrote C:/Users/Admin/wpd-bev/raw/third_state_census.json
