[v3] anchors: artifact anchors (117, 8, 2), controls (117, 2), units=alat (file+cli), schedule=constant, horizon_s=6.0, dt=0.1, ref_speed_ms=10.0, kappa_cap=0.12, alat_v_floor=4.0, schema=tanitad.anchor_artifact/1
[v3] tensor sharing = file_system (workers=6; /dev/shm 24 GB vs ~34 MB/clip payloads)
[v3] --sel-score-emitted on a ddim arm: sel_score_emitted_t -1 -> 0 (the emitted fan IS the denoised state; -1 would index the refinement loop's embedding table instead)
[v3] WP-D BEV aux ON: kind=col grid=8x20 target=24x20 w=0.1 occlusion=mask detach=False pos_weight=30.61
[v3] WP-D BEV aux ON: kind=col grid=8x20 target=24x20 w=0.1 occlusion=mask detach=False pos_weight=30.61
[v3] WP-D BEV aux ON: kind=col grid=8x20 target=24x20 w=0.1 occlusion=mask detach=False pos_weight=30.61
[v3] anchors: loaded (117, 8, 2) from /home/nvidia/data/anchors/refc_anchors_6s_v0cond_alat_117.pt (sha256 51f930dc6f3564ff)
[v3] anchors: v0-CONDITIONED, controls (117, 2) (accel, lateral accel), units=alat (source: file+cli), rolled per window; withheld rows at 10.0 m/s. straight-ahead control present: True
[parity] ⚠ NON-PARITY v2 corpus for v3 v2-cache: ['/home/nvidia/data/physicalai-b1-w120-256x640cyl'] reference no registered parity key. Results off it are NOT cross-arm comparable with the parity arms.
[v2] /home/nvidia/data/physicalai-b1-w120-256x640cyl: 4713 providers (channels 9, 256x640 px), episode ids from 'episode_uid' [collision-free; the as-built 16-bit ids would give only 4573 distinct for 4713 clips]
[v2] 4713 providers, 4713 distinct episode ids
[v3] 4713 lazy v2 providers from ['/home/nvidia/data/physicalai-b1-w120-256x640cyl'] (lru 24)
[v3] v7.2 labels: 4572 records, joined 4572/4713 episodes = 97.0 % (release ?)
[v3] nav_from_v7: follow 2897 / left 811 / right 864, missing 141 (of 4713 clips; md5=0ff902130ce76886b8a925eceed9e3a5)
[v3] agent join verified: md5(compressed of b1train_agents.jsonl.xz) = 1c985e6d6ad34e605c4ebd30cb353558
[v3] agent join loaded: 849263 records / 4427 clips (filtered out 0) in 108.5 s
[v3] agent join: 4427/4713 episodes (stable-63bit), 729243/805749 windows labelled (90.5 %), 24166608 prefilter target boxes, pad 397
[v3] 4713 episodes -> 805749 windows (window 8, max_horizon 20, image_hw (256, 640), tac_vocab v7.0)
[v3] loader: workers=6 prefetch=1 -> <=6 batches in flight
[v3] u8_batches=True: frames+future_frames = 0.826 GB per collated batch (uint8), <= 6 in flight -> ~4.95 GB
[v3] withheld bank: mode=fixed warmup=0 speed_max=35.0 m/s pool=None
[v3] EFFECTIVE WEIGHTS (this arm) -- default -> layer -> effective -> builds a graph?
[v3] term                                     flag               default  asked  effective  src   graph  status          layer/mask/missing                                                                                                     
[v3] ---------------------------------------  -----------------  -------  -----  ---------  ----  -----  --------------  -----------------------------------------------------------------------------------------------------------------------
[v3] u0 control-space x0 loss (WP-4)          --w-u0             0        0.5    0.5        op    yes    TRAINS                                                                                                                                 
[v3] GT-supervised detection set loss (WP-6)  --w-agent          0        0      0          dflt  no     OFF_BY_DEFAULT  missing=--w-agent needs `--agents head` AND `--agent-join` (no seam => no `agent_slots` in `out`; no join => no labels)
[v3] WP-D BEV auxiliary loss                  --w-bev-aux        0        0.1    0.1        op    yes    TRAINS                                                                                                                                 
[v3] agent projection consistency             --agent-w-project  0        0      0          dflt  no     OFF_BY_DEFAULT  missing=--agents off: no AgentSeamConfig is built, so `refc_agents.agent_losses` is never called                       
[v3] agent ground-plane prior                 --agent-w-ground   0        0      0          dflt  no     OFF_BY_DEFAULT  missing=--agents off: no AgentSeamConfig is built, so `refc_agents.agent_losses` is never called                       
[v3] E15 geometric goal point (GP-2)          --goal-point-w     0        0      0          dflt  no     OFF_BY_DEFAULT  missing=no --goal-point-inject: the head that predicts the point is never built                                        
[v3] 2/6 terms build a graph. A term with graph=no contributes EXACTLY zero gradient; 'p.grad is None' is the sound check, never the weight value.
[v3] WP-D loss parity OK at step 0: w*bev/traj = 0.0472 in [0.02, 3.0]
[v3:hier] step 5 loss 72.7421 traj 2.2857
[v3:hier] step 10 loss 63.4331 traj 2.0980
[v3:hier] step 15 loss 71.3190 traj 3.2249
[v3:hier] step 20 loss 69.6315 traj 2.2206
[v3:hier] ckpt step 20 -> ckpt.pt
[v3:hier] DONE at 20 — summary.json written
