[s1] join   /home/nvidia/percprobe/raw/b1train_agents.jsonl.xz
[s1] md5    1c985e6d6ad34e605c4ebd30cb353558  (0.8 s)
[s1] spec   {'n_az': 20, 'n_rng': 24, 'r_max_m': 60.0, 'hfov_deg': 120.0, 'r_min_m': 0.0, 'sub_r': 2, 'sub_az': 3, 'shape': [24, 20], 'dr_m': 2.5, 'daz_deg': 6.0, 'n_cells': 480}
[s1] 500 frames  0s  shadow 0.3409  pos_sup 0.05857
[s1] 1000 frames  1s  shadow 0.1972  pos_sup 0.02842
[s1] 1500 frames  1s  shadow 0.2132  pos_sup 0.03898
[s1] 2000 frames  1s  shadow 0.2049  pos_sup 0.03772
[s1] 2500 frames  1s  shadow 0.2032  pos_sup 0.03623
[s1] 3000 frames  1s  shadow 0.1781  pos_sup 0.03173
[s1] 3500 frames  2s  shadow 0.1880  pos_sup 0.03362
[s1] 4000 frames  2s  shadow 0.1949  pos_sup 0.03527
[s1] 4500 frames  3s  shadow 0.1895  pos_sup 0.03412
[s1] 5000 frames  3s  shadow 0.1912  pos_sup 0.03416
[s1] 5500 frames  3s  shadow 0.1807  pos_sup 0.03179
[s1] 6000 frames  3s  shadow 0.1712  pos_sup 0.03015
[s1] 6500 frames  4s  shadow 0.1838  pos_sup 0.03316
[s1] 7000 frames  4s  shadow 0.1904  pos_sup 0.03411
[s1] 7500 frames  4s  shadow 0.1845  pos_sup 0.03293
[s1] 8000 frames  5s  shadow 0.2001  pos_sup 0.03562
[s1] 8500 frames  5s  shadow 0.1975  pos_sup 0.03557
[s1] 9000 frames  5s  shadow 0.1929  pos_sup 0.03454
[s1] 9500 frames  6s  shadow 0.2073  pos_sup 0.03754
[s1] 10000 frames  6s  shadow 0.2099  pos_sup 0.03783
[s1] 10500 frames  7s  shadow 0.2141  pos_sup 0.03833
[s1] 11000 frames  7s  shadow 0.2173  pos_sup 0.03871
[s1] 11500 frames  8s  shadow 0.2154  pos_sup 0.03878
[s1] 12000 frames  8s  shadow 0.2097  pos_sup 0.03753
[s1] 12500 frames  8s  shadow 0.2088  pos_sup 0.03746
[s1] 13000 frames  8s  shadow 0.2103  pos_sup 0.03742
[s1] 13500 frames  9s  shadow 0.2084  pos_sup 0.03729
[s1] 14000 frames  9s  shadow 0.2108  pos_sup 0.03775
[s1] 14500 frames  9s  shadow 0.2059  pos_sup 0.03668
[s1] 15000 frames  10s  shadow 0.2083  pos_sup 0.03738
[s1] 15500 frames  10s  shadow 0.2044  pos_sup 0.03671
[s1] 16000 frames  10s  shadow 0.1997  pos_sup 0.03585
[s1] 16500 frames  10s  shadow 0.1951  pos_sup 0.03491
[s1] 17000 frames  10s  shadow 0.1941  pos_sup 0.03483
[s1] 17500 frames  11s  shadow 0.1912  pos_sup 0.03434
[s1] 18000 frames  11s  shadow 0.1914  pos_sup 0.03417
[s1] 18500 frames  11s  shadow 0.1890  pos_sup 0.03355
[s1] 19000 frames  11s  shadow 0.1872  pos_sup 0.03315
[s1] 19500 frames  12s  shadow 0.1924  pos_sup 0.03411
[s1] 20000 frames  13s  shadow 0.1950  pos_sup 0.03467
[s1] 20500 frames  13s  shadow 0.1932  pos_sup 0.03438
[s1] 21000 frames  13s  shadow 0.1953  pos_sup 0.03520
[s1] 21500 frames  14s  shadow 0.1976  pos_sup 0.03575
[s1] 22000 frames  14s  shadow 0.1935  pos_sup 0.03498
[s1] 22500 frames  15s  shadow 0.1935  pos_sup 0.03518
[s1] 23000 frames  15s  shadow 0.1926  pos_sup 0.03509
[s1] 23500 frames  15s  shadow 0.1936  pos_sup 0.03532
[s1] 24000 frames  16s  shadow 0.1948  pos_sup 0.03552
[s1] 24500 frames  16s  shadow 0.1942  pos_sup 0.03534
[s1] 25000 frames  16s  shadow 0.1913  pos_sup 0.03495
[s1] 25500 frames  17s  shadow 0.1923  pos_sup 0.03518
[s1] 26000 frames  17s  shadow 0.1909  pos_sup 0.03482
[s1] 26500 frames  17s  shadow 0.1931  pos_sup 0.03496
[s1] 27000 frames  17s  shadow 0.1902  pos_sup 0.03428
[s1] 27500 frames  17s  shadow 0.1921  pos_sup 0.03465
[s1] 28000 frames  18s  shadow 0.1928  pos_sup 0.03472
[s1] 28500 frames  18s  shadow 0.1927  pos_sup 0.03466
[s1] 29000 frames  18s  shadow 0.1922  pos_sup 0.03453
[s1] 29500 frames  18s  shadow 0.1900  pos_sup 0.03408
[s1] 30000 frames  19s  shadow 0.1880  pos_sup 0.03377
[s1] 30500 frames  19s  shadow 0.1888  pos_sup 0.03392
[s1] 31000 frames  19s  shadow 0.1910  pos_sup 0.03420
[s1] 31500 frames  20s  shadow 0.1929  pos_sup 0.03484
[s1] 32000 frames  20s  shadow 0.1935  pos_sup 0.03509
[s1] 32500 frames  20s  shadow 0.1917  pos_sup 0.03465
[s1] 33000 frames  20s  shadow 0.1916  pos_sup 0.03457
[s1] 33500 frames  21s  shadow 0.1935  pos_sup 0.03492
[s1] 34000 frames  21s  shadow 0.1933  pos_sup 0.03507
[s1] 34500 frames  22s  shadow 0.1948  pos_sup 0.03562
[s1] 35000 frames  22s  shadow 0.1945  pos_sup 0.03564
[s1] 35500 frames  23s  shadow 0.1940  pos_sup 0.03559
[s1] 36000 frames  23s  shadow 0.1945  pos_sup 0.03575
[s1] 36500 frames  23s  shadow 0.1933  pos_sup 0.03543
[s1] 37000 frames  24s  shadow 0.1940  pos_sup 0.03548
[s1] 37500 frames  25s  shadow 0.1968  pos_sup 0.03590
[s1] 38000 frames  25s  shadow 0.1977  pos_sup 0.03603
[s1] 38500 frames  25s  shadow 0.1976  pos_sup 0.03603
[s1] 39000 frames  25s  shadow 0.1970  pos_sup 0.03591
[s1] 39500 frames  26s  shadow 0.1965  pos_sup 0.03582
[s1] 40000 frames  26s  shadow 0.1959  pos_sup 0.03561
[s1] 40500 frames  26s  shadow 0.1945  pos_sup 0.03529
[s1] 41000 frames  26s  shadow 0.1930  pos_sup 0.03500
[s1] 41500 frames  26s  shadow 0.1928  pos_sup 0.03497
[s1] 42000 frames  27s  shadow 0.1946  pos_sup 0.03516
[s1] 42500 frames  27s  shadow 0.1938  pos_sup 0.03496
[s1] 43000 frames  27s  shadow 0.1939  pos_sup 0.03493
[s1] 43500 frames  27s  shadow 0.1937  pos_sup 0.03488
[s1] 44000 frames  27s  shadow 0.1926  pos_sup 0.03466
[s1] 44500 frames  28s  shadow 0.1935  pos_sup 0.03479
[s1] 45000 frames  29s  shadow 0.1940  pos_sup 0.03499
[s1] 45500 frames  29s  shadow 0.1947  pos_sup 0.03517
[s1] 46000 frames  30s  shadow 0.1940  pos_sup 0.03503
[s1] 46500 frames  30s  shadow 0.1945  pos_sup 0.03519
[s1] 47000 frames  30s  shadow 0.1936  pos_sup 0.03501
[s1] 47500 frames  30s  shadow 0.1920  pos_sup 0.03473
[s1] 48000 frames  30s  shadow 0.1914  pos_sup 0.03449
[s1] 48500 frames  31s  shadow 0.1906  pos_sup 0.03436
[s1] 49000 frames  31s  shadow 0.1902  pos_sup 0.03420
[s1] 49500 frames  31s  shadow 0.1890  pos_sup 0.03392
[s1] 50000 frames  31s  shadow 0.1892  pos_sup 0.03393
[s1] 50500 frames  31s  shadow 0.1882  pos_sup 0.03380
[s1] 51000 frames  31s  shadow 0.1866  pos_sup 0.03347
[s1] 51500 frames  32s  shadow 0.1859  pos_sup 0.03329
[s1] 52000 frames  32s  shadow 0.1849  pos_sup 0.03309
[s1] 52500 frames  32s  shadow 0.1854  pos_sup 0.03314
[s1] 53000 frames  32s  shadow 0.1848  pos_sup 0.03299
[s1] 53500 frames  32s  shadow 0.1840  pos_sup 0.03282
[s1] 54000 frames  33s  shadow 0.1860  pos_sup 0.03316
[s1] 54500 frames  33s  shadow 0.1864  pos_sup 0.03330
[s1] 55000 frames  34s  shadow 0.1868  pos_sup 0.03339
[s1] 55500 frames  34s  shadow 0.1883  pos_sup 0.03365
[s1] 56000 frames  34s  shadow 0.1883  pos_sup 0.03363
[s1] 56500 frames  35s  shadow 0.1878  pos_sup 0.03366
[s1] 57000 frames  35s  shadow 0.1891  pos_sup 0.03394
[s1] 57500 frames  35s  shadow 0.1889  pos_sup 0.03385
[s1] 58000 frames  36s  shadow 0.1879  pos_sup 0.03359
[s1] 58500 frames  36s  shadow 0.1871  pos_sup 0.03343
[s1] 59000 frames  36s  shadow 0.1873  pos_sup 0.03341
[s1] 59500 frames  36s  shadow 0.1870  pos_sup 0.03334
[s1] 60000 frames  37s  shadow 0.1867  pos_sup 0.03321
[s1] 60500 frames  37s  shadow 0.1862  pos_sup 0.03311
[s1] 61000 frames  37s  shadow 0.1855  pos_sup 0.03302
[s1] 61500 frames  37s  shadow 0.1856  pos_sup 0.03305
[s1] 62000 frames  38s  shadow 0.1853  pos_sup 0.03290
[s1] 62500 frames  38s  shadow 0.1859  pos_sup 0.03295
[s1] 63000 frames  38s  shadow 0.1869  pos_sup 0.03314
[s1] 63500 frames  38s  shadow 0.1859  pos_sup 0.03295
[s1] 64000 frames  39s  shadow 0.1876  pos_sup 0.03342
[s1] 64500 frames  39s  shadow 0.1873  pos_sup 0.03338
[s1] 65000 frames  40s  shadow 0.1880  pos_sup 0.03345
[s1] 65500 frames  40s  shadow 0.1897  pos_sup 0.03384
[s1] 66000 frames  41s  shadow 0.1901  pos_sup 0.03405
[s1] 66500 frames  41s  shadow 0.1910  pos_sup 0.03415
[s1] 67000 frames  41s  shadow 0.1910  pos_sup 0.03415
[s1] 67500 frames  41s  shadow 0.1905  pos_sup 0.03405
[s1] 68000 frames  42s  shadow 0.1920  pos_sup 0.03440
[s1] 68500 frames  42s  shadow 0.1919  pos_sup 0.03435
[s1] 69000 frames  43s  shadow 0.1917  pos_sup 0.03430
[s1] 69500 frames  43s  shadow 0.1909  pos_sup 0.03412
[s1] 70000 frames  43s  shadow 0.1906  pos_sup 0.03399
[s1] 70500 frames  43s  shadow 0.1912  pos_sup 0.03411
[s1] 71000 frames  44s  shadow 0.1925  pos_sup 0.03446
[s1] 71500 frames  44s  shadow 0.1920  pos_sup 0.03430
[s1] 72000 frames  44s  shadow 0.1912  pos_sup 0.03411
[s1] 72500 frames  45s  shadow 0.1923  pos_sup 0.03428
[s1] 73000 frames  45s  shadow 0.1914  pos_sup 0.03406
[s1] 73500 frames  45s  shadow 0.1906  pos_sup 0.03390
[s1] 74000 frames  46s  shadow 0.1908  pos_sup 0.03389
[s1] 74500 frames  46s  shadow 0.1905  pos_sup 0.03381
[s1] 75000 frames  46s  shadow 0.1908  pos_sup 0.03381
[s1] 75500 frames  47s  shadow 0.1914  pos_sup 0.03392
[s1] 76000 frames  47s  shadow 0.1909  pos_sup 0.03382
[s1] 76500 frames  47s  shadow 0.1907  pos_sup 0.03383
[s1] 77000 frames  47s  shadow 0.1901  pos_sup 0.03370
[s1] 77500 frames  48s  shadow 0.1904  pos_sup 0.03381
[s1] 78000 frames  48s  shadow 0.1895  pos_sup 0.03363
[s1] 78500 frames  48s  shadow 0.1898  pos_sup 0.03366
[s1] 79000 frames  49s  shadow 0.1889  pos_sup 0.03349
[s1] 79500 frames  49s  shadow 0.1883  pos_sup 0.03336
[s1] 80000 frames  49s  shadow 0.1885  pos_sup 0.03345
[s1] 80500 frames  49s  shadow 0.1901  pos_sup 0.03375
[s1] 81000 frames  50s  shadow 0.1902  pos_sup 0.03376
[s1] 81500 frames  50s  shadow 0.1907  pos_sup 0.03383
[s1] 82000 frames  50s  shadow 0.1912  pos_sup 0.03393
[s1] 82500 frames  51s  shadow 0.1912  pos_sup 0.03395
[s1] 83000 frames  51s  shadow 0.1911  pos_sup 0.03393
[s1] 83500 frames  51s  shadow 0.1914  pos_sup 0.03401
[s1] 84000 frames  52s  shadow 0.1909  pos_sup 0.03392
[s1] 84500 frames  52s  shadow 0.1910  pos_sup 0.03396
[s1] 85000 frames  52s  shadow 0.1904  pos_sup 0.03385
[s1] 85500 frames  53s  shadow 0.1907  pos_sup 0.03392
[s1] 86000 frames  53s  shadow 0.1900  pos_sup 0.03376
[s1] 86500 frames  53s  shadow 0.1907  pos_sup 0.03385
[s1] 87000 frames  53s  shadow 0.1913  pos_sup 0.03392
[s1] 87500 frames  54s  shadow 0.1911  pos_sup 0.03389
[s1] 88000 frames  54s  shadow 0.1912  pos_sup 0.03395
[s1] 88500 frames  54s  shadow 0.1904  pos_sup 0.03380
[s1] 89000 frames  54s  shadow 0.1899  pos_sup 0.03374
[s1] 89500 frames  55s  shadow 0.1902  pos_sup 0.03381
[s1] 90000 frames  56s  shadow 0.1913  pos_sup 0.03399
[s1] 90500 frames  56s  shadow 0.1909  pos_sup 0.03393
[s1] 91000 frames  56s  shadow 0.1905  pos_sup 0.03389
[s1] 91500 frames  56s  shadow 0.1908  pos_sup 0.03394
[s1] 92000 frames  57s  shadow 0.1911  pos_sup 0.03400
[s1] 92500 frames  57s  shadow 0.1906  pos_sup 0.03389
[s1] 93000 frames  57s  shadow 0.1902  pos_sup 0.03380
[s1] 93500 frames  57s  shadow 0.1900  pos_sup 0.03375
[s1] 94000 frames  58s  shadow 0.1909  pos_sup 0.03397
[s1] 94500 frames  58s  shadow 0.1908  pos_sup 0.03399
[s1] 95000 frames  58s  shadow 0.1905  pos_sup 0.03394
[s1] 95500 frames  59s  shadow 0.1907  pos_sup 0.03397
[s1] 96000 frames  59s  shadow 0.1910  pos_sup 0.03400
[s1] 96500 frames  60s  shadow 0.1911  pos_sup 0.03403
[s1] 97000 frames  60s  shadow 0.1916  pos_sup 0.03409
[s1] 97500 frames  60s  shadow 0.1912  pos_sup 0.03403
[s1] 98000 frames  60s  shadow 0.1909  pos_sup 0.03395
[s1] 98500 frames  61s  shadow 0.1916  pos_sup 0.03410
[s1] 99000 frames  62s  shadow 0.1915  pos_sup 0.03409
[s1] 99500 frames  62s  shadow 0.1916  pos_sup 0.03408
[s1] 100000 frames  62s  shadow 0.1907  pos_sup 0.03390
[s1] 100500 frames  62s  shadow 0.1909  pos_sup 0.03393
[s1] 101000 frames  63s  shadow 0.1916  pos_sup 0.03403
[s1] 101500 frames  63s  shadow 0.1911  pos_sup 0.03392
[s1] 102000 frames  63s  shadow 0.1911  pos_sup 0.03389
[s1] 102500 frames  64s  shadow 0.1913  pos_sup 0.03398
[s1] 103000 frames  64s  shadow 0.1911  pos_sup 0.03391
[s1] 103500 frames  64s  shadow 0.1910  pos_sup 0.03385
[s1] 104000 frames  64s  shadow 0.1914  pos_sup 0.03394
[s1] 104500 frames  65s  shadow 0.1915  pos_sup 0.03394
[s1] 105000 frames  65s  shadow 0.1909  pos_sup 0.03386
[s1] 105500 frames  65s  shadow 0.1903  pos_sup 0.03377
[s1] 106000 frames  66s  shadow 0.1904  pos_sup 0.03380
[s1] 106500 frames  66s  shadow 0.1896  pos_sup 0.03364
[s1] 107000 frames  66s  shadow 0.1896  pos_sup 0.03365
[s1] 107500 frames  66s  shadow 0.1895  pos_sup 0.03360
[s1] 108000 frames  67s  shadow 0.1900  pos_sup 0.03369
[s1] 108500 frames  67s  shadow 0.1906  pos_sup 0.03377
[s1] 109000 frames  67s  shadow 0.1913  pos_sup 0.03389
[s1] 109500 frames  68s  shadow 0.1912  pos_sup 0.03383
[s1] 110000 frames  68s  shadow 0.1911  pos_sup 0.03383
[s1] 110500 frames  68s  shadow 0.1910  pos_sup 0.03381
[s1] 111000 frames  69s  shadow 0.1918  pos_sup 0.03402
[s1] 111500 frames  69s  shadow 0.1916  pos_sup 0.03401
[s1] 112000 frames  69s  shadow 0.1913  pos_sup 0.03397
[s1] 112500 frames  70s  shadow 0.1910  pos_sup 0.03393
[s1] 113000 frames  70s  shadow 0.1914  pos_sup 0.03409
[s1] 113500 frames  70s  shadow 0.1908  pos_sup 0.03398
[s1] 114000 frames  71s  shadow 0.1913  pos_sup 0.03405
[s1] 114500 frames  71s  shadow 0.1919  pos_sup 0.03417
[s1] 115000 frames  72s  shadow 0.1916  pos_sup 0.03412
[s1] 115500 frames  72s  shadow 0.1912  pos_sup 0.03402
[s1] 116000 frames  72s  shadow 0.1910  pos_sup 0.03398
[s1] 116500 frames  72s  shadow 0.1915  pos_sup 0.03407
[s1] 117000 frames  73s  shadow 0.1910  pos_sup 0.03399
[s1] 117500 frames  73s  shadow 0.1905  pos_sup 0.03388
[s1] 118000 frames  73s  shadow 0.1901  pos_sup 0.03378
[s1] 118500 frames  73s  shadow 0.1903  pos_sup 0.03380
[s1] 119000 frames  73s  shadow 0.1899  pos_sup 0.03372
[s1] 119500 frames  74s  shadow 0.1899  pos_sup 0.03373
[s1] 120000 frames  74s  shadow 0.1896  pos_sup 0.03367
[s1] 120500 frames  74s  shadow 0.1896  pos_sup 0.03366
[s1] 121000 frames  74s  shadow 0.1892  pos_sup 0.03358
[s1] 121500 frames  74s  shadow 0.1894  pos_sup 0.03363
[s1] 122000 frames  75s  shadow 0.1896  pos_sup 0.03369
[s1] 122500 frames  75s  shadow 0.1897  pos_sup 0.03371
[s1] 123000 frames  75s  shadow 0.1894  pos_sup 0.03366
[s1] 123500 frames  76s  shadow 0.1894  pos_sup 0.03367
[s1] 124000 frames  76s  shadow 0.1896  pos_sup 0.03371
[s1] 124500 frames  76s  shadow 0.1895  pos_sup 0.03369
[s1] 125000 frames  76s  shadow 0.1887  pos_sup 0.03353
[s1] 125500 frames  77s  shadow 0.1884  pos_sup 0.03347
[s1] 126000 frames  77s  shadow 0.1884  pos_sup 0.03346
[s1] 126500 frames  77s  shadow 0.1879  pos_sup 0.03337
[s1] 127000 frames  77s  shadow 0.1875  pos_sup 0.03327
[s1] 127500 frames  77s  shadow 0.1873  pos_sup 0.03322
[s1] 128000 frames  78s  shadow 0.1873  pos_sup 0.03325
[s1] 128500 frames  78s  shadow 0.1867  pos_sup 0.03313
[s1] 129000 frames  78s  shadow 0.1866  pos_sup 0.03308
[s1] 129500 frames  78s  shadow 0.1866  pos_sup 0.03310
[s1] 130000 frames  79s  shadow 0.1869  pos_sup 0.03314
[s1] 130500 frames  79s  shadow 0.1868  pos_sup 0.03310
[s1] 131000 frames  79s  shadow 0.1865  pos_sup 0.03307
[s1] 131500 frames  80s  shadow 0.1867  pos_sup 0.03310
[s1] 132000 frames  80s  shadow 0.1863  pos_sup 0.03301
[s1] 132500 frames  80s  shadow 0.1861  pos_sup 0.03298
[s1] 133000 frames  80s  shadow 0.1861  pos_sup 0.03302
[s1] 133500 frames  81s  shadow 0.1868  pos_sup 0.03316
[s1] 134000 frames  81s  shadow 0.1867  pos_sup 0.03314
[s1] 134500 frames  81s  shadow 0.1864  pos_sup 0.03310
[s1] 135000 frames  82s  shadow 0.1869  pos_sup 0.03316
[s1] 135500 frames  82s  shadow 0.1868  pos_sup 0.03314
[s1] 136000 frames  82s  shadow 0.1865  pos_sup 0.03307
[s1] 136500 frames  83s  shadow 0.1871  pos_sup 0.03322
[s1] 137000 frames  83s  shadow 0.1875  pos_sup 0.03329
[s1] 137500 frames  84s  shadow 0.1872  pos_sup 0.03322
[s1] 138000 frames  84s  shadow 0.1868  pos_sup 0.03316
[s1] 138500 frames  84s  shadow 0.1874  pos_sup 0.03327
[s1] 139000 frames  85s  shadow 0.1880  pos_sup 0.03344
[s1] 139500 frames  85s  shadow 0.1880  pos_sup 0.03344
[s1] 140000 frames  85s  shadow 0.1884  pos_sup 0.03356
[s1] 140500 frames  86s  shadow 0.1884  pos_sup 0.03354
[s1] 141000 frames  86s  shadow 0.1879  pos_sup 0.03343
[s1] 141500 frames  86s  shadow 0.1879  pos_sup 0.03342
[s1] 142000 frames  87s  shadow 0.1882  pos_sup 0.03346
[s1] 142500 frames  87s  shadow 0.1888  pos_sup 0.03358
[s1] 143000 frames  87s  shadow 0.1887  pos_sup 0.03360
[s1] 143500 frames  88s  shadow 0.1890  pos_sup 0.03367
[s1] 144000 frames  88s  shadow 0.1888  pos_sup 0.03363
[s1] 144500 frames  88s  shadow 0.1886  pos_sup 0.03359
[s1] 145000 frames  88s  shadow 0.1880  pos_sup 0.03348
[s1] 145500 frames  89s  shadow 0.1878  pos_sup 0.03345
[s1] 146000 frames  89s  shadow 0.1880  pos_sup 0.03349
[s1] 146500 frames  90s  shadow 0.1881  pos_sup 0.03348
[s1] 147000 frames  90s  shadow 0.1877  pos_sup 0.03339
[s1] 147500 frames  91s  shadow 0.1875  pos_sup 0.03333
[s1] 148000 frames  91s  shadow 0.1875  pos_sup 0.03334
[s1] 148500 frames  91s  shadow 0.1876  pos_sup 0.03337
[s1] 149000 frames  91s  shadow 0.1875  pos_sup 0.03333
[s1] 149500 frames  91s  shadow 0.1873  pos_sup 0.03328
[s1] 150000 frames  91s  shadow 0.1867  pos_sup 0.03318
[s1] 150500 frames  92s  shadow 0.1866  pos_sup 0.03314
[s1] 151000 frames  92s  shadow 0.1865  pos_sup 0.03311
[s1] 151500 frames  92s  shadow 0.1860  pos_sup 0.03302
[s1] 152000 frames  92s  shadow 0.1861  pos_sup 0.03301
[s1] 152500 frames  93s  shadow 0.1860  pos_sup 0.03301
[s1] 153000 frames  93s  shadow 0.1858  pos_sup 0.03295
[s1] 153500 frames  93s  shadow 0.1852  pos_sup 0.03284
[s1] 154000 frames  93s  shadow 0.1847  pos_sup 0.03274
[s1] 154500 frames  93s  shadow 0.1848  pos_sup 0.03275
[s1] 155000 frames  94s  shadow 0.1853  pos_sup 0.03284
[s1] 155500 frames  94s  shadow 0.1853  pos_sup 0.03287
[s1] 156000 frames  95s  shadow 0.1854  pos_sup 0.03291
[s1] 156500 frames  95s  shadow 0.1861  pos_sup 0.03306
[s1] 157000 frames  95s  shadow 0.1859  pos_sup 0.03302
[s1] 157500 frames  95s  shadow 0.1856  pos_sup 0.03295
[s1] 158000 frames  96s  shadow 0.1858  pos_sup 0.03298
[s1] 158500 frames  96s  shadow 0.1858  pos_sup 0.03297
[s1] 159000 frames  96s  shadow 0.1855  pos_sup 0.03291
[s1] 159500 frames  96s  shadow 0.1855  pos_sup 0.03292
[s1] 160000 frames  97s  shadow 0.1854  pos_sup 0.03289
[s1] 160500 frames  97s  shadow 0.1856  pos_sup 0.03298
[s1] 161000 frames  97s  shadow 0.1856  pos_sup 0.03300
[s1] 161500 frames  98s  shadow 0.1857  pos_sup 0.03304
[s1] 162000 frames  98s  shadow 0.1862  pos_sup 0.03315
[s1] 162500 frames  99s  shadow 0.1860  pos_sup 0.03310
[s1] 163000 frames  99s  shadow 0.1858  pos_sup 0.03305
[s1] 163500 frames  99s  shadow 0.1859  pos_sup 0.03308
[s1] 164000 frames  99s  shadow 0.1857  pos_sup 0.03305
[s1] 164500 frames  100s  shadow 0.1861  pos_sup 0.03310
[s1] 165000 frames  100s  shadow 0.1859  pos_sup 0.03304
[s1] 165500 frames  100s  shadow 0.1858  pos_sup 0.03301
[s1] 166000 frames  101s  shadow 0.1859  pos_sup 0.03303
[s1] 166500 frames  101s  shadow 0.1858  pos_sup 0.03302
[s1] 167000 frames  101s  shadow 0.1856  pos_sup 0.03300
[s1] 167500 frames  101s  shadow 0.1853  pos_sup 0.03293
[s1] 168000 frames  102s  shadow 0.1851  pos_sup 0.03289
[s1] 168500 frames  102s  shadow 0.1854  pos_sup 0.03295
[s1] 169000 frames  102s  shadow 0.1856  pos_sup 0.03296
[s1] 169500 frames  103s  shadow 0.1858  pos_sup 0.03300
[s1] 170000 frames  103s  shadow 0.1857  pos_sup 0.03301
[s1] 170500 frames  103s  shadow 0.1856  pos_sup 0.03299
[s1] 171000 frames  104s  shadow 0.1854  pos_sup 0.03297
[s1] 171500 frames  104s  shadow 0.1855  pos_sup 0.03296
[s1] 172000 frames  104s  shadow 0.1856  pos_sup 0.03298
[s1] 172500 frames  105s  shadow 0.1860  pos_sup 0.03307
[s1] 173000 frames  105s  shadow 0.1859  pos_sup 0.03305
[s1] 173500 frames  105s  shadow 0.1856  pos_sup 0.03300
[s1] 174000 frames  106s  shadow 0.1854  pos_sup 0.03298
[s1] 174500 frames  106s  shadow 0.1850  pos_sup 0.03288
[s1] 175000 frames  106s  shadow 0.1849  pos_sup 0.03286
[s1] 175500 frames  106s  shadow 0.1856  pos_sup 0.03299
[s1] 176000 frames  107s  shadow 0.1856  pos_sup 0.03299
[s1] 176500 frames  107s  shadow 0.1854  pos_sup 0.03294
[s1] 177000 frames  107s  shadow 0.1849  pos_sup 0.03283
[s1] 177500 frames  107s  shadow 0.1849  pos_sup 0.03284
[s1] 178000 frames  107s  shadow 0.1848  pos_sup 0.03278
[s1] 178500 frames  108s  shadow 0.1853  pos_sup 0.03286
[s1] 179000 frames  108s  shadow 0.1849  pos_sup 0.03278
[s1] 179500 frames  108s  shadow 0.1847  pos_sup 0.03274
[s1] 180000 frames  108s  shadow 0.1846  pos_sup 0.03270
[s1] 180500 frames  109s  shadow 0.1846  pos_sup 0.03273
[s1] 181000 frames  109s  shadow 0.1844  pos_sup 0.03270
[s1] 181500 frames  109s  shadow 0.1843  pos_sup 0.03268
[s1] 182000 frames  109s  shadow 0.1843  pos_sup 0.03267
[s1] 182500 frames  110s  shadow 0.1843  pos_sup 0.03267
[s1] 183000 frames  110s  shadow 0.1843  pos_sup 0.03269
[s1] 183500 frames  110s  shadow 0.1841  pos_sup 0.03266
[s1] 184000 frames  111s  shadow 0.1840  pos_sup 0.03264
[s1] 184500 frames  111s  shadow 0.1837  pos_sup 0.03259
[s1] 185000 frames  111s  shadow 0.1840  pos_sup 0.03263
[s1] 185500 frames  111s  shadow 0.1837  pos_sup 0.03257
[s1] 186000 frames  111s  shadow 0.1837  pos_sup 0.03257
[s1] 186500 frames  112s  shadow 0.1837  pos_sup 0.03256
[s1] 187000 frames  112s  shadow 0.1834  pos_sup 0.03250
[s1] 187500 frames  112s  shadow 0.1833  pos_sup 0.03248
[s1] 188000 frames  112s  shadow 0.1830  pos_sup 0.03243
[s1] 188500 frames  112s  shadow 0.1829  pos_sup 0.03241
[s1] 189000 frames  113s  shadow 0.1830  pos_sup 0.03245
[s1] 189500 frames  113s  shadow 0.1827  pos_sup 0.03238
[s1] 190000 frames  113s  shadow 0.1824  pos_sup 0.03232
[s1] 190500 frames  113s  shadow 0.1821  pos_sup 0.03227
[s1] 191000 frames  113s  shadow 0.1819  pos_sup 0.03223
[s1] 191500 frames  114s  shadow 0.1820  pos_sup 0.03223
[s1] 192000 frames  114s  shadow 0.1818  pos_sup 0.03220
[s1] 192500 frames  114s  shadow 0.1816  pos_sup 0.03216
[s1] 193000 frames  114s  shadow 0.1815  pos_sup 0.03213
[s1] 193500 frames  114s  shadow 0.1814  pos_sup 0.03213
[s1] 194000 frames  115s  shadow 0.1813  pos_sup 0.03210
[s1] 194500 frames  115s  shadow 0.1815  pos_sup 0.03214
[s1] 195000 frames  115s  shadow 0.1813  pos_sup 0.03210
[s1] 195500 frames  115s  shadow 0.1813  pos_sup 0.03208
[s1] 196000 frames  116s  shadow 0.1816  pos_sup 0.03212
[s1] 196500 frames  116s  shadow 0.1816  pos_sup 0.03213
[s1] 197000 frames  116s  shadow 0.1817  pos_sup 0.03213
[s1] 197500 frames  116s  shadow 0.1814  pos_sup 0.03208
[s1] 198000 frames  117s  shadow 0.1814  pos_sup 0.03207
[s1] 198500 frames  117s  shadow 0.1810  pos_sup 0.03199
[s1] 199000 frames  117s  shadow 0.1810  pos_sup 0.03200
[s1] 199500 frames  117s  shadow 0.1810  pos_sup 0.03200
[s1] 200000 frames  118s  shadow 0.1808  pos_sup 0.03197
[s1] 200500 frames  118s  shadow 0.1809  pos_sup 0.03200
[s1] 201000 frames  118s  shadow 0.1811  pos_sup 0.03205
[s1] 201500 frames  118s  shadow 0.1817  pos_sup 0.03209
[s1] 202000 frames  118s  shadow 0.1816  pos_sup 0.03206
[s1] 202500 frames  119s  shadow 0.1816  pos_sup 0.03206
[s1] 203000 frames  119s  shadow 0.1815  pos_sup 0.03205
[s1] 203500 frames  119s  shadow 0.1818  pos_sup 0.03212
[s1] 204000 frames  120s  shadow 0.1820  pos_sup 0.03216
[s1] 204500 frames  120s  shadow 0.1821  pos_sup 0.03217
[s1] 205000 frames  120s  shadow 0.1820  pos_sup 0.03215
[s1] 205500 frames  121s  shadow 0.1819  pos_sup 0.03211
[s1] 206000 frames  121s  shadow 0.1819  pos_sup 0.03211
[s1] 206500 frames  121s  shadow 0.1820  pos_sup 0.03215
[s1] 207000 frames  121s  shadow 0.1816  pos_sup 0.03208
[s1] 207500 frames  122s  shadow 0.1818  pos_sup 0.03212
[s1] 208000 frames  122s  shadow 0.1817  pos_sup 0.03209
[s1] 208500 frames  122s  shadow 0.1813  pos_sup 0.03202
[s1] 209000 frames  122s  shadow 0.1810  pos_sup 0.03194
[s1] 209500 frames  123s  shadow 0.1813  pos_sup 0.03201
[s1] 210000 frames  123s  shadow 0.1813  pos_sup 0.03202
[s1] 210500 frames  123s  shadow 0.1812  pos_sup 0.03200
[s1] 211000 frames  123s  shadow 0.1814  pos_sup 0.03205
[s1] 211500 frames  124s  shadow 0.1812  pos_sup 0.03200
[s1] 212000 frames  124s  shadow 0.1809  pos_sup 0.03194
[s1] 212500 frames  124s  shadow 0.1811  pos_sup 0.03199
[s1] 213000 frames  124s  shadow 0.1813  pos_sup 0.03202
[s1] 213500 frames  125s  shadow 0.1818  pos_sup 0.03215
[s1] 214000 frames  125s  shadow 0.1820  pos_sup 0.03218
[s1] 214500 frames  126s  shadow 0.1819  pos_sup 0.03216
[s1] 215000 frames  126s  shadow 0.1817  pos_sup 0.03213
[s1] 215500 frames  126s  shadow 0.1818  pos_sup 0.03213
[s1] 216000 frames  126s  shadow 0.1818  pos_sup 0.03215
[s1] 216500 frames  127s  shadow 0.1817  pos_sup 0.03212
[s1] 217000 frames  127s  shadow 0.1814  pos_sup 0.03207
[s1] 217500 frames  127s  shadow 0.1812  pos_sup 0.03203
[s1] 218000 frames  127s  shadow 0.1810  pos_sup 0.03201
[s1] 218500 frames  127s  shadow 0.1809  pos_sup 0.03197
[s1] 219000 frames  128s  shadow 0.1810  pos_sup 0.03199
[s1] 219500 frames  128s  shadow 0.1814  pos_sup 0.03207
[s1] 220000 frames  129s  shadow 0.1814  pos_sup 0.03209
[s1] 220500 frames  129s  shadow 0.1813  pos_sup 0.03207
[s1] 221000 frames  129s  shadow 0.1812  pos_sup 0.03203
[s1] 221500 frames  129s  shadow 0.1810  pos_sup 0.03198
[s1] 222000 frames  129s  shadow 0.1806  pos_sup 0.03192
[s1] 222500 frames  129s  shadow 0.1804  pos_sup 0.03186
[s1] 223000 frames  130s  shadow 0.1801  pos_sup 0.03181
[s1] 223500 frames  130s  shadow 0.1802  pos_sup 0.03185
[s1] 224000 frames  130s  shadow 0.1803  pos_sup 0.03187
[s1] 224500 frames  130s  shadow 0.1802  pos_sup 0.03186
[s1] 225000 frames  131s  shadow 0.1802  pos_sup 0.03186
[s1] 225500 frames  131s  shadow 0.1800  pos_sup 0.03183
[s1] 226000 frames  131s  shadow 0.1798  pos_sup 0.03178
[s1] 226500 frames  131s  shadow 0.1797  pos_sup 0.03177
[s1] 227000 frames  131s  shadow 0.1794  pos_sup 0.03173
[s1] 227500 frames  132s  shadow 0.1794  pos_sup 0.03170
[s1] 228000 frames  132s  shadow 0.1793  pos_sup 0.03170
[s1] 228500 frames  132s  shadow 0.1795  pos_sup 0.03173
[s1] 229000 frames  132s  shadow 0.1796  pos_sup 0.03174
[s1] 229500 frames  133s  shadow 0.1793  pos_sup 0.03168
[s1] 230000 frames  133s  shadow 0.1791  pos_sup 0.03162
[s1] 230500 frames  133s  shadow 0.1787  pos_sup 0.03156
[s1] 231000 frames  133s  shadow 0.1791  pos_sup 0.03162
[s1] 231500 frames  133s  shadow 0.1791  pos_sup 0.03164
[s1] 232000 frames  134s  shadow 0.1791  pos_sup 0.03164
[s1] 232500 frames  134s  shadow 0.1790  pos_sup 0.03163
[s1] 233000 frames  134s  shadow 0.1792  pos_sup 0.03166
[s1] 233500 frames  135s  shadow 0.1791  pos_sup 0.03166
[s1] 234000 frames  135s  shadow 0.1797  pos_sup 0.03180
[s1] 234500 frames  135s  shadow 0.1798  pos_sup 0.03183
[s1] 235000 frames  136s  shadow 0.1799  pos_sup 0.03188
[s1] 235500 frames  136s  shadow 0.1799  pos_sup 0.03188
[s1] 236000 frames  136s  shadow 0.1797  pos_sup 0.03183
[s1] 236500 frames  136s  shadow 0.1800  pos_sup 0.03189
[s1] 237000 frames  137s  shadow 0.1799  pos_sup 0.03187
[s1] 237500 frames  137s  shadow 0.1797  pos_sup 0.03183
[s1] 238000 frames  137s  shadow 0.1798  pos_sup 0.03181
[s1] 238500 frames  137s  shadow 0.1797  pos_sup 0.03177
[s1] 239000 frames  137s  shadow 0.1795  pos_sup 0.03174
[s1] 239500 frames  137s  shadow 0.1792  pos_sup 0.03169
[s1] 240000 frames  137s  shadow 0.1791  pos_sup 0.03167
[s1] 240500 frames  137s  shadow 0.1788  pos_sup 0.03162
[s1] 241000 frames  138s  shadow 0.1787  pos_sup 0.03158
[s1] 241500 frames  138s  shadow 0.1785  pos_sup 0.03154
[s1] 242000 frames  138s  shadow 0.1783  pos_sup 0.03150
[s1] 242500 frames  138s  shadow 0.1783  pos_sup 0.03149
[s1] 243000 frames  138s  shadow 0.1782  pos_sup 0.03146
[s1] 243500 frames  139s  shadow 0.1784  pos_sup 0.03150
[s1] 244000 frames  139s  shadow 0.1784  pos_sup 0.03151
[s1] 244500 frames  139s  shadow 0.1783  pos_sup 0.03149
[s1] 245000 frames  140s  shadow 0.1783  pos_sup 0.03148
[s1] 245500 frames  140s  shadow 0.1785  pos_sup 0.03151
[s1] 246000 frames  140s  shadow 0.1787  pos_sup 0.03155
[s1] 246500 frames  141s  shadow 0.1787  pos_sup 0.03155
[s1] 247000 frames  141s  shadow 0.1787  pos_sup 0.03158
[s1] 247500 frames  141s  shadow 0.1786  pos_sup 0.03155
[s1] 248000 frames  141s  shadow 0.1785  pos_sup 0.03154
[s1] 248500 frames  142s  shadow 0.1786  pos_sup 0.03156
[s1] 249000 frames  142s  shadow 0.1787  pos_sup 0.03156
[s1] 249500 frames  142s  shadow 0.1785  pos_sup 0.03152
[s1] 250000 frames  142s  shadow 0.1786  pos_sup 0.03154
[s1] 250500 frames  143s  shadow 0.1788  pos_sup 0.03156
[s1] 251000 frames  143s  shadow 0.1789  pos_sup 0.03159
[s1] 251500 frames  143s  shadow 0.1792  pos_sup 0.03166
[s1] 252000 frames  144s  shadow 0.1790  pos_sup 0.03163
[s1] 252500 frames  144s  shadow 0.1789  pos_sup 0.03163
[s1] 253000 frames  144s  shadow 0.1788  pos_sup 0.03163
[s1] 253500 frames  145s  shadow 0.1789  pos_sup 0.03167
[s1] 254000 frames  145s  shadow 0.1792  pos_sup 0.03174
[s1] 254500 frames  146s  shadow 0.1791  pos_sup 0.03172
[s1] 255000 frames  146s  shadow 0.1788  pos_sup 0.03166
[s1] 255500 frames  146s  shadow 0.1786  pos_sup 0.03161
[s1] 256000 frames  146s  shadow 0.1785  pos_sup 0.03159
[s1] 256500 frames  146s  shadow 0.1785  pos_sup 0.03160
[s1] 257000 frames  147s  shadow 0.1787  pos_sup 0.03166
[s1] 257500 frames  147s  shadow 0.1787  pos_sup 0.03165
[s1] 258000 frames  147s  shadow 0.1788  pos_sup 0.03166
[s1] 258500 frames  148s  shadow 0.1788  pos_sup 0.03168
[s1] 259000 frames  148s  shadow 0.1788  pos_sup 0.03169
[s1] 259500 frames  148s  shadow 0.1789  pos_sup 0.03170
[s1] 260000 frames  149s  shadow 0.1792  pos_sup 0.03176
[s1] 260500 frames  149s  shadow 0.1793  pos_sup 0.03178
[s1] 261000 frames  150s  shadow 0.1797  pos_sup 0.03185
[s1] 261500 frames  150s  shadow 0.1799  pos_sup 0.03188
[s1] 262000 frames  150s  shadow 0.1797  pos_sup 0.03184
[s1] 262500 frames  151s  shadow 0.1798  pos_sup 0.03185
[s1] 263000 frames  151s  shadow 0.1798  pos_sup 0.03185
[s1] 263500 frames  151s  shadow 0.1798  pos_sup 0.03184
[s1] 264000 frames  152s  shadow 0.1798  pos_sup 0.03181
[s1] 264500 frames  152s  shadow 0.1800  pos_sup 0.03187
[s1] 265000 frames  152s  shadow 0.1801  pos_sup 0.03189
[s1] 265500 frames  153s  shadow 0.1804  pos_sup 0.03197
[s1] 266000 frames  153s  shadow 0.1802  pos_sup 0.03193
[s1] 266500 frames  153s  shadow 0.1801  pos_sup 0.03190
[s1] 267000 frames  153s  shadow 0.1799  pos_sup 0.03187
[s1] 267500 frames  153s  shadow 0.1798  pos_sup 0.03187
[s1] 268000 frames  154s  shadow 0.1796  pos_sup 0.03182
[s1] 268500 frames  154s  shadow 0.1795  pos_sup 0.03178
[s1] 269000 frames  154s  shadow 0.1793  pos_sup 0.03173
[s1] 269500 frames  154s  shadow 0.1795  pos_sup 0.03178
[s1] 270000 frames  154s  shadow 0.1793  pos_sup 0.03176
[s1] 270500 frames  155s  shadow 0.1794  pos_sup 0.03178
[s1] 271000 frames  155s  shadow 0.1795  pos_sup 0.03180
[s1] 271500 frames  156s  shadow 0.1798  pos_sup 0.03185
[s1] 272000 frames  156s  shadow 0.1797  pos_sup 0.03185
[s1] 272500 frames  156s  shadow 0.1797  pos_sup 0.03186
[s1] 273000 frames  157s  shadow 0.1797  pos_sup 0.03186
[s1] 273500 frames  157s  shadow 0.1799  pos_sup 0.03187
[s1] 274000 frames  157s  shadow 0.1798  pos_sup 0.03186
[s1] 274500 frames  158s  shadow 0.1799  pos_sup 0.03188
[s1] 275000 frames  158s  shadow 0.1798  pos_sup 0.03185
[s1] 275500 frames  158s  shadow 0.1797  pos_sup 0.03185
[s1] 276000 frames  158s  shadow 0.1795  pos_sup 0.03182
[s1] 276500 frames  159s  shadow 0.1794  pos_sup 0.03179
[s1] 277000 frames  159s  shadow 0.1795  pos_sup 0.03181
[s1] 277500 frames  159s  shadow 0.1797  pos_sup 0.03184
[s1] 278000 frames  160s  shadow 0.1798  pos_sup 0.03188
[s1] 278500 frames  160s  shadow 0.1800  pos_sup 0.03193
[s1] 279000 frames  160s  shadow 0.1801  pos_sup 0.03197
[s1] 279500 frames  161s  shadow 0.1799  pos_sup 0.03193
[s1] 280000 frames  161s  shadow 0.1799  pos_sup 0.03192
[s1] 280500 frames  161s  shadow 0.1798  pos_sup 0.03192
[s1] 281000 frames  161s  shadow 0.1799  pos_sup 0.03190
[s1] 281500 frames  162s  shadow 0.1798  pos_sup 0.03187
[s1] 282000 frames  162s  shadow 0.1795  pos_sup 0.03181
[s1] 282500 frames  162s  shadow 0.1794  pos_sup 0.03180
[s1] 283000 frames  162s  shadow 0.1795  pos_sup 0.03181
[s1] 283500 frames  162s  shadow 0.1796  pos_sup 0.03183
[s1] 284000 frames  163s  shadow 0.1797  pos_sup 0.03185
[s1] 284500 frames  163s  shadow 0.1796  pos_sup 0.03182
[s1] 285000 frames  163s  shadow 0.1798  pos_sup 0.03184
[s1] 285500 frames  163s  shadow 0.1796  pos_sup 0.03179
[s1] 286000 frames  164s  shadow 0.1794  pos_sup 0.03176
[s1] 286500 frames  164s  shadow 0.1797  pos_sup 0.03182
[s1] 287000 frames  164s  shadow 0.1800  pos_sup 0.03187
[s1] 287500 frames  165s  shadow 0.1802  pos_sup 0.03188
[s1] 288000 frames  165s  shadow 0.1802  pos_sup 0.03191
[s1] 288500 frames  165s  shadow 0.1801  pos_sup 0.03189
[s1] 289000 frames  166s  shadow 0.1801  pos_sup 0.03187
[s1] 289500 frames  166s  shadow 0.1802  pos_sup 0.03190
[s1] 290000 frames  166s  shadow 0.1800  pos_sup 0.03186
[s1] 290500 frames  166s  shadow 0.1797  pos_sup 0.03179
[s1] 291000 frames  166s  shadow 0.1797  pos_sup 0.03178
[s1] 291500 frames  167s  shadow 0.1797  pos_sup 0.03177
[s1] 292000 frames  167s  shadow 0.1798  pos_sup 0.03179
[s1] 292500 frames  167s  shadow 0.1797  pos_sup 0.03175
[s1] 293000 frames  167s  shadow 0.1797  pos_sup 0.03176
[s1] 293500 frames  168s  shadow 0.1799  pos_sup 0.03178
[s1] 294000 frames  168s  shadow 0.1800  pos_sup 0.03180
[s1] 294500 frames  169s  shadow 0.1801  pos_sup 0.03183
[s1] 295000 frames  169s  shadow 0.1803  pos_sup 0.03187
[s1] 295500 frames  169s  shadow 0.1806  pos_sup 0.03189
[s1] 296000 frames  170s  shadow 0.1806  pos_sup 0.03189
[s1] 296500 frames  170s  shadow 0.1806  pos_sup 0.03190
[s1] 297000 frames  171s  shadow 0.1810  pos_sup 0.03198
[s1] 297500 frames  171s  shadow 0.1813  pos_sup 0.03205
[s1] 298000 frames  171s  shadow 0.1813  pos_sup 0.03207
[s1] 298500 frames  172s  shadow 0.1814  pos_sup 0.03209
[s1] 299000 frames  172s  shadow 0.1815  pos_sup 0.03209
[s1] 299500 frames  173s  shadow 0.1818  pos_sup 0.03217
[s1] 300000 frames  173s  shadow 0.1816  pos_sup 0.03216
[s1] 300500 frames  173s  shadow 0.1815  pos_sup 0.03214
[s1] 301000 frames  173s  shadow 0.1815  pos_sup 0.03213
[s1] 301500 frames  174s  shadow 0.1814  pos_sup 0.03213
[s1] 302000 frames  174s  shadow 0.1816  pos_sup 0.03219
[s1] 302500 frames  175s  shadow 0.1817  pos_sup 0.03219
[s1] 303000 frames  175s  shadow 0.1819  pos_sup 0.03224
[s1] 303500 frames  175s  shadow 0.1823  pos_sup 0.03228
[s1] 304000 frames  176s  shadow 0.1821  pos_sup 0.03225
[s1] 304500 frames  176s  shadow 0.1819  pos_sup 0.03223
[s1] 305000 frames  176s  shadow 0.1820  pos_sup 0.03223
[s1] 305500 frames  176s  shadow 0.1819  pos_sup 0.03224
[s1] 306000 frames  177s  shadow 0.1820  pos_sup 0.03224
[s1] 306500 frames  177s  shadow 0.1820  pos_sup 0.03225
[s1] 307000 frames  177s  shadow 0.1818  pos_sup 0.03222
[s1] 307500 frames  177s  shadow 0.1816  pos_sup 0.03218
[s1] 308000 frames  177s  shadow 0.1819  pos_sup 0.03221
[s1] 308500 frames  178s  shadow 0.1818  pos_sup 0.03222
[s1] 309000 frames  178s  shadow 0.1819  pos_sup 0.03224
[s1] 309500 frames  178s  shadow 0.1819  pos_sup 0.03225
[s1] 310000 frames  178s  shadow 0.1817  pos_sup 0.03222
[s1] 310500 frames  178s  shadow 0.1816  pos_sup 0.03219
[s1] 311000 frames  179s  shadow 0.1816  pos_sup 0.03219
[s1] 311500 frames  179s  shadow 0.1818  pos_sup 0.03224
[s1] 312000 frames  179s  shadow 0.1819  pos_sup 0.03225
[s1] 312500 frames  180s  shadow 0.1821  pos_sup 0.03228
[s1] 313000 frames  181s  shadow 0.1824  pos_sup 0.03234
[s1] 313500 frames  182s  shadow 0.1824  pos_sup 0.03235
[s1] 314000 frames  182s  shadow 0.1824  pos_sup 0.03235
[s1] 314500 frames  182s  shadow 0.1824  pos_sup 0.03234
[s1] 315000 frames  182s  shadow 0.1825  pos_sup 0.03233
[s1] 315500 frames  182s  shadow 0.1824  pos_sup 0.03231
[s1] 316000 frames  183s  shadow 0.1823  pos_sup 0.03230
[s1] 316500 frames  183s  shadow 0.1822  pos_sup 0.03226
[s1] 317000 frames  183s  shadow 0.1823  pos_sup 0.03227
[s1] 317500 frames  183s  shadow 0.1824  pos_sup 0.03231
[s1] 318000 frames  183s  shadow 0.1822  pos_sup 0.03227
[s1] 318500 frames  184s  shadow 0.1821  pos_sup 0.03226
[s1] 319000 frames  184s  shadow 0.1822  pos_sup 0.03227
[s1] 319500 frames  184s  shadow 0.1821  pos_sup 0.03225
[s1] 320000 frames  184s  shadow 0.1820  pos_sup 0.03223
[s1] 320500 frames  185s  shadow 0.1820  pos_sup 0.03222
[s1] 321000 frames  185s  shadow 0.1820  pos_sup 0.03224
[s1] 321500 frames  186s  shadow 0.1821  pos_sup 0.03225
[s1] 322000 frames  186s  shadow 0.1821  pos_sup 0.03224
[s1] 322500 frames  186s  shadow 0.1821  pos_sup 0.03226
[s1] 323000 frames  187s  shadow 0.1822  pos_sup 0.03227
[s1] 323500 frames  187s  shadow 0.1823  pos_sup 0.03229
[s1] 324000 frames  187s  shadow 0.1824  pos_sup 0.03230
[s1] 324500 frames  188s  shadow 0.1823  pos_sup 0.03231
[s1] 325000 frames  188s  shadow 0.1824  pos_sup 0.03230
[s1] 325500 frames  188s  shadow 0.1822  pos_sup 0.03228
[s1] 326000 frames  188s  shadow 0.1822  pos_sup 0.03227
[s1] 326500 frames  189s  shadow 0.1824  pos_sup 0.03230
[s1] 327000 frames  189s  shadow 0.1824  pos_sup 0.03230
[s1] 327500 frames  190s  shadow 0.1825  pos_sup 0.03232
[s1] 328000 frames  190s  shadow 0.1826  pos_sup 0.03234
[s1] 328500 frames  190s  shadow 0.1826  pos_sup 0.03233
[s1] 329000 frames  191s  shadow 0.1825  pos_sup 0.03230
[s1] 329500 frames  191s  shadow 0.1823  pos_sup 0.03227
[s1] 330000 frames  191s  shadow 0.1823  pos_sup 0.03225
[s1] 330500 frames  191s  shadow 0.1821  pos_sup 0.03223
[s1] 331000 frames  191s  shadow 0.1822  pos_sup 0.03225
[s1] 331500 frames  192s  shadow 0.1825  pos_sup 0.03233
[s1] 332000 frames  192s  shadow 0.1824  pos_sup 0.03231
[s1] 332500 frames  192s  shadow 0.1823  pos_sup 0.03228
[s1] 333000 frames  193s  shadow 0.1823  pos_sup 0.03229
[s1] 333500 frames  193s  shadow 0.1821  pos_sup 0.03226
[s1] 334000 frames  193s  shadow 0.1819  pos_sup 0.03220
[s1] 334500 frames  193s  shadow 0.1819  pos_sup 0.03221
[s1] 335000 frames  193s  shadow 0.1818  pos_sup 0.03219
[s1] 335500 frames  194s  shadow 0.1819  pos_sup 0.03222
[s1] 336000 frames  194s  shadow 0.1819  pos_sup 0.03221
[s1] 336500 frames  194s  shadow 0.1818  pos_sup 0.03218
[s1] 337000 frames  195s  shadow 0.1821  pos_sup 0.03222
[s1] 337500 frames  195s  shadow 0.1820  pos_sup 0.03221
[s1] 338000 frames  195s  shadow 0.1818  pos_sup 0.03217
[s1] 338500 frames  195s  shadow 0.1817  pos_sup 0.03215
[s1] 339000 frames  195s  shadow 0.1817  pos_sup 0.03217
[s1] 339500 frames  196s  shadow 0.1815  pos_sup 0.03212
[s1] 340000 frames  196s  shadow 0.1815  pos_sup 0.03213
[s1] 340500 frames  196s  shadow 0.1815  pos_sup 0.03214
[s1] 341000 frames  196s  shadow 0.1813  pos_sup 0.03209
[s1] 341500 frames  197s  shadow 0.1814  pos_sup 0.03210
[s1] 342000 frames  197s  shadow 0.1815  pos_sup 0.03212
[s1] 342500 frames  197s  shadow 0.1815  pos_sup 0.03212
[s1] 343000 frames  197s  shadow 0.1816  pos_sup 0.03213
[s1] 343500 frames  198s  shadow 0.1813  pos_sup 0.03208
[s1] 344000 frames  198s  shadow 0.1815  pos_sup 0.03211
[s1] 344500 frames  198s  shadow 0.1815  pos_sup 0.03210
[s1] 345000 frames  198s  shadow 0.1813  pos_sup 0.03206
[s1] 345500 frames  198s  shadow 0.1812  pos_sup 0.03207
[s1] 346000 frames  199s  shadow 0.1815  pos_sup 0.03212
[s1] 346500 frames  199s  shadow 0.1814  pos_sup 0.03210
[s1] 347000 frames  199s  shadow 0.1816  pos_sup 0.03212
[s1] 347500 frames  200s  shadow 0.1816  pos_sup 0.03211
[s1] 348000 frames  200s  shadow 0.1816  pos_sup 0.03212
[s1] 348500 frames  201s  shadow 0.1817  pos_sup 0.03214
[s1] 349000 frames  201s  shadow 0.1816  pos_sup 0.03212
[s1] 349500 frames  201s  shadow 0.1817  pos_sup 0.03213
[s1] 350000 frames  202s  shadow 0.1816  pos_sup 0.03213
[s1] 350500 frames  202s  shadow 0.1815  pos_sup 0.03209
[s1] 351000 frames  202s  shadow 0.1814  pos_sup 0.03208
[s1] 351500 frames  202s  shadow 0.1815  pos_sup 0.03209
[s1] 352000 frames  203s  shadow 0.1815  pos_sup 0.03210
[s1] 352500 frames  203s  shadow 0.1817  pos_sup 0.03212
[s1] 353000 frames  203s  shadow 0.1817  pos_sup 0.03212
[s1] 353500 frames  203s  shadow 0.1814  pos_sup 0.03208
[s1] 354000 frames  204s  shadow 0.1817  pos_sup 0.03212
[s1] 354500 frames  204s  shadow 0.1817  pos_sup 0.03213
[s1] 355000 frames  204s  shadow 0.1816  pos_sup 0.03211
[s1] 355500 frames  205s  shadow 0.1817  pos_sup 0.03212
[s1] 356000 frames  205s  shadow 0.1817  pos_sup 0.03214
[s1] 356500 frames  205s  shadow 0.1815  pos_sup 0.03211
[s1] 357000 frames  206s  shadow 0.1816  pos_sup 0.03213
[s1] 357500 frames  206s  shadow 0.1816  pos_sup 0.03212
[s1] 358000 frames  206s  shadow 0.1816  pos_sup 0.03213
[s1] 358500 frames  206s  shadow 0.1816  pos_sup 0.03213
[s1] 359000 frames  207s  shadow 0.1817  pos_sup 0.03215
[s1] 359500 frames  207s  shadow 0.1817  pos_sup 0.03215
[s1] 360000 frames  207s  shadow 0.1816  pos_sup 0.03213
[s1] 360500 frames  208s  shadow 0.1819  pos_sup 0.03218
[s1] 361000 frames  208s  shadow 0.1821  pos_sup 0.03223
[s1] 361500 frames  209s  shadow 0.1820  pos_sup 0.03220
[s1] 362000 frames  209s  shadow 0.1820  pos_sup 0.03220
[s1] 362500 frames  209s  shadow 0.1819  pos_sup 0.03217
[s1] 363000 frames  209s  shadow 0.1818  pos_sup 0.03215
[s1] 363500 frames  209s  shadow 0.1821  pos_sup 0.03221
[s1] 364000 frames  210s  shadow 0.1821  pos_sup 0.03222
[s1] 364500 frames  210s  shadow 0.1823  pos_sup 0.03224
[s1] 365000 frames  210s  shadow 0.1824  pos_sup 0.03225
[s1] 365500 frames  211s  shadow 0.1826  pos_sup 0.03229
[s1] 366000 frames  212s  shadow 0.1828  pos_sup 0.03233
[s1] 366500 frames  212s  shadow 0.1828  pos_sup 0.03234
[s1] 367000 frames  212s  shadow 0.1829  pos_sup 0.03238
[s1] 367500 frames  213s  shadow 0.1830  pos_sup 0.03240
[s1] 368000 frames  213s  shadow 0.1832  pos_sup 0.03242
[s1] 368500 frames  213s  shadow 0.1832  pos_sup 0.03241
[s1] 369000 frames  214s  shadow 0.1835  pos_sup 0.03246
[s1] 369500 frames  214s  shadow 0.1835  pos_sup 0.03246
[s1] 370000 frames  215s  shadow 0.1837  pos_sup 0.03251
[s1] 370500 frames  215s  shadow 0.1836  pos_sup 0.03249
[s1] 371000 frames  215s  shadow 0.1835  pos_sup 0.03247
[s1] 371500 frames  216s  shadow 0.1836  pos_sup 0.03249
[s1] 372000 frames  216s  shadow 0.1835  pos_sup 0.03248
[s1] 372500 frames  217s  shadow 0.1835  pos_sup 0.03247
[s1] 373000 frames  217s  shadow 0.1834  pos_sup 0.03244
[s1] 373500 frames  217s  shadow 0.1834  pos_sup 0.03244
[s1] 374000 frames  218s  shadow 0.1837  pos_sup 0.03249
[s1] 374500 frames  218s  shadow 0.1839  pos_sup 0.03252
[s1] 375000 frames  219s  shadow 0.1839  pos_sup 0.03253
[s1] 375500 frames  219s  shadow 0.1837  pos_sup 0.03249
[s1] 376000 frames  219s  shadow 0.1837  pos_sup 0.03249
[s1] 376500 frames  219s  shadow 0.1837  pos_sup 0.03249
[s1] 377000 frames  220s  shadow 0.1837  pos_sup 0.03248
[s1] 377500 frames  220s  shadow 0.1836  pos_sup 0.03247
[s1] 378000 frames  220s  shadow 0.1836  pos_sup 0.03247
[s1] 378500 frames  221s  shadow 0.1837  pos_sup 0.03246
[s1] 379000 frames  221s  shadow 0.1835  pos_sup 0.03243
[s1] 379500 frames  221s  shadow 0.1836  pos_sup 0.03248
[s1] 380000 frames  222s  shadow 0.1836  pos_sup 0.03247
[s1] 380500 frames  222s  shadow 0.1836  pos_sup 0.03247
[s1] 381000 frames  222s  shadow 0.1835  pos_sup 0.03245
[s1] 381500 frames  222s  shadow 0.1834  pos_sup 0.03244
[s1] 382000 frames  222s  shadow 0.1833  pos_sup 0.03241
[s1] 382500 frames  223s  shadow 0.1831  pos_sup 0.03238
[s1] 383000 frames  223s  shadow 0.1831  pos_sup 0.03237
[s1] 383500 frames  223s  shadow 0.1830  pos_sup 0.03234
[s1] 384000 frames  223s  shadow 0.1830  pos_sup 0.03234
[s1] 384500 frames  224s  shadow 0.1832  pos_sup 0.03237
[s1] 385000 frames  224s  shadow 0.1832  pos_sup 0.03239
[s1] 385500 frames  225s  shadow 0.1837  pos_sup 0.03251
[s1] 386000 frames  225s  shadow 0.1838  pos_sup 0.03253
[s1] 386500 frames  225s  shadow 0.1838  pos_sup 0.03252
[s1] 387000 frames  226s  shadow 0.1838  pos_sup 0.03253
[s1] 387500 frames  226s  shadow 0.1837  pos_sup 0.03251
[s1] 388000 frames  226s  shadow 0.1837  pos_sup 0.03252
[s1] 388500 frames  226s  shadow 0.1836  pos_sup 0.03249
[s1] 389000 frames  227s  shadow 0.1836  pos_sup 0.03249
[s1] 389500 frames  227s  shadow 0.1835  pos_sup 0.03248
[s1] 390000 frames  227s  shadow 0.1836  pos_sup 0.03248
[s1] 390500 frames  227s  shadow 0.1835  pos_sup 0.03246
[s1] 391000 frames  228s  shadow 0.1836  pos_sup 0.03248
[s1] 391500 frames  228s  shadow 0.1836  pos_sup 0.03250
[s1] 392000 frames  228s  shadow 0.1836  pos_sup 0.03248
[s1] 392500 frames  229s  shadow 0.1840  pos_sup 0.03257
[s1] 393000 frames  229s  shadow 0.1841  pos_sup 0.03260
[s1] 393500 frames  229s  shadow 0.1844  pos_sup 0.03264
[s1] 394000 frames  230s  shadow 0.1843  pos_sup 0.03263
[s1] 394500 frames  230s  shadow 0.1842  pos_sup 0.03261
[s1] 395000 frames  231s  shadow 0.1843  pos_sup 0.03262
[s1] 395500 frames  231s  shadow 0.1841  pos_sup 0.03259
[s1] 396000 frames  231s  shadow 0.1842  pos_sup 0.03261
[s1] 396500 frames  232s  shadow 0.1842  pos_sup 0.03261
[s1] 397000 frames  232s  shadow 0.1842  pos_sup 0.03263
[s1] 397500 frames  232s  shadow 0.1841  pos_sup 0.03260
[s1] 398000 frames  233s  shadow 0.1841  pos_sup 0.03261
[s1] 398500 frames  233s  shadow 0.1841  pos_sup 0.03260
[s1] 399000 frames  233s  shadow 0.1840  pos_sup 0.03258
[s1] 399500 frames  234s  shadow 0.1840  pos_sup 0.03257
[s1] 400000 frames  234s  shadow 0.1839  pos_sup 0.03254
[s1] 400500 frames  234s  shadow 0.1838  pos_sup 0.03251
[s1] 401000 frames  234s  shadow 0.1838  pos_sup 0.03252
[s1] 401500 frames  235s  shadow 0.1839  pos_sup 0.03254
[s1] 402000 frames  235s  shadow 0.1837  pos_sup 0.03251
[s1] 402500 frames  235s  shadow 0.1837  pos_sup 0.03249
[s1] 403000 frames  235s  shadow 0.1836  pos_sup 0.03247
[s1] 403500 frames  236s  shadow 0.1839  pos_sup 0.03252
[s1] 404000 frames  236s  shadow 0.1840  pos_sup 0.03255
[s1] 404500 frames  236s  shadow 0.1841  pos_sup 0.03255
[s1] 405000 frames  237s  shadow 0.1841  pos_sup 0.03255
[s1] 405500 frames  237s  shadow 0.1840  pos_sup 0.03253
[s1] 406000 frames  237s  shadow 0.1839  pos_sup 0.03253
[s1] 406500 frames  237s  shadow 0.1839  pos_sup 0.03253
[s1] 407000 frames  238s  shadow 0.1839  pos_sup 0.03250
[s1] 407500 frames  238s  shadow 0.1837  pos_sup 0.03247
[s1] 408000 frames  238s  shadow 0.1836  pos_sup 0.03244
[s1] 408500 frames  238s  shadow 0.1834  pos_sup 0.03241
[s1] 409000 frames  238s  shadow 0.1832  pos_sup 0.03237
[s1] 409500 frames  238s  shadow 0.1833  pos_sup 0.03237
[s1] 410000 frames  238s  shadow 0.1833  pos_sup 0.03237
[s1] 410500 frames  239s  shadow 0.1833  pos_sup 0.03237
[s1] 411000 frames  239s  shadow 0.1831  pos_sup 0.03233
[s1] 411500 frames  239s  shadow 0.1833  pos_sup 0.03237
[s1] 412000 frames  239s  shadow 0.1834  pos_sup 0.03240
[s1] 412500 frames  240s  shadow 0.1833  pos_sup 0.03240
[s1] 413000 frames  240s  shadow 0.1832  pos_sup 0.03238
[s1] 413500 frames  240s  shadow 0.1832  pos_sup 0.03238
[s1] 414000 frames  240s  shadow 0.1832  pos_sup 0.03237
[s1] 414500 frames  241s  shadow 0.1831  pos_sup 0.03236
[s1] 415000 frames  241s  shadow 0.1830  pos_sup 0.03233
[s1] 415500 frames  241s  shadow 0.1828  pos_sup 0.03229
[s1] 416000 frames  241s  shadow 0.1828  pos_sup 0.03229
[s1] 416500 frames  241s  shadow 0.1827  pos_sup 0.03229
[s1] 417000 frames  242s  shadow 0.1827  pos_sup 0.03228
[s1] 417500 frames  242s  shadow 0.1827  pos_sup 0.03228
[s1] 418000 frames  242s  shadow 0.1826  pos_sup 0.03227
[s1] 418500 frames  242s  shadow 0.1826  pos_sup 0.03227
[s1] 419000 frames  243s  shadow 0.1825  pos_sup 0.03225
[s1] 419500 frames  243s  shadow 0.1824  pos_sup 0.03223
[s1] 420000 frames  243s  shadow 0.1824  pos_sup 0.03223
[s1] 420500 frames  243s  shadow 0.1824  pos_sup 0.03224
[s1] 421000 frames  244s  shadow 0.1827  pos_sup 0.03229
[s1] 421500 frames  245s  shadow 0.1829  pos_sup 0.03233
[s1] 422000 frames  245s  shadow 0.1829  pos_sup 0.03235
[s1] 422500 frames  245s  shadow 0.1827  pos_sup 0.03232
[s1] 423000 frames  245s  shadow 0.1829  pos_sup 0.03236
[s1] 423500 frames  246s  shadow 0.1829  pos_sup 0.03237
[s1] 424000 frames  246s  shadow 0.1829  pos_sup 0.03235
[s1] 424500 frames  246s  shadow 0.1828  pos_sup 0.03232
[s1] 425000 frames  246s  shadow 0.1828  pos_sup 0.03233
[s1] 425500 frames  246s  shadow 0.1827  pos_sup 0.03231
[s1] 426000 frames  246s  shadow 0.1826  pos_sup 0.03228
[s1] 426500 frames  247s  shadow 0.1828  pos_sup 0.03233
[s1] 427000 frames  247s  shadow 0.1826  pos_sup 0.03229
[s1] 427500 frames  247s  shadow 0.1826  pos_sup 0.03230
[s1] 428000 frames  248s  shadow 0.1826  pos_sup 0.03232
[s1] 428500 frames  248s  shadow 0.1827  pos_sup 0.03232
[s1] 429000 frames  248s  shadow 0.1826  pos_sup 0.03230
[s1] 429500 frames  248s  shadow 0.1825  pos_sup 0.03229
[s1] 430000 frames  249s  shadow 0.1827  pos_sup 0.03233
[s1] 430500 frames  250s  shadow 0.1829  pos_sup 0.03238
[s1] 431000 frames  250s  shadow 0.1831  pos_sup 0.03241
[s1] 431500 frames  250s  shadow 0.1829  pos_sup 0.03239
[s1] 432000 frames  250s  shadow 0.1828  pos_sup 0.03235
[s1] 432500 frames  250s  shadow 0.1827  pos_sup 0.03232
[s1] 433000 frames  250s  shadow 0.1825  pos_sup 0.03229
[s1] 433500 frames  251s  shadow 0.1827  pos_sup 0.03232
[s1] 434000 frames  251s  shadow 0.1826  pos_sup 0.03231
[s1] 434500 frames  252s  shadow 0.1829  pos_sup 0.03236
[s1] 435000 frames  252s  shadow 0.1831  pos_sup 0.03241
[s1] 435500 frames  253s  shadow 0.1831  pos_sup 0.03241
[s1] 436000 frames  253s  shadow 0.1832  pos_sup 0.03242
[s1] 436500 frames  254s  shadow 0.1831  pos_sup 0.03241
[s1] 437000 frames  254s  shadow 0.1830  pos_sup 0.03239
[s1] 437500 frames  254s  shadow 0.1831  pos_sup 0.03241
[s1] 438000 frames  255s  shadow 0.1833  pos_sup 0.03244
[s1] 438500 frames  255s  shadow 0.1831  pos_sup 0.03240
[s1] 439000 frames  255s  shadow 0.1830  pos_sup 0.03239
[s1] 439500 frames  255s  shadow 0.1829  pos_sup 0.03236
[s1] 440000 frames  255s  shadow 0.1828  pos_sup 0.03234
[s1] 440500 frames  255s  shadow 0.1826  pos_sup 0.03229
[s1] 441000 frames  255s  shadow 0.1825  pos_sup 0.03227
[s1] 441500 frames  255s  shadow 0.1824  pos_sup 0.03225
[s1] 442000 frames  256s  shadow 0.1824  pos_sup 0.03226
[s1] 442500 frames  256s  shadow 0.1825  pos_sup 0.03228
[s1] 443000 frames  257s  shadow 0.1827  pos_sup 0.03232
[s1] 443500 frames  257s  shadow 0.1827  pos_sup 0.03233
[s1] 444000 frames  257s  shadow 0.1827  pos_sup 0.03232
[s1] 444500 frames  257s  shadow 0.1827  pos_sup 0.03232
[s1] 445000 frames  258s  shadow 0.1827  pos_sup 0.03234
[s1] 445500 frames  258s  shadow 0.1828  pos_sup 0.03237
[s1] 446000 frames  259s  shadow 0.1830  pos_sup 0.03238
[s1] 446500 frames  259s  shadow 0.1829  pos_sup 0.03238
[s1] 447000 frames  259s  shadow 0.1828  pos_sup 0.03235
[s1] 447500 frames  259s  shadow 0.1829  pos_sup 0.03238
[s1] 448000 frames  260s  shadow 0.1828  pos_sup 0.03237
[s1] 448500 frames  260s  shadow 0.1829  pos_sup 0.03239
[s1] 449000 frames  261s  shadow 0.1830  pos_sup 0.03243
[s1] 449500 frames  261s  shadow 0.1830  pos_sup 0.03242
[s1] 450000 frames  262s  shadow 0.1831  pos_sup 0.03246
[s1] 450500 frames  262s  shadow 0.1830  pos_sup 0.03244
[s1] 451000 frames  263s  shadow 0.1831  pos_sup 0.03246
[s1] 451500 frames  263s  shadow 0.1829  pos_sup 0.03243
[s1] 452000 frames  263s  shadow 0.1830  pos_sup 0.03244
[s1] 452500 frames  263s  shadow 0.1829  pos_sup 0.03241
[s1] 453000 frames  264s  shadow 0.1830  pos_sup 0.03244
[s1] 453500 frames  264s  shadow 0.1830  pos_sup 0.03243
[s1] 454000 frames  264s  shadow 0.1831  pos_sup 0.03245
[s1] 454500 frames  264s  shadow 0.1832  pos_sup 0.03248
[s1] 455000 frames  265s  shadow 0.1832  pos_sup 0.03247
[s1] 455500 frames  265s  shadow 0.1831  pos_sup 0.03245
[s1] 456000 frames  265s  shadow 0.1831  pos_sup 0.03245
[s1] 456500 frames  266s  shadow 0.1831  pos_sup 0.03245
[s1] 457000 frames  266s  shadow 0.1832  pos_sup 0.03247
[s1] 457500 frames  267s  shadow 0.1831  pos_sup 0.03246
[s1] 458000 frames  267s  shadow 0.1830  pos_sup 0.03244
[s1] 458500 frames  267s  shadow 0.1830  pos_sup 0.03243
[s1] 459000 frames  267s  shadow 0.1828  pos_sup 0.03240
[s1] 459500 frames  267s  shadow 0.1827  pos_sup 0.03238
[s1] 460000 frames  268s  shadow 0.1827  pos_sup 0.03237
[s1] 460500 frames  268s  shadow 0.1827  pos_sup 0.03237
[s1] 461000 frames  268s  shadow 0.1826  pos_sup 0.03235
[s1] 461500 frames  269s  shadow 0.1827  pos_sup 0.03236
[s1] 462000 frames  270s  shadow 0.1827  pos_sup 0.03236
[s1] 462500 frames  270s  shadow 0.1826  pos_sup 0.03234
[s1] 463000 frames  270s  shadow 0.1826  pos_sup 0.03233
[s1] 463500 frames  271s  shadow 0.1824  pos_sup 0.03230
[s1] 464000 frames  271s  shadow 0.1822  pos_sup 0.03226
[s1] 464500 frames  271s  shadow 0.1823  pos_sup 0.03228
[s1] 465000 frames  271s  shadow 0.1823  pos_sup 0.03228
[s1] 465500 frames  272s  shadow 0.1824  pos_sup 0.03230
[s1] 466000 frames  272s  shadow 0.1823  pos_sup 0.03228
[s1] 466500 frames  272s  shadow 0.1823  pos_sup 0.03228
[s1] 467000 frames  272s  shadow 0.1823  pos_sup 0.03228
[s1] 467500 frames  273s  shadow 0.1823  pos_sup 0.03228
[s1] 468000 frames  273s  shadow 0.1823  pos_sup 0.03229
[s1] 468500 frames  273s  shadow 0.1822  pos_sup 0.03225
[s1] 469000 frames  273s  shadow 0.1822  pos_sup 0.03225
[s1] 469500 frames  274s  shadow 0.1822  pos_sup 0.03227
[s1] 470000 frames  274s  shadow 0.1822  pos_sup 0.03228
[s1] 470500 frames  274s  shadow 0.1823  pos_sup 0.03231
[s1] 471000 frames  275s  shadow 0.1823  pos_sup 0.03229
[s1] 471500 frames  275s  shadow 0.1823  pos_sup 0.03230
[s1] 472000 frames  275s  shadow 0.1824  pos_sup 0.03231
[s1] 472500 frames  275s  shadow 0.1823  pos_sup 0.03229
[s1] 473000 frames  276s  shadow 0.1823  pos_sup 0.03228
[s1] 473500 frames  276s  shadow 0.1824  pos_sup 0.03229
[s1] 474000 frames  276s  shadow 0.1823  pos_sup 0.03228
[s1] 474500 frames  277s  shadow 0.1823  pos_sup 0.03228
[s1] 475000 frames  277s  shadow 0.1822  pos_sup 0.03226
[s1] 475500 frames  277s  shadow 0.1822  pos_sup 0.03224
[s1] 476000 frames  277s  shadow 0.1820  pos_sup 0.03222
[s1] 476500 frames  278s  shadow 0.1821  pos_sup 0.03222
[s1] 477000 frames  278s  shadow 0.1820  pos_sup 0.03221
[s1] 477500 frames  278s  shadow 0.1820  pos_sup 0.03220
[s1] 478000 frames  278s  shadow 0.1820  pos_sup 0.03222
[s1] 478500 frames  278s  shadow 0.1819  pos_sup 0.03220
[s1] 479000 frames  279s  shadow 0.1820  pos_sup 0.03222
[s1] 479500 frames  279s  shadow 0.1819  pos_sup 0.03219
[s1] 480000 frames  279s  shadow 0.1818  pos_sup 0.03218
[s1] 480500 frames  280s  shadow 0.1819  pos_sup 0.03221
[s1] 481000 frames  280s  shadow 0.1819  pos_sup 0.03220
[s1] 481500 frames  280s  shadow 0.1818  pos_sup 0.03218
[s1] 482000 frames  280s  shadow 0.1817  pos_sup 0.03216
[s1] 482500 frames  280s  shadow 0.1817  pos_sup 0.03216
[s1] 483000 frames  281s  shadow 0.1816  pos_sup 0.03216
[s1] 483500 frames  281s  shadow 0.1818  pos_sup 0.03216
[s1] 484000 frames  281s  shadow 0.1818  pos_sup 0.03218
[s1] 484500 frames  281s  shadow 0.1819  pos_sup 0.03220
[s1] 485000 frames  282s  shadow 0.1820  pos_sup 0.03225
[s1] 485500 frames  282s  shadow 0.1821  pos_sup 0.03227
[s1] 486000 frames  283s  shadow 0.1822  pos_sup 0.03230
[s1] 486500 frames  283s  shadow 0.1823  pos_sup 0.03232
[s1] 487000 frames  284s  shadow 0.1823  pos_sup 0.03231
[s1] 487500 frames  284s  shadow 0.1822  pos_sup 0.03233
[s1] 488000 frames  285s  shadow 0.1822  pos_sup 0.03233
[s1] 488500 frames  285s  shadow 0.1820  pos_sup 0.03230
[s1] 489000 frames  285s  shadow 0.1819  pos_sup 0.03227
[s1] 489500 frames  285s  shadow 0.1819  pos_sup 0.03228
[s1] 490000 frames  285s  shadow 0.1819  pos_sup 0.03227
[s1] 490500 frames  286s  shadow 0.1820  pos_sup 0.03230
[s1] 491000 frames  286s  shadow 0.1819  pos_sup 0.03227
[s1] 491500 frames  286s  shadow 0.1820  pos_sup 0.03228
[s1] 492000 frames  287s  shadow 0.1821  pos_sup 0.03230
[s1] 492500 frames  287s  shadow 0.1821  pos_sup 0.03231
[s1] 493000 frames  287s  shadow 0.1821  pos_sup 0.03232
[s1] 493500 frames  288s  shadow 0.1820  pos_sup 0.03229
[s1] 494000 frames  288s  shadow 0.1820  pos_sup 0.03229
[s1] 494500 frames  288s  shadow 0.1818  pos_sup 0.03225
[s1] 495000 frames  288s  shadow 0.1818  pos_sup 0.03224
[s1] 495500 frames  288s  shadow 0.1816  pos_sup 0.03222
[s1] 496000 frames  289s  shadow 0.1817  pos_sup 0.03224
[s1] 496500 frames  289s  shadow 0.1816  pos_sup 0.03222
[s1] 497000 frames  289s  shadow 0.1817  pos_sup 0.03223
[s1] 497500 frames  290s  shadow 0.1816  pos_sup 0.03222
[s1] 498000 frames  290s  shadow 0.1817  pos_sup 0.03225
[s1] 498500 frames  290s  shadow 0.1817  pos_sup 0.03225
[s1] 499000 frames  290s  shadow 0.1816  pos_sup 0.03223
[s1] 499500 frames  291s  shadow 0.1817  pos_sup 0.03225
[s1] 500000 frames  291s  shadow 0.1817  pos_sup 0.03225
[s1] 500500 frames  291s  shadow 0.1816  pos_sup 0.03222
[s1] 501000 frames  292s  shadow 0.1815  pos_sup 0.03220
[s1] 501500 frames  292s  shadow 0.1816  pos_sup 0.03222
[s1] 502000 frames  292s  shadow 0.1815  pos_sup 0.03221
[s1] 502500 frames  292s  shadow 0.1815  pos_sup 0.03220
[s1] 503000 frames  293s  shadow 0.1815  pos_sup 0.03219
[s1] 503500 frames  293s  shadow 0.1816  pos_sup 0.03221
[s1] 504000 frames  293s  shadow 0.1815  pos_sup 0.03218
[s1] 504500 frames  293s  shadow 0.1814  pos_sup 0.03217
[s1] 505000 frames  294s  shadow 0.1815  pos_sup 0.03218
[s1] 505500 frames  294s  shadow 0.1814  pos_sup 0.03215
[s1] 506000 frames  294s  shadow 0.1813  pos_sup 0.03214
[s1] 506500 frames  294s  shadow 0.1813  pos_sup 0.03213
[s1] 507000 frames  294s  shadow 0.1813  pos_sup 0.03213
[s1] 507500 frames  294s  shadow 0.1812  pos_sup 0.03211
[s1] 508000 frames  295s  shadow 0.1812  pos_sup 0.03211
[s1] 508500 frames  295s  shadow 0.1814  pos_sup 0.03215
[s1] 509000 frames  295s  shadow 0.1815  pos_sup 0.03215
[s1] 509500 frames  296s  shadow 0.1816  pos_sup 0.03219
[s1] 510000 frames  296s  shadow 0.1815  pos_sup 0.03216
[s1] 510500 frames  296s  shadow 0.1816  pos_sup 0.03218
[s1] 511000 frames  297s  shadow 0.1814  pos_sup 0.03217
[s1] 511500 frames  297s  shadow 0.1814  pos_sup 0.03215
[s1] 512000 frames  297s  shadow 0.1813  pos_sup 0.03214
[s1] 512500 frames  297s  shadow 0.1811  pos_sup 0.03211
[s1] 513000 frames  297s  shadow 0.1811  pos_sup 0.03209
[s1] 513500 frames  297s  shadow 0.1809  pos_sup 0.03207
[s1] 514000 frames  298s  shadow 0.1810  pos_sup 0.03207
[s1] 514500 frames  298s  shadow 0.1810  pos_sup 0.03207
[s1] 515000 frames  298s  shadow 0.1811  pos_sup 0.03209
[s1] 515500 frames  298s  shadow 0.1811  pos_sup 0.03208
[s1] 516000 frames  299s  shadow 0.1810  pos_sup 0.03205
[s1] 516500 frames  299s  shadow 0.1808  pos_sup 0.03202
[s1] 517000 frames  299s  shadow 0.1808  pos_sup 0.03202
[s1] 517500 frames  299s  shadow 0.1807  pos_sup 0.03200
[s1] 518000 frames  299s  shadow 0.1806  pos_sup 0.03198
[s1] 518500 frames  300s  shadow 0.1806  pos_sup 0.03199
[s1] 519000 frames  300s  shadow 0.1805  pos_sup 0.03197
[s1] 519500 frames  300s  shadow 0.1806  pos_sup 0.03199
[s1] 520000 frames  300s  shadow 0.1806  pos_sup 0.03197
[s1] 520500 frames  300s  shadow 0.1804  pos_sup 0.03194
[s1] 521000 frames  301s  shadow 0.1805  pos_sup 0.03194
[s1] 521500 frames  301s  shadow 0.1805  pos_sup 0.03194
[s1] 522000 frames  301s  shadow 0.1804  pos_sup 0.03193
[s1] 522500 frames  301s  shadow 0.1804  pos_sup 0.03193
[s1] 523000 frames  302s  shadow 0.1803  pos_sup 0.03191
[s1] 523500 frames  302s  shadow 0.1803  pos_sup 0.03191
[s1] 524000 frames  302s  shadow 0.1803  pos_sup 0.03191
[s1] 524500 frames  302s  shadow 0.1803  pos_sup 0.03190
[s1] 525000 frames  302s  shadow 0.1803  pos_sup 0.03191
[s1] 525500 frames  303s  shadow 0.1802  pos_sup 0.03189
[s1] 526000 frames  303s  shadow 0.1802  pos_sup 0.03188
[s1] 526500 frames  303s  shadow 0.1801  pos_sup 0.03186
[s1] 527000 frames  303s  shadow 0.1799  pos_sup 0.03183
[s1] 527500 frames  303s  shadow 0.1799  pos_sup 0.03183
[s1] 528000 frames  304s  shadow 0.1800  pos_sup 0.03185
[s1] 528500 frames  304s  shadow 0.1801  pos_sup 0.03186
[s1] 529000 frames  304s  shadow 0.1801  pos_sup 0.03187
[s1] 529500 frames  305s  shadow 0.1801  pos_sup 0.03187
[s1] 530000 frames  305s  shadow 0.1801  pos_sup 0.03188
[s1] 530500 frames  305s  shadow 0.1802  pos_sup 0.03190
[s1] 531000 frames  305s  shadow 0.1802  pos_sup 0.03190
[s1] 531500 frames  306s  shadow 0.1802  pos_sup 0.03191
[s1] 532000 frames  306s  shadow 0.1801  pos_sup 0.03189
[s1] 532500 frames  306s  shadow 0.1802  pos_sup 0.03189
[s1] 533000 frames  307s  shadow 0.1801  pos_sup 0.03186
[s1] 533500 frames  307s  shadow 0.1801  pos_sup 0.03187
[s1] 534000 frames  307s  shadow 0.1803  pos_sup 0.03191
[s1] 534500 frames  307s  shadow 0.1803  pos_sup 0.03191
[s1] 535000 frames  308s  shadow 0.1802  pos_sup 0.03190
[s1] 535500 frames  308s  shadow 0.1802  pos_sup 0.03190
[s1] 536000 frames  308s  shadow 0.1801  pos_sup 0.03187
[s1] 536500 frames  308s  shadow 0.1800  pos_sup 0.03186
[s1] 537000 frames  308s  shadow 0.1799  pos_sup 0.03184
[s1] 537500 frames  308s  shadow 0.1799  pos_sup 0.03184
[s1] 538000 frames  309s  shadow 0.1798  pos_sup 0.03183
[s1] 538500 frames  309s  shadow 0.1800  pos_sup 0.03186
[s1] 539000 frames  310s  shadow 0.1800  pos_sup 0.03185
[s1] 539500 frames  310s  shadow 0.1799  pos_sup 0.03184
[s1] 540000 frames  310s  shadow 0.1800  pos_sup 0.03186
[s1] 540500 frames  311s  shadow 0.1800  pos_sup 0.03184
[s1] 541000 frames  311s  shadow 0.1800  pos_sup 0.03185
[s1] 541500 frames  311s  shadow 0.1799  pos_sup 0.03184
[s1] 542000 frames  311s  shadow 0.1799  pos_sup 0.03183
[s1] 542500 frames  311s  shadow 0.1798  pos_sup 0.03182
[s1] 543000 frames  312s  shadow 0.1798  pos_sup 0.03180
[s1] 543500 frames  312s  shadow 0.1798  pos_sup 0.03180
[s1] 544000 frames  312s  shadow 0.1798  pos_sup 0.03181
[s1] 544500 frames  312s  shadow 0.1798  pos_sup 0.03180
[s1] 545000 frames  313s  shadow 0.1798  pos_sup 0.03180
[s1] 545500 frames  313s  shadow 0.1798  pos_sup 0.03182
[s1] 546000 frames  314s  shadow 0.1800  pos_sup 0.03185
[s1] 546500 frames  314s  shadow 0.1799  pos_sup 0.03183
[s1] 547000 frames  314s  shadow 0.1798  pos_sup 0.03182
[s1] 547500 frames  315s  shadow 0.1798  pos_sup 0.03181
[s1] 548000 frames  315s  shadow 0.1798  pos_sup 0.03183
[s1] 548500 frames  315s  shadow 0.1797  pos_sup 0.03181
[s1] 549000 frames  315s  shadow 0.1797  pos_sup 0.03181
[s1] 549500 frames  316s  shadow 0.1796  pos_sup 0.03179
[s1] 550000 frames  316s  shadow 0.1795  pos_sup 0.03176
[s1] 550500 frames  316s  shadow 0.1794  pos_sup 0.03177
[s1] 551000 frames  316s  shadow 0.1794  pos_sup 0.03176
[s1] 551500 frames  317s  shadow 0.1796  pos_sup 0.03178
[s1] 552000 frames  317s  shadow 0.1796  pos_sup 0.03179
[s1] 552500 frames  317s  shadow 0.1797  pos_sup 0.03180
[s1] 553000 frames  317s  shadow 0.1796  pos_sup 0.03177
[s1] 553500 frames  317s  shadow 0.1795  pos_sup 0.03176
[s1] 554000 frames  318s  shadow 0.1795  pos_sup 0.03175
[s1] 554500 frames  318s  shadow 0.1794  pos_sup 0.03174
[s1] 555000 frames  318s  shadow 0.1794  pos_sup 0.03174
[s1] 555500 frames  318s  shadow 0.1794  pos_sup 0.03174
[s1] 556000 frames  318s  shadow 0.1794  pos_sup 0.03173
[s1] 556500 frames  318s  shadow 0.1793  pos_sup 0.03171
[s1] 557000 frames  319s  shadow 0.1796  pos_sup 0.03175
[s1] 557500 frames  319s  shadow 0.1797  pos_sup 0.03179
[s1] 558000 frames  320s  shadow 0.1796  pos_sup 0.03178
[s1] 558500 frames  320s  shadow 0.1798  pos_sup 0.03182
[s1] 559000 frames  321s  shadow 0.1798  pos_sup 0.03182
[s1] 559500 frames  321s  shadow 0.1798  pos_sup 0.03181
[s1] 560000 frames  321s  shadow 0.1797  pos_sup 0.03180
[s1] 560500 frames  321s  shadow 0.1796  pos_sup 0.03178
[s1] 561000 frames  321s  shadow 0.1796  pos_sup 0.03178
[s1] 561500 frames  322s  shadow 0.1796  pos_sup 0.03178
[s1] 562000 frames  322s  shadow 0.1796  pos_sup 0.03178
[s1] 562500 frames  322s  shadow 0.1795  pos_sup 0.03175
[s1] 563000 frames  322s  shadow 0.1795  pos_sup 0.03174
[s1] 563500 frames  323s  shadow 0.1794  pos_sup 0.03174
[s1] 564000 frames  323s  shadow 0.1794  pos_sup 0.03174
[s1] 564500 frames  323s  shadow 0.1794  pos_sup 0.03174
[s1] 565000 frames  323s  shadow 0.1793  pos_sup 0.03172
[s1] 565500 frames  323s  shadow 0.1793  pos_sup 0.03172
[s1] 566000 frames  324s  shadow 0.1793  pos_sup 0.03172
[s1] 566500 frames  324s  shadow 0.1795  pos_sup 0.03175
[s1] 567000 frames  325s  shadow 0.1795  pos_sup 0.03176
[s1] 567500 frames  325s  shadow 0.1794  pos_sup 0.03174
[s1] 568000 frames  325s  shadow 0.1793  pos_sup 0.03171
[s1] 568500 frames  325s  shadow 0.1792  pos_sup 0.03169
[s1] 569000 frames  325s  shadow 0.1791  pos_sup 0.03167
[s1] 569500 frames  325s  shadow 0.1792  pos_sup 0.03169
[s1] 570000 frames  326s  shadow 0.1792  pos_sup 0.03170
[s1] 570500 frames  326s  shadow 0.1794  pos_sup 0.03174
[s1] 571000 frames  327s  shadow 0.1794  pos_sup 0.03177
[s1] 571500 frames  327s  shadow 0.1794  pos_sup 0.03176
[s1] 572000 frames  327s  shadow 0.1793  pos_sup 0.03174
[s1] 572500 frames  328s  shadow 0.1794  pos_sup 0.03175
[s1] 573000 frames  328s  shadow 0.1792  pos_sup 0.03173
[s1] 573500 frames  328s  shadow 0.1793  pos_sup 0.03174
[s1] 574000 frames  328s  shadow 0.1792  pos_sup 0.03173
[s1] 574500 frames  329s  shadow 0.1792  pos_sup 0.03174
[s1] 575000 frames  329s  shadow 0.1792  pos_sup 0.03173
[s1] 575500 frames  330s  shadow 0.1793  pos_sup 0.03175
[s1] 576000 frames  330s  shadow 0.1793  pos_sup 0.03175
[s1] 576500 frames  330s  shadow 0.1793  pos_sup 0.03175
[s1] 577000 frames  331s  shadow 0.1793  pos_sup 0.03175
[s1] 577500 frames  331s  shadow 0.1792  pos_sup 0.03174
[s1] 578000 frames  331s  shadow 0.1792  pos_sup 0.03174
[s1] 578500 frames  332s  shadow 0.1792  pos_sup 0.03173
[s1] 579000 frames  332s  shadow 0.1792  pos_sup 0.03172
[s1] 579500 frames  332s  shadow 0.1792  pos_sup 0.03174
[s1] 580000 frames  332s  shadow 0.1792  pos_sup 0.03173
[s1] 580500 frames  333s  shadow 0.1791  pos_sup 0.03172
[s1] 581000 frames  333s  shadow 0.1791  pos_sup 0.03170
[s1] 581500 frames  333s  shadow 0.1790  pos_sup 0.03169
[s1] 582000 frames  333s  shadow 0.1790  pos_sup 0.03168
[s1] 582500 frames  334s  shadow 0.1789  pos_sup 0.03167
[s1] 583000 frames  334s  shadow 0.1789  pos_sup 0.03166
[s1] 583500 frames  334s  shadow 0.1789  pos_sup 0.03167
[s1] 584000 frames  335s  shadow 0.1790  pos_sup 0.03169
[s1] 584500 frames  335s  shadow 0.1791  pos_sup 0.03169
[s1] 585000 frames  335s  shadow 0.1790  pos_sup 0.03168
[s1] 585500 frames  335s  shadow 0.1789  pos_sup 0.03167
[s1] 586000 frames  335s  shadow 0.1790  pos_sup 0.03168
[s1] 586500 frames  336s  shadow 0.1789  pos_sup 0.03166
[s1] 587000 frames  336s  shadow 0.1790  pos_sup 0.03167
[s1] 587500 frames  336s  shadow 0.1790  pos_sup 0.03167
[s1] 588000 frames  336s  shadow 0.1790  pos_sup 0.03166
[s1] 588500 frames  337s  shadow 0.1789  pos_sup 0.03164
[s1] 589000 frames  337s  shadow 0.1791  pos_sup 0.03168
[s1] 589500 frames  337s  shadow 0.1790  pos_sup 0.03167
[s1] 590000 frames  338s  shadow 0.1790  pos_sup 0.03165
[s1] 590500 frames  338s  shadow 0.1789  pos_sup 0.03163
[s1] 591000 frames  338s  shadow 0.1789  pos_sup 0.03163
[s1] 591500 frames  338s  shadow 0.1789  pos_sup 0.03164
[s1] 592000 frames  339s  shadow 0.1789  pos_sup 0.03163
[s1] 592500 frames  339s  shadow 0.1789  pos_sup 0.03164
[s1] 593000 frames  340s  shadow 0.1790  pos_sup 0.03165
[s1] 593500 frames  340s  shadow 0.1790  pos_sup 0.03165
[s1] 594000 frames  340s  shadow 0.1790  pos_sup 0.03165
[s1] 594500 frames  341s  shadow 0.1793  pos_sup 0.03169
[s1] 595000 frames  341s  shadow 0.1794  pos_sup 0.03170
[s1] 595500 frames  342s  shadow 0.1792  pos_sup 0.03168
[s1] 596000 frames  342s  shadow 0.1792  pos_sup 0.03167
[s1] 596500 frames  342s  shadow 0.1793  pos_sup 0.03170
[s1] 597000 frames  342s  shadow 0.1793  pos_sup 0.03169
[s1] 597500 frames  343s  shadow 0.1794  pos_sup 0.03170
[s1] 598000 frames  343s  shadow 0.1793  pos_sup 0.03168
[s1] 598500 frames  343s  shadow 0.1794  pos_sup 0.03171
[s1] 599000 frames  344s  shadow 0.1793  pos_sup 0.03169
[s1] 599500 frames  344s  shadow 0.1794  pos_sup 0.03171
[s1] 600000 frames  344s  shadow 0.1793  pos_sup 0.03170
[s1] 600500 frames  344s  shadow 0.1792  pos_sup 0.03169
[s1] 601000 frames  345s  shadow 0.1792  pos_sup 0.03168
[s1] 601500 frames  345s  shadow 0.1792  pos_sup 0.03169
[s1] 602000 frames  345s  shadow 0.1792  pos_sup 0.03170
[s1] 602500 frames  346s  shadow 0.1793  pos_sup 0.03171
[s1] 603000 frames  346s  shadow 0.1793  pos_sup 0.03171
[s1] 603500 frames  346s  shadow 0.1792  pos_sup 0.03170
[s1] 604000 frames  346s  shadow 0.1792  pos_sup 0.03169
[s1] 604500 frames  346s  shadow 0.1791  pos_sup 0.03167
[s1] 605000 frames  347s  shadow 0.1791  pos_sup 0.03167
[s1] 605500 frames  347s  shadow 0.1791  pos_sup 0.03166
[s1] 606000 frames  347s  shadow 0.1791  pos_sup 0.03168
[s1] 606500 frames  347s  shadow 0.1790  pos_sup 0.03167
[s1] 607000 frames  348s  shadow 0.1791  pos_sup 0.03169
[s1] 607500 frames  348s  shadow 0.1792  pos_sup 0.03170
[s1] 608000 frames  349s  shadow 0.1791  pos_sup 0.03170
[s1] 608500 frames  349s  shadow 0.1791  pos_sup 0.03169
[s1] 609000 frames  349s  shadow 0.1791  pos_sup 0.03170
[s1] 609500 frames  350s  shadow 0.1792  pos_sup 0.03172
[s1] 610000 frames  350s  shadow 0.1792  pos_sup 0.03172
[s1] 610500 frames  350s  shadow 0.1791  pos_sup 0.03172
[s1] 611000 frames  351s  shadow 0.1793  pos_sup 0.03176
[s1] 611500 frames  351s  shadow 0.1793  pos_sup 0.03177
[s1] 612000 frames  351s  shadow 0.1792  pos_sup 0.03175
[s1] 612500 frames  352s  shadow 0.1792  pos_sup 0.03176
[s1] 613000 frames  352s  shadow 0.1791  pos_sup 0.03175
[s1] 613500 frames  352s  shadow 0.1792  pos_sup 0.03177
[s1] 614000 frames  352s  shadow 0.1791  pos_sup 0.03175
[s1] 614500 frames  353s  shadow 0.1793  pos_sup 0.03178
[s1] 615000 frames  353s  shadow 0.1793  pos_sup 0.03178
[s1] 615500 frames  353s  shadow 0.1791  pos_sup 0.03175
[s1] 616000 frames  353s  shadow 0.1793  pos_sup 0.03179
[s1] 616500 frames  354s  shadow 0.1793  pos_sup 0.03180
[s1] 617000 frames  354s  shadow 0.1794  pos_sup 0.03182
[s1] 617500 frames  355s  shadow 0.1794  pos_sup 0.03183
[s1] 618000 frames  355s  shadow 0.1794  pos_sup 0.03183
[s1] 618500 frames  355s  shadow 0.1795  pos_sup 0.03185
[s1] 619000 frames  355s  shadow 0.1794  pos_sup 0.03183
[s1] 619500 frames  356s  shadow 0.1795  pos_sup 0.03185
[s1] 620000 frames  356s  shadow 0.1796  pos_sup 0.03185
[s1] 620500 frames  356s  shadow 0.1795  pos_sup 0.03184
[s1] 621000 frames  357s  shadow 0.1794  pos_sup 0.03182
[s1] 621500 frames  357s  shadow 0.1795  pos_sup 0.03184
[s1] 622000 frames  357s  shadow 0.1796  pos_sup 0.03186
[s1] 622500 frames  358s  shadow 0.1794  pos_sup 0.03183
[s1] 623000 frames  358s  shadow 0.1795  pos_sup 0.03185
[s1] 623500 frames  358s  shadow 0.1795  pos_sup 0.03185
[s1] 624000 frames  359s  shadow 0.1796  pos_sup 0.03186
[s1] 624500 frames  359s  shadow 0.1796  pos_sup 0.03186
[s1] 625000 frames  359s  shadow 0.1795  pos_sup 0.03184
[s1] 625500 frames  360s  shadow 0.1794  pos_sup 0.03184
[s1] 626000 frames  360s  shadow 0.1795  pos_sup 0.03184
[s1] 626500 frames  360s  shadow 0.1794  pos_sup 0.03184
[s1] 627000 frames  360s  shadow 0.1795  pos_sup 0.03185
[s1] 627500 frames  361s  shadow 0.1794  pos_sup 0.03184
[s1] 628000 frames  361s  shadow 0.1795  pos_sup 0.03186
[s1] 628500 frames  361s  shadow 0.1795  pos_sup 0.03186
[s1] 629000 frames  361s  shadow 0.1794  pos_sup 0.03185
[s1] 629500 frames  362s  shadow 0.1795  pos_sup 0.03186
[s1] 630000 frames  362s  shadow 0.1794  pos_sup 0.03184
[s1] 630500 frames  362s  shadow 0.1794  pos_sup 0.03184
[s1] 631000 frames  363s  shadow 0.1794  pos_sup 0.03183
[s1] 631500 frames  363s  shadow 0.1793  pos_sup 0.03182
[s1] 632000 frames  363s  shadow 0.1794  pos_sup 0.03183
[s1] 632500 frames  363s  shadow 0.1793  pos_sup 0.03181
[s1] 633000 frames  363s  shadow 0.1793  pos_sup 0.03180
[s1] 633500 frames  363s  shadow 0.1793  pos_sup 0.03181
[s1] 634000 frames  364s  shadow 0.1793  pos_sup 0.03180
[s1] 634500 frames  364s  shadow 0.1794  pos_sup 0.03182
[s1] 635000 frames  364s  shadow 0.1795  pos_sup 0.03185
[s1] 635500 frames  365s  shadow 0.1796  pos_sup 0.03189
[s1] 636000 frames  365s  shadow 0.1795  pos_sup 0.03187
[s1] 636500 frames  365s  shadow 0.1795  pos_sup 0.03188
[s1] 637000 frames  365s  shadow 0.1795  pos_sup 0.03187
[s1] 637500 frames  366s  shadow 0.1795  pos_sup 0.03187
[s1] 638000 frames  366s  shadow 0.1795  pos_sup 0.03188
[s1] 638500 frames  366s  shadow 0.1795  pos_sup 0.03188
[s1] 639000 frames  367s  shadow 0.1797  pos_sup 0.03191
[s1] 639500 frames  367s  shadow 0.1797  pos_sup 0.03192
[s1] 640000 frames  367s  shadow 0.1798  pos_sup 0.03194
[s1] 640500 frames  368s  shadow 0.1799  pos_sup 0.03196
[s1] 641000 frames  368s  shadow 0.1799  pos_sup 0.03196
[s1] 641500 frames  368s  shadow 0.1798  pos_sup 0.03194
[s1] 642000 frames  369s  shadow 0.1798  pos_sup 0.03195
[s1] 642500 frames  369s  shadow 0.1798  pos_sup 0.03194
[s1] 643000 frames  369s  shadow 0.1798  pos_sup 0.03196
[s1] 643500 frames  370s  shadow 0.1799  pos_sup 0.03197
[s1] 644000 frames  370s  shadow 0.1800  pos_sup 0.03197
[s1] 644500 frames  371s  shadow 0.1800  pos_sup 0.03198
[s1] 645000 frames  371s  shadow 0.1799  pos_sup 0.03196
[s1] 645500 frames  371s  shadow 0.1799  pos_sup 0.03196
[s1] 646000 frames  371s  shadow 0.1800  pos_sup 0.03198
[s1] 646500 frames  372s  shadow 0.1800  pos_sup 0.03198
[s1] 647000 frames  372s  shadow 0.1800  pos_sup 0.03197
[s1] 647500 frames  372s  shadow 0.1800  pos_sup 0.03198
[s1] 648000 frames  372s  shadow 0.1800  pos_sup 0.03197
[s1] 648500 frames  373s  shadow 0.1800  pos_sup 0.03196
[s1] 649000 frames  373s  shadow 0.1800  pos_sup 0.03197
[s1] 649500 frames  374s  shadow 0.1801  pos_sup 0.03197
[s1] 650000 frames  374s  shadow 0.1800  pos_sup 0.03195
[s1] 650500 frames  374s  shadow 0.1800  pos_sup 0.03196
[s1] 651000 frames  374s  shadow 0.1800  pos_sup 0.03196
[s1] 651500 frames  375s  shadow 0.1800  pos_sup 0.03196
[s1] 652000 frames  375s  shadow 0.1800  pos_sup 0.03196
[s1] 652500 frames  376s  shadow 0.1800  pos_sup 0.03198
[s1] 653000 frames  376s  shadow 0.1799  pos_sup 0.03195
[s1] 653500 frames  376s  shadow 0.1800  pos_sup 0.03196
[s1] 654000 frames  376s  shadow 0.1799  pos_sup 0.03195
[s1] 654500 frames  376s  shadow 0.1800  pos_sup 0.03196
[s1] 655000 frames  377s  shadow 0.1800  pos_sup 0.03196
[s1] 655500 frames  377s  shadow 0.1799  pos_sup 0.03195
[s1] 656000 frames  377s  shadow 0.1799  pos_sup 0.03194
[s1] 656500 frames  378s  shadow 0.1800  pos_sup 0.03196
[s1] 657000 frames  378s  shadow 0.1803  pos_sup 0.03201
[s1] 657500 frames  379s  shadow 0.1803  pos_sup 0.03201
[s1] 658000 frames  379s  shadow 0.1803  pos_sup 0.03201
[s1] 658500 frames  379s  shadow 0.1803  pos_sup 0.03203
[s1] 659000 frames  379s  shadow 0.1802  pos_sup 0.03201
[s1] 659500 frames  380s  shadow 0.1802  pos_sup 0.03200
[s1] 660000 frames  380s  shadow 0.1802  pos_sup 0.03199
[s1] 660500 frames  380s  shadow 0.1801  pos_sup 0.03198
[s1] 661000 frames  380s  shadow 0.1801  pos_sup 0.03199
[s1] 661500 frames  381s  shadow 0.1801  pos_sup 0.03200
[s1] 662000 frames  381s  shadow 0.1801  pos_sup 0.03199
[s1] 662500 frames  381s  shadow 0.1800  pos_sup 0.03198
[s1] 663000 frames  381s  shadow 0.1799  pos_sup 0.03196
[s1] 663500 frames  381s  shadow 0.1799  pos_sup 0.03195
[s1] 664000 frames  381s  shadow 0.1798  pos_sup 0.03193
[s1] 664500 frames  382s  shadow 0.1798  pos_sup 0.03194
[s1] 665000 frames  382s  shadow 0.1797  pos_sup 0.03192
[s1] 665500 frames  382s  shadow 0.1797  pos_sup 0.03191
[s1] 666000 frames  382s  shadow 0.1796  pos_sup 0.03189
[s1] 666500 frames  383s  shadow 0.1797  pos_sup 0.03191
[s1] 667000 frames  383s  shadow 0.1797  pos_sup 0.03192
[s1] 667500 frames  383s  shadow 0.1798  pos_sup 0.03193
[s1] 668000 frames  384s  shadow 0.1798  pos_sup 0.03194
[s1] 668500 frames  384s  shadow 0.1798  pos_sup 0.03193
[s1] 669000 frames  384s  shadow 0.1799  pos_sup 0.03194
[s1] 669500 frames  384s  shadow 0.1797  pos_sup 0.03191
[s1] 670000 frames  385s  shadow 0.1798  pos_sup 0.03192
[s1] 670500 frames  385s  shadow 0.1797  pos_sup 0.03190
[s1] 671000 frames  385s  shadow 0.1797  pos_sup 0.03190
[s1] 671500 frames  385s  shadow 0.1797  pos_sup 0.03190
[s1] 672000 frames  386s  shadow 0.1798  pos_sup 0.03192
[s1] 672500 frames  386s  shadow 0.1800  pos_sup 0.03194
[s1] 673000 frames  386s  shadow 0.1800  pos_sup 0.03195
[s1] 673500 frames  387s  shadow 0.1800  pos_sup 0.03195
[s1] 674000 frames  387s  shadow 0.1800  pos_sup 0.03197
[s1] 674500 frames  387s  shadow 0.1800  pos_sup 0.03197
[s1] 675000 frames  387s  shadow 0.1799  pos_sup 0.03195
[s1] 675500 frames  388s  shadow 0.1798  pos_sup 0.03193
[s1] 676000 frames  388s  shadow 0.1798  pos_sup 0.03192
[s1] 676500 frames  388s  shadow 0.1797  pos_sup 0.03191
[s1] 677000 frames  388s  shadow 0.1797  pos_sup 0.03190
[s1] 677500 frames  388s  shadow 0.1797  pos_sup 0.03189
[s1] 678000 frames  388s  shadow 0.1796  pos_sup 0.03189
[s1] 678500 frames  389s  shadow 0.1796  pos_sup 0.03189
[s1] 679000 frames  389s  shadow 0.1798  pos_sup 0.03193
[s1] 679500 frames  389s  shadow 0.1797  pos_sup 0.03191
[s1] 680000 frames  390s  shadow 0.1797  pos_sup 0.03191
[s1] 680500 frames  390s  shadow 0.1797  pos_sup 0.03191
[s1] 681000 frames  390s  shadow 0.1797  pos_sup 0.03190
[s1] 681500 frames  390s  shadow 0.1796  pos_sup 0.03188
[s1] 682000 frames  391s  shadow 0.1797  pos_sup 0.03190
[s1] 682500 frames  391s  shadow 0.1797  pos_sup 0.03191
[s1] 683000 frames  392s  shadow 0.1797  pos_sup 0.03191
[s1] 683500 frames  392s  shadow 0.1798  pos_sup 0.03191
[s1] 684000 frames  393s  shadow 0.1799  pos_sup 0.03195
[s1] 684500 frames  393s  shadow 0.1800  pos_sup 0.03196
[s1] 685000 frames  394s  shadow 0.1801  pos_sup 0.03200
[s1] 685500 frames  394s  shadow 0.1802  pos_sup 0.03200
[s1] 686000 frames  394s  shadow 0.1802  pos_sup 0.03200
[s1] 686500 frames  394s  shadow 0.1801  pos_sup 0.03200
[s1] 687000 frames  395s  shadow 0.1802  pos_sup 0.03201
[s1] 687500 frames  395s  shadow 0.1802  pos_sup 0.03200
[s1] 688000 frames  395s  shadow 0.1801  pos_sup 0.03198
[s1] 688500 frames  396s  shadow 0.1801  pos_sup 0.03198
[s1] 689000 frames  396s  shadow 0.1802  pos_sup 0.03200
[s1] 689500 frames  396s  shadow 0.1801  pos_sup 0.03198
[s1] 690000 frames  396s  shadow 0.1800  pos_sup 0.03196
[s1] 690500 frames  397s  shadow 0.1801  pos_sup 0.03199
[s1] 691000 frames  398s  shadow 0.1801  pos_sup 0.03198
[s1] 691500 frames  398s  shadow 0.1801  pos_sup 0.03199
[s1] 692000 frames  398s  shadow 0.1801  pos_sup 0.03199
[s1] 692500 frames  398s  shadow 0.1801  pos_sup 0.03200
[s1] 693000 frames  398s  shadow 0.1800  pos_sup 0.03197
[s1] 693500 frames  398s  shadow 0.1799  pos_sup 0.03195
[s1] 694000 frames  399s  shadow 0.1799  pos_sup 0.03196
[s1] 694500 frames  399s  shadow 0.1799  pos_sup 0.03195
[s1] 695000 frames  399s  shadow 0.1800  pos_sup 0.03197
[s1] 695500 frames  400s  shadow 0.1801  pos_sup 0.03198
[s1] 696000 frames  400s  shadow 0.1802  pos_sup 0.03201
[s1] 696500 frames  401s  shadow 0.1803  pos_sup 0.03202
[s1] 697000 frames  402s  shadow 0.1805  pos_sup 0.03205
[s1] 697500 frames  402s  shadow 0.1804  pos_sup 0.03204
[s1] 698000 frames  402s  shadow 0.1804  pos_sup 0.03204
[s1] 698500 frames  402s  shadow 0.1804  pos_sup 0.03203
[s1] 699000 frames  402s  shadow 0.1804  pos_sup 0.03204
[s1] 699500 frames  403s  shadow 0.1804  pos_sup 0.03203
[s1] 700000 frames  403s  shadow 0.1803  pos_sup 0.03201
[s1] 700500 frames  403s  shadow 0.1802  pos_sup 0.03200
[s1] 701000 frames  403s  shadow 0.1801  pos_sup 0.03198
[s1] 701500 frames  403s  shadow 0.1801  pos_sup 0.03198
[s1] 702000 frames  403s  shadow 0.1801  pos_sup 0.03200
[s1] 702500 frames  403s  shadow 0.1801  pos_sup 0.03199
[s1] 703000 frames  404s  shadow 0.1801  pos_sup 0.03199
[s1] 703500 frames  404s  shadow 0.1801  pos_sup 0.03198
[s1] 704000 frames  404s  shadow 0.1800  pos_sup 0.03197
[s1] 704500 frames  404s  shadow 0.1799  pos_sup 0.03194
[s1] 705000 frames  404s  shadow 0.1798  pos_sup 0.03194
[s1] 705500 frames  404s  shadow 0.1797  pos_sup 0.03192
[s1] 706000 frames  405s  shadow 0.1798  pos_sup 0.03192
[s1] 706500 frames  405s  shadow 0.1797  pos_sup 0.03190
[s1] 707000 frames  405s  shadow 0.1797  pos_sup 0.03190
[s1] 707500 frames  405s  shadow 0.1798  pos_sup 0.03193
[s1] 708000 frames  405s  shadow 0.1798  pos_sup 0.03193
[s1] 708500 frames  406s  shadow 0.1799  pos_sup 0.03194
[s1] 709000 frames  406s  shadow 0.1800  pos_sup 0.03196
[s1] 709500 frames  406s  shadow 0.1799  pos_sup 0.03194
[s1] 710000 frames  407s  shadow 0.1799  pos_sup 0.03194
[s1] 710500 frames  407s  shadow 0.1799  pos_sup 0.03193
[s1] 711000 frames  408s  shadow 0.1800  pos_sup 0.03195
[s1] 711500 frames  408s  shadow 0.1800  pos_sup 0.03196
[s1] 712000 frames  408s  shadow 0.1799  pos_sup 0.03194
[s1] 712500 frames  408s  shadow 0.1798  pos_sup 0.03192
[s1] 713000 frames  409s  shadow 0.1798  pos_sup 0.03192
[s1] 713500 frames  409s  shadow 0.1797  pos_sup 0.03190
[s1] 714000 frames  409s  shadow 0.1799  pos_sup 0.03194
[s1] 714500 frames  410s  shadow 0.1799  pos_sup 0.03194
[s1] 715000 frames  410s  shadow 0.1799  pos_sup 0.03195
[s1] 715500 frames  411s  shadow 0.1799  pos_sup 0.03195
[s1] 716000 frames  411s  shadow 0.1799  pos_sup 0.03195
[s1] 716500 frames  411s  shadow 0.1799  pos_sup 0.03195
[s1] 717000 frames  412s  shadow 0.1800  pos_sup 0.03195
[s1] 717500 frames  412s  shadow 0.1801  pos_sup 0.03197
[s1] 718000 frames  412s  shadow 0.1800  pos_sup 0.03196
[s1] 718500 frames  413s  shadow 0.1801  pos_sup 0.03198
[s1] 719000 frames  413s  shadow 0.1802  pos_sup 0.03198
[s1] 719500 frames  414s  shadow 0.1803  pos_sup 0.03200
[s1] 720000 frames  414s  shadow 0.1804  pos_sup 0.03202
[s1] 720500 frames  415s  shadow 0.1804  pos_sup 0.03203
[s1] 721000 frames  415s  shadow 0.1805  pos_sup 0.03204
[s1] 721500 frames  415s  shadow 0.1804  pos_sup 0.03203
[s1] 722000 frames  415s  shadow 0.1804  pos_sup 0.03202
[s1] 722500 frames  416s  shadow 0.1805  pos_sup 0.03204
[s1] 723000 frames  416s  shadow 0.1805  pos_sup 0.03204
[s1] 723500 frames  416s  shadow 0.1805  pos_sup 0.03204
[s1] 724000 frames  417s  shadow 0.1807  pos_sup 0.03206
[s1] 724500 frames  417s  shadow 0.1807  pos_sup 0.03206
[s1] 725000 frames  417s  shadow 0.1806  pos_sup 0.03205
[s1] 725500 frames  417s  shadow 0.1806  pos_sup 0.03204
[s1] 726000 frames  418s  shadow 0.1805  pos_sup 0.03203
[s1] 726500 frames  418s  shadow 0.1805  pos_sup 0.03203
[s1] 727000 frames  418s  shadow 0.1806  pos_sup 0.03204
[s1] 727500 frames  418s  shadow 0.1805  pos_sup 0.03203
[s1] 728000 frames  419s  shadow 0.1806  pos_sup 0.03204
[s1] 728500 frames  419s  shadow 0.1806  pos_sup 0.03204
[s1] 729000 frames  419s  shadow 0.1805  pos_sup 0.03203
[s1] 729500 frames  420s  shadow 0.1806  pos_sup 0.03205
[s1] 730000 frames  420s  shadow 0.1807  pos_sup 0.03206
[s1] 730500 frames  420s  shadow 0.1807  pos_sup 0.03206
[s1] 731000 frames  421s  shadow 0.1806  pos_sup 0.03206
[s1] 731500 frames  421s  shadow 0.1806  pos_sup 0.03206
[s1] 732000 frames  421s  shadow 0.1806  pos_sup 0.03205
[s1] 732500 frames  421s  shadow 0.1806  pos_sup 0.03206
[s1] 733000 frames  422s  shadow 0.1806  pos_sup 0.03207
[s1] 733500 frames  422s  shadow 0.1807  pos_sup 0.03208
[s1] 734000 frames  422s  shadow 0.1806  pos_sup 0.03207
[s1] 734500 frames  422s  shadow 0.1806  pos_sup 0.03207
[s1] 735000 frames  422s  shadow 0.1805  pos_sup 0.03205
[s1] 735500 frames  423s  shadow 0.1806  pos_sup 0.03207
[s1] 736000 frames  423s  shadow 0.1805  pos_sup 0.03205
[s1] 736500 frames  423s  shadow 0.1804  pos_sup 0.03202
[s1] 737000 frames  423s  shadow 0.1804  pos_sup 0.03203
[s1] 737500 frames  424s  shadow 0.1804  pos_sup 0.03202
[s1] 738000 frames  424s  shadow 0.1803  pos_sup 0.03200
[s1] 738500 frames  424s  shadow 0.1802  pos_sup 0.03198
[s1] 739000 frames  424s  shadow 0.1802  pos_sup 0.03199
[s1] 739500 frames  424s  shadow 0.1803  pos_sup 0.03200
[s1] 740000 frames  425s  shadow 0.1803  pos_sup 0.03199
[s1] 740500 frames  425s  shadow 0.1803  pos_sup 0.03199
[s1] 741000 frames  425s  shadow 0.1802  pos_sup 0.03199
[s1] 741500 frames  425s  shadow 0.1802  pos_sup 0.03198
[s1] 742000 frames  426s  shadow 0.1802  pos_sup 0.03199
[s1] 742500 frames  426s  shadow 0.1802  pos_sup 0.03199
[s1] 743000 frames  426s  shadow 0.1801  pos_sup 0.03197
[s1] 743500 frames  427s  shadow 0.1802  pos_sup 0.03198
[s1] 744000 frames  427s  shadow 0.1801  pos_sup 0.03198
[s1] 744500 frames  427s  shadow 0.1801  pos_sup 0.03197
[s1] 745000 frames  428s  shadow 0.1801  pos_sup 0.03196
[s1] 745500 frames  428s  shadow 0.1801  pos_sup 0.03197
[s1] 746000 frames  428s  shadow 0.1801  pos_sup 0.03196
[s1] 746500 frames  428s  shadow 0.1802  pos_sup 0.03197
[s1] 747000 frames  428s  shadow 0.1801  pos_sup 0.03196
[s1] 747500 frames  429s  shadow 0.1802  pos_sup 0.03196
[s1] 748000 frames  429s  shadow 0.1802  pos_sup 0.03198
[s1] 748500 frames  429s  shadow 0.1802  pos_sup 0.03198
[s1] 749000 frames  430s  shadow 0.1802  pos_sup 0.03198
[s1] 749500 frames  430s  shadow 0.1802  pos_sup 0.03198
[s1] 750000 frames  430s  shadow 0.1801  pos_sup 0.03196
[s1] 750500 frames  430s  shadow 0.1802  pos_sup 0.03197
[s1] 751000 frames  431s  shadow 0.1801  pos_sup 0.03195
[s1] 751500 frames  431s  shadow 0.1802  pos_sup 0.03197
[s1] 752000 frames  431s  shadow 0.1801  pos_sup 0.03196
[s1] 752500 frames  432s  shadow 0.1802  pos_sup 0.03196
[s1] 753000 frames  432s  shadow 0.1802  pos_sup 0.03196
[s1] 753500 frames  432s  shadow 0.1802  pos_sup 0.03196
[s1] 754000 frames  432s  shadow 0.1801  pos_sup 0.03196
[s1] 754500 frames  433s  shadow 0.1802  pos_sup 0.03198
[s1] 755000 frames  433s  shadow 0.1803  pos_sup 0.03199
[s1] 755500 frames  433s  shadow 0.1803  pos_sup 0.03198
[s1] 756000 frames  433s  shadow 0.1802  pos_sup 0.03197
[s1] 756500 frames  434s  shadow 0.1801  pos_sup 0.03196
[s1] 757000 frames  434s  shadow 0.1802  pos_sup 0.03197
[s1] 757500 frames  434s  shadow 0.1802  pos_sup 0.03197
[s1] 758000 frames  434s  shadow 0.1803  pos_sup 0.03198
[s1] 758500 frames  435s  shadow 0.1803  pos_sup 0.03198
[s1] 759000 frames  435s  shadow 0.1803  pos_sup 0.03198
[s1] 759500 frames  435s  shadow 0.1803  pos_sup 0.03197
[s1] 760000 frames  435s  shadow 0.1804  pos_sup 0.03198
[s1] 760500 frames  435s  shadow 0.1803  pos_sup 0.03197
[s1] 761000 frames  436s  shadow 0.1802  pos_sup 0.03195
[s1] 761500 frames  436s  shadow 0.1802  pos_sup 0.03195
[s1] 762000 frames  436s  shadow 0.1802  pos_sup 0.03195
[s1] 762500 frames  436s  shadow 0.1802  pos_sup 0.03195
[s1] 763000 frames  437s  shadow 0.1802  pos_sup 0.03195
[s1] 763500 frames  437s  shadow 0.1801  pos_sup 0.03194
[s1] 764000 frames  437s  shadow 0.1801  pos_sup 0.03193
[s1] 764500 frames  437s  shadow 0.1802  pos_sup 0.03194
[s1] 765000 frames  437s  shadow 0.1801  pos_sup 0.03193
[s1] 765500 frames  438s  shadow 0.1801  pos_sup 0.03193
[s1] 766000 frames  438s  shadow 0.1801  pos_sup 0.03193
[s1] 766500 frames  438s  shadow 0.1801  pos_sup 0.03193
[s1] 767000 frames  439s  shadow 0.1802  pos_sup 0.03195
[s1] 767500 frames  439s  shadow 0.1801  pos_sup 0.03193
[s1] 768000 frames  439s  shadow 0.1802  pos_sup 0.03194
[s1] 768500 frames  439s  shadow 0.1802  pos_sup 0.03194
[s1] 769000 frames  440s  shadow 0.1801  pos_sup 0.03193
[s1] 769500 frames  440s  shadow 0.1801  pos_sup 0.03193
[s1] 770000 frames  440s  shadow 0.1801  pos_sup 0.03193
[s1] 770500 frames  441s  shadow 0.1802  pos_sup 0.03195
[s1] 771000 frames  441s  shadow 0.1803  pos_sup 0.03198
[s1] 771500 frames  441s  shadow 0.1803  pos_sup 0.03196
[s1] 772000 frames  442s  shadow 0.1802  pos_sup 0.03195
[s1] 772500 frames  442s  shadow 0.1802  pos_sup 0.03197
[s1] 773000 frames  443s  shadow 0.1803  pos_sup 0.03199
[s1] 773500 frames  443s  shadow 0.1803  pos_sup 0.03198
[s1] 774000 frames  443s  shadow 0.1802  pos_sup 0.03196
[s1] 774500 frames  444s  shadow 0.1803  pos_sup 0.03198
[s1] 775000 frames  444s  shadow 0.1802  pos_sup 0.03196
[s1] 775500 frames  444s  shadow 0.1802  pos_sup 0.03196
[s1] 776000 frames  444s  shadow 0.1802  pos_sup 0.03196
[s1] 776500 frames  444s  shadow 0.1802  pos_sup 0.03194
[s1] 777000 frames  444s  shadow 0.1801  pos_sup 0.03193
[s1] 777500 frames  445s  shadow 0.1801  pos_sup 0.03193
[s1] 778000 frames  446s  shadow 0.1802  pos_sup 0.03195
[s1] 778500 frames  446s  shadow 0.1802  pos_sup 0.03195
[s1] 779000 frames  446s  shadow 0.1801  pos_sup 0.03194
[s1] 779500 frames  446s  shadow 0.1802  pos_sup 0.03196
[s1] 780000 frames  447s  shadow 0.1802  pos_sup 0.03196
[s1] 780500 frames  448s  shadow 0.1804  pos_sup 0.03199
[s1] 781000 frames  448s  shadow 0.1803  pos_sup 0.03198
[s1] 781500 frames  448s  shadow 0.1803  pos_sup 0.03197
[s1] 782000 frames  448s  shadow 0.1803  pos_sup 0.03198
[s1] 782500 frames  448s  shadow 0.1803  pos_sup 0.03198
[s1] 783000 frames  449s  shadow 0.1803  pos_sup 0.03197
[s1] 783500 frames  449s  shadow 0.1802  pos_sup 0.03197
[s1] 784000 frames  449s  shadow 0.1802  pos_sup 0.03195
[s1] 784500 frames  449s  shadow 0.1802  pos_sup 0.03196
[s1] 785000 frames  450s  shadow 0.1803  pos_sup 0.03197
[s1] 785500 frames  450s  shadow 0.1803  pos_sup 0.03196
[s1] 786000 frames  450s  shadow 0.1803  pos_sup 0.03197
[s1] 786500 frames  450s  shadow 0.1803  pos_sup 0.03196
[s1] 787000 frames  451s  shadow 0.1802  pos_sup 0.03196
[s1] 787500 frames  451s  shadow 0.1802  pos_sup 0.03196
[s1] 788000 frames  451s  shadow 0.1803  pos_sup 0.03198
[s1] 788500 frames  452s  shadow 0.1804  pos_sup 0.03199
[s1] 789000 frames  452s  shadow 0.1803  pos_sup 0.03199
[s1] 789500 frames  452s  shadow 0.1804  pos_sup 0.03199
[s1] 790000 frames  453s  shadow 0.1803  pos_sup 0.03198
[s1] 790500 frames  453s  shadow 0.1803  pos_sup 0.03197
[s1] 791000 frames  453s  shadow 0.1802  pos_sup 0.03197
[s1] 791500 frames  453s  shadow 0.1802  pos_sup 0.03196
[s1] 792000 frames  453s  shadow 0.1802  pos_sup 0.03195
[s1] 792500 frames  454s  shadow 0.1801  pos_sup 0.03195
[s1] 793000 frames  454s  shadow 0.1801  pos_sup 0.03195
[s1] 793500 frames  454s  shadow 0.1801  pos_sup 0.03194
[s1] 794000 frames  455s  shadow 0.1801  pos_sup 0.03194
[s1] 794500 frames  455s  shadow 0.1800  pos_sup 0.03194
[s1] 795000 frames  455s  shadow 0.1800  pos_sup 0.03192
[s1] 795500 frames  455s  shadow 0.1801  pos_sup 0.03193
[s1] 796000 frames  456s  shadow 0.1801  pos_sup 0.03193
[s1] 796500 frames  456s  shadow 0.1800  pos_sup 0.03191
[s1] 797000 frames  456s  shadow 0.1799  pos_sup 0.03189
[s1] 797500 frames  456s  shadow 0.1799  pos_sup 0.03189
[s1] 798000 frames  456s  shadow 0.1798  pos_sup 0.03187
[s1] 798500 frames  456s  shadow 0.1797  pos_sup 0.03185
[s1] 799000 frames  457s  shadow 0.1797  pos_sup 0.03186
[s1] 799500 frames  457s  shadow 0.1797  pos_sup 0.03186
[s1] 800000 frames  457s  shadow 0.1798  pos_sup 0.03187
[s1] 800500 frames  458s  shadow 0.1798  pos_sup 0.03189
[s1] 801000 frames  458s  shadow 0.1798  pos_sup 0.03188
[s1] 801500 frames  458s  shadow 0.1797  pos_sup 0.03187
[s1] 802000 frames  459s  shadow 0.1797  pos_sup 0.03188
[s1] 802500 frames  459s  shadow 0.1798  pos_sup 0.03188
[s1] 803000 frames  459s  shadow 0.1797  pos_sup 0.03188
[s1] 803500 frames  459s  shadow 0.1797  pos_sup 0.03188
[s1] 804000 frames  460s  shadow 0.1798  pos_sup 0.03189
[s1] 804500 frames  460s  shadow 0.1798  pos_sup 0.03190
[s1] 805000 frames  460s  shadow 0.1798  pos_sup 0.03190
[s1] 805500 frames  461s  shadow 0.1798  pos_sup 0.03189
[s1] 806000 frames  461s  shadow 0.1797  pos_sup 0.03189
[s1] 806500 frames  461s  shadow 0.1797  pos_sup 0.03188
[s1] 807000 frames  461s  shadow 0.1797  pos_sup 0.03189
[s1] 807500 frames  462s  shadow 0.1798  pos_sup 0.03190
[s1] 808000 frames  462s  shadow 0.1798  pos_sup 0.03190
[s1] 808500 frames  462s  shadow 0.1798  pos_sup 0.03191
[s1] 809000 frames  462s  shadow 0.1797  pos_sup 0.03190
[s1] 809500 frames  463s  shadow 0.1797  pos_sup 0.03189
[s1] 810000 frames  463s  shadow 0.1798  pos_sup 0.03190
[s1] 810500 frames  463s  shadow 0.1797  pos_sup 0.03188
[s1] 811000 frames  464s  shadow 0.1797  pos_sup 0.03189
[s1] 811500 frames  464s  shadow 0.1797  pos_sup 0.03188
[s1] 812000 frames  464s  shadow 0.1797  pos_sup 0.03188
[s1] 812500 frames  464s  shadow 0.1797  pos_sup 0.03188
[s1] 813000 frames  465s  shadow 0.1796  pos_sup 0.03187
[s1] 813500 frames  465s  shadow 0.1797  pos_sup 0.03189
[s1] 814000 frames  465s  shadow 0.1797  pos_sup 0.03189
[s1] 814500 frames  466s  shadow 0.1796  pos_sup 0.03188
[s1] 815000 frames  466s  shadow 0.1796  pos_sup 0.03186
[s1] 815500 frames  466s  shadow 0.1796  pos_sup 0.03187
[s1] 816000 frames  466s  shadow 0.1795  pos_sup 0.03186
[s1] 816500 frames  467s  shadow 0.1796  pos_sup 0.03187
[s1] 817000 frames  467s  shadow 0.1797  pos_sup 0.03190
[s1] 817500 frames  467s  shadow 0.1798  pos_sup 0.03193
[s1] 818000 frames  467s  shadow 0.1798  pos_sup 0.03192
[s1] 818500 frames  468s  shadow 0.1799  pos_sup 0.03195
[s1] 819000 frames  468s  shadow 0.1799  pos_sup 0.03195
[s1] 819500 frames  469s  shadow 0.1798  pos_sup 0.03194
[s1] 820000 frames  469s  shadow 0.1798  pos_sup 0.03194
[s1] 820500 frames  470s  shadow 0.1799  pos_sup 0.03194
[s1] 821000 frames  470s  shadow 0.1799  pos_sup 0.03194
[s1] 821500 frames  470s  shadow 0.1798  pos_sup 0.03193
[s1] 822000 frames  470s  shadow 0.1797  pos_sup 0.03191
[s1] 822500 frames  470s  shadow 0.1797  pos_sup 0.03191
[s1] 823000 frames  471s  shadow 0.1799  pos_sup 0.03194
[s1] 823500 frames  471s  shadow 0.1799  pos_sup 0.03193
[s1] 824000 frames  471s  shadow 0.1798  pos_sup 0.03192
[s1] 824500 frames  472s  shadow 0.1799  pos_sup 0.03193
[s1] 825000 frames  472s  shadow 0.1798  pos_sup 0.03192
[s1] 825500 frames  472s  shadow 0.1799  pos_sup 0.03194
[s1] 826000 frames  473s  shadow 0.1799  pos_sup 0.03194
[s1] 826500 frames  473s  shadow 0.1799  pos_sup 0.03194
[s1] 827000 frames  473s  shadow 0.1799  pos_sup 0.03194
[s1] 827500 frames  474s  shadow 0.1800  pos_sup 0.03194
[s1] 828000 frames  474s  shadow 0.1800  pos_sup 0.03195
[s1] 828500 frames  475s  shadow 0.1801  pos_sup 0.03197
[s1] 829000 frames  475s  shadow 0.1800  pos_sup 0.03196
[s1] 829500 frames  475s  shadow 0.1801  pos_sup 0.03195
[s1] 830000 frames  475s  shadow 0.1800  pos_sup 0.03195
[s1] 830500 frames  476s  shadow 0.1801  pos_sup 0.03198
[s1] 831000 frames  476s  shadow 0.1801  pos_sup 0.03197
[s1] 831500 frames  476s  shadow 0.1801  pos_sup 0.03197
[s1] 832000 frames  476s  shadow 0.1800  pos_sup 0.03195
[s1] 832500 frames  476s  shadow 0.1800  pos_sup 0.03195
[s1] 833000 frames  477s  shadow 0.1801  pos_sup 0.03196
[s1] 833500 frames  477s  shadow 0.1801  pos_sup 0.03198
[s1] 834000 frames  477s  shadow 0.1800  pos_sup 0.03196
[s1] 834500 frames  478s  shadow 0.1800  pos_sup 0.03195
[s1] 835000 frames  478s  shadow 0.1800  pos_sup 0.03195
[s1] 835500 frames  478s  shadow 0.1799  pos_sup 0.03194
[s1] 836000 frames  478s  shadow 0.1799  pos_sup 0.03193
[s1] 836500 frames  478s  shadow 0.1799  pos_sup 0.03193
[s1] 837000 frames  478s  shadow 0.1798  pos_sup 0.03192
[s1] 837500 frames  479s  shadow 0.1798  pos_sup 0.03193
[s1] 838000 frames  479s  shadow 0.1798  pos_sup 0.03193
[s1] 838500 frames  479s  shadow 0.1798  pos_sup 0.03192
[s1] 839000 frames  479s  shadow 0.1797  pos_sup 0.03191
[s1] 839500 frames  480s  shadow 0.1798  pos_sup 0.03192
[s1] 840000 frames  480s  shadow 0.1797  pos_sup 0.03189
[s1] 840500 frames  480s  shadow 0.1797  pos_sup 0.03190
[s1] 841000 frames  480s  shadow 0.1799  pos_sup 0.03193
[s1] 841500 frames  481s  shadow 0.1799  pos_sup 0.03194
[s1] 842000 frames  481s  shadow 0.1798  pos_sup 0.03192
[s1] 842500 frames  482s  shadow 0.1799  pos_sup 0.03194
[s1] 843000 frames  482s  shadow 0.1799  pos_sup 0.03194
[s1] 843500 frames  482s  shadow 0.1800  pos_sup 0.03194
[s1] 844000 frames  483s  shadow 0.1799  pos_sup 0.03194
[s1] 844500 frames  483s  shadow 0.1799  pos_sup 0.03193
[s1] 845000 frames  483s  shadow 0.1799  pos_sup 0.03192
[s1] 845500 frames  483s  shadow 0.1799  pos_sup 0.03193
[s1] 846000 frames  483s  shadow 0.1798  pos_sup 0.03192
[s1] 846500 frames  484s  shadow 0.1799  pos_sup 0.03192
[s1] 847000 frames  484s  shadow 0.1798  pos_sup 0.03192
[s1] 847500 frames  484s  shadow 0.1798  pos_sup 0.03192
[s1] 848000 frames  484s  shadow 0.1798  pos_sup 0.03191
[s1] 848500 frames  485s  shadow 0.1798  pos_sup 0.03191
[s1] 849000 frames  485s  shadow 0.1798  pos_sup 0.03191
  join_path                                  /home/nvidia/percprobe/raw/b1train_agents.jsonl.xz
  join_md5                                   1c985e6d6ad34e605c4ebd30cb353558
  spec                                       {'n_az': 20, 'n_rng': 24, 'r_max_m': 60.0, 'hfov_deg': 120.0, 'r_min_m': 0.0, 'sub_r': 2, 'sub_az': 3, 'shape': [24, 20], 'dr_m': 2.5, 'daz_deg': 6.0, 'n_cells': 480}
  record_stride                              1
  n_records_in_file                          849263
  n_records_censused                         849263
  n_clips_seen                               4427
  n_boxes_censused                           28053187
  n_frames_labelled_clear                    17955
  frac_frames_labelled_clear                 0.021141860648585892
  boxes_per_frame_mean                       33.03239043735569
  n_cells_total                              407646240
  n_cells_supervised                         334350835
  n_cells_shadowed                           73295405
  frac_cells_shadowed                        0.17980149896635866
  frac_cells_shadowed_per_frame_mean         0.1798014989663587
  frac_cells_shadowed_per_frame_median       0.11666666666666667
  frac_cells_shadowed_per_frame_p90          0.4625
  n_pos_all                                  14784455
  n_pos_supervised                           10668598
  n_pos_hidden_by_mask                       4115857
  frac_pos_hidden_by_mask                    0.2783908503898182
  base_rate_supervised                       0.03190839346939271
  base_rate_all_cells_two_state              0.036267855678001594
  all_zero_accuracy_supervised               0.9680916065306073
  suggested_pos_weight                       30.3397163338613
  cart_frames                                1698
  cart_base_rate_infield                     0.018077270031448264
  elapsed_s                                  485.11020135879517
[s1] wrote /home/nvidia/wpd_posweight_train.json
