=== PANEL refcv3 (starts 0,17,34,51,68,85,102,119,136 x 50) ===
[rend] scene ready: 3105514 gaussians {'background': 2382789, 'road': 722725} in 1.7s
06:07:39.014 INFO: scale cull: {'quantile': 0.95, 'scale_thresh_m': 1.4263, 'n_dropped': 153506, 'n_kept': 2952008}
06:07:39.021 INFO: gated sky ON: gain=0.30 ramp 0.0-6.0 deg above horizon
06:07:39.026 INFO: camera: 1920x1080 cx=958.4 cy=751.2 poly1=945.1 (transport=inproc)
06:07:39.026 INFO: GT: 599 camera frames -> 199 ticks at 10 Hz (stride 3)
06:07:39.103 INFO: lead geometry probe active (half_len=1.542 m, 5 conditions)
06:07:40.863 INFO: refcv3 loaded step=40284 window=8 horizons=[5, 10, 15, 20, 30, 40, 50, 60] decoder=diffusion/2 image_hw=[256, 640] hier=True anchors=128 params=107032901
06:07:40.863 INFO: refcv3 strict load: missing=[] unexpected=[]
06:07:41.992 INFO: CANON[cyl] f_eff=305.5774907 (f_ref=305.5774907) observed_frac=0.909998 hfov=120.000 deg rig=B (cy~755) OK
06:07:42.453 INFO: refcv3  k=  0  v=20.22  steer=-0.002  nav=follow
06:07:47.157 INFO: refcv3  k= 20  v=19.73  steer=-0.002  nav=follow
06:07:51.860 INFO: refcv3  k= 40  v=19.47  steer=-0.002  nav=follow
06:07:53.867 INFO: start 0 done: 50 steps in 13.0s (0.26 s/step, render 68 ms)
06:07:54.845 INFO: refcv3  k=  0  v=19.80  steer=-0.002  nav=follow
06:07:59.602 INFO: refcv3  k= 20  v=19.79  steer=-0.003  nav=follow
06:08:04.378 INFO: refcv3  k= 40  v=19.67  steer=-0.008  nav=follow
06:08:06.519 INFO: start 17 done: 50 steps in 12.7s (0.25 s/step, render 62 ms)
06:08:07.606 INFO: refcv3  k=  0  v=18.76  steer=-0.001  nav=follow
06:08:12.419 INFO: refcv3  k= 20  v=18.89  steer=-0.011  nav=follow
06:08:17.219 INFO: refcv3  k= 40  v=18.83  steer=-0.011  nav=follow
06:08:19.359 INFO: start 34 done: 50 steps in 12.8s (0.26 s/step, render 61 ms)
06:08:20.399 INFO: refcv3  k=  0  v=17.78  steer=-0.008  nav=follow
06:08:25.207 INFO: refcv3  k= 20  v=18.07  steer=-0.017  nav=follow
06:08:29.958 INFO: refcv3  k= 40  v=18.29  steer=-0.012  nav=follow
06:08:32.090 INFO: start 51 done: 50 steps in 12.7s (0.25 s/step, render 60 ms)
06:08:33.113 INFO: refcv3  k=  0  v=15.60  steer=-0.015  nav=follow
06:08:37.864 INFO: refcv3  k= 20  v=16.29  steer=-0.015  nav=follow
06:08:42.613 INFO: refcv3  k= 40  v=17.06  steer=-0.017  nav=follow
06:08:44.723 INFO: start 68 done: 50 steps in 12.6s (0.25 s/step, render 58 ms)
06:08:45.732 INFO: refcv3  k=  0  v=13.37  steer=-0.016  nav=follow
06:08:50.485 INFO: refcv3  k= 20  v=15.35  steer=-0.006  nav=follow
06:08:55.186 INFO: refcv3  k= 40  v=15.87  steer=-0.006  nav=follow
06:08:57.267 INFO: start 85 done: 50 steps in 12.5s (0.25 s/step, render 57 ms)
06:08:58.273 INFO: refcv3  k=  0  v=12.28  steer=-0.023  nav=follow
06:09:02.963 INFO: refcv3  k= 20  v=13.58  steer=-0.016  nav=follow
06:09:07.627 INFO: refcv3  k= 40  v=14.21  steer=-0.008  nav=follow
06:09:09.730 INFO: start 102 done: 50 steps in 12.5s (0.25 s/step, render 55 ms)
06:09:10.699 INFO: refcv3  k=  0  v=12.18  steer=-0.012  nav=follow
06:09:15.389 INFO: refcv3  k= 20  v=12.90  steer=+0.005  nav=follow
06:09:20.032 INFO: refcv3  k= 40  v=13.97  steer=-0.005  nav=follow
06:09:22.092 INFO: start 119 done: 50 steps in 12.4s (0.25 s/step, render 54 ms)
06:09:23.032 INFO: refcv3  k=  0  v=12.72  steer=-0.013  nav=follow
06:09:27.676 INFO: refcv3  k= 20  v=13.66  steer=-0.002  nav=follow
06:09:32.242 INFO: refcv3  k= 40  v=14.46  steer=-0.006  nav=follow
06:09:34.285 INFO: start 136 done: 50 steps in 12.2s (0.24 s/step, render 51 ms)
06:09:34.304 INFO: wrote /home/nvidia/cl_out_v3/panel_refcv3_empty/rollouts_refcv3_empty.json (9 rollouts)
ZZOK_refcv3ZZ
=== PANEL refc-base (starts 0,17,34,51,68,85,102,119,136 x 50) ===
[rend] scene ready: 3105514 gaussians {'background': 2382789, 'road': 722725} in 1.7s
06:09:37.812 INFO: scale cull: {'quantile': 0.95, 'scale_thresh_m': 1.4263, 'n_dropped': 153506, 'n_kept': 2952008}
06:09:37.819 INFO: gated sky ON: gain=0.30 ramp 0.0-6.0 deg above horizon
06:09:37.825 INFO: camera: 1920x1080 cx=958.4 cy=751.2 poly1=945.1 (transport=inproc)
06:09:37.825 INFO: GT: 599 camera frames -> 199 ticks at 10 Hz (stride 3)
06:09:37.903 INFO: lead geometry probe active (half_len=1.542 m, 5 conditions)
06:09:40.049 INFO: REF-C base loaded step=29999 anchors=128 nav_known_channel=False
06:09:41.303 INFO: CANON f_eff=266.01 (F_REF=266.0) OK
06:09:41.615 INFO: refc-base  k=  0  v=20.24  steer=-0.002  nav=follow
06:09:44.472 INFO: refc-base  k= 20  v=20.39  steer=-0.001  nav=follow
06:09:47.677 INFO: refc-base  k= 40  v=20.59  steer=-0.001  nav=follow
06:09:49.099 INFO: start 0 done: 50 steps in 9.0s (0.18 s/step, render 69 ms)
06:09:50.015 INFO: refc-base  k=  0  v=19.81  steer=-0.001  nav=follow
06:09:53.037 INFO: refc-base  k= 20  v=20.12  steer=-0.001  nav=follow
06:09:56.201 INFO: refc-base  k= 40  v=20.35  steer=-0.008  nav=follow
06:09:57.616 INFO: start 17 done: 50 steps in 8.5s (0.17 s/step, render 61 ms)
06:09:58.478 INFO: refc-base  k=  0  v=18.76  steer=-0.000  nav=follow
06:10:01.584 INFO: refc-base  k= 20  v=18.92  steer=-0.006  nav=follow
06:10:04.651 INFO: refc-base  k= 40  v=18.93  steer=-0.016  nav=follow
06:10:06.032 INFO: start 34 done: 50 steps in 8.4s (0.17 s/step, render 59 ms)
06:10:06.890 INFO: refc-base  k=  0  v=17.76  steer=-0.004  nav=follow
06:10:10.051 INFO: refc-base  k= 20  v=17.72  steer=-0.005  nav=follow
06:10:13.099 INFO: refc-base  k= 40  v=17.32  steer=-0.012  nav=follow
06:10:14.424 INFO: start 51 done: 50 steps in 8.4s (0.17 s/step, render 59 ms)
06:10:15.259 INFO: refc-base  k=  0  v=15.59  steer=-0.010  nav=follow
06:10:18.182 INFO: refc-base  k= 20  v=15.83  steer=-0.011  nav=follow
06:10:21.071 INFO: refc-base  k= 40  v=16.35  steer=-0.011  nav=follow
06:10:22.348 INFO: start 68 done: 50 steps in 7.9s (0.16 s/step, render 57 ms)
06:10:23.177 INFO: refc-base  k=  0  v=13.23  steer=-0.017  nav=follow
06:10:26.180 INFO: refc-base  k= 20  v=12.96  steer=-0.012  nav=follow
06:10:29.323 INFO: refc-base  k= 40  v=12.69  steer=-0.016  nav=follow
06:10:30.710 INFO: start 85 done: 50 steps in 8.4s (0.17 s/step, render 57 ms)
06:10:31.525 INFO: refc-base  k=  0  v=12.19  steer=-0.016  nav=follow
06:10:34.694 INFO: refc-base  k= 20  v=12.34  steer=-0.014  nav=follow
06:10:37.781 INFO: refc-base  k= 40  v=12.24  steer=-0.020  nav=follow
06:10:39.158 INFO: start 102 done: 50 steps in 8.4s (0.17 s/step, render 56 ms)
06:10:39.965 INFO: refc-base  k=  0  v=12.15  steer=-0.014  nav=follow
06:10:43.100 INFO: refc-base  k= 20  v=12.15  steer=-0.015  nav=follow
06:10:46.153 INFO: refc-base  k= 40  v=12.51  steer=-0.004  nav=follow
06:10:47.451 INFO: start 119 done: 50 steps in 8.3s (0.17 s/step, render 54 ms)
06:10:48.248 INFO: refc-base  k=  0  v=12.68  steer=-0.015  nav=follow
06:10:51.332 INFO: refc-base  k= 20  v=12.85  steer=-0.006  nav=follow
06:10:54.317 INFO: refc-base  k= 40  v=13.09  steer=-0.004  nav=follow
06:10:55.656 INFO: start 136 done: 50 steps in 8.2s (0.16 s/step, render 51 ms)
06:10:55.666 INFO: wrote /home/nvidia/cl_out_v3/panel_refc-base_empty/rollouts_refc-base_empty.json (9 rollouts)
ZZOK_refc-baseZZ
=== PANEL flagship-v1 (starts 0,17,34,51,68,85,102,119,136 x 50) ===
[rend] scene ready: 3105514 gaussians {'background': 2382789, 'road': 722725} in 1.6s
06:10:58.969 INFO: scale cull: {'quantile': 0.95, 'scale_thresh_m': 1.4263, 'n_dropped': 153506, 'n_kept': 2952008}
06:10:58.976 INFO: gated sky ON: gain=0.30 ramp 0.0-6.0 deg above horizon
06:10:58.982 INFO: camera: 1920x1080 cx=958.4 cy=751.2 poly1=945.1 (transport=inproc)
06:10:58.982 INFO: GT: 599 camera frames -> 199 ticks at 10 Hz (stride 3)
06:10:59.060 INFO: lead geometry probe active (half_len=1.542 m, 5 conditions)
06:11:05.367 INFO: flagship v1 loaded step=29999 horizons=[5, 10, 15, 20]
06:11:06.549 INFO: CANON f_eff=266.01 (F_REF=266.0) OK
06:11:07.008 INFO: flagship-v1  k=  0  v=19.92  steer=-0.008  nav=follow
06:11:13.796 INFO: flagship-v1  k= 20  v=13.92  steer=-0.050  nav=follow
06:11:20.490 INFO: flagship-v1  k= 40  v=10.44  steer=+0.002  nav=follow
06:11:23.463 INFO: start 0 done: 50 steps in 18.1s (0.36 s/step, render 66 ms)
06:11:24.538 INFO: flagship-v1  k=  0  v=19.49  steer=-0.010  nav=follow
06:11:31.353 INFO: flagship-v1  k= 20  v=13.49  steer=-0.048  nav=follow
06:11:38.054 INFO: flagship-v1  k= 40  v=8.87  steer=-0.050  nav=follow
06:11:41.027 INFO: start 17 done: 50 steps in 17.6s (0.35 s/step, render 59 ms)
06:11:42.073 INFO: flagship-v1  k=  0  v=18.44  steer=-0.003  nav=follow
06:11:48.831 INFO: flagship-v1  k= 20  v=12.44  steer=-0.050  nav=follow
06:11:55.619 INFO: flagship-v1  k= 40  v=7.37  steer=-0.016  nav=follow
06:11:58.663 INFO: start 34 done: 50 steps in 17.6s (0.35 s/step, render 62 ms)
06:11:59.704 INFO: flagship-v1  k=  0  v=17.47  steer=-0.004  nav=follow
06:12:06.512 INFO: flagship-v1  k= 20  v=11.47  steer=-0.050  nav=follow
06:12:13.270 INFO: flagship-v1  k= 40  v=8.02  steer=+0.002  nav=follow
06:12:16.158 INFO: start 51 done: 50 steps in 17.5s (0.35 s/step, render 61 ms)
06:12:17.183 INFO: flagship-v1  k=  0  v=15.29  steer=-0.019  nav=follow
06:12:23.951 INFO: flagship-v1  k= 20  v=9.29  steer=-0.050  nav=follow
06:12:30.682 INFO: flagship-v1  k= 40  v=8.39  steer=-0.050  nav=follow
06:12:33.727 INFO: start 68 done: 50 steps in 17.6s (0.35 s/step, render 59 ms)
06:12:34.759 INFO: flagship-v1  k=  0  v=12.97  steer=-0.020  nav=follow
06:12:41.507 INFO: flagship-v1  k= 20  v=10.45  steer=-0.021  nav=follow
06:12:48.235 INFO: flagship-v1  k= 40  v=5.90  steer=-0.050  nav=follow
06:12:51.250 INFO: start 85 done: 50 steps in 17.5s (0.35 s/step, render 58 ms)
06:12:52.269 INFO: flagship-v1  k=  0  v=11.86  steer=-0.017  nav=follow
06:12:58.779 INFO: flagship-v1  k= 20  v=5.86  steer=-0.050  nav=follow
06:13:05.321 INFO: flagship-v1  k= 40  v=3.85  steer=+0.050  nav=follow
06:13:08.266 INFO: start 102 done: 50 steps in 17.0s (0.34 s/step, render 57 ms)
06:13:09.261 INFO: flagship-v1  k=  0  v=11.86  steer=-0.028  nav=follow
06:13:15.981 INFO: flagship-v1  k= 20  v=6.27  steer=-0.049  nav=follow
06:13:22.620 INFO: flagship-v1  k= 40  v=5.57  steer=+0.050  nav=follow
06:13:25.599 INFO: start 119 done: 50 steps in 17.3s (0.35 s/step, render 55 ms)
06:13:26.560 INFO: flagship-v1  k=  0  v=12.39  steer=-0.019  nav=follow
06:13:32.964 INFO: flagship-v1  k= 20  v=6.46  steer=-0.042  nav=follow
06:13:39.370 INFO: flagship-v1  k= 40  v=8.93  steer=+0.014  nav=follow
06:13:42.236 INFO: start 136 done: 50 steps in 16.6s (0.33 s/step, render 51 ms)
06:13:42.247 INFO: wrote /home/nvidia/cl_out_v3/panel_flagship-v1_empty/rollouts_flagship-v1_empty.json (9 rollouts)
ZZOK_flagship-v1ZZ
ZZPANEL_V3_DONEZZ
