VERDICT: REJECT
[DEGRADED] EMPTY_CSV              Annotation.csv is essentially empty
                                   bytes=0
[REJECT  ] NO_MOTION              only 40 m travelled (< 50.0 m)
[DEGRADED] ACCEL_UNUSABLE         accelerometer carries no usable longitudinal signal; speed will be GNSS-driven only
                                   source=disabled (total_accel - R(q)^T*g, quality=0.03)
[DEGRADED] WEAK_VEHICLE_FRAME     phone->vehicle lateral axis is weakly determined
                                   lateral_score=0.041
[REJECT  ] TOO_SHORT              less than 15 s of overlapping video and sensor data
                                   overlap_s=8.5
measurements:
    platform_detected            android
    platform                     android
    device                       SM-G990B
    gravity_mag_ms2              9.8067
    total_accel_mag_ms2          9.9633
    unit_notes                   accel: derived: total_accel - gravity [m/s^2, linear]; gravity: Gravity.csv [m/s^2]; total_accel: TotalAcceleration.csv [m/s^2]
    frozen_fraction              0.0
    n_fixes                      10
    hacc_median_m                3.81
    n_speed_missing              0
    speed_range_ms               (3.46, 5.32)
    max_gap_s                    1.0
    accel_hz                     105.17
    gyro_hz                      105.17
    gravity_hz                   105.17
    gravity_norm                 9.807
    gyro_absmax                  0.533
    gps_distance_m               39.8
    moving_fraction              1.0
    accel_tier                   4
    accel_quality                0.031
    video_duration_s             8.53
    video_frames                 256
    video_fps                    30.006
    sensor_duration_s            9.22