[2026-09-19 12:16:00,295][navsim.planning.script.builders.worker_pool_builder][INFO] - Building WorkerPool...
[2026-09-19 12:16:00,299][nuplan.planning.utils.multithreading.worker_pool][INFO] - Worker: Sequential
[2026-09-19 12:16:00,299][nuplan.planning.utils.multithreading.worker_pool][INFO] - Number of nodes: 1
Number of CPUs per node: 1
Number of GPUs per node: 0
Number of threads across all nodes: 1
[2026-09-19 12:16:00,299][navsim.planning.script.builders.worker_pool_builder][INFO] - Building WorkerPool...DONE!
[2026-09-19 12:16:04,561][navsim.planning.script.run_pdm_score][INFO] - Starting pdm scoring of 220 scenarios...
[2026-09-19 12:16:04,561][navsim.planning.script.run_pdm_score][INFO] - Starting worker in thread_id=57aa10e0-dc69-4c76-a5af-f13169946a3e, node_id=0
[2026-09-19 12:16:07,558][navsim.planning.script.run_pdm_score][INFO] - Processing stage one reactive scenario 1 / 16 in thread_id=57aa10e0-dc69-4c76-a5af-f13169946a3e, node_id=0
[2026-09-19 12:16:11,664][navsim.planning.script.run_pdm_score][INFO] - Processing stage one reactive scenario 2 / 16 in thread_id=57aa10e0-dc69-4c76-a5af-f13169946a3e, node_id=0
[2026-09-19 12:16:13,886][navsim.planning.script.run_pdm_score][INFO] - Processing stage one reactive scenario 3 / 16 in thread_id=57aa10e0-dc69-4c76-a5af-f13169946a3e, node_id=0
[2026-09-19 12:16:17,962][navsim.planning.script.run_pdm_score][INFO] - Processing stage one reactive scenario 4 / 16 in thread_id=57aa10e0-dc69-4c76-a5af-f13169946a3e, node_id=0
[2026-09-19 12:16:21,907][navsim.planning.script.run_pdm_score][INFO] - Processing stage one reactive scenario 5 / 16 in thread_id=57aa10e0-dc69-4c76-a5af-f13169946a3e, node_id=0
[2026-09-19 12:16:23,032][navsim.planning.script.run_pdm_score][INFO] - Processing stage one reactive scenario 6 / 16 in thread_id=57aa10e0-dc69-4c76-a5af-f13169946a3e, node_id=0
[2026-09-19 12:16:25,490][navsim.planning.script.run_pdm_score][INFO] - Processing stage one reactive scenario 7 / 16 in thread_id=57aa10e0-dc69-4c76-a5af-f13169946a3e, node_id=0
[2026-09-19 12:16:27,563][navsim.planning.script.run_pdm_score][INFO] - Processing stage one reactive scenario 8 / 16 in thread_id=57aa10e0-dc69-4c76-a5af-f13169946a3e, node_id=0
[2026-09-19 12:16:32,256][navsim.planning.script.run_pdm_score][INFO] - Processing stage one reactive scenario 9 / 16 in thread_id=57aa10e0-dc69-4c76-a5af-f13169946a3e, node_id=0
[2026-09-19 12:16:33,560][navsim.planning.script.run_pdm_score][INFO] - Processing stage one reactive scenario 10 / 16 in thread_id=57aa10e0-dc69-4c76-a5af-f13169946a3e, node_id=0
[2026-09-19 12:16:39,160][navsim.planning.script.run_pdm_score][INFO] - Processing stage one reactive scenario 11 / 16 in thread_id=57aa10e0-dc69-4c76-a5af-f13169946a3e, node_id=0
[2026-09-19 12:16:39,378][navsim.planning.script.run_pdm_score][INFO] - Processing stage one reactive scenario 12 / 16 in thread_id=57aa10e0-dc69-4c76-a5af-f13169946a3e, node_id=0
[2026-09-19 12:16:43,427][navsim.planning.script.run_pdm_score][INFO] - Processing stage one reactive scenario 13 / 16 in thread_id=57aa10e0-dc69-4c76-a5af-f13169946a3e, node_id=0
[2026-09-19 12:16:47,929][navsim.planning.script.run_pdm_score][INFO] - Processing stage one reactive scenario 14 / 16 in thread_id=57aa10e0-dc69-4c76-a5af-f13169946a3e, node_id=0
[2026-09-19 12:16:48,100][navsim.planning.script.run_pdm_score][INFO] - Processing stage one reactive scenario 15 / 16 in thread_id=57aa10e0-dc69-4c76-a5af-f13169946a3e, node_id=0
[2026-09-19 12:16:53,528][navsim.planning.script.run_pdm_score][INFO] - Processing stage one reactive scenario 16 / 16 in thread_id=57aa10e0-dc69-4c76-a5af-f13169946a3e, node_id=0
[2026-09-19 12:16:56,975][navsim.planning.script.run_pdm_score][INFO] - Processing stage two reactive scenario 1 / 204 in thread_id=57aa10e0-dc69-4c76-a5af-f13169946a3e, node_id=0
[2026-09-19 12:16:57,143][navsim.planning.script.run_pdm_score][INFO] - Processing stage two reactive scenario 2 / 204 in thread_id=57aa10e0-dc69-4c76-a5af-f13169946a3e, node_id=0
[2026-09-19 12:16:58,217][navsim.planning.script.run_pdm_score][INFO] - Processing stage two reactive scenario 3 / 204 in thread_id=57aa10e0-dc69-4c76-a5af-f13169946a3e, node_id=0
[2026-09-19 12:16:58,368][navsim.planning.script.run_pdm_score][INFO] - Processing stage two reactive scenario 4 / 204 in thread_id=57aa10e0-dc69-4c76-a5af-f13169946a3e, node_id=0
[2026-09-19 12:17:00,351][navsim.planning.script.run_pdm_score][INFO] - Processing stage two reactive scenario 5 / 204 in thread_id=57aa10e0-dc69-4c76-a5af-f13169946a3e, node_id=0
[2026-09-19 12:17:01,277][navsim.planning.script.run_pdm_score][INFO] - Processing stage two reactive scenario 6 / 204 in thread_id=57aa10e0-dc69-4c76-a5af-f13169946a3e, node_id=0
[2026-09-19 12:17:03,911][navsim.planning.script.run_pdm_score][INFO] - Processing stage two reactive scenario 7 / 204 in thread_id=57aa10e0-dc69-4c76-a5af-f13169946a3e, node_id=0
[2026-09-19 12:17:05,372][navsim.planning.script.run_pdm_score][INFO] - Processing stage two reactive scenario 8 / 204 in thread_id=57aa10e0-dc69-4c76-a5af-f13169946a3e, node_id=0
[2026-09-19 12:17:07,329][navsim.planning.script.run_pdm_score][INFO] - Processing stage two reactive scenario 9 / 204 in thread_id=57aa10e0-dc69-4c76-a5af-f13169946a3e, node_id=0
[2026-09-19 12:17:08,615][navsim.planning.script.run_pdm_score][INFO] - Processing stage two reactive scenario 10 / 204 in thread_id=57aa10e0-dc69-4c76-a5af-f13169946a3e, node_id=0
[2026-09-19 12:17:10,005][navsim.planning.script.run_pdm_score][INFO] - Processing stage two reactive scenario 11 / 204 in thread_id=57aa10e0-dc69-4c76-a5af-f13169946a3e, node_id=0
[2026-09-19 12:17:11,438][navsim.planning.script.run_pdm_score][INFO] - Processing stage two reactive scenario 12 / 204 in thread_id=57aa10e0-dc69-4c76-a5af-f13169946a3e, node_id=0
[2026-09-19 12:17:12,895][navsim.planning.script.run_pdm_score][INFO] - Processing stage two reactive scenario 13 / 204 in thread_id=57aa10e0-dc69-4c76-a5af-f13169946a3e, node_id=0
[2026-09-19 12:17:14,536][navsim.planning.script.run_pdm_score][INFO] - Processing stage two reactive scenario 14 / 204 in thread_id=57aa10e0-dc69-4c76-a5af-f13169946a3e, node_id=0
[2026-09-19 12:17:17,005][navsim.planning.script.run_pdm_score][INFO] - Processing stage two reactive scenario 15 / 204 in thread_id=57aa10e0-dc69-4c76-a5af-f13169946a3e, node_id=0
[2026-09-19 12:17:18,783][navsim.planning.script.run_pdm_score][INFO] - Processing stage two reactive scenario 16 / 204 in thread_id=57aa10e0-dc69-4c76-a5af-f13169946a3e, node_id=0
[2026-09-19 12:17:20,185][navsim.planning.script.run_pdm_score][INFO] - Processing stage two reactive scenario 17 / 204 in thread_id=57aa10e0-dc69-4c76-a5af-f13169946a3e, node_id=0
[2026-09-19 12:17:22,102][navsim.planning.script.run_pdm_score][INFO] - Processing stage two reactive scenario 18 / 204 in thread_id=57aa10e0-dc69-4c76-a5af-f13169946a3e, node_id=0
[2026-09-19 12:17:23,356][navsim.planning.script.run_pdm_score][INFO] - Processing stage two reactive scenario 19 / 204 in thread_id=57aa10e0-dc69-4c76-a5af-f13169946a3e, node_id=0
[2026-09-19 12:17:24,257][navsim.planning.script.run_pdm_score][INFO] - Processing stage two reactive scenario 20 / 204 in thread_id=57aa10e0-dc69-4c76-a5af-f13169946a3e, node_id=0
[2026-09-19 12:17:25,689][navsim.planning.script.run_pdm_score][INFO] - Processing stage two reactive scenario 21 / 204 in thread_id=57aa10e0-dc69-4c76-a5af-f13169946a3e, node_id=0
[2026-09-19 12:17:27,877][navsim.planning.script.run_pdm_score][INFO] - Processing stage two reactive scenario 22 / 204 in thread_id=57aa10e0-dc69-4c76-a5af-f13169946a3e, node_id=0
[2026-09-19 12:17:30,149][navsim.planning.script.run_pdm_score][INFO] - Processing stage two reactive scenario 23 / 204 in thread_id=57aa10e0-dc69-4c76-a5af-f13169946a3e, node_id=0
[2026-09-19 12:17:31,671][navsim.planning.script.run_pdm_score][INFO] - Processing stage two reactive scenario 24 / 204 in thread_id=57aa10e0-dc69-4c76-a5af-f13169946a3e, node_id=0
[2026-09-19 12:17:33,209][navsim.planning.script.run_pdm_score][INFO] - Processing stage two reactive scenario 25 / 204 in thread_id=57aa10e0-dc69-4c76-a5af-f13169946a3e, node_id=0
[2026-09-19 12:17:36,332][navsim.planning.script.run_pdm_score][INFO] - Processing stage two reactive scenario 26 / 204 in thread_id=57aa10e0-dc69-4c76-a5af-f13169946a3e, node_id=0
[2026-09-19 12:17:38,221][navsim.planning.script.run_pdm_score][INFO] - Processing stage two reactive scenario 27 / 204 in thread_id=57aa10e0-dc69-4c76-a5af-f13169946a3e, node_id=0
[2026-09-19 12:17:38,378][navsim.planning.script.run_pdm_score][INFO] - Processing stage two reactive scenario 28 / 204 in thread_id=57aa10e0-dc69-4c76-a5af-f13169946a3e, node_id=0
[2026-09-19 12:17:38,718][navsim.planning.script.run_pdm_score][INFO] - Processing stage two reactive scenario 29 / 204 in thread_id=57aa10e0-dc69-4c76-a5af-f13169946a3e, node_id=0
[2026-09-19 12:17:40,162][navsim.planning.script.run_pdm_score][INFO] - Processing stage two reactive scenario 30 / 204 in thread_id=57aa10e0-dc69-4c76-a5af-f13169946a3e, node_id=0
[2026-09-19 12:17:40,703][navsim.planning.script.run_pdm_score][INFO] - Processing stage two reactive scenario 31 / 204 in thread_id=57aa10e0-dc69-4c76-a5af-f13169946a3e, node_id=0
[2026-09-19 12:17:41,603][navsim.planning.script.run_pdm_score][INFO] - Processing stage two reactive scenario 32 / 204 in thread_id=57aa10e0-dc69-4c76-a5af-f13169946a3e, node_id=0
[2026-09-19 12:17:44,756][navsim.planning.script.run_pdm_score][INFO] - Processing stage two reactive scenario 33 / 204 in thread_id=57aa10e0-dc69-4c76-a5af-f13169946a3e, node_id=0
[2026-09-19 12:17:45,634][navsim.planning.script.run_pdm_score][INFO] - Processing stage two reactive scenario 34 / 204 in thread_id=57aa10e0-dc69-4c76-a5af-f13169946a3e, node_id=0
[2026-09-19 12:17:48,035][navsim.planning.script.run_pdm_score][INFO] - Processing stage two reactive scenario 35 / 204 in thread_id=57aa10e0-dc69-4c76-a5af-f13169946a3e, node_id=0
[2026-09-19 12:17:51,467][navsim.planning.script.run_pdm_score][INFO] - Processing stage two reactive scenario 36 / 204 in thread_id=57aa10e0-dc69-4c76-a5af-f13169946a3e, node_id=0
[2026-09-19 12:17:54,139][navsim.planning.script.run_pdm_score][INFO] - Processing stage two reactive scenario 37 / 204 in thread_id=57aa10e0-dc69-4c76-a5af-f13169946a3e, node_id=0
[2026-09-19 12:17:55,344][navsim.planning.script.run_pdm_score][INFO] - Processing stage two reactive scenario 38 / 204 in thread_id=57aa10e0-dc69-4c76-a5af-f13169946a3e, node_id=0
[2026-09-19 12:17:57,353][navsim.planning.script.run_pdm_score][INFO] - Processing stage two reactive scenario 39 / 204 in thread_id=57aa10e0-dc69-4c76-a5af-f13169946a3e, node_id=0
[2026-09-19 12:17:57,682][navsim.planning.script.run_pdm_score][INFO] - Processing stage two reactive scenario 40 / 204 in thread_id=57aa10e0-dc69-4c76-a5af-f13169946a3e, node_id=0
[2026-09-19 12:17:59,632][navsim.planning.script.run_pdm_score][INFO] - Processing stage two reactive scenario 41 / 204 in thread_id=57aa10e0-dc69-4c76-a5af-f13169946a3e, node_id=0
[2026-09-19 12:18:04,194][navsim.planning.script.run_pdm_score][INFO] - Processing stage two reactive scenario 42 / 204 in thread_id=57aa10e0-dc69-4c76-a5af-f13169946a3e, node_id=0
[2026-09-19 12:18:06,929][navsim.planning.script.run_pdm_score][INFO] - Processing stage two reactive scenario 43 / 204 in thread_id=57aa10e0-dc69-4c76-a5af-f13169946a3e, node_id=0
[2026-09-19 12:18:08,165][navsim.planning.script.run_pdm_score][INFO] - Processing stage two reactive scenario 44 / 204 in thread_id=57aa10e0-dc69-4c76-a5af-f13169946a3e, node_id=0
[2026-09-19 12:18:09,107][navsim.planning.script.run_pdm_score][INFO] - Processing stage two reactive scenario 45 / 204 in thread_id=57aa10e0-dc69-4c76-a5af-f13169946a3e, node_id=0
[2026-09-19 12:18:10,240][navsim.planning.script.run_pdm_score][INFO] - Processing stage two reactive scenario 46 / 204 in thread_id=57aa10e0-dc69-4c76-a5af-f13169946a3e, node_id=0
[2026-09-19 12:18:12,313][navsim.planning.script.run_pdm_score][INFO] - Processing stage two reactive scenario 47 / 204 in thread_id=57aa10e0-dc69-4c76-a5af-f13169946a3e, node_id=0
[2026-09-19 12:18:13,257][navsim.planning.script.run_pdm_score][INFO] - Processing stage two reactive scenario 48 / 204 in thread_id=57aa10e0-dc69-4c76-a5af-f13169946a3e, node_id=0
[2026-09-19 12:18:17,627][navsim.planning.script.run_pdm_score][INFO] - Processing stage two reactive scenario 49 / 204 in thread_id=57aa10e0-dc69-4c76-a5af-f13169946a3e, node_id=0
[2026-09-19 12:18:18,573][navsim.planning.script.run_pdm_score][INFO] - Processing stage two reactive scenario 50 / 204 in thread_id=57aa10e0-dc69-4c76-a5af-f13169946a3e, node_id=0
[2026-09-19 12:18:21,200][navsim.planning.script.run_pdm_score][INFO] - Processing stage two reactive scenario 51 / 204 in thread_id=57aa10e0-dc69-4c76-a5af-f13169946a3e, node_id=0
[2026-09-19 12:18:22,594][navsim.planning.script.run_pdm_score][INFO] - Processing stage two reactive scenario 52 / 204 in thread_id=57aa10e0-dc69-4c76-a5af-f13169946a3e, node_id=0
[2026-09-19 12:18:24,654][navsim.planning.script.run_pdm_score][INFO] - Processing stage two reactive scenario 53 / 204 in thread_id=57aa10e0-dc69-4c76-a5af-f13169946a3e, node_id=0
[2026-09-19 12:18:27,622][navsim.planning.script.run_pdm_score][INFO] - Processing stage two reactive scenario 54 / 204 in thread_id=57aa10e0-dc69-4c76-a5af-f13169946a3e, node_id=0
[2026-09-19 12:18:29,818][navsim.planning.script.run_pdm_score][INFO] - Processing stage two reactive scenario 55 / 204 in thread_id=57aa10e0-dc69-4c76-a5af-f13169946a3e, node_id=0
[2026-09-19 12:18:31,896][navsim.planning.script.run_pdm_score][INFO] - Processing stage two reactive scenario 56 / 204 in thread_id=57aa10e0-dc69-4c76-a5af-f13169946a3e, node_id=0
[2026-09-19 12:18:35,429][navsim.planning.script.run_pdm_score][INFO] - Processing stage two reactive scenario 57 / 204 in thread_id=57aa10e0-dc69-4c76-a5af-f13169946a3e, node_id=0
[2026-09-19 12:18:38,092][navsim.planning.script.run_pdm_score][INFO] - Processing stage two reactive scenario 58 / 204 in thread_id=57aa10e0-dc69-4c76-a5af-f13169946a3e, node_id=0
[2026-09-19 12:18:38,782][navsim.planning.script.run_pdm_score][INFO] - Processing stage two reactive scenario 59 / 204 in thread_id=57aa10e0-dc69-4c76-a5af-f13169946a3e, node_id=0
[2026-09-19 12:18:39,537][navsim.planning.script.run_pdm_score][INFO] - Processing stage two reactive scenario 60 / 204 in thread_id=57aa10e0-dc69-4c76-a5af-f13169946a3e, node_id=0
[2026-09-19 12:18:43,499][navsim.planning.script.run_pdm_score][INFO] - Processing stage two reactive scenario 61 / 204 in thread_id=57aa10e0-dc69-4c76-a5af-f13169946a3e, node_id=0
[2026-09-19 12:18:45,338][navsim.planning.script.run_pdm_score][INFO] - Processing stage two reactive scenario 62 / 204 in thread_id=57aa10e0-dc69-4c76-a5af-f13169946a3e, node_id=0
[2026-09-19 12:18:47,148][navsim.planning.script.run_pdm_score][INFO] - Processing stage two reactive scenario 63 / 204 in thread_id=57aa10e0-dc69-4c76-a5af-f13169946a3e, node_id=0
[2026-09-19 12:18:47,945][navsim.planning.script.run_pdm_score][INFO] - Processing stage two reactive scenario 64 / 204 in thread_id=57aa10e0-dc69-4c76-a5af-f13169946a3e, node_id=0
[2026-09-19 12:18:50,157][navsim.planning.script.run_pdm_score][INFO] - Processing stage two reactive scenario 65 / 204 in thread_id=57aa10e0-dc69-4c76-a5af-f13169946a3e, node_id=0
[2026-09-19 12:18:53,185][navsim.planning.script.run_pdm_score][INFO] - Processing stage two reactive scenario 66 / 204 in thread_id=57aa10e0-dc69-4c76-a5af-f13169946a3e, node_id=0
[2026-09-19 12:18:53,968][navsim.planning.script.run_pdm_score][INFO] - Processing stage two reactive scenario 67 / 204 in thread_id=57aa10e0-dc69-4c76-a5af-f13169946a3e, node_id=0
[2026-09-19 12:18:56,129][navsim.planning.script.run_pdm_score][INFO] - Processing stage two reactive scenario 68 / 204 in thread_id=57aa10e0-dc69-4c76-a5af-f13169946a3e, node_id=0
[2026-09-19 12:18:57,487][navsim.planning.script.run_pdm_score][INFO] - Processing stage two reactive scenario 69 / 204 in thread_id=57aa10e0-dc69-4c76-a5af-f13169946a3e, node_id=0
[2026-09-19 12:19:00,613][navsim.planning.script.run_pdm_score][INFO] - Processing stage two reactive scenario 70 / 204 in thread_id=57aa10e0-dc69-4c76-a5af-f13169946a3e, node_id=0
[2026-09-19 12:19:01,701][navsim.planning.script.run_pdm_score][INFO] - Processing stage two reactive scenario 71 / 204 in thread_id=57aa10e0-dc69-4c76-a5af-f13169946a3e, node_id=0
[2026-09-19 12:19:03,877][navsim.planning.script.run_pdm_score][INFO] - Processing stage two reactive scenario 72 / 204 in thread_id=57aa10e0-dc69-4c76-a5af-f13169946a3e, node_id=0
[2026-09-19 12:19:06,121][navsim.planning.script.run_pdm_score][INFO] - Processing stage two reactive scenario 73 / 204 in thread_id=57aa10e0-dc69-4c76-a5af-f13169946a3e, node_id=0
[2026-09-19 12:19:08,123][navsim.planning.script.run_pdm_score][INFO] - Processing stage two reactive scenario 74 / 204 in thread_id=57aa10e0-dc69-4c76-a5af-f13169946a3e, node_id=0
[2026-09-19 12:19:10,417][navsim.planning.script.run_pdm_score][INFO] - Processing stage two reactive scenario 75 / 204 in thread_id=57aa10e0-dc69-4c76-a5af-f13169946a3e, node_id=0
[2026-09-19 12:19:12,569][navsim.planning.script.run_pdm_score][INFO] - Processing stage two reactive scenario 76 / 204 in thread_id=57aa10e0-dc69-4c76-a5af-f13169946a3e, node_id=0
[2026-09-19 12:19:14,609][navsim.planning.script.run_pdm_score][INFO] - Processing stage two reactive scenario 77 / 204 in thread_id=57aa10e0-dc69-4c76-a5af-f13169946a3e, node_id=0
[2026-09-19 12:19:15,397][navsim.planning.script.run_pdm_score][INFO] - Processing stage two reactive scenario 78 / 204 in thread_id=57aa10e0-dc69-4c76-a5af-f13169946a3e, node_id=0
[2026-09-19 12:19:17,658][navsim.planning.script.run_pdm_score][INFO] - Processing stage two reactive scenario 79 / 204 in thread_id=57aa10e0-dc69-4c76-a5af-f13169946a3e, node_id=0
[2026-09-19 12:19:20,482][navsim.planning.script.run_pdm_score][INFO] - Processing stage two reactive scenario 80 / 204 in thread_id=57aa10e0-dc69-4c76-a5af-f13169946a3e, node_id=0
[2026-09-19 12:19:21,334][navsim.planning.script.run_pdm_score][INFO] - Processing stage two reactive scenario 81 / 204 in thread_id=57aa10e0-dc69-4c76-a5af-f13169946a3e, node_id=0
[2026-09-19 12:19:23,885][navsim.planning.script.run_pdm_score][INFO] - Processing stage two reactive scenario 82 / 204 in thread_id=57aa10e0-dc69-4c76-a5af-f13169946a3e, node_id=0
[2026-09-19 12:19:27,859][navsim.planning.script.run_pdm_score][INFO] - Processing stage two reactive scenario 83 / 204 in thread_id=57aa10e0-dc69-4c76-a5af-f13169946a3e, node_id=0
[2026-09-19 12:19:30,000][navsim.planning.script.run_pdm_score][INFO] - Processing stage two reactive scenario 84 / 204 in thread_id=57aa10e0-dc69-4c76-a5af-f13169946a3e, node_id=0
[2026-09-19 12:19:34,193][navsim.planning.script.run_pdm_score][INFO] - Processing stage two reactive scenario 85 / 204 in thread_id=57aa10e0-dc69-4c76-a5af-f13169946a3e, node_id=0
[2026-09-19 12:19:35,622][navsim.planning.script.run_pdm_score][INFO] - Processing stage two reactive scenario 86 / 204 in thread_id=57aa10e0-dc69-4c76-a5af-f13169946a3e, node_id=0
[2026-09-19 12:19:37,903][navsim.planning.script.run_pdm_score][INFO] - Processing stage two reactive scenario 87 / 204 in thread_id=57aa10e0-dc69-4c76-a5af-f13169946a3e, node_id=0
[2026-09-19 12:19:41,304][navsim.planning.script.run_pdm_score][INFO] - Processing stage two reactive scenario 88 / 204 in thread_id=57aa10e0-dc69-4c76-a5af-f13169946a3e, node_id=0
[2026-09-19 12:19:43,470][navsim.planning.script.run_pdm_score][INFO] - Processing stage two reactive scenario 89 / 204 in thread_id=57aa10e0-dc69-4c76-a5af-f13169946a3e, node_id=0
[2026-09-19 12:19:45,321][navsim.planning.script.run_pdm_score][INFO] - Processing stage two reactive scenario 90 / 204 in thread_id=57aa10e0-dc69-4c76-a5af-f13169946a3e, node_id=0
[2026-09-19 12:19:46,885][navsim.planning.script.run_pdm_score][INFO] - Processing stage two reactive scenario 91 / 204 in thread_id=57aa10e0-dc69-4c76-a5af-f13169946a3e, node_id=0
[2026-09-19 12:19:51,475][navsim.planning.script.run_pdm_score][INFO] - Processing stage two reactive scenario 92 / 204 in thread_id=57aa10e0-dc69-4c76-a5af-f13169946a3e, node_id=0
[2026-09-19 12:19:54,392][navsim.planning.script.run_pdm_score][INFO] - Processing stage two reactive scenario 93 / 204 in thread_id=57aa10e0-dc69-4c76-a5af-f13169946a3e, node_id=0
[2026-09-19 12:19:57,445][navsim.planning.script.run_pdm_score][INFO] - Processing stage two reactive scenario 94 / 204 in thread_id=57aa10e0-dc69-4c76-a5af-f13169946a3e, node_id=0
[2026-09-19 12:19:59,807][navsim.planning.script.run_pdm_score][INFO] - Processing stage two reactive scenario 95 / 204 in thread_id=57aa10e0-dc69-4c76-a5af-f13169946a3e, node_id=0
[2026-09-19 12:20:02,249][navsim.planning.script.run_pdm_score][INFO] - Processing stage two reactive scenario 96 / 204 in thread_id=57aa10e0-dc69-4c76-a5af-f13169946a3e, node_id=0
[2026-09-19 12:20:05,852][navsim.planning.script.run_pdm_score][INFO] - Processing stage two reactive scenario 97 / 204 in thread_id=57aa10e0-dc69-4c76-a5af-f13169946a3e, node_id=0
[2026-09-19 12:20:08,578][navsim.planning.script.run_pdm_score][INFO] - Processing stage two reactive scenario 98 / 204 in thread_id=57aa10e0-dc69-4c76-a5af-f13169946a3e, node_id=0
[2026-09-19 12:20:11,257][navsim.planning.script.run_pdm_score][INFO] - Processing stage two reactive scenario 99 / 204 in thread_id=57aa10e0-dc69-4c76-a5af-f13169946a3e, node_id=0
[2026-09-19 12:20:14,444][navsim.planning.script.run_pdm_score][INFO] - Processing stage two reactive scenario 100 / 204 in thread_id=57aa10e0-dc69-4c76-a5af-f13169946a3e, node_id=0
[2026-09-19 12:20:16,477][navsim.planning.script.run_pdm_score][INFO] - Processing stage two reactive scenario 101 / 204 in thread_id=57aa10e0-dc69-4c76-a5af-f13169946a3e, node_id=0
[2026-09-19 12:20:17,969][navsim.planning.script.run_pdm_score][INFO] - Processing stage two reactive scenario 102 / 204 in thread_id=57aa10e0-dc69-4c76-a5af-f13169946a3e, node_id=0
[2026-09-19 12:20:21,481][navsim.planning.script.run_pdm_score][INFO] - Processing stage two reactive scenario 103 / 204 in thread_id=57aa10e0-dc69-4c76-a5af-f13169946a3e, node_id=0
[2026-09-19 12:20:23,346][navsim.planning.script.run_pdm_score][INFO] - Processing stage two reactive scenario 104 / 204 in thread_id=57aa10e0-dc69-4c76-a5af-f13169946a3e, node_id=0
[2026-09-19 12:20:25,719][navsim.planning.script.run_pdm_score][INFO] - Processing stage two reactive scenario 105 / 204 in thread_id=57aa10e0-dc69-4c76-a5af-f13169946a3e, node_id=0
[2026-09-19 12:20:27,591][navsim.planning.script.run_pdm_score][INFO] - Processing stage two reactive scenario 106 / 204 in thread_id=57aa10e0-dc69-4c76-a5af-f13169946a3e, node_id=0
[2026-09-19 12:20:31,785][navsim.planning.script.run_pdm_score][INFO] - Processing stage two reactive scenario 107 / 204 in thread_id=57aa10e0-dc69-4c76-a5af-f13169946a3e, node_id=0
[2026-09-19 12:20:32,323][navsim.planning.script.run_pdm_score][INFO] - Processing stage two reactive scenario 108 / 204 in thread_id=57aa10e0-dc69-4c76-a5af-f13169946a3e, node_id=0
[2026-09-19 12:20:32,707][navsim.planning.script.run_pdm_score][INFO] - Processing stage two reactive scenario 109 / 204 in thread_id=57aa10e0-dc69-4c76-a5af-f13169946a3e, node_id=0
[2026-09-19 12:20:34,459][navsim.planning.script.run_pdm_score][INFO] - Processing stage two reactive scenario 110 / 204 in thread_id=57aa10e0-dc69-4c76-a5af-f13169946a3e, node_id=0
[2026-09-19 12:20:37,099][navsim.planning.script.run_pdm_score][INFO] - Processing stage two reactive scenario 111 / 204 in thread_id=57aa10e0-dc69-4c76-a5af-f13169946a3e, node_id=0
[2026-09-19 12:20:38,431][navsim.planning.script.run_pdm_score][INFO] - Processing stage two reactive scenario 112 / 204 in thread_id=57aa10e0-dc69-4c76-a5af-f13169946a3e, node_id=0
[2026-09-19 12:20:38,630][navsim.planning.script.run_pdm_score][INFO] - Processing stage two reactive scenario 113 / 204 in thread_id=57aa10e0-dc69-4c76-a5af-f13169946a3e, node_id=0
[2026-09-19 12:20:39,042][navsim.planning.script.run_pdm_score][INFO] - Processing stage two reactive scenario 114 / 204 in thread_id=57aa10e0-dc69-4c76-a5af-f13169946a3e, node_id=0
[2026-09-19 12:20:41,031][navsim.planning.script.run_pdm_score][INFO] - Processing stage two reactive scenario 115 / 204 in thread_id=57aa10e0-dc69-4c76-a5af-f13169946a3e, node_id=0
[2026-09-19 12:20:43,416][navsim.planning.script.run_pdm_score][INFO] - Processing stage two reactive scenario 116 / 204 in thread_id=57aa10e0-dc69-4c76-a5af-f13169946a3e, node_id=0
[2026-09-19 12:20:46,562][navsim.planning.script.run_pdm_score][INFO] - Processing stage two reactive scenario 117 / 204 in thread_id=57aa10e0-dc69-4c76-a5af-f13169946a3e, node_id=0
[2026-09-19 12:20:46,928][navsim.planning.script.run_pdm_score][INFO] - Processing stage two reactive scenario 118 / 204 in thread_id=57aa10e0-dc69-4c76-a5af-f13169946a3e, node_id=0
[2026-09-19 12:20:48,906][navsim.planning.script.run_pdm_score][INFO] - Processing stage two reactive scenario 119 / 204 in thread_id=57aa10e0-dc69-4c76-a5af-f13169946a3e, node_id=0
[2026-09-19 12:20:51,456][navsim.planning.script.run_pdm_score][INFO] - Processing stage two reactive scenario 120 / 204 in thread_id=57aa10e0-dc69-4c76-a5af-f13169946a3e, node_id=0
[2026-09-19 12:20:53,102][navsim.planning.script.run_pdm_score][INFO] - Processing stage two reactive scenario 121 / 204 in thread_id=57aa10e0-dc69-4c76-a5af-f13169946a3e, node_id=0
[2026-09-19 12:20:55,601][navsim.planning.script.run_pdm_score][INFO] - Processing stage two reactive scenario 122 / 204 in thread_id=57aa10e0-dc69-4c76-a5af-f13169946a3e, node_id=0
[2026-09-19 12:20:56,977][navsim.planning.script.run_pdm_score][INFO] - Processing stage two reactive scenario 123 / 204 in thread_id=57aa10e0-dc69-4c76-a5af-f13169946a3e, node_id=0
[2026-09-19 12:20:59,640][navsim.planning.script.run_pdm_score][INFO] - Processing stage two reactive scenario 124 / 204 in thread_id=57aa10e0-dc69-4c76-a5af-f13169946a3e, node_id=0
[2026-09-19 12:21:00,914][navsim.planning.script.run_pdm_score][INFO] - Processing stage two reactive scenario 125 / 204 in thread_id=57aa10e0-dc69-4c76-a5af-f13169946a3e, node_id=0
[2026-09-19 12:21:02,632][navsim.planning.script.run_pdm_score][INFO] - Processing stage two reactive scenario 126 / 204 in thread_id=57aa10e0-dc69-4c76-a5af-f13169946a3e, node_id=0
[2026-09-19 12:21:04,009][navsim.planning.script.run_pdm_score][INFO] - Processing stage two reactive scenario 127 / 204 in thread_id=57aa10e0-dc69-4c76-a5af-f13169946a3e, node_id=0
[2026-09-19 12:21:05,851][navsim.planning.script.run_pdm_score][INFO] - Processing stage two reactive scenario 128 / 204 in thread_id=57aa10e0-dc69-4c76-a5af-f13169946a3e, node_id=0
[2026-09-19 12:21:07,869][navsim.planning.script.run_pdm_score][INFO] - Processing stage two reactive scenario 129 / 204 in thread_id=57aa10e0-dc69-4c76-a5af-f13169946a3e, node_id=0
[2026-09-19 12:21:10,775][navsim.planning.script.run_pdm_score][INFO] - Processing stage two reactive scenario 130 / 204 in thread_id=57aa10e0-dc69-4c76-a5af-f13169946a3e, node_id=0
[2026-09-19 12:21:12,601][navsim.planning.script.run_pdm_score][INFO] - Processing stage two reactive scenario 131 / 204 in thread_id=57aa10e0-dc69-4c76-a5af-f13169946a3e, node_id=0
[2026-09-19 12:21:14,923][navsim.planning.script.run_pdm_score][INFO] - Processing stage two reactive scenario 132 / 204 in thread_id=57aa10e0-dc69-4c76-a5af-f13169946a3e, node_id=0
[2026-09-19 12:21:20,262][navsim.planning.script.run_pdm_score][INFO] - Processing stage two reactive scenario 133 / 204 in thread_id=57aa10e0-dc69-4c76-a5af-f13169946a3e, node_id=0
[2026-09-19 12:21:21,547][navsim.planning.script.run_pdm_score][INFO] - Processing stage two reactive scenario 134 / 204 in thread_id=57aa10e0-dc69-4c76-a5af-f13169946a3e, node_id=0
[2026-09-19 12:21:25,154][navsim.planning.script.run_pdm_score][INFO] - Processing stage two reactive scenario 135 / 204 in thread_id=57aa10e0-dc69-4c76-a5af-f13169946a3e, node_id=0
[2026-09-19 12:21:25,650][navsim.planning.script.run_pdm_score][INFO] - Processing stage two reactive scenario 136 / 204 in thread_id=57aa10e0-dc69-4c76-a5af-f13169946a3e, node_id=0
[2026-09-19 12:21:26,718][navsim.planning.script.run_pdm_score][INFO] - Processing stage two reactive scenario 137 / 204 in thread_id=57aa10e0-dc69-4c76-a5af-f13169946a3e, node_id=0
[2026-09-19 12:21:29,177][navsim.planning.script.run_pdm_score][INFO] - Processing stage two reactive scenario 138 / 204 in thread_id=57aa10e0-dc69-4c76-a5af-f13169946a3e, node_id=0
[2026-09-19 12:21:31,553][navsim.planning.script.run_pdm_score][INFO] - Processing stage two reactive scenario 139 / 204 in thread_id=57aa10e0-dc69-4c76-a5af-f13169946a3e, node_id=0
[2026-09-19 12:21:37,792][navsim.planning.script.run_pdm_score][INFO] - Processing stage two reactive scenario 140 / 204 in thread_id=57aa10e0-dc69-4c76-a5af-f13169946a3e, node_id=0
[2026-09-19 12:21:39,345][navsim.planning.script.run_pdm_score][INFO] - Processing stage two reactive scenario 141 / 204 in thread_id=57aa10e0-dc69-4c76-a5af-f13169946a3e, node_id=0
[2026-09-19 12:21:42,026][navsim.planning.script.run_pdm_score][INFO] - Processing stage two reactive scenario 142 / 204 in thread_id=57aa10e0-dc69-4c76-a5af-f13169946a3e, node_id=0
[2026-09-19 12:21:44,128][navsim.planning.script.run_pdm_score][INFO] - Processing stage two reactive scenario 143 / 204 in thread_id=57aa10e0-dc69-4c76-a5af-f13169946a3e, node_id=0
[2026-09-19 12:21:46,072][navsim.planning.script.run_pdm_score][INFO] - Processing stage two reactive scenario 144 / 204 in thread_id=57aa10e0-dc69-4c76-a5af-f13169946a3e, node_id=0
[2026-09-19 12:21:49,030][navsim.planning.script.run_pdm_score][INFO] - Processing stage two reactive scenario 145 / 204 in thread_id=57aa10e0-dc69-4c76-a5af-f13169946a3e, node_id=0
[2026-09-19 12:21:50,369][navsim.planning.script.run_pdm_score][INFO] - Processing stage two reactive scenario 146 / 204 in thread_id=57aa10e0-dc69-4c76-a5af-f13169946a3e, node_id=0
[2026-09-19 12:21:53,006][navsim.planning.script.run_pdm_score][INFO] - Processing stage two reactive scenario 147 / 204 in thread_id=57aa10e0-dc69-4c76-a5af-f13169946a3e, node_id=0
[2026-09-19 12:21:55,148][navsim.planning.script.run_pdm_score][INFO] - Processing stage two reactive scenario 148 / 204 in thread_id=57aa10e0-dc69-4c76-a5af-f13169946a3e, node_id=0
[2026-09-19 12:21:58,030][navsim.planning.script.run_pdm_score][INFO] - Processing stage two reactive scenario 149 / 204 in thread_id=57aa10e0-dc69-4c76-a5af-f13169946a3e, node_id=0
[2026-09-19 12:22:00,378][navsim.planning.script.run_pdm_score][INFO] - Processing stage two reactive scenario 150 / 204 in thread_id=57aa10e0-dc69-4c76-a5af-f13169946a3e, node_id=0
[2026-09-19 12:22:00,895][navsim.planning.script.run_pdm_score][INFO] - Processing stage two reactive scenario 151 / 204 in thread_id=57aa10e0-dc69-4c76-a5af-f13169946a3e, node_id=0
[2026-09-19 12:22:02,263][navsim.planning.script.run_pdm_score][INFO] - Processing stage two reactive scenario 152 / 204 in thread_id=57aa10e0-dc69-4c76-a5af-f13169946a3e, node_id=0
[2026-09-19 12:22:03,910][navsim.planning.script.run_pdm_score][INFO] - Processing stage two reactive scenario 153 / 204 in thread_id=57aa10e0-dc69-4c76-a5af-f13169946a3e, node_id=0
[2026-09-19 12:22:05,200][navsim.planning.script.run_pdm_score][INFO] - Processing stage two reactive scenario 154 / 204 in thread_id=57aa10e0-dc69-4c76-a5af-f13169946a3e, node_id=0
[2026-09-19 12:22:07,678][navsim.planning.script.run_pdm_score][INFO] - Processing stage two reactive scenario 155 / 204 in thread_id=57aa10e0-dc69-4c76-a5af-f13169946a3e, node_id=0
[2026-09-19 12:22:10,419][navsim.planning.script.run_pdm_score][INFO] - Processing stage two reactive scenario 156 / 204 in thread_id=57aa10e0-dc69-4c76-a5af-f13169946a3e, node_id=0
[2026-09-19 12:22:11,462][navsim.planning.script.run_pdm_score][INFO] - Processing stage two reactive scenario 157 / 204 in thread_id=57aa10e0-dc69-4c76-a5af-f13169946a3e, node_id=0
[2026-09-19 12:22:13,638][navsim.planning.script.run_pdm_score][INFO] - Processing stage two reactive scenario 158 / 204 in thread_id=57aa10e0-dc69-4c76-a5af-f13169946a3e, node_id=0
[2026-09-19 12:22:18,210][navsim.planning.script.run_pdm_score][INFO] - Processing stage two reactive scenario 159 / 204 in thread_id=57aa10e0-dc69-4c76-a5af-f13169946a3e, node_id=0
[2026-09-19 12:22:20,077][navsim.planning.script.run_pdm_score][INFO] - Processing stage two reactive scenario 160 / 204 in thread_id=57aa10e0-dc69-4c76-a5af-f13169946a3e, node_id=0
[2026-09-19 12:22:22,429][navsim.planning.script.run_pdm_score][INFO] - Processing stage two reactive scenario 161 / 204 in thread_id=57aa10e0-dc69-4c76-a5af-f13169946a3e, node_id=0
[2026-09-19 12:22:24,419][navsim.planning.script.run_pdm_score][INFO] - Processing stage two reactive scenario 162 / 204 in thread_id=57aa10e0-dc69-4c76-a5af-f13169946a3e, node_id=0
[2026-09-19 12:22:25,222][navsim.planning.script.run_pdm_score][INFO] - Processing stage two reactive scenario 163 / 204 in thread_id=57aa10e0-dc69-4c76-a5af-f13169946a3e, node_id=0
[2026-09-19 12:22:27,323][navsim.planning.script.run_pdm_score][INFO] - Processing stage two reactive scenario 164 / 204 in thread_id=57aa10e0-dc69-4c76-a5af-f13169946a3e, node_id=0
[2026-09-19 12:22:31,814][navsim.planning.script.run_pdm_score][INFO] - Processing stage two reactive scenario 165 / 204 in thread_id=57aa10e0-dc69-4c76-a5af-f13169946a3e, node_id=0
[2026-09-19 12:22:35,277][navsim.planning.script.run_pdm_score][INFO] - Processing stage two reactive scenario 166 / 204 in thread_id=57aa10e0-dc69-4c76-a5af-f13169946a3e, node_id=0
[2026-09-19 12:22:36,282][navsim.planning.script.run_pdm_score][INFO] - Processing stage two reactive scenario 167 / 204 in thread_id=57aa10e0-dc69-4c76-a5af-f13169946a3e, node_id=0
[2026-09-19 12:22:40,228][navsim.planning.script.run_pdm_score][INFO] - Processing stage two reactive scenario 168 / 204 in thread_id=57aa10e0-dc69-4c76-a5af-f13169946a3e, node_id=0
[2026-09-19 12:22:42,014][navsim.planning.script.run_pdm_score][INFO] - Processing stage two reactive scenario 169 / 204 in thread_id=57aa10e0-dc69-4c76-a5af-f13169946a3e, node_id=0
[2026-09-19 12:22:43,421][navsim.planning.script.run_pdm_score][INFO] - Processing stage two reactive scenario 170 / 204 in thread_id=57aa10e0-dc69-4c76-a5af-f13169946a3e, node_id=0
[2026-09-19 12:22:45,136][navsim.planning.script.run_pdm_score][INFO] - Processing stage two reactive scenario 171 / 204 in thread_id=57aa10e0-dc69-4c76-a5af-f13169946a3e, node_id=0
[2026-09-19 12:22:46,835][navsim.planning.script.run_pdm_score][INFO] - Processing stage two reactive scenario 172 / 204 in thread_id=57aa10e0-dc69-4c76-a5af-f13169946a3e, node_id=0
[2026-09-19 12:22:47,923][navsim.planning.script.run_pdm_score][INFO] - Processing stage two reactive scenario 173 / 204 in thread_id=57aa10e0-dc69-4c76-a5af-f13169946a3e, node_id=0
[2026-09-19 12:22:50,069][navsim.planning.script.run_pdm_score][INFO] - Processing stage two reactive scenario 174 / 204 in thread_id=57aa10e0-dc69-4c76-a5af-f13169946a3e, node_id=0
[2026-09-19 12:22:51,580][navsim.planning.script.run_pdm_score][INFO] - Processing stage two reactive scenario 175 / 204 in thread_id=57aa10e0-dc69-4c76-a5af-f13169946a3e, node_id=0
[2026-09-19 12:22:52,829][navsim.planning.script.run_pdm_score][INFO] - Processing stage two reactive scenario 176 / 204 in thread_id=57aa10e0-dc69-4c76-a5af-f13169946a3e, node_id=0
[2026-09-19 12:22:55,515][navsim.planning.script.run_pdm_score][INFO] - Processing stage two reactive scenario 177 / 204 in thread_id=57aa10e0-dc69-4c76-a5af-f13169946a3e, node_id=0
[2026-09-19 12:22:59,036][navsim.planning.script.run_pdm_score][INFO] - Processing stage two reactive scenario 178 / 204 in thread_id=57aa10e0-dc69-4c76-a5af-f13169946a3e, node_id=0
[2026-09-19 12:23:00,911][navsim.planning.script.run_pdm_score][INFO] - Processing stage two reactive scenario 179 / 204 in thread_id=57aa10e0-dc69-4c76-a5af-f13169946a3e, node_id=0
[2026-09-19 12:23:03,546][navsim.planning.script.run_pdm_score][INFO] - Processing stage two reactive scenario 180 / 204 in thread_id=57aa10e0-dc69-4c76-a5af-f13169946a3e, node_id=0
[2026-09-19 12:23:04,414][navsim.planning.script.run_pdm_score][INFO] - Processing stage two reactive scenario 181 / 204 in thread_id=57aa10e0-dc69-4c76-a5af-f13169946a3e, node_id=0
[2026-09-19 12:23:06,513][navsim.planning.script.run_pdm_score][INFO] - Processing stage two reactive scenario 182 / 204 in thread_id=57aa10e0-dc69-4c76-a5af-f13169946a3e, node_id=0
[2026-09-19 12:23:09,089][navsim.planning.script.run_pdm_score][INFO] - Processing stage two reactive scenario 183 / 204 in thread_id=57aa10e0-dc69-4c76-a5af-f13169946a3e, node_id=0
[2026-09-19 12:23:10,100][navsim.planning.script.run_pdm_score][INFO] - Processing stage two reactive scenario 184 / 204 in thread_id=57aa10e0-dc69-4c76-a5af-f13169946a3e, node_id=0
[2026-09-19 12:23:13,053][navsim.planning.script.run_pdm_score][INFO] - Processing stage two reactive scenario 185 / 204 in thread_id=57aa10e0-dc69-4c76-a5af-f13169946a3e, node_id=0
[2026-09-19 12:23:15,705][navsim.planning.script.run_pdm_score][INFO] - Processing stage two reactive scenario 186 / 204 in thread_id=57aa10e0-dc69-4c76-a5af-f13169946a3e, node_id=0
[2026-09-19 12:23:16,611][navsim.planning.script.run_pdm_score][INFO] - Processing stage two reactive scenario 187 / 204 in thread_id=57aa10e0-dc69-4c76-a5af-f13169946a3e, node_id=0
[2026-09-19 12:23:20,500][navsim.planning.script.run_pdm_score][INFO] - Processing stage two reactive scenario 188 / 204 in thread_id=57aa10e0-dc69-4c76-a5af-f13169946a3e, node_id=0
[2026-09-19 12:23:21,277][navsim.planning.script.run_pdm_score][INFO] - Processing stage two reactive scenario 189 / 204 in thread_id=57aa10e0-dc69-4c76-a5af-f13169946a3e, node_id=0
[2026-09-19 12:23:22,927][navsim.planning.script.run_pdm_score][INFO] - Processing stage two reactive scenario 190 / 204 in thread_id=57aa10e0-dc69-4c76-a5af-f13169946a3e, node_id=0
[2026-09-19 12:23:26,758][navsim.planning.script.run_pdm_score][INFO] - Processing stage two reactive scenario 191 / 204 in thread_id=57aa10e0-dc69-4c76-a5af-f13169946a3e, node_id=0
[2026-09-19 12:23:28,919][navsim.planning.script.run_pdm_score][INFO] - Processing stage two reactive scenario 192 / 204 in thread_id=57aa10e0-dc69-4c76-a5af-f13169946a3e, node_id=0
[2026-09-19 12:23:30,714][navsim.planning.script.run_pdm_score][INFO] - Processing stage two reactive scenario 193 / 204 in thread_id=57aa10e0-dc69-4c76-a5af-f13169946a3e, node_id=0
[2026-09-19 12:23:31,986][navsim.planning.script.run_pdm_score][INFO] - Processing stage two reactive scenario 194 / 204 in thread_id=57aa10e0-dc69-4c76-a5af-f13169946a3e, node_id=0
[2026-09-19 12:23:35,305][navsim.planning.script.run_pdm_score][INFO] - Processing stage two reactive scenario 195 / 204 in thread_id=57aa10e0-dc69-4c76-a5af-f13169946a3e, node_id=0
[2026-09-19 12:23:38,079][navsim.planning.script.run_pdm_score][INFO] - Processing stage two reactive scenario 196 / 204 in thread_id=57aa10e0-dc69-4c76-a5af-f13169946a3e, node_id=0
[2026-09-19 12:23:39,969][navsim.planning.script.run_pdm_score][INFO] - Processing stage two reactive scenario 197 / 204 in thread_id=57aa10e0-dc69-4c76-a5af-f13169946a3e, node_id=0
[2026-09-19 12:23:43,221][navsim.planning.script.run_pdm_score][INFO] - Processing stage two reactive scenario 198 / 204 in thread_id=57aa10e0-dc69-4c76-a5af-f13169946a3e, node_id=0
[2026-09-19 12:24:04,684][navsim.planning.script.run_pdm_score][INFO] - Processing stage two reactive scenario 199 / 204 in thread_id=57aa10e0-dc69-4c76-a5af-f13169946a3e, node_id=0
[2026-09-19 12:24:06,055][navsim.planning.script.run_pdm_score][INFO] - Processing stage two reactive scenario 200 / 204 in thread_id=57aa10e0-dc69-4c76-a5af-f13169946a3e, node_id=0
[2026-09-19 12:24:07,239][navsim.planning.script.run_pdm_score][INFO] - Processing stage two reactive scenario 201 / 204 in thread_id=57aa10e0-dc69-4c76-a5af-f13169946a3e, node_id=0
[2026-09-19 12:24:07,637][navsim.planning.script.run_pdm_score][INFO] - Processing stage two reactive scenario 202 / 204 in thread_id=57aa10e0-dc69-4c76-a5af-f13169946a3e, node_id=0
[2026-09-19 12:24:09,500][navsim.planning.script.run_pdm_score][INFO] - Processing stage two reactive scenario 203 / 204 in thread_id=57aa10e0-dc69-4c76-a5af-f13169946a3e, node_id=0
[2026-09-19 12:24:14,077][navsim.planning.script.run_pdm_score][INFO] - Processing stage two reactive scenario 204 / 204 in thread_id=57aa10e0-dc69-4c76-a5af-f13169946a3e, node_id=0
[2026-09-19 12:24:22,589][navsim.planning.script.run_pdm_score][INFO] - 
        Finished running evaluation.
            Number of successful scenarios: 220.
            Number of failed scenarios: 0.
            Final extended pdm score of valid results: 0.1853562745165113.
            Results are stored in: C:\Users\Admin\navsim\exp\e1\A1_cv_two_stage\2026.09.19.12.24.20.csv.
        
