[levers e2 hgb1] 92579 rows certified=False controls={'deranged_abs_le_0.01': False, 'target_ge_0.99': True, 'o1_ge_0.40': False} 2171.2s
  REG_s8_A30                       rho +0.211 nav +0.149 navRC-nav +0.131 FAIL
  L1_s15_A30                       rho +0.207 nav +0.149 navRC-nav +0.106 FAIL
  L2_s8_noheading_A30              rho +0.204 nav +0.149 navRC-nav +0.117 FAIL
  L3_s8_noised_A30                 rho +0.074 nav +0.149 navRC-nav +0.043 FAIL
  DIAG_L1L2_s15_noheading_A30      rho +0.204 nav +0.149 navRC-nav +0.099 FAIL
  REG_s8_A50                       rho +0.166 nav +0.149 navRC-nav +0.089 FAIL
  L1_s15_A50                       rho +0.177 nav +0.149 navRC-nav +0.083 FAIL
  L2_s8_noheading_A50              rho +0.175 nav +0.149 navRC-nav +0.083 FAIL
  L3_s8_noised_A50                 rho +0.108 nav +0.149 navRC-nav +0.050 FAIL
  DIAG_L1L2_s15_noheading_A50      rho +0.179 nav +0.149 navRC-nav +0.077 FAIL
  DIAG_heavy_s25_A50               rho +0.176 nav +0.149 navRC-nav +0.074 FAIL
  REG_s8_A80                       rho +0.147 nav +0.149 navRC-nav +0.070 FAIL
  L1_s15_A80                       rho +0.155 nav +0.149 navRC-nav +0.069 FAIL
  L2_s8_noheading_A80              rho +0.161 nav +0.149 navRC-nav +0.067 FAIL
  L3_s8_noised_A80                 rho +0.115 nav +0.149 navRC-nav +0.050 FAIL
  DIAG_L1L2_s15_noheading_A80      rho +0.161 nav +0.149 navRC-nav +0.067 FAIL
  REG_s8_B                         rho +0.169 nav +0.149 navRC-nav +0.058 FAIL
  L1_s15_B                         rho +0.167 nav +0.149 navRC-nav +0.062 FAIL
  L2_s8_noheading_B                rho +0.128 nav +0.149 navRC-nav +0.048 FAIL
  L3_s8_noised_B                   rho +0.139 nav +0.149 navRC-nav +0.040 FAIL
  DIAG_L1L2_s15_noheading_B        rho +0.129 nav +0.149 navRC-nav +0.047 FAIL
