[levers e2 ols] 92579 rows certified=True controls={'deranged_abs_le_0.01': True, 'target_ge_0.99': True, 'o1_ge_0.40': False} 57.6s
  REG_s8_A30                       rho +0.005 nav +0.040 navRC-nav +0.010 PASS
  L1_s15_A30                       rho +0.003 nav +0.040 navRC-nav +0.005 PASS
  L2_s8_noheading_A30              rho +0.007 nav +0.040 navRC-nav +0.012 PASS
  L3_s8_noised_A30                 rho +0.004 nav +0.040 navRC-nav +0.008 PASS
  DIAG_L1L2_s15_noheading_A30      rho +0.006 nav +0.040 navRC-nav +0.008 PASS
  REG_s8_A50                       rho +0.007 nav +0.040 navRC-nav +0.006 PASS
  L1_s15_A50                       rho +0.007 nav +0.040 navRC-nav +0.005 PASS
  L2_s8_noheading_A50              rho +0.007 nav +0.040 navRC-nav +0.006 PASS
  L3_s8_noised_A50                 rho +0.007 nav +0.040 navRC-nav +0.006 PASS
  DIAG_L1L2_s15_noheading_A50      rho +0.008 nav +0.040 navRC-nav +0.006 PASS
  DIAG_heavy_s25_A50               rho +0.010 nav +0.040 navRC-nav +0.006 PASS
  REG_s8_A80                       rho +0.016 nav +0.040 navRC-nav +0.009 PASS
  L1_s15_A80                       rho +0.017 nav +0.040 navRC-nav +0.010 PASS
  L2_s8_noheading_A80              rho +0.016 nav +0.040 navRC-nav +0.009 PASS
  L3_s8_noised_A80                 rho +0.016 nav +0.040 navRC-nav +0.009 PASS
  DIAG_L1L2_s15_noheading_A80      rho +0.017 nav +0.040 navRC-nav +0.010 PASS
  REG_s8_B                         rho +0.001 nav +0.040 navRC-nav +0.010 PASS
  L1_s15_B                         rho +0.001 nav +0.040 navRC-nav +0.007 PASS
  L2_s8_noheading_B                rho +0.002 nav +0.040 navRC-nav +0.011 PASS
  L3_s8_noised_B                   rho +0.001 nav +0.040 navRC-nav +0.009 PASS
  DIAG_L1L2_s15_noheading_B        rho +0.002 nav +0.040 navRC-nav +0.009 PASS
