[levers e2 hgb2] 92579 rows certified=False controls={'deranged_abs_le_0.01': False, 'target_ge_0.99': True, 'o1_ge_0.40': False} 2134.8s
  REG_s8_A30                       rho +0.211 nav +0.171 navRC-nav +0.119 FAIL
  L1_s15_A30                       rho +0.206 nav +0.171 navRC-nav +0.090 FAIL
  L2_s8_noheading_A30              rho +0.205 nav +0.171 navRC-nav +0.105 FAIL
  L3_s8_noised_A30                 rho +0.075 nav +0.171 navRC-nav +0.036 FAIL
  DIAG_L1L2_s15_noheading_A30      rho +0.204 nav +0.171 navRC-nav +0.088 FAIL
  REG_s8_A50                       rho +0.167 nav +0.171 navRC-nav +0.078 FAIL
  L1_s15_A50                       rho +0.179 nav +0.171 navRC-nav +0.071 FAIL
  L2_s8_noheading_A50              rho +0.175 nav +0.171 navRC-nav +0.072 FAIL
  L3_s8_noised_A50                 rho +0.109 nav +0.171 navRC-nav +0.043 FAIL
  DIAG_L1L2_s15_noheading_A50      rho +0.181 nav +0.171 navRC-nav +0.066 FAIL
  DIAG_heavy_s25_A50               rho +0.177 nav +0.171 navRC-nav +0.063 FAIL
  REG_s8_A80                       rho +0.149 nav +0.171 navRC-nav +0.059 FAIL
  L1_s15_A80                       rho +0.160 nav +0.171 navRC-nav +0.059 FAIL
  L2_s8_noheading_A80              rho +0.164 nav +0.171 navRC-nav +0.059 FAIL
  L3_s8_noised_A80                 rho +0.120 nav +0.171 navRC-nav +0.045 FAIL
  DIAG_L1L2_s15_noheading_A80      rho +0.165 nav +0.171 navRC-nav +0.057 FAIL
  REG_s8_B                         rho +0.174 nav +0.171 navRC-nav +0.052 FAIL
  L1_s15_B                         rho +0.174 nav +0.171 navRC-nav +0.052 FAIL
  L2_s8_noheading_B                rho +0.134 nav +0.171 navRC-nav +0.043 FAIL
  L3_s8_noised_B                   rho +0.145 nav +0.171 navRC-nav +0.036 FAIL
  DIAG_L1L2_s15_noheading_B        rho +0.138 nav +0.171 navRC-nav +0.043 FAIL
