/home/nvidia/refcv8_v9labels/build_v9_labels.py:552: RuntimeWarning: All-NaN slice encountered
  dl = np.where(n >= 2, np.nanmedian(np.where(both, yl, np.nan), axis=1), np.nan)
/home/nvidia/refcv8_v9labels/build_v9_labels.py:553: RuntimeWarning: All-NaN slice encountered
  dr = np.where(n >= 2, np.nanmedian(np.where(both, yr, np.nan), axis=1), np.nan)
[lc-pass] 1/4369 0s
[lc-pass] 101/4369 18s
[lc-pass] 201/4369 36s
[lc-pass] 301/4369 53s
[lc-pass] 401/4369 71s
[lc-pass] 501/4369 88s
[lc-pass] 601/4369 106s
[lc-pass] 701/4369 124s
[lc-pass] 801/4369 142s
[lc-pass] 901/4369 159s
[lc-pass] 1001/4369 177s
[lc-pass] 1101/4369 194s
[lc-pass] 1201/4369 211s
[lc-pass] 1301/4369 228s
[lc-pass] 1401/4369 246s
[lc-pass] 1501/4369 263s
[lc-pass] 1601/4369 280s
[lc-pass] 1701/4369 297s
[lc-pass] 1801/4369 314s
[lc-pass] 1901/4369 331s
[lc-pass] 2001/4369 349s
[lc-pass] 2101/4369 366s
[lc-pass] 2201/4369 383s
[lc-pass] 2301/4369 400s
[lc-pass] 2401/4369 418s
[lc-pass] 2501/4369 436s
[lc-pass] 2601/4369 453s
[lc-pass] 2701/4369 470s
[lc-pass] 2801/4369 487s
[lc-pass] 2901/4369 505s
[lc-pass] 3001/4369 522s
[lc-pass] 3101/4369 539s
[lc-pass] 3201/4369 556s
[lc-pass] 3301/4369 574s
[lc-pass] 3401/4369 592s
[lc-pass] 3501/4369 609s
[lc-pass] 3601/4369 627s
[lc-pass] 3701/4369 644s
[lc-pass] 3801/4369 661s
[lc-pass] 3901/4369 679s
[lc-pass] 4001/4369 697s
[lc-pass] 4101/4369 714s
[lc-pass] 4201/4369 731s
[lc-pass] 4301/4369 748s
[lc-pass] done 4369 files 761s -> lc_train.npz
