[v3] anchors: artifact anchors (117, 8, 2), controls (117, 2), units=alat (cli-override-legacy-file), horizon_s=None, dt=None, ref_speed_ms=None, kappa_cap=None, alat_v_floor=None, schema=None
[v3] anchors: loaded (117, 8, 2) from C:\Users\Admin\run_wbank\refc_anchors_6s_v0cond_alat_117.pt (sha256 51f930dc6f3564ff)
[v3] anchors: v0-CONDITIONED, controls (117, 2) (accel, lateral accel), units=alat (source: cli-override-legacy-file), rolled per window; withheld rows at 10.0 m/s. straight-ahead control present: True
[parity] ⚠ NON-PARITY corpus for *train* cache: C:\Users\Admin\tanitad-data\physicalai\_epcache\physicalai-train-14231cd29c74 references no registered parity key (physicalai-train-e438721ae894 / physicalai-val-0c5f7dac3b11). Results off it are NOT cross-arm comparable with the parity arms.
[v3] 48 episodes from C:\Users\Admin\tanitad-data\physicalai\_epcache\physicalai-train-14231cd29c74
[v3] 48 episodes -> 8199 windows (window 8, max_horizon 20, image_hw (256, 256), tac_vocab kin3)
[v3] u8_batches=False: frames+future_frames = 0.793 GB per collated batch (float32), <= 1 in flight -> ~0.79 GB
[v3] withheld bank: mode=fixed warmup=0 speed_max=35.0 m/s pool=None
[v3:hier] step 50 loss 35.7333 traj 4.4483
[v3:hier] step 100 loss 22.8288 traj 2.6138
[v3:hier] step 150 loss 17.3173 traj 1.9888
[v3:hier] step 200 loss 17.7648 traj 1.8298
[v3:hier] step 250 loss 15.9167 traj 1.8434
[v3:hier] step 300 loss 17.2446 traj 1.5179
[v3:hier] step 350 loss 16.7110 traj 1.7208
[v3:hier] step 400 loss 11.5098 traj 1.2781
[v3:hier] step 450 loss 15.8040 traj 1.5543
[v3:hier] step 500 loss 17.2501 traj 1.5994
[v3:hier] step 550 loss 12.1853 traj 1.4539
[v3:hier] step 600 loss 15.2345 traj 1.4311
[v3:hier] step 650 loss 21.8627 traj 1.5834
[v3:hier] step 700 loss 12.4586 traj 1.5565
[v3:hier] step 750 loss 12.6181 traj 1.2596
[v3:hier] step 800 loss 12.0781 traj 1.0944
[v3:hier] step 850 loss 14.2119 traj 1.3112
[v3:hier] step 900 loss 13.6924 traj 1.6699
[v3:hier] step 950 loss 10.7069 traj 1.2805
[v3:hier] step 1000 loss 13.3516 traj 1.8412
[v3:hier] step 1050 loss 9.8284 traj 1.3426
[v3:hier] step 1100 loss 10.5965 traj 1.3467
[v3:hier] step 1150 loss 9.9474 traj 1.0282
[v3:hier] step 1200 loss 9.7700 traj 1.4259
[v3:hier] step 1250 loss 9.7914 traj 1.2903
[v3:hier] step 1300 loss 10.5691 traj 1.1213
[v3:hier] step 1350 loss 10.0593 traj 1.3140
[v3:hier] step 1400 loss 9.2977 traj 1.0537
[v3:hier] step 1450 loss 7.1906 traj 1.0551
[v3:hier] step 1500 loss 7.2248 traj 0.8180
[v3:hier] step 1550 loss 10.2704 traj 1.2636
[v3:hier] step 1600 loss 7.6206 traj 0.8957
[v3:hier] step 1650 loss 6.4848 traj 0.9252
[v3:hier] step 1700 loss 8.1619 traj 0.8061
[v3:hier] step 1750 loss 8.4158 traj 1.2129
[v3:hier] step 1800 loss 6.2828 traj 0.9393
[v3:hier] step 1850 loss 6.8434 traj 1.0243
[v3:hier] step 1900 loss 7.7677 traj 1.0849
[v3:hier] step 1950 loss 6.7206 traj 1.0197
[v3:hier] step 2000 loss 7.0433 traj 0.9588
[v3:hier] ckpt step 2000 -> ckpt.pt
[v3:hier] DONE at 2000 — summary.json written
