==============================================================================
FILE        D:\Projects\TanitAD\FlyWheels\TanitAD_EvalFlyWheel\incoming\2026-09-26-refcv6-map-video\raw\refcv6_map_step35000.fixed.mp4
size        20,551,884 B = 19.60 MiB   [UNDER the 30 MiB delivery limit]
codec       h264 / High pix=yuv420p
dimensions  1920x1200   (container metadata)
avg_fps     10.000      duration 58.80 s
DECODED     588 frames   decode_clean=True
consistency n/fps = 58.80 s vs container 58.80 s
==============================================================================

{
 "what": "caption correction of the step-35,000 map video (D-REFCV6-EQUALIZE-DROPPED)",
 "frames_patched": 513,
 "caption_box_xyxy": [
  220,
  459,
  1038,
  475
 ],
 "pixels_changed_outside_box": 0,
 "old": "\u2193 bottom 43 rows are ZEROED inside the trunk (--equalize-bottom-rows 43)",
 "new": "\u2193 bottom 43 rows: NOT zeroed by the trunk (--equalize-bottom-rows 43 dropped by the config rebuild, refc_v3_train.py:381/:459); the BEV lift treats them as unobserved",
 "mp4": "D:\\Projects\\TanitAD\\FlyWheels\\TanitAD_EvalFlyWheel\\incoming\\2026-09-26-refcv6-map-video\\raw\\refcv6_map_step35000.mp4",
 "bytes": 20551884
}
EXIT=0
