[mapvid:gate] {"ok": true, "gpu_used_mib": 1395, "python_compute": [], "self_pids_excluded": [47644], "free_ram_gb": 13.63, "rule": "used<4300 MiB, no other python compute, free RAM>=8.0 GB", "t": "2026-09-26T20:26:15"}
[mapvid] mode=render device=cuda RAM available 13.68 GB, floor 8.0
[mapvid] ckpt md5 68a4ef3bbb0a3ec707b04f0fb2b6b86f (== expected), config md5 a3193a4685ce0d07a6ae6b89fdc994a8 (== expected); in-run eval_map_iou_drivable @ 35000 = 0.67745
[v3] anchors: artifact anchors (117, 8, 2), controls (117, 2), units=alat (file), schedule=constant, horizon_s=6.0, dt=0.1, ref_speed_ms=10.0, kappa_cap=0.12, alat_v_floor=4.0, schema=tanitad.anchor_artifact/1
[v3] rig camera = PER-CLIP EXTRINSICS from D:\refcv6_eval_kit\data\refcv6_train_eval139_extrinsics.json (4508 clips, z 1.203-1.687 m, pitch -0.0755..+0.0683 rad)
[v3] ⚠️ a rig camera is built but --agent-w-project and --agent-w-ground are both 0: neither monocular term contributes. That is a legal ablation baseline and the stamp records it, but it is not a projection arm.
[v3] refcv6 coupling (1) ON: d_bev=96 learned_offsets=False offset_max_m=2 -> 4 decoder layers
[v3] withheld bank: mode=fixed warmup=0 speed_max=35.0 m/s pool=None
[mapvid] model built (2.3 s) step 35000 strict 0/0, window 8, horizons (5, 10, 15, 20, 30, 40, 50, 60), mode diffusion, sampler ddim, steps 2, valid-mask True, RAM avail 12.85 GB
[v2] D:\refcv6_eval_kit\data\refcv6-b1-416x1024-eval139: 139 providers (channels 9, 416x1024 px), episode ids from 'episode_uid' [collision-free; the as-built 16-bit ids would give only 139 distinct for 139 clips]
[v2] 139 providers, 139 distinct episode ids
[v3] nav_from_v7: follow 88 / left 13 / right 38, missing 0 (of 139 clips; md5=eefc38d1453bd1c73802d44d45affced)
[v3] max_speed_input_v6 (4-way one-hot): 147/147 sidecar rows carry a ceiling, 23772/23772 windows fed (100.0 %), 1 clips ABOVE the 120 km/h top step (clamped, and on those the fed ceiling is one the ego demonstrably exceeded)
[mapvid] selection: 137/139 clips fully covered; chosen left=693335b810c3 (171 w), right=0191487845ef (171 w), follow=00213e99adca (171 w)  [0.3 s]
[v2] D:\refcv6_eval_kit\data\refcv6-b1-416x1024-eval139: 139 providers (channels 9, 416x1024 px), episode ids from 'episode_uid' [collision-free; the as-built 16-bit ids would give only 139 distinct for 139 clips]
[v2] 139 providers, 139 distinct episode ids
[v3] nav_from_v7: follow 1 / left 1 / right 1, missing 0 (of 3 clips; md5=eefc38d1453bd1c73802d44d45affced)
[v3] max_speed_input_v6 (4-way one-hot): 147/147 sidecar rows carry a ceiling, 513/513 windows fed (100.0 %), 1 clips ABOVE the 120 km/h top step (clamped, and on those the fed ceiling is one the ego demonstrably exceeded)
[v3] SAM3 map GT: 513/513 windows covered (1.0000, floor 0.90, verdict PASS) over 3 clips; states {'ok': 513, 'no_file': 0, 'frame_out_of_range': 0, 'inconclusive': 0}; layouts ['flat_sha12']
[mapvid] render dataset: 3 episodes -> 513 windows; map_gt {"ok": 513, "no_file": 0, "frame_out_of_range": 0, "inconclusive": 0}; RAM avail 12.88 GB
[clip 1/3] 693335b810c3 nav=left windows 171/171; 416x1024 cylindrical f_ref 488.924 · cam h 1.363 m, fwd 2.003 m, pitch-down +1.75° (MEASURED per-clip)
  [draw-independence] {"seeds": [0, 1], "map_logits_max_abs_diff": 0.0, "drivable_mask_identical": true, "argmax_identical": true, "iou_seed_a": 0.7770034843205574, "iou_seed_b": 0.7770034843205574, "traj_max_abs_diff_m": 0.3528919219970703}
  w001/171 t=0 iou 0.7770 mean 0.7770 pooled 0.7770 | ctl 1.0000/0.9960 flip 0.667 | 1.2 s | RAM 11.6 GB
  w002/171 t=1 iou 0.7679 mean 0.7724 pooled 0.7724 | ctl 1.0000/0.9961 flip 0.665 | 0.4 s | RAM 11.5 GB
  w003/171 t=2 iou 0.7859 mean 0.7769 pooled 0.7769 | ctl 1.0000/0.9961 flip 0.666 | 0.4 s | RAM 11.5 GB
  w004/171 t=3 iou 0.7859 mean 0.7792 pooled 0.7791 | ctl 1.0000/0.9961 flip 0.668 | 0.4 s | RAM 11.5 GB
  w005/171 t=4 iou 0.8055 mean 0.7844 pooled 0.7843 | ctl 1.0000/0.9961 flip 0.664 | 0.4 s | RAM 11.6 GB
  w006/171 t=5 iou 0.7993 mean 0.7869 pooled 0.7868 | ctl 1.0000/0.9961 flip 0.660 | 0.4 s | RAM 11.6 GB
  w007/171 t=6 iou 0.8148 mean 0.7909 pooled 0.7908 | ctl 1.0000/0.9961 flip 0.654 | 0.4 s | RAM 11.6 GB
  w008/171 t=7 iou 0.8085 mean 0.7931 pooled 0.7930 | ctl 1.0000/0.9961 flip 0.650 | 0.4 s | RAM 11.6 GB
  w009/171 t=8 iou 0.8105 mean 0.7950 pooled 0.7949 | ctl 1.0000/0.9977 flip 0.653 | 0.4 s | RAM 11.6 GB
  w010/171 t=9 iou 0.8012 mean 0.7957 pooled 0.7955 | ctl 1.0000/0.9961 flip 0.651 | 0.4 s | RAM 11.6 GB
  w011/171 t=10 iou 0.8100 mean 0.7970 pooled 0.7969 | ctl 1.0000/0.9961 flip 0.652 | 0.4 s | RAM 11.6 GB
  w012/171 t=11 iou 0.8157 mean 0.7985 pooled 0.7985 | ctl 1.0000/0.9969 flip 0.665 | 0.4 s | RAM 11.6 GB
  w013/171 t=12 iou 0.8091 mean 0.7993 pooled 0.7993 | ctl 1.0000/0.9929 flip 0.677 | 0.4 s | RAM 11.6 GB
  w014/171 t=13 iou 0.8056 mean 0.7998 pooled 0.7997 | ctl 1.0000/0.9891 flip 0.678 | 0.4 s | RAM 11.6 GB
  w015/171 t=14 iou 0.8092 mean 0.8004 pooled 0.8004 | ctl 1.0000/0.9992 flip 0.685 | 0.4 s | RAM 11.6 GB
  w016/171 t=15 iou 0.8196 mean 0.8016 pooled 0.8016 | ctl 1.0000/0.9984 flip 0.690 | 0.4 s | RAM 11.6 GB
  w017/171 t=16 iou 0.8258 mean 0.8030 pooled 0.8030 | ctl 1.0000/0.9984 flip 0.690 | 0.4 s | RAM 11.6 GB
  w018/171 t=17 iou 0.8163 mean 0.8038 pooled 0.8037 | ctl 1.0000/0.9969 flip 0.687 | 0.4 s | RAM 11.6 GB
  w019/171 t=18 iou 0.8192 mean 0.8046 pooled 0.8046 | ctl 1.0000/0.9977 flip 0.688 | 0.4 s | RAM 11.6 GB
  w020/171 t=19 iou 0.8154 mean 0.8051 pooled 0.8051 | ctl 1.0000/0.9977 flip 0.680 | 0.4 s | RAM 11.6 GB
  w021/171 t=20 iou 0.8061 mean 0.8052 pooled 0.8052 | ctl 1.0000/0.9977 flip 0.674 | 0.4 s | RAM 11.6 GB
  w022/171 t=21 iou 0.8172 mean 0.8057 pooled 0.8057 | ctl 1.0000/0.9977 flip 0.675 | 0.4 s | RAM 11.6 GB
  w023/171 t=22 iou 0.8283 mean 0.8067 pooled 0.8067 | ctl 1.0000/0.9969 flip 0.674 | 0.4 s | RAM 11.5 GB
  w024/171 t=23 iou 0.8185 mean 0.8072 pooled 0.8072 | ctl 1.0000/0.9953 flip 0.685 | 0.4 s | RAM 11.6 GB
  w025/171 t=24 iou 0.8205 mean 0.8077 pooled 0.8077 | ctl 1.0000/0.9969 flip 0.682 | 0.4 s | RAM 11.5 GB
  w026/171 t=25 iou 0.8021 mean 0.8075 pooled 0.8075 | ctl 1.0000/0.9984 flip 0.678 | 0.4 s | RAM 11.6 GB
  w027/171 t=26 iou 0.8109 mean 0.8076 pooled 0.8076 | ctl 1.0000/0.9984 flip 0.678 | 0.4 s | RAM 11.6 GB
  w028/171 t=27 iou 0.8092 mean 0.8077 pooled 0.8077 | ctl 1.0000/0.9977 flip 0.677 | 0.4 s | RAM 11.6 GB
  w029/171 t=28 iou 0.8082 mean 0.8077 pooled 0.8077 | ctl 1.0000/0.9977 flip 0.676 | 0.4 s | RAM 11.6 GB
  w030/171 t=29 iou 0.8135 mean 0.8079 pooled 0.8079 | ctl 1.0000/0.9977 flip 0.677 | 0.4 s | RAM 11.6 GB
  w031/171 t=30 iou 0.8163 mean 0.8082 pooled 0.8081 | ctl 1.0000/0.9977 flip 0.681 | 0.4 s | RAM 11.6 GB
  w032/171 t=31 iou 0.8057 mean 0.8081 pooled 0.8081 | ctl 1.0000/0.9977 flip 0.684 | 0.4 s | RAM 11.6 GB
  w033/171 t=32 iou 0.8071 mean 0.8081 pooled 0.8080 | ctl 1.0000/0.9992 flip 0.687 | 0.4 s | RAM 11.6 GB
  w034/171 t=33 iou 0.8037 mean 0.8079 pooled 0.8079 | ctl 1.0000/0.9992 flip 0.688 | 0.4 s | RAM 11.6 GB
  w035/171 t=34 iou 0.8048 mean 0.8079 pooled 0.8078 | ctl 1.0000/1.0000 flip 0.690 | 0.4 s | RAM 11.6 GB
  w036/171 t=35 iou 0.8032 mean 0.8077 pooled 0.8077 | ctl 1.0000/0.9978 flip 0.691 | 0.4 s | RAM 11.6 GB
  w037/171 t=36 iou 0.8116 mean 0.8078 pooled 0.8078 | ctl 1.0000/0.9970 flip 0.692 | 0.4 s | RAM 11.6 GB
  w038/171 t=37 iou 0.8130 mean 0.8080 pooled 0.8079 | ctl 1.0000/0.9963 flip 0.696 | 0.4 s | RAM 11.6 GB
  w039/171 t=38 iou 0.8116 mean 0.8081 pooled 0.8080 | ctl 1.0000/0.9949 flip 0.704 | 0.4 s | RAM 11.6 GB
  w040/171 t=39 iou 0.8202 mean 0.8084 pooled 0.8083 | ctl 1.0000/0.9891 flip 0.715 | 0.4 s | RAM 11.6 GB
  w041/171 t=40 iou 0.8047 mean 0.8083 pooled 0.8083 | ctl 1.0000/0.9964 flip 0.721 | 0.4 s | RAM 11.6 GB
  w042/171 t=41 iou 0.8319 mean 0.8088 pooled 0.8088 | ctl 1.0000/0.9964 flip 0.730 | 0.4 s | RAM 11.6 GB
  w043/171 t=42 iou 0.8306 mean 0.8093 pooled 0.8093 | ctl 1.0000/0.9942 flip 0.728 | 0.4 s | RAM 11.6 GB
  w044/171 t=43 iou 0.8315 mean 0.8098 pooled 0.8099 | ctl 1.0000/0.9919 flip 0.737 | 0.4 s | RAM 11.6 GB
  w045/171 t=44 iou 0.8256 mean 0.8102 pooled 0.8102 | ctl 1.0000/0.9898 flip 0.729 | 0.4 s | RAM 11.6 GB
  w046/171 t=45 iou 0.8211 mean 0.8104 pooled 0.8105 | ctl 1.0000/0.9978 flip 0.720 | 0.4 s | RAM 11.6 GB
  w047/171 t=46 iou 0.8170 mean 0.8106 pooled 0.8106 | ctl 1.0000/0.9949 flip 0.716 | 0.4 s | RAM 11.6 GB
  w048/171 t=47 iou 0.8268 mean 0.8109 pooled 0.8110 | ctl 1.0000/0.9993 flip 0.729 | 0.4 s | RAM 11.5 GB
  w049/171 t=48 iou 0.8057 mean 0.8108 pooled 0.8108 | ctl 1.0000/0.9934 flip 0.711 | 0.4 s | RAM 11.5 GB
  w050/171 t=49 iou 0.8113 mean 0.8108 pooled 0.8108 | ctl 1.0000/0.9949 flip 0.714 | 0.4 s | RAM 11.5 GB
  w051/171 t=50 iou 0.8191 mean 0.8110 pooled 0.8110 | ctl 1.0000/0.9964 flip 0.724 | 0.4 s | RAM 11.5 GB
  w052/171 t=51 iou 0.8154 mean 0.8111 pooled 0.8111 | ctl 1.0000/0.9942 flip 0.722 | 0.4 s | RAM 11.5 GB
  w053/171 t=52 iou 0.8021 mean 0.8109 pooled 0.8109 | ctl 1.0000/0.9941 flip 0.718 | 0.4 s | RAM 11.5 GB
  w054/171 t=53 iou 0.8125 mean 0.8109 pooled 0.8110 | ctl 1.0000/0.9971 flip 0.719 | 0.4 s | RAM 11.6 GB
  w055/171 t=54 iou 0.8213 mean 0.8111 pooled 0.8111 | ctl 1.0000/0.9978 flip 0.734 | 0.4 s | RAM 11.6 GB
  w056/171 t=55 iou 0.8076 mean 0.8110 pooled 0.8111 | ctl 1.0000/0.9978 flip 0.730 | 0.4 s | RAM 11.6 GB
  w057/171 t=56 iou 0.8089 mean 0.8110 pooled 0.8110 | ctl 1.0000/0.9963 flip 0.737 | 0.4 s | RAM 11.6 GB
  w058/171 t=57 iou 0.7968 mean 0.8108 pooled 0.8108 | ctl 1.0000/0.9978 flip 0.737 | 0.4 s | RAM 11.6 GB
  w059/171 t=58 iou 0.8005 mean 0.8106 pooled 0.8106 | ctl 1.0000/0.9920 flip 0.740 | 0.4 s | RAM 11.6 GB
  w060/171 t=59 iou 0.8008 mean 0.8104 pooled 0.8104 | ctl 1.0000/0.9876 flip 0.736 | 0.4 s | RAM 11.6 GB
  w061/171 t=60 iou 0.8077 mean 0.8104 pooled 0.8104 | ctl 1.0000/0.9875 flip 0.739 | 0.4 s | RAM 11.6 GB
  w062/171 t=61 iou 0.7985 mean 0.8102 pooled 0.8102 | ctl 1.0000/0.9934 flip 0.729 | 0.4 s | RAM 11.6 GB
  w063/171 t=62 iou 0.8017 mean 0.8101 pooled 0.8101 | ctl 1.0000/0.9956 flip 0.731 | 0.4 s | RAM 11.5 GB
  w064/171 t=63 iou 0.8007 mean 0.8099 pooled 0.8099 | ctl 1.0000/0.9948 flip 0.721 | 0.4 s | RAM 11.5 GB
  w065/171 t=64 iou 0.7892 mean 0.8096 pooled 0.8096 | ctl 1.0000/0.9941 flip 0.720 | 0.4 s | RAM 11.5 GB
  w066/171 t=65 iou 0.7913 mean 0.8093 pooled 0.8093 | ctl 1.0000/0.9948 flip 0.713 | 0.4 s | RAM 11.5 GB
  w067/171 t=66 iou 0.7922 mean 0.8091 pooled 0.8090 | ctl 1.0000/0.9948 flip 0.705 | 0.4 s | RAM 11.5 GB
  w068/171 t=67 iou 0.7971 mean 0.8089 pooled 0.8088 | ctl 1.0000/0.9941 flip 0.706 | 0.4 s | RAM 11.5 GB
  w069/171 t=68 iou 0.7966 mean 0.8087 pooled 0.8087 | ctl 1.0000/0.9911 flip 0.694 | 0.4 s | RAM 11.5 GB
  w070/171 t=69 iou 0.7987 mean 0.8086 pooled 0.8085 | ctl 1.0000/0.9897 flip 0.684 | 0.4 s | RAM 11.5 GB
  w071/171 t=70 iou 0.7943 mean 0.8084 pooled 0.8083 | ctl 1.0000/0.9882 flip 0.681 | 0.4 s | RAM 11.5 GB
  w072/171 t=71 iou 0.7898 mean 0.8081 pooled 0.8080 | ctl 1.0000/0.9874 flip 0.671 | 0.4 s | RAM 11.5 GB
  w073/171 t=72 iou 0.7838 mean 0.8078 pooled 0.8077 | ctl 1.0000/0.9911 flip 0.660 | 0.4 s | RAM 11.5 GB
  w074/171 t=73 iou 0.7777 mean 0.8074 pooled 0.8072 | ctl 1.0000/0.9911 flip 0.653 | 0.4 s | RAM 11.5 GB
  w075/171 t=74 iou 0.7794 mean 0.8070 pooled 0.8068 | ctl 1.0000/0.9926 flip 0.634 | 0.4 s | RAM 11.5 GB
  w076/171 t=75 iou 0.7799 mean 0.8066 pooled 0.8065 | ctl 1.0000/0.9903 flip 0.635 | 0.4 s | RAM 11.5 GB
  w077/171 t=76 iou 0.7882 mean 0.8064 pooled 0.8062 | ctl 1.0000/0.9933 flip 0.627 | 0.4 s | RAM 11.5 GB
  w078/171 t=77 iou 0.7908 mean 0.8062 pooled 0.8060 | ctl 1.0000/0.9888 flip 0.625 | 0.4 s | RAM 11.5 GB
  w079/171 t=78 iou 0.7950 mean 0.8061 pooled 0.8059 | ctl 1.0000/0.9895 flip 0.630 | 0.4 s | RAM 11.5 GB
  w080/171 t=79 iou 0.7935 mean 0.8059 pooled 0.8057 | ctl 1.0000/0.9894 flip 0.628 | 0.4 s | RAM 11.5 GB
  w081/171 t=80 iou 0.7845 mean 0.8056 pooled 0.8055 | ctl 1.0000/0.9887 flip 0.626 | 0.4 s | RAM 11.5 GB
  w082/171 t=81 iou 0.7872 mean 0.8054 pooled 0.8052 | ctl 1.0000/0.9879 flip 0.630 | 0.4 s | RAM 11.5 GB
  w083/171 t=82 iou 0.7815 mean 0.8051 pooled 0.8049 | ctl 1.0000/0.9908 flip 0.641 | 0.4 s | RAM 11.5 GB
  w084/171 t=83 iou 0.7771 mean 0.8048 pooled 0.8046 | ctl 1.0000/0.9946 flip 0.659 | 0.4 s | RAM 11.5 GB
  w085/171 t=84 iou 0.7803 mean 0.8045 pooled 0.8043 | ctl 1.0000/0.9938 flip 0.667 | 0.4 s | RAM 11.5 GB
  w086/171 t=85 iou 0.7690 mean 0.8041 pooled 0.8039 | ctl 1.0000/0.9930 flip 0.687 | 0.5 s | RAM 11.5 GB
  w087/171 t=86 iou 0.7621 mean 0.8036 pooled 0.8034 | ctl 1.0000/0.9914 flip 0.703 | 0.5 s | RAM 11.5 GB
  w088/171 t=87 iou 0.7666 mean 0.8032 pooled 0.8029 | ctl 1.0000/0.9890 flip 0.720 | 0.5 s | RAM 11.5 GB
  w089/171 t=88 iou 0.7518 mean 0.8026 pooled 0.8024 | ctl 1.0000/0.9888 flip 0.746 | 0.5 s | RAM 11.5 GB
  w090/171 t=89 iou 0.7628 mean 0.8022 pooled 0.8019 | ctl 1.0000/0.9866 flip 0.725 | 0.5 s | RAM 11.5 GB
  w091/171 t=90 iou 0.7710 mean 0.8018 pooled 0.8016 | ctl 1.0000/0.9961 flip 0.713 | 0.5 s | RAM 11.5 GB
  w092/171 t=91 iou 0.7637 mean 0.8014 pooled 0.8011 | ctl 1.0000/0.9944 flip 0.709 | 0.5 s | RAM 11.5 GB
  w093/171 t=92 iou 0.7609 mean 0.8010 pooled 0.8007 | ctl 1.0000/0.9928 flip 0.689 | 0.5 s | RAM 11.5 GB
  w094/171 t=93 iou 0.7753 mean 0.8007 pooled 0.8004 | ctl 1.0000/0.9936 flip 0.646 | 0.5 s | RAM 11.5 GB
  w095/171 t=94 iou 0.7780 mean 0.8005 pooled 0.8002 | ctl 1.0000/0.9960 flip 0.621 | 0.6 s | RAM 11.5 GB
  w096/171 t=95 iou 0.7784 mean 0.8002 pooled 0.8000 | ctl 1.0000/0.9928 flip 0.606 | 0.5 s | RAM 11.5 GB
  w097/171 t=96 iou 0.7654 mean 0.7999 pooled 0.7996 | ctl 1.0000/0.9951 flip 0.579 | 0.5 s | RAM 11.5 GB
  w098/171 t=97 iou 0.7766 mean 0.7996 pooled 0.7994 | ctl 1.0000/0.9953 flip 0.561 | 0.6 s | RAM 11.5 GB
  w099/171 t=98 iou 0.7700 mean 0.7993 pooled 0.7991 | ctl 1.0000/0.9944 flip 0.542 | 0.5 s | RAM 11.5 GB
  w100/171 t=99 iou 0.7632 mean 0.7990 pooled 0.7987 | ctl 1.0000/0.9961 flip 0.547 | 0.5 s | RAM 11.5 GB
  w101/171 t=100 iou 0.7752 mean 0.7987 pooled 0.7985 | ctl 1.0000/0.9953 flip 0.548 | 0.5 s | RAM 11.5 GB
  w102/171 t=101 iou 0.7734 mean 0.7985 pooled 0.7982 | ctl 1.0000/0.9939 flip 0.538 | 0.5 s | RAM 11.5 GB
  w103/171 t=102 iou 0.7716 mean 0.7982 pooled 0.7980 | ctl 1.0000/0.9962 flip 0.544 | 0.4 s | RAM 11.5 GB
  w104/171 t=103 iou 0.7526 mean 0.7978 pooled 0.7975 | ctl 1.0000/0.9947 flip 0.535 | 0.4 s | RAM 11.5 GB
  w105/171 t=104 iou 0.7505 mean 0.7973 pooled 0.7971 | ctl 1.0000/0.9926 flip 0.530 | 0.4 s | RAM 11.5 GB
  w106/171 t=105 iou 0.7471 mean 0.7969 pooled 0.7966 | ctl 1.0000/0.9963 flip 0.530 | 0.4 s | RAM 11.5 GB
  w107/171 t=106 iou 0.7372 mean 0.7963 pooled 0.7960 | ctl 1.0000/0.9935 flip 0.535 | 0.4 s | RAM 11.5 GB
  w108/171 t=107 iou 0.7335 mean 0.7957 pooled 0.7954 | ctl 1.0000/0.9943 flip 0.529 | 0.4 s | RAM 11.5 GB
  w109/171 t=108 iou 0.7228 mean 0.7951 pooled 0.7947 | ctl 1.0000/0.9958 flip 0.539 | 0.4 s | RAM 11.5 GB
  w110/171 t=109 iou 0.7221 mean 0.7944 pooled 0.7940 | ctl 1.0000/0.9938 flip 0.546 | 0.5 s | RAM 11.5 GB
  w111/171 t=110 iou 0.7269 mean 0.7938 pooled 0.7933 | ctl 1.0000/0.9951 flip 0.562 | 0.4 s | RAM 11.5 GB
  w112/171 t=111 iou 0.7275 mean 0.7932 pooled 0.7926 | ctl 1.0000/0.9966 flip 0.565 | 0.4 s | RAM 11.5 GB
  w113/171 t=112 iou 0.7194 mean 0.7925 pooled 0.7919 | ctl 1.0000/0.9938 flip 0.567 | 0.4 s | RAM 11.5 GB
  w114/171 t=113 iou 0.7168 mean 0.7919 pooled 0.7912 | ctl 1.0000/0.9979 flip 0.576 | 0.4 s | RAM 11.5 GB
  w115/171 t=114 iou 0.7124 mean 0.7912 pooled 0.7904 | ctl 1.0000/0.9958 flip 0.585 | 0.4 s | RAM 11.5 GB
  w116/171 t=115 iou 0.7040 mean 0.7904 pooled 0.7896 | ctl 1.0000/0.9935 flip 0.595 | 0.4 s | RAM 11.5 GB
  w117/171 t=116 iou 0.6791 mean 0.7895 pooled 0.7886 | ctl 1.0000/0.9949 flip 0.599 | 0.4 s | RAM 11.5 GB
  w118/171 t=117 iou 0.6652 mean 0.7884 pooled 0.7875 | ctl 1.0000/0.9919 flip 0.627 | 0.4 s | RAM 11.5 GB
  w119/171 t=118 iou 0.6574 mean 0.7873 pooled 0.7863 | ctl 1.0000/0.9916 flip 0.649 | 0.4 s | RAM 11.5 GB
  w120/171 t=119 iou 0.6612 mean 0.7863 pooled 0.7852 | ctl 1.0000/0.9962 flip 0.658 | 0.4 s | RAM 11.5 GB
  w121/171 t=120 iou 0.6489 mean 0.7851 pooled 0.7840 | ctl 1.0000/0.9961 flip 0.664 | 0.4 s | RAM 11.5 GB
  w122/171 t=121 iou 0.6209 mean 0.7838 pooled 0.7826 | ctl 1.0000/0.9960 flip 0.664 | 0.5 s | RAM 11.5 GB
  w123/171 t=122 iou 0.6394 mean 0.7826 pooled 0.7815 | ctl 1.0000/0.9968 flip 0.659 | 0.4 s | RAM 11.5 GB
  w124/171 t=123 iou 0.6418 mean 0.7815 pooled 0.7803 | ctl 1.0000/0.9984 flip 0.650 | 0.4 s | RAM 11.5 GB
  w125/171 t=124 iou 0.6374 mean 0.7803 pooled 0.7792 | ctl 1.0000/0.9967 flip 0.665 | 0.4 s | RAM 11.5 GB
  w126/171 t=125 iou 0.6218 mean 0.7791 pooled 0.7780 | ctl 1.0000/0.9992 flip 0.654 | 0.4 s | RAM 11.5 GB
  w127/171 t=126 iou 0.6198 mean 0.7778 pooled 0.7767 | ctl 1.0000/0.9974 flip 0.661 | 0.4 s | RAM 11.5 GB
  w128/171 t=127 iou 0.6114 mean 0.7765 pooled 0.7755 | ctl 1.0000/0.9983 flip 0.658 | 0.4 s | RAM 11.5 GB
  w129/171 t=128 iou 0.5986 mean 0.7751 pooled 0.7741 | ctl 1.0000/0.9991 flip 0.656 | 0.4 s | RAM 11.5 GB
  w130/171 t=129 iou 0.6064 mean 0.7738 pooled 0.7728 | ctl 1.0000/0.9991 flip 0.648 | 0.5 s | RAM 11.5 GB
  w131/171 t=130 iou 0.5958 mean 0.7725 pooled 0.7715 | ctl 1.0000/0.9991 flip 0.652 | 0.5 s | RAM 11.5 GB
  w132/171 t=131 iou 0.6135 mean 0.7713 pooled 0.7704 | ctl 1.0000/0.9982 flip 0.655 | 0.4 s | RAM 11.5 GB
  w133/171 t=132 iou 0.5969 mean 0.7700 pooled 0.7691 | ctl 1.0000/0.9991 flip 0.644 | 0.4 s | RAM 11.5 GB
  w134/171 t=133 iou 0.5932 mean 0.7687 pooled 0.7678 | ctl 1.0000/0.9972 flip 0.647 | 0.4 s | RAM 11.5 GB
  w135/171 t=134 iou 0.5664 mean 0.7672 pooled 0.7663 | ctl 1.0000/0.9981 flip 0.633 | 0.4 s | RAM 11.5 GB
  w136/171 t=135 iou 0.5549 mean 0.7656 pooled 0.7647 | ctl 1.0000/0.9971 flip 0.634 | 0.4 s | RAM 11.5 GB
  w137/171 t=136 iou 0.5201 mean 0.7638 pooled 0.7629 | ctl 1.0000/0.9981 flip 0.622 | 0.4 s | RAM 11.5 GB
  w138/171 t=137 iou 0.5013 mean 0.7619 pooled 0.7609 | ctl 1.0000/0.9980 flip 0.631 | 0.4 s | RAM 11.5 GB
  w139/171 t=138 iou 0.4809 mean 0.7599 pooled 0.7587 | ctl 1.0000/0.9980 flip 0.623 | 0.4 s | RAM 11.5 GB
  w140/171 t=139 iou 0.4673 mean 0.7578 pooled 0.7564 | ctl 1.0000/0.9970 flip 0.623 | 0.4 s | RAM 11.5 GB
  w141/171 t=140 iou 0.4745 mean 0.7558 pooled 0.7542 | ctl 1.0000/0.9980 flip 0.622 | 0.4 s | RAM 11.5 GB
  w142/171 t=141 iou 0.4599 mean 0.7537 pooled 0.7520 | ctl 1.0000/0.9969 flip 0.615 | 0.4 s | RAM 11.5 GB
  w143/171 t=142 iou 0.4676 mean 0.7517 pooled 0.7499 | ctl 1.0000/0.9979 flip 0.614 | 0.4 s | RAM 11.5 GB
  w144/171 t=143 iou 0.4737 mean 0.7498 pooled 0.7479 | ctl 1.0000/0.9969 flip 0.613 | 0.5 s | RAM 11.5 GB
  w145/171 t=144 iou 0.4756 mean 0.7479 pooled 0.7460 | ctl 1.0000/0.9979 flip 0.604 | 0.4 s | RAM 11.5 GB
  w146/171 t=145 iou 0.4592 mean 0.7459 pooled 0.7440 | ctl 1.0000/0.9979 flip 0.599 | 0.4 s | RAM 11.5 GB
  w147/171 t=146 iou 0.4343 mean 0.7438 pooled 0.7417 | ctl 1.0000/0.9978 flip 0.603 | 0.5 s | RAM 11.5 GB
  w148/171 t=147 iou 0.4269 mean 0.7416 pooled 0.7394 | ctl 1.0000/0.9978 flip 0.599 | 0.5 s | RAM 11.5 GB
  w149/171 t=148 iou 0.4300 mean 0.7395 pooled 0.7372 | ctl 1.0000/0.9978 flip 0.601 | 0.4 s | RAM 11.5 GB
  w150/171 t=149 iou 0.4421 mean 0.7376 pooled 0.7352 | ctl 1.0000/0.9977 flip 0.595 | 0.4 s | RAM 11.5 GB
  w151/171 t=150 iou 0.4382 mean 0.7356 pooled 0.7332 | ctl 1.0000/0.9965 flip 0.601 | 0.4 s | RAM 11.5 GB
  w152/171 t=151 iou 0.4353 mean 0.7336 pooled 0.7312 | ctl 1.0000/0.9977 flip 0.594 | 0.4 s | RAM 11.5 GB
  w153/171 t=152 iou 0.4286 mean 0.7316 pooled 0.7292 | ctl 1.0000/0.9965 flip 0.600 | 0.4 s | RAM 11.5 GB
  w154/171 t=153 iou 0.4170 mean 0.7296 pooled 0.7271 | ctl 1.0000/0.9976 flip 0.594 | 0.4 s | RAM 11.5 GB
  w155/171 t=154 iou 0.4292 mean 0.7276 pooled 0.7252 | ctl 1.0000/0.9976 flip 0.586 | 0.5 s | RAM 11.5 GB
  w156/171 t=155 iou 0.4497 mean 0.7258 pooled 0.7235 | ctl 1.0000/0.9963 flip 0.588 | 0.4 s | RAM 11.5 GB
  w157/171 t=156 iou 0.4069 mean 0.7238 pooled 0.7215 | ctl 1.0000/0.9962 flip 0.575 | 0.4 s | RAM 11.5 GB
  w158/171 t=157 iou 0.4156 mean 0.7219 pooled 0.7196 | ctl 1.0000/0.9975 flip 0.579 | 0.4 s | RAM 11.5 GB
  w159/171 t=158 iou 0.4343 mean 0.7201 pooled 0.7179 | ctl 1.0000/0.9962 flip 0.584 | 0.4 s | RAM 11.5 GB
  w160/171 t=159 iou 0.4126 mean 0.7181 pooled 0.7161 | ctl 1.0000/0.9961 flip 0.570 | 0.4 s | RAM 11.5 GB
  w161/171 t=160 iou 0.4223 mean 0.7163 pooled 0.7143 | ctl 1.0000/0.9974 flip 0.564 | 0.5 s | RAM 11.5 GB
  w162/171 t=161 iou 0.4544 mean 0.7147 pooled 0.7129 | ctl 1.0000/0.9973 flip 0.557 | 0.4 s | RAM 11.5 GB
  w163/171 t=162 iou 0.4612 mean 0.7131 pooled 0.7116 | ctl 1.0000/0.9973 flip 0.565 | 0.4 s | RAM 11.5 GB
  w164/171 t=163 iou 0.4767 mean 0.7117 pooled 0.7104 | ctl 1.0000/1.0000 flip 0.562 | 0.6 s | RAM 11.5 GB
  w165/171 t=164 iou 0.5138 mean 0.7105 pooled 0.7094 | ctl 1.0000/0.9986 flip 0.559 | 0.5 s | RAM 11.5 GB
  w166/171 t=165 iou 0.5273 mean 0.7094 pooled 0.7086 | ctl 1.0000/0.9986 flip 0.555 | 0.4 s | RAM 11.5 GB
  w167/171 t=166 iou 0.4839 mean 0.7080 pooled 0.7074 | ctl 1.0000/0.9986 flip 0.552 | 0.4 s | RAM 11.5 GB
  w168/171 t=167 iou 0.4691 mean 0.7066 pooled 0.7061 | ctl 1.0000/1.0000 flip 0.547 | 0.4 s | RAM 11.5 GB
  w169/171 t=168 iou 0.4742 mean 0.7052 pooled 0.7049 | ctl 1.0000/1.0000 flip 0.542 | 0.4 s | RAM 11.5 GB
  w170/171 t=169 iou 0.5062 mean 0.7041 pooled 0.7040 | ctl 1.0000/1.0000 flip 0.534 | 0.4 s | RAM 11.5 GB
  w171/171 t=170 iou 0.5484 mean 0.7032 pooled 0.7033 | ctl 1.0000/1.0000 flip 0.534 | 0.4 s | RAM 11.5 GB
[clip 1] 693335b810c3 left: mean IoU 0.7031505032390304 pooled 0.7033067194510838 (n=171); controls {"n": 171, "consistent_iou_eq_1": 171, "consistent_union0": 0, "consistent_min_iou": 1.0, "onehot_iou_min": 0.9866352201257862, "onehot_iou_sum": 170.2356119438968, "n_mixed_total": 1033, "n_impossible_total": 0, "panel_equal": 171, "panel_checked": 171, "consistent_panel_equal": 171, "mut_flip_iou_max": 0.7462792345854005, "mut_flip_red": 171, "mut_chan_red": 171, "cellcount_agree": 171, "onehot_iou_mean": 0.9955298944087532, "pixel_check_on_this_clip": true}
[clip 2/3] 0191487845ef nav=right windows 171/171; 416x1024 cylindrical f_ref 488.924 · cam h 1.348 m, fwd 2.003 m, pitch-down +1.70° (MEASURED per-clip)
  [draw-independence] {"seeds": [0, 1], "map_logits_max_abs_diff": 0.0, "drivable_mask_identical": true, "argmax_identical": true, "iou_seed_a": 0.5409836065573771, "iou_seed_b": 0.5409836065573771, "traj_max_abs_diff_m": 1.434946060180664}
  w001/171 t=0 iou 0.5410 mean 0.5410 pooled 0.5410 | ctl 1.0000/0.9890 flip 0.579 | 3.2 s | RAM 11.4 GB
  w002/171 t=1 iou 0.6236 mean 0.5823 pooled 0.5824 | ctl 1.0000/0.9870 flip 0.578 | 0.5 s | RAM 11.4 GB
  w003/171 t=2 iou 0.6502 mean 0.6049 pooled 0.6050 | ctl 1.0000/0.9870 flip 0.578 | 0.4 s | RAM 11.4 GB
  w004/171 t=3 iou 0.6439 mean 0.6147 pooled 0.6148 | ctl 1.0000/0.9870 flip 0.578 | 0.5 s | RAM 11.4 GB
  w005/171 t=4 iou 0.6553 mean 0.6228 pooled 0.6229 | ctl 1.0000/0.9870 flip 0.578 | 0.4 s | RAM 11.4 GB
  w006/171 t=5 iou 0.6658 mean 0.6300 pooled 0.6301 | ctl 1.0000/0.9891 flip 0.581 | 0.4 s | RAM 11.4 GB
  w007/171 t=6 iou 0.6692 mean 0.6356 pooled 0.6358 | ctl 1.0000/0.9891 flip 0.581 | 0.4 s | RAM 11.4 GB
  w008/171 t=7 iou 0.6778 mean 0.6409 pooled 0.6411 | ctl 1.0000/0.9896 flip 0.580 | 0.4 s | RAM 11.4 GB
  w009/171 t=8 iou 0.6601 mean 0.6430 pooled 0.6433 | ctl 1.0000/0.9896 flip 0.580 | 0.4 s | RAM 11.4 GB
  w010/171 t=9 iou 0.6526 mean 0.6440 pooled 0.6442 | ctl 1.0000/0.9896 flip 0.580 | 0.4 s | RAM 11.4 GB
  w011/171 t=10 iou 0.6802 mean 0.6473 pooled 0.6476 | ctl 1.0000/0.9896 flip 0.582 | 0.4 s | RAM 11.4 GB
  w012/171 t=11 iou 0.6832 mean 0.6503 pooled 0.6506 | ctl 1.0000/0.9896 flip 0.582 | 0.5 s | RAM 11.4 GB
  w013/171 t=12 iou 0.7075 mean 0.6547 pooled 0.6552 | ctl 1.0000/0.9892 flip 0.580 | 0.5 s | RAM 11.4 GB
  w014/171 t=13 iou 0.7079 mean 0.6585 pooled 0.6591 | ctl 1.0000/0.9872 flip 0.579 | 0.6 s | RAM 11.3 GB
  w015/171 t=14 iou 0.6974 mean 0.6611 pooled 0.6618 | ctl 1.0000/0.9872 flip 0.579 | 0.5 s | RAM 11.3 GB
  w016/171 t=15 iou 0.7061 mean 0.6639 pooled 0.6647 | ctl 1.0000/0.9893 flip 0.583 | 0.5 s | RAM 11.3 GB
  w017/171 t=16 iou 0.7079 mean 0.6665 pooled 0.6674 | ctl 1.0000/0.9878 flip 0.578 | 0.5 s | RAM 11.3 GB
  w018/171 t=17 iou 0.7151 mean 0.6692 pooled 0.6701 | ctl 1.0000/0.9903 flip 0.567 | 0.5 s | RAM 11.3 GB
  w019/171 t=18 iou 0.7129 mean 0.6715 pooled 0.6725 | ctl 1.0000/0.9934 flip 0.563 | 0.4 s | RAM 11.3 GB
  w020/171 t=19 iou 0.7120 mean 0.6735 pooled 0.6746 | ctl 1.0000/0.9959 flip 0.559 | 0.4 s | RAM 11.2 GB
  w021/171 t=20 iou 0.7245 mean 0.6759 pooled 0.6771 | ctl 1.0000/0.9954 flip 0.560 | 0.4 s | RAM 11.2 GB
  w022/171 t=21 iou 0.7290 mean 0.6783 pooled 0.6795 | ctl 1.0000/0.9970 flip 0.556 | 0.4 s | RAM 11.2 GB
  w023/171 t=22 iou 0.7403 mean 0.6810 pooled 0.6822 | ctl 1.0000/0.9985 flip 0.552 | 0.4 s | RAM 11.2 GB
  w024/171 t=23 iou 0.7615 mean 0.6844 pooled 0.6856 | ctl 1.0000/0.9960 flip 0.556 | 0.4 s | RAM 11.2 GB
  w025/171 t=24 iou 0.7558 mean 0.6872 pooled 0.6886 | ctl 1.0000/0.9965 flip 0.551 | 0.4 s | RAM 11.2 GB
  w026/171 t=25 iou 0.7465 mean 0.6895 pooled 0.6910 | ctl 1.0000/0.9980 flip 0.555 | 0.4 s | RAM 11.2 GB
  w027/171 t=26 iou 0.7498 mean 0.6917 pooled 0.6933 | ctl 1.0000/0.9971 flip 0.556 | 0.4 s | RAM 11.2 GB
  w028/171 t=27 iou 0.7563 mean 0.6941 pooled 0.6956 | ctl 1.0000/0.9971 flip 0.557 | 0.4 s | RAM 11.2 GB
  w029/171 t=28 iou 0.7517 mean 0.6960 pooled 0.6976 | ctl 1.0000/0.9971 flip 0.553 | 0.4 s | RAM 11.2 GB
  w030/171 t=29 iou 0.7356 mean 0.6974 pooled 0.6990 | ctl 1.0000/0.9942 flip 0.553 | 0.4 s | RAM 11.2 GB
  w031/171 t=30 iou 0.7243 mean 0.6982 pooled 0.6998 | ctl 1.0000/0.9958 flip 0.558 | 0.4 s | RAM 11.2 GB
  w032/171 t=31 iou 0.7192 mean 0.6989 pooled 0.7005 | ctl 1.0000/0.9925 flip 0.562 | 0.4 s | RAM 11.2 GB
  w033/171 t=32 iou 0.7057 mean 0.6991 pooled 0.7007 | ctl 1.0000/0.9944 flip 0.562 | 0.4 s | RAM 11.2 GB
  w034/171 t=33 iou 0.6938 mean 0.6989 pooled 0.7004 | ctl 1.0000/0.9950 flip 0.569 | 0.4 s | RAM 11.2 GB
  w035/171 t=34 iou 0.6844 mean 0.6985 pooled 0.6999 | ctl 1.0000/0.9900 flip 0.575 | 0.4 s | RAM 11.2 GB
  w036/171 t=35 iou 0.6919 mean 0.6983 pooled 0.6997 | ctl 1.0000/0.9933 flip 0.576 | 0.4 s | RAM 11.2 GB
  w037/171 t=36 iou 0.6918 mean 0.6982 pooled 0.6994 | ctl 1.0000/0.9951 flip 0.578 | 0.4 s | RAM 11.2 GB
  w038/171 t=37 iou 0.6935 mean 0.6980 pooled 0.6993 | ctl 1.0000/0.9947 flip 0.584 | 0.4 s | RAM 11.2 GB
  w039/171 t=38 iou 0.6896 mean 0.6978 pooled 0.6990 | ctl 1.0000/0.9913 flip 0.590 | 0.4 s | RAM 11.2 GB
  w040/171 t=39 iou 0.6804 mean 0.6974 pooled 0.6985 | ctl 1.0000/0.9918 flip 0.592 | 0.4 s | RAM 11.2 GB
  w041/171 t=40 iou 0.6827 mean 0.6970 pooled 0.6981 | ctl 1.0000/0.9923 flip 0.591 | 0.4 s | RAM 11.2 GB
  w042/171 t=41 iou 0.6725 mean 0.6964 pooled 0.6974 | ctl 1.0000/0.9962 flip 0.597 | 0.4 s | RAM 11.3 GB
  w043/171 t=42 iou 0.6651 mean 0.6957 pooled 0.6965 | ctl 1.0000/0.9954 flip 0.605 | 0.4 s | RAM 11.3 GB
  w044/171 t=43 iou 0.6515 mean 0.6947 pooled 0.6953 | ctl 1.0000/0.9955 flip 0.603 | 0.4 s | RAM 11.3 GB
  w045/171 t=44 iou 0.6521 mean 0.6938 pooled 0.6942 | ctl 1.0000/0.9955 flip 0.608 | 0.4 s | RAM 11.3 GB
  w046/171 t=45 iou 0.6524 mean 0.6929 pooled 0.6932 | ctl 1.0000/0.9956 flip 0.609 | 0.4 s | RAM 11.3 GB
  w047/171 t=46 iou 0.6562 mean 0.6921 pooled 0.6922 | ctl 1.0000/0.9968 flip 0.612 | 0.4 s | RAM 11.3 GB
  w048/171 t=47 iou 0.6480 mean 0.6912 pooled 0.6911 | ctl 1.0000/0.9953 flip 0.610 | 0.4 s | RAM 11.3 GB
  w049/171 t=48 iou 0.6422 mean 0.6902 pooled 0.6899 | ctl 1.0000/0.9957 flip 0.615 | 0.4 s | RAM 11.3 GB
  w050/171 t=49 iou 0.6314 mean 0.6890 pooled 0.6885 | ctl 1.0000/0.9946 flip 0.611 | 0.4 s | RAM 11.3 GB
  w051/171 t=50 iou 0.6178 mean 0.6876 pooled 0.6869 | ctl 1.0000/0.9947 flip 0.610 | 0.4 s | RAM 11.3 GB
  w052/171 t=51 iou 0.6053 mean 0.6860 pooled 0.6849 | ctl 1.0000/0.9955 flip 0.612 | 0.4 s | RAM 11.3 GB
  w053/171 t=52 iou 0.5948 mean 0.6843 pooled 0.6828 | ctl 1.0000/0.9959 flip 0.614 | 0.4 s | RAM 11.3 GB
  w054/171 t=53 iou 0.5781 mean 0.6823 pooled 0.6804 | ctl 1.0000/0.9967 flip 0.616 | 0.4 s | RAM 11.3 GB
  w055/171 t=54 iou 0.5740 mean 0.6804 pooled 0.6780 | ctl 1.0000/0.9964 flip 0.618 | 0.4 s | RAM 11.3 GB
  w056/171 t=55 iou 0.5569 mean 0.6781 pooled 0.6752 | ctl 1.0000/0.9943 flip 0.613 | 0.4 s | RAM 11.3 GB
  w057/171 t=56 iou 0.5563 mean 0.6760 pooled 0.6726 | ctl 1.0000/0.9927 flip 0.613 | 0.4 s | RAM 11.3 GB
  w058/171 t=57 iou 0.5378 mean 0.6736 pooled 0.6696 | ctl 1.0000/0.9931 flip 0.616 | 0.4 s | RAM 11.3 GB
  w059/171 t=58 iou 0.5392 mean 0.6713 pooled 0.6667 | ctl 1.0000/0.9949 flip 0.605 | 0.4 s | RAM 11.3 GB
  w060/171 t=59 iou 0.5399 mean 0.6692 pooled 0.6640 | ctl 1.0000/0.9956 flip 0.598 | 0.4 s | RAM 11.3 GB
  w061/171 t=60 iou 0.5286 mean 0.6669 pooled 0.6611 | ctl 1.0000/0.9927 flip 0.593 | 0.4 s | RAM 11.3 GB
  w062/171 t=61 iou 0.4931 mean 0.6641 pooled 0.6576 | ctl 1.0000/0.9941 flip 0.592 | 0.4 s | RAM 11.3 GB
  w063/171 t=62 iou 0.5069 mean 0.6616 pooled 0.6545 | ctl 1.0000/0.9932 flip 0.594 | 0.4 s | RAM 11.3 GB
  w064/171 t=63 iou 0.4832 mean 0.6588 pooled 0.6510 | ctl 1.0000/0.9939 flip 0.600 | 0.4 s | RAM 11.3 GB
  w065/171 t=64 iou 0.4792 mean 0.6560 pooled 0.6475 | ctl 1.0000/0.9953 flip 0.605 | 0.4 s | RAM 11.3 GB
  w066/171 t=65 iou 0.4618 mean 0.6531 pooled 0.6438 | ctl 1.0000/0.9950 flip 0.598 | 0.4 s | RAM 11.3 GB
  w067/171 t=66 iou 0.4753 mean 0.6504 pooled 0.6404 | ctl 1.0000/0.9945 flip 0.593 | 0.4 s | RAM 11.3 GB
  w068/171 t=67 iou 0.4922 mean 0.6481 pooled 0.6375 | ctl 1.0000/0.9942 flip 0.592 | 0.4 s | RAM 11.3 GB
  w069/171 t=68 iou 0.5040 mean 0.6460 pooled 0.6349 | ctl 1.0000/0.9936 flip 0.594 | 0.4 s | RAM 11.3 GB
  w070/171 t=69 iou 0.4865 mean 0.6437 pooled 0.6320 | ctl 1.0000/0.9928 flip 0.594 | 0.4 s | RAM 11.3 GB
  w071/171 t=70 iou 0.4852 mean 0.6415 pooled 0.6293 | ctl 1.0000/0.9929 flip 0.591 | 0.4 s | RAM 11.3 GB
  w072/171 t=71 iou 0.4752 mean 0.6392 pooled 0.6264 | ctl 1.0000/0.9918 flip 0.583 | 0.4 s | RAM 11.2 GB
  w073/171 t=72 iou 0.4634 mean 0.6368 pooled 0.6234 | ctl 1.0000/0.9918 flip 0.578 | 0.4 s | RAM 11.3 GB
  w074/171 t=73 iou 0.4409 mean 0.6341 pooled 0.6200 | ctl 1.0000/0.9916 flip 0.569 | 0.4 s | RAM 11.3 GB
  w075/171 t=74 iou 0.4677 mean 0.6319 pooled 0.6172 | ctl 1.0000/0.9919 flip 0.562 | 0.4 s | RAM 11.2 GB
  w076/171 t=75 iou 0.4645 mean 0.6297 pooled 0.6144 | ctl 1.0000/0.9917 flip 0.555 | 0.4 s | RAM 11.2 GB
  w077/171 t=76 iou 0.4834 mean 0.6278 pooled 0.6121 | ctl 1.0000/0.9934 flip 0.548 | 0.4 s | RAM 11.2 GB
  w078/171 t=77 iou 0.4920 mean 0.6261 pooled 0.6099 | ctl 1.0000/0.9926 flip 0.542 | 0.4 s | RAM 11.2 GB
  w079/171 t=78 iou 0.4581 mean 0.6239 pooled 0.6073 | ctl 1.0000/0.9909 flip 0.531 | 0.4 s | RAM 11.2 GB
  w080/171 t=79 iou 0.4544 mean 0.6218 pooled 0.6047 | ctl 1.0000/0.9924 flip 0.531 | 0.4 s | RAM 11.2 GB
  w081/171 t=80 iou 0.4359 mean 0.6195 pooled 0.6019 | ctl 1.0000/0.9909 flip 0.522 | 0.4 s | RAM 11.2 GB
  w082/171 t=81 iou 0.4494 mean 0.6174 pooled 0.5994 | ctl 1.0000/0.9921 flip 0.517 | 0.4 s | RAM 11.2 GB
  w083/171 t=82 iou 0.5055 mean 0.6161 pooled 0.5979 | ctl 1.0000/0.9927 flip 0.511 | 0.4 s | RAM 11.3 GB
  w084/171 t=83 iou 0.4934 mean 0.6146 pooled 0.5962 | ctl 1.0000/0.9941 flip 0.513 | 0.4 s | RAM 11.3 GB
  w085/171 t=84 iou 0.4531 mean 0.6127 pooled 0.5939 | ctl 1.0000/0.9898 flip 0.511 | 0.4 s | RAM 11.3 GB
  w086/171 t=85 iou 0.4593 mean 0.6109 pooled 0.5918 | ctl 1.0000/0.9907 flip 0.502 | 0.4 s | RAM 11.3 GB
  w087/171 t=86 iou 0.4560 mean 0.6092 pooled 0.5897 | ctl 1.0000/0.9924 flip 0.492 | 0.4 s | RAM 11.3 GB
  w088/171 t=87 iou 0.4586 mean 0.6075 pooled 0.5877 | ctl 1.0000/0.9907 flip 0.490 | 0.4 s | RAM 11.3 GB
  w089/171 t=88 iou 0.4430 mean 0.6056 pooled 0.5855 | ctl 1.0000/0.9893 flip 0.481 | 0.4 s | RAM 11.3 GB
  w090/171 t=89 iou 0.4638 mean 0.6040 pooled 0.5837 | ctl 1.0000/0.9912 flip 0.477 | 0.4 s | RAM 11.3 GB
  w091/171 t=90 iou 0.4892 mean 0.6028 pooled 0.5823 | ctl 1.0000/0.9910 flip 0.472 | 0.4 s | RAM 11.3 GB
  w092/171 t=91 iou 0.4948 mean 0.6016 pooled 0.5810 | ctl 1.0000/0.9918 flip 0.466 | 0.4 s | RAM 11.3 GB
  w093/171 t=92 iou 0.5075 mean 0.6006 pooled 0.5799 | ctl 1.0000/0.9901 flip 0.459 | 0.4 s | RAM 11.3 GB
  w094/171 t=93 iou 0.5059 mean 0.5996 pooled 0.5788 | ctl 1.0000/0.9918 flip 0.453 | 0.4 s | RAM 11.3 GB
  w095/171 t=94 iou 0.5100 mean 0.5986 pooled 0.5779 | ctl 1.0000/0.9907 flip 0.453 | 0.4 s | RAM 11.3 GB
  w096/171 t=95 iou 0.4981 mean 0.5976 pooled 0.5768 | ctl 1.0000/0.9907 flip 0.448 | 0.4 s | RAM 11.3 GB
  w097/171 t=96 iou 0.5076 mean 0.5967 pooled 0.5758 | ctl 1.0000/0.9916 flip 0.443 | 0.4 s | RAM 11.3 GB
  w098/171 t=97 iou 0.5203 mean 0.5959 pooled 0.5750 | ctl 1.0000/0.9904 flip 0.440 | 0.4 s | RAM 11.3 GB
  w099/171 t=98 iou 0.5261 mean 0.5952 pooled 0.5744 | ctl 1.0000/0.9918 flip 0.436 | 0.4 s | RAM 11.3 GB
  w100/171 t=99 iou 0.5503 mean 0.5947 pooled 0.5740 | ctl 1.0000/0.9904 flip 0.430 | 0.4 s | RAM 11.3 GB
  w101/171 t=100 iou 0.5547 mean 0.5943 pooled 0.5738 | ctl 1.0000/0.9898 flip 0.424 | 0.4 s | RAM 11.3 GB
  w102/171 t=101 iou 0.5435 mean 0.5938 pooled 0.5734 | ctl 1.0000/0.9879 flip 0.417 | 0.4 s | RAM 11.3 GB
  w103/171 t=102 iou 0.5352 mean 0.5933 pooled 0.5729 | ctl 1.0000/0.9895 flip 0.412 | 0.4 s | RAM 11.3 GB
  w104/171 t=103 iou 0.5304 mean 0.5927 pooled 0.5723 | ctl 1.0000/0.9892 flip 0.409 | 0.4 s | RAM 11.3 GB
  w105/171 t=104 iou 0.5637 mean 0.5924 pooled 0.5722 | ctl 1.0000/0.9895 flip 0.405 | 0.4 s | RAM 11.3 GB
  w106/171 t=105 iou 0.5847 mean 0.5923 pooled 0.5724 | ctl 1.0000/0.9892 flip 0.400 | 0.4 s | RAM 11.3 GB
  w107/171 t=106 iou 0.6321 mean 0.5927 pooled 0.5731 | ctl 1.0000/0.9892 flip 0.398 | 0.4 s | RAM 11.3 GB
  w108/171 t=107 iou 0.6305 mean 0.5930 pooled 0.5737 | ctl 1.0000/0.9887 flip 0.398 | 0.4 s | RAM 11.3 GB
  w109/171 t=108 iou 0.6427 mean 0.5935 pooled 0.5745 | ctl 1.0000/0.9887 flip 0.394 | 0.4 s | RAM 11.3 GB
  w110/171 t=109 iou 0.6751 mean 0.5942 pooled 0.5757 | ctl 1.0000/0.9910 flip 0.393 | 0.4 s | RAM 11.3 GB
  w111/171 t=110 iou 0.6519 mean 0.5947 pooled 0.5766 | ctl 1.0000/0.9890 flip 0.389 | 0.4 s | RAM 11.3 GB
  w112/171 t=111 iou 0.6385 mean 0.5951 pooled 0.5773 | ctl 1.0000/0.9890 flip 0.382 | 0.4 s | RAM 11.3 GB
  w113/171 t=112 iou 0.6166 mean 0.5953 pooled 0.5777 | ctl 1.0000/0.9884 flip 0.374 | 0.4 s | RAM 11.3 GB
  w114/171 t=113 iou 0.5962 mean 0.5953 pooled 0.5779 | ctl 1.0000/0.9903 flip 0.372 | 0.4 s | RAM 11.3 GB
  w115/171 t=114 iou 0.5770 mean 0.5952 pooled 0.5779 | ctl 1.0000/0.9881 flip 0.365 | 0.4 s | RAM 11.3 GB
  w116/171 t=115 iou 0.5611 mean 0.5949 pooled 0.5777 | ctl 1.0000/0.9881 flip 0.358 | 0.4 s | RAM 11.3 GB
  w117/171 t=116 iou 0.5564 mean 0.5946 pooled 0.5775 | ctl 1.0000/0.9900 flip 0.352 | 0.4 s | RAM 11.3 GB
  w118/171 t=117 iou 0.5618 mean 0.5943 pooled 0.5773 | ctl 1.0000/0.9911 flip 0.340 | 0.4 s | RAM 11.3 GB
  w119/171 t=118 iou 0.5802 mean 0.5942 pooled 0.5774 | ctl 1.0000/0.9914 flip 0.332 | 0.4 s | RAM 11.3 GB
  w120/171 t=119 iou 0.6002 mean 0.5942 pooled 0.5776 | ctl 1.0000/0.9888 flip 0.324 | 0.4 s | RAM 11.3 GB
  w121/171 t=120 iou 0.6488 mean 0.5947 pooled 0.5783 | ctl 1.0000/0.9885 flip 0.320 | 0.4 s | RAM 11.3 GB
  w122/171 t=121 iou 0.6707 mean 0.5953 pooled 0.5793 | ctl 1.0000/0.9876 flip 0.311 | 0.4 s | RAM 11.3 GB
  w123/171 t=122 iou 0.6905 mean 0.5961 pooled 0.5803 | ctl 1.0000/0.9855 flip 0.298 | 0.4 s | RAM 11.3 GB
  w124/171 t=123 iou 0.6990 mean 0.5969 pooled 0.5815 | ctl 1.0000/0.9877 flip 0.292 | 0.4 s | RAM 11.3 GB
  w125/171 t=124 iou 0.7054 mean 0.5978 pooled 0.5826 | ctl 1.0000/0.9894 flip 0.287 | 0.4 s | RAM 11.3 GB
  w126/171 t=125 iou 0.7149 mean 0.5987 pooled 0.5838 | ctl 1.0000/0.9903 flip 0.280 | 0.4 s | RAM 11.3 GB
  w127/171 t=126 iou 0.7424 mean 0.5998 pooled 0.5852 | ctl 1.0000/0.9914 flip 0.276 | 0.4 s | RAM 11.3 GB
  w128/171 t=127 iou 0.7131 mean 0.6007 pooled 0.5863 | ctl 1.0000/0.9897 flip 0.267 | 0.4 s | RAM 11.1 GB
  w129/171 t=128 iou 0.6938 mean 0.6014 pooled 0.5872 | ctl 1.0000/0.9863 flip 0.256 | 0.4 s | RAM 11.0 GB
  w130/171 t=129 iou 0.7201 mean 0.6023 pooled 0.5883 | ctl 1.0000/0.9867 flip 0.255 | 0.4 s | RAM 11.0 GB
  w131/171 t=130 iou 0.7315 mean 0.6033 pooled 0.5894 | ctl 1.0000/0.9891 flip 0.254 | 0.4 s | RAM 11.1 GB
  w132/171 t=131 iou 0.6999 mean 0.6041 pooled 0.5903 | ctl 1.0000/0.9871 flip 0.253 | 0.4 s | RAM 11.0 GB
  w133/171 t=132 iou 0.7209 mean 0.6049 pooled 0.5913 | ctl 1.0000/0.9872 flip 0.257 | 0.4 s | RAM 10.9 GB
  w134/171 t=133 iou 0.7023 mean 0.6057 pooled 0.5921 | ctl 1.0000/0.9848 flip 0.262 | 0.4 s | RAM 11.0 GB
  w135/171 t=134 iou 0.7313 mean 0.6066 pooled 0.5932 | ctl 1.0000/0.9896 flip 0.273 | 0.4 s | RAM 11.0 GB
  w136/171 t=135 iou 0.7166 mean 0.6074 pooled 0.5941 | ctl 1.0000/0.9824 flip 0.287 | 0.4 s | RAM 10.8 GB
  w137/171 t=136 iou 0.7522 mean 0.6085 pooled 0.5952 | ctl 1.0000/0.9887 flip 0.300 | 0.4 s | RAM 10.6 GB
  w138/171 t=137 iou 0.7211 mean 0.6093 pooled 0.5961 | ctl 1.0000/0.9837 flip 0.320 | 0.5 s | RAM 11.4 GB
  w139/171 t=138 iou 0.7303 mean 0.6101 pooled 0.5970 | ctl 1.0000/0.9882 flip 0.347 | 0.4 s | RAM 11.4 GB
  w140/171 t=139 iou 0.7303 mean 0.6110 pooled 0.5979 | ctl 1.0000/0.9815 flip 0.351 | 0.5 s | RAM 11.4 GB
  w141/171 t=140 iou 0.7266 mean 0.6118 pooled 0.5987 | ctl 1.0000/0.9872 flip 0.346 | 0.4 s | RAM 11.4 GB
  w142/171 t=141 iou 0.7384 mean 0.6127 pooled 0.5996 | ctl 1.0000/0.9856 flip 0.343 | 0.4 s | RAM 11.4 GB
  w143/171 t=142 iou 0.7440 mean 0.6136 pooled 0.6005 | ctl 1.0000/0.9867 flip 0.335 | 0.4 s | RAM 11.4 GB
  w144/171 t=143 iou 0.7283 mean 0.6144 pooled 0.6013 | ctl 1.0000/0.9891 flip 0.322 | 0.4 s | RAM 11.4 GB
  w145/171 t=144 iou 0.6980 mean 0.6150 pooled 0.6019 | ctl 1.0000/0.9874 flip 0.314 | 0.4 s | RAM 11.4 GB
  w146/171 t=145 iou 0.7325 mean 0.6158 pooled 0.6027 | ctl 1.0000/0.9811 flip 0.297 | 0.4 s | RAM 11.4 GB
  w147/171 t=146 iou 0.7250 mean 0.6166 pooled 0.6035 | ctl 1.0000/0.9792 flip 0.298 | 0.4 s | RAM 11.4 GB
  w148/171 t=147 iou 0.7171 mean 0.6172 pooled 0.6042 | ctl 1.0000/0.9872 flip 0.307 | 0.4 s | RAM 11.4 GB
  w149/171 t=148 iou 0.7232 mean 0.6179 pooled 0.6049 | ctl 1.0000/0.9882 flip 0.305 | 0.4 s | RAM 11.4 GB
  w150/171 t=149 iou 0.6904 mean 0.6184 pooled 0.6054 | ctl 1.0000/0.9907 flip 0.308 | 0.4 s | RAM 11.4 GB
  w151/171 t=150 iou 0.6872 mean 0.6189 pooled 0.6059 | ctl 1.0000/0.9911 flip 0.304 | 0.4 s | RAM 11.4 GB
  w152/171 t=151 iou 0.6698 mean 0.6192 pooled 0.6063 | ctl 1.0000/0.9919 flip 0.304 | 0.4 s | RAM 11.4 GB
  w153/171 t=152 iou 0.6699 mean 0.6195 pooled 0.6067 | ctl 1.0000/0.9867 flip 0.304 | 0.4 s | RAM 11.4 GB
  w154/171 t=153 iou 0.6733 mean 0.6199 pooled 0.6071 | ctl 1.0000/0.9894 flip 0.319 | 0.4 s | RAM 11.4 GB
  w155/171 t=154 iou 0.6653 mean 0.6202 pooled 0.6074 | ctl 1.0000/0.9874 flip 0.320 | 0.4 s | RAM 11.4 GB
  w156/171 t=155 iou 0.6438 mean 0.6203 pooled 0.6076 | ctl 1.0000/0.9814 flip 0.328 | 0.4 s | RAM 11.4 GB
  w157/171 t=156 iou 0.6353 mean 0.6204 pooled 0.6078 | ctl 1.0000/0.9821 flip 0.340 | 0.4 s | RAM 11.4 GB
  w158/171 t=157 iou 0.6413 mean 0.6206 pooled 0.6079 | ctl 1.0000/0.9808 flip 0.338 | 0.4 s | RAM 11.4 GB
  w159/171 t=158 iou 0.6355 mean 0.6207 pooled 0.6081 | ctl 1.0000/0.9835 flip 0.348 | 0.4 s | RAM 11.4 GB
  w160/171 t=159 iou 0.6351 mean 0.6208 pooled 0.6082 | ctl 1.0000/0.9797 flip 0.336 | 0.4 s | RAM 11.4 GB
  w161/171 t=160 iou 0.6430 mean 0.6209 pooled 0.6084 | ctl 1.0000/0.9860 flip 0.336 | 0.4 s | RAM 11.4 GB
  w162/171 t=161 iou 0.6286 mean 0.6209 pooled 0.6085 | ctl 1.0000/0.9812 flip 0.328 | 0.4 s | RAM 11.4 GB
  w163/171 t=162 iou 0.6328 mean 0.6210 pooled 0.6086 | ctl 1.0000/0.9841 flip 0.320 | 0.4 s | RAM 11.4 GB
  w164/171 t=163 iou 0.6359 mean 0.6211 pooled 0.6087 | ctl 1.0000/0.9839 flip 0.315 | 0.4 s | RAM 11.4 GB
  w165/171 t=164 iou 0.6471 mean 0.6213 pooled 0.6089 | ctl 1.0000/0.9902 flip 0.308 | 0.4 s | RAM 11.4 GB
  w166/171 t=165 iou 0.6435 mean 0.6214 pooled 0.6091 | ctl 1.0000/0.9933 flip 0.291 | 0.4 s | RAM 11.4 GB
  w167/171 t=166 iou 0.6338 mean 0.6215 pooled 0.6092 | ctl 1.0000/0.9943 flip 0.284 | 0.4 s | RAM 11.4 GB
  w168/171 t=167 iou 0.6447 mean 0.6216 pooled 0.6094 | ctl 1.0000/0.9931 flip 0.277 | 0.4 s | RAM 11.4 GB
  w169/171 t=168 iou 0.6402 mean 0.6217 pooled 0.6095 | ctl 1.0000/0.9929 flip 0.275 | 0.4 s | RAM 11.4 GB
  w170/171 t=169 iou 0.6295 mean 0.6218 pooled 0.6096 | ctl 1.0000/0.9899 flip 0.267 | 0.4 s | RAM 11.4 GB
  w171/171 t=170 iou 0.5895 mean 0.6216 pooled 0.6095 | ctl 1.0000/0.9915 flip 0.261 | 0.4 s | RAM 11.4 GB
[clip 2] 0191487845ef right: mean IoU 0.6215717147009864 pooled 0.6094886640375823 (n=171); controls {"n": 171, "consistent_iou_eq_1": 171, "consistent_union0": 0, "consistent_min_iou": 1.0, "onehot_iou_min": 0.9791755206119847, "onehot_iou_sum": 169.40090379203164, "n_mixed_total": 4613, "n_impossible_total": 0, "panel_equal": 0, "panel_checked": 0, "consistent_panel_equal": 0, "mut_flip_iou_max": 0.6175530369078757, "mut_flip_red": 171, "mut_chan_red": 171, "cellcount_agree": 171, "onehot_iou_mean": 0.9906485601873195, "pixel_check_on_this_clip": false}
[clip 3/3] 00213e99adca nav=follow windows 171/171; 416x1024 cylindrical f_ref 488.924 · cam h 1.353 m, fwd 2.018 m, pitch-down +1.46° (MEASURED per-clip)
  [draw-independence] {"seeds": [0, 1], "map_logits_max_abs_diff": 0.0, "drivable_mask_identical": true, "argmax_identical": true, "iou_seed_a": 0.6892268694550063, "iou_seed_b": 0.6892268694550063, "traj_max_abs_diff_m": 7.6043701171875}
  w001/171 t=0 iou 0.6892 mean 0.6892 pooled 0.6892 | ctl 1.0000/0.9923 flip 0.455 | 2.8 s | RAM 11.3 GB
  w002/171 t=1 iou 0.7363 mean 0.7128 pooled 0.7128 | ctl 1.0000/0.9914 flip 0.466 | 0.4 s | RAM 11.3 GB
  w003/171 t=2 iou 0.7685 mean 0.7314 pooled 0.7310 | ctl 1.0000/0.9932 flip 0.470 | 0.4 s | RAM 11.3 GB
  w004/171 t=3 iou 0.8083 mean 0.7506 pooled 0.7496 | ctl 1.0000/0.9949 flip 0.480 | 0.4 s | RAM 11.3 GB
  w005/171 t=4 iou 0.8158 mean 0.7636 pooled 0.7622 | ctl 1.0000/0.9925 flip 0.493 | 0.4 s | RAM 11.3 GB
  w006/171 t=5 iou 0.8191 mean 0.7729 pooled 0.7712 | ctl 1.0000/0.9936 flip 0.511 | 0.4 s | RAM 11.3 GB
  w007/171 t=6 iou 0.7866 mean 0.7748 pooled 0.7733 | ctl 1.0000/0.9936 flip 0.522 | 0.4 s | RAM 11.2 GB
  w008/171 t=7 iou 0.7755 mean 0.7749 pooled 0.7735 | ctl 1.0000/0.9932 flip 0.526 | 0.4 s | RAM 11.2 GB
  w009/171 t=8 iou 0.7644 mean 0.7738 pooled 0.7726 | ctl 1.0000/0.9942 flip 0.530 | 0.4 s | RAM 11.3 GB
  w010/171 t=9 iou 0.7398 mean 0.7704 pooled 0.7694 | ctl 1.0000/0.9929 flip 0.534 | 0.4 s | RAM 11.3 GB
  w011/171 t=10 iou 0.7496 mean 0.7685 pooled 0.7677 | ctl 1.0000/0.9942 flip 0.534 | 0.4 s | RAM 11.3 GB
  w012/171 t=11 iou 0.7395 mean 0.7661 pooled 0.7655 | ctl 1.0000/0.9948 flip 0.527 | 0.4 s | RAM 11.2 GB
  w013/171 t=12 iou 0.7462 mean 0.7645 pooled 0.7640 | ctl 1.0000/0.9933 flip 0.526 | 0.4 s | RAM 11.3 GB
  w014/171 t=13 iou 0.7402 mean 0.7628 pooled 0.7624 | ctl 1.0000/0.9949 flip 0.518 | 0.4 s | RAM 11.3 GB
  w015/171 t=14 iou 0.7556 mean 0.7623 pooled 0.7619 | ctl 1.0000/0.9970 flip 0.512 | 0.4 s | RAM 11.3 GB
  w016/171 t=15 iou 0.7504 mean 0.7616 pooled 0.7612 | ctl 1.0000/0.9962 flip 0.506 | 0.4 s | RAM 11.3 GB
  w017/171 t=16 iou 0.7556 mean 0.7612 pooled 0.7609 | ctl 1.0000/0.9956 flip 0.506 | 0.4 s | RAM 11.3 GB
  w018/171 t=17 iou 0.7410 mean 0.7601 pooled 0.7598 | ctl 1.0000/0.9962 flip 0.497 | 0.4 s | RAM 11.3 GB
  w019/171 t=18 iou 0.7341 mean 0.7587 pooled 0.7584 | ctl 1.0000/0.9960 flip 0.493 | 0.4 s | RAM 11.3 GB
  w020/171 t=19 iou 0.7122 mean 0.7564 pooled 0.7560 | ctl 1.0000/0.9949 flip 0.489 | 0.4 s | RAM 11.3 GB
  w021/171 t=20 iou 0.6960 mean 0.7535 pooled 0.7530 | ctl 1.0000/0.9949 flip 0.484 | 0.4 s | RAM 11.3 GB
  w022/171 t=21 iou 0.6972 mean 0.7510 pooled 0.7503 | ctl 1.0000/0.9961 flip 0.469 | 0.4 s | RAM 11.3 GB
  w023/171 t=22 iou 0.7165 mean 0.7495 pooled 0.7487 | ctl 1.0000/0.9953 flip 0.461 | 0.4 s | RAM 11.3 GB
  w024/171 t=23 iou 0.7188 mean 0.7482 pooled 0.7474 | ctl 1.0000/0.9949 flip 0.463 | 0.4 s | RAM 11.3 GB
  w025/171 t=24 iou 0.7134 mean 0.7468 pooled 0.7459 | ctl 1.0000/0.9972 flip 0.463 | 0.4 s | RAM 11.2 GB
  w026/171 t=25 iou 0.6909 mean 0.7447 pooled 0.7436 | ctl 1.0000/0.9966 flip 0.467 | 0.4 s | RAM 11.2 GB
  w027/171 t=26 iou 0.6932 mean 0.7428 pooled 0.7416 | ctl 1.0000/0.9953 flip 0.472 | 0.4 s | RAM 11.2 GB
  w028/171 t=27 iou 0.6929 mean 0.7410 pooled 0.7398 | ctl 1.0000/0.9953 flip 0.485 | 0.4 s | RAM 11.2 GB
  w029/171 t=28 iou 0.6852 mean 0.7391 pooled 0.7377 | ctl 1.0000/0.9937 flip 0.496 | 0.4 s | RAM 11.2 GB
  w030/171 t=29 iou 0.7116 mean 0.7381 pooled 0.7369 | ctl 1.0000/0.9936 flip 0.507 | 0.4 s | RAM 11.2 GB
  w031/171 t=30 iou 0.7247 mean 0.7377 pooled 0.7365 | ctl 1.0000/0.9945 flip 0.514 | 0.4 s | RAM 11.2 GB
  w032/171 t=31 iou 0.7460 mean 0.7380 pooled 0.7368 | ctl 1.0000/0.9935 flip 0.518 | 0.4 s | RAM 11.2 GB
  w033/171 t=32 iou 0.7603 mean 0.7386 pooled 0.7375 | ctl 1.0000/0.9931 flip 0.523 | 0.4 s | RAM 11.2 GB
  w034/171 t=33 iou 0.7472 mean 0.7389 pooled 0.7377 | ctl 1.0000/0.9937 flip 0.527 | 0.4 s | RAM 11.2 GB
  w035/171 t=34 iou 0.7457 mean 0.7391 pooled 0.7380 | ctl 1.0000/0.9933 flip 0.535 | 0.4 s | RAM 11.2 GB
  w036/171 t=35 iou 0.7221 mean 0.7386 pooled 0.7375 | ctl 1.0000/0.9943 flip 0.535 | 0.4 s | RAM 11.2 GB
  w037/171 t=36 iou 0.6998 mean 0.7376 pooled 0.7365 | ctl 1.0000/0.9923 flip 0.541 | 0.4 s | RAM 11.2 GB
  w038/171 t=37 iou 0.6974 mean 0.7365 pooled 0.7354 | ctl 1.0000/0.9926 flip 0.546 | 0.4 s | RAM 11.2 GB
  w039/171 t=38 iou 0.6758 mean 0.7349 pooled 0.7339 | ctl 1.0000/0.9932 flip 0.545 | 0.4 s | RAM 11.2 GB
  w040/171 t=39 iou 0.6568 mean 0.7330 pooled 0.7318 | ctl 1.0000/0.9932 flip 0.546 | 0.4 s | RAM 11.2 GB
  w041/171 t=40 iou 0.6740 mean 0.7316 pooled 0.7303 | ctl 1.0000/0.9925 flip 0.550 | 0.4 s | RAM 11.2 GB
  w042/171 t=41 iou 0.6823 mean 0.7304 pooled 0.7291 | ctl 1.0000/0.9931 flip 0.558 | 0.4 s | RAM 11.2 GB
  w043/171 t=42 iou 0.7133 mean 0.7300 pooled 0.7288 | ctl 1.0000/0.9914 flip 0.552 | 0.4 s | RAM 11.2 GB
  w044/171 t=43 iou 0.7366 mean 0.7301 pooled 0.7290 | ctl 1.0000/0.9928 flip 0.551 | 0.4 s | RAM 11.2 GB
  w045/171 t=44 iou 0.7217 mean 0.7300 pooled 0.7288 | ctl 1.0000/0.9944 flip 0.550 | 0.4 s | RAM 11.2 GB
  w046/171 t=45 iou 0.7043 mean 0.7294 pooled 0.7283 | ctl 1.0000/0.9938 flip 0.545 | 0.4 s | RAM 11.2 GB
  w047/171 t=46 iou 0.7191 mean 0.7292 pooled 0.7281 | ctl 1.0000/0.9928 flip 0.544 | 0.4 s | RAM 11.2 GB
  w048/171 t=47 iou 0.7397 mean 0.7294 pooled 0.7283 | ctl 1.0000/0.9948 flip 0.542 | 0.4 s | RAM 11.2 GB
  w049/171 t=48 iou 0.7515 mean 0.7298 pooled 0.7288 | ctl 1.0000/0.9964 flip 0.543 | 0.4 s | RAM 11.2 GB
  w050/171 t=49 iou 0.7496 mean 0.7302 pooled 0.7292 | ctl 1.0000/0.9990 flip 0.545 | 0.4 s | RAM 11.2 GB
  w051/171 t=50 iou 0.7502 mean 0.7306 pooled 0.7295 | ctl 1.0000/0.9970 flip 0.548 | 0.4 s | RAM 11.2 GB
  w052/171 t=51 iou 0.7286 mean 0.7306 pooled 0.7295 | ctl 1.0000/0.9974 flip 0.556 | 0.4 s | RAM 11.2 GB
  w053/171 t=52 iou 0.7376 mean 0.7307 pooled 0.7297 | ctl 1.0000/0.9970 flip 0.561 | 0.4 s | RAM 11.2 GB
  w054/171 t=53 iou 0.7428 mean 0.7309 pooled 0.7299 | ctl 1.0000/0.9977 flip 0.567 | 0.4 s | RAM 11.2 GB
  w055/171 t=54 iou 0.7920 mean 0.7321 pooled 0.7309 | ctl 1.0000/0.9980 flip 0.576 | 0.4 s | RAM 11.2 GB
  w056/171 t=55 iou 0.8087 mean 0.7334 pooled 0.7321 | ctl 1.0000/0.9967 flip 0.582 | 0.4 s | RAM 11.1 GB
  w057/171 t=56 iou 0.8109 mean 0.7348 pooled 0.7334 | ctl 1.0000/0.9953 flip 0.596 | 0.4 s | RAM 11.2 GB
  w058/171 t=57 iou 0.8201 mean 0.7363 pooled 0.7347 | ctl 1.0000/0.9956 flip 0.613 | 0.4 s | RAM 11.2 GB
  w059/171 t=58 iou 0.7637 mean 0.7367 pooled 0.7352 | ctl 1.0000/0.9953 flip 0.632 | 0.4 s | RAM 11.2 GB
  w060/171 t=59 iou 0.7591 mean 0.7371 pooled 0.7356 | ctl 1.0000/0.9947 flip 0.640 | 0.4 s | RAM 11.2 GB
  w061/171 t=60 iou 0.6839 mean 0.7362 pooled 0.7346 | ctl 1.0000/0.9944 flip 0.640 | 0.4 s | RAM 11.2 GB
  w062/171 t=61 iou 0.7132 mean 0.7359 pooled 0.7343 | ctl 1.0000/0.9964 flip 0.652 | 0.4 s | RAM 11.2 GB
  w063/171 t=62 iou 0.7661 mean 0.7363 pooled 0.7348 | ctl 1.0000/0.9944 flip 0.654 | 0.4 s | RAM 11.2 GB
  w064/171 t=63 iou 0.6893 mean 0.7356 pooled 0.7340 | ctl 1.0000/0.9944 flip 0.661 | 0.4 s | RAM 11.2 GB
  w065/171 t=64 iou 0.6781 mean 0.7347 pooled 0.7330 | ctl 1.0000/0.9951 flip 0.668 | 0.4 s | RAM 11.2 GB
  w066/171 t=65 iou 0.7079 mean 0.7343 pooled 0.7326 | ctl 1.0000/0.9938 flip 0.674 | 0.4 s | RAM 11.2 GB
  w067/171 t=66 iou 0.6637 mean 0.7333 pooled 0.7315 | ctl 1.0000/0.9935 flip 0.669 | 0.4 s | RAM 11.2 GB
  w068/171 t=67 iou 0.6467 mean 0.7320 pooled 0.7300 | ctl 1.0000/0.9955 flip 0.656 | 0.4 s | RAM 11.2 GB
  w069/171 t=68 iou 0.6593 mean 0.7309 pooled 0.7289 | ctl 1.0000/0.9952 flip 0.654 | 0.4 s | RAM 11.2 GB
  w070/171 t=69 iou 0.7013 mean 0.7305 pooled 0.7285 | ctl 1.0000/0.9978 flip 0.649 | 0.4 s | RAM 11.2 GB
  w071/171 t=70 iou 0.6453 mean 0.7293 pooled 0.7273 | ctl 1.0000/0.9972 flip 0.635 | 0.4 s | RAM 11.2 GB
  w072/171 t=71 iou 0.6248 mean 0.7279 pooled 0.7257 | ctl 1.0000/0.9960 flip 0.621 | 0.4 s | RAM 11.2 GB
  w073/171 t=72 iou 0.6754 mean 0.7271 pooled 0.7250 | ctl 1.0000/0.9966 flip 0.630 | 0.4 s | RAM 11.2 GB
  w074/171 t=73 iou 0.6960 mean 0.7267 pooled 0.7245 | ctl 1.0000/0.9951 flip 0.629 | 0.4 s | RAM 11.2 GB
  w075/171 t=74 iou 0.7099 mean 0.7265 pooled 0.7243 | ctl 1.0000/0.9969 flip 0.632 | 0.4 s | RAM 11.2 GB
  w076/171 t=75 iou 0.6573 mean 0.7256 pooled 0.7234 | ctl 1.0000/0.9972 flip 0.640 | 0.4 s | RAM 11.2 GB
  w077/171 t=76 iou 0.6623 mean 0.7248 pooled 0.7225 | ctl 1.0000/0.9972 flip 0.635 | 0.4 s | RAM 11.2 GB
  w078/171 t=77 iou 0.6979 mean 0.7244 pooled 0.7222 | ctl 1.0000/0.9963 flip 0.629 | 0.4 s | RAM 11.2 GB
  w079/171 t=78 iou 0.6921 mean 0.7240 pooled 0.7218 | ctl 1.0000/0.9966 flip 0.637 | 0.4 s | RAM 11.2 GB
  w080/171 t=79 iou 0.7178 mean 0.7239 pooled 0.7217 | ctl 1.0000/0.9946 flip 0.626 | 0.4 s | RAM 11.2 GB
  w081/171 t=80 iou 0.7025 mean 0.7237 pooled 0.7215 | ctl 1.0000/0.9942 flip 0.630 | 0.4 s | RAM 11.2 GB
  w082/171 t=81 iou 0.7313 mean 0.7238 pooled 0.7216 | ctl 1.0000/0.9938 flip 0.624 | 0.4 s | RAM 11.2 GB
  w083/171 t=82 iou 0.7412 mean 0.7240 pooled 0.7218 | ctl 1.0000/0.9941 flip 0.619 | 0.4 s | RAM 11.2 GB
  w084/171 t=83 iou 0.7495 mean 0.7243 pooled 0.7221 | ctl 1.0000/0.9954 flip 0.614 | 0.4 s | RAM 11.2 GB
  w085/171 t=84 iou 0.7292 mean 0.7243 pooled 0.7222 | ctl 1.0000/0.9924 flip 0.608 | 0.4 s | RAM 11.2 GB
  w086/171 t=85 iou 0.7033 mean 0.7241 pooled 0.7220 | ctl 1.0000/0.9896 flip 0.606 | 0.4 s | RAM 11.2 GB
  w087/171 t=86 iou 0.7093 mean 0.7239 pooled 0.7218 | ctl 1.0000/0.9904 flip 0.606 | 0.4 s | RAM 11.2 GB
  w088/171 t=87 iou 0.7100 mean 0.7238 pooled 0.7217 | ctl 1.0000/0.9887 flip 0.617 | 0.4 s | RAM 11.2 GB
  w089/171 t=88 iou 0.7358 mean 0.7239 pooled 0.7219 | ctl 1.0000/0.9863 flip 0.620 | 0.4 s | RAM 11.2 GB
  w090/171 t=89 iou 0.7298 mean 0.7240 pooled 0.7219 | ctl 1.0000/0.9888 flip 0.620 | 0.4 s | RAM 11.3 GB
  w091/171 t=90 iou 0.7446 mean 0.7242 pooled 0.7222 | ctl 1.0000/0.9908 flip 0.621 | 0.4 s | RAM 11.3 GB
  w092/171 t=91 iou 0.7145 mean 0.7241 pooled 0.7221 | ctl 1.0000/0.9921 flip 0.617 | 0.4 s | RAM 11.3 GB
  w093/171 t=92 iou 0.7009 mean 0.7238 pooled 0.7219 | ctl 1.0000/0.9949 flip 0.618 | 0.4 s | RAM 11.3 GB
  w094/171 t=93 iou 0.6700 mean 0.7233 pooled 0.7213 | ctl 1.0000/0.9929 flip 0.614 | 0.4 s | RAM 11.3 GB
  w095/171 t=94 iou 0.6526 mean 0.7225 pooled 0.7205 | ctl 1.0000/0.9963 flip 0.601 | 0.4 s | RAM 11.3 GB
  w096/171 t=95 iou 0.6635 mean 0.7219 pooled 0.7199 | ctl 1.0000/0.9939 flip 0.602 | 0.4 s | RAM 11.2 GB
  w097/171 t=96 iou 0.6523 mean 0.7212 pooled 0.7192 | ctl 1.0000/0.9956 flip 0.604 | 0.4 s | RAM 11.2 GB
  w098/171 t=97 iou 0.6647 mean 0.7206 pooled 0.7187 | ctl 1.0000/0.9908 flip 0.597 | 0.4 s | RAM 11.3 GB
  w099/171 t=98 iou 0.6558 mean 0.7199 pooled 0.7181 | ctl 1.0000/0.9933 flip 0.597 | 0.4 s | RAM 11.3 GB
  w100/171 t=99 iou 0.6608 mean 0.7194 pooled 0.7175 | ctl 1.0000/0.9923 flip 0.584 | 0.4 s | RAM 11.3 GB
  w101/171 t=100 iou 0.6657 mean 0.7188 pooled 0.7170 | ctl 1.0000/0.9916 flip 0.582 | 0.4 s | RAM 11.3 GB
  w102/171 t=101 iou 0.6690 mean 0.7183 pooled 0.7165 | ctl 1.0000/0.9900 flip 0.573 | 0.4 s | RAM 11.3 GB
  w103/171 t=102 iou 0.6753 mean 0.7179 pooled 0.7161 | ctl 1.0000/0.9896 flip 0.568 | 0.4 s | RAM 11.3 GB
  w104/171 t=103 iou 0.6759 mean 0.7175 pooled 0.7158 | ctl 1.0000/0.9879 flip 0.570 | 0.4 s | RAM 11.3 GB
  w105/171 t=104 iou 0.6941 mean 0.7173 pooled 0.7156 | ctl 1.0000/0.9884 flip 0.574 | 0.4 s | RAM 11.3 GB
  w106/171 t=105 iou 0.7077 mean 0.7172 pooled 0.7155 | ctl 1.0000/0.9889 flip 0.584 | 0.4 s | RAM 11.3 GB
  w107/171 t=106 iou 0.7156 mean 0.7172 pooled 0.7155 | ctl 1.0000/0.9880 flip 0.595 | 0.4 s | RAM 11.3 GB
  w108/171 t=107 iou 0.7129 mean 0.7171 pooled 0.7155 | ctl 1.0000/0.9860 flip 0.606 | 0.4 s | RAM 11.3 GB
  w109/171 t=108 iou 0.7083 mean 0.7171 pooled 0.7154 | ctl 1.0000/0.9841 flip 0.619 | 0.4 s | RAM 11.3 GB
  w110/171 t=109 iou 0.7216 mean 0.7171 pooled 0.7155 | ctl 1.0000/0.9823 flip 0.636 | 0.4 s | RAM 11.3 GB
  w111/171 t=110 iou 0.7391 mean 0.7173 pooled 0.7157 | ctl 1.0000/0.9876 flip 0.644 | 0.4 s | RAM 11.2 GB
  w112/171 t=111 iou 0.7462 mean 0.7176 pooled 0.7159 | ctl 1.0000/0.9864 flip 0.661 | 0.4 s | RAM 11.2 GB
  w113/171 t=112 iou 0.7494 mean 0.7178 pooled 0.7162 | ctl 1.0000/0.9851 flip 0.667 | 0.4 s | RAM 11.2 GB
  w114/171 t=113 iou 0.7527 mean 0.7181 pooled 0.7164 | ctl 1.0000/0.9923 flip 0.680 | 0.4 s | RAM 11.2 GB
  w115/171 t=114 iou 0.6863 mean 0.7179 pooled 0.7162 | ctl 1.0000/0.9914 flip 0.683 | 0.4 s | RAM 11.2 GB
  w116/171 t=115 iou 0.6770 mean 0.7175 pooled 0.7159 | ctl 1.0000/0.9902 flip 0.690 | 0.4 s | RAM 11.2 GB
  w117/171 t=116 iou 0.6503 mean 0.7169 pooled 0.7153 | ctl 1.0000/0.9879 flip 0.686 | 0.4 s | RAM 11.2 GB
  w118/171 t=117 iou 0.6579 mean 0.7164 pooled 0.7148 | ctl 1.0000/0.9866 flip 0.693 | 0.4 s | RAM 11.2 GB
  w119/171 t=118 iou 0.6319 mean 0.7157 pooled 0.7140 | ctl 1.0000/0.9885 flip 0.714 | 0.4 s | RAM 11.2 GB
  w120/171 t=119 iou 0.6732 mean 0.7154 pooled 0.7137 | ctl 1.0000/0.9895 flip 0.718 | 0.4 s | RAM 11.2 GB
  w121/171 t=120 iou 0.6782 mean 0.7151 pooled 0.7134 | ctl 1.0000/0.9923 flip 0.724 | 0.4 s | RAM 11.2 GB
  w122/171 t=121 iou 0.7743 mean 0.7156 pooled 0.7138 | ctl 1.0000/0.9923 flip 0.728 | 0.4 s | RAM 11.2 GB
  w123/171 t=122 iou 0.7749 mean 0.7160 pooled 0.7142 | ctl 1.0000/0.9939 flip 0.726 | 0.4 s | RAM 11.2 GB
  w124/171 t=123 iou 0.8035 mean 0.7167 pooled 0.7148 | ctl 1.0000/0.9935 flip 0.739 | 0.4 s | RAM 11.2 GB
  w125/171 t=124 iou 0.7826 mean 0.7173 pooled 0.7153 | ctl 1.0000/0.9906 flip 0.741 | 0.4 s | RAM 11.2 GB
  w126/171 t=125 iou 0.7805 mean 0.7178 pooled 0.7157 | ctl 1.0000/0.9946 flip 0.738 | 0.4 s | RAM 11.2 GB
  w127/171 t=126 iou 0.7712 mean 0.7182 pooled 0.7160 | ctl 1.0000/0.9938 flip 0.756 | 0.4 s | RAM 11.2 GB
  w128/171 t=127 iou 0.7601 mean 0.7185 pooled 0.7163 | ctl 1.0000/0.9930 flip 0.759 | 0.4 s | RAM 11.2 GB
  w129/171 t=128 iou 0.7803 mean 0.7190 pooled 0.7167 | ctl 1.0000/0.9942 flip 0.773 | 0.4 s | RAM 11.2 GB
  w130/171 t=129 iou 0.7941 mean 0.7196 pooled 0.7172 | ctl 1.0000/0.9930 flip 0.769 | 0.4 s | RAM 11.2 GB
  w131/171 t=130 iou 0.8146 mean 0.7203 pooled 0.7178 | ctl 1.0000/0.9905 flip 0.772 | 0.4 s | RAM 11.2 GB
  w132/171 t=131 iou 0.7964 mean 0.7209 pooled 0.7183 | ctl 1.0000/0.9934 flip 0.768 | 0.4 s | RAM 11.2 GB
  w133/171 t=132 iou 0.7697 mean 0.7212 pooled 0.7186 | ctl 1.0000/0.9930 flip 0.765 | 0.4 s | RAM 11.2 GB
  w134/171 t=133 iou 0.8066 mean 0.7219 pooled 0.7191 | ctl 1.0000/0.9946 flip 0.775 | 0.4 s | RAM 11.2 GB
  w135/171 t=134 iou 0.7983 mean 0.7225 pooled 0.7196 | ctl 1.0000/0.9897 flip 0.790 | 0.4 s | RAM 11.2 GB
  w136/171 t=135 iou 0.7775 mean 0.7229 pooled 0.7199 | ctl 1.0000/0.9909 flip 0.789 | 0.4 s | RAM 11.2 GB
  w137/171 t=136 iou 0.7701 mean 0.7232 pooled 0.7202 | ctl 1.0000/0.9885 flip 0.796 | 0.4 s | RAM 11.2 GB
  w138/171 t=137 iou 0.7557 mean 0.7234 pooled 0.7204 | ctl 1.0000/0.9913 flip 0.794 | 0.4 s | RAM 11.2 GB
  w139/171 t=138 iou 0.7621 mean 0.7237 pooled 0.7206 | ctl 1.0000/0.9872 flip 0.796 | 0.4 s | RAM 11.2 GB
  w140/171 t=139 iou 0.7791 mean 0.7241 pooled 0.7210 | ctl 1.0000/0.9897 flip 0.788 | 0.4 s | RAM 11.2 GB
  w141/171 t=140 iou 0.8032 mean 0.7247 pooled 0.7214 | ctl 1.0000/0.9922 flip 0.785 | 0.4 s | RAM 11.2 GB
  w142/171 t=141 iou 0.7968 mean 0.7252 pooled 0.7218 | ctl 1.0000/0.9906 flip 0.790 | 0.4 s | RAM 11.2 GB
  w143/171 t=142 iou 0.7915 mean 0.7256 pooled 0.7222 | ctl 1.0000/0.9919 flip 0.787 | 0.4 s | RAM 11.2 GB
  w144/171 t=143 iou 0.7779 mean 0.7260 pooled 0.7225 | ctl 1.0000/0.9907 flip 0.796 | 0.4 s | RAM 11.2 GB
  w145/171 t=144 iou 0.7636 mean 0.7263 pooled 0.7228 | ctl 1.0000/0.9907 flip 0.797 | 0.4 s | RAM 11.2 GB
  w146/171 t=145 iou 0.7178 mean 0.7262 pooled 0.7227 | ctl 1.0000/0.9927 flip 0.797 | 0.4 s | RAM 11.2 GB
  w147/171 t=146 iou 0.6755 mean 0.7259 pooled 0.7224 | ctl 1.0000/0.9927 flip 0.804 | 0.4 s | RAM 11.2 GB
  w148/171 t=147 iou 0.7352 mean 0.7259 pooled 0.7225 | ctl 1.0000/0.9923 flip 0.800 | 0.4 s | RAM 11.2 GB
  w149/171 t=148 iou 0.7198 mean 0.7259 pooled 0.7225 | ctl 1.0000/0.9895 flip 0.802 | 0.4 s | RAM 11.2 GB
  w150/171 t=149 iou 0.7122 mean 0.7258 pooled 0.7224 | ctl 1.0000/0.9896 flip 0.800 | 0.4 s | RAM 11.2 GB
  w151/171 t=150 iou 0.6414 mean 0.7252 pooled 0.7219 | ctl 1.0000/0.9915 flip 0.801 | 0.4 s | RAM 11.2 GB
  w152/171 t=151 iou 0.6857 mean 0.7250 pooled 0.7217 | ctl 1.0000/0.9912 flip 0.795 | 0.4 s | RAM 11.2 GB
  w153/171 t=152 iou 0.7789 mean 0.7253 pooled 0.7220 | ctl 1.0000/0.9892 flip 0.802 | 0.4 s | RAM 11.2 GB
  w154/171 t=153 iou 0.7590 mean 0.7255 pooled 0.7222 | ctl 1.0000/0.9871 flip 0.803 | 0.4 s | RAM 11.2 GB
  w155/171 t=154 iou 0.7600 mean 0.7258 pooled 0.7224 | ctl 1.0000/0.9876 flip 0.808 | 0.4 s | RAM 11.2 GB
  w156/171 t=155 iou 0.7412 mean 0.7259 pooled 0.7225 | ctl 1.0000/0.9844 flip 0.804 | 0.4 s | RAM 11.2 GB
  w157/171 t=156 iou 0.7685 mean 0.7261 pooled 0.7227 | ctl 1.0000/0.9875 flip 0.797 | 0.4 s | RAM 11.2 GB
  w158/171 t=157 iou 0.7435 mean 0.7262 pooled 0.7229 | ctl 1.0000/0.9900 flip 0.799 | 0.4 s | RAM 11.2 GB
  w159/171 t=158 iou 0.7569 mean 0.7264 pooled 0.7230 | ctl 1.0000/0.9916 flip 0.806 | 0.4 s | RAM 11.2 GB
  w160/171 t=159 iou 0.7636 mean 0.7267 pooled 0.7233 | ctl 1.0000/0.9884 flip 0.806 | 0.4 s | RAM 11.2 GB
  w161/171 t=160 iou 0.7563 mean 0.7269 pooled 0.7235 | ctl 1.0000/0.9888 flip 0.806 | 0.4 s | RAM 11.2 GB
  w162/171 t=161 iou 0.8084 mean 0.7274 pooled 0.7239 | ctl 1.0000/0.9907 flip 0.807 | 0.4 s | RAM 11.2 GB
  w163/171 t=162 iou 0.7739 mean 0.7276 pooled 0.7242 | ctl 1.0000/0.9870 flip 0.812 | 0.4 s | RAM 11.2 GB
  w164/171 t=163 iou 0.7559 mean 0.7278 pooled 0.7243 | ctl 1.0000/0.9832 flip 0.815 | 0.4 s | RAM 11.2 GB
  w165/171 t=164 iou 0.7211 mean 0.7278 pooled 0.7243 | ctl 1.0000/0.9786 flip 0.824 | 0.4 s | RAM 11.2 GB
  w166/171 t=165 iou 0.7050 mean 0.7276 pooled 0.7242 | ctl 1.0000/0.9785 flip 0.826 | 0.4 s | RAM 11.2 GB
  w167/171 t=166 iou 0.7061 mean 0.7275 pooled 0.7241 | ctl 1.0000/0.9804 flip 0.832 | 0.4 s | RAM 11.2 GB
  w168/171 t=167 iou 0.7142 mean 0.7274 pooled 0.7241 | ctl 1.0000/0.9845 flip 0.832 | 0.4 s | RAM 11.2 GB
  w169/171 t=168 iou 0.7260 mean 0.7274 pooled 0.7241 | ctl 1.0000/0.9890 flip 0.834 | 0.4 s | RAM 11.2 GB
  w170/171 t=169 iou 0.7334 mean 0.7275 pooled 0.7241 | ctl 1.0000/0.9920 flip 0.833 | 0.4 s | RAM 11.2 GB
  w171/171 t=170 iou 0.7149 mean 0.7274 pooled 0.7241 | ctl 1.0000/0.9903 flip 0.823 | 0.4 s | RAM 11.1 GB
[clip 3] 00213e99adca follow: mean IoU 0.7273857987634809 pooled 0.7240719131546113 (n=171); controls {"n": 171, "consistent_iou_eq_1": 171, "consistent_union0": 0, "consistent_min_iou": 1.0, "onehot_iou_min": 0.9784589892294946, "onehot_iou_sum": 169.68462567473674, "n_mixed_total": 4131, "n_impossible_total": 0, "panel_equal": 0, "panel_checked": 0, "consistent_panel_equal": 0, "mut_flip_iou_max": 0.8340508806262231, "mut_flip_red": 171, "mut_chan_red": 171, "cellcount_agree": 171, "onehot_iou_mean": 0.9923077524838405, "pixel_check_on_this_clip": false}
==============================================================================
FILE        D:\Projects\TanitAD\FlyWheels\TanitAD_EvalFlyWheel\incoming\2026-09-26-refcv6-map-video\raw\refcv6_map_step35000.mp4
size        20,613,316 B = 19.66 MiB   [UNDER the 30 MiB delivery limit]
codec       h264 / High pix=yuv420p
dimensions  1920x1200   (container metadata)
avg_fps     10.000      duration 58.80 s
DECODED     588 frames   decode_clean=True
consistency n/fps = 58.80 s vs container 58.80 s
==============================================================================

[mapvid] wrote done-marker C:/Users/Admin/qland/work/mapvid/RENDER_DONE: {"status": "ok", "t": "2026-09-26T20:29:57", "tool": "render_refcv6_map_video.py", "video": "D:\\Projects\\TanitAD\\FlyWheels\\TanitAD_EvalFlyWheel\\incoming\\2026-09-26-refcv6-map-video\\raw\\refcv6_map_step35000.mp4", "bytes": 20613316, "frames": 588, "clips": [{"sha12": "693335b810c3", "nav": "left", "iou_mean": 0.7031505032390304, "n": 171}, {"sha12": "0191487845ef", "nav": "right", "iou_mean": 0.6215717147009864, "n": 171}, {"sha12": "00213e99adca", "nav": "follow", "iou_mean": 0.7273857987634809, "n": 171}], "wall_s": 222.9}
[mapvid] DONE D:\Projects\TanitAD\FlyWheels\TanitAD_EvalFlyWheel\incoming\2026-09-26-refcv6-map-video\raw\refcv6_map_step35000.mp4 (20,613,316 B, 588 frames) in 222.9 s; RAM {"floor_gb": 8.0, "min_available_gb": 10.71, "process_peak_working_set_gb": 2.49, "kill_mode": false, "n_samples_below_floor": 0}
EXIT=0
