[v3] anchors: artifact anchors (117, 8, 2), controls (117, 2), units=alat (cli-override-legacy-file), horizon_s=None, dt=None, ref_speed_ms=None, kappa_cap=None, alat_v_floor=None, schema=None
[v3] anchors: loaded (117, 8, 2) from C:\Users\Admin\run_wbank\refc_anchors_6s_v0cond_alat_117.pt (sha256 51f930dc6f3564ff)
[v3] anchors: v0-CONDITIONED, controls (117, 2) (accel, lateral accel), units=alat (source: cli-override-legacy-file), rolled per window; withheld rows at 10.0 m/s. straight-ahead control present: True
[parity] ⚠ NON-PARITY corpus for *train* cache: C:\Users\Admin\tanitad-data\physicalai\_epcache\physicalai-train-14231cd29c74 references no registered parity key (physicalai-train-e438721ae894 / physicalai-val-0c5f7dac3b11). Results off it are NOT cross-arm comparable with the parity arms.
[v3] 48 episodes from C:\Users\Admin\tanitad-data\physicalai\_epcache\physicalai-train-14231cd29c74
[v3] 48 episodes -> 8199 windows (window 8, max_horizon 20, image_hw (256, 256), tac_vocab kin3)
[v3] u8_batches=False: frames+future_frames = 0.793 GB per collated batch (float32), <= 1 in flight -> ~0.79 GB
[v3] withheld bank: mode=fixed warmup=0 speed_max=35.0 m/s pool=None
[v3:hier] step 50 loss 32.2509 traj 4.0352
[v3:hier] step 100 loss 21.7836 traj 2.2781
[v3:hier] step 150 loss 16.4325 traj 1.5345
[v3:hier] step 200 loss 16.9652 traj 1.3998
[v3:hier] step 250 loss 14.4329 traj 1.6166
[v3:hier] step 300 loss 14.5431 traj 1.0978
[v3:hier] step 350 loss 17.6799 traj 1.4519
[v3:hier] step 400 loss 10.7053 traj 0.8925
[v3:hier] step 450 loss 15.5617 traj 1.6586
[v3:hier] step 500 loss 14.6793 traj 1.5330
[v3:hier] step 550 loss 14.1776 traj 1.4023
[v3:hier] step 600 loss 14.2783 traj 1.1729
[v3:hier] step 650 loss 18.5819 traj 1.4860
[v3:hier] step 700 loss 10.9135 traj 1.2687
[v3:hier] step 750 loss 11.2817 traj 1.2013
[v3:hier] step 800 loss 12.4785 traj 1.0036
[v3:hier] step 850 loss 13.2638 traj 1.1071
[v3:hier] step 900 loss 14.4130 traj 1.5701
[v3:hier] step 950 loss 9.2032 traj 0.9396
[v3:hier] step 1000 loss 14.3299 traj 1.7216
[v3:hier] step 1050 loss 9.7486 traj 1.0792
[v3:hier] step 1100 loss 11.3157 traj 1.0953
[v3:hier] step 1150 loss 7.9479 traj 0.7798
[v3:hier] step 1200 loss 10.1008 traj 1.0466
[v3:hier] step 1250 loss 9.4062 traj 1.1765
[v3:hier] step 1300 loss 9.2549 traj 1.2990
[v3:hier] step 1350 loss 9.7075 traj 1.3139
[v3:hier] step 1400 loss 10.3748 traj 1.2082
[v3:hier] step 1450 loss 8.2204 traj 0.9242
[v3:hier] step 1500 loss 6.5420 traj 0.6661
[v3:hier] step 1550 loss 9.6809 traj 1.0875
[v3:hier] step 1600 loss 7.6803 traj 0.9299
[v3:hier] step 1650 loss 7.1264 traj 0.9193
[v3:hier] step 1700 loss 7.7038 traj 0.6720
[v3:hier] step 1750 loss 7.6004 traj 1.1881
[v3:hier] step 1800 loss 6.4118 traj 1.0972
[v3:hier] step 1850 loss 7.0933 traj 0.9247
[v3:hier] step 1900 loss 8.2796 traj 1.1055
[v3:hier] step 1950 loss 6.0404 traj 1.0046
[v3:hier] step 2000 loss 7.4057 traj 1.1535
[v3:hier] ckpt step 2000 -> ckpt.pt
[v3:hier] DONE at 2000 — summary.json written
