CONTROL                                       GREEN      failed=0 errors=0 8.8s  12 passed in 4.92s
N1_exclusive_radius                           RED        failed=1 errors=0 6.5s  1 failed, 1 passed, 3 deselected in 4.17s
N2_ascending_score_order                      RED        failed=1 errors=0 6.3s  1 failed, 3 deselected in 4.64s
N3_floor_ignored                              RED        failed=1 errors=0 6.9s  1 failed, 3 passed, 3 deselected in 3.73s
N4_tie_prefers_larger_radius                  RED        failed=1 errors=0 4.9s  1 failed, 24 deselected in 3.64s
N5_input_pack_mutated                         RED        failed=1 errors=0 9.9s  1 failed, 1 passed, 21 deselected in 7.06s
N6_gate_unvalidated                           RED        failed=1 errors=0 6.2s  1 failed, 1 passed, 23 deselected in 4.78s
N7_census_read_at_the_declared_gate           RED        failed=1 errors=0 15.5s  1 failed, 3 passed, 21 deselected in 13.15s
N8_planner_imports_nms (scanner)              RED        failed=1 errors=0 5.3s  1 failed, 24 deselected in 3.97s
T1_last_edge_on_ties                          RED        failed=1 errors=0 6.0s  1 failed, 1 passed, 12 deselected in 4.94s
T2_gate_is_the_declared_half                  RED        failed=1 errors=0 14.2s  1 failed, 16 deselected in 13.11s
T3_empty_class_not_refused                    RED        failed=1 errors=0 7.4s  1 failed, 16 deselected in 4.36s
T4_first_band_only                            SURVIVED   failed=0 errors=0 5.5s  2 passed, 15 deselected in 4.08s
J1_ego_list_ignored                           RED        failed=1 errors=0 9.3s  1 failed, 4 passed in 7.75s
J2_footprint_too_wide                         RED        failed=1 errors=0 6.1s  1 failed in 4.81s
R1_reader_discards_the_stripped_agents        RED        failed=1 errors=0 9.2s  1 failed, 4 passed in 7.39s
J3_load_accepts_raw_clip_keys                 RED        failed=1 errors=0 10.1s  1 failed, 13 passed in 7.27s
J4_only_record_f_masked                       RED        failed=1 errors=0 10.1s  1 failed, 8 passed in 6.93s
J5_masked_row_not_zeroed                      RED        failed=1 errors=0 11.0s  1 failed, 8 passed in 8.04s
J6_mask_flag_not_cleared                      RED        failed=1 errors=0 11.6s  1 failed, 8 passed in 7.91s
R2_reader_discards_the_rate_mask              RED        failed=1 errors=0 9.8s  1 failed, 8 passed in 7.89s
D1_range_is_x_only                            RED        failed=1 errors=0 7.3s  1 failed, 2 passed in 5.56s
D2_h_error_reads_z                            RED        failed=1 errors=0 7.9s  1 failed, 2 passed in 6.02s
D3_flag_on_by_default                         RED        failed=1 errors=0 6.2s  1 failed in 3.64s
Z1_near_field_is_the_highest_low_edge         RED        failed=1 errors=0 7.0s  1 failed, 4 passed in 4.43s
Z2_far_bin_trusted                            RED        failed=1 errors=0 6.1s  1 failed, 5 passed in 3.91s
Z3_headline_pools_every_range                 RED        failed=1 errors=0 5.2s  1 failed, 5 passed in 3.38s
X1_not_seen_cells_counted_as_supervised       RED        failed=1 errors=0 5.4s  1 failed, 3 passed in 4.14s
X2_missing_file_falls_back_to_zeros           RED        failed=1 errors=0 7.1s  1 failed in 4.64s
X3_missing_file_flagged_labelled              RED        failed=1 errors=0 7.4s  1 failed in 5.89s
[campaign] 30 entries, 1 not red/green-as-expected: ['T4_first_band_only']
