[2026-08-03T19:09:35Z] supervisor UP on e98a867e7c55; OUT=/workspace/experiments/flagship-v5f-w120-30k; heartbeat=/workspace/ops/heartbeats/flagship-v5f-w120-30k.json
[2026-08-03T19:09:35Z] trainer ALREADY RUNNING outside this supervisor (pid 19412, TRAIN_MATCH='scripts/train_flagship_v4.py.*flagship-v5f-w120-30k') — NOT launching; waiting for it to exit
[2026-08-03T20:48:44Z] external trainer gone — taking over
[2026-08-03T20:48:44Z] launch attempt (restarts=0) in /workspace/TanitAD/stack
[2026-08-03T20:48:44Z] trainer pid=26521
[2026-08-03T20:52:50Z] supervisor UP on e98a867e7c55; OUT=/workspace/experiments/flagship-v5f-w120-30k; heartbeat=/workspace/ops/heartbeats/flagship-v5f-w120-30k.json
[2026-08-03T20:52:50Z] launch attempt (restarts=0) in /workspace/TanitAD/stack
[2026-08-03T20:52:50Z] trainer pid=27231
[2026-08-03T20:55:50Z] trainer exited rc=137
[2026-08-03T20:55:51Z] not done — relaunch #1 in 10s (resumes from ckpt.pt)
[2026-08-03T20:56:01Z] launch attempt (restarts=1) in /workspace/TanitAD/stack
[2026-08-03T20:56:01Z] trainer pid=28039
[2026-08-03T20:58:41Z] supervisor UP on e98a867e7c55; OUT=/workspace/experiments/flagship-v5f-w120-30k; heartbeat=/workspace/ops/heartbeats/flagship-v5f-w120-30k.json
[2026-08-03T20:58:41Z] launch attempt (restarts=0) in /workspace/TanitAD/stack
[2026-08-03T20:58:41Z] trainer pid=28905
[2026-08-03T21:03:55Z] another supervisor holds /workspace/ops/locks/flagship-v5f-w120-30k.lock — exiting
[2026-08-03T21:06:12Z] supervisor UP on e98a867e7c55; OUT=/workspace/experiments/flagship-v5f-w120-30k; heartbeat=/workspace/ops/heartbeats/flagship-v5f-w120-30k.json
[2026-08-03T21:06:12Z] launch attempt (restarts=0) in /workspace/TanitAD/stack
[2026-08-03T21:06:12Z] trainer pid=29782
[2026-08-03T21:08:28Z] another supervisor holds /workspace/ops/locks/flagship-v5f-w120-30k.lock — exiting
[2026-08-03T21:11:20Z] supervisor UP on e98a867e7c55; OUT=/workspace/experiments/flagship-v5f-w120-30k; heartbeat=/workspace/ops/heartbeats/flagship-v5f-w120-30k.json
[2026-08-03T21:11:21Z] launch attempt (restarts=0) in /workspace/TanitAD/stack
[2026-08-03T21:11:21Z] trainer pid=30599
