00:49:58 M6b chain start (pid 41256)
00:49:59 code baseline: proxy_train.py 25ffc4537f1d, measures.py da8be1d2f569, model.py 79a80a2012aa, train.py 99a7ae549c5b, proxy_cache.py 7aa052843c14, planner.py 8f15c9f62a91, navtrain_scenarios.py c1c073b20036, proxy_eval.py c7f626710995, refe_navtest_seam.py 5bf2eb7840de, eval_checkpoint.py ebf6afc4f7d9
00:49:59 selftests on the FINAL bytes: {'selftest_measures covers measures.py (or is RUNNING on these bytes; the analysis waits for it)': True, 'selftest_proxy_train covers proxy_train.py': True, 'selftest_proxy_eval covers proxy_eval.py': True}
00:50:31 COPY RE-VERIFIED for M6b: 80 shard files == the manifest's sha256 + frames/rows == source + verify rc 0 (31 s); C: free 41.56 GiB; guard on (< 15.0 GiB deletes it)
00:50:31 ALL arms read C:\Users\Admin\refe_proxy_fast\cache_train_ep015
00:50:32 decode_base: START (VRAM used 2525 + need 800 <= cap 6960 MiB; free RAM 10.2 >= 3.0 GB; est 8.0 min)
00:50:32 G3_zero_lr: START (VRAM used 2525 + need 2500 <= cap 6960 MiB; free RAM 10.2 >= 3.0 GB; est 8.0 min)
00:51:11 G3_zero_lr: EXIT 0 after 0.7 min
00:51:12 Wt0: START (VRAM used 2778 + need 2500 <= cap 6960 MiB; free RAM 8.4 >= 3.0 GB; est 16.0 min)
00:51:52 M6b chain v2 start (pid 41212; replaces v1 pid 41256, see the docstring)
00:51:53 code baseline: proxy_train.py 25ffc4537f1d, measures.py da8be1d2f569, model.py 79a80a2012aa, train.py 99a7ae549c5b, proxy_cache.py 7aa052843c14, planner.py 8f15c9f62a91, navtrain_scenarios.py c1c073b20036, proxy_eval.py c7f626710995, refe_navtest_seam.py 5bf2eb7840de, eval_checkpoint.py ebf6afc4f7d9
00:51:53 selftests on the FINAL bytes: {'selftest_measures covers measures.py (or is RUNNING on these bytes; the analysis waits for it)': True, 'selftest_proxy_train covers proxy_train.py': True, 'selftest_proxy_eval covers proxy_eval.py': True}
00:52:33 COPY RE-VERIFIED for M6b: 80 shard files == the manifest's sha256 + frames/rows == source + verify rc 0 (39 s); C: free 41.09 GiB; guard on (< 15.0 GiB deletes it)
00:52:33 ALL arms read C:\Users\Admin\refe_proxy_fast\cache_train_ep015
00:57:09 Wt0: completed by the replaced chain -- kept
00:57:11 T0: START (VRAM used 2656 + ramping 0 + need 2500 <= cap 6960 MiB; free RAM 11.3 >= 3.0 GB; est 16.0 min)
00:57:57 decode_base: completed by the replaced chain -- kept
00:57:58 decode_Wt0: waiting (VRAM used 6089 + ramping 2500 + need 800 vs cap 6960 MiB; free RAM 11.2 GB)
01:02:00 T0: EXIT 0 after 4.8 min
01:02:01 Wt1: START (VRAM used 2403 + ramping 0 + need 2500 <= cap 6960 MiB; free RAM 18.9 >= 3.0 GB; est 13.5 min)
01:02:04 decode_Wt0: START (VRAM used 2403 + ramping 2500 + need 800 <= cap 6960 MiB; free RAM 18.4 >= 3.0 GB; est 8.0 min)
01:07:14 Wt1: EXIT 0 after 5.2 min
01:07:20 T1: START (VRAM used 2785 + ramping 0 + need 2500 <= cap 6960 MiB; free RAM 11.7 >= 3.0 GB; est 14.0 min)
01:12:13 decode_Wt0: EXIT 0 after 10.1 min
01:12:15 decode_T0: waiting (VRAM used 6637 + ramping 0 + need 800 vs cap 6960 MiB; free RAM 8.7 GB)
01:12:53 T1: EXIT 0 after 5.5 min
01:12:54 Wt2: START (VRAM used 2347 + ramping 0 + need 2500 <= cap 6960 MiB; free RAM 19.5 >= 3.0 GB; est 18.6 min)
01:12:55 decode_T0: START (VRAM used 2347 + ramping 2500 + need 800 <= cap 6960 MiB; free RAM 19.9 >= 3.0 GB; est 12.2 min)
01:18:10 Wt2: EXIT 0 after 5.3 min
01:18:11 T2: START (VRAM used 2463 + ramping 0 + need 2500 <= cap 6960 MiB; free RAM 15.7 >= 3.0 GB; est 18.2 min)
01:23:08 T2: EXIT 0 after 4.9 min
01:24:50 decode_T0: EXIT 0 after 11.9 min
01:24:51 decode_Wt1: START (VRAM used 2177 + ramping 0 + need 800 <= cap 6960 MiB; free RAM 19.4 >= 3.0 GB; est 14.3 min)
01:25:52 decode_Wt1: EXIT 0 after 1.0 min
01:25:52 decode_T1: START (VRAM used 2177 + ramping 800 + need 800 <= cap 6960 MiB; free RAM 19.2 >= 3.0 GB; est 2.0 min)
01:26:18 decode_T1: EXIT 0 after 0.4 min
01:26:19 decode_Wt2: START (VRAM used 2177 + ramping 1600 + need 800 <= cap 6960 MiB; free RAM 19.3 >= 3.0 GB; est 2.0 min)
01:26:47 decode_Wt2: EXIT 0 after 0.5 min
01:26:48 decode_T2: START (VRAM used 2177 + ramping 2400 + need 800 <= cap 6960 MiB; free RAM 16.9 >= 3.0 GB; est 2.0 min)
01:27:18 decode_T2: EXIT 0 after 0.5 min
01:27:18 GPU stages: arms complete ['Wt0', 'T0', 'Wt1', 'T1', 'Wt2', 'T2']; decodes ['base', 'Wt0', 'T0', 'Wt1', 'T1', 'Wt2', 'T2']; G3 complete
01:27:18 GPU stages COMPLETE
01:27:18 refav1 token written, once, to 2026-09-27-m6-proxy/chain.log (M6b's last GPU stage exited)
01:27:19 selftest_measures: PASS on the chain's measures.py bytes -- G4's record is in place
01:38:46 score_gating_1: EXIT 0 after 11.4 min
01:39:41 families: EXIT 0 after 0.9 min
01:40:10 analyze_m6b: EXIT 0 after 0.5 min
01:40:10 m6b_report: EXIT 0 after 0.0 min
01:40:10 M6B RESULT WRITTEN
01:40:11 COPY DELETED (after its last reader (analyze-m6b's G1 verify)): C: free 48.72 -> 64.51 GiB; still exists: False
01:58:51 score_rest: EXIT 1 after 18.7 min
01:58:51 M6b chain done
