07:29:35 BEGIN tree = git -c core.autocrlf=false archive 3cca805 (tip: NEW-2 cef9709 + its Thor gate records) stack taniteval tools; cab = tree + the gate's 8 files (overlay/), FINAL work copy of 2026-09-27T07:28:39Z
07:29:35 START closure_probe
07:29:38 END closure_probe rc=0
07:29:38 START unit
07:29:46 END unit rc=0
07:29:46 START tiny_live
07:29:57 END tiny_live rc=2
07:29:57 SKIP model_r6
07:29:57 SKIP model_r7like
07:29:57 START model_r7
07:30:10 END model_r7 rc=2
07:30:10 SKIP clock_r6
07:30:10 SKIP arms_r7
07:30:10 START arms_r7c
07:31:28 END arms_r7c rc=0
07:31:28 SKIP arms_r6
07:31:28 START arms_tiny
07:32:17 END arms_tiny rc=0
07:32:17 START self_mutation
07:32:40 END self_mutation rc=143
07:32:40 SKIP model_r6_eval
07:32:40 SKIP arms_r6_eval
07:32:40 ALLDONE
