110 admissible labels, 78 with a SCOREABLE branch
  [1/78] 0d10d2e3 poses=52 f_eff=266.2 50s
  [2/78] 185ee101 poses=103 f_eff=265.9 143s
  [3/78] 19dc4c06 poses=60 f_eff=265.9 197s
  [4/78] 1ad2258e poses=60 f_eff=266.0 252s
  [5/78] 1bed5f04 poses=76 f_eff=265.9 315s
  [6/78] 1d6e30bc poses=30 f_eff=266.0 339s
  [7/78] 1e0b54b8 poses=59 f_eff=266.0 389s
  [8/78] 22fa5c92 poses=60 f_eff=265.9 440s
  [9/78] 2509e4dd poses=60 f_eff=266.2 490s
  [10/78] 252f2781 poses=166 f_eff=266.0 596s
  [11/78] 268949d2 poses=60 f_eff=265.8 631s
  [12/78] 27e14d22 poses=57 f_eff=266.0 666s
  [13/78] 28fda1db poses=23 f_eff=266.0 681s
  [14/78] 2c1e7643 poses=60 f_eff=266.2 711s
  [15/78] 2c84ac16 poses=60 f_eff=265.8 731s
  [16/78] 2f5e9ff5 poses=58 f_eff=266.2 750s
  [17/78] 31ae8f1a poses=19 f_eff=265.8 757s
  [18/78] 37a9fc2d poses=8 f_eff=265.9 1226s
=== attempt 1 2026-08-03T19:16:05+02:00 ===
110 admissible labels, 78 with a SCOREABLE branch
resuming: 18 scenes already checkpointed in /home/nvidia/nurec-gsplat/results/t1_ticks_parts
  [19/78] 37d060d6 poses=85 f_eff=265.9 26s
  [20/78] 382a7247 poses=6 f_eff=266.1 29s
  [21/78] 3ce13eed poses=24 f_eff=265.9 37s
  [22/78] 3e265bc2 poses=60 f_eff=266.1 56s
  [23/78] 403d558a poses=27 f_eff=266.0 68s
  [24/78] 470c4ecc poses=62 f_eff=266.1 91s
  [25/78] 4a2db3b3 poses=53 f_eff=266.0 110s
  [26/78] 510831a8 poses=60 f_eff=265.9 132s
  [27/78] 55bd2955 poses=60 f_eff=266.2 155s
  [28/78] 58814d76 poses=60 f_eff=266.1 177s
  [29/78] 5894f7ff poses=23 f_eff=266.0 188s
  [30/78] 5c238c8f poses=40 f_eff=266.1 206s
  [31/78] 5ec7792d poses=145 f_eff=265.9 274s
  [32/78] 624265f9 poses=60 f_eff=266.1 305s
  [33/78] 64cfbdc4 poses=50 f_eff=266.0 331s
  [34/78] 68abdefe poses=94 f_eff=265.8 372s
  [35/78] 6ac28ce5 poses=94 f_eff=266.1 408s
  [36/78] 6bffbe09 poses=60 f_eff=266.2 434s
  [37/78] 706f3a65 poses=64 f_eff=266.1 461s
  [38/78] 72ac5d7c poses=51 f_eff=265.8 488s
  [39/78] 7bb5216b poses=60 f_eff=266.1 511s
  [40/78] 7c72937c poses=77 f_eff=266.2 535s
  [41/78] 7daa7410 poses=60 f_eff=265.9 559s
  [42/78] 80c97721 poses=56 f_eff=266.1 580s
  [43/78] 817c63d5 poses=43 f_eff=265.9 602s
  [44/78] 9089f5d5 poses=46 f_eff=265.9 620s
  [45/78] 90a3d349 poses=60 f_eff=265.8 642s
  [46/78] 92d9c0eb poses=60 f_eff=266.2 665s
  [47/78] 97d6b1d4 poses=4 f_eff=266.0 672s
  [48/78] 98694f91 poses=60 f_eff=266.0 694s
  [49/78] a087953d poses=54 f_eff=265.9 716s
  [50/78] a4d2f7cf poses=60 f_eff=266.0 737s
  [51/78] a55d1c06 poses=60 f_eff=266.0 769s
  [52/78] aa094af8 poses=23 f_eff=266.0 783s
  [53/78] abd45a30 poses=71 f_eff=265.9 820s
  [54/78] adb72a39 poses=106 f_eff=265.9 867s
  [55/78] b22281c8 poses=57 f_eff=266.2 898s
  [56/78] b5d12506 poses=88 f_eff=266.0 935s
  [57/78] bad7a546 poses=112 f_eff=266.1 973s
  [59/78] bc843fa0 poses=60 f_eff=265.9 1006s
  [60/78] bdc3344d poses=125 f_eff=266.1 1063s
  [61/78] c099d336 poses=60 f_eff=265.9 1092s
  [62/78] c3d4065e poses=76 f_eff=265.9 1124s
  [63/78] c8e4cce1 poses=60 f_eff=266.2 1155s
  [64/78] cc466599 poses=60 f_eff=265.9 1187s
  [65/78] d85682b8 poses=60 f_eff=266.2 1210s
  [66/78] db529700 poses=60 f_eff=266.0 1233s
  [67/78] dba136f2 poses=60 f_eff=266.0 1254s
  [68/78] dc1966f4 poses=73 f_eff=266.1 1280s
  [69/78] e206610d poses=60 f_eff=266.0 1302s
  [70/78] e297279a poses=73 f_eff=266.0 1328s
  [71/78] e4a8ce47 poses=38 f_eff=266.2 1344s
  [72/78] e9335cc9 poses=60 f_eff=265.9 1368s
  [73/78] ec76174b poses=60 f_eff=266.1 1392s
  [74/78] f4e31360 poses=60 f_eff=265.9 1413s
  [75/78] f636ac7b poses=47 f_eff=265.9 1431s
  [76/78] f93db5db poses=102 f_eff=266.0 1464s
  [77/78] fb36b704 poses=40 f_eff=265.9 1480s
  [78/78] fda39805 poses=105 f_eff=265.9 1515s
wrote /home/nvidia/nurec-gsplat/results/t1_route_ticks.json  (77 scenes, 1514.6s, 1 errors)
T1_TICKS_DONE_RC=0
