[v3] anchors: artifact anchors (117, 8, 2), controls (117, 2), units=alat (cli-override-legacy-file), horizon_s=None, dt=None, ref_speed_ms=None, kappa_cap=None, alat_v_floor=None, schema=None
[v3] tensor sharing = file_system (workers=6; /dev/shm 24 GB vs ~34 MB/clip payloads)
[v3] anchors: loaded (117, 8, 2) from /workspace/experiments/refcv4b-b1-v72-40k/anchors.pt (sha256 51f930dc6f3564ff)
[v3] anchors: v0-CONDITIONED, controls (117, 2) (accel, lateral accel), units=alat (source: cli-override-legacy-file), rolled per window; withheld rows at 10.0 m/s. straight-ahead control present: True
[parity] ⚠ NON-PARITY v2 corpus for v3 v2-cache: ['/root/data/train'] reference no registered parity key. Results off it are NOT cross-arm comparable with the parity arms.
[v2] /root/data/train: 4572 providers (channels 9, 256x640 px), episode ids from 'episode_uid' [collision-free; the as-built 16-bit ids would give only 4442 distinct for 4572 clips]
[v2] 4572 providers, 4572 distinct episode ids
[v3] 4572 lazy v2 providers from ['/root/data/train'] (lru 24)
[v3] v7.2 labels: 4572 records, joined 4572/4572 episodes = 100.0 % (release ?)
[v3] nav_from_v7: follow 2897 / left 811 / right 864, missing 0 (of 4572 clips; md5=0ff902130ce76886b8a925eceed9e3a5)
[v3] 4572 episodes -> 781635 windows (window 8, max_horizon 20, image_hw (256, 640), tac_vocab v7.0)
[v2] /root/data/eval: 141 providers (channels 9, 256x640 px), episode ids from 'episode_uid' [collision-free; the as-built 16-bit ids would give only 141 distinct for 141 clips]
[v2] 141 providers, 141 distinct episode ids
[v3] nav_from_v7: follow 90 / left 13 / right 38, missing 0 (of 141 clips; md5=aa12c948f062181c3297265b51526ec5)
[v3] held-out eval: 141 episodes -> 24114 windows, 8 fixed batches every 500 steps
[v3] loader: workers=6 prefetch=1 -> <=6 batches in flight
[v3] u8_batches=True: frames+future_frames = 0.826 GB per collated batch (uint8), <= 6 in flight -> ~4.95 GB
[v3] withheld bank: mode=fixed warmup=0 speed_max=35.0 m/s pool=None
[v3:hier] step 1 loss 72.2806 traj 2.7841
[v3:hier] step 2 loss 68.3586 traj 2.0079
[v3:hier] step 3 loss 72.1848 traj 2.8139
[v3:hier] ckpt step 3 -> ckpt.pt
[v3:eval] step 3 loss 70.4020 traj 0.7996 lat_tac 2.2239
[v3:hier] DONE at 3 — summary.json written
