13:20:25 RAM_OK need=9.0 avail=10.98 after 3150s
== A: new tests, FIXED tree
PYTEST_EXIT=0 8 passed in 5.81s
== A: new tests, unmodified TIP
PYTEST_EXIT=2 1 error in 2.64s
13:21:07 RAM_OK need=9.6 avail=11.17 after 30s
== B: related suites, FIXED tree
PYTEST_EXIT=1 9 failed, 387 passed, 5 skipped, 2 warnings in 38.39s
== B: related suites, TIP
PYTEST_EXIT=1 9 failed, 387 passed, 5 skipped, 2 warnings in 38.68s
13:22:58 RAM_OK need=8.6 avail=11.64 after 30s
== C: clip-clock sidecar
SIDECAR_EXIT=0 [clip-clock] 4483 clips clocked, 25 refused, 0 without a log; dt median 0.1006666 s, grid start median +0.1135 s -> D:/Projects/TanitAD/TanitAD Research Lab/Architecture & Inference/Research/2026-09-26-refcv6-frozen-trunk-audit/code/../raw/refcv6_clip_clock_sidecar.jsonl
13:24:30 RAM_OK need=10.2 avail=11.24 after 30s
== D: Q3 hooks + Q1 as launched
Q3_EXIT=4
13:29:15 RAM_OK need=8.6 avail=9.61 after 30s
== E: Q6 G2
Q6_EXIT=0
13:29:22 CHAIN2_DONE
