step1000 keys 1101 step 1000
step5000 keys 1101 step 5000
step30000 keys 1101 step 30000
_perception.box_dec.mem_pos                                                                [1, 2144, 256]     rel30k=1.209 ident=False
_perception.box_dec.queries                                                                [1, 100, 256]      rel30k=0.6177 ident=False
_perception.box_mem.src_embed                                                              [1, 2, 256]        rel30k=0.5859 ident=False
_perception.lift.unobserved                                                                [128]              rel30k=1.345 ident=False
core.agent_embed.geo.0.bias                                                                [256]              rel30k=0.1296 ident=False
core.agent_embed.geo.0.weight                                                              [256, 25]          rel30k=0.1754 ident=False
core.agent_embed.geo.2.bias                                                                [384]              rel30k=0.2665 ident=False
core.agent_embed.geo.2.weight                                                              [384, 256]         rel30k=0.3537 ident=False
core.agent_embed.norm.bias                                                                 [384]              rel30k=5.293 ident=False
core.agent_embed.norm.weight                                                               [384]              rel30k=0.0158 ident=False
core.agent_head.mem_pos                                                                    [1, 416, 256]      rel30k=1.222 ident=False
core.agent_head.queries                                                                    [1, 100, 256]      rel30k=0.5865 ident=False
core.decoder.anchor_controls                                                               [117, 2]           rel30k=0 ident=True
core.decoder.anchors                                                                       [117, 8, 2]        rel30k=0 ident=True
core.decoder.lat_to_anchor.weight                                                          [117, 3]           rel30k=0.2197 ident=False
core.decoder.lon_to_anchor.weight                                                          [117, 3]           rel30k=12.4 ident=False
core.decoder.time_embed.weight                                                             [3, 384]           rel30k=0.006204 ident=False
core.decoder.time_mlp.1.bias                                                               [1536]             rel30k=0.3183 ident=False
core.decoder.time_mlp.1.weight                                                             [1536, 384]        rel30k=0.3067 ident=False
core.decoder.time_mlp.3.bias                                                               [384]              rel30k=0.9112 ident=False
core.decoder.time_mlp.3.weight                                                             [384, 1536]        rel30k=0.5959 ident=False
gstr_embed.bias                                                                            [64]               rel30k=0 ident=True
gstr_embed.weight                                                                          [64, 3]            rel30k=0 ident=True
tac_decoder_v6.queries.weight                                                              [38, 256]          rel30k=0.5881 ident=False
tac_decoder_v6.source_code.weight                                                          [2, 256]           rel30k=0.6717 ident=False
bit-identical float tensors 1000->30000: 253 of 997
    core.decoder.adaln 6
    core.decoder.anchor_controls 1
    core.decoder.anchors 1
    core.decoder.cascade 12
    core.decoder.control_head 2
    core.decoder.ctx_to_cond 2
    core.decoder.offset_head 2
    core.encoder.net 208
    core.route_head.bias 1
    core.route_head.weight 1
    core.strategic.gru 4
    core.strategic.proj 2
    gstr_embed.bias 1
    gstr_embed.weight 1
    gstr_film.bias 1
    gstr_film.weight 1
    nav_to_str.bias 1
    nav_to_str.weight 1
    scorer.goal_point.bias 1
    scorer.goal_point.weight 1
    str_goal_head.bias 1
    str_goal_head.weight 1
    tac_behaviour_gate_v6.admissible 1
[audit] wrote D:\Projects\TanitAD\TanitAD Research Lab\Architecture & Inference\Research\2026-09-26-refcv6-frozen-trunk-audit\raw\q2_positional_tensors.json (33610 B)
