[v3] anchors: artifact anchors (117, 8, 2), controls (117, 2), units=alat (file), schedule=constant, horizon_s=6.0, dt=0.1, ref_speed_ms=10.0, kappa_cap=0.12, alat_v_floor=4.0, schema=tanitad.anchor_artifact/1
[v3] rig camera = PER-CLIP EXTRINSICS from D:\refcv6_eval_kit\data\refcv6_train_eval139_extrinsics.json (4508 clips, z 1.203-1.687 m, pitch -0.0755..+0.0683 rad)
[v3] ⚠️ a rig camera is built but --agent-w-project and --agent-w-ground are both 0: neither monocular term contributes. That is a legal ablation baseline and the stamp records it, but it is not a projection arm.
[v3] refcv6 coupling (1) ON: d_bev=96 learned_offsets=False offset_max_m=2 -> 4 decoder layers
[v3] withheld bank: mode=fixed warmup=0 speed_max=35.0 m/s pool=None
[q3] model built 15.1 s; strict missing/unexpected: 0 0
[v2] D:\refcv6_eval_kit\data\refcv6-b1-416x1024-eval139: 139 providers (channels 9, 416x1024 px), episode ids from 'episode_uid' [collision-free; the as-built 16-bit ids would give only 139 distinct for 139 clips]
[v2] 139 providers, 139 distinct episode ids
[v3] nav_from_v7: follow 1 / left 0 / right 0, missing 0 (of 1 clips; md5=eefc38d1453bd1c73802d44d45affced)
[v3] max_speed_input_v6 (4-way one-hot): 147/147 sidecar rows carry a ceiling, 171/171 windows fed (100.0 %), 1 clips ABOVE the 120 km/h top step (clamped, and on those the fed ceiling is one the ego demonstrably exceeded)
[v3] agent join: 1/1 episodes (stable-63bit), 171/171 windows labelled (100.0 %), 3145 prefilter target boxes, pad 397
[v3] SAM3 map GT: 171/171 windows covered (1.0000, floor 0.90, verdict PASS) over 1 clips; states {'ok': 171, 'no_file': 0, 'frame_out_of_range': 0, 'inconclusive': 0}; layouts ['flat_sha12']
[q3] window {'perm0': 136, 'episode_sha12': '1655838298f8', 't': 136, 'frames': [1, 8, 9, 416, 1024], 'frames_dtype': 'torch.uint8', 'future_frames': 'LAW stack only'}
D:\Projects\TanitAD\TanitAD Research Lab\Architecture & Inference\Research\2026-09-26-refcv6-frozen-trunk-audit\code\q3_hooks_forward.py:212: DeprecationWarning: torch.is_autocast_cpu_enabled() is deprecated. Please use torch.is_autocast_enabled('cpu') instead. (Triggered internally at C:\actions-runner\_work\pytorch\pytorch\pytorch\torch\csrc\autograd\init.cpp:758.)
  "autocast_cpu_enabled": bool(torch.is_autocast_cpu_enabled()),
D:\Projects\TanitAD\TanitAD Research Lab\Architecture & Inference\Research\2026-09-26-refcv6-frozen-trunk-audit\code\q3_hooks_forward.py:213: DeprecationWarning: torch.get_autocast_cpu_dtype() is deprecated. Please use torch.get_autocast_dtype('cpu') instead. (Triggered internally at C:\actions-runner\_work\pytorch\pytorch\pytorch\torch\csrc\autograd\init.cpp:891.)
  "autocast_dtype": str(torch.get_autocast_cpu_dtype())}
[q3] forward done 81.8 s
[q3] tac permutation/probe {"control_same_inputs_maxabs": 0.0, "bev_tokens_permuted_maxabs": 1.9073486328125e-06, "bev_grid_mirrored_LR_maxabs": 1.9073486328125e-06, "agent_tokens_permuted_maxabs": 9.5367431640625e-07, "POSITIVE_bev_tokens_zeroed_maxabs": 6.761294364929199, "POSITIVE_bev_features_channel_shuffled_maxabs": 4.565611839294434, "base_output_absmax": 11.213545799255371, "n_bev_tokens": 480, "d_bev": 96, "n_agent_tokens": 100, "position_probe": {"what": "ridge: BEV token feature -> its (row, col) in the 30x16 grid; held-out half of cells", "n_cells": 480, "d": 96, "n_fit": 240, "R2_row_col_per_split": [[0.9724255306877421, 0.9595718066047623], [0.9665335528214526, 0.959105982752333], [0.9754832706704951, 0.9624671924427096], [0.9746952626278133, 0.9660639573471382], [0.9646636980978887, 0.9536504499518585]], "R2_labels_permuted": [[-0.007189124185828177, 0.0032781508505751455], [-0.059696599470880685, 0.004006914665983685], [-0.006430348060597835, -0.03495720533729996], [-0.00996183471265688, -0.0003166783637551518], [-0.022548370229796832, -0.0008813483647720499]], "R2_constant_only": [[-0.027283589175691514, -0.004306416135376745], [-0.004603906287994564, -0.00909362402283631], [-0.0010234517415057542, -0.0018570102135562205], [-0.00432309527638286, -0.0006166799336753126], [-5.962451461960505e-05, -0.0019084537466032003]]}}
{
 "stem_calls": [
  {
   "shape": [
    8,
    3,
    416,
    1024
   ],
   "dtype": "torch.float32",
   "channels_last": true,
   "autocast_cpu_enabled": true,
   "autocast_dtype": "torch.bfloat16"
  },
  {
   "shape": [
    2,
    3,
    416,
    1024
   ],
   "dtype": "torch.float32",
   "channels_last": true,
   "autocast_cpu_enabled": true,
   "autocast_dtype": "torch.bfloat16"
  },
  {
   "shape": [
    3,
    3,
    416,
    1024
   ],
   "dtype": "torch.float32",
   "channels_last": true,
   "autocast_cpu_enabled": true,
   "autocast_dtype": "torch.bfloat16"
  }
 ],
 "payload_found": true,
 "codec": "png",
 "n_frames_compared": 8,
 "stem_vs_independent_max_abs": 1.8494733572006226,
 "stem_vs_unnormalised_max_abs": 2.1179039478302,
 "stem_vs_bgr_max_abs": 3.2069718837738037,
 "stem_vs_no_equalize_max_abs": 0.0,
 "stem_input_channel_mean": [
  -1.1825060844421387,
  -1.0483214855194092,
  -0.9208695888519287
 ],
 "stem_input_bottom43_values_frame0": [
  [
   -2.1179,
   -2.10078,
   -2.08365,
   -2.06653,
   -2.0494,
   -2.03228,
   -2.01516,
   -1.99803,
   -1.98091,
   -1.96378,
   -1.94666,
   -1.92953,
   -1.91241,
   -1.89528,
   -1.87816,
   -1.86103,
   -1.84391,
   -1.82678,
   -1.80966,
   -1.79253,
   -1.77541,
   -1.75828,
   -1.74116,
   -1.72403,
   -1.70691,
   -1.68979,
   -1.67266,
   -1.65554,
   -1.63841,
   -1.62129,
   -1.60416,
   -1.58704,
   -1.56991,
   -1.55279,
   -1.53566,
   -1.51854,
   -1.50141,
   -1.48429,
   -1.46716,
   -1.45004,
   -1.43291,
   -1.41579,
   -1.39866,
   -1.38154,
   -1.36441,
   -1.34729,
   -1.33017,
   -1.31304,
   -1.29592,
   -1.27879,
   -1.26167,
   -1.24454,
   -1.22742,
   -1.21029,
   -1.19317,
   -1.17604,
   -1.15892,
   -1.14179,
   -1.12467,
   -1.10754,
   -1.09042,
   -1.07329,
   -1.05617,
   -1.03904,
   -1.02192,
   -1.00479,
   -0.98767,
   -0.97055,
   -0.95342,
   -0.9363,
   -0.91917,
   -0.90205,
   -0.88492,
   -0.8678,
   -0.85067,
   -0.83355,
   -0.81642,
   -0.7993,
   -0.78217,
   -0.76505,
   -0.74792,
   -0.7308,
   -0.71367,
   -0.69655,
   -0.67942,
   -0.6623,
   -0.64518,
   -0.62805,
   -0.61093,
   -0.5938,
   -0.57668,
   -0.55955,
   -0.54243,
   -0.5253,
   -0.50818,
   -0.49105,
   -0.47393
  ],
  [
   -2.03571,
   -2.01821,
   -2.0007,
   -1.98319,
   -1.96569,
   -1.94818,
   -1.93067,
   -1.91317,
   -1.89566,
   -1.87815,
   -1.86064,
   -1.84314,
   -1.82563,
   -1.80812,
   -1.79062,
   -1.77311,
   -1.7556,
   -1.7381,
   -1.72059,
   -1.70308,
   -1.68557,
   -1.66807,
   -1.65056,
   -1.63305,
   -1.61555,
   -1.59804,
   -1.58053,
   -1.56303,
   -1.54552,
   -1.52801,
   -1.5105,
   -1.493,
   -1.47549,
   -1.45798,
   -1.44048,
   -1.42297,
   -1.40546,
   -1.38796,
   -1.37045,
   -1.35294,
   -1.33543,
   -1.31793,
   -1.30042,
   -1.28291,
   -1.26541,
   -1.2479,
   -1.23039,
   -1.21289,
   -1.19538,
   -1.17787,
   -1.16036,
   -1.14286,
   -1.12535,
   -1.10784,
   -1.09034,
   -1.07283,
   -1.05532,
   -1.03782,
   -1.02031,
   -1.0028,
   -0.98529,
   -0.96779,
   -0.95028,
   -0.93277,
   -0.91527,
   -0.89776,
   -0.88025,
   -0.86274,
   -0.84524,
   -0.82773,
   -0.81022,
   -0.79272,
   -0.77521,
   -0.7577,
   -0.7402,
   -0.72269,
   -0.70518,
   -0.68767,
   -0.67017,
   -0.65266,
   -0.63515,
   -0.61765,
   -0.60014,
   -0.58263,
   -0.56513,
   -0.54762,
   -0.53011,
   -0.51261,
   -0.4951,
   -0.47759,
   -0.46008,
   -0.44258,
   -0.42507,
   -0.40756,
   -0.39006,
   -0.37255,
   -0.35504,
   -0.33753
  ],
  [
   -1.80444,
   -1.78702,
   -1.76959,
   -1.75216,
   -1.73473,
   -1.7173,
   -1.69987,
   -1.68244,
   -1.66501,
   -1.64758,
   -1.63015,
   -1.61272,
   -1.59529,
   -1.57786,
   -1.56044,
   -1.54301,
   -1.52558,
   -1.50815,
   -1.49072,
   -1.47329,
   -1.45586,
   -1.43843,
   -1.421,
   -1.40357,
   -1.38614,
   -1.36871,
   -1.35129,
   -1.33386,
   -1.31643,
   -1.299,
   -1.28157,
   -1.26414,
   -1.24671,
   -1.22928,
   -1.21185,
   -1.19442,
   -1.17699,
   -1.15956,
   -1.14213,
   -1.12471,
   -1.10728,
   -1.08985,
   -1.07242,
   -1.05499,
   -1.03756,
   -1.02013,
   -1.0027,
   -0.98527,
   -0.96784,
   -0.95041,
   -0.93298,
   -0.91556,
   -0.89813,
   -0.8807,
   -0.86327,
   -0.84584,
   -0.82841,
   -0.81098,
   -0.79355,
   -0.77612,
   -0.75869,
   -0.74126,
   -0.72383,
   -0.70641,
   -0.68898,
   -0.67155,
   -0.65412,
   -0.63669,
   -0.61926,
   -0.60183,
   -0.5844,
   -0.56697,
   -0.54954,
   -0.53211,
   -0.51468,
   -0.49725,
   -0.47983,
   -0.4624,
   -0.44497,
   -0.42754,
   -0.41011,
   -0.39268,
   -0.37525,
   -0.35782,
   -0.34039,
   -0.32296,
   -0.30553,
   -0.2881,
   -0.27068,
   -0.25325,
   -0.23582,
   -0.21839
  ]
 ],
 "expected_bottom43_(0-mean)/std": [
  -2.117904,
  -2.035714,
  -1.804444
 ],
 "raw_range": [
  0.0,
  1.0
 ],
 "fold_stem_rel_err_fp32": 1.1556966938996993e-07,
 "bn1_running_mean_head": [
  -0.008934,
  -0.000526,
  0.0,
  0.002788
 ],
 "levers": {
  "chunk_ckpt": 8,
  "frozen_bn": true,
  "bn_pinned": 104,
  "relu_out_of_place": 100,
  "bf16": true,
  "channels_last": true,
  "bn_folded": 104,
  "dedup_frames": true
 },
 "norm_calls": 2,
 "equalize_calls": 0
}
_perception.box_dec.blocks.layers.0 1 [{'kind': 'TransformerDecoderLayer', 'tgt': [1, 100, 256], 'memory': [1, 2144, 256], 'kv_source_module': 'UNRESOLVED (the producing output was freed before this call)', 'kv_source_shape': None}]
_perception.box_dec.blocks.layers.0.self_attn 1 [{'kind': 'MHA', 'q': [1, 100, 256], 'k': [1, 100, 256], 'v': [1, 100, 256], 'k_is_v': True, 'kpm': None, 'kpm_true': None, 'attn_mask': None, 'kv_source_module': '_perception.box_dec.blocks.layers.0.norm1', 'kv_source_shape': [1, 100, 256]}]
_perception.box_dec.blocks.layers.0.multihead_attn 1 [{'kind': 'MHA', 'q': [1, 100, 256], 'k': [1, 2144, 256], 'v': [1, 2144, 256], 'k_is_v': True, 'kpm': None, 'kpm_true': None, 'attn_mask': None, 'kv_source_module': 'UNRESOLVED (the producing output was freed before this call)', 'kv_source_shape': None}]
_perception.box_dec.blocks.layers.1 1 [{'kind': 'TransformerDecoderLayer', 'tgt': [1, 100, 256], 'memory': [1, 2144, 256], 'kv_source_module': 'UNRESOLVED (the producing output was freed before this call)', 'kv_source_shape': None}]
_perception.box_dec.blocks.layers.1.self_attn 1 [{'kind': 'MHA', 'q': [1, 100, 256], 'k': [1, 100, 256], 'v': [1, 100, 256], 'k_is_v': True, 'kpm': None, 'kpm_true': None, 'attn_mask': None, 'kv_source_module': '_perception.box_dec.blocks.layers.1.norm1', 'kv_source_shape': [1, 100, 256]}]
_perception.box_dec.blocks.layers.1.multihead_attn 1 [{'kind': 'MHA', 'q': [1, 100, 256], 'k': [1, 2144, 256], 'v': [1, 2144, 256], 'k_is_v': True, 'kpm': None, 'kpm_true': None, 'attn_mask': None, 'kv_source_module': 'UNRESOLVED (the producing output was freed before this call)', 'kv_source_shape': None}]
_perception.box_dec.blocks.layers.2 1 [{'kind': 'TransformerDecoderLayer', 'tgt': [1, 100, 256], 'memory': [1, 2144, 256], 'kv_source_module': 'UNRESOLVED (the producing output was freed before this call)', 'kv_source_shape': None}]
_perception.box_dec.blocks.layers.2.self_attn 1 [{'kind': 'MHA', 'q': [1, 100, 256], 'k': [1, 100, 256], 'v': [1, 100, 256], 'k_is_v': True, 'kpm': None, 'kpm_true': None, 'attn_mask': None, 'kv_source_module': '_perception.box_dec.blocks.layers.2.norm1', 'kv_source_shape': [1, 100, 256]}]
_perception.box_dec.blocks.layers.2.multihead_attn 1 [{'kind': 'MHA', 'q': [1, 100, 256], 'k': [1, 2144, 256], 'v': [1, 2144, 256], 'k_is_v': True, 'kpm': None, 'kpm_true': None, 'attn_mask': None, 'kv_source_module': 'UNRESOLVED (the producing output was freed before this call)', 'kv_source_shape': None}]
core.agent_head.blocks.layers.0 1 [{'kind': 'TransformerDecoderLayer', 'tgt': [1, 100, 256], 'memory': [1, 416, 256], 'kv_source_module': 'functional (no module output owns this pointer)', 'kv_source_shape': None}]
core.agent_head.blocks.layers.0.self_attn 1 [{'kind': 'MHA', 'q': [1, 100, 256], 'k': [1, 100, 256], 'v': [1, 100, 256], 'k_is_v': True, 'kpm': None, 'kpm_true': None, 'attn_mask': None, 'kv_source_module': 'core.agent_head.blocks.layers.0.norm1', 'kv_source_shape': [1, 100, 256]}]
core.agent_head.blocks.layers.0.multihead_attn 1 [{'kind': 'MHA', 'q': [1, 100, 256], 'k': [1, 416, 256], 'v': [1, 416, 256], 'k_is_v': True, 'kpm': None, 'kpm_true': None, 'attn_mask': None, 'kv_source_module': 'functional (no module output owns this pointer)', 'kv_source_shape': None}]
core.agent_head.blocks.layers.1 1 [{'kind': 'TransformerDecoderLayer', 'tgt': [1, 100, 256], 'memory': [1, 416, 256], 'kv_source_module': 'functional (no module output owns this pointer)', 'kv_source_shape': None}]
core.agent_head.blocks.layers.1.self_attn 1 [{'kind': 'MHA', 'q': [1, 100, 256], 'k': [1, 100, 256], 'v': [1, 100, 256], 'k_is_v': True, 'kpm': None, 'kpm_true': None, 'attn_mask': None, 'kv_source_module': 'core.agent_head.blocks.layers.1.norm1', 'kv_source_shape': [1, 100, 256]}]
core.agent_head.blocks.layers.1.multihead_attn 1 [{'kind': 'MHA', 'q': [1, 100, 256], 'k': [1, 416, 256], 'v': [1, 416, 256], 'k_is_v': True, 'kpm': None, 'kpm_true': None, 'attn_mask': None, 'kv_source_module': 'functional (no module output owns this pointer)', 'kv_source_shape': None}]
core.agent_head.blocks.layers.2 1 [{'kind': 'TransformerDecoderLayer', 'tgt': [1, 100, 256], 'memory': [1, 416, 256], 'kv_source_module': 'functional (no module output owns this pointer)', 'kv_source_shape': None}]
core.agent_head.blocks.layers.2.self_attn 1 [{'kind': 'MHA', 'q': [1, 100, 256], 'k': [1, 100, 256], 'v': [1, 100, 256], 'k_is_v': True, 'kpm': None, 'kpm_true': None, 'attn_mask': None, 'kv_source_module': 'core.agent_head.blocks.layers.2.norm1', 'kv_source_shape': [1, 100, 256]}]
core.agent_head.blocks.layers.2.multihead_attn 1 [{'kind': 'MHA', 'q': [1, 100, 256], 'k': [1, 416, 256], 'v': [1, 416, 256], 'k_is_v': True, 'kpm': None, 'kpm_true': None, 'attn_mask': None, 'kv_source_module': 'functional (no module output owns this pointer)', 'kv_source_shape': None}]
tac_decoder_v6.layers.0.self_attn 1 [{'kind': 'MHA', 'q': [1, 38, 256], 'k': [1, 38, 256], 'v': [1, 38, 256], 'k_is_v': True, 'kpm': None, 'kpm_true': None, 'attn_mask': None, 'kv_source_module': 'tac_decoder_v6.layers.0.n1', 'kv_source_shape': [1, 38, 256]}]
tac_decoder_v6.layers.0.cross_attn 1 [{'kind': 'MHA', 'q': [1, 38, 256], 'k': [1, 580, 256], 'v': [1, 580, 256], 'k_is_v': True, 'kpm': [1, 580], 'kpm_true': 0, 'attn_mask': None, 'kv_source_module': 'tac_decoder_v6.kv_norm', 'kv_source_shape': [1, 580, 256]}]
tac_decoder_v6.layers.1.self_attn 1 [{'kind': 'MHA', 'q': [1, 38, 256], 'k': [1, 38, 256], 'v': [1, 38, 256], 'k_is_v': True, 'kpm': None, 'kpm_true': None, 'attn_mask': None, 'kv_source_module': 'tac_decoder_v6.layers.1.n1', 'kv_source_shape': [1, 38, 256]}]
tac_decoder_v6.layers.1.cross_attn 1 [{'kind': 'MHA', 'q': [1, 38, 256], 'k': [1, 580, 256], 'v': [1, 580, 256], 'k_is_v': True, 'kpm': [1, 580], 'kpm_true': 0, 'attn_mask': None, 'kv_source_module': 'tac_decoder_v6.kv_norm', 'kv_source_shape': [1, 580, 256]}]
core.decoder.layers.0.cross 3 [{'kind': 'MHA', 'q': [1, 117, 384], 'k': [1, 416, 384], 'v': [1, 416, 384], 'k_is_v': True, 'kpm': None, 'kpm_true': None, 'attn_mask': None, 'kv_source_module': 'core.decoder.feat_proj', 'kv_source_shape': [1, 416, 384]}]
core.decoder.layers.0.cross_agent 3 [{'kind': 'MHA', 'q': [1, 117, 384], 'k': [1, 100, 384], 'v': [1, 100, 384], 'k_is_v': True, 'kpm': [1, 100], 'kpm_true': 0, 'attn_mask': None, 'kv_source_module': 'core.agent_embed[0]', 'kv_source_shape': [1, 100, 384]}]
core.decoder.layers.1.cross 3 [{'kind': 'MHA', 'q': [1, 117, 384], 'k': [1, 416, 384], 'v': [1, 416, 384], 'k_is_v': True, 'kpm': None, 'kpm_true': None, 'attn_mask': None, 'kv_source_module': 'core.decoder.feat_proj', 'kv_source_shape': [1, 416, 384]}]
core.decoder.layers.1.cross_agent 3 [{'kind': 'MHA', 'q': [1, 117, 384], 'k': [1, 100, 384], 'v': [1, 100, 384], 'k_is_v': True, 'kpm': [1, 100], 'kpm_true': 0, 'attn_mask': None, 'kv_source_module': 'core.agent_embed[0]', 'kv_source_shape': [1, 100, 384]}]
core.decoder.layers.2.cross 3 [{'kind': 'MHA', 'q': [1, 117, 384], 'k': [1, 416, 384], 'v': [1, 416, 384], 'k_is_v': True, 'kpm': None, 'kpm_true': None, 'attn_mask': None, 'kv_source_module': 'core.decoder.feat_proj', 'kv_source_shape': [1, 416, 384]}]
core.decoder.layers.2.cross_agent 3 [{'kind': 'MHA', 'q': [1, 117, 384], 'k': [1, 100, 384], 'v': [1, 100, 384], 'k_is_v': True, 'kpm': [1, 100], 'kpm_true': 0, 'attn_mask': None, 'kv_source_module': 'core.agent_embed[0]', 'kv_source_shape': [1, 100, 384]}]
core.decoder.layers.3.cross 3 [{'kind': 'MHA', 'q': [1, 117, 384], 'k': [1, 416, 384], 'v': [1, 416, 384], 'k_is_v': True, 'kpm': None, 'kpm_true': None, 'attn_mask': None, 'kv_source_module': 'core.decoder.feat_proj', 'kv_source_shape': [1, 416, 384]}]
core.decoder.layers.3.cross_agent 3 [{'kind': 'MHA', 'q': [1, 117, 384], 'k': [1, 100, 384], 'v': [1, 100, 384], 'k_is_v': True, 'kpm': [1, 100], 'kpm_true': 0, 'attn_mask': None, 'kv_source_module': 'core.agent_embed[0]', 'kv_source_shape': [1, 100, 384]}]
grid_sample {'caller': 'bev_lift.py:264 forward', 'input': [1, 1024, 26, 64], 'grid': [1, 480, 64, 2], 'input_ptr': 3011323166720, 'mode': 'bilinear', 'padding_mode': 'border', 'align_corners': False}
grid_sample {'caller': 'refc_bev_coupling.py:250 forward', 'input': [1, 384, 120, 64], 'grid': [1, 117, 8, 2], 'input_ptr': 3011141238784, 'mode': 'bilinear', 'padding_mode': 'zeros', 'align_corners': False}
grid_sample {'caller': 'refc_bev_coupling.py:250 forward', 'input': [1, 384, 120, 64], 'grid': [1, 117, 8, 2], 'input_ptr': 3011141238784, 'mode': 'bilinear', 'padding_mode': 'zeros', 'align_corners': False}
grid_sample {'caller': 'refc_bev_coupling.py:250 forward', 'input': [1, 384, 120, 64], 'grid': [1, 117, 8, 2], 'input_ptr': 3011141238784, 'mode': 'bilinear', 'padding_mode': 'zeros', 'align_corners': False}
grid_sample {'caller': 'refc_bev_coupling.py:250 forward', 'input': [1, 384, 120, 64], 'grid': [1, 117, 8, 2], 'input_ptr': 3011141238784, 'mode': 'bilinear', 'padding_mode': 'zeros', 'align_corners': False}
grid_sample {'caller': 'refc_bev_coupling.py:250 forward', 'input': [1, 384, 120, 64], 'grid': [1, 117, 8, 2], 'input_ptr': 3011141238784, 'mode': 'bilinear', 'padding_mode': 'zeros', 'align_corners': False}
grid_sample {'caller': 'refc_bev_coupling.py:250 forward', 'input': [1, 384, 120, 64], 'grid': [1, 117, 8, 2], 'input_ptr': 3011141238784, 'mode': 'bilinear', 'padding_mode': 'zeros', 'align_corners': False}
grid_sample {'caller': 'refc_bev_coupling.py:250 forward', 'input': [1, 384, 120, 64], 'grid': [1, 117, 8, 2], 'input_ptr': 3011141238784, 'mode': 'bilinear', 'padding_mode': 'zeros', 'align_corners': False}
grid_sample {'caller': 'refc_bev_coupling.py:250 forward', 'input': [1, 384, 120, 64], 'grid': [1, 117, 8, 2], 'input_ptr': 3011141238784, 'mode': 'bilinear', 'padding_mode': 'zeros', 'align_corners': False}
grid_sample {'caller': 'refc_bev_coupling.py:250 forward', 'input': [1, 384, 120, 64], 'grid': [1, 117, 8, 2], 'input_ptr': 3011141238784, 'mode': 'bilinear', 'padding_mode': 'zeros', 'align_corners': False}
grid_sample {'caller': 'refc_bev_coupling.py:250 forward', 'input': [1, 384, 120, 64], 'grid': [1, 117, 8, 2], 'input_ptr': 3011141238784, 'mode': 'bilinear', 'padding_mode': 'zeros', 'align_corners': False}
grid_sample {'caller': 'refc_bev_coupling.py:250 forward', 'input': [1, 384, 120, 64], 'grid': [1, 117, 8, 2], 'input_ptr': 3011141238784, 'mode': 'bilinear', 'padding_mode': 'zeros', 'align_corners': False}
grid_sample {'caller': 'refc_bev_coupling.py:250 forward', 'input': [1, 384, 120, 64], 'grid': [1, 117, 8, 2], 'input_ptr': 3011141238784, 'mode': 'bilinear', 'padding_mode': 'zeros', 'align_corners': False}
never called: []
[audit] wrote D:\Projects\TanitAD\TanitAD Research Lab\Architecture & Inference\Research\2026-09-26-refcv6-frozen-trunk-audit\raw\q3_hooks_forward.json (34504 B)
