[v3] anchors: artifact anchors (117, 8, 2), controls (117, 2), units=alat (file), schedule=constant, horizon_s=6.0, dt=0.1, ref_speed_ms=10.0, kappa_cap=0.12, alat_v_floor=4.0, schema=tanitad.anchor_artifact/1
[v3] anchors: loaded (117, 8, 2) from D:\refcv6_eval_kit\data\anchors\refc_anchors_6s_v0cond_alat_117.pt (sha256 51f930dc6f3564ff)
[v3] anchors: v0-CONDITIONED, controls (117, 2) (accel, lateral accel), units=alat (source: file), rolled per window; withheld rows at 10.0 m/s. straight-ahead control present: True
[v3] 2 episodes -> 40 windows (window 4, max_horizon 20, image_hw (64, 64), tac_vocab kin3)
[v3] u8_batches=False: frames+future_frames = 0.001 GB per collated batch (float32), <= 1 in flight -> ~0.00 GB
[v3] withheld bank: mode=fixed warmup=0 speed_max=35.0 m/s pool=None
[v3] WARNING: effective-weight audit ran WITHOUT the command line, so 'did the operator ask for this?' is UNKNOWN and no weight could be refused for being discarded. The table below is still correct about default/effective/graph.
[v3] EFFECTIVE WEIGHTS (this arm) -- default -> layer -> effective -> builds a graph?
[v3] term                                                                                               flag               default  asked  effective  src  graph  status          layer/mask/missing                                                                                                                                                                                                                      
[v3] -------------------------------------------------------------------------------------------------  -----------------  -------  -----  ---------  ---  -----  --------------  ----------------------------------------------------------------------------------------------------------------------------------------------------------------------------------------------------------------------------------------
[v3] u0 control-space x0 loss (WP-4)                                                                    --w-u0             0        0      0          ?    no     OFF_BY_DEFAULT                                                                                                                                                                                                                                          
[v3] GT-supervised detection set loss (WP-6)                                                            --w-agent          0        0      0          ?    no     OFF_BY_DEFAULT  missing=--w-agent needs `--agents head` AND `--agent-join` (no seam => no `agent_slots` in `out`; no join => no labels)                                                                                                                 
[v3] WP-D BEV auxiliary loss                                                                            --w-bev-aux        0        0      0          ?    no     OFF_BY_DEFAULT  missing=--w-bev-aux needs `--bev-aux col|xcol` AND `--agent-join` (no head => no `bev_logits` in `out`; no join => no target)                                                                                                           
[v3] D-TACGOAL 22-token tactical goal SET (multi-label BCE)                                             --w-tac-goal       0        0      0          ?    no     OFF_BY_DEFAULT  missing=--w-tac-goal needs `--tac-goal-tok-head` (no head => no `tac_goal_logits` in `out`) AND `--v7-labels` (no join => no `tac_goal_y`/`tac_goal_w` target)                                                                          
[v3] agent projection consistency                                                                       --agent-w-project  0        0      0          ?    no     OFF_BY_DEFAULT  missing=--agents off: no AgentSeamConfig is built, so `refc_agents.agent_losses` is never called                                                                                                                                        
[v3] agent ground-plane prior                                                                           --agent-w-ground   0        0      0          ?    no     OFF_BY_DEFAULT  missing=--agents off: no AgentSeamConfig is built, so `refc_agents.agent_losses` is never called                                                                                                                                        
[v3] E15 geometric goal point (GP-2)                                                                    --goal-point-w     0        0      0          ?    no     OFF_BY_DEFAULT  missing=no --goal-point-inject: the head that predicts the point is never built                                                                                                                                                         
[v3] refcv6 SAM3 BEV map soft-CE (§2)                                                                   --w-map            0        0      0          ?    no     OFF_BY_DEFAULT  missing=--w-map needs `--trunk timm` (stride-16 map), `--map-gt-root` (the labels) AND `--agent-rig-camera extrinsics` (the per-clip lift geometry)                                                                                     
[v3] refcv6 3-D cuboid set loss (§6)                                                                    --w-box3d          0        0      0          ?    no     OFF_BY_DEFAULT  missing=--w-box3d needs `--trunk timm` (stride-16 tokens) AND `--agent-join` (the 2-D targets the Hungarian matches against)                                                                                                            
[v3] refcv6 §4 tactical behaviour decoder (22-token BCE + lat/lon CE + confidence)                      --w-tac-v6         0        0      0          ?    no     OFF_BY_DEFAULT  missing=--w-tac-v6 needs `--tac-decoder-v6` (no decoder => no `tacv6_goal_logits`), `--v7-labels` (no join => no 22-token target and no lat/lon class ids) AND `--agents` (the agent slots are the decoder's only live key/value source)
[v3] refcv7 WTA proposal decoder (winner-takes-all L1, 64 queries)                                      --w-r7-wta         0        0      0          ?    no     OFF_BY_DEFAULT  missing=--w-r7-wta needs --refcv7 (no decoder => no `r7_wta`)                                                                                                                                                                           
[v3] refcv7 disentangled scorer vs the PhysicalAI oracle (7 sub-score BCE: nc dac ttc ep comf spd nav)  --w-r7-scorer      0        0      0          ?    no     OFF_BY_DEFAULT  missing=--w-r7-scorer needs --refcv7, --agent-join (NC/TTC oracle), the SAM3 map with --w-map > 0 (DAC oracle) and --r7-nav-tau-rad > 0 (nav oracle)                                                                                    
[v3] 0/12 terms build a graph. A term with graph=no contributes EXACTLY zero gradient; 'p.grad is None' is the sound check, never the weight value.
[v3:hier] step 1 loss 36.6151 traj 3.1815
[v3:hier] step 2 loss 34.2304 traj 2.7085
[v3:hier] step 3 loss 34.6187 traj 0.9153
[v3:hier] ckpt step 3 -> ckpt.pt
[v3:hier] DONE at 3 — summary.json written
[v3] anchors: artifact anchors (117, 8, 2), controls (117, 2), units=alat (file), schedule=constant, horizon_s=6.0, dt=0.1, ref_speed_ms=10.0, kappa_cap=0.12, alat_v_floor=4.0, schema=tanitad.anchor_artifact/1
[v3] anchors: loaded (117, 8, 2) from D:\refcv6_eval_kit\data\anchors\refc_anchors_6s_v0cond_alat_117.pt (sha256 51f930dc6f3564ff)
[v3] anchors: v0-CONDITIONED, controls (117, 2) (accel, lateral accel), units=alat (source: file), rolled per window; withheld rows at 10.0 m/s. straight-ahead control present: True
[v3] 2 episodes -> 40 windows (window 4, max_horizon 20, image_hw (64, 64), tac_vocab kin3)
[v3] u8_batches=False: frames+future_frames = 0.001 GB per collated batch (float32), <= 1 in flight -> ~0.00 GB
[v3] withheld bank: mode=fixed warmup=0 speed_max=35.0 m/s pool=None
[v3] WARNING: effective-weight audit ran WITHOUT the command line, so 'did the operator ask for this?' is UNKNOWN and no weight could be refused for being discarded. The table below is still correct about default/effective/graph.
[v3] EFFECTIVE WEIGHTS (this arm) -- default -> layer -> effective -> builds a graph?
[v3] term                                                                                               flag               default  asked  effective  src  graph  status          layer/mask/missing                                                                                                                                                                                                                      
[v3] -------------------------------------------------------------------------------------------------  -----------------  -------  -----  ---------  ---  -----  --------------  ----------------------------------------------------------------------------------------------------------------------------------------------------------------------------------------------------------------------------------------
[v3] u0 control-space x0 loss (WP-4)                                                                    --w-u0             0        0      0          ?    no     OFF_BY_DEFAULT                                                                                                                                                                                                                                          
[v3] GT-supervised detection set loss (WP-6)                                                            --w-agent          0        0      0          ?    no     OFF_BY_DEFAULT  missing=--w-agent needs `--agents head` AND `--agent-join` (no seam => no `agent_slots` in `out`; no join => no labels)                                                                                                                 
[v3] WP-D BEV auxiliary loss                                                                            --w-bev-aux        0        0      0          ?    no     OFF_BY_DEFAULT  missing=--w-bev-aux needs `--bev-aux col|xcol` AND `--agent-join` (no head => no `bev_logits` in `out`; no join => no target)                                                                                                           
[v3] D-TACGOAL 22-token tactical goal SET (multi-label BCE)                                             --w-tac-goal       0        0      0          ?    no     OFF_BY_DEFAULT  missing=--w-tac-goal needs `--tac-goal-tok-head` (no head => no `tac_goal_logits` in `out`) AND `--v7-labels` (no join => no `tac_goal_y`/`tac_goal_w` target)                                                                          
[v3] agent projection consistency                                                                       --agent-w-project  0        0      0          ?    no     OFF_BY_DEFAULT  missing=--agents off: no AgentSeamConfig is built, so `refc_agents.agent_losses` is never called                                                                                                                                        
[v3] agent ground-plane prior                                                                           --agent-w-ground   0        0      0          ?    no     OFF_BY_DEFAULT  missing=--agents off: no AgentSeamConfig is built, so `refc_agents.agent_losses` is never called                                                                                                                                        
[v3] E15 geometric goal point (GP-2)                                                                    --goal-point-w     0        0      0          ?    no     OFF_BY_DEFAULT  missing=no --goal-point-inject: the head that predicts the point is never built                                                                                                                                                         
[v3] refcv6 SAM3 BEV map soft-CE (§2)                                                                   --w-map            0        0      0          ?    no     OFF_BY_DEFAULT  missing=--w-map needs `--trunk timm` (stride-16 map), `--map-gt-root` (the labels) AND `--agent-rig-camera extrinsics` (the per-clip lift geometry)                                                                                     
[v3] refcv6 3-D cuboid set loss (§6)                                                                    --w-box3d          0        0      0          ?    no     OFF_BY_DEFAULT  missing=--w-box3d needs `--trunk timm` (stride-16 tokens) AND `--agent-join` (the 2-D targets the Hungarian matches against)                                                                                                            
[v3] refcv6 §4 tactical behaviour decoder (22-token BCE + lat/lon CE + confidence)                      --w-tac-v6         0        0      0          ?    no     OFF_BY_DEFAULT  missing=--w-tac-v6 needs `--tac-decoder-v6` (no decoder => no `tacv6_goal_logits`), `--v7-labels` (no join => no 22-token target and no lat/lon class ids) AND `--agents` (the agent slots are the decoder's only live key/value source)
[v3] refcv7 WTA proposal decoder (winner-takes-all L1, 64 queries)                                      --w-r7-wta         0        0      0          ?    no     OFF_BY_DEFAULT  missing=--w-r7-wta needs --refcv7 (no decoder => no `r7_wta`)                                                                                                                                                                           
[v3] refcv7 disentangled scorer vs the PhysicalAI oracle (7 sub-score BCE: nc dac ttc ep comf spd nav)  --w-r7-scorer      0        0      0          ?    no     OFF_BY_DEFAULT  missing=--w-r7-scorer needs --refcv7, --agent-join (NC/TTC oracle), the SAM3 map with --w-map > 0 (DAC oracle) and --r7-nav-tau-rad > 0 (nav oracle)                                                                                    
[v3] 0/12 terms build a graph. A term with graph=no contributes EXACTLY zero gradient; 'p.grad is None' is the sound check, never the weight value.
[v3:hier] step 1 loss 40.9802 traj 3.1815
[v3:hier] step 2 loss 38.0867 traj 2.7085
[v3:hier] step 3 loss 36.7748 traj 0.9153
[v3:hier] ckpt step 3 -> ckpt.pt
[v3:hier] DONE at 3 — summary.json written
[v3] anchors: artifact anchors (117, 8, 2), controls (117, 2), units=alat (file), schedule=constant, horizon_s=6.0, dt=0.1, ref_speed_ms=10.0, kappa_cap=0.12, alat_v_floor=4.0, schema=tanitad.anchor_artifact/1
[v3] anchors: loaded (117, 8, 2) from D:\refcv6_eval_kit\data\anchors\refc_anchors_6s_v0cond_alat_117.pt (sha256 51f930dc6f3564ff)
[v3] anchors: v0-CONDITIONED, controls (117, 2) (accel, lateral accel), units=alat (source: file), rolled per window; withheld rows at 10.0 m/s. straight-ahead control present: True
[v3] 2 episodes -> 40 windows (window 4, max_horizon 20, image_hw (64, 64), tac_vocab kin3)
[v3] u8_batches=False: frames+future_frames = 0.001 GB per collated batch (float32), <= 1 in flight -> ~0.00 GB
[v3] withheld bank: mode=fixed warmup=0 speed_max=35.0 m/s pool=None
[v3] WARNING: effective-weight audit ran WITHOUT the command line, so 'did the operator ask for this?' is UNKNOWN and no weight could be refused for being discarded. The table below is still correct about default/effective/graph.
[v3] EFFECTIVE WEIGHTS (this arm) -- default -> layer -> effective -> builds a graph?
[v3] term                                                                                               flag               default  asked  effective  src  graph  status          layer/mask/missing                                                                                                                                                                                                                      
[v3] -------------------------------------------------------------------------------------------------  -----------------  -------  -----  ---------  ---  -----  --------------  ----------------------------------------------------------------------------------------------------------------------------------------------------------------------------------------------------------------------------------------
[v3] u0 control-space x0 loss (WP-4)                                                                    --w-u0             0        0      0          ?    no     OFF_BY_DEFAULT                                                                                                                                                                                                                                          
[v3] GT-supervised detection set loss (WP-6)                                                            --w-agent          0        0      0          ?    no     OFF_BY_DEFAULT  missing=--w-agent needs `--agents head` AND `--agent-join` (no seam => no `agent_slots` in `out`; no join => no labels)                                                                                                                 
[v3] WP-D BEV auxiliary loss                                                                            --w-bev-aux        0        0      0          ?    no     OFF_BY_DEFAULT  missing=--w-bev-aux needs `--bev-aux col|xcol` AND `--agent-join` (no head => no `bev_logits` in `out`; no join => no target)                                                                                                           
[v3] D-TACGOAL 22-token tactical goal SET (multi-label BCE)                                             --w-tac-goal       0        0      0          ?    no     OFF_BY_DEFAULT  missing=--w-tac-goal needs `--tac-goal-tok-head` (no head => no `tac_goal_logits` in `out`) AND `--v7-labels` (no join => no `tac_goal_y`/`tac_goal_w` target)                                                                          
[v3] agent projection consistency                                                                       --agent-w-project  0        0      0          ?    no     OFF_BY_DEFAULT  missing=--agents off: no AgentSeamConfig is built, so `refc_agents.agent_losses` is never called                                                                                                                                        
[v3] agent ground-plane prior                                                                           --agent-w-ground   0        0      0          ?    no     OFF_BY_DEFAULT  missing=--agents off: no AgentSeamConfig is built, so `refc_agents.agent_losses` is never called                                                                                                                                        
[v3] E15 geometric goal point (GP-2)                                                                    --goal-point-w     0        0      0          ?    no     OFF_BY_DEFAULT  missing=no --goal-point-inject: the head that predicts the point is never built                                                                                                                                                         
[v3] refcv6 SAM3 BEV map soft-CE (§2)                                                                   --w-map            0        0      0          ?    no     OFF_BY_DEFAULT  missing=--w-map needs `--trunk timm` (stride-16 map), `--map-gt-root` (the labels) AND `--agent-rig-camera extrinsics` (the per-clip lift geometry)                                                                                     
[v3] refcv6 3-D cuboid set loss (§6)                                                                    --w-box3d          0        0      0          ?    no     OFF_BY_DEFAULT  missing=--w-box3d needs `--trunk timm` (stride-16 tokens) AND `--agent-join` (the 2-D targets the Hungarian matches against)                                                                                                            
[v3] refcv6 §4 tactical behaviour decoder (22-token BCE + lat/lon CE + confidence)                      --w-tac-v6         0        0      0          ?    no     OFF_BY_DEFAULT  missing=--w-tac-v6 needs `--tac-decoder-v6` (no decoder => no `tacv6_goal_logits`), `--v7-labels` (no join => no 22-token target and no lat/lon class ids) AND `--agents` (the agent slots are the decoder's only live key/value source)
[v3] refcv7 WTA proposal decoder (winner-takes-all L1, 64 queries)                                      --w-r7-wta         0        0      0          ?    no     OFF_BY_DEFAULT  missing=--w-r7-wta needs --refcv7 (no decoder => no `r7_wta`)                                                                                                                                                                           
[v3] refcv7 disentangled scorer vs the PhysicalAI oracle (7 sub-score BCE: nc dac ttc ep comf spd nav)  --w-r7-scorer      0        0      0          ?    no     OFF_BY_DEFAULT  missing=--w-r7-scorer needs --refcv7, --agent-join (NC/TTC oracle), the SAM3 map with --w-map > 0 (DAC oracle) and --r7-nav-tau-rad > 0 (nav oracle)                                                                                    
[v3] 0/12 terms build a graph. A term with graph=no contributes EXACTLY zero gradient; 'p.grad is None' is the sound check, never the weight value.
[v3:hier] step 1 loss 19.7992 traj 0.3360
[v3:hier] step 2 loss 19.8464 traj 1.5756
[v3:hier] step 3 loss 20.1771 traj 1.7275
[v3:hier] ckpt step 3 -> ckpt.pt
[v3:hier] DONE at 3 — summary.json written
{"arm": "A_as_shipped", "error": null, "n_rows": 3, "n_loss_rows": 3, "cascade_in_rows": 0, "cascade_values": [null, null, null], "grad_probe_all_steps": {"grad_abs_sum": {"control_head0": 0.0, "conf_head0": 0.0, "control_headL": 14721.17626953125, "adaln0": 0.0, "adalnL": 291.4463882446289}, "n_grad_events": {"control_head0": 0, "conf_head0": 0, "control_headL": 3, "adaln0": 0, "adalnL": 3}}}
{"arm": "B_passthrough_fix", "error": null, "n_rows": 3, "n_loss_rows": 3, "cascade_in_rows": 3, "cascade_values": [4.36515, 3.8563, 2.1561], "grad_probe_all_steps": {"grad_abs_sum": {"control_head0": 275.78700256347656, "conf_head0": 152.84733963012695, "control_headL": 14721.17431640625, "adaln0": 57.08689498901367, "adalnL": 291.44632720947266}, "n_grad_events": {"control_head0": 3, "conf_head0": 3, "control_headL": 3, "adaln0": 3, "adalnL": 3}}}
{"arm": "C_f3_off", "error": null, "n_rows": 3, "n_loss_rows": 3, "cascade_in_rows": 0, "cascade_values": [null, null, null], "grad_probe_all_steps": {}}
VERDICT {'A_no_cascade_as_shipped': True, 'B_cascade_present_with_fix': True, 'C_no_cascade_with_f3_off': True}
[audit] wrote D:\Projects\TanitAD\TanitAD Research Lab\Architecture & Inference\Research\2026-09-26-refcv6-frozen-trunk-audit\raw\q3b_f3_cascade_reach.json (2971 B)
