  [stack] tanitad imported from: C:\Users\Admin\tanitad-wt\stack\tanitad\__init__.py
[predictor] RESIDUAL_HEAD_INIT_SCALE=0.001  (identity-scale start)
[v6] O6 rank gate CAN rule: --spectrum-accum 43 x 48 rows/call -> ceiling 2063 >= 1024
[v6] params 19.31 M / budget 300 M · arm shared-encoder+adapters · per-group {'encoder': 0.97, 'readout': 0.01, 'predictor_op': 7.57, 'layer_tac': 4.89, 'layer_str': 3.56, 'planner': 0.69, 'aux': 1.62, 'interp': 0.0}
[v6] X3 isolation pass=True violations={'planner_to_encoder': 0, 'tactical_to_below': 0, 'strategic_to_below': 0}
[geometry] v6_probe_trunk: NON-DEFAULT - 256x640px, f_ref 305.58, cylindrical, HFOV 120.00deg / VFOV 45.46deg, tokens 640 (16x40 @ patch 16), state_dim 2048, cache fragment {'geom': '256x640f305.5775cyl'}
[geometry] WARNING: this frame (120.00deg) EXCEEDS comma2k19's entire field (65.203deg). comma2k19 cannot supply it at any resolution — it must be letterboxed (geometry_mode='rectify', explicit unobserved mask), given its own frame, or dropped from the mix. That is a PI decision, not a default.
[k60clip05p30k] 144 windows W=6 horizons=[1, 2, 4]
   h=1 action 0.00109 scene 0.36634 RATIO 0.003 C0 PASS
   h=2 action 0.00001 scene 0.40651 RATIO 0.0 C0 PASS
   h=4 action 0.00001 scene 0.40651 RATIO 0.0 C0 PASS
[predictor] RESIDUAL_HEAD_INIT_SCALE=0.001  (identity-scale start)
[v6] O6 rank gate CAN rule: --spectrum-accum 43 x 48 rows/call -> ceiling 2063 >= 1024
[v6] params 19.30 M / budget 300 M · arm shared-encoder+adapters · per-group {'encoder': 0.97, 'readout': 0.01, 'predictor_op': 7.57, 'layer_tac': 4.88, 'layer_str': 3.56, 'planner': 0.69, 'aux': 1.62, 'interp': 0.0}
[v6] X3 isolation pass=True violations={'planner_to_encoder': 0, 'tactical_to_below': 0, 'strategic_to_below': 0}
[geometry] v6_probe_trunk: NON-DEFAULT - 256x640px, f_ref 305.58, cylindrical, HFOV 120.00deg / VFOV 45.46deg, tokens 640 (16x40 @ patch 16), state_dim 2048, cache fragment {'geom': '256x640f305.5775cyl'}
[geometry] WARNING: this frame (120.00deg) EXCEEDS comma2k19's entire field (65.203deg). comma2k19 cannot supply it at any resolution — it must be letterboxed (geometry_mode='rectify', explicit unobserved mask), given its own frame, or dropped from the mix. That is a PI decision, not a default.
[postrain30k] 144 windows W=6 horizons=[1, 2, 4]
   h=1 action 0.00139 scene 0.23434 RATIO 0.0059 C0 PASS
   h=2 action 0.00001 scene 0.39906 RATIO 0.0 C0 PASS
   h=4 action 0.00001 scene 0.39906 RATIO 0.0 C0 PASS
WROTE C:\Users\Admin\tanitad-wt\mm-e19-probes\mm_e19_out_k60\raw\actdiv_local.json
