=== ARM base  07:36:56 ===
[parity] val physicalai-val-0c5f7dac3b11: physicalai-val-0c5f7dac3b11 count OK (40/600) — NO uid digest committed for this split, so this is a COUNT-ONLY check. Upgrade it once on a pod: scripts/make_parity_manifest.py --record --split val --cache-dir <verified cache>
[parity] val physicalai-val-0c5f7dac3b11: physicalai-val-0c5f7dac3b11 val OK — 40 episodes (canonical TanitEval deployment -> 881 stride-8 windows (THE published open-loop statistic)), COUNT-ONLY (manifest carries no uid digest).
[lat] raster (256, 256) grid (8, 8) = 64 tokens :: C-raster PASS
[lat] ep0 22 windows (2s)
[lat] ep1 22 windows (3s)
[lat] ep2 22 windows (3s)
[lat] ep3 22 windows (4s)
[lat] ep4 22 windows (4s)
[lat] ep5 22 windows (5s)
[lat] ep6 22 windows (6s)
[lat] ep7 22 windows (6s)
[lat] ep8 22 windows (7s)
[lat] ep9 22 windows (7s)
[lat] ep10 23 windows (8s)
[lat] ep11 22 windows (8s)
[lat] ep12 22 windows (9s)
[lat] ep13 22 windows (9s)
[lat] ep14 22 windows (10s)
[lat] ep15 22 windows (11s)
[lat] ep16 22 windows (11s)
[lat] ep17 22 windows (12s)
[lat] ep18 22 windows (12s)
[lat] ep19 22 windows (13s)
[lat] ep20 22 windows (13s)
[lat] ep21 22 windows (14s)
[lat] ep22 22 windows (14s)
[lat] ep23 22 windows (15s)
[lat] ep24 22 windows (15s)
[lat] ep25 22 windows (16s)
[lat] ep26 22 windows (17s)
[lat] ep27 22 windows (17s)
[lat] ep28 22 windows (18s)
[lat] ep29 22 windows (18s)
[lat] ep30 22 windows (19s)
[lat] ep31 22 windows (19s)
[lat] ep32 22 windows (20s)
[lat] ep33 22 windows (20s)
[lat] ep34 22 windows (21s)
[lat] ep35 22 windows (21s)
[lat] ep36 22 windows (22s)
[lat] ep37 22 windows (22s)
[lat] ep38 22 windows (23s)
[lat] ep39 22 windows (24s)
{
  "n_windows_match": true,
  "n_windows": 881,
  "n_episodes": 40,
  "eid_match": true,
  "fan_bit_identical": true,
  "fan_max_abs_diff": 0.0,
  "gt_bit_identical": true,
  "sel_bit_identical": true,
  "v0_bit_identical": true
}
[lat] pooled (881, 704) pooled_seq (881, 8, 704) ctx (881, 64) meas (881, 128) -> /home/nvidia/lambda_findability/latents_refc-base-30k.pt (24s)
=== ARM base exit=0 07:37:21 ===
=== ARM xl  07:37:21 ===
[parity] val physicalai-val-0c5f7dac3b11: physicalai-val-0c5f7dac3b11 count OK (40/600) — NO uid digest committed for this split, so this is a COUNT-ONLY check. Upgrade it once on a pod: scripts/make_parity_manifest.py --record --split val --cache-dir <verified cache>
[parity] val physicalai-val-0c5f7dac3b11: physicalai-val-0c5f7dac3b11 val OK — 40 episodes (canonical TanitEval deployment -> 881 stride-8 windows (THE published open-loop statistic)), COUNT-ONLY (manifest carries no uid digest).
[lat] raster (256, 256) grid (8, 8) = 64 tokens :: C-raster PASS
[lat] ep0 22 windows (3s)
[lat] ep1 22 windows (4s)
[lat] ep2 22 windows (5s)
[lat] ep3 22 windows (7s)
[lat] ep4 22 windows (8s)
[lat] ep5 22 windows (9s)
[lat] ep6 22 windows (10s)
[lat] ep7 22 windows (11s)
[lat] ep8 22 windows (12s)
[lat] ep9 22 windows (13s)
[lat] ep10 23 windows (14s)
[lat] ep11 22 windows (16s)
[lat] ep12 22 windows (17s)
[lat] ep13 22 windows (18s)
[lat] ep14 22 windows (19s)
[lat] ep15 22 windows (20s)
[lat] ep16 22 windows (21s)
[lat] ep17 22 windows (22s)
[lat] ep18 22 windows (23s)
[lat] ep19 22 windows (24s)
[lat] ep20 22 windows (26s)
[lat] ep21 22 windows (27s)
[lat] ep22 22 windows (28s)
[lat] ep23 22 windows (29s)
[lat] ep24 22 windows (30s)
[lat] ep25 22 windows (31s)
[lat] ep26 22 windows (32s)
[lat] ep27 22 windows (33s)
[lat] ep28 22 windows (34s)
[lat] ep29 22 windows (36s)
[lat] ep30 22 windows (37s)
[lat] ep31 22 windows (38s)
[lat] ep32 22 windows (39s)
[lat] ep33 22 windows (40s)
[lat] ep34 22 windows (41s)
[lat] ep35 22 windows (42s)
[lat] ep36 22 windows (43s)
[lat] ep37 22 windows (45s)
[lat] ep38 22 windows (46s)
[lat] ep39 22 windows (47s)
{
  "n_windows_match": true,
  "n_windows": 881,
  "n_episodes": 40,
  "eid_match": true,
  "fan_bit_identical": true,
  "fan_max_abs_diff": 0.0,
  "gt_bit_identical": true,
  "sel_bit_identical": true,
  "v0_bit_identical": true
}
[lat] pooled (881, 992) pooled_seq (881, 8, 992) ctx (881, 96) meas (881, 128) -> /home/nvidia/lambda_findability/latents_refc-xl-30k.pt (47s)
=== ARM xl exit=0 07:38:10 ===
ALL_DONE
