{
 "tree": "C:\\Users\\Admin\\w7tree_03e6ed9",
 "gate_py": "D:\\Projects\\TanitAD\\TanitAD Research Lab\\Architecture & Inference\\Research\\2026-09-26-refcv7-launch-gate\\code\\fix\\stack\\scripts\\launch_gate.py",
 "template": [
  "{python}",
  "{tree}/taniteval/tools/training_watch/build_watch_refcv7.py",
  "--metrics",
  "{metrics}",
  "--out",
  "{out}"
 ],
 "renders": {
  "FIXTURE_synthetic_healthy": {
   "bytes": 265171,
   "map": "clear",
   "box3d": "in band",
   "ga_alarm": false,
   "gate_map_watch_reasons": [],
   "gate_alarm_tile": true
  },
  "FIXTURE_synthetic_alarms_on": {
   "bytes": 265984,
   "map": "ALARM",
   "box3d": "ALARM",
   "ga_alarm": true,
   "gate_map_watch_reasons": [],
   "gate_alarm_tile": true
  },
  "BACKCOMPAT_refcv6": {
   "bytes": 869508,
   "step": 38250,
   "segments": 3,
   "unplanned": 0,
   "stopped": true,
   "map": "UNAVAILABLE",
   "map_series_keys": 0,
   "box3d": "UNAVAILABLE",
   "agent": "UNAVAILABLE",
   "ga_declared": null,
   "prior_mode": null,
   "shared_charts_drawn": [
    "c1",
    "c2",
    "c3",
    "c4",
    "c5",
    "c6",
    "c8",
    "c9",
    "c10",
    "c11",
    "c12"
   ],
   "stderr_undiagnosed": 0,
   "n_err": 0,
   "gate_map_watch_reasons_n": 1,
   "gate_alarm_tile": true
  }
 },
 "gate_form": {
  "rc": 0,
  "stdout_tail": [
   "wrote D:\\Projects\\TanitAD\\TanitAD Research Lab\\Architecture & Inference\\Research\\2026-09-27-refcv7-training-watch\\raw\\smoke\\FIXTURE_gate_form_watch_refcv7.html (265,092 B)"
  ],
  "stderr": "",
  "gate_map_watch_reasons": [],
  "gate_alarm_tile": true,
  "series_missing": []
 },
 "verdict": "PASS"
}
ZZSMOKE-PASSZZ
