[v3] anchors: artifact anchors (117, 8, 2), controls (117, 2), units=alat (cli-override-legacy-file), horizon_s=None, dt=None, ref_speed_ms=None, kappa_cap=None, alat_v_floor=None, schema=None
[v3] anchors: loaded (117, 8, 2) from C:\Users\Admin\run_wbank\refc_anchors_6s_v0cond_alat_117.pt (sha256 51f930dc6f3564ff)
[v3] anchors: v0-CONDITIONED, controls (117, 2) (accel, lateral accel), units=alat (source: cli-override-legacy-file), rolled per window; withheld rows at 10.0 m/s. straight-ahead control present: True
[parity] ⚠ NON-PARITY corpus for *train* cache: C:\Users\Admin\tanitad-data\physicalai\_epcache\physicalai-train-14231cd29c74 references no registered parity key (physicalai-train-e438721ae894 / physicalai-val-0c5f7dac3b11). Results off it are NOT cross-arm comparable with the parity arms.
[v3] 48 episodes from C:\Users\Admin\tanitad-data\physicalai\_epcache\physicalai-train-14231cd29c74
[v3] 48 episodes -> 8199 windows (window 8, max_horizon 20, image_hw (256, 256), tac_vocab kin3)
[v3] u8_batches=False: frames+future_frames = 0.793 GB per collated batch (float32), <= 1 in flight -> ~0.79 GB
[v3] withheld bank: mode=pred warmup=450 speed_max=35.0 m/s pool=None
[v3:hier] step 50 loss 35.6790 traj 4.4486
[v3:hier] step 100 loss 22.8007 traj 2.5365
[v3:hier] step 150 loss 17.0012 traj 1.9464
[v3:hier] step 200 loss 17.6022 traj 1.9874
[v3:hier] step 250 loss 15.6205 traj 1.7389
[v3:hier] step 300 loss 15.1965 traj 1.4700
[v3:hier] step 350 loss 17.3034 traj 1.5735
[v3:hier] step 400 loss 11.4767 traj 1.2000
[v3:hier] step 450 loss 14.3063 traj 1.6149
[v3:hier] step 500 loss 15.4138 traj 1.3212
[v3:hier] step 550 loss 13.5711 traj 1.4023
[v3:hier] step 600 loss 15.1268 traj 0.8170
[v3:hier] step 650 loss 20.8742 traj 2.1435
[v3:hier] step 700 loss 11.2173 traj 1.4701
[v3:hier] step 750 loss 12.3709 traj 1.3555
[v3:hier] step 800 loss 14.1362 traj 1.0749
[v3:hier] step 850 loss 13.7100 traj 0.9850
[v3:hier] step 900 loss 11.8298 traj 1.2050
[v3:hier] step 950 loss 9.4989 traj 1.0221
[v3:hier] step 1000 loss 11.5527 traj 1.2382
[v3:hier] step 1050 loss 10.9708 traj 1.1814
[v3:hier] step 1100 loss 13.6654 traj 1.2141
[v3:hier] step 1150 loss 9.6310 traj 0.9526
[v3:hier] step 1200 loss 7.1124 traj 0.9535
[v3:hier] step 1250 loss 9.3006 traj 1.1345
[v3:hier] step 1300 loss 9.4065 traj 1.0039
[v3:hier] step 1350 loss 9.4410 traj 1.1828
[v3:hier] step 1400 loss 9.4568 traj 1.0575
[v3:hier] step 1450 loss 7.4890 traj 0.9355
[v3:hier] step 1500 loss 7.0685 traj 0.7991
[v3:hier] step 1550 loss 9.9541 traj 1.1456
[v3:hier] step 1600 loss 7.2811 traj 1.0547
[v3:hier] step 1650 loss 6.9958 traj 1.0269
[v3:hier] step 1700 loss 7.1728 traj 0.8626
[v3:hier] step 1750 loss 7.1665 traj 0.9823
[v3:hier] step 1800 loss 5.9196 traj 0.9125
[v3:hier] step 1850 loss 6.9048 traj 0.9267
[v3:hier] step 1900 loss 7.3293 traj 1.0340
[v3:hier] step 1950 loss 6.6252 traj 0.8246
[v3:hier] step 2000 loss 5.9694 traj 0.9673
[v3:hier] ckpt step 2000 -> ckpt.pt
[v3:hier] DONE at 2000 — summary.json written
