[predictor] RESIDUAL_HEAD_INIT_SCALE=0.001  (identity-scale start)
[v6] ⛔ O6 RANK GATE CANNOT RULE AT THESE SETTINGS — it will report INCONCLUSIVE no matter what the representation does.
[v6]    --spectrum-accum 1 x 64 rows/call -> rank_ceiling 63, but the criterion needs 1024.
[v6]    USE --spectrum-accum 17 (cost: ~1 MB of CPU ring buffer).
[v6]    MEASURED 2026-08-22: v6F@20k effective rank 5.86 vs an absolute_floor of 64 — a COLLAPSED representation that this gate would have failed, had it been able to see.
[v6] params 8.70 M / budget 300 M · arm shared-encoder+adapters · per-group {'encoder': 0.04, 'readout': 0.0, 'predictor_op': 0.16, 'layer_tac': 3.45, 'layer_str': 3.33, 'planner': 0.14, 'aux': 1.59, 'interp': 0.0}
[v6] X3 isolation pass=True violations={'planner_to_encoder': 0, 'tactical_to_below': 0, 'strategic_to_below': 0}
[v6] declared-freeze preflight OK (dry-run): 0 frozen-external + 1 grad-unreachable subtree(s); directions A/A'/B checked
[gradreach] all 76 optimizer tensors received a gradient (3.59 M params, 100.0 % of the declared trainable budget)
[v6 dry 1] {"stage": "S-T", "seam_op": 0.9298242330551147, "t1_latent": 0.7767127156257629, "fan_mean_ade": 44.84445571899414, "fan_oracle_ade": 44.844451904296875, "plan_wta": 44.844451904296875, "plan_ade_0_2s": 15.538116455078125, "plan_ade_2_6s": 59.49762725830078, "loss": 46.550987243652344, "terms": ["plan", "seam", "t1"], "step": 1, "gnorm": 2.7884}
[v6 dry 2] {"stage": "S-T", "seam_op": 0.8923354148864746, "t1_latent": 0.7892752885818481, "fan_mean_ade": 36.6437873840332, "fan_oracle_ade": 36.643524169921875, "plan_wta": 36.643524169921875, "plan_ade_0_2s": 12.751228332519531, "plan_ade_2_6s": 48.58967208862305, "loss": 38.32513427734375, "terms": ["plan", "seam", "t1"], "step": 2, "gnorm": 7.1832}
[v6 dry 3] {"stage": "S-T", "seam_op": 0.8452510833740234, "t1_latent": 0.9117032885551453, "fan_mean_ade": 32.758384704589844, "fan_oracle_ade": 32.757652282714844, "plan_wta": 32.757652282714844, "plan_ade_0_2s": 11.355753898620605, "plan_ade_2_6s": 43.45859909057617, "loss": 34.51460647583008, "terms": ["plan", "seam", "t1"], "step": 3, "gnorm": 9.0318}
[v6] EFFECTIVE WEIGHTS (--stage S-T) -- default -> layer -> effective -> builds a graph?
[v6] term             flag                          default  asked  effective  src   graph  status          layer/mask/missing                                                                                                                                                                                                                                         
[v6] ---------------  ----------------------------  -------  -----  ---------  ----  -----  --------------  -----------------------------------------------------------------------------------------------------------------------------------------------------------------------------------------------------------------------------------------------------------
[v6] o1_ctrl          --w-o1-ctrl                   1        1      0          dflt  no     OFF_BY_LAYER    layer=for_stage('S-T')                                                                                                                                                                                                                                     
[v6] o1_fact          --w-o1-fact                   1        1      0          dflt  no     OFF_BY_LAYER    layer=for_stage('S-T')                                                                                                                                                                                                                                     
[v6] o1_scene         --w-o1-scene                  0.3      0.3    0          dflt  no     OFF_BY_LAYER    layer=for_stage('S-T')                                                                                                                                                                                                                                     
[v6] o2_nearfield     --w-o2                        1        1      0          dflt  no     OFF_BY_LAYER    layer=for_stage('S-T')                                                                                                                                                                                                                                     
[v6] o3_masked        --w-o3                        1        1      0          dflt  no     OFF_BY_LAYER    layer=for_stage('S-T')                                                                                                                                                                                                                                     
[v6] o5_rollout       --w-o5                        1        1      0          dflt  no     OFF_BY_LAYER    layer=for_stage('S-T')                                                                                                                                                                                                                                     
[v6] o6_sigreg        --w-o6                        0.1      0.1    0          dflt  no     OFF_BY_LAYER    layer=for_stage('S-T')                                                                                                                                                                                                                                     
[v6] o11_cf           --w-o11-cf                    0        0      0          dflt  no     OFF_BY_DEFAULT                                                                                                                                                                                                                                                             
[v6] o13_ego          --w-o13-ego                   0        0      0          dflt  no     OFF_BY_DEFAULT                                                                                                                                                                                                                                                             
[v6] o14_fut          --w-o14                       0        0      0          dflt  no     OFF_BY_DEFAULT                                                                                                                                                                                                                                                             
[v6] t1_latent        --w-t1                        1        1      1          dflt  yes    TRAINS                                                                                                                                                                                                                                                                     
[v6] s1_latent        --w-s1                        1        1      0          dflt  no     OFF_BY_LAYER    layer=for_stage('S-T')                                                                                                                                                                                                                                     
[v6] lambda_plan      --lambda-plan                 1        1      1          dflt  yes    TRAINS          layer=STAGE_LAMBDA_PLAN['S-T']                                                                                                                                                                                                                             
[v6] seam_op          (no flag: dataclass default)  1        1      1          dflt  yes    TRAINS                                                                                                                                                                                                                                                                     
[v6] w_select         --w-select                    0        0      0          dflt  no     OFF_BY_DEFAULT  missing=--selector none: there is no scorer to train                                                                                                                                                                                                       
[v6] w_anchor         --w-anchor                    0        0      0          dflt  no     OFF_BY_DEFAULT  missing=--anchor-goal none: there is no anchor objective                                                                                                                                                                                                   
[v6] w_s2_goal        --w-s2-goal                   0        0      0          dflt  no     OFF_BY_DEFAULT  layer=for_stage('S-T'); mask=s2_valid (+ g_str_valid/a_str_valid; v7.2 arg L1 is ALL-ZERO masked by V72_ARGS_SUPERVISED=False)                                                                                                                             
[v6] w_t2_contrast    --w-t2-contrast               0        0      0          dflt  no     OFF_BY_DEFAULT  missing=no --t2-contrastive: the projector is never built                                                                                                                                                                                                  
[v6] w_t5_consist     --w-t5-consist                0        0      0          dflt  no     OFF_BY_DEFAULT  missing=no --t5-pairs: windows are drawn INDEPENDENTLY, so the consistency term would compare unrelated episodes                                                                                                                                           
[v6] w_s1_multi       --w-s1-multi                  0        0      0          dflt  no     OFF_BY_DEFAULT  layer=for_stage('S-T')                                                                                                                                                                                                                                     
[v6] w_tac_label_all  --w-tac-label-all             0        0      0          dflt  no     OFF_BY_DEFAULT  mask=tac_valid (the record's tactical band) + per-cell tac_goal_w (negatives policy x class mask) + tac_goal_arg_mask (SPEED_BAND v_lo/v_hi only); missing=no --goal-multilabel: the supervised sigmoid gates are not what conditions the operative planner
[v6] o10_psg          --w-o10-psg                   0        0      0          dflt  no     OFF_BY_DEFAULT  mask=psg_valid (per-clip: 1.0 only for clips in the train join)                                                                                                                                                                                            
[v6] 3/22 terms build a graph. A term with graph=no contributes EXACTLY zero gradient; 'p.grad is None' is the sound check, never the weight value.
[v6] stage gate INCONCLUSIVE -> C:\Users\Admin\v7f_r3\proof\out\dry_off_ST\stage_gate.json
[v6] dry-run OK -> C:\Users\Admin\v7f_r3\proof\out\dry_off_ST/dry_run.json + config.json + stage_gate.json (INCONCLUSIVE, _dry_run)
