[predictor] RESIDUAL_HEAD_INIT_SCALE=0.001  (identity-scale start)
[v6] ⛔ O6 RANK GATE CANNOT RULE AT THESE SETTINGS — it will report INCONCLUSIVE no matter what the representation does.
[v6]    --spectrum-accum 1 x 64 rows/call -> rank_ceiling 63, but the criterion needs 1024.
[v6]    USE --spectrum-accum 17 (cost: ~1 MB of CPU ring buffer).
[v6]    MEASURED 2026-08-22: v6F@20k effective rank 5.86 vs an absolute_floor of 64 — a COLLAPSED representation that this gate would have failed, had it been able to see.
[v6] params 8.70 M / budget 300 M · arm shared-encoder+adapters · per-group {'encoder': 0.04, 'readout': 0.0, 'predictor_op': 0.16, 'layer_tac': 3.45, 'layer_str': 3.33, 'planner': 0.14, 'aux': 1.59, 'interp': 0.0}
[v6] X3 isolation pass=True violations={'planner_to_encoder': 0, 'tactical_to_below': 0, 'strategic_to_below': 0}
[v6] declared-freeze preflight OK (dry-run): 0 frozen-external + 1 grad-unreachable subtree(s); directions A/A'/B checked
[v6] s2-labels v7.2: C:\Users\Admin\navcomp\data\s2_labels_v7.2_eval.jsonl.gz md5=aa12c948f062181c3297265b51526ec5 records=147 schema=s2-geom-v7 vocab=v7 side=eval allow_oracle_nav=True
[v6] ⚠ s2-labels v7.2: no clip index resolved beside C:\Users\Admin\navcomp\data\s2_labels_v7.2_eval.jsonl.gz; the join is by stable_episode_id(clip_id) (the same function the index records) and the index cross-check was NOT performed.
[v6] ⚠ s2-labels v7.2: mask/presence mismatch (recorded, not refused — v7_labels.effective_mask is the trainer-safe mask): [v7_labels] ⛔ mask/presence mismatch:
  tac_lat: ABSENT BUT UNMASKED ['LANE_CHANGE_L', 'LANE_CHANGE_R'] — dead logits that degrade calibration; mask them
[v6 dry] s2-labels OK · 147 records · g_str census {'FOLLOW_ROUTE': 93, 'STOP_AT_FOLLOW_ROUTE': 15, 'TURN_LEFT_FOLLOW_ROUTE': 11, 'TURN_RIGHT_FOLLOW_ROUTE': 28}
[v6 dry] R3 tac-label-all OK · negatives measured · goal classes trainable 13/22
[gradreach] all 76 optimizer tensors received a gradient (3.59 M params, 100.0 % of the declared trainable budget)
[v6 dry 1] {"stage": "S-T", "seam_op": 0.9663392305374146, "t1_latent": 0.771552562713623, "fan_mean_ade": 44.84445571899414, "fan_oracle_ade": 44.844451904296875, "plan_wta": 44.844451904296875, "plan_ade_0_2s": 15.538116455078125, "plan_ade_2_6s": 59.49762725830078, "tac_label_loss": 6.26924467086792, "tac_n_valid": 3, "tac_n_windows": 4, "tac_lat_ce": 2.090376615524292, "tac_lat_acc": 0.0, "tac_lat_n_valid": 3, "tac_lat_tok_counts": {"NUDGE_L": 1, "NUDGE_R": 1, "TURN_R": 1}, "tac_lon_ce": 2.047081232070923, "tac_lon_acc": 0.0, "tac_lon_n_valid": 3, "tac_lon_tok_counts": {"CREEP": 1, "CRUISE": 1, "YIELD_MERGE": 1}, "tac_goal_bce": 0.7009258270263672, "tac_goal_n_supervised": 66, "tac_goal_n_pos": 20, "tac_goal_pos_counts": {"CORRIDOR_OFFSET": 2, "EVADE_IN_CORRIDOR": 2, "FOLLOW_LANE": 2, "GAP_TARGET": 1, "LANE_CHANGE_R": 1, "TAKE_EXIT_L": 1, "TAKE_EXIT_R": 1, "TRAFFIC_LIGHT_REACT": 1, "TRAFFIC_LIGHT_REACT_GREEN": 1, "TRAFFIC_LIGHT_REACT_RED": 1, "TRAFFIC_LIGHT_REACT_YELLOW": 2, "TURN_R": 1, "YIELD": 2, "YIELD_FOR_TURN_R": 2}, "tac_speedband_l1_ms": 14.308609008789062, "tac_speedband_n_slots": 6, "loss": 52.85158920288086, "terms": ["plan", "seam", "t1", "tac_label_all"], "step": 1, "gnorm": 3.3914}
[v6 dry 2] {"stage": "S-T", "seam_op": 0.9066404700279236, "t1_latent": 0.8059374690055847, "fan_mean_ade": 36.6370849609375, "fan_oracle_ade": 36.6368293762207, "plan_wta": 36.6368293762207, "plan_ade_0_2s": 12.751077651977539, "plan_ade_2_6s": 48.57970428466797, "tac_label_loss": 5.9681854248046875, "tac_n_valid": 4, "tac_n_windows": 4, "tac_lat_ce": 2.1315348148345947, "tac_lat_acc": 0.0, "tac_lat_n_valid": 4, "tac_lat_tok_counts": {"ABORT_LC": 1, "NUDGE_R": 1, "TURN_R": 2}, "tac_lon_ce": 2.0986580848693848, "tac_lon_acc": 0.25, "tac_lon_n_valid": 4, "tac_lon_tok_counts": {"ACCELERATE": 2, "CREEP": 1, "YIELD_MERGE": 1}, "tac_goal_bce": 0.6975558400154114, "tac_goal_n_supervised": 88, "tac_goal_n_pos": 24, "tac_goal_pos_counts": {"CORRIDOR_OFFSET": 2, "EVADE_IN_CORRIDOR": 1, "FOLLOW_LANE": 1, "GAP_TARGET": 1, "LANE_CHANGE_R": 2, "MERGE": 2, "OVERTAKE_VEHICLE": 2, "REACT_ON_ONCOMING": 1, "SPEED_BAND": 1, "STOP_POINT": 1, "TAKE_EXIT_R": 2, "TRAFFIC_LIGHT_REACT": 1, "TRAFFIC_LIGHT_REACT_GREEN": 2, "TRAFFIC_LIGHT_REACT_YELLOW": 1, "TURN_R": 1, "YIELD": 1, "YIELD_FOR_TURN_L": 2}, "tac_speedband_l1_ms": 10.404359817504883, "tac_speedband_n_slots": 8, "loss": 44.31759262084961, "terms": ["plan", "seam", "t1", "tac_label_all"], "step": 2, "gnorm": 9.0302}
[v6 dry 3] {"stage": "S-T", "seam_op": 0.8746301531791687, "t1_latent": 0.9135777354240417, "fan_mean_ade": 32.7678337097168, "fan_oracle_ade": 32.76722717285156, "plan_wta": 32.76722717285156, "plan_ade_0_2s": 11.35605525970459, "plan_ade_2_6s": 43.472816467285156, "tac_label_loss": 6.064883232116699, "tac_n_valid": 4, "tac_n_windows": 4, "tac_lat_ce": 2.097900867462158, "tac_lat_acc": 0.25, "tac_lat_n_valid": 4, "tac_lat_tok_counts": {"LANE_CHANGE_L": 2, "LANE_CHANGE_R": 1, "NUDGE_R": 1}, "tac_lon_ce": 2.083919048309326, "tac_lon_acc": 0.0, "tac_lon_n_valid": 4, "tac_lon_tok_counts": {"ACCELERATE": 1, "ADAPT_SPEED_FOR_CURVE": 1, "CREEP": 1, "FOLLOW": 1}, "tac_goal_bce": 0.6917099356651306, "tac_goal_n_supervised": 88, "tac_goal_n_pos": 34, "tac_goal_pos_counts": {"CORRIDOR_OFFSET": 2, "EVADE_IN_CORRIDOR": 2, "FOLLOW_LANE": 1, "GAP_TARGET": 1, "LANE_CHANGE_L": 1, "LANE_CHANGE_R": 2, "OVERTAKE_VEHICLE": 2, "REACT_ON_ONCOMING": 2, "STOP_POINT": 2, "TAKE_EXIT_L": 1, "TAKE_EXIT_R": 1, "TRAFFIC_LIGHT_REACT": 1, "TRAFFIC_LIGHT_REACT_RED": 3, "TRAFFIC_LIGHT_REACT_YELLOW": 2, "TURN_L": 4, "TURN_R": 1, "YIELD": 1, "YIELD_FOR_TURN_L": 2, "YIELD_FOR_TURN_R": 3}, "tac_speedband_l1_ms": 11.913534164428711, "tac_speedband_n_slots": 8, "loss": 40.62031936645508, "terms": ["plan", "seam", "t1", "tac_label_all"], "step": 3, "gnorm": 8.3337}
[v6] EFFECTIVE WEIGHTS (--stage S-T) -- default -> layer -> effective -> builds a graph?
[v6] term             flag                          default  asked  effective  src   graph  status          layer/mask/missing                                                                                                                               
[v6] ---------------  ----------------------------  -------  -----  ---------  ----  -----  --------------  -------------------------------------------------------------------------------------------------------------------------------------------------
[v6] o1_ctrl          --w-o1-ctrl                   1        1      0          dflt  no     OFF_BY_LAYER    layer=for_stage('S-T')                                                                                                                           
[v6] o1_fact          --w-o1-fact                   1        1      0          dflt  no     OFF_BY_LAYER    layer=for_stage('S-T')                                                                                                                           
[v6] o1_scene         --w-o1-scene                  0.3      0.3    0          dflt  no     OFF_BY_LAYER    layer=for_stage('S-T')                                                                                                                           
[v6] o2_nearfield     --w-o2                        1        1      0          dflt  no     OFF_BY_LAYER    layer=for_stage('S-T')                                                                                                                           
[v6] o3_masked        --w-o3                        1        1      0          dflt  no     OFF_BY_LAYER    layer=for_stage('S-T')                                                                                                                           
[v6] o5_rollout       --w-o5                        1        1      0          dflt  no     OFF_BY_LAYER    layer=for_stage('S-T')                                                                                                                           
[v6] o6_sigreg        --w-o6                        0.1      0.1    0          dflt  no     OFF_BY_LAYER    layer=for_stage('S-T')                                                                                                                           
[v6] o11_cf           --w-o11-cf                    0        0      0          dflt  no     OFF_BY_DEFAULT                                                                                                                                                   
[v6] o13_ego          --w-o13-ego                   0        0      0          dflt  no     OFF_BY_DEFAULT                                                                                                                                                   
[v6] o14_fut          --w-o14                       0        0      0          dflt  no     OFF_BY_DEFAULT                                                                                                                                                   
[v6] t1_latent        --w-t1                        1        1      1          dflt  yes    TRAINS                                                                                                                                                           
[v6] s1_latent        --w-s1                        1        1      0          dflt  no     OFF_BY_LAYER    layer=for_stage('S-T')                                                                                                                           
[v6] lambda_plan      --lambda-plan                 1        1      1          dflt  yes    TRAINS          layer=STAGE_LAMBDA_PLAN['S-T']                                                                                                                   
[v6] seam_op          (no flag: dataclass default)  1        1      1          dflt  yes    TRAINS                                                                                                                                                           
[v6] w_select         --w-select                    0        0      0          dflt  no     OFF_BY_DEFAULT  missing=--selector none: there is no scorer to train                                                                                             
[v6] w_anchor         --w-anchor                    0        0      0          dflt  no     OFF_BY_DEFAULT  missing=--anchor-goal none: there is no anchor objective                                                                                         
[v6] w_s2_goal        --w-s2-goal                   0        0      0          dflt  no     OFF_BY_DEFAULT  layer=for_stage('S-T'); mask=s2_valid (+ g_str_valid/a_str_valid; v7.2 arg L1 is ALL-ZERO masked by V72_ARGS_SUPERVISED=False)                   
[v6] w_t2_contrast    --w-t2-contrast               0        0      0          dflt  no     OFF_BY_DEFAULT  missing=no --t2-contrastive: the projector is never built                                                                                        
[v6] w_t5_consist     --w-t5-consist                0        0      0          dflt  no     OFF_BY_DEFAULT  missing=no --t5-pairs: windows are drawn INDEPENDENTLY, so the consistency term would compare unrelated episodes                                 
[v6] w_s1_multi       --w-s1-multi                  0        0      0          dflt  no     OFF_BY_DEFAULT  layer=for_stage('S-T')                                                                                                                           
[v6] w_tac_label_all  --w-tac-label-all             0        1      1          op    yes    TRAINS_IF_MASK  mask=tac_valid (the record's tactical band) + per-cell tac_goal_w (negatives policy x class mask) + tac_goal_arg_mask (SPEED_BAND v_lo/v_hi only)
[v6] o10_psg          --w-o10-psg                   0        0      0          dflt  no     OFF_BY_DEFAULT  mask=psg_valid (per-clip: 1.0 only for clips in the train join)                                                                                  
[v6] 4/22 terms build a graph. A term with graph=no contributes EXACTLY zero gradient; 'p.grad is None' is the sound check, never the weight value.
[v6] stage gate INCONCLUSIVE -> C:\Users\Admin\v7f_r3\proof\out\dry_on_ST\stage_gate.json
[v6] dry-run OK -> C:\Users\Admin\v7f_r3\proof\out\dry_on_ST/dry_run.json + config.json + stage_gate.json (INCONCLUSIVE, _dry_run)
