== 1. cross-process OFF proof (modified tree)
wrote C:/Users/Admin/v7f_r3/proof/out/off_v7f_r3.json: 16 runs, trainer=C:\Users/Admin/v7f_r3\stack\scripts\train_v6_staged.py
== 2. seeded CLI OFF dry-runs (modified tree)
  S-W exit=0
  S-T exit=0
  S-S exit=0
  S-J exit=0
== 3. CLI ON/OFF dry-runs and refusals
  ON S-T exit=0
  ON S-J exit=0
  OFF S-T exit=0
  REFUSAL S-W exit=2
  REFUSAL no-multilabel exit=2
== 4. real eval-label smoke
  exit=0
== 5. real train() ladder S-W -> S-T ON/OFF
  S-W exit=0
  S-T ON exit=0
  S-T OFF exit=0
== done
