rows selected 6954 clips 139
content {'Z1_std': 0.5553620457649231, 'Z1_nonzero': 0.9999930550108506, 'X_mean': 0.2595824599266052, 'Z1_finite': True} read s 17.5
{
 "latent_704": {
  "point": 0.4223,
  "ci95": [
   0.3943,
   0.4498
  ],
  "n_clips": 139
 },
 "latent_7040": {
  "point": 0.4609,
  "ci95": [
   0.4345,
   0.4882
  ],
  "n_clips": 139
 },
 "pixel_1440": {
  "point": 0.495,
  "ci95": [
   0.4651,
   0.5243
  ],
  "n_clips": 139
 },
 "C_const": {
  "point": 0.0,
  "ci95": [
   0.0,
   0.0
  ],
  "n_clips": 139
 },
 "C_shuf": {
  "point": -0.0041,
  "ci95": [
   -0.0118,
   0.0031
  ],
  "n_clips": 139
 },
 "C_mut": {
  "point": -0.0019,
  "ci95": [
   -0.0078,
   0.0043
  ],
  "n_clips": 139
 }
}
{
 "latent_704_minus_pixel": {
  "point": -0.0727,
  "ci95": [
   -0.1067,
   -0.0404
  ],
  "n_clips": 139
 },
 "latent_7040_minus_pixel": {
  "point": -0.0341,
  "ci95": [
   -0.0657,
   -0.0023
  ],
  "n_clips": 139
 }
}
RC=0
