
=== S-W (S-W) -> <SCRATCH>/dry1/v7f-SW-30k ===
[chain] may-launch OK · precondition=n/a · init_from=None
    [predictor] RESIDUAL_HEAD_INIT_SCALE=0.001  (identity-scale start)
    [v6] ⛔ O6 RANK GATE CANNOT RULE AT THESE SETTINGS — it will report INCONCLUSIVE no matter what the representation does.
    [v6]    --spectrum-accum 1 x 32 rows/call -> rank_ceiling 31, but the criterion needs 1024.
    [v6]    USE --spectrum-accum 33 (cost: ~1 MB of CPU ring buffer).
    [v6]    MEASURED 2026-08-22: v6F@20k effective rank 5.86 vs an absolute_floor of 64 — a COLLAPSED representation that this gate would have failed, had it been able to see.
    [v6] params 8.71 M / budget 300 M · arm shared-encoder+adapters · per-group {'encoder': 0.04, 'readout': 0.0, 'predictor_op': 0.16, 'layer_tac': 3.45, 'layer_str': 3.33, 'planner': 0.13, 'aux': 1.59, 'interp': 0.0}
    [v6] X3 isolation pass=True violations={'planner_to_encoder': 0, 'tactical_to_below': 0, 'strategic_to_below': 0}
    [v6] declared-freeze preflight OK (dry-run): 0 frozen-external + 1 grad-unreachable subtree(s); directions A/A'/B checked
    [gradreach] all 86 optimizer tensors received a gradient (1.79 M params, 100.0 % of the declared trainable budget)
    [v6 dry 1] {"stage": "S-W", "o1_detach_encoder": false, "o1_stopgrad_factual": false, "o1_ctrl": 0.21464183926582336, "o1_fact": 1.9998674392700195, "o1_scene": 1.4403538703918457, "o1_factual_ade": 2.8993210792541504, "o1_basis_dims": 8, "o1_arms": ["left", "right", "brake", "throttle", "random"], "o5_loss": 0.938169002532959, "o5_k": 12, "o5_form": "l1", "o5_step1": 0.920622706413269, "o5_stepK": 0.8544862866401672, "o5_growth": 0.9281612038612366, "o5_mode": "uniform", "o2_loss": 0.9907021522521973, "o2_w_min": 0.14552262425422668, "o2_w_max": 2.4681448936462402, "o2_unweighted": 0.9595206379890442, "o2_tau_s": 2.0, "o2_at_step": 10, "o3_loss": 0.9066425561904907, "o3_mask_rate": 0.3125, "o3_n_masked": 10, "o3_visible_err": 0.8197280764579773, "o3_mode": "action", "o6_rows": 8, "o6_row_renorm": 1.0, "o6_sigreg": 0.7628410458564758, "loss": 5.558413028717041, "terms": ["o1", "o2", "o3", "o5", "o6"], "step": 1, "gnorm": 34.5235}
    [v6 dry 2] {"stage": "S-W", "o1_detach_encoder": false, "o1_stopgrad_factual": false, "o1_ctrl": 0.5685877203941345, "o1_fact": 1.4865366220474243, "o1_scene": 1.4064326286315918, "o1_factual_ade": 2.322038173675537, "o1_basis_dims": 8, "o1_arms": ["left", "right", "brake", "throttle", "random"], "o5_loss": 0.9633870124816895, "o5_k": 12, "o5_form": "l1", "o5_step1": 1.0141966342926025, "o5_stepK": 0.9735268950462341, "o5_growth": 0.9598995447158813, "o5_mode": "uniform", "o2_loss": 0.9833285808563232, "o2_w_min": 0.13903561234474182, "o2_w_max": 1.6884146928787231, "o2_unweighted": 0.9710566401481628, "o2_tau_s": 2.0, "o2_at_step": 10, "o3_loss": 0.8306142687797546, "o3_mask_rate": 0.3125, "o3_n_masked": 10, "o3_visible_err": 0.8166244626045227, "o3_mode": "action", "o6_rows": 8, "o6_row_renorm": 1.0, "o6_sigreg": 0.42431002855300903, "loss": 5.296814918518066, "terms": ["o1", "o2", "o3", "o5", "o6"], "step": 2, "gnorm": 33.4989}
    [v6] EFFECTIVE WEIGHTS (--stage S-W) -- default -> layer -> effective -> builds a graph?
    [v6] term             flag                          default  asked  effective  src   graph  status          layer/mask/missing                                                                                                                                                       
    [v6] ---------------  ----------------------------  -------  -----  ---------  ----  -----  --------------  -------------------------------------------------------------------------------------------------------------------------------------------------------------------------
    [v6] o1_ctrl          --w-o1-ctrl                   1        1      1          dflt  yes    TRAINS                                                                                                                                                                                   
    [v6] o1_fact          --w-o1-fact                   1        1      1          dflt  yes    TRAINS                                                                                                                                                                                   
    [v6] o1_scene         --w-o1-scene                  0.3      0.3    0.3        dflt  yes    TRAINS                                                                                                                                                                                   
    [v6] o2_nearfield     --w-o2                        1        1      1          dflt  yes    TRAINS                                                                                                                                                                                   
    [v6] o3_masked        --w-o3                        1        1      1          dflt  yes    TRAINS                                                                                                                                                                                   
    [v6] o5_rollout       --w-o5                        1        1      1          dflt  yes    TRAINS                                                                                                                                                                                   
    [v6] o6_sigreg        --w-o6                        0.1      0.1    0.1        dflt  yes    TRAINS                                                                                                                                                                                   
    [v6] o11_cf           --w-o11-cf                    0        0      0          dflt  no     OFF_BY_DEFAULT                                                                                                                                                                           
    [v6] o13_ego          --w-o13-ego                   0        0      0          dflt  no     OFF_BY_DEFAULT                                                                                                                                                                           
    [v6] o14_fut          --w-o14                       0        0      0          dflt  no     OFF_BY_DEFAULT                                                                                                                                                                           
    [v6] t1_latent        --w-t1                        1        1      0          dflt  no     OFF_BY_LAYER    layer=for_stage('S-W')                                                                                                                                                   
    [v6] s1_latent        --w-s1                        1        1      0          dflt  no     OFF_BY_LAYER    layer=for_stage('S-W')                                                                                                                                                   
    [v6] lambda_plan      --lambda-plan                 0        0      0          dflt  no     OFF_BY_DEFAULT  layer=for_stage('S-W')                                                                                                                                                   
    [v6] seam_op          (no flag: dataclass default)  1        1      0          dflt  no     OFF_BY_LAYER    layer=for_stage('S-W')                                                                                                                                                   
    [v6] w_select         --w-select                    0        0      0          dflt  no     OFF_BY_DEFAULT  layer=for_stage('S-W'); missing=--selector none: there is no scorer to train                                                                                             
    [v6] w_anchor         --w-anchor                    0        0      0          dflt  no     OFF_BY_DEFAULT  layer=for_stage('S-W'); missing=--anchor-goal none: there is no anchor objective                                                                                         
    [v6] w_s2_goal        --w-s2-goal                   0        0      0          dflt  no     OFF_BY_DEFAULT  layer=for_stage('S-W'); mask=s2_valid (+ g_str_valid/a_str_valid; v7.2 arg L1 is ALL-ZERO masked by V72_ARGS_SUPERVISED=False)                                           
    [v6] w_t2_contrast    --w-t2-contrast               0        0      0          dflt  no     OFF_BY_DEFAULT  layer=for_stage('S-W'); missing=no --t2-contrastive: the projector is never built                                                                                        
    [v6] w_t5_consist     --w-t5-consist                0        0      0          dflt  no     OFF_BY_DEFAULT  layer=for_stage('S-W'); missing=no --t5-pairs: windows are drawn INDEPENDENTLY, so the consistency term would compare unrelated episodes                                 
    [v6] w_s1_multi       --w-s1-multi                  0        0      0          dflt  no     OFF_BY_DEFAULT  layer=for_stage('S-W')                                                                                                                                                   
    [v6] w_tac_label_all  --w-tac-label-all             0        0      0          dflt  no     OFF_BY_DEFAULT  layer=for_stage('S-W'); mask=tac_valid (the record's tactical band) + per-cell tac_goal_w (negatives policy x class mask) + tac_goal_arg_mask (SPEED_BAND v_lo/v_hi only)
    [v6] o10_psg          --w-o10-psg                   0        0      0          dflt  no     OFF_BY_DEFAULT  mask=psg_valid (per-clip: 1.0 only for clips in the train join)                                                                                                          
    [v6] 7/22 terms build a graph. A term with graph=no contributes EXACTLY zero gradient; 'p.grad is None' is the sound check, never the weight value.
    [v6] stage gate INCONCLUSIVE -> <SCRATCH>\dry1\v7f-SW-30k\stage_gate.json
    [v6] dry-run OK -> <SCRATCH>\dry1\v7f-SW-30k/dry_run.json + config.json + stage_gate.json (INCONCLUSIVE, _dry_run)
[chain] S-W gate INCONCLUSIVE (_dry_run)
[predictor] RESIDUAL_HEAD_INIT_SCALE=0.001  (identity-scale start)
[v6] ⛔ O6 RANK GATE CANNOT RULE AT THESE SETTINGS — it will report INCONCLUSIVE no matter what the representation does.
[v6]    --spectrum-accum 1 x 32 rows/call -> rank_ceiling 31, but the criterion needs 1024.
[v6]    USE --spectrum-accum 33 (cost: ~1 MB of CPU ring buffer).
[v6]    MEASURED 2026-08-22: v6F@20k effective rank 5.86 vs an absolute_floor of 64 — a COLLAPSED representation that this gate would have failed, had it been able to see.
[v6] params 8.71 M / budget 300 M · arm shared-encoder+adapters · per-group {'encoder': 0.04, 'readout': 0.0, 'predictor_op': 0.16, 'layer_tac': 3.45, 'layer_str': 3.33, 'planner': 0.13, 'aux': 1.59, 'interp': 0.0}
[v6] X3 isolation pass=True violations={'planner_to_encoder': 0, 'tactical_to_below': 0, 'strategic_to_below': 0}
[chain] dry ancestor -> <SCRATCH>\dry1\v7f-SW-30k\dry_ckpt.pt

=== S-T (S-T) -> <SCRATCH>/dry1/v7f-ST-10k ===
[chain] may-launch OK · precondition=INCONCLUSIVE · init_from=<SCRATCH>/dry1/v7f-SW-30k/dry_ckpt.pt
    [predictor] RESIDUAL_HEAD_INIT_SCALE=0.001  (identity-scale start)
    [v6] ⛔ O6 RANK GATE CANNOT RULE AT THESE SETTINGS — it will report INCONCLUSIVE no matter what the representation does.
    [v6]    --spectrum-accum 1 x 32 rows/call -> rank_ceiling 31, but the criterion needs 1024.
    [v6]    USE --spectrum-accum 33 (cost: ~1 MB of CPU ring buffer).
    [v6]    MEASURED 2026-08-22: v6F@20k effective rank 5.86 vs an absolute_floor of 64 — a COLLAPSED representation that this gate would have failed, had it been able to see.
    [v6] params 8.71 M / budget 300 M · arm shared-encoder+adapters · per-group {'encoder': 0.04, 'readout': 0.0, 'predictor_op': 0.16, 'layer_tac': 3.45, 'layer_str': 3.33, 'planner': 0.14, 'aux': 1.59, 'interp': 0.0}
    [v6] X3 isolation pass=True violations={'planner_to_encoder': 0, 'tactical_to_below': 0, 'strategic_to_below': 0}
    [v6 dry] precondition OK · {"stage": "S-T", "precondition": "S-W", "ok": true, "prev_verdict": "INCONCLUSIVE", "override": "allow-inconclusive-gate", "off_reason": "CPU DRY LADDER \u2014 no corpus, no battery, synthetic tensors. Every dry gate is INCONCLUSIVE by construction because no frozen-battery probe ran; advancing through the RECORDED override is the honest path and is what makes this an end-to-end execution of the real gate machinery.", "prev_gate": "<SCRATCH>\\dry1\\v7f-SW-30k\\stage_gate.json", "prev_not_applicable": [], "exercised": true}
    [v6 dry] init-from OK · introduced=['tac_op_port.bias', 'tac_op_port.weight', 'vmax_tac.bias', 'vmax_tac.weight'] · trunk_md5=bc7ef6e2f1a2
    [v6] declared-freeze preflight OK (dry-run): 0 frozen-external + 1 grad-unreachable subtree(s); directions A/A'/B checked
    [v6] s2-labels v7.2: <SCRATCH>\v7fdata\labels\s2_labels_v7.2_train.jsonl.gz md5=0ff902130ce76886b8a925eceed9e3a5 records=4572 schema=s2-geom-v7 vocab=v7 side=train allow_oracle_nav=True
    [v6] ⚠ s2-labels v7.2: no clip index resolved beside <SCRATCH>\v7fdata\labels\s2_labels_v7.2_train.jsonl.gz; the join is by stable_episode_id(clip_id) (the same function the index records) and the index cross-check was NOT performed.
    [v6] ⚠ s2-labels v7.2: mask/presence mismatch (recorded, not refused — v7_labels.effective_mask is the trainer-safe mask): [v7_labels] ⛔ mask/presence mismatch:
      tac_lat: ABSENT BUT UNMASKED ['LANE_CHANGE_L', 'LANE_CHANGE_R'] — dead logits that degrade calibration; mask them
    [v6 dry] s2-labels OK · 4572 records · g_str census {'FOLLOW_ROUTE': 2948, 'STOP_AT_FOLLOW_ROUTE': 454, 'TURN_LEFT_FOLLOW_ROUTE': 574, 'TURN_RIGHT_FOLLOW_ROUTE': 596}
    [v6 dry] R3 tac-label-all OK · negatives measured · goal classes trainable 17/22
    [gradreach] all 83 optimizer tensors received a gradient (3.59 M params, 100.0 % of the declared trainable budget)
    [v6 dry 1] {"stage": "S-T", "seam_op": 0.9685845375061035, "t1_latent": 0.9210558533668518, "fan_mean_ade": 30.175338745117188, "fan_oracle_ade": 30.175338745117188, "plan_wta": 30.175338745117188, "plan_ade_0_2s": 10.485079765319824, "plan_ade_2_6s": 40.020469665527344, "tac_label_loss": 6.509623050689697, "tac_n_valid": 1, "tac_n_windows": 2, "tac_lat_ce": 2.075615167617798, "tac_lat_acc": 0.0, "tac_lat_n_valid": 1, "tac_lat_tok_counts": {"NUDGE_R": 1}, "tac_lon_ce": 2.062905788421631, "tac_lon_acc": 0.0, "tac_lon_n_valid": 1, "tac_lon_tok_counts": {"FOLLOW": 1}, "tac_goal_bce": 0.6974313259124756, "tac_goal_n_supervised": 22, "tac_goal_n_pos": 9, "tac_goal_pos_counts": {"EVADE_IN_CORRIDOR": 1, "GAP_TARGET": 1, "SPEED_BAND": 1, "TAKE_EXIT_L": 1, "TRAFFIC_LIGHT_REACT_GREEN": 1, "TRAFFIC_LIGHT_REACT_YELLOW": 1, "TURN_L": 1, "TURN_R": 1, "YIELD_FOR_TURN_L": 1}, "tac_speedband_l1_ms": 16.736703872680664, "tac_speedband_n_slots": 2, "loss": 38.57460403442383, "terms": ["plan", "seam", "t1", "tac_label_all"], "step": 1, "gnorm": 5.4719}
    [v6 dry 2] {"stage": "S-T", "seam_op": 0.9688568711280823, "t1_latent": 0.8496325016021729, "fan_mean_ade": 55.32737731933594, "fan_oracle_ade": 55.32737731933594, "plan_wta": 55.32737731933594, "plan_ade_0_2s": 18.951629638671875, "plan_ade_2_6s": 73.51525115966797, "tac_label_loss": 6.107678413391113, "tac_n_valid": 2, "tac_n_windows": 2, "tac_lat_ce": 2.0456032752990723, "tac_lat_acc": 0.5, "tac_lat_n_valid": 2, "tac_lat_tok_counts": {"ABORT_LC": 1, "LANE_CHANGE_R": 1}, "tac_lon_ce": 2.0815820693969727, "tac_lon_acc": 0.5, "tac_lon_n_valid": 2, "tac_lon_tok_counts": {"ACCELERATE": 1, "FOLLOW": 1}, "tac_goal_bce": 0.6998355388641357, "tac_goal_n_supervised": 44, "tac_goal_n_pos": 10, "tac_goal_pos_counts": {"EVADE_IN_CORRIDOR": 1, "LANE_CHANGE_L": 1, "LANE_CHANGE_R": 1, "OVERTAKE_VEHICLE": 1, "SPEED_BAND": 2, "TRAFFIC_LIGHT_REACT_GREEN": 1, "TRAFFIC_LIGHT_REACT_RED": 1, "TRAFFIC_LIGHT_REACT_YELLOW": 1, "YIELD_FOR_TURN_L": 1}, "tac_speedband_l1_ms": 12.806580543518066, "tac_speedband_n_slots": 4, "loss": 63.253543853759766, "terms": ["plan", "seam", "t1", "tac_label_all"], "step": 2, "gnorm": 9.205}
    [v6 dry] R1 cap smoke · {"n_rows": 4, "limits_ms": [8.3333, 8.3333, 33.3333, Infinity], "n_v0_over_limit": 1, "n_candidates": 4, "n_candidates_binding": 1, "n_plan_over_limit": 0, "max_plan_excess_ms_t0_under_limit": 0.0, "max_uncapped_speed_minus_limit_ms": 3.6662960052490234, "_read": "synthetic smoke through the eval-mode forward; proves the cap reaches the emitted plan, NOT a driving number"}
    [v6] EFFECTIVE WEIGHTS (--stage S-T) -- default -> layer -> effective -> builds a graph?
    [v6] term             flag                          default  asked  effective  src   graph  status           layer/mask/missing                                                                                                                               
    [v6] ---------------  ----------------------------  -------  -----  ---------  ----  -----  ---------------  -------------------------------------------------------------------------------------------------------------------------------------------------
    [v6] o1_ctrl          --w-o1-ctrl                   1        1      0          dflt  no     OFF_BY_LAYER     layer=for_stage('S-T')                                                                                                                           
    [v6] o1_fact          --w-o1-fact                   1        1      0          dflt  no     OFF_BY_LAYER     layer=for_stage('S-T')                                                                                                                           
    [v6] o1_scene         --w-o1-scene                  0.3      0.3    0          dflt  no     OFF_BY_LAYER     layer=for_stage('S-T')                                                                                                                           
    [v6] o2_nearfield     --w-o2                        1        1      0          dflt  no     OFF_BY_LAYER     layer=for_stage('S-T')                                                                                                                           
    [v6] o3_masked        --w-o3                        1        1      0          dflt  no     OFF_BY_LAYER     layer=for_stage('S-T')                                                                                                                           
    [v6] o5_rollout       --w-o5                        1        1      0          dflt  no     OFF_BY_LAYER     layer=for_stage('S-T')                                                                                                                           
    [v6] o6_sigreg        --w-o6                        0.1      0.1    0          dflt  no     OFF_BY_LAYER     layer=for_stage('S-T')                                                                                                                           
    [v6] o11_cf           --w-o11-cf                    0        0      0          dflt  no     OFF_BY_DEFAULT                                                                                                                                                    
    [v6] o13_ego          --w-o13-ego                   0        0      0          dflt  no     OFF_BY_DEFAULT                                                                                                                                                    
    [v6] o14_fut          --w-o14                       0        0      0          op    no     OFF_BY_OPERATOR                                                                                                                                                   
    [v6] t1_latent        --w-t1                        1        1      1          op    yes    TRAINS                                                                                                                                                            
    [v6] s1_latent        --w-s1                        1        1      0          dflt  no     OFF_BY_LAYER     layer=for_stage('S-T')                                                                                                                           
    [v6] lambda_plan      --lambda-plan                 1        1      1          dflt  yes    TRAINS           layer=STAGE_LAMBDA_PLAN['S-T']                                                                                                                   
    [v6] seam_op          (no flag: dataclass default)  1        1      1          dflt  yes    TRAINS                                                                                                                                                            
    [v6] w_select         --w-select                    0        0      0          dflt  no     OFF_BY_DEFAULT   missing=--selector none: there is no scorer to train                                                                                             
    [v6] w_anchor         --w-anchor                    0        0      0          dflt  no     OFF_BY_DEFAULT   missing=--anchor-goal none: there is no anchor objective                                                                                         
    [v6] w_s2_goal        --w-s2-goal                   0        0      0          dflt  no     OFF_BY_DEFAULT   layer=for_stage('S-T'); mask=s2_valid (+ g_str_valid/a_str_valid; v7.2 arg L1 is ALL-ZERO masked by V72_ARGS_SUPERVISED=False)                   
    [v6] w_t2_contrast    --w-t2-contrast               0        0      0          dflt  no     OFF_BY_DEFAULT   missing=no --t2-contrastive: the projector is never built                                                                                        
    [v6] w_t5_consist     --w-t5-consist                0        0      0          dflt  no     OFF_BY_DEFAULT   missing=no --t5-pairs: windows are drawn INDEPENDENTLY, so the consistency term would compare unrelated episodes                                 
    [v6] w_s1_multi       --w-s1-multi                  0        0      0          dflt  no     OFF_BY_DEFAULT   layer=for_stage('S-T')                                                                                                                           
    [v6] w_tac_label_all  --w-tac-label-all             0        1      1          op    yes    TRAINS_IF_MASK   mask=tac_valid (the record's tactical band) + per-cell tac_goal_w (negatives policy x class mask) + tac_goal_arg_mask (SPEED_BAND v_lo/v_hi only)
    [v6] o10_psg          --w-o10-psg                   0        0      0          dflt  no     OFF_BY_DEFAULT   mask=psg_valid (per-clip: 1.0 only for clips in the train join)                                                                                  
    [v6] 4/22 terms build a graph. A term with graph=no contributes EXACTLY zero gradient; 'p.grad is None' is the sound check, never the weight value.
    [v6] stage gate INCONCLUSIVE -> <SCRATCH>\dry1\v7f-ST-10k\stage_gate.json
    [v6] dry-run OK -> <SCRATCH>\dry1\v7f-ST-10k/dry_run.json + config.json + stage_gate.json (INCONCLUSIVE, _dry_run)
[chain] S-T gate INCONCLUSIVE (_dry_run)
[predictor] RESIDUAL_HEAD_INIT_SCALE=0.001  (identity-scale start)
[v6] ⛔ O6 RANK GATE CANNOT RULE AT THESE SETTINGS — it will report INCONCLUSIVE no matter what the representation does.
[v6]    --spectrum-accum 1 x 32 rows/call -> rank_ceiling 31, but the criterion needs 1024.
[v6]    USE --spectrum-accum 33 (cost: ~1 MB of CPU ring buffer).
[v6]    MEASURED 2026-08-22: v6F@20k effective rank 5.86 vs an absolute_floor of 64 — a COLLAPSED representation that this gate would have failed, had it been able to see.
[v6] params 8.71 M / budget 300 M · arm shared-encoder+adapters · per-group {'encoder': 0.04, 'readout': 0.0, 'predictor_op': 0.16, 'layer_tac': 3.45, 'layer_str': 3.33, 'planner': 0.14, 'aux': 1.59, 'interp': 0.0}
[v6] X3 isolation pass=True violations={'planner_to_encoder': 0, 'tactical_to_below': 0, 'strategic_to_below': 0}
[chain] dry ancestor -> <SCRATCH>\dry1\v7f-ST-10k\dry_ckpt.pt

[chain] 2 step(s), 0 failure(s), 11.4 s
