[geometry] t1_eval: NON-DEFAULT - 256x640px, f_ref 305.58, cylindrical, HFOV 120.00deg / VFOV 45.46deg, tokens 640 (16x40 @ patch 16), state_dim 2048, cache fragment {'geom': '256x640f305.5775cyl'}
[geometry] WARNING: this frame (120.00deg) EXCEEDS comma2k19's entire field (65.203deg). comma2k19 cannot supply it at any resolution — it must be letterboxed (geometry_mode='rectify', explicit unobserved mask), given its own frame, or dropped from the mix. That is a PI decision, not a default.
[predictor] RESIDUAL_HEAD_INIT_SCALE=0.001  (identity-scale start)
[v6] O6 rank gate CAN rule: --spectrum-accum 43 x 48 rows/call -> ceiling 2063 >= 1024
[v6] params 19.30 M / budget 300 M · arm shared-encoder+adapters · per-group {'encoder': 0.97, 'readout': 0.01, 'predictor_op': 7.57, 'layer_tac': 4.88, 'layer_str': 3.56, 'planner': 0.69, 'aux': 1.62, 'interp': 0.0}
[v6] X3 isolation pass=True violations={'planner_to_encoder': 0, 'tactical_to_below': 0, 'strategic_to_below': 0}
[geometry] v6_probe_trunk: NON-DEFAULT - 256x640px, f_ref 305.58, cylindrical, HFOV 120.00deg / VFOV 45.46deg, tokens 640 (16x40 @ patch 16), state_dim 2048, cache fragment {'geom': '256x640f305.5775cyl'}
[geometry] WARNING: this frame (120.00deg) EXCEEDS comma2k19's entire field (65.203deg). comma2k19 cannot supply it at any resolution — it must be letterboxed (geometry_mode='rectify', explicit unobserved mask), given its own frame, or dropped from the mix. That is a PI decision, not a default.
[model] loaded STRICT in 0.7s  step=30000  state_dim=2048  frame=256x640
[decoder] grounding.step['op'] (StepDisplacementReadout)
[parity] --v2-val-cache: physicalai-val-0c5f7dac3b11-w120-256x640cyl v2 VERIFIED — 600 clips, clip sha256 0b176d2e5cb4… matches the committed manifest (sibling of physicalai-val-0c5f7dac3b11, skip-hash f09e44db).
[v2] /home/nvidia/data/physicalai-val-0c5f7dac3b11-w120-256x640cyl: 600 providers (channels 9, 256x640 px), episode ids from 'episode_uid' [collision-free; the as-built 16-bit ids would give only 596 distinct for 600 clips]
[v2] 600 providers, 600 distinct episode ids
[corpus] v2-compressed — episodes 40 of 600 (§1.12 grid default: first 40)
[grid] window=6 k=20 dt=0.1 stride=1 chunk=16 amp=True arms=['cl']
  [1/40] 173 windows  6s
  [2/40] 173 windows  11s
  [3/40] 173 windows  17s
  [4/40] 173 windows  23s
  [5/40] 173 windows  28s
  [6/40] 173 windows  33s
  [7/40] 173 windows  38s
  [8/40] 173 windows  44s
  [9/40] 173 windows  49s
  [10/40] 173 windows  54s
  [11/40] 179 windows  60s
  [12/40] 172 windows  66s
  [13/40] 173 windows  71s
  [14/40] 173 windows  76s
  [15/40] 173 windows  82s
  [16/40] 173 windows  87s
  [17/40] 173 windows  93s
  [18/40] 173 windows  99s
  [19/40] 172 windows  104s
  [20/40] 173 windows  109s
  [21/40] 173 windows  114s
  [22/40] 173 windows  120s
  [23/40] 173 windows  125s
  [24/40] 173 windows  131s
  [25/40] 173 windows  136s
  [26/40] 173 windows  142s
  [27/40] 173 windows  147s
  [28/40] 173 windows  152s
  [29/40] 173 windows  157s
  [30/40] 173 windows  163s
  [31/40] 173 windows  168s
  [32/40] 173 windows  173s
  [33/40] 173 windows  179s
  [34/40] 173 windows  184s
  [35/40] 173 windows  190s
  [36/40] 173 windows  195s
  [37/40] 173 windows  200s
  [38/40] 173 windows  205s
  [39/40] 173 windows  210s
  [40/40] 173 windows  216s
T1_DUMP_DONE
[out] /home/nvidia/v7tiny/t1_parity/t1_postrain30k.json
  cl     tier=T1  S-rate(masked)=0.2632  lag=0.1  families_unavailable=['strategic']
