[parity] ⚠ NON-PARITY corpus for *val* cache: C:\Users\Admin\tanitad-data\physicalai\_epcache\physicalai-val-bb543bdf7836 references no registered parity key (physicalai-train-e438721ae894 / physicalai-val-0c5f7dac3b11). Results off it are NOT cross-arm comparable with the parity arms.
[A0_fixed] building
[A0_fixed] forward k (regime k, bank fixed, shuffle False)
[A0_fixed] forward w (regime w, bank fixed, shuffle False)
[A0_fixed] gate2=READS_BOTH gate2b=ECHOING (scene +0.0732, ego +0.1286) gate_raised=True | w 2s speed_mae 2.629
[A0b_replicate] building
[A0b_replicate] forward k (regime k, bank fixed, shuffle False)
[A0b_replicate] forward w (regime w, bank fixed, shuffle False)
[A0b_replicate] gate2=READS_BOTH gate2b=ECHOING (scene +0.1211, ego +0.1169) gate_raised=True | w 2s speed_mae 2.687
[A1_pred] building
[A1_pred] forward k (regime k, bank pred, shuffle False)
[A1_pred] forward w (regime w, bank pred, shuffle False)
[A1_pred] forward w_fixed (regime w, bank fixed, shuffle False)
[A1_pred] forward w_shuf (regime w, bank pred, shuffle True)
[A1_pred] gate2=READS_BOTH gate2b=READS_BOTH (scene +0.4619, ego +0.1642) gate_raised=True | w 2s speed_mae 2.464
[A2_random] building
[parity] ⚠ NON-PARITY corpus for *train* cache: C:\Users\Admin\tanitad-data\physicalai\_epcache\physicalai-train-14231cd29c74 references no registered parity key (physicalai-train-e438721ae894 / physicalai-val-0c5f7dac3b11). Results off it are NOT cross-arm comparable with the parity arms.
[v3] withheld bank: mode=random warmup=0 speed_max=35.0 m/s pool={'n': 9543, 'mean_ms': 5.7998, 'std_ms': 4.0438, 'p10_p50_p90_ms': [0.0, 5.763, 10.835], 'source': "poses[:, 3] over every frame of the TRAINING episodes (the marginal the withheld row's bank is drawn from; independent of the row)"}
[A2_random] forward k (regime k, bank random, shuffle False)
[A2_random] forward w (regime w, bank random, shuffle False)
[A2_random] forward w_fixed (regime w, bank fixed, shuffle False)
[A2_random] gate2=READS_BOTH gate2b=ECHOING (scene +0.0942, ego +0.1282) gate_raised=True | w 2s speed_mae 2.603
[A3_drop25] building
[A3_drop25] forward k (regime k, bank fixed, shuffle False)
[A3_drop25] forward w (regime w, bank fixed, shuffle False)
[A3_drop25] gate2=READS_BOTH gate2b=ECHOING (scene +0.2130, ego +0.5745) gate_raised=True | w 2s speed_mae 2.558
[A4_none] building
[A4_none] forward k (regime k, bank none, shuffle False)
[A4_none] forward w (regime w, bank none, shuffle False)
[A4_none] gate2=READS_BOTH gate2b=IGNORES_EGO (scene +0.7591, ego +0.0417) gate_raised=True | w 2s speed_mae 2.550
[A5_regress] building
[A5_regress] forward k (regime k, bank fixed, shuffle False)
[A5_regress] forward w (regime w, bank fixed, shuffle False)
[A5_regress] gate2=READS_BOTH gate2b=ECHOING (scene +0.0000, ego +2.5957) gate_raised=True | w 2s speed_mae 11.642
C:\Users\Admin\run_wbank\panel_score.py:777: DeprecationWarning: __array_wrap__ must accept context and return_scalar arguments (positionally) in the future. (Deprecated NumPy 2.0)
  np.abs(store[name][tag]["g_tac"][:, 0, 3] - G["goal"][:, 0, 3]).numpy(),
C:\Users\Admin\run_wbank\panel_score.py:778: DeprecationWarning: __array_wrap__ must accept context and return_scalar arguments (positionally) in the future. (Deprecated NumPy 2.0)
  np.abs(store[a0n][base_tag]["g_tac"][:, 0, 3] - G["goal"][:, 0, 3]).numpy(), eid),
wrote C:\Users\Admin\run_wbank\panel_report.json
