...............sssss....sssss.....sss...............................FFFF [ 11%]
FFFFFFFFFFF............................................................. [ 23%]
........................................................................ [ 35%]
.................................s..........F........................... [ 47%]
...........................................................F............ [ 59%]
........................................................................ [ 71%]
....................................s................................... [ 82%]
..........................................................sss....ss..... [ 94%]
.......ss.......................                                         [100%]
================================== FAILURES ===================================
E   AssertionError: expected exit 0, got 2
      C:\Users\Admin\venvs\tanitad\Scripts\python.exe: can't open file 'C:\\Users\\Admin\\refcv4b_suite\\taniteval\\tools\\ff_rescore.py': [Errno 2] No such file or directory
      
    assert 2 == 0
     +  where 2 = CompletedProcess(args=['C:\\Users\\Admin\\venvs\\tanitad\\Scripts\\python.exe', 'C:\\Users\\Admin\\refcv4b_suite\\tani...'C:\\\\Users\\\\Admin\\\\refcv4b_suite\\\\taniteval\\\\tools\\\\ff_rescore.py': [Errno 2] No such file or directory\n").returncode
C:\Users\Admin\refcv4b_suite\stack\tests\test_ff_v58f.py:55: AssertionError: expected exit 0, got 2
E   AssertionError: expected exit 0, got 2
      C:\Users\Admin\venvs\tanitad\Scripts\python.exe: can't open file 'C:\\Users\\Admin\\refcv4b_suite\\taniteval\\tools\\ff_rescore.py': [Errno 2] No such file or directory
      
    assert 2 == 0
     +  where 2 = CompletedProcess(args=['C:\\Users\\Admin\\venvs\\tanitad\\Scripts\\python.exe', 'C:\\Users\\Admin\\refcv4b_suite\\tani...'C:\\\\Users\\\\Admin\\\\refcv4b_suite\\\\taniteval\\\\tools\\\\ff_rescore.py': [Errno 2] No such file or directory\n").returncode
C:\Users\Admin\refcv4b_suite\stack\tests\test_ff_v58f.py:55: AssertionError: expected exit 0, got 2
E   AssertionError: expected exit 3, got 2
      C:\Users\Admin\venvs\tanitad\Scripts\python.exe: can't open file 'C:\\Users\\Admin\\refcv4b_suite\\taniteval\\tools\\ff_rescore.py': [Errno 2] No such file or directory
      
    assert 2 == 3
     +  where 2 = CompletedProcess(args=['C:\\Users\\Admin\\venvs\\tanitad\\Scripts\\python.exe', 'C:\\Users\\Admin\\refcv4b_suite\\tani...'C:\\\\Users\\\\Admin\\\\refcv4b_suite\\\\taniteval\\\\tools\\\\ff_rescore.py': [Errno 2] No such file or directory\n").returncode
C:\Users\Admin\refcv4b_suite\stack\tests\test_ff_v58f.py:55: AssertionError: expected exit 3, got 2
E   assert 'NO TIER' in "C:\\Users\\Admin\\venvs\\tanitad\\Scripts\\python.exe: can't open file 'C:\\\\Users\\\\Admin\\\\refcv4b_suite\\\\taniteval\\\\tools\\\\ff_rescore.py': [Errno 2] No such file or directory\n"
C:\Users\Admin\refcv4b_suite\stack\tests\test_ff_v58f.py:474: assert 'NO TIER' in "C:\\Users\\Admin\\venvs\\tanitad\\Scripts\\python.exe: can't open file 'C:\\\\Users\\\\Admin\\\\refcv4b_suite\\\\taniteval\\\\tools\\\\ff_rescore.py': [Errno 2] No such file or directory\n"
E   AssertionError: expected exit 0, got 2
      C:\Users\Admin\venvs\tanitad\Scripts\python.exe: can't open file 'C:\\Users\\Admin\\refcv4b_suite\\taniteval\\tools\\ff_rescore.py': [Errno 2] No such file or directory
      
    assert 2 == 0
     +  where 2 = CompletedProcess(args=['C:\\Users\\Admin\\venvs\\tanitad\\Scripts\\python.exe', 'C:\\Users\\Admin\\refcv4b_suite\\tani...'C:\\\\Users\\\\Admin\\\\refcv4b_suite\\\\taniteval\\\\tools\\\\ff_rescore.py': [Errno 2] No such file or directory\n").returncode
C:\Users\Admin\refcv4b_suite\stack\tests\test_ff_v58f.py:55: AssertionError: expected exit 0, got 2
E   assert 'BIASES THE POINT ESTIMATE' in "C:\\Users\\Admin\\venvs\\tanitad\\Scripts\\python.exe: can't open file 'C:\\\\Users\\\\Admin\\\\refcv4b_suite\\\\taniteval\\\\tools\\\\ff_rescore.py': [Errno 2] No such file or directory\n"
C:\Users\Admin\refcv4b_suite\stack\tests\test_ff_v58f.py:492: assert 'BIASES THE POINT ESTIMATE' in "C:\\Users\\Admin\\venvs\\tanitad\\Scripts\\python.exe: can't open file 'C:\\\\Users\\\\Admin\\\\refcv4b_suite\\\\taniteval\\\\tools\\\\ff_rescore.py': [Errno 2] No such file or directory\n"
E   assert 'different window grids' in "C:\\Users\\Admin\\venvs\\tanitad\\Scripts\\python.exe: can't open file 'C:\\\\Users\\\\Admin\\\\refcv4b_suite\\\\taniteval\\\\tools\\\\ff_rescore.py': [Errno 2] No such file or directory\n"
C:\Users\Admin\refcv4b_suite\stack\tests\test_ff_v58f.py:503: assert 'different window grids' in "C:\\Users\\Admin\\venvs\\tanitad\\Scripts\\python.exe: can't open file 'C:\\\\Users\\\\Admin\\\\refcv4b_suite\\\\taniteval\\\\tools\\\\ff_rescore.py': [Errno 2] No such file or directory\n"
E   assert 'does not land on this' in "C:\\Users\\Admin\\venvs\\tanitad\\Scripts\\python.exe: can't open file 'C:\\\\Users\\\\Admin\\\\refcv4b_suite\\\\taniteval\\\\tools\\\\ff_rescore.py': [Errno 2] No such file or directory\n"
C:\Users\Admin\refcv4b_suite\stack\tests\test_ff_v58f.py:515: assert 'does not land on this' in "C:\\Users\\Admin\\venvs\\tanitad\\Scripts\\python.exe: can't open file 'C:\\\\Users\\\\Admin\\\\refcv4b_suite\\\\taniteval\\\\tools\\\\ff_rescore.py': [Errno 2] No such file or directory\n"
E   AssertionError: expected exit 0, got 2
      C:\Users\Admin\venvs\tanitad\Scripts\python.exe: can't open file 'C:\\Users\\Admin\\refcv4b_suite\\taniteval\\tools\\ff_rescore.py': [Errno 2] No such file or directory
      
    assert 2 == 0
     +  where 2 = CompletedProcess(args=['C:\\Users\\Admin\\venvs\\tanitad\\Scripts\\python.exe', 'C:\\Users\\Admin\\refcv4b_suite\\tani...'C:\\\\Users\\\\Admin\\\\refcv4b_suite\\\\taniteval\\\\tools\\\\ff_rescore.py': [Errno 2] No such file or directory\n").returncode
C:\Users\Admin\refcv4b_suite\stack\tests\test_ff_v58f.py:55: AssertionError: expected exit 0, got 2
E   AssertionError: expected exit 0, got 2
      C:\Users\Admin\venvs\tanitad\Scripts\python.exe: can't open file 'C:\\Users\\Admin\\refcv4b_suite\\taniteval\\tools\\ff_rescore.py': [Errno 2] No such file or directory
      
    assert 2 == 0
     +  where 2 = CompletedProcess(args=['C:\\Users\\Admin\\venvs\\tanitad\\Scripts\\python.exe', 'C:\\Users\\Admin\\refcv4b_suite\\tani...'C:\\\\Users\\\\Admin\\\\refcv4b_suite\\\\taniteval\\\\tools\\\\ff_rescore.py': [Errno 2] No such file or directory\n").returncode
C:\Users\Admin\refcv4b_suite\stack\tests\test_ff_v58f.py:55: AssertionError: expected exit 0, got 2
E   AssertionError: expected exit 0, got 2
      C:\Users\Admin\venvs\tanitad\Scripts\python.exe: can't open file 'C:\\Users\\Admin\\refcv4b_suite\\taniteval\\tools\\ff_rescore.py': [Errno 2] No such file or directory
      
    assert 2 == 0
     +  where 2 = CompletedProcess(args=['C:\\Users\\Admin\\venvs\\tanitad\\Scripts\\python.exe', 'C:\\Users\\Admin\\refcv4b_suite\\tani...'C:\\\\Users\\\\Admin\\\\refcv4b_suite\\\\taniteval\\\\tools\\\\ff_rescore.py': [Errno 2] No such file or directory\n").returncode
C:\Users\Admin\refcv4b_suite\stack\tests\test_ff_v58f.py:55: AssertionError: expected exit 0, got 2
E   AssertionError: expected exit 0, got 2
      C:\Users\Admin\venvs\tanitad\Scripts\python.exe: can't open file 'C:\\Users\\Admin\\refcv4b_suite\\taniteval\\tools\\ff_rescore.py': [Errno 2] No such file or directory
      
    assert 2 == 0
     +  where 2 = CompletedProcess(args=['C:\\Users\\Admin\\venvs\\tanitad\\Scripts\\python.exe', 'C:\\Users\\Admin\\refcv4b_suite\\tani...'C:\\\\Users\\\\Admin\\\\refcv4b_suite\\\\taniteval\\\\tools\\\\ff_rescore.py': [Errno 2] No such file or directory\n").returncode
C:\Users\Admin\refcv4b_suite\stack\tests\test_ff_v58f.py:55: AssertionError: expected exit 0, got 2
E   AssertionError: expected exit 0, got 2
      C:\Users\Admin\venvs\tanitad\Scripts\python.exe: can't open file 'C:\\Users\\Admin\\refcv4b_suite\\taniteval\\tools\\ff_rescore.py': [Errno 2] No such file or directory
      
    assert 2 == 0
     +  where 2 = CompletedProcess(args=['C:\\Users\\Admin\\venvs\\tanitad\\Scripts\\python.exe', 'C:\\Users\\Admin\\refcv4b_suite\\tani...'C:\\\\Users\\\\Admin\\\\refcv4b_suite\\\\taniteval\\\\tools\\\\ff_rescore.py': [Errno 2] No such file or directory\n").returncode
C:\Users\Admin\refcv4b_suite\stack\tests\test_ff_v58f.py:55: AssertionError: expected exit 0, got 2
E   ModuleNotFoundError: No module named 'ff_rescore'
C:\Users\Admin\refcv4b_suite\stack\tests\test_ff_v58f.py:626: ModuleNotFoundError: No module named 'ff_rescore'
E   ModuleNotFoundError: No module named 'ff_rescore'
C:\Users\Admin\refcv4b_suite\stack\tests\test_ff_v58f.py:633: ModuleNotFoundError: No module named 'ff_rescore'
E   ModuleNotFoundError: No module named 'closedloop_drive'
C:\Users\Admin\refcv4b_suite\stack\tests\test_nav_known_channel.py:190: ModuleNotFoundError: No module named 'closedloop_drive'
E   ValueError: min() iterable argument is empty
C:\Users\Admin\venvs\tanitad\Lib\site-packages\torch\backends\cudnn\__init__.py:89: ValueError: min() iterable argument is empty
============================== warnings summary ===============================
tests\test_refc_v3.py:166
  C:\Users\Admin\refcv4b_suite\stack\tests\test_refc_v3.py:166: PytestUnknownMarkWarning: Unknown pytest.mark.slow - is this a typo?  You can register custom marks to avoid this warning - for details, see https://docs.pytest.org/en/stable/how-to/mark.html
    @pytest.mark.slow

tests/test_flagship_v4.py::test_graft_tau_to_zero_makes_the_class_posterior_one_hot
  C:\Users\Admin\refcv4b_suite\stack\tests\test_flagship_v4.py:242: UserWarning: Converting a tensor with requires_grad=True to a scalar may lead to unexpected behavior.
  Consider using tensor.detach() first. (Triggered internally at C:\actions-runner\_work\pytorch\pytorch\pytorch\torch\csrc\autograd\generated\python_variable_methods.cpp:837.)
    assert float(cos.min()) > 0.999, float(cos.min())

-- Docs: https://docs.pytest.org/en/stable/how-to/capture-warnings.html
=========================== short test summary info ===========================
FAILED tests/test_ff_v58f.py::test_tool_happy_path_writes_per_arm_and_comparison_json
FAILED tests/test_ff_v58f.py::test_tool_reports_all_four_families_never_ade_alone
FAILED tests/test_ff_v58f.py::test_tool_REFUSES_a_cross_grid_join_and_BANKS_the_refusal
FAILED tests/test_ff_v58f.py::test_tool_REFUSES_an_arm_with_no_tier_stamp - a...
FAILED tests/test_ff_v58f.py::test_tool_accepts_an_explicit_tier_for_an_unknown_arm
FAILED tests/test_ff_v58f.py::test_tool_REFUSES_the_biased_estimator_by_name
FAILED tests/test_ff_v58f.py::test_tool_REFUSES_a_lead_block_on_a_different_grid
FAILED tests/test_ff_v58f.py::test_tool_REFUSES_a_lead_block_whose_times_do_not_land_on_the_grid
FAILED tests/test_ff_v58f.py::test_tool_joins_a_coarser_lead_grid_by_TIME_not_by_truncation
FAILED tests/test_ff_v58f.py::test_tool_derives_dt_from_wp_steps_and_never_assumes_0_1
FAILED tests/test_ff_v58f.py::test_tool_output_never_carries_the_deprecated_estimator_anywhere
FAILED tests/test_ff_v58f.py::test_tool_stamps_a_cross_tier_delta_as_not_a_capability_comparison
FAILED tests/test_ff_v58f.py::test_paired_sign_convention_is_per_metric_not_a_blanket_sentence
FAILED tests/test_ff_v58f.py::test_canon_eid_matches_two_naming_conventions_for_the_same_episodes
FAILED tests/test_ff_v58f.py::test_runs_detects_a_genuinely_different_partition
FAILED tests/test_nav_known_channel.py::test_driver_policies_declare_whether_they_consume_the_bit
FAILED tests/test_refc_select.py::test_trainer_runs_every_lever_and_reports_the_selection_family
17 failed, 569 passed, 22 skipped, 2 warnings in 64.41s (0:01:04)
exit=1
