block rows 29556 over 147 clips
clips to bank: 141
load_state_dict: missing=0 unexpected=0 step=21109
freeze fingerprint: 407 tensors
  10/141 clips  73s  (7.33 s/clip)  cuda_max=1.03GB
  20/141 clips  152s  (7.58 s/clip)  cuda_max=1.03GB
  30/141 clips  220s  (7.33 s/clip)  cuda_max=1.03GB
  40/141 clips  295s  (7.37 s/clip)  cuda_max=1.03GB
  50/141 clips  372s  (7.44 s/clip)  cuda_max=1.03GB
  60/141 clips  452s  (7.53 s/clip)  cuda_max=1.03GB
  70/141 clips  538s  (7.68 s/clip)  cuda_max=1.03GB
  80/141 clips  625s  (7.81 s/clip)  cuda_max=1.03GB
  90/141 clips  711s  (7.90 s/clip)  cuda_max=1.03GB
  100/141 clips  796s  (7.96 s/clip)  cuda_max=1.03GB
  110/141 clips  879s  (7.99 s/clip)  cuda_max=1.03GB
  120/141 clips  963s  (8.03 s/clip)  cuda_max=1.03GB
  130/141 clips  1057s  (8.13 s/clip)  cuda_max=1.03GB
  140/141 clips  1140s  (8.15 s/clip)  cuda_max=1.03GB

=== FREEZE PROOF ===
trunk tensors checked : 407
sha256 mismatches     : 0
max |delta(sum)|      : 0  (worst: None)
FREEZE HELD (max|delta| = 0 exactly)

=== LABEL-FREE ALIGNMENT PROOF ===
rows cross-checked    : 14237   (0 would mean the check never ran)
TRUE join   max |dv|  : 3.203306e-05 m/s
MIS-JOIN(+1) max |dv| : 1.239882e+00 m/s   mean 0.094857 m/s   <- MUST be large
ALIGNMENT PROVEN (true join exact, mis-join control separates)

banked 141 clips / 14237 rows / 3991 LEAD rows -> C:/Users/Admin/dkhead_run/bank
