rows 14237 | LEAD 3991 | NO_LEAD 3129 | clips 141 (with LEAD 85) | pool 160 d 1024
fold sizes (clips): [23, 41, 22, 33, 22]
pixel design matrix (14237, 7680) (0.44 GB)

=== gap_all_lead : n=3991 rows / 85 clips ===
  field done  lambdas [316.22776601683796, 316.22776601683796, 316.22776601683796, 100.0, 100.0]  [48 s]
  pix   done  lambdas [10000.0, 10000.0, 3162.2776601683795, 3162.2776601683795, 3162.2776601683795]  [52 s]
  field R2=+0.4040 CI[+0.2481,+0.5183] wc=+0.3153 MAE=11.463 bias=+1.924
  pix   R2=-0.0335 CI[-0.1206,+0.0545] wc=-0.0294 MAE=15.471 bias=+1.495
  PAIRED field-pix +0.4375 [+0.2639,+0.5815] EXCLUDES 0
  constant +0.000000 (EXACT 0 required) | shuffle_within_clip +0.1542

=== gap_le30m : n=2383 rows / 64 clips ===
  field done  lambdas [31.622776601683793, 31.622776601683793, 31.622776601683793, 10.0, 31.622776601683793]  [95 s]
  pix   done  lambdas [1000.0, 3162.2776601683795, 3162.2776601683795, 1000.0, 3162.2776601683795]  [98 s]
  field R2=+0.6586 CI[+0.5621,+0.7298] wc=+0.7199 MAE=3.485 bias=+0.845
  pix   R2=-0.0568 CI[-0.1647,+0.0491] wc=-0.0426 MAE=6.223 bias=+1.158
  PAIRED field-pix +0.7154 [+0.6096,+0.8209] EXCLUDES 0
  constant +0.000000 (EXACT 0 required) | shuffle_within_clip -0.0066

=== present : n=7120 rows / 128 clips ===
  field done  lambdas [1000.0, 1000.0, 1000.0, 10000.0, 316.22776601683796]  [138 s]
  pix   done  lambdas [3162.2776601683795, 3162.2776601683795, 3162.2776601683795, 3162.2776601683795, 3162.2776601683795]  [144 s]
  field R2=+0.1894 CI[+0.0627,+0.3044] wc=-0.1787 MAE=0.382 bias=+0.000
  pix   R2=-0.1393 CI[-0.2950,+0.0126] wc=-0.2815 MAE=0.477 bias=-0.012
  PAIRED field-pix +0.3287 [+0.1844,+0.4831] EXCLUDES 0
  constant +0.000000 (EXACT 0 required) | shuffle_within_clip +0.1702

collapse check: max rel err over 15 folds = 2.740e-07
bundle -> C:/Users/Admin/dkhead_run/head\gap_head_bundle.pt  sha256 56e262d0f5cc1107  (9.8 MB)  [146 s]
