[pull] 37 val40 chunks, 31 missing
[pull] 1/31 chunk 0113 66.8 MB 83s
[pull] 2/31 chunk 0140 78.1 MB 109s
[pull] 3/31 chunk 0154 82.3 MB 99s
[pull] 4/31 chunk 0168 72.5 MB 114s
[pull] 5/31 chunk 0169 70.6 MB 116s
[pull] 6/31 chunk 0184 61.7 MB 89s
[pull] 7/31 chunk 0767 38.4 MB 78s
[pull] 8/31 chunk 0768 24.3 MB 29s
[pull] 9/31 chunk 0779 30.8 MB 46s
[pull] 10/31 chunk 0823 15.9 MB 12s
[pull] 11/31 chunk 0877 43.2 MB 60s
[pull] 12/31 chunk 0878 57.4 MB 68s
[pull] 13/31 chunk 0899 47.2 MB 57s
[pull] 14/31 chunk 0901 47.3 MB 66s
[pull] 15/31 chunk 1846 69.2 MB 87s
[pull] 16/31 chunk 1879 48.2 MB 46s
[pull] 17/31 chunk 1882 35.8 MB 43s
[pull] 18/31 chunk 1889 39.7 MB 69s
[pull] 19/31 chunk 1893 50.3 MB 64s
[pull] 20/31 chunk 1898 64.2 MB 88s
[pull] 21/31 chunk 2453 43.5 MB 49s
[pull] 22/31 chunk 2493 24.1 MB 26s
[pull] 23/31 chunk 2818 45.7 MB 73s
[pull] 24/31 chunk 2822 28.9 MB 48s
[pull] 25/31 chunk 2839 47.3 MB 84s
[pull] 26/31 chunk 2846 20.2 MB 35s
[pull] 27/31 chunk 2853 33.8 MB 37s
[pull] 28/31 chunk 2856 28.5 MB 44s
[pull] 29/31 chunk 2860 28.7 MB 26s
[pull] 30/31 chunk 2876 20.0 MB 38s
[pull] 31/31 chunk 2877 19.5 MB 42s
{
 "ok": [
  113,
  140,
  154,
  168,
  169,
  184,
  767,
  768,
  779,
  823,
  877,
  878,
  899,
  901,
  1846,
  1879,
  1882,
  1889,
  1893,
  1898,
  2453,
  2493,
  2818,
  2822,
  2839,
  2846,
  2853,
  2856,
  2860,
  2876,
  2877
 ],
 "failed": [],
 "total_mb": 1384.1
}
