[parity] ⚠ NON-PARITY corpus for *train* cache: C:\Users\Admin\tanitad-data\physicalai\_epcache\physicalai-train-14231cd29c74 references no registered parity key (physicalai-train-e438721ae894 / physicalai-val-0c5f7dac3b11). Results off it are NOT cross-arm comparable with the parity arms.
[v3] 48 episodes from C:\Users\Admin\tanitad-data\physicalai\_epcache\physicalai-train-14231cd29c74
[v3] 48 episodes -> 8199 windows (window 8, max_horizon 20, image_hw (256, 256), tac_vocab kin3)
[v3] u8_batches=False: frames+future_frames = 0.793 GB per collated batch (float32), <= 1 in flight -> ~0.79 GB
[v3:hier] step 50 loss 112.2387 traj 6.8617
[v3:hier] step 100 loss 13.1136 traj 2.8062
[v3:hier] step 150 loss 21.1975 traj 3.1698
[v3:hier] step 200 loss 16.4272 traj 2.5615
[v3:hier] step 250 loss 20.0951 traj 2.7740
[v3:hier] step 300 loss 12.3024 traj 2.0821
[v3:hier] step 350 loss 13.8587 traj 2.0213
[v3:hier] step 400 loss 11.0632 traj 2.4150
[v3:hier] step 450 loss 19.4437 traj 2.0923
[v3:hier] step 500 loss 14.5382 traj 1.9437
[v3:hier] step 550 loss 11.2820 traj 1.5198
[v3:hier] step 600 loss 12.5477 traj 1.9049
[v3:hier] step 650 loss 13.5500 traj 1.9898
[v3:hier] step 700 loss 11.9006 traj 1.8813
[v3:hier] step 750 loss 8.5511 traj 1.7412
[v3:hier] step 800 loss 16.0586 traj 2.6218
[v3:hier] step 850 loss 10.7744 traj 1.6869
[v3:hier] step 900 loss 11.0375 traj 2.1085
[v3:hier] step 950 loss 8.9270 traj 1.5598
[v3:hier] step 1000 loss 8.3202 traj 1.6516
[v3:hier] step 1050 loss 7.1558 traj 1.8229
[v3:hier] step 1100 loss 7.3636 traj 1.4517
[v3:hier] step 1150 loss 9.2812 traj 1.7407
[v3:hier] step 1200 loss 7.0351 traj 1.4026
[v3:hier] step 1250 loss 5.6957 traj 1.0684
[v3:hier] step 1300 loss 8.3595 traj 1.4630
[v3:hier] step 1350 loss 6.9289 traj 1.6545
[v3:hier] step 1400 loss 7.8465 traj 1.7081
[v3:hier] step 1450 loss 7.2470 traj 1.1376
[v3:hier] step 1500 loss 5.5581 traj 1.0950
[v3:hier] step 1550 loss 5.5026 traj 1.1919
[v3:hier] step 1600 loss 6.1163 traj 1.3041
[v3:hier] step 1650 loss 7.3323 traj 1.4163
[v3:hier] step 1700 loss 5.7434 traj 1.2272
[v3:hier] step 1750 loss 5.9983 traj 1.1386
[v3:hier] step 1800 loss 6.3532 traj 1.3696
[v3:hier] step 1850 loss 8.0584 traj 1.4748
[v3:hier] step 1900 loss 5.0929 traj 1.2598
[v3:hier] step 1950 loss 5.4730 traj 1.0908
[v3:hier] step 2000 loss 5.0205 traj 1.1128
[v3:hier] ckpt step 2000 -> ckpt.pt
[v3:hier] DONE at 2000 — summary.json written
