23:58:11 [gate] free RAM sample 1/3: 92.25 GB
23:58:41 [gate] free RAM sample 2/3: 92.25 GB
23:59:11 [gate] free RAM sample 3/3: 92.25 GB
23:59:19 [probe] model built in 7 s; {"strict_missing": 0, "strict_unexpected": 0, "step": 38000, "param_breakdown_equal": true, "build_s": 3.5, "map_lift_valid_mask": true, "equalize_bottom_rows": {"argv": 43, "trunk_built": 0, "lift_bank": 43}, "cpu_fp32_levers_switched_off_on": []}
23:59:29 [select] 137 candidate clips; chosen [('n', '00213e99adca', 85), ('n', '0191487845ef', 85), ('n', '029d8d52075c', 85), ('n', '03cb55890588', 85), ('n', '04ed850dca64', 85), ('n', '062d0d6e9791', 85), ('n', '071957186302', 85), ('n', '07fac416bccf', 85), ('e', '729b5d29fa89', 81), ('e', 'e81566637c0e', 79), ('e', 'c4f46701b8ae', 43), ('e', '6b0744922620', 9), ('e', '7f6670448ef6', 132), ('e', 'c5bb9c2618da', 46), ('e', '2dc00f2fb95d', 138), ('e', 'c64f0103aece', 113)]
23:59:30 [probe] 1/16 neutral 00213e99adca@85: loss 0.8007 (map_loss_row 0.8007), n 6833, rerun diff 0.00e+00, 1.2 s, free 90.00 GB
23:59:31 [probe] 2/16 neutral 0191487845ef@85: loss 1.0580 (map_loss_row 1.0580), n 6836, rerun diff 0.00e+00, 0.3 s, free 89.83 GB
23:59:31 [probe] 3/16 neutral 029d8d52075c@85: loss 0.5824 (map_loss_row 0.5824), n 6854, rerun diff 0.00e+00, 0.3 s, free 89.70 GB
23:59:32 [probe] 4/16 neutral 03cb55890588@85: loss 1.1182 (map_loss_row 1.1182), n 5173, rerun diff 0.00e+00, 0.3 s, free 89.56 GB
23:59:33 [probe] 5/16 neutral 04ed850dca64@85: loss 0.4903 (map_loss_row 0.4903), n 6825, rerun diff 0.00e+00, 0.3 s, free 89.45 GB
23:59:33 [probe] 6/16 neutral 062d0d6e9791@85: loss 0.8793 (map_loss_row 0.8793), n 6826, rerun diff 0.00e+00, 0.3 s, free 89.34 GB
23:59:34 [probe] 7/16 neutral 071957186302@85: loss 0.8881 (map_loss_row 0.8881), n 6828, rerun diff 0.00e+00, 0.3 s, free 89.25 GB
23:59:34 [probe] 8/16 neutral 07fac416bccf@85: loss 0.8538 (map_loss_row 0.8538), n 6837, rerun diff 0.00e+00, 0.3 s, free 89.20 GB
23:59:34 [probe] 9/16 enriched 729b5d29fa89@81: loss 1.2351 (map_loss_row 1.2351), n 6829, rerun diff 0.00e+00, 0.3 s, free 89.14 GB
23:59:35 [probe] 10/16 enriched e81566637c0e@79: loss 0.9432 (map_loss_row 0.9432), n 6865, rerun diff 0.00e+00, 0.3 s, free 89.10 GB
23:59:35 [probe] 11/16 enriched c4f46701b8ae@43: loss 0.8529 (map_loss_row 0.8529), n 6815, rerun diff 0.00e+00, 0.3 s, free 89.06 GB
23:59:36 [probe] 12/16 enriched 6b0744922620@9: loss 1.1900 (map_loss_row 1.1900), n 4524, rerun diff 0.00e+00, 0.3 s, free 89.00 GB
23:59:36 [probe] 13/16 enriched 7f6670448ef6@132: loss 1.2130 (map_loss_row 1.2130), n 6832, rerun diff 0.00e+00, 0.3 s, free 88.96 GB
23:59:37 [probe] 14/16 enriched c5bb9c2618da@46: loss 0.7780 (map_loss_row 0.7780), n 6835, rerun diff 0.00e+00, 0.3 s, free 88.90 GB
23:59:37 [probe] 15/16 enriched 2dc00f2fb95d@138: loss 0.9006 (map_loss_row 0.9006), n 6828, rerun diff 0.00e+00, 0.3 s, free 88.85 GB
23:59:38 [probe] 16/16 enriched c64f0103aece@113: loss 0.9232 (map_loss_row 0.9232), n 6829, rerun diff 0.00e+00, 0.3 s, free 88.79 GB
23:59:40 [probe] done in 27.7 s; min free RAM seen 88.8 GB
