23:58:11 [gate] free RAM sample 1/3: 92.25 GB
23:58:41 [gate] free RAM sample 2/3: 92.25 GB
23:59:11 [gate] free RAM sample 3/3: 92.25 GB
[v3] anchors: artifact anchors (117, 8, 2), controls (117, 2), units=alat (file), schedule=constant, horizon_s=6.0, dt=0.1, ref_speed_ms=10.0, kappa_cap=0.12, alat_v_floor=4.0, schema=tanitad.anchor_artifact/1
[v3] rig camera = PER-CLIP EXTRINSICS from /home/nvidia/data/refcv6_train_eval139_extrinsics.json (4508 clips, z 1.203-1.687 m, pitch -0.0755..+0.0683 rad)
[v3] ⚠️ a rig camera is built but --agent-w-project and --agent-w-ground are both 0: neither monocular term contributes. That is a legal ablation baseline and the stamp records it, but it is not a projection arm.
[v3] refcv6 coupling (1) ON: d_bev=96 learned_offsets=False offset_max_m=2 -> 4 decoder layers
[v3] withheld bank: mode=fixed warmup=0 speed_max=35.0 m/s pool=None
23:59:19 [probe] model built in 7 s; {"strict_missing": 0, "strict_unexpected": 0, "step": 38000, "param_breakdown_equal": true, "build_s": 3.5, "map_lift_valid_mask": true, "equalize_bottom_rows": {"argv": 43, "trunk_built": 0, "lift_bank": 43}, "cpu_fp32_levers_switched_off_on": []}
[v2] /home/nvidia/data/refcv6-b1-416x1024-eval139: 139 providers (channels 9, 416x1024 px), episode ids from 'episode_uid' [collision-free; the as-built 16-bit ids would give only 139 distinct for 139 clips]
[v2] 139 providers, 139 distinct episode ids
[v3] nav_from_v7: follow 88 / left 13 / right 38, missing 0 (of 139 clips; md5=eefc38d1453bd1c73802d44d45affced)
[v3] max_speed_input_v6 (4-way one-hot): 147/147 sidecar rows carry a ceiling, 23772/23772 windows fed (100.0 %), 1 clips ABOVE the 120 km/h top step (clamped, and on those the fed ceiling is one the ego demonstrably exceeded)
23:59:29 [select] 137 candidate clips; chosen [('n', '00213e99adca', 85), ('n', '0191487845ef', 85), ('n', '029d8d52075c', 85), ('n', '03cb55890588', 85), ('n', '04ed850dca64', 85), ('n', '062d0d6e9791', 85), ('n', '071957186302', 85), ('n', '07fac416bccf', 85), ('e', '729b5d29fa89', 81), ('e', 'e81566637c0e', 79), ('e', 'c4f46701b8ae', 43), ('e', '6b0744922620', 9), ('e', '7f6670448ef6', 132), ('e', 'c5bb9c2618da', 46), ('e', '2dc00f2fb95d', 138), ('e', 'c64f0103aece', 113)]
[v2] /home/nvidia/data/refcv6-b1-416x1024-eval139: 139 providers (channels 9, 416x1024 px), episode ids from 'episode_uid' [collision-free; the as-built 16-bit ids would give only 139 distinct for 139 clips]
[v2] 139 providers, 139 distinct episode ids
[v3] nav_from_v7: follow 13 / left 0 / right 3, missing 0 (of 16 clips; md5=eefc38d1453bd1c73802d44d45affced)
[v3] max_speed_input_v6 (4-way one-hot): 147/147 sidecar rows carry a ceiling, 2733/2733 windows fed (100.0 %), 1 clips ABOVE the 120 km/h top step (clamped, and on those the fed ceiling is one the ego demonstrably exceeded)
[v3] SAM3 map GT: 2733/2733 windows covered (1.0000, floor 0.90, verdict PASS) over 16 clips; states {'ok': 2733, 'no_file': 0, 'frame_out_of_range': 0, 'inconclusive': 0}; layouts ['canonical']
/home/nvidia/msa_2358/measure_class_signal_38k.py:174: UserWarning: Converting a tensor with requires_grad=True to a scalar may lead to unexpected behavior.
Consider using tensor.detach() first. (Triggered internally at /__w/pytorch/pytorch/torch/csrc/autograd/generated/python_variable_methods.cpp:822.)
  "class": C9[c], "loss_c": float(Lc[c]),
23:59:30 [probe] 1/16 neutral 00213e99adca@85: loss 0.8007 (map_loss_row 0.8007), n 6833, rerun diff 0.00e+00, 1.2 s, free 90.00 GB
23:59:31 [probe] 2/16 neutral 0191487845ef@85: loss 1.0580 (map_loss_row 1.0580), n 6836, rerun diff 0.00e+00, 0.3 s, free 89.83 GB
23:59:31 [probe] 3/16 neutral 029d8d52075c@85: loss 0.5824 (map_loss_row 0.5824), n 6854, rerun diff 0.00e+00, 0.3 s, free 89.70 GB
23:59:32 [probe] 4/16 neutral 03cb55890588@85: loss 1.1182 (map_loss_row 1.1182), n 5173, rerun diff 0.00e+00, 0.3 s, free 89.56 GB
23:59:33 [probe] 5/16 neutral 04ed850dca64@85: loss 0.4903 (map_loss_row 0.4903), n 6825, rerun diff 0.00e+00, 0.3 s, free 89.45 GB
23:59:33 [probe] 6/16 neutral 062d0d6e9791@85: loss 0.8793 (map_loss_row 0.8793), n 6826, rerun diff 0.00e+00, 0.3 s, free 89.34 GB
23:59:34 [probe] 7/16 neutral 071957186302@85: loss 0.8881 (map_loss_row 0.8881), n 6828, rerun diff 0.00e+00, 0.3 s, free 89.25 GB
23:59:34 [probe] 8/16 neutral 07fac416bccf@85: loss 0.8538 (map_loss_row 0.8538), n 6837, rerun diff 0.00e+00, 0.3 s, free 89.20 GB
23:59:34 [probe] 9/16 enriched 729b5d29fa89@81: loss 1.2351 (map_loss_row 1.2351), n 6829, rerun diff 0.00e+00, 0.3 s, free 89.14 GB
23:59:35 [probe] 10/16 enriched e81566637c0e@79: loss 0.9432 (map_loss_row 0.9432), n 6865, rerun diff 0.00e+00, 0.3 s, free 89.10 GB
23:59:35 [probe] 11/16 enriched c4f46701b8ae@43: loss 0.8529 (map_loss_row 0.8529), n 6815, rerun diff 0.00e+00, 0.3 s, free 89.06 GB
23:59:36 [probe] 12/16 enriched 6b0744922620@9: loss 1.1900 (map_loss_row 1.1900), n 4524, rerun diff 0.00e+00, 0.3 s, free 89.00 GB
23:59:36 [probe] 13/16 enriched 7f6670448ef6@132: loss 1.2130 (map_loss_row 1.2130), n 6832, rerun diff 0.00e+00, 0.3 s, free 88.96 GB
23:59:37 [probe] 14/16 enriched c5bb9c2618da@46: loss 0.7780 (map_loss_row 0.7780), n 6835, rerun diff 0.00e+00, 0.3 s, free 88.90 GB
23:59:37 [probe] 15/16 enriched 2dc00f2fb95d@138: loss 0.9006 (map_loss_row 0.9006), n 6828, rerun diff 0.00e+00, 0.3 s, free 88.85 GB
23:59:38 [probe] 16/16 enriched c64f0103aece@113: loss 0.9232 (map_loss_row 0.9232), n 6829, rerun diff 0.00e+00, 0.3 s, free 88.79 GB
23:59:40 [probe] done in 27.7 s; min free RAM seen 88.8 GB
