[parity] ⚠ NON-PARITY corpus for *train* cache: C:\Users\Admin\tanitad-data\physicalai\_epcache\physicalai-train-14231cd29c74 references no registered parity key (physicalai-train-e438721ae894 / physicalai-val-0c5f7dac3b11). Results off it are NOT cross-arm comparable with the parity arms.
[v3] 48 episodes from C:\Users\Admin\tanitad-data\physicalai\_epcache\physicalai-train-14231cd29c74
[v3] 48 episodes -> 8199 windows (window 8, max_horizon 20, image_hw (256, 256), tac_vocab kin3)
[v3] u8_batches=False: frames+future_frames = 0.793 GB per collated batch (float32), <= 1 in flight -> ~0.79 GB
[v3:hier] step 50 loss 90.9638 traj 6.4295
[v3:hier] step 100 loss 10.9491 traj 2.3267
[v3:hier] step 150 loss 24.3526 traj 3.2121
[v3:hier] step 200 loss 19.4239 traj 2.8549
[v3:hier] step 250 loss 19.7004 traj 2.6507
[v3:hier] step 300 loss 16.0639 traj 2.3897
[v3:hier] step 350 loss 19.8436 traj 2.3417
[v3:hier] step 400 loss 13.5574 traj 2.1159
[v3:hier] step 450 loss 17.3849 traj 2.1888
[v3:hier] step 500 loss 16.5742 traj 1.9547
[v3:hier] step 550 loss 9.5496 traj 1.5593
[v3:hier] step 600 loss 17.4851 traj 1.7535
[v3:hier] step 650 loss 13.0357 traj 1.9244
[v3:hier] step 700 loss 12.2264 traj 1.7250
[v3:hier] step 750 loss 13.6252 traj 2.0217
[v3:hier] step 800 loss 15.3176 traj 2.5596
[v3:hier] step 850 loss 13.8483 traj 1.4779
[v3:hier] step 900 loss 15.4705 traj 2.4100
[v3:hier] step 950 loss 14.6443 traj 1.8091
[v3:hier] step 1000 loss 14.2738 traj 2.2059
[v3:hier] step 1050 loss 11.2917 traj 1.8741
[v3:hier] step 1100 loss 11.1602 traj 1.7134
[v3:hier] step 1150 loss 13.0569 traj 1.7217
[v3:hier] step 1200 loss 11.8905 traj 1.2819
[v3:hier] step 1250 loss 9.4699 traj 1.3728
[v3:hier] step 1300 loss 13.1783 traj 1.7436
[v3:hier] step 1350 loss 14.5950 traj 1.7482
[v3:hier] step 1400 loss 17.2766 traj 2.1394
[v3:hier] step 1450 loss 10.4547 traj 1.4224
[v3:hier] step 1500 loss 11.1661 traj 1.7257
[v3:hier] step 1550 loss 11.3621 traj 1.5821
[v3:hier] step 1600 loss 16.2555 traj 1.9441
[v3:hier] step 1650 loss 15.1491 traj 1.8533
[v3:hier] step 1700 loss 13.0528 traj 2.1222
[v3:hier] step 1750 loss 9.6240 traj 1.5885
[v3:hier] step 1800 loss 15.7727 traj 1.9323
[v3:hier] step 1850 loss 15.5841 traj 1.9305
[v3:hier] step 1900 loss 10.7319 traj 1.5356
[v3:hier] step 1950 loss 13.1643 traj 1.6229
[v3:hier] step 2000 loss 12.8790 traj 1.4383
[v3:hier] ckpt step 2000 -> ckpt.pt
[v3:hier] DONE at 2000 — summary.json written
