[2026-09-20 09:15:31,000][navsim.planning.script.builders.worker_pool_builder][INFO] - Building WorkerPool...
[2026-09-20 09:15:31,000][nuplan.planning.utils.multithreading.worker_pool][INFO] - Worker: Sequential
[2026-09-20 09:15:31,000][nuplan.planning.utils.multithreading.worker_pool][INFO] - Number of nodes: 1
Number of CPUs per node: 1
Number of GPUs per node: 0
Number of threads across all nodes: 1
[2026-09-20 09:15:31,000][navsim.planning.script.builders.worker_pool_builder][INFO] - Building WorkerPool...DONE!
[2026-09-20 09:15:32,551][navsim.planning.script.run_pdm_score][INFO] - Starting pdm scoring of 220 scenarios...
[2026-09-20 09:15:32,552][navsim.planning.script.run_pdm_score][INFO] - Starting worker in thread_id=310d125b-d7ef-4dd5-86d2-a2fb05fcf0c7, node_id=0
[2026-09-20 09:15:33,688][navsim.planning.script.run_pdm_score][INFO] - Processing stage one reactive scenario 1 / 16 in thread_id=310d125b-d7ef-4dd5-86d2-a2fb05fcf0c7, node_id=0
[2026-09-20 09:15:36,087][navsim.planning.script.run_pdm_score][INFO] - Processing stage one reactive scenario 2 / 16 in thread_id=310d125b-d7ef-4dd5-86d2-a2fb05fcf0c7, node_id=0
[2026-09-20 09:15:36,480][navsim.planning.script.run_pdm_score][INFO] - Processing stage one reactive scenario 3 / 16 in thread_id=310d125b-d7ef-4dd5-86d2-a2fb05fcf0c7, node_id=0
[2026-09-20 09:15:38,756][navsim.planning.script.run_pdm_score][INFO] - Processing stage one reactive scenario 4 / 16 in thread_id=310d125b-d7ef-4dd5-86d2-a2fb05fcf0c7, node_id=0
[2026-09-20 09:15:40,784][navsim.planning.script.run_pdm_score][INFO] - Processing stage one reactive scenario 5 / 16 in thread_id=310d125b-d7ef-4dd5-86d2-a2fb05fcf0c7, node_id=0
[2026-09-20 09:15:41,909][navsim.planning.script.run_pdm_score][INFO] - Processing stage one reactive scenario 6 / 16 in thread_id=310d125b-d7ef-4dd5-86d2-a2fb05fcf0c7, node_id=0
[2026-09-20 09:15:42,309][navsim.planning.script.run_pdm_score][INFO] - Processing stage one reactive scenario 7 / 16 in thread_id=310d125b-d7ef-4dd5-86d2-a2fb05fcf0c7, node_id=0
[2026-09-20 09:15:44,127][navsim.planning.script.run_pdm_score][INFO] - Processing stage one reactive scenario 8 / 16 in thread_id=310d125b-d7ef-4dd5-86d2-a2fb05fcf0c7, node_id=0
[2026-09-20 09:15:47,754][navsim.planning.script.run_pdm_score][INFO] - Processing stage one reactive scenario 9 / 16 in thread_id=310d125b-d7ef-4dd5-86d2-a2fb05fcf0c7, node_id=0
[2026-09-20 09:15:48,326][navsim.planning.script.run_pdm_score][INFO] - Processing stage one reactive scenario 10 / 16 in thread_id=310d125b-d7ef-4dd5-86d2-a2fb05fcf0c7, node_id=0
[2026-09-20 09:15:51,536][navsim.planning.script.run_pdm_score][INFO] - Processing stage one reactive scenario 11 / 16 in thread_id=310d125b-d7ef-4dd5-86d2-a2fb05fcf0c7, node_id=0
[2026-09-20 09:15:51,719][navsim.planning.script.run_pdm_score][INFO] - Processing stage one reactive scenario 12 / 16 in thread_id=310d125b-d7ef-4dd5-86d2-a2fb05fcf0c7, node_id=0
[2026-09-20 09:15:54,851][navsim.planning.script.run_pdm_score][INFO] - Processing stage one reactive scenario 13 / 16 in thread_id=310d125b-d7ef-4dd5-86d2-a2fb05fcf0c7, node_id=0
[2026-09-20 09:15:57,915][navsim.planning.script.run_pdm_score][INFO] - Processing stage one reactive scenario 14 / 16 in thread_id=310d125b-d7ef-4dd5-86d2-a2fb05fcf0c7, node_id=0
[2026-09-20 09:15:58,073][navsim.planning.script.run_pdm_score][INFO] - Processing stage one reactive scenario 15 / 16 in thread_id=310d125b-d7ef-4dd5-86d2-a2fb05fcf0c7, node_id=0
[2026-09-20 09:16:01,342][navsim.planning.script.run_pdm_score][INFO] - Processing stage one reactive scenario 16 / 16 in thread_id=310d125b-d7ef-4dd5-86d2-a2fb05fcf0c7, node_id=0
[2026-09-20 09:16:06,061][navsim.planning.script.run_pdm_score][INFO] - Processing stage two reactive scenario 1 / 204 in thread_id=310d125b-d7ef-4dd5-86d2-a2fb05fcf0c7, node_id=0
[2026-09-20 09:16:06,283][navsim.planning.script.run_pdm_score][INFO] - Processing stage two reactive scenario 2 / 204 in thread_id=310d125b-d7ef-4dd5-86d2-a2fb05fcf0c7, node_id=0
[2026-09-20 09:16:07,371][navsim.planning.script.run_pdm_score][INFO] - Processing stage two reactive scenario 3 / 204 in thread_id=310d125b-d7ef-4dd5-86d2-a2fb05fcf0c7, node_id=0
[2026-09-20 09:16:07,507][navsim.planning.script.run_pdm_score][INFO] - Processing stage two reactive scenario 4 / 204 in thread_id=310d125b-d7ef-4dd5-86d2-a2fb05fcf0c7, node_id=0
[2026-09-20 09:16:08,420][navsim.planning.script.run_pdm_score][INFO] - Processing stage two reactive scenario 5 / 204 in thread_id=310d125b-d7ef-4dd5-86d2-a2fb05fcf0c7, node_id=0
[2026-09-20 09:16:10,028][navsim.planning.script.run_pdm_score][INFO] - Processing stage two reactive scenario 6 / 204 in thread_id=310d125b-d7ef-4dd5-86d2-a2fb05fcf0c7, node_id=0
[2026-09-20 09:16:11,860][navsim.planning.script.run_pdm_score][INFO] - Processing stage two reactive scenario 7 / 204 in thread_id=310d125b-d7ef-4dd5-86d2-a2fb05fcf0c7, node_id=0
[2026-09-20 09:16:13,304][navsim.planning.script.run_pdm_score][INFO] - Processing stage two reactive scenario 8 / 204 in thread_id=310d125b-d7ef-4dd5-86d2-a2fb05fcf0c7, node_id=0
[2026-09-20 09:16:14,804][navsim.planning.script.run_pdm_score][INFO] - Processing stage two reactive scenario 9 / 204 in thread_id=310d125b-d7ef-4dd5-86d2-a2fb05fcf0c7, node_id=0
[2026-09-20 09:16:16,355][navsim.planning.script.run_pdm_score][INFO] - Processing stage two reactive scenario 10 / 204 in thread_id=310d125b-d7ef-4dd5-86d2-a2fb05fcf0c7, node_id=0
[2026-09-20 09:16:16,821][navsim.planning.script.run_pdm_score][INFO] - Processing stage two reactive scenario 11 / 204 in thread_id=310d125b-d7ef-4dd5-86d2-a2fb05fcf0c7, node_id=0
[2026-09-20 09:16:18,515][navsim.planning.script.run_pdm_score][INFO] - Processing stage two reactive scenario 12 / 204 in thread_id=310d125b-d7ef-4dd5-86d2-a2fb05fcf0c7, node_id=0
[2026-09-20 09:16:20,145][navsim.planning.script.run_pdm_score][INFO] - Processing stage two reactive scenario 13 / 204 in thread_id=310d125b-d7ef-4dd5-86d2-a2fb05fcf0c7, node_id=0
[2026-09-20 09:16:21,435][navsim.planning.script.run_pdm_score][INFO] - Processing stage two reactive scenario 14 / 204 in thread_id=310d125b-d7ef-4dd5-86d2-a2fb05fcf0c7, node_id=0
[2026-09-20 09:16:23,095][navsim.planning.script.run_pdm_score][INFO] - Processing stage two reactive scenario 15 / 204 in thread_id=310d125b-d7ef-4dd5-86d2-a2fb05fcf0c7, node_id=0
[2026-09-20 09:16:23,616][navsim.planning.script.run_pdm_score][INFO] - Processing stage two reactive scenario 16 / 204 in thread_id=310d125b-d7ef-4dd5-86d2-a2fb05fcf0c7, node_id=0
[2026-09-20 09:16:27,097][navsim.planning.script.run_pdm_score][INFO] - Processing stage two reactive scenario 17 / 204 in thread_id=310d125b-d7ef-4dd5-86d2-a2fb05fcf0c7, node_id=0
[2026-09-20 09:16:29,348][navsim.planning.script.run_pdm_score][INFO] - Processing stage two reactive scenario 18 / 204 in thread_id=310d125b-d7ef-4dd5-86d2-a2fb05fcf0c7, node_id=0
[2026-09-20 09:16:31,883][navsim.planning.script.run_pdm_score][INFO] - Processing stage two reactive scenario 19 / 204 in thread_id=310d125b-d7ef-4dd5-86d2-a2fb05fcf0c7, node_id=0
[2026-09-20 09:16:34,768][navsim.planning.script.run_pdm_score][INFO] - Processing stage two reactive scenario 20 / 204 in thread_id=310d125b-d7ef-4dd5-86d2-a2fb05fcf0c7, node_id=0
[2026-09-20 09:16:36,415][navsim.planning.script.run_pdm_score][INFO] - Processing stage two reactive scenario 21 / 204 in thread_id=310d125b-d7ef-4dd5-86d2-a2fb05fcf0c7, node_id=0
[2026-09-20 09:16:38,044][navsim.planning.script.run_pdm_score][INFO] - Processing stage two reactive scenario 22 / 204 in thread_id=310d125b-d7ef-4dd5-86d2-a2fb05fcf0c7, node_id=0
[2026-09-20 09:16:39,891][navsim.planning.script.run_pdm_score][INFO] - Processing stage two reactive scenario 23 / 204 in thread_id=310d125b-d7ef-4dd5-86d2-a2fb05fcf0c7, node_id=0
[2026-09-20 09:16:41,630][navsim.planning.script.run_pdm_score][INFO] - Processing stage two reactive scenario 24 / 204 in thread_id=310d125b-d7ef-4dd5-86d2-a2fb05fcf0c7, node_id=0
[2026-09-20 09:16:43,342][navsim.planning.script.run_pdm_score][INFO] - Processing stage two reactive scenario 25 / 204 in thread_id=310d125b-d7ef-4dd5-86d2-a2fb05fcf0c7, node_id=0
[2026-09-20 09:16:45,253][navsim.planning.script.run_pdm_score][INFO] - Processing stage two reactive scenario 26 / 204 in thread_id=310d125b-d7ef-4dd5-86d2-a2fb05fcf0c7, node_id=0
[2026-09-20 09:16:47,039][navsim.planning.script.run_pdm_score][INFO] - Processing stage two reactive scenario 27 / 204 in thread_id=310d125b-d7ef-4dd5-86d2-a2fb05fcf0c7, node_id=0
[2026-09-20 09:16:47,725][navsim.planning.script.run_pdm_score][INFO] - Processing stage two reactive scenario 28 / 204 in thread_id=310d125b-d7ef-4dd5-86d2-a2fb05fcf0c7, node_id=0
[2026-09-20 09:16:48,318][navsim.planning.script.run_pdm_score][INFO] - Processing stage two reactive scenario 29 / 204 in thread_id=310d125b-d7ef-4dd5-86d2-a2fb05fcf0c7, node_id=0
[2026-09-20 09:16:49,681][navsim.planning.script.run_pdm_score][INFO] - Processing stage two reactive scenario 30 / 204 in thread_id=310d125b-d7ef-4dd5-86d2-a2fb05fcf0c7, node_id=0
[2026-09-20 09:16:49,886][navsim.planning.script.run_pdm_score][INFO] - Processing stage two reactive scenario 31 / 204 in thread_id=310d125b-d7ef-4dd5-86d2-a2fb05fcf0c7, node_id=0
[2026-09-20 09:16:50,006][navsim.planning.script.run_pdm_score][INFO] - Processing stage two reactive scenario 32 / 204 in thread_id=310d125b-d7ef-4dd5-86d2-a2fb05fcf0c7, node_id=0
[2026-09-20 09:16:52,149][navsim.planning.script.run_pdm_score][INFO] - Processing stage two reactive scenario 33 / 204 in thread_id=310d125b-d7ef-4dd5-86d2-a2fb05fcf0c7, node_id=0
[2026-09-20 09:16:52,786][navsim.planning.script.run_pdm_score][INFO] - Processing stage two reactive scenario 34 / 204 in thread_id=310d125b-d7ef-4dd5-86d2-a2fb05fcf0c7, node_id=0
[2026-09-20 09:16:54,075][navsim.planning.script.run_pdm_score][INFO] - Processing stage two reactive scenario 35 / 204 in thread_id=310d125b-d7ef-4dd5-86d2-a2fb05fcf0c7, node_id=0
[2026-09-20 09:16:55,218][navsim.planning.script.run_pdm_score][INFO] - Processing stage two reactive scenario 36 / 204 in thread_id=310d125b-d7ef-4dd5-86d2-a2fb05fcf0c7, node_id=0
[2026-09-20 09:16:56,436][navsim.planning.script.run_pdm_score][INFO] - Processing stage two reactive scenario 37 / 204 in thread_id=310d125b-d7ef-4dd5-86d2-a2fb05fcf0c7, node_id=0
[2026-09-20 09:16:56,803][navsim.planning.script.run_pdm_score][INFO] - Processing stage two reactive scenario 38 / 204 in thread_id=310d125b-d7ef-4dd5-86d2-a2fb05fcf0c7, node_id=0
[2026-09-20 09:16:58,104][navsim.planning.script.run_pdm_score][INFO] - Processing stage two reactive scenario 39 / 204 in thread_id=310d125b-d7ef-4dd5-86d2-a2fb05fcf0c7, node_id=0
[2026-09-20 09:16:58,288][navsim.planning.script.run_pdm_score][INFO] - Processing stage two reactive scenario 40 / 204 in thread_id=310d125b-d7ef-4dd5-86d2-a2fb05fcf0c7, node_id=0
[2026-09-20 09:16:59,355][navsim.planning.script.run_pdm_score][INFO] - Processing stage two reactive scenario 41 / 204 in thread_id=310d125b-d7ef-4dd5-86d2-a2fb05fcf0c7, node_id=0
[2026-09-20 09:17:00,840][navsim.planning.script.run_pdm_score][INFO] - Processing stage two reactive scenario 42 / 204 in thread_id=310d125b-d7ef-4dd5-86d2-a2fb05fcf0c7, node_id=0
[2026-09-20 09:17:02,522][navsim.planning.script.run_pdm_score][INFO] - Processing stage two reactive scenario 43 / 204 in thread_id=310d125b-d7ef-4dd5-86d2-a2fb05fcf0c7, node_id=0
[2026-09-20 09:17:02,750][navsim.planning.script.run_pdm_score][INFO] - Processing stage two reactive scenario 44 / 204 in thread_id=310d125b-d7ef-4dd5-86d2-a2fb05fcf0c7, node_id=0
[2026-09-20 09:17:03,141][navsim.planning.script.run_pdm_score][INFO] - Processing stage two reactive scenario 45 / 204 in thread_id=310d125b-d7ef-4dd5-86d2-a2fb05fcf0c7, node_id=0
[2026-09-20 09:17:03,392][navsim.planning.script.run_pdm_score][INFO] - Processing stage two reactive scenario 46 / 204 in thread_id=310d125b-d7ef-4dd5-86d2-a2fb05fcf0c7, node_id=0
[2026-09-20 09:17:04,142][navsim.planning.script.run_pdm_score][INFO] - Processing stage two reactive scenario 47 / 204 in thread_id=310d125b-d7ef-4dd5-86d2-a2fb05fcf0c7, node_id=0
[2026-09-20 09:17:04,427][navsim.planning.script.run_pdm_score][INFO] - Processing stage two reactive scenario 48 / 204 in thread_id=310d125b-d7ef-4dd5-86d2-a2fb05fcf0c7, node_id=0
[2026-09-20 09:17:05,752][navsim.planning.script.run_pdm_score][INFO] - Processing stage two reactive scenario 49 / 204 in thread_id=310d125b-d7ef-4dd5-86d2-a2fb05fcf0c7, node_id=0
[2026-09-20 09:17:05,911][navsim.planning.script.run_pdm_score][INFO] - Processing stage two reactive scenario 50 / 204 in thread_id=310d125b-d7ef-4dd5-86d2-a2fb05fcf0c7, node_id=0
[2026-09-20 09:17:07,362][navsim.planning.script.run_pdm_score][INFO] - Processing stage two reactive scenario 51 / 204 in thread_id=310d125b-d7ef-4dd5-86d2-a2fb05fcf0c7, node_id=0
[2026-09-20 09:17:07,448][navsim.planning.script.run_pdm_score][INFO] - Processing stage two reactive scenario 52 / 204 in thread_id=310d125b-d7ef-4dd5-86d2-a2fb05fcf0c7, node_id=0
[2026-09-20 09:17:08,551][navsim.planning.script.run_pdm_score][INFO] - Processing stage two reactive scenario 53 / 204 in thread_id=310d125b-d7ef-4dd5-86d2-a2fb05fcf0c7, node_id=0
[2026-09-20 09:17:09,904][navsim.planning.script.run_pdm_score][INFO] - Processing stage two reactive scenario 54 / 204 in thread_id=310d125b-d7ef-4dd5-86d2-a2fb05fcf0c7, node_id=0
[2026-09-20 09:17:11,333][navsim.planning.script.run_pdm_score][INFO] - Processing stage two reactive scenario 55 / 204 in thread_id=310d125b-d7ef-4dd5-86d2-a2fb05fcf0c7, node_id=0
[2026-09-20 09:17:12,542][navsim.planning.script.run_pdm_score][INFO] - Processing stage two reactive scenario 56 / 204 in thread_id=310d125b-d7ef-4dd5-86d2-a2fb05fcf0c7, node_id=0
[2026-09-20 09:17:13,817][navsim.planning.script.run_pdm_score][INFO] - Processing stage two reactive scenario 57 / 204 in thread_id=310d125b-d7ef-4dd5-86d2-a2fb05fcf0c7, node_id=0
[2026-09-20 09:17:14,684][navsim.planning.script.run_pdm_score][INFO] - Processing stage two reactive scenario 58 / 204 in thread_id=310d125b-d7ef-4dd5-86d2-a2fb05fcf0c7, node_id=0
[2026-09-20 09:17:14,901][navsim.planning.script.run_pdm_score][INFO] - Processing stage two reactive scenario 59 / 204 in thread_id=310d125b-d7ef-4dd5-86d2-a2fb05fcf0c7, node_id=0
[2026-09-20 09:17:15,271][navsim.planning.script.run_pdm_score][INFO] - Processing stage two reactive scenario 60 / 204 in thread_id=310d125b-d7ef-4dd5-86d2-a2fb05fcf0c7, node_id=0
[2026-09-20 09:17:16,606][navsim.planning.script.run_pdm_score][INFO] - Processing stage two reactive scenario 61 / 204 in thread_id=310d125b-d7ef-4dd5-86d2-a2fb05fcf0c7, node_id=0
[2026-09-20 09:17:17,774][navsim.planning.script.run_pdm_score][INFO] - Processing stage two reactive scenario 62 / 204 in thread_id=310d125b-d7ef-4dd5-86d2-a2fb05fcf0c7, node_id=0
[2026-09-20 09:17:18,490][navsim.planning.script.run_pdm_score][INFO] - Processing stage two reactive scenario 63 / 204 in thread_id=310d125b-d7ef-4dd5-86d2-a2fb05fcf0c7, node_id=0
[2026-09-20 09:17:18,704][navsim.planning.script.run_pdm_score][INFO] - Processing stage two reactive scenario 64 / 204 in thread_id=310d125b-d7ef-4dd5-86d2-a2fb05fcf0c7, node_id=0
[2026-09-20 09:17:20,326][navsim.planning.script.run_pdm_score][INFO] - Processing stage two reactive scenario 65 / 204 in thread_id=310d125b-d7ef-4dd5-86d2-a2fb05fcf0c7, node_id=0
[2026-09-20 09:17:22,015][navsim.planning.script.run_pdm_score][INFO] - Processing stage two reactive scenario 66 / 204 in thread_id=310d125b-d7ef-4dd5-86d2-a2fb05fcf0c7, node_id=0
[2026-09-20 09:17:22,771][navsim.planning.script.run_pdm_score][INFO] - Processing stage two reactive scenario 67 / 204 in thread_id=310d125b-d7ef-4dd5-86d2-a2fb05fcf0c7, node_id=0
[2026-09-20 09:17:24,269][navsim.planning.script.run_pdm_score][INFO] - Processing stage two reactive scenario 68 / 204 in thread_id=310d125b-d7ef-4dd5-86d2-a2fb05fcf0c7, node_id=0
[2026-09-20 09:17:24,394][navsim.planning.script.run_pdm_score][INFO] - Processing stage two reactive scenario 69 / 204 in thread_id=310d125b-d7ef-4dd5-86d2-a2fb05fcf0c7, node_id=0
[2026-09-20 09:17:24,663][navsim.planning.script.run_pdm_score][INFO] - Processing stage two reactive scenario 70 / 204 in thread_id=310d125b-d7ef-4dd5-86d2-a2fb05fcf0c7, node_id=0
[2026-09-20 09:17:25,113][navsim.planning.script.run_pdm_score][INFO] - Processing stage two reactive scenario 71 / 204 in thread_id=310d125b-d7ef-4dd5-86d2-a2fb05fcf0c7, node_id=0
[2026-09-20 09:17:26,005][navsim.planning.script.run_pdm_score][INFO] - Processing stage two reactive scenario 72 / 204 in thread_id=310d125b-d7ef-4dd5-86d2-a2fb05fcf0c7, node_id=0
[2026-09-20 09:17:28,230][navsim.planning.script.run_pdm_score][INFO] - Processing stage two reactive scenario 73 / 204 in thread_id=310d125b-d7ef-4dd5-86d2-a2fb05fcf0c7, node_id=0
[2026-09-20 09:17:29,216][navsim.planning.script.run_pdm_score][INFO] - Processing stage two reactive scenario 74 / 204 in thread_id=310d125b-d7ef-4dd5-86d2-a2fb05fcf0c7, node_id=0
[2026-09-20 09:17:29,832][navsim.planning.script.run_pdm_score][INFO] - Processing stage two reactive scenario 75 / 204 in thread_id=310d125b-d7ef-4dd5-86d2-a2fb05fcf0c7, node_id=0
[2026-09-20 09:17:30,814][navsim.planning.script.run_pdm_score][INFO] - Processing stage two reactive scenario 76 / 204 in thread_id=310d125b-d7ef-4dd5-86d2-a2fb05fcf0c7, node_id=0
[2026-09-20 09:17:32,352][navsim.planning.script.run_pdm_score][INFO] - Processing stage two reactive scenario 77 / 204 in thread_id=310d125b-d7ef-4dd5-86d2-a2fb05fcf0c7, node_id=0
[2026-09-20 09:17:32,544][navsim.planning.script.run_pdm_score][INFO] - Processing stage two reactive scenario 78 / 204 in thread_id=310d125b-d7ef-4dd5-86d2-a2fb05fcf0c7, node_id=0
[2026-09-20 09:17:34,296][navsim.planning.script.run_pdm_score][INFO] - Processing stage two reactive scenario 79 / 204 in thread_id=310d125b-d7ef-4dd5-86d2-a2fb05fcf0c7, node_id=0
[2026-09-20 09:17:35,719][navsim.planning.script.run_pdm_score][INFO] - Processing stage two reactive scenario 80 / 204 in thread_id=310d125b-d7ef-4dd5-86d2-a2fb05fcf0c7, node_id=0
[2026-09-20 09:17:35,837][navsim.planning.script.run_pdm_score][INFO] - Processing stage two reactive scenario 81 / 204 in thread_id=310d125b-d7ef-4dd5-86d2-a2fb05fcf0c7, node_id=0
[2026-09-20 09:17:37,042][navsim.planning.script.run_pdm_score][INFO] - Processing stage two reactive scenario 82 / 204 in thread_id=310d125b-d7ef-4dd5-86d2-a2fb05fcf0c7, node_id=0
[2026-09-20 09:17:38,278][navsim.planning.script.run_pdm_score][INFO] - Processing stage two reactive scenario 83 / 204 in thread_id=310d125b-d7ef-4dd5-86d2-a2fb05fcf0c7, node_id=0
[2026-09-20 09:17:39,904][navsim.planning.script.run_pdm_score][INFO] - Processing stage two reactive scenario 84 / 204 in thread_id=310d125b-d7ef-4dd5-86d2-a2fb05fcf0c7, node_id=0
[2026-09-20 09:17:41,550][navsim.planning.script.run_pdm_score][INFO] - Processing stage two reactive scenario 85 / 204 in thread_id=310d125b-d7ef-4dd5-86d2-a2fb05fcf0c7, node_id=0
[2026-09-20 09:17:42,686][navsim.planning.script.run_pdm_score][INFO] - Processing stage two reactive scenario 86 / 204 in thread_id=310d125b-d7ef-4dd5-86d2-a2fb05fcf0c7, node_id=0
[2026-09-20 09:17:43,467][navsim.planning.script.run_pdm_score][INFO] - Processing stage two reactive scenario 87 / 204 in thread_id=310d125b-d7ef-4dd5-86d2-a2fb05fcf0c7, node_id=0
[2026-09-20 09:17:45,526][navsim.planning.script.run_pdm_score][INFO] - Processing stage two reactive scenario 88 / 204 in thread_id=310d125b-d7ef-4dd5-86d2-a2fb05fcf0c7, node_id=0
[2026-09-20 09:17:47,144][navsim.planning.script.run_pdm_score][INFO] - Processing stage two reactive scenario 89 / 204 in thread_id=310d125b-d7ef-4dd5-86d2-a2fb05fcf0c7, node_id=0
[2026-09-20 09:17:48,579][navsim.planning.script.run_pdm_score][INFO] - Processing stage two reactive scenario 90 / 204 in thread_id=310d125b-d7ef-4dd5-86d2-a2fb05fcf0c7, node_id=0
[2026-09-20 09:17:49,863][navsim.planning.script.run_pdm_score][INFO] - Processing stage two reactive scenario 91 / 204 in thread_id=310d125b-d7ef-4dd5-86d2-a2fb05fcf0c7, node_id=0
[2026-09-20 09:17:51,200][navsim.planning.script.run_pdm_score][INFO] - Processing stage two reactive scenario 92 / 204 in thread_id=310d125b-d7ef-4dd5-86d2-a2fb05fcf0c7, node_id=0
[2026-09-20 09:17:52,398][navsim.planning.script.run_pdm_score][INFO] - Processing stage two reactive scenario 93 / 204 in thread_id=310d125b-d7ef-4dd5-86d2-a2fb05fcf0c7, node_id=0
[2026-09-20 09:17:53,556][navsim.planning.script.run_pdm_score][INFO] - Processing stage two reactive scenario 94 / 204 in thread_id=310d125b-d7ef-4dd5-86d2-a2fb05fcf0c7, node_id=0
[2026-09-20 09:17:54,580][navsim.planning.script.run_pdm_score][INFO] - Processing stage two reactive scenario 95 / 204 in thread_id=310d125b-d7ef-4dd5-86d2-a2fb05fcf0c7, node_id=0
[2026-09-20 09:17:56,919][navsim.planning.script.run_pdm_score][INFO] - Processing stage two reactive scenario 96 / 204 in thread_id=310d125b-d7ef-4dd5-86d2-a2fb05fcf0c7, node_id=0
[2026-09-20 09:17:57,837][navsim.planning.script.run_pdm_score][INFO] - Processing stage two reactive scenario 97 / 204 in thread_id=310d125b-d7ef-4dd5-86d2-a2fb05fcf0c7, node_id=0
[2026-09-20 09:17:58,933][navsim.planning.script.run_pdm_score][INFO] - Processing stage two reactive scenario 98 / 204 in thread_id=310d125b-d7ef-4dd5-86d2-a2fb05fcf0c7, node_id=0
[2026-09-20 09:18:00,566][navsim.planning.script.run_pdm_score][INFO] - Processing stage two reactive scenario 99 / 204 in thread_id=310d125b-d7ef-4dd5-86d2-a2fb05fcf0c7, node_id=0
[2026-09-20 09:18:00,945][navsim.planning.script.run_pdm_score][INFO] - Processing stage two reactive scenario 100 / 204 in thread_id=310d125b-d7ef-4dd5-86d2-a2fb05fcf0c7, node_id=0
[2026-09-20 09:18:03,274][navsim.planning.script.run_pdm_score][INFO] - Processing stage two reactive scenario 101 / 204 in thread_id=310d125b-d7ef-4dd5-86d2-a2fb05fcf0c7, node_id=0
[2026-09-20 09:18:04,318][navsim.planning.script.run_pdm_score][INFO] - Processing stage two reactive scenario 102 / 204 in thread_id=310d125b-d7ef-4dd5-86d2-a2fb05fcf0c7, node_id=0
[2026-09-20 09:18:04,866][navsim.planning.script.run_pdm_score][INFO] - Processing stage two reactive scenario 103 / 204 in thread_id=310d125b-d7ef-4dd5-86d2-a2fb05fcf0c7, node_id=0
[2026-09-20 09:18:06,226][navsim.planning.script.run_pdm_score][INFO] - Processing stage two reactive scenario 104 / 204 in thread_id=310d125b-d7ef-4dd5-86d2-a2fb05fcf0c7, node_id=0
[2026-09-20 09:18:07,677][navsim.planning.script.run_pdm_score][INFO] - Processing stage two reactive scenario 105 / 204 in thread_id=310d125b-d7ef-4dd5-86d2-a2fb05fcf0c7, node_id=0
[2026-09-20 09:18:09,801][navsim.planning.script.run_pdm_score][INFO] - Processing stage two reactive scenario 106 / 204 in thread_id=310d125b-d7ef-4dd5-86d2-a2fb05fcf0c7, node_id=0
[2026-09-20 09:18:11,064][navsim.planning.script.run_pdm_score][INFO] - Processing stage two reactive scenario 107 / 204 in thread_id=310d125b-d7ef-4dd5-86d2-a2fb05fcf0c7, node_id=0
[2026-09-20 09:18:11,460][navsim.planning.script.run_pdm_score][INFO] - Processing stage two reactive scenario 108 / 204 in thread_id=310d125b-d7ef-4dd5-86d2-a2fb05fcf0c7, node_id=0
[2026-09-20 09:18:12,088][navsim.planning.script.run_pdm_score][INFO] - Processing stage two reactive scenario 109 / 204 in thread_id=310d125b-d7ef-4dd5-86d2-a2fb05fcf0c7, node_id=0
[2026-09-20 09:18:13,304][navsim.planning.script.run_pdm_score][INFO] - Processing stage two reactive scenario 110 / 204 in thread_id=310d125b-d7ef-4dd5-86d2-a2fb05fcf0c7, node_id=0
[2026-09-20 09:18:14,806][navsim.planning.script.run_pdm_score][INFO] - Processing stage two reactive scenario 111 / 204 in thread_id=310d125b-d7ef-4dd5-86d2-a2fb05fcf0c7, node_id=0
[2026-09-20 09:18:16,168][navsim.planning.script.run_pdm_score][INFO] - Processing stage two reactive scenario 112 / 204 in thread_id=310d125b-d7ef-4dd5-86d2-a2fb05fcf0c7, node_id=0
[2026-09-20 09:18:16,444][navsim.planning.script.run_pdm_score][INFO] - Processing stage two reactive scenario 113 / 204 in thread_id=310d125b-d7ef-4dd5-86d2-a2fb05fcf0c7, node_id=0
[2026-09-20 09:18:16,591][navsim.planning.script.run_pdm_score][INFO] - Processing stage two reactive scenario 114 / 204 in thread_id=310d125b-d7ef-4dd5-86d2-a2fb05fcf0c7, node_id=0
[2026-09-20 09:18:17,949][navsim.planning.script.run_pdm_score][INFO] - Processing stage two reactive scenario 115 / 204 in thread_id=310d125b-d7ef-4dd5-86d2-a2fb05fcf0c7, node_id=0
[2026-09-20 09:18:18,311][navsim.planning.script.run_pdm_score][INFO] - Processing stage two reactive scenario 116 / 204 in thread_id=310d125b-d7ef-4dd5-86d2-a2fb05fcf0c7, node_id=0
[2026-09-20 09:18:19,971][navsim.planning.script.run_pdm_score][INFO] - Processing stage two reactive scenario 117 / 204 in thread_id=310d125b-d7ef-4dd5-86d2-a2fb05fcf0c7, node_id=0
[2026-09-20 09:18:20,324][navsim.planning.script.run_pdm_score][INFO] - Processing stage two reactive scenario 118 / 204 in thread_id=310d125b-d7ef-4dd5-86d2-a2fb05fcf0c7, node_id=0
[2026-09-20 09:18:21,206][navsim.planning.script.run_pdm_score][INFO] - Processing stage two reactive scenario 119 / 204 in thread_id=310d125b-d7ef-4dd5-86d2-a2fb05fcf0c7, node_id=0
[2026-09-20 09:18:21,556][navsim.planning.script.run_pdm_score][INFO] - Processing stage two reactive scenario 120 / 204 in thread_id=310d125b-d7ef-4dd5-86d2-a2fb05fcf0c7, node_id=0
[2026-09-20 09:18:22,246][navsim.planning.script.run_pdm_score][INFO] - Processing stage two reactive scenario 121 / 204 in thread_id=310d125b-d7ef-4dd5-86d2-a2fb05fcf0c7, node_id=0
[2026-09-20 09:18:23,746][navsim.planning.script.run_pdm_score][INFO] - Processing stage two reactive scenario 122 / 204 in thread_id=310d125b-d7ef-4dd5-86d2-a2fb05fcf0c7, node_id=0
[2026-09-20 09:18:24,569][navsim.planning.script.run_pdm_score][INFO] - Processing stage two reactive scenario 123 / 204 in thread_id=310d125b-d7ef-4dd5-86d2-a2fb05fcf0c7, node_id=0
[2026-09-20 09:18:24,708][navsim.planning.script.run_pdm_score][INFO] - Processing stage two reactive scenario 124 / 204 in thread_id=310d125b-d7ef-4dd5-86d2-a2fb05fcf0c7, node_id=0
[2026-09-20 09:18:24,925][navsim.planning.script.run_pdm_score][INFO] - Processing stage two reactive scenario 125 / 204 in thread_id=310d125b-d7ef-4dd5-86d2-a2fb05fcf0c7, node_id=0
[2026-09-20 09:18:25,532][navsim.planning.script.run_pdm_score][INFO] - Processing stage two reactive scenario 126 / 204 in thread_id=310d125b-d7ef-4dd5-86d2-a2fb05fcf0c7, node_id=0
[2026-09-20 09:18:26,710][navsim.planning.script.run_pdm_score][INFO] - Processing stage two reactive scenario 127 / 204 in thread_id=310d125b-d7ef-4dd5-86d2-a2fb05fcf0c7, node_id=0
[2026-09-20 09:18:28,218][navsim.planning.script.run_pdm_score][INFO] - Processing stage two reactive scenario 128 / 204 in thread_id=310d125b-d7ef-4dd5-86d2-a2fb05fcf0c7, node_id=0
[2026-09-20 09:18:28,730][navsim.planning.script.run_pdm_score][INFO] - Processing stage two reactive scenario 129 / 204 in thread_id=310d125b-d7ef-4dd5-86d2-a2fb05fcf0c7, node_id=0
[2026-09-20 09:18:30,032][navsim.planning.script.run_pdm_score][INFO] - Processing stage two reactive scenario 130 / 204 in thread_id=310d125b-d7ef-4dd5-86d2-a2fb05fcf0c7, node_id=0
[2026-09-20 09:18:31,520][navsim.planning.script.run_pdm_score][INFO] - Processing stage two reactive scenario 131 / 204 in thread_id=310d125b-d7ef-4dd5-86d2-a2fb05fcf0c7, node_id=0
[2026-09-20 09:18:32,842][navsim.planning.script.run_pdm_score][INFO] - Processing stage two reactive scenario 132 / 204 in thread_id=310d125b-d7ef-4dd5-86d2-a2fb05fcf0c7, node_id=0
[2026-09-20 09:18:34,271][navsim.planning.script.run_pdm_score][INFO] - Processing stage two reactive scenario 133 / 204 in thread_id=310d125b-d7ef-4dd5-86d2-a2fb05fcf0c7, node_id=0
[2026-09-20 09:18:35,612][navsim.planning.script.run_pdm_score][INFO] - Processing stage two reactive scenario 134 / 204 in thread_id=310d125b-d7ef-4dd5-86d2-a2fb05fcf0c7, node_id=0
[2026-09-20 09:18:36,768][navsim.planning.script.run_pdm_score][INFO] - Processing stage two reactive scenario 135 / 204 in thread_id=310d125b-d7ef-4dd5-86d2-a2fb05fcf0c7, node_id=0
[2026-09-20 09:18:37,138][navsim.planning.script.run_pdm_score][INFO] - Processing stage two reactive scenario 136 / 204 in thread_id=310d125b-d7ef-4dd5-86d2-a2fb05fcf0c7, node_id=0
[2026-09-20 09:18:37,286][navsim.planning.script.run_pdm_score][INFO] - Processing stage two reactive scenario 137 / 204 in thread_id=310d125b-d7ef-4dd5-86d2-a2fb05fcf0c7, node_id=0
[2026-09-20 09:18:39,071][navsim.planning.script.run_pdm_score][INFO] - Processing stage two reactive scenario 138 / 204 in thread_id=310d125b-d7ef-4dd5-86d2-a2fb05fcf0c7, node_id=0
[2026-09-20 09:18:40,112][navsim.planning.script.run_pdm_score][INFO] - Processing stage two reactive scenario 139 / 204 in thread_id=310d125b-d7ef-4dd5-86d2-a2fb05fcf0c7, node_id=0
[2026-09-20 09:18:41,401][navsim.planning.script.run_pdm_score][INFO] - Processing stage two reactive scenario 140 / 204 in thread_id=310d125b-d7ef-4dd5-86d2-a2fb05fcf0c7, node_id=0
[2026-09-20 09:18:42,135][navsim.planning.script.run_pdm_score][INFO] - Processing stage two reactive scenario 141 / 204 in thread_id=310d125b-d7ef-4dd5-86d2-a2fb05fcf0c7, node_id=0
[2026-09-20 09:18:43,352][navsim.planning.script.run_pdm_score][INFO] - Processing stage two reactive scenario 142 / 204 in thread_id=310d125b-d7ef-4dd5-86d2-a2fb05fcf0c7, node_id=0
[2026-09-20 09:18:44,124][navsim.planning.script.run_pdm_score][INFO] - Processing stage two reactive scenario 143 / 204 in thread_id=310d125b-d7ef-4dd5-86d2-a2fb05fcf0c7, node_id=0
[2026-09-20 09:18:44,281][navsim.planning.script.run_pdm_score][INFO] - Processing stage two reactive scenario 144 / 204 in thread_id=310d125b-d7ef-4dd5-86d2-a2fb05fcf0c7, node_id=0
[2026-09-20 09:18:44,980][navsim.planning.script.run_pdm_score][INFO] - Processing stage two reactive scenario 145 / 204 in thread_id=310d125b-d7ef-4dd5-86d2-a2fb05fcf0c7, node_id=0
[2026-09-20 09:18:46,106][navsim.planning.script.run_pdm_score][INFO] - Processing stage two reactive scenario 146 / 204 in thread_id=310d125b-d7ef-4dd5-86d2-a2fb05fcf0c7, node_id=0
[2026-09-20 09:18:46,821][navsim.planning.script.run_pdm_score][INFO] - Processing stage two reactive scenario 147 / 204 in thread_id=310d125b-d7ef-4dd5-86d2-a2fb05fcf0c7, node_id=0
[2026-09-20 09:18:47,672][navsim.planning.script.run_pdm_score][INFO] - Processing stage two reactive scenario 148 / 204 in thread_id=310d125b-d7ef-4dd5-86d2-a2fb05fcf0c7, node_id=0
[2026-09-20 09:18:47,862][navsim.planning.script.run_pdm_score][INFO] - Processing stage two reactive scenario 149 / 204 in thread_id=310d125b-d7ef-4dd5-86d2-a2fb05fcf0c7, node_id=0
[2026-09-20 09:18:49,022][navsim.planning.script.run_pdm_score][INFO] - Processing stage two reactive scenario 150 / 204 in thread_id=310d125b-d7ef-4dd5-86d2-a2fb05fcf0c7, node_id=0
[2026-09-20 09:18:49,230][navsim.planning.script.run_pdm_score][INFO] - Processing stage two reactive scenario 151 / 204 in thread_id=310d125b-d7ef-4dd5-86d2-a2fb05fcf0c7, node_id=0
[2026-09-20 09:18:49,869][navsim.planning.script.run_pdm_score][INFO] - Processing stage two reactive scenario 152 / 204 in thread_id=310d125b-d7ef-4dd5-86d2-a2fb05fcf0c7, node_id=0
[2026-09-20 09:18:49,979][navsim.planning.script.run_pdm_score][INFO] - Processing stage two reactive scenario 153 / 204 in thread_id=310d125b-d7ef-4dd5-86d2-a2fb05fcf0c7, node_id=0
[2026-09-20 09:18:50,598][navsim.planning.script.run_pdm_score][INFO] - Processing stage two reactive scenario 154 / 204 in thread_id=310d125b-d7ef-4dd5-86d2-a2fb05fcf0c7, node_id=0
[2026-09-20 09:18:51,130][navsim.planning.script.run_pdm_score][INFO] - Processing stage two reactive scenario 155 / 204 in thread_id=310d125b-d7ef-4dd5-86d2-a2fb05fcf0c7, node_id=0
[2026-09-20 09:18:51,341][navsim.planning.script.run_pdm_score][INFO] - Processing stage two reactive scenario 156 / 204 in thread_id=310d125b-d7ef-4dd5-86d2-a2fb05fcf0c7, node_id=0
[2026-09-20 09:18:51,422][navsim.planning.script.run_pdm_score][INFO] - Processing stage two reactive scenario 157 / 204 in thread_id=310d125b-d7ef-4dd5-86d2-a2fb05fcf0c7, node_id=0
[2026-09-20 09:18:52,698][navsim.planning.script.run_pdm_score][INFO] - Processing stage two reactive scenario 158 / 204 in thread_id=310d125b-d7ef-4dd5-86d2-a2fb05fcf0c7, node_id=0
[2026-09-20 09:18:52,876][navsim.planning.script.run_pdm_score][INFO] - Processing stage two reactive scenario 159 / 204 in thread_id=310d125b-d7ef-4dd5-86d2-a2fb05fcf0c7, node_id=0
[2026-09-20 09:18:53,801][navsim.planning.script.run_pdm_score][INFO] - Processing stage two reactive scenario 160 / 204 in thread_id=310d125b-d7ef-4dd5-86d2-a2fb05fcf0c7, node_id=0
[2026-09-20 09:18:54,704][navsim.planning.script.run_pdm_score][INFO] - Processing stage two reactive scenario 161 / 204 in thread_id=310d125b-d7ef-4dd5-86d2-a2fb05fcf0c7, node_id=0
[2026-09-20 09:18:54,766][navsim.planning.script.run_pdm_score][INFO] - Processing stage two reactive scenario 162 / 204 in thread_id=310d125b-d7ef-4dd5-86d2-a2fb05fcf0c7, node_id=0
[2026-09-20 09:18:54,860][navsim.planning.script.run_pdm_score][INFO] - Processing stage two reactive scenario 163 / 204 in thread_id=310d125b-d7ef-4dd5-86d2-a2fb05fcf0c7, node_id=0
[2026-09-20 09:18:55,655][navsim.planning.script.run_pdm_score][INFO] - Processing stage two reactive scenario 164 / 204 in thread_id=310d125b-d7ef-4dd5-86d2-a2fb05fcf0c7, node_id=0
[2026-09-20 09:18:56,667][navsim.planning.script.run_pdm_score][INFO] - Processing stage two reactive scenario 165 / 204 in thread_id=310d125b-d7ef-4dd5-86d2-a2fb05fcf0c7, node_id=0
[2026-09-20 09:18:57,374][navsim.planning.script.run_pdm_score][INFO] - Processing stage two reactive scenario 166 / 204 in thread_id=310d125b-d7ef-4dd5-86d2-a2fb05fcf0c7, node_id=0
[2026-09-20 09:18:58,202][navsim.planning.script.run_pdm_score][INFO] - Processing stage two reactive scenario 167 / 204 in thread_id=310d125b-d7ef-4dd5-86d2-a2fb05fcf0c7, node_id=0
[2026-09-20 09:18:59,462][navsim.planning.script.run_pdm_score][INFO] - Processing stage two reactive scenario 168 / 204 in thread_id=310d125b-d7ef-4dd5-86d2-a2fb05fcf0c7, node_id=0
[2026-09-20 09:19:00,618][navsim.planning.script.run_pdm_score][INFO] - Processing stage two reactive scenario 169 / 204 in thread_id=310d125b-d7ef-4dd5-86d2-a2fb05fcf0c7, node_id=0
[2026-09-20 09:19:00,887][navsim.planning.script.run_pdm_score][INFO] - Processing stage two reactive scenario 170 / 204 in thread_id=310d125b-d7ef-4dd5-86d2-a2fb05fcf0c7, node_id=0
[2026-09-20 09:19:02,417][navsim.planning.script.run_pdm_score][INFO] - Processing stage two reactive scenario 171 / 204 in thread_id=310d125b-d7ef-4dd5-86d2-a2fb05fcf0c7, node_id=0
[2026-09-20 09:19:03,160][navsim.planning.script.run_pdm_score][INFO] - Processing stage two reactive scenario 172 / 204 in thread_id=310d125b-d7ef-4dd5-86d2-a2fb05fcf0c7, node_id=0
[2026-09-20 09:19:03,422][navsim.planning.script.run_pdm_score][INFO] - Processing stage two reactive scenario 173 / 204 in thread_id=310d125b-d7ef-4dd5-86d2-a2fb05fcf0c7, node_id=0
[2026-09-20 09:19:04,650][navsim.planning.script.run_pdm_score][INFO] - Processing stage two reactive scenario 174 / 204 in thread_id=310d125b-d7ef-4dd5-86d2-a2fb05fcf0c7, node_id=0
[2026-09-20 09:19:04,828][navsim.planning.script.run_pdm_score][INFO] - Processing stage two reactive scenario 175 / 204 in thread_id=310d125b-d7ef-4dd5-86d2-a2fb05fcf0c7, node_id=0
[2026-09-20 09:19:04,895][navsim.planning.script.run_pdm_score][INFO] - Processing stage two reactive scenario 176 / 204 in thread_id=310d125b-d7ef-4dd5-86d2-a2fb05fcf0c7, node_id=0
[2026-09-20 09:19:05,828][navsim.planning.script.run_pdm_score][INFO] - Processing stage two reactive scenario 177 / 204 in thread_id=310d125b-d7ef-4dd5-86d2-a2fb05fcf0c7, node_id=0
[2026-09-20 09:19:07,243][navsim.planning.script.run_pdm_score][INFO] - Processing stage two reactive scenario 178 / 204 in thread_id=310d125b-d7ef-4dd5-86d2-a2fb05fcf0c7, node_id=0
[2026-09-20 09:19:08,071][navsim.planning.script.run_pdm_score][INFO] - Processing stage two reactive scenario 179 / 204 in thread_id=310d125b-d7ef-4dd5-86d2-a2fb05fcf0c7, node_id=0
[2026-09-20 09:19:09,278][navsim.planning.script.run_pdm_score][INFO] - Processing stage two reactive scenario 180 / 204 in thread_id=310d125b-d7ef-4dd5-86d2-a2fb05fcf0c7, node_id=0
[2026-09-20 09:19:09,465][navsim.planning.script.run_pdm_score][INFO] - Processing stage two reactive scenario 181 / 204 in thread_id=310d125b-d7ef-4dd5-86d2-a2fb05fcf0c7, node_id=0
[2026-09-20 09:19:10,700][navsim.planning.script.run_pdm_score][INFO] - Processing stage two reactive scenario 182 / 204 in thread_id=310d125b-d7ef-4dd5-86d2-a2fb05fcf0c7, node_id=0
[2026-09-20 09:19:10,768][navsim.planning.script.run_pdm_score][INFO] - Processing stage two reactive scenario 183 / 204 in thread_id=310d125b-d7ef-4dd5-86d2-a2fb05fcf0c7, node_id=0
[2026-09-20 09:19:10,896][navsim.planning.script.run_pdm_score][INFO] - Processing stage two reactive scenario 184 / 204 in thread_id=310d125b-d7ef-4dd5-86d2-a2fb05fcf0c7, node_id=0
[2026-09-20 09:19:12,102][navsim.planning.script.run_pdm_score][INFO] - Processing stage two reactive scenario 185 / 204 in thread_id=310d125b-d7ef-4dd5-86d2-a2fb05fcf0c7, node_id=0
[2026-09-20 09:19:12,204][navsim.planning.script.run_pdm_score][INFO] - Processing stage two reactive scenario 186 / 204 in thread_id=310d125b-d7ef-4dd5-86d2-a2fb05fcf0c7, node_id=0
[2026-09-20 09:19:12,439][navsim.planning.script.run_pdm_score][INFO] - Processing stage two reactive scenario 187 / 204 in thread_id=310d125b-d7ef-4dd5-86d2-a2fb05fcf0c7, node_id=0
[2026-09-20 09:19:13,514][navsim.planning.script.run_pdm_score][INFO] - Processing stage two reactive scenario 188 / 204 in thread_id=310d125b-d7ef-4dd5-86d2-a2fb05fcf0c7, node_id=0
[2026-09-20 09:19:14,315][navsim.planning.script.run_pdm_score][INFO] - Processing stage two reactive scenario 189 / 204 in thread_id=310d125b-d7ef-4dd5-86d2-a2fb05fcf0c7, node_id=0
[2026-09-20 09:19:15,544][navsim.planning.script.run_pdm_score][INFO] - Processing stage two reactive scenario 190 / 204 in thread_id=310d125b-d7ef-4dd5-86d2-a2fb05fcf0c7, node_id=0
[2026-09-20 09:19:16,514][navsim.planning.script.run_pdm_score][INFO] - Processing stage two reactive scenario 191 / 204 in thread_id=310d125b-d7ef-4dd5-86d2-a2fb05fcf0c7, node_id=0
[2026-09-20 09:19:17,868][navsim.planning.script.run_pdm_score][INFO] - Processing stage two reactive scenario 192 / 204 in thread_id=310d125b-d7ef-4dd5-86d2-a2fb05fcf0c7, node_id=0
[2026-09-20 09:19:18,919][navsim.planning.script.run_pdm_score][INFO] - Processing stage two reactive scenario 193 / 204 in thread_id=310d125b-d7ef-4dd5-86d2-a2fb05fcf0c7, node_id=0
[2026-09-20 09:19:19,536][navsim.planning.script.run_pdm_score][INFO] - Processing stage two reactive scenario 194 / 204 in thread_id=310d125b-d7ef-4dd5-86d2-a2fb05fcf0c7, node_id=0
[2026-09-20 09:19:20,755][navsim.planning.script.run_pdm_score][INFO] - Processing stage two reactive scenario 195 / 204 in thread_id=310d125b-d7ef-4dd5-86d2-a2fb05fcf0c7, node_id=0
[2026-09-20 09:19:21,955][navsim.planning.script.run_pdm_score][INFO] - Processing stage two reactive scenario 196 / 204 in thread_id=310d125b-d7ef-4dd5-86d2-a2fb05fcf0c7, node_id=0
[2026-09-20 09:19:23,156][navsim.planning.script.run_pdm_score][INFO] - Processing stage two reactive scenario 197 / 204 in thread_id=310d125b-d7ef-4dd5-86d2-a2fb05fcf0c7, node_id=0
[2026-09-20 09:19:24,558][navsim.planning.script.run_pdm_score][INFO] - Processing stage two reactive scenario 198 / 204 in thread_id=310d125b-d7ef-4dd5-86d2-a2fb05fcf0c7, node_id=0
[2026-09-20 09:19:25,314][navsim.planning.script.run_pdm_score][INFO] - Processing stage two reactive scenario 199 / 204 in thread_id=310d125b-d7ef-4dd5-86d2-a2fb05fcf0c7, node_id=0
[2026-09-20 09:19:26,325][navsim.planning.script.run_pdm_score][INFO] - Processing stage two reactive scenario 200 / 204 in thread_id=310d125b-d7ef-4dd5-86d2-a2fb05fcf0c7, node_id=0
[2026-09-20 09:19:26,418][navsim.planning.script.run_pdm_score][INFO] - Processing stage two reactive scenario 201 / 204 in thread_id=310d125b-d7ef-4dd5-86d2-a2fb05fcf0c7, node_id=0
[2026-09-20 09:19:26,588][navsim.planning.script.run_pdm_score][INFO] - Processing stage two reactive scenario 202 / 204 in thread_id=310d125b-d7ef-4dd5-86d2-a2fb05fcf0c7, node_id=0
[2026-09-20 09:19:27,459][navsim.planning.script.run_pdm_score][INFO] - Processing stage two reactive scenario 203 / 204 in thread_id=310d125b-d7ef-4dd5-86d2-a2fb05fcf0c7, node_id=0
[2026-09-20 09:19:28,331][navsim.planning.script.run_pdm_score][INFO] - Processing stage two reactive scenario 204 / 204 in thread_id=310d125b-d7ef-4dd5-86d2-a2fb05fcf0c7, node_id=0
[2026-09-20 09:19:30,382][navsim.planning.script.run_pdm_score][INFO] - 
        Finished running evaluation.
            Number of successful scenarios: 220.
            Number of failed scenarios: 0.
            Final extended pdm score of valid results: 0.3009023137456225.
            Results are stored in: C:\Users\Admin\navsim-crun\exp\tanitad_bench\runs\20260920T071122Z-navsim_v2-none-9f38f0\STOP\2026.09.20.09.19.30.csv.
        
