[build] blob md5=0ff902130ce76886b8a925eceed9e3a5 n=4572 cot tokens=15: ['YIELD', 'CORRIDOR_OFFSET', 'EVADE_IN_CORRIDOR', 'OVERTAKE_VEHICLE', 'MERGE', 'GAP_TARGET', 'REACT_ON_ONCOMING', 'TAKE_EXIT_L', 'TAKE_EXIT_R', 'TRAFFIC_LIGHT_REACT', 'TRAFFIC_LIGHT_REACT_RED', 'TRAFFIC_LIGHT_REACT_YELLOW', 'TRAFFIC_LIGHT_REACT_GREEN', 'LANE_CHANGE_L', 'LANE_CHANGE_R']
[build] wrote raw\sidecars\cot_absence_negative_v7.2_train.json.gz md5=9d38dc67ca033a05ac12a56329fa3702 (43825 bytes, 4572 clips)
token                             pos   neg->    neg   ign->   ign
FOLLOW_LANE                      3629     943    943       0     0
TURN_L                            275    4297   4297       0     0
TURN_R                            259    4313   4313       0     0
YIELD_FOR_TURN_L                   21    4551   4551       0     0
YIELD_FOR_TURN_R                   20    4552   4552       0     0
YIELD                             609       0   3963    3963     0
STOP_POINT                        327    4245   4245       0     0
SPEED_BAND                       4572       0      0       0     0
CORRIDOR_OFFSET                   860       0   3712    3712     0
EVADE_IN_CORRIDOR                 240      20   4332    4312     0
OVERTAKE_VEHICLE                   20    3635   4552     917     0
MERGE                              79    3629   4493     864     0
GAP_TARGET                        368       0   4204    4204     0
REACT_ON_ONCOMING                 333       0   4239    4239     0
TAKE_EXIT_L                        21     369   4551    4182     0
TAKE_EXIT_R                       128     290   4444    4154     0
TRAFFIC_LIGHT_REACT                18     761   4554    3793     0
TRAFFIC_LIGHT_REACT_RED           376     403   4196    3793     0
TRAFFIC_LIGHT_REACT_YELLOW         22     757   4550    3793     0
TRAFFIC_LIGHT_REACT_GREEN         363     416   4209    3793     0
LANE_CHANGE_L                      23     290   4549    4259     0
LANE_CHANGE_R                      15     282   4557    4275     0
