[v3] anchors: artifact anchors (117, 8, 2), controls (117, 2), units=alat (cli-override-legacy-file), horizon_s=None, dt=None, ref_speed_ms=None, kappa_cap=None, alat_v_floor=None, schema=None
[v3] anchors: loaded (117, 8, 2) from C:\Users\Admin\run_wbank\refc_anchors_6s_v0cond_alat_117.pt (sha256 51f930dc6f3564ff)
[v3] anchors: v0-CONDITIONED, controls (117, 2) (accel, lateral accel), units=alat (source: cli-override-legacy-file), rolled per window; withheld rows at 10.0 m/s. straight-ahead control present: True
[parity] ⚠ NON-PARITY corpus for *train* cache: C:\Users\Admin\tanitad-data\physicalai\_epcache\physicalai-train-14231cd29c74 references no registered parity key (physicalai-train-e438721ae894 / physicalai-val-0c5f7dac3b11). Results off it are NOT cross-arm comparable with the parity arms.
[v3] 48 episodes from C:\Users\Admin\tanitad-data\physicalai\_epcache\physicalai-train-14231cd29c74
[v3] 48 episodes -> 8199 windows (window 8, max_horizon 20, image_hw (256, 256), tac_vocab kin3)
[v3] u8_batches=False: frames+future_frames = 0.793 GB per collated batch (float32), <= 1 in flight -> ~0.79 GB
[v3] withheld bank: mode=fixed warmup=0 speed_max=35.0 m/s pool=None
[v3:hier] step 50 loss 35.6931 traj 4.4659
[v3:hier] step 100 loss 22.9959 traj 2.6684
[v3:hier] step 150 loss 17.1495 traj 2.0113
[v3:hier] step 200 loss 17.5806 traj 1.8386
[v3:hier] step 250 loss 17.3480 traj 1.7825
[v3:hier] step 300 loss 15.5612 traj 1.4854
[v3:hier] step 350 loss 18.6298 traj 1.5774
[v3:hier] step 400 loss 11.7102 traj 1.1874
[v3:hier] step 450 loss 14.7297 traj 1.6266
[v3:hier] step 500 loss 15.6787 traj 1.6100
[v3:hier] step 550 loss 12.6644 traj 1.4285
[v3:hier] step 600 loss 15.9660 traj 1.5789
[v3:hier] step 650 loss 22.9006 traj 1.5754
[v3:hier] step 700 loss 12.6133 traj 1.5774
[v3:hier] step 750 loss 13.1151 traj 1.3116
[v3:hier] step 800 loss 11.3313 traj 1.2061
[v3:hier] step 850 loss 14.4773 traj 1.2834
[v3:hier] step 900 loss 12.4071 traj 1.6152
[v3:hier] step 950 loss 10.9682 traj 1.3052
[v3:hier] step 1000 loss 13.3492 traj 1.9858
[v3:hier] step 1050 loss 10.5902 traj 1.2347
[v3:hier] step 1100 loss 11.6218 traj 1.3700
[v3:hier] step 1150 loss 10.5675 traj 1.0244
[v3:hier] step 1200 loss 9.0159 traj 1.3527
[v3:hier] step 1250 loss 10.2576 traj 1.3404
[v3:hier] step 1300 loss 10.1315 traj 1.0625
[v3:hier] step 1350 loss 9.7729 traj 1.4208
[v3:hier] step 1400 loss 9.8624 traj 1.0227
[v3:hier] step 1450 loss 7.7710 traj 0.9179
[v3:hier] step 1500 loss 7.4432 traj 0.8575
[v3:hier] step 1550 loss 10.4089 traj 1.1710
[v3:hier] step 1600 loss 7.8840 traj 0.9977
[v3:hier] step 1650 loss 7.2097 traj 0.9380
[v3:hier] step 1700 loss 7.0863 traj 0.7708
[v3:hier] step 1750 loss 9.1586 traj 1.2318
[v3:hier] step 1800 loss 7.6649 traj 1.2490
[v3:hier] step 1850 loss 6.9551 traj 1.0356
[v3:hier] step 1900 loss 9.0530 traj 1.1035
[v3:hier] step 1950 loss 6.7561 traj 1.0705
[v3:hier] step 2000 loss 7.8240 traj 1.1314
[v3:hier] ckpt step 2000 -> ckpt.pt
[v3:hier] DONE at 2000 — summary.json written
