[bha] ckpt md5 ok (2.9 s); config md5 a3193a4685ce0d07a6ae6b89fdc994a8
[v3] anchors: artifact anchors (117, 8, 2), controls (117, 2), units=alat (file), schedule=constant, horizon_s=6.0, dt=0.1, ref_speed_ms=10.0, kappa_cap=0.12, alat_v_floor=4.0, schema=tanitad.anchor_artifact/1
[v3] rig camera = PER-CLIP EXTRINSICS from /home/nvidia/data/refcv6_train_eval139_extrinsics.json (4508 clips, z 1.203-1.687 m, pitch -0.0755..+0.0683 rad)
[v3] ⚠️ a rig camera is built but --agent-w-project and --agent-w-ground are both 0: neither monocular term contributes. That is a legal ablation baseline and the stamp records it, but it is not a projection arm.
[v3] refcv6 coupling (1) ON: d_bev=96 learned_offsets=False offset_max_m=2 -> 4 decoder layers
[v3] withheld bank: mode=fixed warmup=0 speed_max=35.0 m/s pool=None
[bha] model built 3.2 s, step 38000, window 8, gate 0.5
[v2] /home/nvidia/data/refcv6-b1-416x1024-eval139: 139 providers (channels 9, 416x1024 px), episode ids from 'episode_uid' [collision-free; the as-built 16-bit ids would give only 139 distinct for 139 clips]
[v2] 139 providers, 139 distinct episode ids
[v3] nav_from_v7: follow 88 / left 13 / right 38, missing 0 (of 139 clips; md5=eefc38d1453bd1c73802d44d45affced)
[v3] max_speed_input_v6 (4-way one-hot): 147/147 sidecar rows carry a ceiling, 23772/23772 windows fed (100.0 %), 1 clips ABOVE the 120 km/h top step (clamped, and on those the fed ceiling is one the ego demonstrably exceeded)
[v3] agent join: 139/139 episodes (stable-63bit), 22663/23772 windows labelled (95.3 %), 776801 prefilter target boxes, pad 397
[v3] SAM3 map GT: 23430/23772 windows covered (0.9856, floor 0.90, verdict PASS) over 139 clips; states {'ok': 23430, 'no_file': 342, 'frame_out_of_range': 0, 'inconclusive': 0}; layouts ['canonical']
[bha] dataset 139 episodes -> 23772 windows (123 s)
[bha] clipgrid: 556 windows
[bha] 32/556 windows; last 5.6 s/w, median 5.0 s/w; wrote clipgrid_chunk000.pt
[bha] 64/556 windows; last 5.5 s/w, median 5.4 s/w; wrote clipgrid_chunk001.pt
[bha] 96/556 windows; last 5.6 s/w, median 5.5 s/w; wrote clipgrid_chunk002.pt
[bha] 128/556 windows; last 5.7 s/w, median 5.6 s/w; wrote clipgrid_chunk003.pt
[bha] 160/556 windows; last 5.5 s/w, median 5.6 s/w; wrote clipgrid_chunk004.pt
[bha] 192/556 windows; last 5.6 s/w, median 5.5 s/w; wrote clipgrid_chunk005.pt
[bha] 224/556 windows; last 6.4 s/w, median 5.5 s/w; wrote clipgrid_chunk006.pt
[bha] 256/556 windows; last 8.9 s/w, median 5.5 s/w; wrote clipgrid_chunk007.pt
[bha] 288/556 windows; last 5.3 s/w, median 5.5 s/w; wrote clipgrid_chunk008.pt
[bha] 320/556 windows; last 5.5 s/w, median 5.5 s/w; wrote clipgrid_chunk009.pt
[bha] 352/556 windows; last 5.4 s/w, median 5.5 s/w; wrote clipgrid_chunk010.pt
[bha] 384/556 windows; last 5.5 s/w, median 5.5 s/w; wrote clipgrid_chunk011.pt
[bha] 416/556 windows; last 5.5 s/w, median 5.5 s/w; wrote clipgrid_chunk012.pt
[bha] 448/556 windows; last 5.5 s/w, median 5.5 s/w; wrote clipgrid_chunk013.pt
[bha] 480/556 windows; last 5.6 s/w, median 5.5 s/w; wrote clipgrid_chunk014.pt
[bha] 512/556 windows; last 5.5 s/w, median 5.5 s/w; wrote clipgrid_chunk015.pt
[bha] 544/556 windows; last 6.1 s/w, median 5.5 s/w; wrote clipgrid_chunk016.pt
[bha] 556/556 windows; last 5.5 s/w, median 5.6 s/w; wrote clipgrid_chunk017.pt
[bha] DONE clipgrid: 556 windows, 18 chunks, 3280.5 s
EXIT=0
