[ov] clip 73495082f98b
[ov] join records 200 (26 s)
[ov] frames with a sweep: 95; GT rows 7579 (185 s)
{
 "clip_sha12": "73495082f98b",
 "tool": "ov_audit.py",
 "tanitad_file": "/home/nvidia/bha_2325/tree/stack/tanitad/__init__.py",
 "render_tool": "/home/nvidia/bha_2325/ov/render_refcv6_map_video.py",
 "render_tool_md5": "0becac574e78ed187c161866b0ddd766",
 "extrinsics_table_vs_raw_parquet_max_abs": 0.0,
 "camera": {
  "t_rig_m": [
   2.0027,
   -0.0653,
   1.3533
  ],
  "boresight_in_rig": [
   0.99958,
   -0.00448,
   -0.02877
  ],
  "right_in_rig": [
   -0.0043,
   -0.99997,
   0.00649
  ],
  "down_in_rig": [
   -0.0288,
   -0.00636,
   -0.99957
  ],
  "pitch_down_deg": 1.6485139866217393,
  "intrinsics": {
   "cx": 957.720825,
   "cy": 753.651062,
   "w": 1920,
   "h": 1080,
   "fw_poly": [
    0.0,
    927.7418258235695,
    23.085597764406593,
    -56.141087004440664,
    15.118924167873711
   ]
  }
 },
 "lidar": {
  "t_rig_m": [
   1.1339,
   -0.0118,
   1.9356
  ],
  "R_minus_I_max": 0.006685761176068595,
  "spin_mid_range_s": [
   0.1260575,
   19.925614
  ],
  "n_predecoded_sweeps": 96
 },
 "cache": {
  "which": "refcv6-b1-416x1024-train",
  "frame": {
   "height": 416,
   "width": 1024,
   "f_ref": 488.92398517830253,
   "projection": "cylindrical"
  },
  "n_raw": 201,
  "n_stack": 3,
  "codec": "png"
 },
 "join": {
  "n_records": 200,
  "t_s_range": [
   -0.0005,
   20.0303
  ]
 },
 "raw_obstacle_columns": [
  "timestamp_us",
  "source",
  "track_id",
  "center_x",
  "center_y",
  "center_z",
  "size_x",
  "size_y",
  "size_z",
  "orientation_x",
  "orientation_y",
  "orientation_z",
  "orientation_w",
  "label_class",
  "reference_frame",
  "reference_frame_timestamp_us"
 ],
 "frames_used": 95,
 "frames_dt_s_abs_max": 0.049,
 "P1_pixels_renderer_vs_independent": {
  "n_corners": 25375,
  "n_boxes": 3272,
  "max_abs_du_px": 2.2737367544323206e-13,
  "max_abs_dv_px": 1.1368683772161603e-13,
  "p99_abs_du_px": 2.2737367544323206e-13,
  "p99_abs_dv_px": 8.526512829121202e-14
 },
 "P4_object_evidence": {
  "0-10m|filtered": {
   "n": 122,
   "evid3": 122,
   "evid10": 122,
   "mirror3": 73,
   "mirror_n": 122,
   "frac_evid3": 1.0,
   "frac_evid10": 1.0,
   "frac_mirror3": 0.5983606557377049
  },
  "0-10m|target": {
   "n": 68,
   "evid3": 68,
   "evid10": 68,
   "mirror3": 39,
   "mirror_n": 63,
   "frac_evid3": 1.0,
   "frac_evid10": 1.0,
   "frac_mirror3": 0.6190476190476191
  },
  "10-20m|filtered": {
   "n": 262,
   "evid3": 250,
   "evid10": 250,
   "mirror3": 165,
   "mirror_n": 226,
   "frac_evid3": 0.9541984732824428,
   "frac_evid10": 0.9541984732824428,
   "frac_mirror3": 0.7300884955752213
  },
  "10-20m|target": {
   "n": 233,
   "evid3": 226,
   "evid10": 225,
   "mirror3": 129,
   "mirror_n": 202,
   "frac_evid3": 0.9699570815450643,
   "frac_evid10": 0.9656652360515021,
   "frac_mirror3": 0.6386138613861386
  },
  "20-30m|filtered": {
   "n": 390,
   "evid3": 387,
   "evid10": 384,
   "mirror3": 239,
   "mirror_n": 371,
   "frac_evid3": 0.9923076923076923,
   "frac_evid10": 0.9846153846153847,
   "frac_mirror3": 0.6442048517520216
  },
  "20-30m|target": {
   "n": 242,
   "evid3": 240,
   "evid10": 238,
   "mirror3": 135,
   "mirror_n": 197,
   "frac_evid3": 0.9917355371900827,
   "frac_evid10": 0.9834710743801653,
   "frac_mirror3": 0.6852791878172588
  },
  "30-45m|filtered": {
   "n": 1200,
   "evid3": 1049,
   "evid10": 1020,
   "mirror3": 505,
   "mirror_n": 1108,
   "frac_evid3": 0.8741666666666666,
   "frac_evid10": 0.85,
   "frac_mirror3": 0.45577617328519854
  },
  "30-45m|target": {
   "n": 243,
   "evid3": 243,
   "evid10": 242,
   "mirror3": 94,
   "mirror_n": 190,
   "frac_evid3": 1.0,
   "frac_evid10": 0.9958847736625515,
   "frac_mirror3": 0.49473684210526314
  },
  "45-60m|filtered": {
   "n": 694,
   "evid3": 545,
   "evid10": 507,
   "mirror3": 207,
   "mirror_n": 677,
   "frac_evid3": 0.7853025936599424,
   "frac_evid10": 0.7305475504322767,
   "frac_mirror3": 0.30576070901033975
  },
  "45-60m|target": {
   "n": 324,
   "evid3": 297,
   "evid10": 280,
   "mirror3": 48,
   "mirror_n": 234,
   "frac_evid3": 0.9166666666666666,
   "frac_evid10": 0.8641975308641975,
   "frac_mirror3": 0.20512820512820512
  },
  "60-infm|filtered": {
   "n": 3786,
   "evid3": 1933,
   "evid10": 1385,
   "mirror3": 189,
   "mirror_n": 3726,
   "frac_evid3": 0.5105652403592181,
   "frac_evid10": 0.3658214474379292,
   "frac_mirror3": 0.050724637681159424
  },
  "60-infm|target": {
   "n": 15,
   "evid3": 15,
   "evid10": 15,
   "mirror3": 4,
   "mirror_n": 15,
   "frac_evid3": 1.0,
   "frac_evid10": 1.0,
   "frac_mirror3": 0.26666666666666666
  }
 },
 "P4_bottom_minus_lidar_ground_p10": {
  "automobile": {
   "n": 5228,
   "median": -0.07623774356810345,
   "p10": -2.277590935931173,
   "p90": 0.1050507282351971
  },
  "bus": {
   "n": 61,
   "median": -1.0432366694972022,
   "p10": -2.28492819616992,
   "p90": -0.023767345615406554
  },
  "heavy_truck": {
   "n": 3,
   "median": -1.6240606651665663,
   "p10": -1.6486593526606999,
   "p90": -1.558631306646239
  },
  "person": {
   "n": 1242,
   "median": 0.02097867886244743,
   "p10": -0.9189031097042712,
   "p90": 0.12476731966773391
  },
  "protruding_object": {
   "n": 30,
   "median": 1.5811468420797592,
   "p10": 1.5686356209725756,
   "p90": 1.6691123741308234
  },
  "rider": {
   "n": 139,
   "median": 0.03575558877958071,
   "p10": -0.029838111804835615,
   "p90": 0.2109642421001623
  }
 },
 "P4_ground_p10_abs_rig_z_near20m": {
  "n": 685,
  "median": 0.016693659498711155
 },
 "P4_bottom_abs_rig_z_by_cls": {
  "automobile": -0.11785000000000007,
  "bus": 0.08860000000000001,
  "heavy_truck": -1.1495000000000002,
  "person": 0.24780000000000002,
  "protruding_object": 1.5734499999999998,
  "rider": 0.13160000000000005
 },
 "P4_join3d_vs_raw_parquet": {
  "n": 1564,
  "max_abs_dcz_m": 4.9996209144587134e-05,
  "max_abs_dh_m": 0.0004975070953370242,
  "median_abs_dcz_m": 2.4227571487400734e-05
 },
 "P5_error": "ModuleNotFoundError: No module named 'scipy'",
 "overlay_pngs": [
  "ov_73495082f98b_f003.png",
  "ov_73495082f98b_f033.png",
  "ov_73495082f98b_f063.png",
  "ov_73495082f98b_f093.png",
  "ov_73495082f98b_f124.png",
  "ov_73495082f98b_f154.png"
 ],
 "wall_s": 189.2
}
EXIT=0
