[bha] ckpt md5 ok (3.0 s); config md5 a3193a4685ce0d07a6ae6b89fdc994a8
[v3] anchors: artifact anchors (117, 8, 2), controls (117, 2), units=alat (file), schedule=constant, horizon_s=6.0, dt=0.1, ref_speed_ms=10.0, kappa_cap=0.12, alat_v_floor=4.0, schema=tanitad.anchor_artifact/1
[v3] rig camera = PER-CLIP EXTRINSICS from /home/nvidia/data/refcv6_train_eval139_extrinsics.json (4508 clips, z 1.203-1.687 m, pitch -0.0755..+0.0683 rad)
[v3] ⚠️ a rig camera is built but --agent-w-project and --agent-w-ground are both 0: neither monocular term contributes. That is a legal ablation baseline and the stamp records it, but it is not a projection arm.
[v3] refcv6 coupling (1) ON: d_bev=96 learned_offsets=False offset_max_m=2 -> 4 decoder layers
[v3] withheld bank: mode=fixed warmup=0 speed_max=35.0 m/s pool=None
[bha] model built 4.0 s, step 38000, window 8, gate 0.5
[v2] /home/nvidia/data/refcv6-b1-416x1024-train: 4369 providers (channels 9, 416x1024 px), episode ids from 'episode_uid' [collision-free; the as-built 16-bit ids would give only 4246 distinct for 4369 clips]
[v2] 4369 providers, 4369 distinct episode ids
[v3] nav_from_v7: follow 50 / left 10 / right 4, missing 0 (of 64 clips; md5=b45377a1f25263b5c0f3d318c126b1ac)
[v3] max_speed_input_v6 (4-way one-hot): 4572/4572 sidecar rows carry a ceiling, 10931/10931 windows fed (100.0 %), 86 clips ABOVE the 120 km/h top step (clamped, and on those the fed ceiling is one the ego demonstrably exceeded)
[v3] agent join: 64/64 episodes (stable-63bit), 10523/10931 windows labelled (96.3 %), 307485 prefilter target boxes, pad 397
[v3] SAM3 map GT: 10931/10931 windows covered (1.0000, floor 0.90, verdict PASS) over 64 clips; states {'ok': 10931, 'no_file': 0, 'frame_out_of_range': 0, 'inconclusive': 0}; layouts ['canonical']
[bha] dataset 64 episodes -> 10931 windows (149 s)
[bha] train: 256 windows
[bha] 32/256 windows; last 5.6 s/w, median 6.0 s/w; wrote train_chunk000.pt
[bha] 64/256 windows; last 7.4 s/w, median 5.9 s/w; wrote train_chunk001.pt
[bha] 96/256 windows; last 5.6 s/w, median 5.7 s/w; wrote train_chunk002.pt
[bha] 128/256 windows; last 5.4 s/w, median 5.6 s/w; wrote train_chunk003.pt
[bha] 160/256 windows; last 5.4 s/w, median 5.6 s/w; wrote train_chunk004.pt
[bha] 192/256 windows; last 5.3 s/w, median 5.5 s/w; wrote train_chunk005.pt
[bha] 224/256 windows; last 5.4 s/w, median 5.5 s/w; wrote train_chunk006.pt
[bha] 256/256 windows; last 5.4 s/w, median 5.4 s/w; wrote train_chunk007.pt
[bha] DONE train: 256 windows, 8 chunks, 1600.2 s
EXIT=0
