[vis] clipgrid: 121 labelled windows (2 s)
[vis] 0/121 windows (2 s)
[vis] 100/121 windows (6 s)
{
 "mode": "clipgrid",
 "n_windows": 121,
 "n_gt_rows_3d": 3537,
 "n_targets": 509,
 "n_gt_rows_without_3d_label": 0,
 "observed_mask_source": [
  "f-theta observed mask"
 ],
 "method": "exact per-pixel ray/oriented-box z-buffer, canonical 416x1024 cylinder, per-clip extrinsics (the renderer's table) and the clip's f-theta observed mask; occluders = every valid GT row with a 3-D label; UPPER bound (static occluders absent)",
 "targets_per_window_rules": {
  "baseline_targets_per_window": 4.206611570247934,
  "vis_frac>=0.10": {
   "targets_per_window": 3.4628099173553717,
   "frac_of_targets_kept": 0.8231827111984283
  },
  "vis_frac>=0.30": {
   "targets_per_window": 2.834710743801653,
   "frac_of_targets_kept": 0.6738703339882122
  },
  "vis_frac>=0.50": {
   "targets_per_window": 2.3388429752066116,
   "frac_of_targets_kept": 0.555992141453831
  },
  "R1: vis_frac>=0.30 & vis_rows>=8": {
   "targets_per_window": 2.8264462809917354,
   "frac_of_targets_kept": 0.6719056974459725
  },
  "R2: n_vis>=150px & vis_frac>=0.25": {
   "targets_per_window": 2.809917355371901,
   "frac_of_targets_kept": 0.6679764243614931
  }
 },
 "wall_s": 7.1
}
{"n": 509, "median": 0.6603098927294399, "mean": 0.5930725347182165, "frac_lt_0.10": 0.17681728880157171, "frac_lt_0.30": 0.32612966601178783, "frac_lt_0.50": 0.444007858546169, "frac_zero": 0.12573673870333987}
EXIT=0
