[v3] anchors: artifact anchors (117, 8, 2), controls (117, 2), units=alat (file), schedule=constant, horizon_s=6.0, dt=0.1, ref_speed_ms=10.0, kappa_cap=0.12, alat_v_floor=4.0, schema=tanitad.anchor_artifact/1
[v3] rig camera = PER-CLIP EXTRINSICS from /home/nvidia/data/refcv6_train_eval139_extrinsics.json (4508 clips, z 1.203-1.687 m, pitch -0.0755..+0.0683 rad)
[v3] ⚠️ a rig camera is built but --agent-w-project and --agent-w-ground are both 0: neither monocular term contributes. That is a legal ablation baseline and the stamp records it, but it is not a projection arm.
[v3] refcv6 coupling (1) ON: d_bev=96 learned_offsets=False offset_max_m=2 -> 4 decoder layers
[v3] withheld bank: mode=fixed warmup=0 speed_max=35.0 m/s pool=None
[v2] /home/nvidia/data/refcv6-b1-416x1024-eval139: 139 providers (channels 9, 416x1024 px), episode ids from 'episode_uid' [collision-free; the as-built 16-bit ids would give only 139 distinct for 139 clips]
[v2] 139 providers, 139 distinct episode ids
[v3] nav_from_v7: follow 0 / left 0 / right 5, missing 0 (of 5 clips; md5=eefc38d1453bd1c73802d44d45affced)
[v3] max_speed_input_v6 (4-way one-hot): 147/147 sidecar rows carry a ceiling, 855/855 windows fed (100.0 %), 1 clips ABOVE the 120 km/h top step (clamped, and on those the fed ceiling is one the ego demonstrably exceeded)
[v3] agent join: 5/5 episodes (stable-63bit), 855/855 windows labelled (100.0 %), 72687 prefilter target boxes, pad 397
[v3] SAM3 map GT: 855/855 windows covered (1.0000, floor 0.90, verdict PASS) over 5 clips; states {'ok': 855, 'no_file': 0, 'frame_out_of_range': 0, 'inconclusive': 0}; layouts ['canonical']
[vis] gtval: 855 labelled windows (135 s)
[vis] 0/855 windows (135 s)
[vis] 100/855 windows (143 s)
[vis] 200/855 windows (150 s)
[vis] 300/855 windows (151 s)
[vis] 400/855 windows (159 s)
[vis] 500/855 windows (167 s)
[vis] 600/855 windows (170 s)
[vis] 700/855 windows (175 s)
[vis] 800/855 windows (186 s)
{
 "mode": "gtval",
 "n_windows": 855,
 "n_gt_rows_3d": 72687,
 "n_targets": 22432,
 "n_gt_rows_without_3d_label": 0,
 "observed_mask_source": [
  "f-theta observed mask"
 ],
 "method": "exact per-pixel ray/oriented-box z-buffer, canonical 416x1024 cylinder, per-clip extrinsics (the renderer's table) and the clip's f-theta observed mask; occluders = every valid GT row with a 3-D label; UPPER bound (static occluders absent)",
 "targets_per_window_rules": {
  "baseline_targets_per_window": 26.23625730994152,
  "vis_frac>=0.10": {
   "targets_per_window": 11.493567251461988,
   "frac_of_targets_kept": 0.4380795292439372
  },
  "vis_frac>=0.30": {
   "targets_per_window": 9.049122807017543,
   "frac_of_targets_kept": 0.34490905848787445
  },
  "vis_frac>=0.50": {
   "targets_per_window": 6.7742690058479536,
   "frac_of_targets_kept": 0.2582025677603424
  },
  "R1: vis_frac>=0.30 & vis_rows>=8": {
   "targets_per_window": 9.028070175438597,
   "frac_of_targets_kept": 0.34410663338088443
  },
  "R2: n_vis>=150px & vis_frac>=0.25": {
   "targets_per_window": 8.187134502923977,
   "frac_of_targets_kept": 0.31205420827389446
  }
 },
 "wall_s": 193.0
}
{"n": 22432, "median": 0.023786905207861638, "mean": 0.28314400033850107, "frac_lt_0.10": 0.5619204707560628, "frac_lt_0.30": 0.6550909415121255, "frac_lt_0.50": 0.7417974322396577, "frac_zero": 0.462419757489301}
EXIT=0
