[2026-09-19 12:26:48,602][navsim.planning.script.builders.worker_pool_builder][INFO] - Building WorkerPool...
[2026-09-19 12:26:48,604][nuplan.planning.utils.multithreading.worker_pool][INFO] - Worker: Sequential
[2026-09-19 12:26:48,604][nuplan.planning.utils.multithreading.worker_pool][INFO] - Number of nodes: 1
Number of CPUs per node: 1
Number of GPUs per node: 0
Number of threads across all nodes: 1
[2026-09-19 12:26:48,604][navsim.planning.script.builders.worker_pool_builder][INFO] - Building WorkerPool...DONE!
[2026-09-19 12:26:53,354][navsim.planning.script.run_pdm_score][INFO] - Starting pdm scoring of 220 scenarios...
[2026-09-19 12:26:53,355][navsim.planning.script.run_pdm_score][INFO] - Starting worker in thread_id=a8e04381-0770-4cea-9487-5734a525064b, node_id=0
[2026-09-19 12:26:55,407][navsim.planning.script.run_pdm_score][INFO] - Processing stage one reactive scenario 1 / 16 in thread_id=a8e04381-0770-4cea-9487-5734a525064b, node_id=0
[2026-09-19 12:26:56,305][navsim.planning.script.run_pdm_score][INFO] - Processing stage one reactive scenario 2 / 16 in thread_id=a8e04381-0770-4cea-9487-5734a525064b, node_id=0
[2026-09-19 12:26:59,647][navsim.planning.script.run_pdm_score][INFO] - Processing stage one reactive scenario 3 / 16 in thread_id=a8e04381-0770-4cea-9487-5734a525064b, node_id=0
[2026-09-19 12:27:01,722][navsim.planning.script.run_pdm_score][INFO] - Processing stage one reactive scenario 4 / 16 in thread_id=a8e04381-0770-4cea-9487-5734a525064b, node_id=0
[2026-09-19 12:27:06,917][navsim.planning.script.run_pdm_score][INFO] - Processing stage one reactive scenario 5 / 16 in thread_id=a8e04381-0770-4cea-9487-5734a525064b, node_id=0
[2026-09-19 12:27:10,414][navsim.planning.script.run_pdm_score][INFO] - Processing stage one reactive scenario 6 / 16 in thread_id=a8e04381-0770-4cea-9487-5734a525064b, node_id=0
[2026-09-19 12:27:12,382][navsim.planning.script.run_pdm_score][INFO] - Processing stage one reactive scenario 7 / 16 in thread_id=a8e04381-0770-4cea-9487-5734a525064b, node_id=0
[2026-09-19 12:27:15,367][navsim.planning.script.run_pdm_score][INFO] - Processing stage one reactive scenario 8 / 16 in thread_id=a8e04381-0770-4cea-9487-5734a525064b, node_id=0
[2026-09-19 12:27:16,752][navsim.planning.script.run_pdm_score][INFO] - Processing stage one reactive scenario 9 / 16 in thread_id=a8e04381-0770-4cea-9487-5734a525064b, node_id=0
[2026-09-19 12:27:21,360][navsim.planning.script.run_pdm_score][INFO] - Processing stage one reactive scenario 10 / 16 in thread_id=a8e04381-0770-4cea-9487-5734a525064b, node_id=0
[2026-09-19 12:27:21,890][navsim.planning.script.run_pdm_score][INFO] - Processing stage one reactive scenario 11 / 16 in thread_id=a8e04381-0770-4cea-9487-5734a525064b, node_id=0
[2026-09-19 12:27:25,219][navsim.planning.script.run_pdm_score][INFO] - Processing stage one reactive scenario 12 / 16 in thread_id=a8e04381-0770-4cea-9487-5734a525064b, node_id=0
[2026-09-19 12:27:25,425][navsim.planning.script.run_pdm_score][INFO] - Processing stage one reactive scenario 13 / 16 in thread_id=a8e04381-0770-4cea-9487-5734a525064b, node_id=0
[2026-09-19 12:27:25,547][navsim.planning.script.run_pdm_score][INFO] - Processing stage one reactive scenario 14 / 16 in thread_id=a8e04381-0770-4cea-9487-5734a525064b, node_id=0
[2026-09-19 12:27:28,518][navsim.planning.script.run_pdm_score][INFO] - Processing stage one reactive scenario 15 / 16 in thread_id=a8e04381-0770-4cea-9487-5734a525064b, node_id=0
[2026-09-19 12:27:29,305][navsim.planning.script.run_pdm_score][INFO] - Processing stage one reactive scenario 16 / 16 in thread_id=a8e04381-0770-4cea-9487-5734a525064b, node_id=0
[2026-09-19 12:27:34,053][navsim.planning.script.run_pdm_score][INFO] - Processing stage two reactive scenario 1 / 204 in thread_id=a8e04381-0770-4cea-9487-5734a525064b, node_id=0
[2026-09-19 12:27:37,001][navsim.planning.script.run_pdm_score][INFO] - Processing stage two reactive scenario 2 / 204 in thread_id=a8e04381-0770-4cea-9487-5734a525064b, node_id=0
[2026-09-19 12:27:38,069][navsim.planning.script.run_pdm_score][INFO] - Processing stage two reactive scenario 3 / 204 in thread_id=a8e04381-0770-4cea-9487-5734a525064b, node_id=0
[2026-09-19 12:27:40,183][navsim.planning.script.run_pdm_score][INFO] - Processing stage two reactive scenario 4 / 204 in thread_id=a8e04381-0770-4cea-9487-5734a525064b, node_id=0
[2026-09-19 12:27:41,224][navsim.planning.script.run_pdm_score][INFO] - Processing stage two reactive scenario 5 / 204 in thread_id=a8e04381-0770-4cea-9487-5734a525064b, node_id=0
[2026-09-19 12:27:43,505][navsim.planning.script.run_pdm_score][INFO] - Processing stage two reactive scenario 6 / 204 in thread_id=a8e04381-0770-4cea-9487-5734a525064b, node_id=0
[2026-09-19 12:27:46,308][navsim.planning.script.run_pdm_score][INFO] - Processing stage two reactive scenario 7 / 204 in thread_id=a8e04381-0770-4cea-9487-5734a525064b, node_id=0
[2026-09-19 12:27:48,623][navsim.planning.script.run_pdm_score][INFO] - Processing stage two reactive scenario 8 / 204 in thread_id=a8e04381-0770-4cea-9487-5734a525064b, node_id=0
[2026-09-19 12:27:53,432][navsim.planning.script.run_pdm_score][INFO] - Processing stage two reactive scenario 9 / 204 in thread_id=a8e04381-0770-4cea-9487-5734a525064b, node_id=0
[2026-09-19 12:27:54,399][navsim.planning.script.run_pdm_score][INFO] - Processing stage two reactive scenario 10 / 204 in thread_id=a8e04381-0770-4cea-9487-5734a525064b, node_id=0
[2026-09-19 12:27:56,246][navsim.planning.script.run_pdm_score][INFO] - Processing stage two reactive scenario 11 / 204 in thread_id=a8e04381-0770-4cea-9487-5734a525064b, node_id=0
[2026-09-19 12:27:58,394][navsim.planning.script.run_pdm_score][INFO] - Processing stage two reactive scenario 12 / 204 in thread_id=a8e04381-0770-4cea-9487-5734a525064b, node_id=0
[2026-09-19 12:28:00,181][navsim.planning.script.run_pdm_score][INFO] - Processing stage two reactive scenario 13 / 204 in thread_id=a8e04381-0770-4cea-9487-5734a525064b, node_id=0
[2026-09-19 12:28:02,329][navsim.planning.script.run_pdm_score][INFO] - Processing stage two reactive scenario 14 / 204 in thread_id=a8e04381-0770-4cea-9487-5734a525064b, node_id=0
[2026-09-19 12:28:04,451][navsim.planning.script.run_pdm_score][INFO] - Processing stage two reactive scenario 15 / 204 in thread_id=a8e04381-0770-4cea-9487-5734a525064b, node_id=0
[2026-09-19 12:28:07,151][navsim.planning.script.run_pdm_score][INFO] - Processing stage two reactive scenario 16 / 204 in thread_id=a8e04381-0770-4cea-9487-5734a525064b, node_id=0
[2026-09-19 12:28:09,712][navsim.planning.script.run_pdm_score][INFO] - Processing stage two reactive scenario 17 / 204 in thread_id=a8e04381-0770-4cea-9487-5734a525064b, node_id=0
[2026-09-19 12:28:11,713][navsim.planning.script.run_pdm_score][INFO] - Processing stage two reactive scenario 18 / 204 in thread_id=a8e04381-0770-4cea-9487-5734a525064b, node_id=0
[2026-09-19 12:28:13,180][navsim.planning.script.run_pdm_score][INFO] - Processing stage two reactive scenario 19 / 204 in thread_id=a8e04381-0770-4cea-9487-5734a525064b, node_id=0
[2026-09-19 12:28:15,041][navsim.planning.script.run_pdm_score][INFO] - Processing stage two reactive scenario 20 / 204 in thread_id=a8e04381-0770-4cea-9487-5734a525064b, node_id=0
[2026-09-19 12:28:16,533][navsim.planning.script.run_pdm_score][INFO] - Processing stage two reactive scenario 21 / 204 in thread_id=a8e04381-0770-4cea-9487-5734a525064b, node_id=0
[2026-09-19 12:28:17,400][navsim.planning.script.run_pdm_score][INFO] - Processing stage two reactive scenario 22 / 204 in thread_id=a8e04381-0770-4cea-9487-5734a525064b, node_id=0
[2026-09-19 12:28:20,031][navsim.planning.script.run_pdm_score][INFO] - Processing stage two reactive scenario 23 / 204 in thread_id=a8e04381-0770-4cea-9487-5734a525064b, node_id=0
[2026-09-19 12:28:22,869][navsim.planning.script.run_pdm_score][INFO] - Processing stage two reactive scenario 24 / 204 in thread_id=a8e04381-0770-4cea-9487-5734a525064b, node_id=0
[2026-09-19 12:28:25,354][navsim.planning.script.run_pdm_score][INFO] - Processing stage two reactive scenario 25 / 204 in thread_id=a8e04381-0770-4cea-9487-5734a525064b, node_id=0
[2026-09-19 12:28:26,446][navsim.planning.script.run_pdm_score][INFO] - Processing stage two reactive scenario 26 / 204 in thread_id=a8e04381-0770-4cea-9487-5734a525064b, node_id=0
[2026-09-19 12:28:27,915][navsim.planning.script.run_pdm_score][INFO] - Processing stage two reactive scenario 27 / 204 in thread_id=a8e04381-0770-4cea-9487-5734a525064b, node_id=0
[2026-09-19 12:28:31,043][navsim.planning.script.run_pdm_score][INFO] - Processing stage two reactive scenario 28 / 204 in thread_id=a8e04381-0770-4cea-9487-5734a525064b, node_id=0
[2026-09-19 12:28:32,557][navsim.planning.script.run_pdm_score][INFO] - Processing stage two reactive scenario 29 / 204 in thread_id=a8e04381-0770-4cea-9487-5734a525064b, node_id=0
[2026-09-19 12:28:34,046][navsim.planning.script.run_pdm_score][INFO] - Processing stage two reactive scenario 30 / 204 in thread_id=a8e04381-0770-4cea-9487-5734a525064b, node_id=0
[2026-09-19 12:28:35,501][navsim.planning.script.run_pdm_score][INFO] - Processing stage two reactive scenario 31 / 204 in thread_id=a8e04381-0770-4cea-9487-5734a525064b, node_id=0
[2026-09-19 12:28:36,934][navsim.planning.script.run_pdm_score][INFO] - Processing stage two reactive scenario 32 / 204 in thread_id=a8e04381-0770-4cea-9487-5734a525064b, node_id=0
[2026-09-19 12:28:37,930][navsim.planning.script.run_pdm_score][INFO] - Processing stage two reactive scenario 33 / 204 in thread_id=a8e04381-0770-4cea-9487-5734a525064b, node_id=0
[2026-09-19 12:28:40,442][navsim.planning.script.run_pdm_score][INFO] - Processing stage two reactive scenario 34 / 204 in thread_id=a8e04381-0770-4cea-9487-5734a525064b, node_id=0
[2026-09-19 12:28:41,733][navsim.planning.script.run_pdm_score][INFO] - Processing stage two reactive scenario 35 / 204 in thread_id=a8e04381-0770-4cea-9487-5734a525064b, node_id=0
[2026-09-19 12:28:44,122][navsim.planning.script.run_pdm_score][INFO] - Processing stage two reactive scenario 36 / 204 in thread_id=a8e04381-0770-4cea-9487-5734a525064b, node_id=0
[2026-09-19 12:28:46,412][navsim.planning.script.run_pdm_score][INFO] - Processing stage two reactive scenario 37 / 204 in thread_id=a8e04381-0770-4cea-9487-5734a525064b, node_id=0
[2026-09-19 12:28:50,945][navsim.planning.script.run_pdm_score][INFO] - Processing stage two reactive scenario 38 / 204 in thread_id=a8e04381-0770-4cea-9487-5734a525064b, node_id=0
[2026-09-19 12:28:53,013][navsim.planning.script.run_pdm_score][INFO] - Processing stage two reactive scenario 39 / 204 in thread_id=a8e04381-0770-4cea-9487-5734a525064b, node_id=0
[2026-09-19 12:28:57,333][navsim.planning.script.run_pdm_score][INFO] - Processing stage two reactive scenario 40 / 204 in thread_id=a8e04381-0770-4cea-9487-5734a525064b, node_id=0
[2026-09-19 12:28:59,068][navsim.planning.script.run_pdm_score][INFO] - Processing stage two reactive scenario 41 / 204 in thread_id=a8e04381-0770-4cea-9487-5734a525064b, node_id=0
[2026-09-19 12:29:01,143][navsim.planning.script.run_pdm_score][INFO] - Processing stage two reactive scenario 42 / 204 in thread_id=a8e04381-0770-4cea-9487-5734a525064b, node_id=0
[2026-09-19 12:29:03,048][navsim.planning.script.run_pdm_score][INFO] - Processing stage two reactive scenario 43 / 204 in thread_id=a8e04381-0770-4cea-9487-5734a525064b, node_id=0
[2026-09-19 12:29:08,942][navsim.planning.script.run_pdm_score][INFO] - Processing stage two reactive scenario 44 / 204 in thread_id=a8e04381-0770-4cea-9487-5734a525064b, node_id=0
[2026-09-19 12:29:10,919][navsim.planning.script.run_pdm_score][INFO] - Processing stage two reactive scenario 45 / 204 in thread_id=a8e04381-0770-4cea-9487-5734a525064b, node_id=0
[2026-09-19 12:29:12,813][navsim.planning.script.run_pdm_score][INFO] - Processing stage two reactive scenario 46 / 204 in thread_id=a8e04381-0770-4cea-9487-5734a525064b, node_id=0
[2026-09-19 12:29:14,392][navsim.planning.script.run_pdm_score][INFO] - Processing stage two reactive scenario 47 / 204 in thread_id=a8e04381-0770-4cea-9487-5734a525064b, node_id=0
[2026-09-19 12:29:19,034][navsim.planning.script.run_pdm_score][INFO] - Processing stage two reactive scenario 48 / 204 in thread_id=a8e04381-0770-4cea-9487-5734a525064b, node_id=0
[2026-09-19 12:29:21,613][navsim.planning.script.run_pdm_score][INFO] - Processing stage two reactive scenario 49 / 204 in thread_id=a8e04381-0770-4cea-9487-5734a525064b, node_id=0
[2026-09-19 12:29:25,388][navsim.planning.script.run_pdm_score][INFO] - Processing stage two reactive scenario 50 / 204 in thread_id=a8e04381-0770-4cea-9487-5734a525064b, node_id=0
[2026-09-19 12:29:25,841][navsim.planning.script.run_pdm_score][INFO] - Processing stage two reactive scenario 51 / 204 in thread_id=a8e04381-0770-4cea-9487-5734a525064b, node_id=0
[2026-09-19 12:29:27,321][navsim.planning.script.run_pdm_score][INFO] - Processing stage two reactive scenario 52 / 204 in thread_id=a8e04381-0770-4cea-9487-5734a525064b, node_id=0
[2026-09-19 12:29:28,450][navsim.planning.script.run_pdm_score][INFO] - Processing stage two reactive scenario 53 / 204 in thread_id=a8e04381-0770-4cea-9487-5734a525064b, node_id=0
[2026-09-19 12:29:30,386][navsim.planning.script.run_pdm_score][INFO] - Processing stage two reactive scenario 54 / 204 in thread_id=a8e04381-0770-4cea-9487-5734a525064b, node_id=0
[2026-09-19 12:29:33,746][navsim.planning.script.run_pdm_score][INFO] - Processing stage two reactive scenario 55 / 204 in thread_id=a8e04381-0770-4cea-9487-5734a525064b, node_id=0
[2026-09-19 12:29:34,980][navsim.planning.script.run_pdm_score][INFO] - Processing stage two reactive scenario 56 / 204 in thread_id=a8e04381-0770-4cea-9487-5734a525064b, node_id=0
[2026-09-19 12:29:37,530][navsim.planning.script.run_pdm_score][INFO] - Processing stage two reactive scenario 57 / 204 in thread_id=a8e04381-0770-4cea-9487-5734a525064b, node_id=0
[2026-09-19 12:29:38,837][navsim.planning.script.run_pdm_score][INFO] - Processing stage two reactive scenario 58 / 204 in thread_id=a8e04381-0770-4cea-9487-5734a525064b, node_id=0
[2026-09-19 12:29:41,836][navsim.planning.script.run_pdm_score][INFO] - Processing stage two reactive scenario 59 / 204 in thread_id=a8e04381-0770-4cea-9487-5734a525064b, node_id=0
[2026-09-19 12:29:43,621][navsim.planning.script.run_pdm_score][INFO] - Processing stage two reactive scenario 60 / 204 in thread_id=a8e04381-0770-4cea-9487-5734a525064b, node_id=0
[2026-09-19 12:29:45,118][navsim.planning.script.run_pdm_score][INFO] - Processing stage two reactive scenario 61 / 204 in thread_id=a8e04381-0770-4cea-9487-5734a525064b, node_id=0
[2026-09-19 12:29:46,123][navsim.planning.script.run_pdm_score][INFO] - Processing stage two reactive scenario 62 / 204 in thread_id=a8e04381-0770-4cea-9487-5734a525064b, node_id=0
[2026-09-19 12:29:47,310][navsim.planning.script.run_pdm_score][INFO] - Processing stage two reactive scenario 63 / 204 in thread_id=a8e04381-0770-4cea-9487-5734a525064b, node_id=0
[2026-09-19 12:29:50,466][navsim.planning.script.run_pdm_score][INFO] - Processing stage two reactive scenario 64 / 204 in thread_id=a8e04381-0770-4cea-9487-5734a525064b, node_id=0
[2026-09-19 12:29:51,759][navsim.planning.script.run_pdm_score][INFO] - Processing stage two reactive scenario 65 / 204 in thread_id=a8e04381-0770-4cea-9487-5734a525064b, node_id=0
[2026-09-19 12:29:53,698][navsim.planning.script.run_pdm_score][INFO] - Processing stage two reactive scenario 66 / 204 in thread_id=a8e04381-0770-4cea-9487-5734a525064b, node_id=0
[2026-09-19 12:29:56,083][navsim.planning.script.run_pdm_score][INFO] - Processing stage two reactive scenario 67 / 204 in thread_id=a8e04381-0770-4cea-9487-5734a525064b, node_id=0
[2026-09-19 12:29:57,849][navsim.planning.script.run_pdm_score][INFO] - Processing stage two reactive scenario 68 / 204 in thread_id=a8e04381-0770-4cea-9487-5734a525064b, node_id=0
[2026-09-19 12:29:59,853][navsim.planning.script.run_pdm_score][INFO] - Processing stage two reactive scenario 69 / 204 in thread_id=a8e04381-0770-4cea-9487-5734a525064b, node_id=0
[2026-09-19 12:30:03,023][navsim.planning.script.run_pdm_score][INFO] - Processing stage two reactive scenario 70 / 204 in thread_id=a8e04381-0770-4cea-9487-5734a525064b, node_id=0
[2026-09-19 12:30:05,662][navsim.planning.script.run_pdm_score][INFO] - Processing stage two reactive scenario 71 / 204 in thread_id=a8e04381-0770-4cea-9487-5734a525064b, node_id=0
[2026-09-19 12:30:07,524][navsim.planning.script.run_pdm_score][INFO] - Processing stage two reactive scenario 72 / 204 in thread_id=a8e04381-0770-4cea-9487-5734a525064b, node_id=0
[2026-09-19 12:30:09,908][navsim.planning.script.run_pdm_score][INFO] - Processing stage two reactive scenario 73 / 204 in thread_id=a8e04381-0770-4cea-9487-5734a525064b, node_id=0
[2026-09-19 12:30:11,560][navsim.planning.script.run_pdm_score][INFO] - Processing stage two reactive scenario 74 / 204 in thread_id=a8e04381-0770-4cea-9487-5734a525064b, node_id=0
[2026-09-19 12:30:11,881][navsim.planning.script.run_pdm_score][INFO] - Processing stage two reactive scenario 75 / 204 in thread_id=a8e04381-0770-4cea-9487-5734a525064b, node_id=0
[2026-09-19 12:30:13,518][navsim.planning.script.run_pdm_score][INFO] - Processing stage two reactive scenario 76 / 204 in thread_id=a8e04381-0770-4cea-9487-5734a525064b, node_id=0
[2026-09-19 12:30:15,596][navsim.planning.script.run_pdm_score][INFO] - Processing stage two reactive scenario 77 / 204 in thread_id=a8e04381-0770-4cea-9487-5734a525064b, node_id=0
[2026-09-19 12:30:18,231][navsim.planning.script.run_pdm_score][INFO] - Processing stage two reactive scenario 78 / 204 in thread_id=a8e04381-0770-4cea-9487-5734a525064b, node_id=0
[2026-09-19 12:30:21,852][navsim.planning.script.run_pdm_score][INFO] - Processing stage two reactive scenario 79 / 204 in thread_id=a8e04381-0770-4cea-9487-5734a525064b, node_id=0
[2026-09-19 12:30:22,385][navsim.planning.script.run_pdm_score][INFO] - Processing stage two reactive scenario 80 / 204 in thread_id=a8e04381-0770-4cea-9487-5734a525064b, node_id=0
[2026-09-19 12:30:23,803][navsim.planning.script.run_pdm_score][INFO] - Processing stage two reactive scenario 81 / 204 in thread_id=a8e04381-0770-4cea-9487-5734a525064b, node_id=0
[2026-09-19 12:30:25,590][navsim.planning.script.run_pdm_score][INFO] - Processing stage two reactive scenario 82 / 204 in thread_id=a8e04381-0770-4cea-9487-5734a525064b, node_id=0
[2026-09-19 12:30:28,843][navsim.planning.script.run_pdm_score][INFO] - Processing stage two reactive scenario 83 / 204 in thread_id=a8e04381-0770-4cea-9487-5734a525064b, node_id=0
[2026-09-19 12:30:32,618][navsim.planning.script.run_pdm_score][INFO] - Processing stage two reactive scenario 84 / 204 in thread_id=a8e04381-0770-4cea-9487-5734a525064b, node_id=0
[2026-09-19 12:30:34,047][navsim.planning.script.run_pdm_score][INFO] - Processing stage two reactive scenario 85 / 204 in thread_id=a8e04381-0770-4cea-9487-5734a525064b, node_id=0
[2026-09-19 12:30:36,175][navsim.planning.script.run_pdm_score][INFO] - Processing stage two reactive scenario 86 / 204 in thread_id=a8e04381-0770-4cea-9487-5734a525064b, node_id=0
[2026-09-19 12:30:37,042][navsim.planning.script.run_pdm_score][INFO] - Processing stage two reactive scenario 87 / 204 in thread_id=a8e04381-0770-4cea-9487-5734a525064b, node_id=0
[2026-09-19 12:30:41,081][navsim.planning.script.run_pdm_score][INFO] - Processing stage two reactive scenario 88 / 204 in thread_id=a8e04381-0770-4cea-9487-5734a525064b, node_id=0
[2026-09-19 12:30:43,286][navsim.planning.script.run_pdm_score][INFO] - Processing stage two reactive scenario 89 / 204 in thread_id=a8e04381-0770-4cea-9487-5734a525064b, node_id=0
[2026-09-19 12:30:44,722][navsim.planning.script.run_pdm_score][INFO] - Processing stage two reactive scenario 90 / 204 in thread_id=a8e04381-0770-4cea-9487-5734a525064b, node_id=0
[2026-09-19 12:30:48,150][navsim.planning.script.run_pdm_score][INFO] - Processing stage two reactive scenario 91 / 204 in thread_id=a8e04381-0770-4cea-9487-5734a525064b, node_id=0
[2026-09-19 12:30:50,984][navsim.planning.script.run_pdm_score][INFO] - Processing stage two reactive scenario 92 / 204 in thread_id=a8e04381-0770-4cea-9487-5734a525064b, node_id=0
[2026-09-19 12:30:51,294][navsim.planning.script.run_pdm_score][INFO] - Processing stage two reactive scenario 93 / 204 in thread_id=a8e04381-0770-4cea-9487-5734a525064b, node_id=0
[2026-09-19 12:30:52,101][navsim.planning.script.run_pdm_score][INFO] - Processing stage two reactive scenario 94 / 204 in thread_id=a8e04381-0770-4cea-9487-5734a525064b, node_id=0
[2026-09-19 12:30:53,852][navsim.planning.script.run_pdm_score][INFO] - Processing stage two reactive scenario 95 / 204 in thread_id=a8e04381-0770-4cea-9487-5734a525064b, node_id=0
[2026-09-19 12:30:56,527][navsim.planning.script.run_pdm_score][INFO] - Processing stage two reactive scenario 96 / 204 in thread_id=a8e04381-0770-4cea-9487-5734a525064b, node_id=0
[2026-09-19 12:30:59,229][navsim.planning.script.run_pdm_score][INFO] - Processing stage two reactive scenario 97 / 204 in thread_id=a8e04381-0770-4cea-9487-5734a525064b, node_id=0
[2026-09-19 12:30:59,967][navsim.planning.script.run_pdm_score][INFO] - Processing stage two reactive scenario 98 / 204 in thread_id=a8e04381-0770-4cea-9487-5734a525064b, node_id=0
[2026-09-19 12:31:00,966][navsim.planning.script.run_pdm_score][INFO] - Processing stage two reactive scenario 99 / 204 in thread_id=a8e04381-0770-4cea-9487-5734a525064b, node_id=0
[2026-09-19 12:31:04,711][navsim.planning.script.run_pdm_score][INFO] - Processing stage two reactive scenario 100 / 204 in thread_id=a8e04381-0770-4cea-9487-5734a525064b, node_id=0
[2026-09-19 12:31:05,119][navsim.planning.script.run_pdm_score][INFO] - Processing stage two reactive scenario 101 / 204 in thread_id=a8e04381-0770-4cea-9487-5734a525064b, node_id=0
[2026-09-19 12:31:05,698][navsim.planning.script.run_pdm_score][INFO] - Processing stage two reactive scenario 102 / 204 in thread_id=a8e04381-0770-4cea-9487-5734a525064b, node_id=0
[2026-09-19 12:31:08,349][navsim.planning.script.run_pdm_score][INFO] - Processing stage two reactive scenario 103 / 204 in thread_id=a8e04381-0770-4cea-9487-5734a525064b, node_id=0
[2026-09-19 12:31:10,428][navsim.planning.script.run_pdm_score][INFO] - Processing stage two reactive scenario 104 / 204 in thread_id=a8e04381-0770-4cea-9487-5734a525064b, node_id=0
[2026-09-19 12:31:11,327][navsim.planning.script.run_pdm_score][INFO] - Processing stage two reactive scenario 105 / 204 in thread_id=a8e04381-0770-4cea-9487-5734a525064b, node_id=0
[2026-09-19 12:31:13,777][navsim.planning.script.run_pdm_score][INFO] - Processing stage two reactive scenario 106 / 204 in thread_id=a8e04381-0770-4cea-9487-5734a525064b, node_id=0
[2026-09-19 12:31:16,463][navsim.planning.script.run_pdm_score][INFO] - Processing stage two reactive scenario 107 / 204 in thread_id=a8e04381-0770-4cea-9487-5734a525064b, node_id=0
[2026-09-19 12:31:18,403][navsim.planning.script.run_pdm_score][INFO] - Processing stage two reactive scenario 108 / 204 in thread_id=a8e04381-0770-4cea-9487-5734a525064b, node_id=0
[2026-09-19 12:31:19,168][navsim.planning.script.run_pdm_score][INFO] - Processing stage two reactive scenario 109 / 204 in thread_id=a8e04381-0770-4cea-9487-5734a525064b, node_id=0
[2026-09-19 12:31:19,900][navsim.planning.script.run_pdm_score][INFO] - Processing stage two reactive scenario 110 / 204 in thread_id=a8e04381-0770-4cea-9487-5734a525064b, node_id=0
[2026-09-19 12:31:22,498][navsim.planning.script.run_pdm_score][INFO] - Processing stage two reactive scenario 111 / 204 in thread_id=a8e04381-0770-4cea-9487-5734a525064b, node_id=0
[2026-09-19 12:31:23,912][navsim.planning.script.run_pdm_score][INFO] - Processing stage two reactive scenario 112 / 204 in thread_id=a8e04381-0770-4cea-9487-5734a525064b, node_id=0
[2026-09-19 12:31:28,355][navsim.planning.script.run_pdm_score][INFO] - Processing stage two reactive scenario 113 / 204 in thread_id=a8e04381-0770-4cea-9487-5734a525064b, node_id=0
[2026-09-19 12:31:28,873][navsim.planning.script.run_pdm_score][INFO] - Processing stage two reactive scenario 114 / 204 in thread_id=a8e04381-0770-4cea-9487-5734a525064b, node_id=0
[2026-09-19 12:31:28,977][navsim.planning.script.run_pdm_score][INFO] - Processing stage two reactive scenario 115 / 204 in thread_id=a8e04381-0770-4cea-9487-5734a525064b, node_id=0
[2026-09-19 12:31:31,168][navsim.planning.script.run_pdm_score][INFO] - Processing stage two reactive scenario 116 / 204 in thread_id=a8e04381-0770-4cea-9487-5734a525064b, node_id=0
[2026-09-19 12:31:33,250][navsim.planning.script.run_pdm_score][INFO] - Processing stage two reactive scenario 117 / 204 in thread_id=a8e04381-0770-4cea-9487-5734a525064b, node_id=0
[2026-09-19 12:31:36,509][navsim.planning.script.run_pdm_score][INFO] - Processing stage two reactive scenario 118 / 204 in thread_id=a8e04381-0770-4cea-9487-5734a525064b, node_id=0
[2026-09-19 12:31:39,852][navsim.planning.script.run_pdm_score][INFO] - Processing stage two reactive scenario 119 / 204 in thread_id=a8e04381-0770-4cea-9487-5734a525064b, node_id=0
[2026-09-19 12:31:42,656][navsim.planning.script.run_pdm_score][INFO] - Processing stage two reactive scenario 120 / 204 in thread_id=a8e04381-0770-4cea-9487-5734a525064b, node_id=0
[2026-09-19 12:31:42,821][navsim.planning.script.run_pdm_score][INFO] - Processing stage two reactive scenario 121 / 204 in thread_id=a8e04381-0770-4cea-9487-5734a525064b, node_id=0
[2026-09-19 12:31:44,106][navsim.planning.script.run_pdm_score][INFO] - Processing stage two reactive scenario 122 / 204 in thread_id=a8e04381-0770-4cea-9487-5734a525064b, node_id=0
[2026-09-19 12:31:45,710][navsim.planning.script.run_pdm_score][INFO] - Processing stage two reactive scenario 123 / 204 in thread_id=a8e04381-0770-4cea-9487-5734a525064b, node_id=0
[2026-09-19 12:31:47,406][navsim.planning.script.run_pdm_score][INFO] - Processing stage two reactive scenario 124 / 204 in thread_id=a8e04381-0770-4cea-9487-5734a525064b, node_id=0
[2026-09-19 12:31:48,383][navsim.planning.script.run_pdm_score][INFO] - Processing stage two reactive scenario 125 / 204 in thread_id=a8e04381-0770-4cea-9487-5734a525064b, node_id=0
[2026-09-19 12:31:48,914][navsim.planning.script.run_pdm_score][INFO] - Processing stage two reactive scenario 126 / 204 in thread_id=a8e04381-0770-4cea-9487-5734a525064b, node_id=0
[2026-09-19 12:31:51,010][navsim.planning.script.run_pdm_score][INFO] - Processing stage two reactive scenario 127 / 204 in thread_id=a8e04381-0770-4cea-9487-5734a525064b, node_id=0
[2026-09-19 12:31:53,137][navsim.planning.script.run_pdm_score][INFO] - Processing stage two reactive scenario 128 / 204 in thread_id=a8e04381-0770-4cea-9487-5734a525064b, node_id=0
[2026-09-19 12:31:56,380][navsim.planning.script.run_pdm_score][INFO] - Processing stage two reactive scenario 129 / 204 in thread_id=a8e04381-0770-4cea-9487-5734a525064b, node_id=0
[2026-09-19 12:31:57,363][navsim.planning.script.run_pdm_score][INFO] - Processing stage two reactive scenario 130 / 204 in thread_id=a8e04381-0770-4cea-9487-5734a525064b, node_id=0
[2026-09-19 12:31:59,080][navsim.planning.script.run_pdm_score][INFO] - Processing stage two reactive scenario 131 / 204 in thread_id=a8e04381-0770-4cea-9487-5734a525064b, node_id=0
[2026-09-19 12:32:08,488][navsim.planning.script.run_pdm_score][INFO] - Processing stage two reactive scenario 132 / 204 in thread_id=a8e04381-0770-4cea-9487-5734a525064b, node_id=0
[2026-09-19 12:32:10,623][navsim.planning.script.run_pdm_score][INFO] - Processing stage two reactive scenario 133 / 204 in thread_id=a8e04381-0770-4cea-9487-5734a525064b, node_id=0
[2026-09-19 12:32:10,957][navsim.planning.script.run_pdm_score][INFO] - Processing stage two reactive scenario 134 / 204 in thread_id=a8e04381-0770-4cea-9487-5734a525064b, node_id=0
[2026-09-19 12:32:11,636][navsim.planning.script.run_pdm_score][INFO] - Processing stage two reactive scenario 135 / 204 in thread_id=a8e04381-0770-4cea-9487-5734a525064b, node_id=0
[2026-09-19 12:32:13,449][navsim.planning.script.run_pdm_score][INFO] - Processing stage two reactive scenario 136 / 204 in thread_id=a8e04381-0770-4cea-9487-5734a525064b, node_id=0
[2026-09-19 12:32:15,165][navsim.planning.script.run_pdm_score][INFO] - Processing stage two reactive scenario 137 / 204 in thread_id=a8e04381-0770-4cea-9487-5734a525064b, node_id=0
[2026-09-19 12:32:16,790][navsim.planning.script.run_pdm_score][INFO] - Processing stage two reactive scenario 138 / 204 in thread_id=a8e04381-0770-4cea-9487-5734a525064b, node_id=0
[2026-09-19 12:32:18,833][navsim.planning.script.run_pdm_score][INFO] - Processing stage two reactive scenario 139 / 204 in thread_id=a8e04381-0770-4cea-9487-5734a525064b, node_id=0
[2026-09-19 12:32:20,636][navsim.planning.script.run_pdm_score][INFO] - Processing stage two reactive scenario 140 / 204 in thread_id=a8e04381-0770-4cea-9487-5734a525064b, node_id=0
[2026-09-19 12:32:22,598][navsim.planning.script.run_pdm_score][INFO] - Processing stage two reactive scenario 141 / 204 in thread_id=a8e04381-0770-4cea-9487-5734a525064b, node_id=0
[2026-09-19 12:32:24,151][navsim.planning.script.run_pdm_score][INFO] - Processing stage two reactive scenario 142 / 204 in thread_id=a8e04381-0770-4cea-9487-5734a525064b, node_id=0
[2026-09-19 12:32:26,882][navsim.planning.script.run_pdm_score][INFO] - Processing stage two reactive scenario 143 / 204 in thread_id=a8e04381-0770-4cea-9487-5734a525064b, node_id=0
[2026-09-19 12:32:28,789][navsim.planning.script.run_pdm_score][INFO] - Processing stage two reactive scenario 144 / 204 in thread_id=a8e04381-0770-4cea-9487-5734a525064b, node_id=0
[2026-09-19 12:32:30,643][navsim.planning.script.run_pdm_score][INFO] - Processing stage two reactive scenario 145 / 204 in thread_id=a8e04381-0770-4cea-9487-5734a525064b, node_id=0
[2026-09-19 12:32:32,531][navsim.planning.script.run_pdm_score][INFO] - Processing stage two reactive scenario 146 / 204 in thread_id=a8e04381-0770-4cea-9487-5734a525064b, node_id=0
[2026-09-19 12:32:36,337][navsim.planning.script.run_pdm_score][INFO] - Processing stage two reactive scenario 147 / 204 in thread_id=a8e04381-0770-4cea-9487-5734a525064b, node_id=0
[2026-09-19 12:32:38,930][navsim.planning.script.run_pdm_score][INFO] - Processing stage two reactive scenario 148 / 204 in thread_id=a8e04381-0770-4cea-9487-5734a525064b, node_id=0
[2026-09-19 12:32:41,023][navsim.planning.script.run_pdm_score][INFO] - Processing stage two reactive scenario 149 / 204 in thread_id=a8e04381-0770-4cea-9487-5734a525064b, node_id=0
[2026-09-19 12:32:45,518][navsim.planning.script.run_pdm_score][INFO] - Processing stage two reactive scenario 150 / 204 in thread_id=a8e04381-0770-4cea-9487-5734a525064b, node_id=0
[2026-09-19 12:32:47,537][navsim.planning.script.run_pdm_score][INFO] - Processing stage two reactive scenario 151 / 204 in thread_id=a8e04381-0770-4cea-9487-5734a525064b, node_id=0
[2026-09-19 12:32:49,672][navsim.planning.script.run_pdm_score][INFO] - Processing stage two reactive scenario 152 / 204 in thread_id=a8e04381-0770-4cea-9487-5734a525064b, node_id=0
[2026-09-19 12:32:52,439][navsim.planning.script.run_pdm_score][INFO] - Processing stage two reactive scenario 153 / 204 in thread_id=a8e04381-0770-4cea-9487-5734a525064b, node_id=0
[2026-09-19 12:32:53,961][navsim.planning.script.run_pdm_score][INFO] - Processing stage two reactive scenario 154 / 204 in thread_id=a8e04381-0770-4cea-9487-5734a525064b, node_id=0
[2026-09-19 12:32:54,826][navsim.planning.script.run_pdm_score][INFO] - Processing stage two reactive scenario 155 / 204 in thread_id=a8e04381-0770-4cea-9487-5734a525064b, node_id=0
[2026-09-19 12:32:55,861][navsim.planning.script.run_pdm_score][INFO] - Processing stage two reactive scenario 156 / 204 in thread_id=a8e04381-0770-4cea-9487-5734a525064b, node_id=0
[2026-09-19 12:32:56,863][navsim.planning.script.run_pdm_score][INFO] - Processing stage two reactive scenario 157 / 204 in thread_id=a8e04381-0770-4cea-9487-5734a525064b, node_id=0
[2026-09-19 12:32:58,778][navsim.planning.script.run_pdm_score][INFO] - Processing stage two reactive scenario 158 / 204 in thread_id=a8e04381-0770-4cea-9487-5734a525064b, node_id=0
[2026-09-19 12:33:02,532][navsim.planning.script.run_pdm_score][INFO] - Processing stage two reactive scenario 159 / 204 in thread_id=a8e04381-0770-4cea-9487-5734a525064b, node_id=0
[2026-09-19 12:33:05,051][navsim.planning.script.run_pdm_score][INFO] - Processing stage two reactive scenario 160 / 204 in thread_id=a8e04381-0770-4cea-9487-5734a525064b, node_id=0
[2026-09-19 12:33:17,911][navsim.planning.script.run_pdm_score][INFO] - Processing stage two reactive scenario 161 / 204 in thread_id=a8e04381-0770-4cea-9487-5734a525064b, node_id=0
[2026-09-19 12:33:19,614][navsim.planning.script.run_pdm_score][INFO] - Processing stage two reactive scenario 162 / 204 in thread_id=a8e04381-0770-4cea-9487-5734a525064b, node_id=0
[2026-09-19 12:33:22,096][navsim.planning.script.run_pdm_score][INFO] - Processing stage two reactive scenario 163 / 204 in thread_id=a8e04381-0770-4cea-9487-5734a525064b, node_id=0
[2026-09-19 12:33:22,448][navsim.planning.script.run_pdm_score][INFO] - Processing stage two reactive scenario 164 / 204 in thread_id=a8e04381-0770-4cea-9487-5734a525064b, node_id=0
[2026-09-19 12:33:24,483][navsim.planning.script.run_pdm_score][INFO] - Processing stage two reactive scenario 165 / 204 in thread_id=a8e04381-0770-4cea-9487-5734a525064b, node_id=0
[2026-09-19 12:33:26,987][navsim.planning.script.run_pdm_score][INFO] - Processing stage two reactive scenario 166 / 204 in thread_id=a8e04381-0770-4cea-9487-5734a525064b, node_id=0
[2026-09-19 12:33:32,673][navsim.planning.script.run_pdm_score][INFO] - Processing stage two reactive scenario 167 / 204 in thread_id=a8e04381-0770-4cea-9487-5734a525064b, node_id=0
[2026-09-19 12:33:34,149][navsim.planning.script.run_pdm_score][INFO] - Processing stage two reactive scenario 168 / 204 in thread_id=a8e04381-0770-4cea-9487-5734a525064b, node_id=0
[2026-09-19 12:33:36,378][navsim.planning.script.run_pdm_score][INFO] - Processing stage two reactive scenario 169 / 204 in thread_id=a8e04381-0770-4cea-9487-5734a525064b, node_id=0
[2026-09-19 12:33:39,829][navsim.planning.script.run_pdm_score][INFO] - Processing stage two reactive scenario 170 / 204 in thread_id=a8e04381-0770-4cea-9487-5734a525064b, node_id=0
[2026-09-19 12:33:40,720][navsim.planning.script.run_pdm_score][INFO] - Processing stage two reactive scenario 171 / 204 in thread_id=a8e04381-0770-4cea-9487-5734a525064b, node_id=0
[2026-09-19 12:33:43,203][navsim.planning.script.run_pdm_score][INFO] - Processing stage two reactive scenario 172 / 204 in thread_id=a8e04381-0770-4cea-9487-5734a525064b, node_id=0
[2026-09-19 12:33:45,614][navsim.planning.script.run_pdm_score][INFO] - Processing stage two reactive scenario 173 / 204 in thread_id=a8e04381-0770-4cea-9487-5734a525064b, node_id=0
[2026-09-19 12:33:49,823][navsim.planning.script.run_pdm_score][INFO] - Processing stage two reactive scenario 174 / 204 in thread_id=a8e04381-0770-4cea-9487-5734a525064b, node_id=0
[2026-09-19 12:33:51,295][navsim.planning.script.run_pdm_score][INFO] - Processing stage two reactive scenario 175 / 204 in thread_id=a8e04381-0770-4cea-9487-5734a525064b, node_id=0
[2026-09-19 12:33:52,789][navsim.planning.script.run_pdm_score][INFO] - Processing stage two reactive scenario 176 / 204 in thread_id=a8e04381-0770-4cea-9487-5734a525064b, node_id=0
[2026-09-19 12:33:56,880][navsim.planning.script.run_pdm_score][INFO] - Processing stage two reactive scenario 177 / 204 in thread_id=a8e04381-0770-4cea-9487-5734a525064b, node_id=0
[2026-09-19 12:33:57,710][navsim.planning.script.run_pdm_score][INFO] - Processing stage two reactive scenario 178 / 204 in thread_id=a8e04381-0770-4cea-9487-5734a525064b, node_id=0
[2026-09-19 12:33:59,664][navsim.planning.script.run_pdm_score][INFO] - Processing stage two reactive scenario 179 / 204 in thread_id=a8e04381-0770-4cea-9487-5734a525064b, node_id=0
[2026-09-19 12:34:01,280][navsim.planning.script.run_pdm_score][INFO] - Processing stage two reactive scenario 180 / 204 in thread_id=a8e04381-0770-4cea-9487-5734a525064b, node_id=0
[2026-09-19 12:34:03,749][navsim.planning.script.run_pdm_score][INFO] - Processing stage two reactive scenario 181 / 204 in thread_id=a8e04381-0770-4cea-9487-5734a525064b, node_id=0
[2026-09-19 12:34:06,750][navsim.planning.script.run_pdm_score][INFO] - Processing stage two reactive scenario 182 / 204 in thread_id=a8e04381-0770-4cea-9487-5734a525064b, node_id=0
[2026-09-19 12:34:08,384][navsim.planning.script.run_pdm_score][INFO] - Processing stage two reactive scenario 183 / 204 in thread_id=a8e04381-0770-4cea-9487-5734a525064b, node_id=0
[2026-09-19 12:34:09,470][navsim.planning.script.run_pdm_score][INFO] - Processing stage two reactive scenario 184 / 204 in thread_id=a8e04381-0770-4cea-9487-5734a525064b, node_id=0
[2026-09-19 12:34:11,265][navsim.planning.script.run_pdm_score][INFO] - Processing stage two reactive scenario 185 / 204 in thread_id=a8e04381-0770-4cea-9487-5734a525064b, node_id=0
[2026-09-19 12:34:12,839][navsim.planning.script.run_pdm_score][INFO] - Processing stage two reactive scenario 186 / 204 in thread_id=a8e04381-0770-4cea-9487-5734a525064b, node_id=0
[2026-09-19 12:34:14,227][navsim.planning.script.run_pdm_score][INFO] - Processing stage two reactive scenario 187 / 204 in thread_id=a8e04381-0770-4cea-9487-5734a525064b, node_id=0
[2026-09-19 12:34:17,109][navsim.planning.script.run_pdm_score][INFO] - Processing stage two reactive scenario 188 / 204 in thread_id=a8e04381-0770-4cea-9487-5734a525064b, node_id=0
[2026-09-19 12:34:18,827][navsim.planning.script.run_pdm_score][INFO] - Processing stage two reactive scenario 189 / 204 in thread_id=a8e04381-0770-4cea-9487-5734a525064b, node_id=0
[2026-09-19 12:34:21,145][navsim.planning.script.run_pdm_score][INFO] - Processing stage two reactive scenario 190 / 204 in thread_id=a8e04381-0770-4cea-9487-5734a525064b, node_id=0
[2026-09-19 12:34:23,281][navsim.planning.script.run_pdm_score][INFO] - Processing stage two reactive scenario 191 / 204 in thread_id=a8e04381-0770-4cea-9487-5734a525064b, node_id=0
[2026-09-19 12:34:23,670][navsim.planning.script.run_pdm_score][INFO] - Processing stage two reactive scenario 192 / 204 in thread_id=a8e04381-0770-4cea-9487-5734a525064b, node_id=0
[2026-09-19 12:34:23,919][navsim.planning.script.run_pdm_score][INFO] - Processing stage two reactive scenario 193 / 204 in thread_id=a8e04381-0770-4cea-9487-5734a525064b, node_id=0
[2026-09-19 12:34:24,903][navsim.planning.script.run_pdm_score][INFO] - Processing stage two reactive scenario 194 / 204 in thread_id=a8e04381-0770-4cea-9487-5734a525064b, node_id=0
[2026-09-19 12:34:26,040][navsim.planning.script.run_pdm_score][INFO] - Processing stage two reactive scenario 195 / 204 in thread_id=a8e04381-0770-4cea-9487-5734a525064b, node_id=0
[2026-09-19 12:34:26,133][navsim.planning.script.run_pdm_score][INFO] - Processing stage two reactive scenario 196 / 204 in thread_id=a8e04381-0770-4cea-9487-5734a525064b, node_id=0
[2026-09-19 12:34:26,608][navsim.planning.script.run_pdm_score][INFO] - Processing stage two reactive scenario 197 / 204 in thread_id=a8e04381-0770-4cea-9487-5734a525064b, node_id=0
[2026-09-19 12:34:26,917][navsim.planning.script.run_pdm_score][INFO] - Processing stage two reactive scenario 198 / 204 in thread_id=a8e04381-0770-4cea-9487-5734a525064b, node_id=0
[2026-09-19 12:34:27,735][navsim.planning.script.run_pdm_score][INFO] - Processing stage two reactive scenario 199 / 204 in thread_id=a8e04381-0770-4cea-9487-5734a525064b, node_id=0
[2026-09-19 12:34:31,006][navsim.planning.script.run_pdm_score][INFO] - Processing stage two reactive scenario 200 / 204 in thread_id=a8e04381-0770-4cea-9487-5734a525064b, node_id=0
[2026-09-19 12:34:32,974][navsim.planning.script.run_pdm_score][INFO] - Processing stage two reactive scenario 201 / 204 in thread_id=a8e04381-0770-4cea-9487-5734a525064b, node_id=0
[2026-09-19 12:34:36,901][navsim.planning.script.run_pdm_score][INFO] - Processing stage two reactive scenario 202 / 204 in thread_id=a8e04381-0770-4cea-9487-5734a525064b, node_id=0
[2026-09-19 12:34:38,459][navsim.planning.script.run_pdm_score][INFO] - Processing stage two reactive scenario 203 / 204 in thread_id=a8e04381-0770-4cea-9487-5734a525064b, node_id=0
[2026-09-19 12:34:41,138][navsim.planning.script.run_pdm_score][INFO] - Processing stage two reactive scenario 204 / 204 in thread_id=a8e04381-0770-4cea-9487-5734a525064b, node_id=0
[2026-09-19 12:34:47,021][navsim.planning.script.run_pdm_score][INFO] - 
        Finished running evaluation.
            Number of successful scenarios: 220.
            Number of failed scenarios: 0.
            Final extended pdm score of valid results: 0.18535627451651132.
            Results are stored in: C:\Users\Admin\navsim\exp\e1\R1_cv_two_stage_replicate\2026.09.19.12.34.45.csv.
        
