[gate] profile refcv7 | commit fec3a0dccfda | tree /home/nvidia/refcv7_run/fec3a0dccf
[gate] job smoke (G-LIVE, G-CKPT) -> /home/nvidia/refcv7_gate_fec3a0dccf/logs/job_smoke.log
[gate] job model (G-HYG, G-DVB, G-EVAL) -> /home/nvidia/refcv7_gate_fec3a0dccf/logs/job_model.log
[gate] job clock (G-CLOCK) -> /home/nvidia/refcv7_gate_fec3a0dccf/logs/job_clock.log
[gate] job suite (G-SUITE) -> /home/nvidia/refcv7_gate_fec3a0dccf/logs/job_suite.log
[gate] job record (G-MAP-OVERFIT, G-BOX-OVERFIT) -> /home/nvidia/refcv7_gate_fec3a0dccf/logs/job_record.log
[gate]   G-HYG    PASS
[gate]   G-DVB    PASS
[gate]   G-LIVE   PASS
[gate]   G-CLOCK  PASS
[gate]   G-EVAL   PASS
[gate]   G-CKPT   PASS
[gate]   G-SUITE  FAIL
[gate]   G-SUITE-PINNED MISSING
[gate]   G-MAP-OVERFIT PASS
[gate]   G-BOX-OVERFIT PASS
[gate]   - G-SUITE FAIL: G-SUITE (a): no Thor full-suite verdict (--suite-verdict <the suite-bind output>)
[gate] verdict FAIL -> /home/nvidia/refcv7_gate_fec3a0dccf/FAIL_fec3a0dccfda.json
ZZGATE-FAIL-fec3a0dccfdaZZ
gate rc=1 (NOT the verdict)
