[cfg] N=None BATCH=12 stride=8 conf=0.25 schema=v2 scene=['lane marking', 'road curb', 'guardrail', 'road marking'] -> Sayood/tanitad-ph0-aug120/sam3_backfill_v2/
[gap] 50/201 records read (absent so far: 29)
[gap] 100/201 records read (absent so far: 55)
[gap] 150/201 records read (absent so far: 81)
[gap] 200/201 records read (absent so far: 115)
[gap] cross-check OK: 115 SAM3-absent clips agree across records + _label_sources + _summary
[gap] fixture check OK (115 clips, derived 2026-08-16T12:36:39Z)
[gap] SAM3-absent clips: 115 of 201 records checked
[resume] far side 0 records in 1s · det 0 · scene 0 · wrong_schema 0 · wrong_conf 0 · errors 0 -> complete 0
[resume] this run: 115 clips
[assets] w120 shards located for all 115 clips
[sam3] up · conf=0.25 via ctor kwarg
[mem] sam3 load: torch.cuda.max_memory_allocated = 4.55 GB
[bank] 1/115 0089a096 90047B det=141 scene=22 err=0 live=True{'road': 1, 'sky': 1} [car:73,bus:16,pedestrian:13,traffic light:6,traffic sign:33] [road curb:17,guardrail:1,road marking:4]
[bank] 2/115 00d05901 217394B det=145 scene=338 err=0 live=True{'road': 1, 'sky': 3} [car:43,bus:1,pedestrian:7,traffic light:51,traffic sign:43] [lane marking:141,road curb:36,road marking:161]
[bank] 3/115 029ae2b0 31551B det=19 scene=13 err=0 live=True{'road': 2, 'sky': 2} [traffic sign:19] [lane marking:1,road curb:2,guardrail:6,road marking:4]
[bank] 4/115 03ba450b 36277B det=8 scene=17 err=0 live=True{'road': 2, 'sky': 1} [car:5,truck:3] [lane marking:3,road curb:8,guardrail:2,road marking:4]
[bank] 5/115 04041586 224843B det=145 scene=295 err=0 live=True{'road': 1, 'sky': 1} [car:47,truck:6,bus:1,pedestrian:4,traffic light:49,traffic sign:38] [lane marking:124,road curb:26,guardrail:10,road marking:135]
[bank] 6/115 079707d3 252371B det=133 scene=464 err=0 live=True{'road': 1, 'sky': 1} [car:53,bus:5,pedestrian:10,cyclist:2,traffic light:1,traffic sign:62] [lane marking:140,road curb:100,road marking:224]
[bank] 7/115 093bfa29 163710B det=29 scene=237 err=0 live=True{'road': 3, 'sky': 1} [car:17,truck:1,pedestrian:1,traffic light:2,traffic sign:8] [lane marking:97,road curb:36,guardrail:1,road marking:103]
[bank] 8/115 0cd622e0 104532B det=15 scene=99 err=0 live=True{'road': 1, 'sky': 3} [car:12,truck:1,traffic sign:2] [lane marking:37,road curb:20,guardrail:2,road marking:40]
[bank] 9/115 0db41740 10145B det=3 scene=0 err=0 live=True{'road': 2, 'sky': 1} [car:1,truck:2] [none]
[bank] 10/115 0db8dd88 154427B det=20 scene=217 err=0 live=True{'road': 1, 'sky': 4} [car:5,truck:3,bus:1,traffic sign:11] [lane marking:108,road curb:5,guardrail:3,road marking:101]
[bank] 11/115 12bb97af 167569B det=101 scene=171 err=0 live=True{'road': 1, 'sky': 1} [car:71,truck:8,bus:2,pedestrian:4,traffic sign:16] [lane marking:60,road curb:24,guardrail:20,road marking:67]
[bank] 12/115 14bc3af3 123973B det=9 scene=309 err=0 live=True{'road': 1, 'sky': 1} [car:1,traffic sign:8] [lane marking:148,road curb:2,road marking:159]
[mem] after batch b00000: torch.cuda.max_memory_allocated = 4.56 GB
[bank] 13/115 15a65b76 151525B det=129 scene=117 err=0 live=True{'road': 1, 'sky': 1} [car:38,truck:88,traffic light:3] [lane marking:51,road curb:25,road marking:41]
[bank] 14/115 15ac5a34 213408B det=210 scene=198 err=0 live=True{'road': 2, 'sky': 1} [car:4,pedestrian:11,traffic light:95,traffic sign:100] [lane marking:54,road curb:31,guardrail:32,road marking:81]
[bank] 15/115 20070bb6 115478B det=45 scene=87 err=0 live=True{'road': 1, 'sky': 1} [car:21,truck:10,bus:8,traffic sign:6] [lane marking:29,road curb:24,guardrail:5,road marking:29]
[bank] 16/115 20f3e589 109063B det=28 scene=94 err=0 live=True{'road': 1, 'sky': 1} [car:22,truck:4,traffic sign:2] [lane marking:29,road curb:20,guardrail:13,road marking:32]
[bank] 17/115 20f7710a 75775B det=32 scene=40 err=0 live=True{'road': 2, 'sky': 2} [car:32] [lane marking:6,road curb:24,guardrail:1,road marking:9]
[bank] 18/115 21dd9ee8 301337B det=134 scene=515 err=0 live=True{'road': 2, 'sky': 1} [car:61,bus:1,pedestrian:12,traffic light:23,traffic sign:37] [lane marking:216,road curb:33,guardrail:14,road marking:252]
[bank] 19/115 24b6948f 151949B det=44 scene=219 err=0 live=True{'road': 2, 'sky': 0} [car:17,pedestrian:3,traffic light:10,traffic sign:14] [lane marking:106,road curb:11,guardrail:11,road marking:91]
[bank] 20/115 26245a32 144675B det=71 scene=128 err=0 live=True{'road': 2, 'sky': 1} [car:39,truck:22,bus:9,traffic sign:1] [lane marking:50,road curb:6,guardrail:20,road marking:52]
[bank] 21/115 26481faf 212211B det=173 scene=225 err=0 live=True{'road': 3, 'sky': 1} [car:50,truck:1,pedestrian:37,cyclist:8,traffic light:46,traffic sign:31] [lane marking:84,road curb:31,guardrail:1,road marking:109]
[bank] 22/115 269478eb 258492B det=198 scene=323 err=0 live=True{'road': 7, 'sky': 1} [car:50,truck:7,bus:3,pedestrian:7,cyclist:3,traffic light:57,traffic sign:71] [lane marking:109,road curb:51,guardrail:1,road marking:162]
[bank] 23/115 2844b027 156890B det=20 scene=152 err=0 live=True{'road': 1, 'sky': 1} [car:19,truck:1] [lane marking:56,road curb:10,guardrail:34,road marking:52]
[bank] 24/115 2bc52cd7 100222B det=6 scene=206 err=0 live=True{'road': 1, 'sky': 1} [car:6] [lane marking:94,road curb:16,guardrail:1,road marking:95]
[mem] after batch b00012: torch.cuda.max_memory_allocated = 4.57 GB
[bank] 25/115 2d6a15f2 102998B det=39 scene=77 err=0 live=True{'road': 1, 'sky': 1} [car:38,pedestrian:1] [lane marking:15,road curb:35,road marking:27]
[bank] 26/115 2ea756cd 211168B det=90 scene=350 err=0 live=True{'road': 3, 'sky': 1} [car:55,truck:8,bus:3,pedestrian:1,traffic light:4,traffic sign:19] [lane marking:154,road curb:5,guardrail:33,road marking:158]
[bank] 27/115 306f1312 121159B det=120 scene=88 err=0 live=True{'road': 1, 'sky': 1} [car:58,truck:5,bus:6,pedestrian:5,traffic light:37,traffic sign:9] [lane marking:14,road curb:46,road marking:28]
[bank] 28/115 31308c82 134620B det=26 scene=283 err=0 live=True{'road': 1, 'sky': 1} [car:20,truck:6] [lane marking:139,guardrail:6,road marking:138]
[bank] 29/115 323cae17 96644B det=12 scene=107 err=0 live=True{'road': 1, 'sky': 2} [car:6,traffic sign:6] [lane marking:35,road curb:17,guardrail:14,road marking:41]
[bank] 30/115 34be5130 279530B det=80 scene=428 err=0 live=True{'road': 1, 'sky': 2} [car:58,truck:7,bus:1,pedestrian:2,traffic sign:12] [lane marking:181,road curb:43,guardrail:21,road marking:183]
[bank] 31/115 3749d5ee 127436B det=171 scene=61 err=0 live=True{'road': 4, 'sky': 3} [car:34,truck:1,pedestrian:51,traffic light:32,traffic sign:53] [lane marking:17,road curb:10,guardrail:1,road marking:33]
[bank] 32/115 38aac500 191903B det=4 scene=501 err=0 live=True{'road': 4, 'sky': 1} [car:4] [lane marking:250,road curb:1,road marking:250]
[bank] 33/115 3a0165bd 217085B det=66 scene=310 err=0 live=True{'road': 1, 'sky': 1} [car:11,traffic sign:55] [lane marking:103,road curb:65,guardrail:15,road marking:127]
[bank] 34/115 3dc38c0d 31465B det=1 scene=36 err=0 live=True{'road': 3, 'sky': 1} [pedestrian:1] [lane marking:17,road marking:19]
[bank] 35/115 3f30315a 197267B det=163 scene=258 err=0 live=True{'road': 2, 'sky': 1} [car:45,truck:6,pedestrian:51,cyclist:3,traffic sign:58] [lane marking:43,road curb:53,road marking:162]
[bank] 36/115 42745b48 113769B det=53 scene=114 err=0 live=True{'road': 1, 'sky': 1} [car:44,truck:2,bus:1,traffic sign:6] [lane marking:31,road curb:45,guardrail:1,road marking:37]
[mem] after batch b00024: torch.cuda.max_memory_allocated = 4.56 GB
[bank] 37/115 45ba2b63 128949B det=44 scene=135 err=0 live=True{'road': 3, 'sky': 1} [car:20,truck:1,traffic sign:23] [lane marking:57,road curb:8,guardrail:17,road marking:53]
[bank] 38/115 4985e64a 191739B det=114 scene=206 err=0 live=True{'road': 3, 'sky': 3} [car:69,pedestrian:8,traffic light:13,traffic sign:24] [lane marking:73,road curb:46,guardrail:11,road marking:76]
[bank] 39/115 49bacc1f 136304B det=144 scene=104 err=0 live=True{'road': 3, 'sky': 1} [car:110,truck:2,pedestrian:4,traffic sign:28] [lane marking:23,road curb:53,guardrail:1,road marking:27]
[bank] 40/115 49dc9b80 228530B det=213 scene=184 err=0 live=True{'road': 2, 'sky': 1} [car:91,pedestrian:12,traffic light:57,traffic sign:53] [lane marking:22,road curb:50,guardrail:7,road marking:105]
[bank] 41/115 4d58621f 115956B det=175 scene=42 err=0 live=True{'road': 3, 'sky': 1} [car:57,truck:3,bus:1,pedestrian:7,traffic light:48,traffic sign:59] [lane marking:16,road curb:6,road marking:20]
[bank] 42/115 51fd1c9f 125835B det=12 scene=169 err=0 live=True{'road': 1, 'sky': 1} [car:8,traffic sign:4] [lane marking:74,road curb:2,guardrail:16,road marking:77]
[bank] 43/115 5205b292 336131B det=188 scene=610 err=0 live=True{'road': 1, 'sky': 1} [car:87,truck:1,pedestrian:5,cyclist:3,traffic light:47,traffic sign:45] [lane marking:241,road curb:69,guardrail:2,road marking:298]
[bank] 44/115 5411ccd9 33638B det=2 scene=22 err=0 live=True{'road': 3, 'sky': 2} [car:2] [guardrail:22]
[bank] 45/115 559b4123 142461B det=118 scene=114 err=0 live=True{'road': 5, 'sky': 2} [car:77,truck:7,bus:4,traffic sign:30] [lane marking:37,road curb:33,road marking:44]
[bank] 46/115 566a3afd 58265B det=0 scene=72 err=0 live=True{'road': 1, 'sky': 2} [none] [lane marking:34,road curb:3,road marking:35]
[bank] 47/115 58f2d1eb 192441B det=76 scene=342 err=0 live=True{'road': 1, 'sky': 1} [car:23,truck:25,traffic light:5,traffic sign:23] [lane marking:145,road curb:6,guardrail:34,road marking:157]
[bank] 48/115 5a035000 156368B det=87 scene=178 err=0 live=True{'road': 1, 'sky': 1} [car:26,traffic light:15,traffic sign:46] [lane marking:77,road curb:19,guardrail:5,road marking:77]
[mem] after batch b00036: torch.cuda.max_memory_allocated = 4.56 GB
[bank] 49/115 5b4eef8f 100948B det=7 scene=169 err=0 live=True{'road': 2, 'sky': 2} [car:6,cyclist:1] [lane marking:83,road curb:4,road marking:82]
[bank] 50/115 5c8bdfdc 131074B det=98 scene=89 err=0 live=True{'road': 2, 'sky': 1} [car:32,bus:2,pedestrian:2,traffic light:2,traffic sign:60] [lane marking:33,road curb:19,road marking:37]
[bank] 51/115 5ead1fa8 159431B det=77 scene=220 err=0 live=True{'road': 4, 'sky': 1} [car:64,truck:1,traffic sign:12] [lane marking:79,road curb:48,road marking:93]
[bank] 52/115 652024fc 279691B det=184 scene=457 err=0 live=True{'road': 4, 'sky': 1} [car:82,truck:6,pedestrian:6,traffic light:30,traffic sign:60] [lane marking:192,road curb:32,guardrail:43,road marking:190]
[bank] 53/115 6568c4ff 80019B det=50 scene=53 err=0 live=True{'road': 2, 'sky': 1} [car:27,truck:3,pedestrian:4,traffic sign:16] [road curb:29,guardrail:20,road marking:4]
[bank] 54/115 66e4d574 180380B det=127 scene=185 err=0 live=True{'road': 4, 'sky': 1} [car:110,truck:1,bus:1,pedestrian:2,traffic light:12,traffic sign:1] [lane marking:72,road curb:48,guardrail:1,road marking:64]
[bank] 55/115 675d5397 113470B det=4 scene=112 err=0 live=True{'road': 1, 'sky': 7} [car:4] [lane marking:46,road curb:10,guardrail:1,road marking:55]
[bank] 56/115 695081db 205188B det=142 scene=189 err=0 live=True{'road': 3, 'sky': 1} [car:111,pedestrian:7,traffic sign:24] [lane marking:63,road curb:41,guardrail:4,road marking:81]
[bank] 57/115 69f12ef3 62115B det=8 scene=76 err=0 live=True{'road': 4, 'sky': 1} [car:7,truck:1] [lane marking:34,guardrail:7,road marking:35]
[bank] 58/115 6a4ea986 260249B det=176 scene=400 err=0 live=True{'road': 3, 'sky': 1} [car:89,truck:10,bus:1,pedestrian:9,traffic light:35,traffic sign:32] [lane marking:144,road curb:64,guardrail:1,road marking:191]
[bank] 59/115 6e97691a 42827B det=51 scene=17 err=0 live=True{'road': 1, 'sky': 1} [car:30,truck:3,pedestrian:3,traffic light:7,traffic sign:8] [road curb:15,road marking:2]
[bank] 60/115 71415a38 209309B det=126 scene=257 err=0 live=True{'road': 6, 'sky': 1} [car:94,truck:1,pedestrian:3,traffic sign:28] [lane marking:109,road curb:18,guardrail:24,road marking:106]
[mem] after batch b00048: torch.cuda.max_memory_allocated = 4.57 GB
[bank] 61/115 74016b73 241889B det=149 scene=315 err=0 live=True{'road': 1, 'sky': 2} [car:76,pedestrian:16,traffic light:24,traffic sign:33] [lane marking:130,road curb:29,guardrail:5,road marking:151]
[bank] 62/115 743d32ea 268346B det=123 scene=445 err=0 live=True{'road': 1, 'sky': 1} [car:34,truck:2,pedestrian:22,cyclist:1,traffic light:16,traffic sign:48] [lane marking:208,road curb:30,road marking:207]
[bank] 63/115 7ac17311 138246B det=113 scene=106 err=0 live=True{'road': 3, 'sky': 1} [car:61,truck:1,pedestrian:13,traffic sign:38] [lane marking:22,road curb:36,guardrail:9,road marking:39]
[bank] 64/115 814c2f74 209415B det=300 scene=112 err=0 live=True{'road': 2, 'sky': 3} [car:106,truck:6,pedestrian:97,traffic light:21,traffic sign:70] [lane marking:28,road curb:53,road marking:31]
[bank] 65/115 82b05887 64985B det=22 scene=59 err=0 live=True{'road': 2, 'sky': 2} [car:18,pedestrian:1,traffic sign:3] [lane marking:15,road curb:26,guardrail:1,road marking:17]
[bank] 66/115 83224d73 181092B det=1 scene=239 err=0 live=True{'road': 1, 'sky': 1} [car:1] [lane marking:102,road curb:29,guardrail:7,road marking:101]
[bank] 67/115 855fded3 114560B det=24 scene=92 err=0 live=True{'road': 3, 'sky': 2} [car:22,traffic sign:2] [lane marking:13,road curb:52,guardrail:7,road marking:20]
[bank] 68/115 85b2c653 175797B det=54 scene=316 err=0 live=True{'road': 3, 'sky': 1} [car:37,truck:3,pedestrian:4,traffic sign:10] [lane marking:130,road curb:50,road marking:136]
[bank] 69/115 8716a7d8 216025B det=71 scene=370 err=0 live=True{'road': 2, 'sky': 1} [car:26,truck:4,bus:1,pedestrian:2,traffic light:7,traffic sign:31] [lane marking:156,road curb:30,guardrail:1,road marking:183]
[bank] 70/115 8af0c04b 147281B det=36 scene=179 err=0 live=True{'road': 3, 'sky': 1} [car:17,traffic light:1,traffic sign:18] [lane marking:26,road curb:46,guardrail:61,road marking:46]
[bank] 71/115 8dc5d14d 195755B det=144 scene=193 err=0 live=True{'road': 4, 'sky': 3} [car:62,truck:13,pedestrian:1,traffic light:26,traffic sign:42] [lane marking:74,road curb:43,road marking:76]
[bank] 72/115 8f5df500 180072B det=137 scene=174 err=0 live=True{'road': 2, 'sky': 1} [car:73,pedestrian:32,cyclist:7,traffic light:1,traffic sign:24] [lane marking:44,road curb:57,guardrail:19,road marking:54]
[mem] after batch b00060: torch.cuda.max_memory_allocated = 4.56 GB
[bank] 73/115 900c1992 182573B det=73 scene=197 err=0 live=True{'road': 3, 'sky': 1} [car:32,truck:4,bus:1,pedestrian:2,traffic light:17,traffic sign:17] [lane marking:79,road curb:44,guardrail:4,road marking:70]
[bank] 74/115 97e6c22b 154112B det=31 scene=228 err=0 live=True{'road': 1, 'sky': 1} [car:8,truck:4,bus:1,traffic sign:18] [lane marking:106,road curb:13,guardrail:4,road marking:105]
[bank] 75/115 9c50f803 100234B det=18 scene=149 err=0 live=True{'road': 2, 'sky': 1} [car:17,traffic sign:1] [lane marking:61,road curb:5,guardrail:23,road marking:60]
[bank] 76/115 9e00b16b 243476B det=52 scene=391 err=0 live=True{'road': 2, 'sky': 1} [car:38,truck:3,pedestrian:1,traffic light:3,traffic sign:7] [lane marking:158,road curb:57,guardrail:13,road marking:163]
[bank] 77/115 9fd33e76 75563B det=74 scene=22 err=0 live=True{'road': 1, 'sky': 6} [car:52,truck:7,pedestrian:2,traffic sign:13] [lane marking:2,guardrail:17,road marking:3]
[bank] 78/115 a6b2719b 162888B det=62 scene=226 err=0 live=True{'road': 2, 'sky': 2} [car:38,pedestrian:4,traffic light:14,traffic sign:6] [lane marking:72,road curb:48,guardrail:3,road marking:103]
