{
 "tag": "MEASURED",
 "controls": {
  "K1": true,
  "K2": true,
  "K3": true,
  "K4": true,
  "K5": true,
  "K6": true
 },
 "reading": {
  "S1_DAC": {
   "F": 0.9192982456140351,
   "band": "SELECTION",
   "PTI_population": 0.7430384930384931,
   "R4": 0.07280701754385965,
   "selection_dominant": false,
   "free_lever_E9_graft_off_decoder_pick": false,
   "selector_blind_rank_median_gt_30": false,
   "mild_rerank_top5_ge_0.5": true
  },
  "S2_NC": {
   "F": 0.7199124726477024,
   "band": "SELECTION",
   "SLOWER": 0.9300911854103343,
   "reading": "speed commit (selector speed / L3 / L1 lon)",
   "R4": 0.022975929978118162
  }
 }
}
