{
 "v7.2_train": {
  "records": 4572,
  "records_ok": true,
  "speed_limit_flags": 69,
  "valued_clips": 43,
  "valued_and_flagged": 41,
  "valued_not_flagged": 2,
  "by_system": {
   "Vienna_circle_kmh": 42,
   "US_MUTCD_mph": 1
  },
  "by_daynight": {
   "day": 25,
   "night": 18
  },
  "clips_all_legal": 43,
  "clips_multi_value": 0,
  "value_hist": {
   "50": 8,
   "30": 13,
   "100": 3,
   "70": 5,
   "20": 2,
   "60": 6,
   "80": 1,
   "40": 3,
   "120": 1,
   "35": 1
  }
 },
 "v7.2_eval": {
  "records": 147,
  "records_ok": true,
  "speed_limit_flags": 0,
  "valued_clips": 0,
  "valued_and_flagged": 0,
  "valued_not_flagged": 0,
  "by_system": {},
  "by_daynight": {},
  "clips_all_legal": 0,
  "clips_multi_value": 0,
  "value_hist": {}
 }
}
{"vienna_valued_train": 42, "legal_frac_train": 1.0, "controls_ok": true, "fires": "SPECIFIED", "quoted_31_reproduces": false}
