[wait 1] sibling refav1_arm procs=2 gpu_used_MiB=5645  2026-09-05T14:03:03Z
[wait 2] sibling refav1_arm procs=2 gpu_used_MiB=5645  2026-09-05T14:03:13Z
[wait 3] sibling refav1_arm procs=2 gpu_used_MiB=5645  2026-09-05T14:03:24Z
[wait 4] sibling refav1_arm procs=2 gpu_used_MiB=5645  2026-09-05T14:03:35Z
[wait 5] sibling refav1_arm procs=2 gpu_used_MiB=5645  2026-09-05T14:03:45Z
[wait 6] sibling refav1_arm procs=2 gpu_used_MiB=5645  2026-09-05T14:03:56Z
[wait 7] sibling refav1_arm procs=2 gpu_used_MiB=5650  2026-09-05T14:04:07Z
[wait 8] sibling refav1_arm procs=2 gpu_used_MiB=5646  2026-09-05T14:04:17Z
[wait 9] sibling refav1_arm procs=2 gpu_used_MiB=5646  2026-09-05T14:04:28Z
[wait 10] sibling refav1_arm procs=2 gpu_used_MiB=5646  2026-09-05T14:04:39Z
[wait 11] sibling refav1_arm procs=2 gpu_used_MiB=5645  2026-09-05T14:04:49Z
[wait 12] sibling refav1_arm procs=2 gpu_used_MiB=5645  2026-09-05T14:05:00Z
[wait 13] sibling refav1_arm procs=2 gpu_used_MiB=5645  2026-09-05T14:05:10Z
[wait 14] sibling refav1_arm procs=2 gpu_used_MiB=5646  2026-09-05T14:05:21Z
[wait 15] sibling refav1_arm procs=2 gpu_used_MiB=5648  2026-09-05T14:05:32Z
[wait 16] sibling refav1_arm procs=2 gpu_used_MiB=5647  2026-09-05T14:05:42Z
[wait 17] sibling refav1_arm procs=2 gpu_used_MiB=5705  2026-09-05T14:05:53Z
[wait 18] sibling refav1_arm procs=2 gpu_used_MiB=5710  2026-09-05T14:06:04Z
[wait 19] sibling refav1_arm procs=2 gpu_used_MiB=5707  2026-09-05T14:06:14Z
[wait 20] sibling refav1_arm procs=2 gpu_used_MiB=5707  2026-09-05T14:06:25Z
[wait 21] sibling refav1_arm procs=2 gpu_used_MiB=5707  2026-09-05T14:06:36Z
[wait 22] sibling refav1_arm procs=2 gpu_used_MiB=5718  2026-09-05T14:06:46Z
[wait 23] sibling refav1_arm procs=2 gpu_used_MiB=5707  2026-09-05T14:06:57Z
[wait 24] sibling refav1_arm procs=2 gpu_used_MiB=5707  2026-09-05T14:07:08Z
[wait 25] sibling refav1_arm procs=2 gpu_used_MiB=5401  2026-09-05T14:07:18Z
[wait 26] sibling refav1_arm procs=2 gpu_used_MiB=5400  2026-09-05T14:07:29Z
[wait 27] sibling refav1_arm procs=2 gpu_used_MiB=5400  2026-09-05T14:07:39Z
[wait 28] sibling refav1_arm procs=2 gpu_used_MiB=5400  2026-09-05T14:07:50Z
[wait 29] sibling refav1_arm procs=2 gpu_used_MiB=5704  2026-09-05T14:08:01Z
[wait 30] sibling refav1_arm procs=2 gpu_used_MiB=5714  2026-09-05T14:08:11Z
[wait 31] sibling refav1_arm procs=2 gpu_used_MiB=5704  2026-09-05T14:08:22Z
[wait 32] sibling refav1_arm procs=2 gpu_used_MiB=5704  2026-09-05T14:08:33Z
[wait 33] sibling refav1_arm procs=2 gpu_used_MiB=5704  2026-09-05T14:08:43Z
[wait 34] sibling refav1_arm procs=2 gpu_used_MiB=5704  2026-09-05T14:08:54Z
[wait 35] sibling refav1_arm procs=2 gpu_used_MiB=5704  2026-09-05T14:09:05Z
[wait 36] sibling refav1_arm procs=2 gpu_used_MiB=5705  2026-09-05T14:09:16Z
[wait 37] sibling refav1_arm procs=2 gpu_used_MiB=5705  2026-09-05T14:09:26Z
[wait 38] sibling refav1_arm procs=2 gpu_used_MiB=5705  2026-09-05T14:09:37Z
[wait 39] sibling refav1_arm procs=2 gpu_used_MiB=5704  2026-09-05T14:09:48Z
[wait 40] sibling refav1_arm procs=2 gpu_used_MiB=5705  2026-09-05T14:09:59Z
[wait 41] sibling refav1_arm procs=2 gpu_used_MiB=5711  2026-09-05T14:10:09Z
[wait 42] sibling refav1_arm procs=2 gpu_used_MiB=5779  2026-09-05T14:10:20Z
[wait 43] sibling refav1_arm procs=2 gpu_used_MiB=5780  2026-09-05T14:10:30Z
[wait 44] sibling refav1_arm procs=2 gpu_used_MiB=5788  2026-09-05T14:10:41Z
[wait 45] sibling refav1_arm procs=2 gpu_used_MiB=5781  2026-09-05T14:10:52Z
[wait 46] sibling refav1_arm procs=2 gpu_used_MiB=5780  2026-09-05T14:11:02Z
[wait 47] sibling refav1_arm procs=2 gpu_used_MiB=5780  2026-09-05T14:11:13Z
[wait 48] sibling refav1_arm procs=2 gpu_used_MiB=5780  2026-09-05T14:11:24Z
[wait 49] sibling refav1_arm procs=2 gpu_used_MiB=5784  2026-09-05T14:11:34Z
[wait 50] sibling refav1_arm procs=2 gpu_used_MiB=5779  2026-09-05T14:11:45Z
[wait 51] sibling refav1_arm procs=2 gpu_used_MiB=5779  2026-09-05T14:11:56Z
[wait 52] sibling refav1_arm procs=2 gpu_used_MiB=5779  2026-09-05T14:12:06Z
[wait 53] sibling refav1_arm procs=2 gpu_used_MiB=5779  2026-09-05T14:12:17Z
[wait 54] sibling refav1_arm procs=2 gpu_used_MiB=5779  2026-09-05T14:12:28Z
[wait 55] sibling refav1_arm procs=2 gpu_used_MiB=5779  2026-09-05T14:12:39Z
[wait 56] sibling refav1_arm procs=2 gpu_used_MiB=5779  2026-09-05T14:12:50Z
[wait 57] sibling refav1_arm procs=2 gpu_used_MiB=5525  2026-09-05T14:13:00Z
[wait 58] sibling refav1_arm procs=2 gpu_used_MiB=5525  2026-09-05T14:13:11Z
[wait 59] sibling refav1_arm procs=2 gpu_used_MiB=5525  2026-09-05T14:13:21Z
[wait 60] sibling refav1_arm procs=2 gpu_used_MiB=5525  2026-09-05T14:13:32Z
[wait 61] sibling refav1_arm procs=2 gpu_used_MiB=5525  2026-09-05T14:13:43Z
[wait 62] sibling refav1_arm procs=2 gpu_used_MiB=5525  2026-09-05T14:13:53Z
[wait 63] sibling refav1_arm procs=2 gpu_used_MiB=5525  2026-09-05T14:14:04Z
[wait 64] sibling refav1_arm procs=2 gpu_used_MiB=5525  2026-09-05T14:14:14Z
[wait 65] sibling refav1_arm procs=2 gpu_used_MiB=5525  2026-09-05T14:14:25Z
[wait 66] sibling refav1_arm procs=2 gpu_used_MiB=5535  2026-09-05T14:14:36Z
[wait 67] sibling refav1_arm procs=2 gpu_used_MiB=5526  2026-09-05T14:14:46Z
[wait 68] sibling refav1_arm procs=2 gpu_used_MiB=5529  2026-09-05T14:14:57Z
[wait 69] sibling refav1_arm procs=2 gpu_used_MiB=5525  2026-09-05T14:15:07Z
[wait 70] sibling refav1_arm procs=2 gpu_used_MiB=5525  2026-09-05T14:15:18Z
[wait 71] sibling refav1_arm procs=2 gpu_used_MiB=5525  2026-09-05T14:15:29Z
[wait 72] sibling refav1_arm procs=2 gpu_used_MiB=5527  2026-09-05T14:15:39Z
[wait 73] sibling refav1_arm procs=2 gpu_used_MiB=5526  2026-09-05T14:15:50Z
[wait 74] sibling refav1_arm procs=2 gpu_used_MiB=5526  2026-09-05T14:16:00Z
[wait 75] sibling refav1_arm procs=2 gpu_used_MiB=5526  2026-09-05T14:16:11Z
[wait 76] sibling refav1_arm procs=2 gpu_used_MiB=5527  2026-09-05T14:16:22Z
[wait 77] sibling refav1_arm procs=2 gpu_used_MiB=5526  2026-09-05T14:16:32Z
[wait 78] sibling refav1_arm procs=2 gpu_used_MiB=5526  2026-09-05T14:16:43Z
[wait 79] sibling refav1_arm procs=2 gpu_used_MiB=5526  2026-09-05T14:16:53Z
[wait 80] sibling refav1_arm procs=2 gpu_used_MiB=5526  2026-09-05T14:17:04Z
[wait 81] sibling refav1_arm procs=2 gpu_used_MiB=5526  2026-09-05T14:17:15Z
[wait 82] sibling refav1_arm procs=2 gpu_used_MiB=5526  2026-09-05T14:17:25Z
[wait 83] sibling refav1_arm procs=2 gpu_used_MiB=5526  2026-09-05T14:17:36Z
[wait 84] sibling refav1_arm procs=2 gpu_used_MiB=5526  2026-09-05T14:17:47Z
[wait 85] sibling refav1_arm procs=2 gpu_used_MiB=5535  2026-09-05T14:17:57Z
[wait 86] sibling refav1_arm procs=2 gpu_used_MiB=5526  2026-09-05T14:18:08Z
[wait 87] sibling refav1_arm procs=2 gpu_used_MiB=5530  2026-09-05T14:18:18Z
[wait 88] sibling refav1_arm procs=2 gpu_used_MiB=5525  2026-09-05T14:18:29Z
[wait 89] sibling refav1_arm procs=2 gpu_used_MiB=5525  2026-09-05T14:18:40Z
[wait 90] sibling refav1_arm procs=2 gpu_used_MiB=5530  2026-09-05T14:18:50Z
[wait 91] sibling refav1_arm procs=2 gpu_used_MiB=5529  2026-09-05T14:19:01Z
[wait 92] sibling refav1_arm procs=2 gpu_used_MiB=5524  2026-09-05T14:19:12Z
[wait 93] sibling refav1_arm procs=2 gpu_used_MiB=5524  2026-09-05T14:19:22Z
[wait 94] sibling refav1_arm procs=2 gpu_used_MiB=5524  2026-09-05T14:19:33Z
[wait 95] sibling refav1_arm procs=2 gpu_used_MiB=5529  2026-09-05T14:19:43Z
[wait 96] sibling refav1_arm procs=2 gpu_used_MiB=5538  2026-09-05T14:19:54Z
[wait 97] sibling refav1_arm procs=2 gpu_used_MiB=5534  2026-09-05T14:20:05Z
[wait 98] sibling refav1_arm procs=2 gpu_used_MiB=5526  2026-09-05T14:20:15Z
[wait 99] sibling refav1_arm procs=2 gpu_used_MiB=5526  2026-09-05T14:20:26Z
[wait 100] sibling refav1_arm procs=2 gpu_used_MiB=5530  2026-09-05T14:20:36Z
[wait 101] sibling refav1_arm procs=2 gpu_used_MiB=5529  2026-09-05T14:20:47Z
[wait 102] sibling refav1_arm procs=2 gpu_used_MiB=5524  2026-09-05T14:20:58Z
[wait 103] sibling refav1_arm procs=2 gpu_used_MiB=5524  2026-09-05T14:21:08Z
[wait 104] sibling refav1_arm procs=2 gpu_used_MiB=5524  2026-09-05T14:21:19Z
[wait 105] sibling refav1_arm procs=2 gpu_used_MiB=5526  2026-09-05T14:21:29Z
[wait 106] sibling refav1_arm procs=2 gpu_used_MiB=5535  2026-09-05T14:21:40Z
[wait 107] sibling refav1_arm procs=2 gpu_used_MiB=5526  2026-09-05T14:21:51Z
[wait 108] sibling refav1_arm procs=2 gpu_used_MiB=5530  2026-09-05T14:22:01Z
[wait 109] sibling refav1_arm procs=2 gpu_used_MiB=5525  2026-09-05T14:22:12Z
[wait 110] sibling refav1_arm procs=2 gpu_used_MiB=5526  2026-09-05T14:22:22Z
[wait 111] sibling refav1_arm procs=2 gpu_used_MiB=5526  2026-09-05T14:22:33Z
[wait 112] sibling refav1_arm procs=2 gpu_used_MiB=5526  2026-09-05T14:22:44Z
[wait 113] sibling refav1_arm procs=2 gpu_used_MiB=5531  2026-09-05T14:22:54Z
[wait 114] sibling refav1_arm procs=2 gpu_used_MiB=5525  2026-09-05T14:23:05Z
[wait 115] sibling refav1_arm procs=2 gpu_used_MiB=5525  2026-09-05T14:23:16Z
[wait 116] sibling refav1_arm procs=2 gpu_used_MiB=5524  2026-09-05T14:23:26Z
[wait 117] sibling refav1_arm procs=2 gpu_used_MiB=5524  2026-09-05T14:23:37Z
[wait 118] sibling refav1_arm procs=2 gpu_used_MiB=5524  2026-09-05T14:23:47Z
[wait 119] sibling refav1_arm procs=2 gpu_used_MiB=5524  2026-09-05T14:23:58Z
[wait 120] sibling refav1_arm procs=2 gpu_used_MiB=5525  2026-09-05T14:24:09Z
[wait 121] sibling refav1_arm procs=2 gpu_used_MiB=5525  2026-09-05T14:24:19Z
[wait 122] sibling refav1_arm procs=2 gpu_used_MiB=5525  2026-09-05T14:24:30Z
[wait 123] sibling refav1_arm procs=2 gpu_used_MiB=5526  2026-09-05T14:24:40Z
[wait 124] sibling refav1_arm procs=2 gpu_used_MiB=5526  2026-09-05T14:24:51Z
[wait 125] sibling refav1_arm procs=2 gpu_used_MiB=5526  2026-09-05T14:25:02Z
[wait 126] sibling refav1_arm procs=2 gpu_used_MiB=5700  2026-09-05T14:25:12Z
[wait 127] sibling refav1_arm procs=2 gpu_used_MiB=5699  2026-09-05T14:25:23Z
[wait 128] sibling refav1_arm procs=2 gpu_used_MiB=5699  2026-09-05T14:25:34Z
[wait 129] sibling refav1_arm procs=2 gpu_used_MiB=5524  2026-09-05T14:25:44Z
[wait 130] sibling refav1_arm procs=2 gpu_used_MiB=5525  2026-09-05T14:25:55Z
[wait 131] sibling refav1_arm procs=2 gpu_used_MiB=5525  2026-09-05T14:26:05Z
[wait 132] sibling refav1_arm procs=2 gpu_used_MiB=5538  2026-09-05T14:26:16Z
[wait 133] sibling refav1_arm procs=2 gpu_used_MiB=5526  2026-09-05T14:26:27Z
[wait 134] sibling refav1_arm procs=2 gpu_used_MiB=5526  2026-09-05T14:26:37Z
[wait 135] sibling refav1_arm procs=2 gpu_used_MiB=5526  2026-09-05T14:26:48Z
[wait 136] sibling refav1_arm procs=2 gpu_used_MiB=5526  2026-09-05T14:26:58Z
[wait 137] sibling refav1_arm procs=2 gpu_used_MiB=5525  2026-09-05T14:27:09Z
[wait 138] sibling refav1_arm procs=2 gpu_used_MiB=5525  2026-09-05T14:27:19Z
[wait 139] sibling refav1_arm procs=2 gpu_used_MiB=5525  2026-09-05T14:27:30Z
[wait 140] sibling refav1_arm procs=2 gpu_used_MiB=5525  2026-09-05T14:27:41Z
[wait 141] sibling refav1_arm procs=2 gpu_used_MiB=5529  2026-09-05T14:27:51Z
[wait 142] sibling refav1_arm procs=2 gpu_used_MiB=5529  2026-09-05T14:28:02Z
[wait 143] sibling refav1_arm procs=2 gpu_used_MiB=5524  2026-09-05T14:28:13Z
[wait 144] sibling refav1_arm procs=2 gpu_used_MiB=5526  2026-09-05T14:28:23Z
[wait 145] sibling refav1_arm procs=2 gpu_used_MiB=5526  2026-09-05T14:28:34Z
[wait 146] sibling refav1_arm procs=0 gpu_used_MiB=3539  2026-09-05T14:28:44Z
[wait] GPU clear of sibling arms
=== ARM cos_argmax  2026-09-05T14:28:44Z ===
    exit=0 2026-09-05T14:57:27Z
=== ARM ccos_argmax  2026-09-05T14:57:27Z ===
    exit=0 2026-09-05T15:49:40Z
=== ARM ccos_seed1  2026-09-05T15:49:40Z ===
    exit=0 2026-09-05T16:40:20Z
P4_ALL_ARMS_DONE 2026-09-05T16:40:20Z
