  [stack] tanitad imported from: C:\Users\Admin\tanitad-wt\stack\tanitad\__init__.py
[predictor] RESIDUAL_HEAD_INIT_SCALE=0.001  (identity-scale start)
[v6] O6 rank gate CAN rule: --spectrum-accum 43 x 48 rows/call -> ceiling 2063 >= 1024
[v6] params 19.30 M / budget 300 M · arm shared-encoder+adapters · per-group {'encoder': 0.97, 'readout': 0.01, 'predictor_op': 7.57, 'layer_tac': 4.88, 'layer_str': 3.56, 'planner': 0.69, 'aux': 1.62, 'interp': 0.0}
[v6] X3 isolation pass=True violations={'planner_to_encoder': 0, 'tactical_to_below': 0, 'strategic_to_below': 0}
[geometry] v6_probe_trunk: NON-DEFAULT - 256x640px, f_ref 305.58, cylindrical, HFOV 120.00deg / VFOV 45.46deg, tokens 640 (16x40 @ patch 16), state_dim 2048, cache fragment {'geom': '256x640f305.5775cyl'}
[geometry] WARNING: this frame (120.00deg) EXCEEDS comma2k19's entire field (65.203deg). comma2k19 cannot supply it at any resolution — it must be letterboxed (geometry_mode='rectify', explicit unobserved mask), given its own frame, or dropped from the mix. That is a PI decision, not a default.
[postrain30k] step 30000  144 windows  W=6  S=2048  horizons=[1, 2, 4] trained=(1,)  cond_param=steer_accel_v  lift: TRAINER _lift3: [cond_param(a2), v_last/10] (train_v6_staged._lift3)
  [postrain30k] h=1
     F_sep 16.391  null(median 0.912, p95 1.052)  F/p95 15.58  scene_spread 0.23038
     kappa  rho +0.985  norms 0.25σ:3.78e-03 0.5σ:7.55e-03 1σ:1.51e-02 2σ:3.02e-02 3σ:4.54e-02  cos(+,-) -1.00 -1.00 -1.00 -1.00 -1.00
     accel  rho +0.985  norms 0.25σ:1.61e-02 0.5σ:3.25e-02 1σ:6.74e-02 2σ:1.50e-01 3σ:2.50e-01  cos(+,-) -0.98 -0.92 -0.70 -0.17 +0.23
     rel-mag@2σ 0.39136  (bar 0.0595)  C0 0.0e+00  zero-model 0.0e+00  -> SEPARATED-NONMONOTONE
  [postrain30k] h=2   [UNTRAINED HEAD — init noise, not quotable]
     F_sep 16.090  null(median 0.883, p95 1.095)  F/p95 14.69  scene_spread 0.39765
     kappa  rho +0.985  norms 0.25σ:5.55e-06 0.5σ:1.11e-05 1σ:2.22e-05 2σ:4.44e-05 3σ:6.67e-05  cos(+,-) -1.00 -1.00 -1.00 -1.00 -0.99
     accel  rho +0.985  norms 0.25σ:2.43e-05 0.5σ:4.96e-05 1σ:1.06e-04 2σ:2.54e-04 3σ:4.39e-04  cos(+,-) -0.97 -0.87 -0.58 +0.02 +0.38
     rel-mag@2σ 0.00037  (bar 0.0595)  C0 0.0e+00  zero-model 0.0e+00  -> SEPARATED-NONMONOTONE
  [postrain30k] h=4   [UNTRAINED HEAD — init noise, not quotable]
     F_sep 15.620  null(median 0.884, p95 1.098)  F/p95 14.23  scene_spread 0.39766
     kappa  rho +0.985  norms 0.25σ:5.36e-06 0.5σ:1.07e-05 1σ:2.14e-05 2σ:4.29e-05 3σ:6.44e-05  cos(+,-) -1.00 -1.00 -1.00 -1.00 -0.99
     accel  rho +0.985  norms 0.25σ:2.40e-05 0.5σ:4.90e-05 1σ:1.05e-04 2σ:2.50e-04 3σ:4.31e-04  cos(+,-) -0.97 -0.88 -0.58 +0.01 +0.37
     rel-mag@2σ 0.00037  (bar 0.0595)  C0 0.0e+00  zero-model 0.0e+00  -> SEPARATED-NONMONOTONE
     legacy ratio h1 0.027338 (action 0.00631 / scene 0.23099)  C0 PASS
[predictor] RESIDUAL_HEAD_INIT_SCALE=0.001  (identity-scale start)
[v6] O6 rank gate CAN rule: --spectrum-accum 43 x 48 rows/call -> ceiling 2063 >= 1024
[v6] params 19.31 M / budget 300 M · arm shared-encoder+adapters · per-group {'encoder': 0.97, 'readout': 0.01, 'predictor_op': 7.57, 'layer_tac': 4.89, 'layer_str': 3.56, 'planner': 0.69, 'aux': 1.62, 'interp': 0.0}
[v6] X3 isolation pass=True violations={'planner_to_encoder': 0, 'tactical_to_below': 0, 'strategic_to_below': 0}
[geometry] v6_probe_trunk: NON-DEFAULT - 256x640px, f_ref 305.58, cylindrical, HFOV 120.00deg / VFOV 45.46deg, tokens 640 (16x40 @ patch 16), state_dim 2048, cache fragment {'geom': '256x640f305.5775cyl'}
[geometry] WARNING: this frame (120.00deg) EXCEEDS comma2k19's entire field (65.203deg). comma2k19 cannot supply it at any resolution — it must be letterboxed (geometry_mode='rectify', explicit unobserved mask), given its own frame, or dropped from the mix. That is a PI decision, not a default.
[k8clip05p30k] step 30000  144 windows  W=6  S=2048  horizons=[1, 2, 4] trained=(1,)  cond_param=steer_accel_v  lift: TRAINER _lift3: [cond_param(a2), v_last/10] (train_v6_staged._lift3)
  [k8clip05p30k] h=1
     F_sep 21.871  null(median 0.861, p95 1.011)  F/p95 21.64  scene_spread 0.21195
     kappa  rho +0.985  norms 0.25σ:2.93e-03 0.5σ:5.86e-03 1σ:1.17e-02 2σ:2.34e-02 3σ:3.51e-02  cos(+,-) -1.00 -1.00 -1.00 -1.00 -1.00
     accel  rho +0.985  norms 0.25σ:2.15e-02 0.5σ:4.42e-02 1σ:9.64e-02 2σ:2.41e-01 3σ:4.29e-01  cos(+,-) -0.96 -0.86 -0.50 +0.17 +0.50
     rel-mag@2σ 0.62460  (bar 0.0595)  C0 0.0e+00  zero-model 0.0e+00  -> SEPARATED-NONMONOTONE
  [k8clip05p30k] h=2   [UNTRAINED HEAD — init noise, not quotable]
     F_sep 14.085  null(median 0.854, p95 1.044)  F/p95 13.49  scene_spread 0.37445
     kappa  rho +0.985  norms 0.25σ:5.14e-06 0.5σ:1.03e-05 1σ:2.06e-05 2σ:4.11e-05 3σ:6.17e-05  cos(+,-) -1.00 -1.00 -1.00 -1.00 -1.00
     accel  rho +0.985  norms 0.25σ:2.80e-05 0.5σ:5.84e-05 1σ:1.34e-04 2σ:3.50e-04 3σ:6.13e-04  cos(+,-) -0.94 -0.78 -0.34 +0.24 +0.43
     rel-mag@2σ 0.00052  (bar 0.0595)  C0 0.0e+00  zero-model 0.0e+00  -> SEPARATED-NONMONOTONE
  [k8clip05p30k] h=4   [UNTRAINED HEAD — init noise, not quotable]
     F_sep 15.085  null(median 0.857, p95 1.052)  F/p95 14.34  scene_spread 0.37445
     kappa  rho +0.985  norms 0.25σ:5.29e-06 0.5σ:1.06e-05 1σ:2.11e-05 2σ:4.22e-05 3σ:6.34e-05  cos(+,-) -1.00 -1.00 -1.00 -1.00 -1.00
     accel  rho +0.985  norms 0.25σ:2.91e-05 0.5σ:6.06e-05 1σ:1.38e-04 2σ:3.60e-04 3σ:6.34e-04  cos(+,-) -0.94 -0.79 -0.36 +0.23 +0.43
     rel-mag@2σ 0.00054  (bar 0.0595)  C0 0.0e+00  zero-model 0.0e+00  -> SEPARATED-NONMONOTONE
     legacy ratio h1 0.014359 (action 0.00305 / scene 0.21240)  C0 PASS
[predictor] RESIDUAL_HEAD_INIT_SCALE=0.001  (identity-scale start)
[v6] O6 rank gate CAN rule: --spectrum-accum 43 x 48 rows/call -> ceiling 2063 >= 1024
[v6] params 19.31 M / budget 300 M · arm shared-encoder+adapters · per-group {'encoder': 0.97, 'readout': 0.01, 'predictor_op': 7.57, 'layer_tac': 4.89, 'layer_str': 3.56, 'planner': 0.69, 'aux': 1.62, 'interp': 0.0}
[v6] X3 isolation pass=True violations={'planner_to_encoder': 0, 'tactical_to_below': 0, 'strategic_to_below': 0}
[geometry] v6_probe_trunk: NON-DEFAULT - 256x640px, f_ref 305.58, cylindrical, HFOV 120.00deg / VFOV 45.46deg, tokens 640 (16x40 @ patch 16), state_dim 2048, cache fragment {'geom': '256x640f305.5775cyl'}
[geometry] WARNING: this frame (120.00deg) EXCEEDS comma2k19's entire field (65.203deg). comma2k19 cannot supply it at any resolution — it must be letterboxed (geometry_mode='rectify', explicit unobserved mask), given its own frame, or dropped from the mix. That is a PI decision, not a default.
[k60clip05p30k] step 30000  144 windows  W=6  S=2048  horizons=[1, 2, 4] trained=(1,)  cond_param=steer_accel_v  lift: TRAINER _lift3: [cond_param(a2), v_last/10] (train_v6_staged._lift3)
  [k60clip05p30k] h=1
     F_sep 7.193  null(median 0.914, p95 1.051)  F/p95 6.85  scene_spread 0.36416
     kappa  rho +0.985  norms 0.25σ:9.01e-04 0.5σ:1.80e-03 1σ:3.60e-03 2σ:7.20e-03 3σ:1.08e-02  cos(+,-) -1.00 -1.00 -1.00 -1.00 -1.00
     accel  rho +0.985  norms 0.25σ:7.96e-03 0.5σ:1.64e-02 1σ:3.69e-02 2σ:9.83e-02 3σ:1.82e-01  cos(+,-) -0.96 -0.83 -0.43 +0.26 +0.57
     rel-mag@2σ 0.14488  (bar 0.0595)  C0 0.0e+00  zero-model 0.0e+00  -> SEPARATED-NONMONOTONE
  [k60clip05p30k] h=2   [UNTRAINED HEAD — init noise, not quotable]
     F_sep 11.479  null(median 0.904, p95 1.138)  F/p95 10.09  scene_spread 0.40497
     kappa  rho +0.985  norms 0.25σ:3.69e-06 0.5σ:7.38e-06 1σ:1.48e-05 2σ:2.95e-05 3σ:4.43e-05  cos(+,-) -1.00 -1.00 -1.00 -1.00 -1.00
     accel  rho +0.960  norms 0.25σ:3.02e-05 0.5σ:6.18e-05 1σ:1.35e-04 2σ:3.51e-04 3σ:6.56e-04  cos(+,-) -0.97 -0.88 -0.52 +0.26 +0.62
     rel-mag@2σ 0.00047  (bar 0.0595)  C0 0.0e+00  zero-model 0.0e+00  -> SEPARATED-NONMONOTONE
  [k60clip05p30k] h=4   [UNTRAINED HEAD — init noise, not quotable]
     F_sep 11.663  null(median 0.900, p95 1.147)  F/p95 10.17  scene_spread 0.40497
     kappa  rho +0.985  norms 0.25σ:3.80e-06 0.5σ:7.59e-06 1σ:1.52e-05 2σ:3.04e-05 3σ:4.56e-05  cos(+,-) -1.00 -1.00 -1.00 -1.00 -1.00
     accel  rho +0.960  norms 0.25σ:3.04e-05 0.5σ:6.23e-05 1σ:1.37e-04 2σ:3.60e-04 3σ:6.76e-04  cos(+,-) -0.97 -0.87 -0.49 +0.31 +0.65
     rel-mag@2σ 0.00048  (bar 0.0595)  C0 0.0e+00  zero-model 0.0e+00  -> SEPARATED-NONMONOTONE
     legacy ratio h1 0.007742 (action 0.00283 / scene 0.36503)  C0 PASS
[predictor] RESIDUAL_HEAD_INIT_SCALE=0.001  (identity-scale start)
[v6] O6 rank gate CAN rule: --spectrum-accum 43 x 48 rows/call -> ceiling 2063 >= 1024
[v6] params 19.30 M / budget 300 M · arm shared-encoder+adapters · per-group {'encoder': 0.97, 'readout': 0.01, 'predictor_op': 7.57, 'layer_tac': 4.88, 'layer_str': 3.56, 'planner': 0.69, 'aux': 1.62, 'interp': 0.0}
[v6] X3 isolation pass=True violations={'planner_to_encoder': 0, 'tactical_to_below': 0, 'strategic_to_below': 0}
[geometry] v6_probe_trunk: NON-DEFAULT - 256x640px, f_ref 305.58, cylindrical, HFOV 120.00deg / VFOV 45.46deg, tokens 640 (16x40 @ patch 16), state_dim 2048, cache fragment {'geom': '256x640f305.5775cyl'}
[geometry] WARNING: this frame (120.00deg) EXCEEDS comma2k19's entire field (65.203deg). comma2k19 cannot supply it at any resolution — it must be letterboxed (geometry_mode='rectify', explicit unobserved mask), given its own frame, or dropped from the mix. That is a PI decision, not a default.
[rdw8p30k] step 30000  144 windows  W=6  S=2048  horizons=[1, 2, 4] trained=(1,)  cond_param=steer_accel_v  lift: TRAINER _lift3: [cond_param(a2), v_last/10] (train_v6_staged._lift3)
  [rdw8p30k] h=1
     F_sep 136.137  null(median 0.993, p95 1.281)  F/p95 106.30  scene_spread 0.19025
     kappa  rho +0.985  norms 0.25σ:1.59e-03 0.5σ:3.19e-03 1σ:6.37e-03 2σ:1.28e-02 3σ:1.92e-02  cos(+,-) -1.00 -1.00 -1.00 -0.99 -0.99
     accel  rho +0.985  norms 0.25σ:3.82e-02 0.5σ:7.62e-02 1σ:1.52e-01 2σ:2.99e-01 3σ:4.41e-01  cos(+,-) -1.00 -0.99 -0.95 -0.80 -0.62
     rel-mag@2σ 0.81997  (bar 0.0595)  C0 0.0e+00  zero-model 0.0e+00  -> SENSITIVE
  [rdw8p30k] h=2   [UNTRAINED HEAD — init noise, not quotable]
     F_sep 139.029  null(median 1.013, p95 1.279)  F/p95 108.68  scene_spread 0.40858
     kappa  rho +0.985  norms 0.25σ:1.90e-06 0.5σ:3.79e-06 1σ:7.58e-06 2σ:1.52e-05 3σ:2.29e-05  cos(+,-) -1.00 -1.00 -1.00 -0.98 -0.96
     accel  rho +0.985  norms 0.25σ:3.85e-05 0.5σ:7.68e-05 1σ:1.52e-04 2σ:2.96e-04 3σ:4.31e-04  cos(+,-) -1.00 -0.99 -0.96 -0.86 -0.71
     rel-mag@2σ 0.00038  (bar 0.0595)  C0 0.0e+00  zero-model 0.0e+00  -> STRUCTURED-WEAK
  [rdw8p30k] h=4   [UNTRAINED HEAD — init noise, not quotable]
     F_sep 142.485  null(median 1.010, p95 1.280)  F/p95 111.32  scene_spread 0.40858
     kappa  rho +0.985  norms 0.25σ:1.86e-06 0.5σ:3.72e-06 1σ:7.44e-06 2σ:1.49e-05 3σ:2.25e-05  cos(+,-) -1.00 -1.00 -0.99 -0.98 -0.96
     accel  rho +0.985  norms 0.25σ:3.86e-05 0.5σ:7.71e-05 1σ:1.53e-04 2σ:2.98e-04 3σ:4.37e-04  cos(+,-) -1.00 -0.99 -0.97 -0.87 -0.72
     rel-mag@2σ 0.00038  (bar 0.0595)  C0 0.0e+00  zero-model 0.0e+00  -> STRUCTURED-WEAK
     legacy ratio h1 0.026363 (action 0.00503 / scene 0.19096)  C0 PASS
WROTE C:\Users\Admin\tanitad-wt\_gs89_pkg\raw\actdiv_anchored_v7_trainerlift.json
