  tokens: 386 over 14 logs; ckpt E:/Projects/TanitAD/data/refe_runs_eval/model_final.pt
  planner: trained=True per_sample_calib=True device=cuda select=best
C:\Users\Admin\dz\DriveZero\DriveRL\nuplan-devkit\nuplan\common\maps\nuplan_map\utils.py:413: RuntimeWarning: invalid value encountered in cast
  return elements.iloc[np.where(elements[column_label].to_numpy().astype(int) == int(desired_value))]
C:\Users\Admin\dz\DriveZero\DriveRL\nuplan-devkit\nuplan\common\maps\nuplan_map\utils.py:413: RuntimeWarning: invalid value encountered in cast
  return elements.iloc[np.where(elements[column_label].to_numpy().astype(int) == int(desired_value))]
C:\Users\Admin\dz\DriveZero\DriveRL\nuplan-devkit\nuplan\common\maps\nuplan_map\utils.py:413: RuntimeWarning: invalid value encountered in cast
  return elements.iloc[np.where(elements[column_label].to_numpy().astype(int) == int(desired_value))]
C:\Users\Admin\dz\DriveZero\DriveRL\nuplan-devkit\nuplan\common\maps\nuplan_map\utils.py:413: RuntimeWarning: invalid value encountered in cast
  return elements.iloc[np.where(elements[column_label].to_numpy().astype(int) == int(desired_value))]
C:\Users\Admin\dz\DriveZero\DriveRL\nuplan-devkit\nuplan\common\maps\nuplan_map\utils.py:413: RuntimeWarning: invalid value encountered in cast
  return elements.iloc[np.where(elements[column_label].to_numpy().astype(int) == int(desired_value))]
C:\Users\Admin\dz\DriveZero\DriveRL\nuplan-devkit\nuplan\common\maps\nuplan_map\utils.py:413: RuntimeWarning: invalid value encountered in cast
  return elements.iloc[np.where(elements[column_label].to_numpy().astype(int) == int(desired_value))]
C:\Users\Admin\dz\DriveZero\DriveRL\nuplan-devkit\nuplan\common\maps\nuplan_map\utils.py:413: RuntimeWarning: invalid value encountered in cast
  return elements.iloc[np.where(elements[column_label].to_numpy().astype(int) == int(desired_value))]
C:\Users\Admin\dz\DriveZero\DriveRL\nuplan-devkit\nuplan\common\maps\nuplan_map\utils.py:413: RuntimeWarning: invalid value encountered in cast
  return elements.iloc[np.where(elements[column_label].to_numpy().astype(int) == int(desired_value))]
C:\Users\Admin\dz\DriveZero\DriveRL\nuplan-devkit\nuplan\common\maps\nuplan_map\utils.py:413: RuntimeWarning: invalid value encountered in cast
  return elements.iloc[np.where(elements[column_label].to_numpy().astype(int) == int(desired_value))]
C:\Users\Admin\dz\DriveZero\DriveRL\nuplan-devkit\nuplan\common\maps\nuplan_map\utils.py:413: RuntimeWarning: invalid value encountered in cast
  return elements.iloc[np.where(elements[column_label].to_numpy().astype(int) == int(desired_value))]
C:\Users\Admin\dz\DriveZero\DriveRL\nuplan-devkit\nuplan\common\maps\nuplan_map\utils.py:413: RuntimeWarning: invalid value encountered in cast
  return elements.iloc[np.where(elements[column_label].to_numpy().astype(int) == int(desired_value))]
C:\Users\Admin\dz\DriveZero\DriveRL\nuplan-devkit\nuplan\common\maps\nuplan_map\utils.py:413: RuntimeWarning: invalid value encountered in cast
  return elements.iloc[np.where(elements[column_label].to_numpy().astype(int) == int(desired_value))]
C:\Users\Admin\dz\DriveZero\DriveRL\nuplan-devkit\nuplan\common\maps\nuplan_map\utils.py:413: RuntimeWarning: invalid value encountered in cast
  return elements.iloc[np.where(elements[column_label].to_numpy().astype(int) == int(desired_value))]
C:\Users\Admin\dz\DriveZero\DriveRL\nuplan-devkit\nuplan\common\maps\nuplan_map\utils.py:413: RuntimeWarning: invalid value encountered in cast
  return elements.iloc[np.where(elements[column_label].to_numpy().astype(int) == int(desired_value))]
C:\Users\Admin\dz\DriveZero\DriveRL\nuplan-devkit\nuplan\common\maps\nuplan_map\utils.py:413: RuntimeWarning: invalid value encountered in cast
  return elements.iloc[np.where(elements[column_label].to_numpy().astype(int) == int(desired_value))]
C:\Users\Admin\dz\DriveZero\DriveRL\nuplan-devkit\nuplan\common\maps\nuplan_map\utils.py:413: RuntimeWarning: invalid value encountered in cast
  return elements.iloc[np.where(elements[column_label].to_numpy().astype(int) == int(desired_value))]
C:\Users\Admin\dz\DriveZero\DriveRL\nuplan-devkit\nuplan\common\maps\nuplan_map\utils.py:413: RuntimeWarning: invalid value encountered in cast
  return elements.iloc[np.where(elements[column_label].to_numpy().astype(int) == int(desired_value))]
C:\Users\Admin\dz\DriveZero\DriveRL\nuplan-devkit\nuplan\common\maps\nuplan_map\utils.py:413: RuntimeWarning: invalid value encountered in cast
  return elements.iloc[np.where(elements[column_label].to_numpy().astype(int) == int(desired_value))]
    [5/14] rows 173  misses 0  281 s
C:\Users\Admin\dz\DriveZero\DriveRL\nuplan-devkit\nuplan\common\maps\nuplan_map\utils.py:413: RuntimeWarning: invalid value encountered in cast
  return elements.iloc[np.where(elements[column_label].to_numpy().astype(int) == int(desired_value))]
C:\Users\Admin\dz\DriveZero\DriveRL\nuplan-devkit\nuplan\common\maps\nuplan_map\utils.py:413: RuntimeWarning: invalid value encountered in cast
  return elements.iloc[np.where(elements[column_label].to_numpy().astype(int) == int(desired_value))]
C:\Users\Admin\dz\DriveZero\DriveRL\nuplan-devkit\nuplan\common\maps\nuplan_map\utils.py:413: RuntimeWarning: invalid value encountered in cast
  return elements.iloc[np.where(elements[column_label].to_numpy().astype(int) == int(desired_value))]
C:\Users\Admin\dz\DriveZero\DriveRL\nuplan-devkit\nuplan\common\maps\nuplan_map\utils.py:413: RuntimeWarning: invalid value encountered in cast
  return elements.iloc[np.where(elements[column_label].to_numpy().astype(int) == int(desired_value))]
C:\Users\Admin\dz\DriveZero\DriveRL\nuplan-devkit\nuplan\common\maps\nuplan_map\utils.py:413: RuntimeWarning: invalid value encountered in cast
  return elements.iloc[np.where(elements[column_label].to_numpy().astype(int) == int(desired_value))]
C:\Users\Admin\dz\DriveZero\DriveRL\nuplan-devkit\nuplan\common\maps\nuplan_map\utils.py:413: RuntimeWarning: invalid value encountered in cast
  return elements.iloc[np.where(elements[column_label].to_numpy().astype(int) == int(desired_value))]
C:\Users\Admin\dz\DriveZero\DriveRL\nuplan-devkit\nuplan\common\maps\nuplan_map\utils.py:413: RuntimeWarning: invalid value encountered in cast
  return elements.iloc[np.where(elements[column_label].to_numpy().astype(int) == int(desired_value))]
C:\Users\Admin\dz\DriveZero\DriveRL\nuplan-devkit\nuplan\common\maps\nuplan_map\utils.py:413: RuntimeWarning: invalid value encountered in cast
  return elements.iloc[np.where(elements[column_label].to_numpy().astype(int) == int(desired_value))]
C:\Users\Admin\dz\DriveZero\DriveRL\nuplan-devkit\nuplan\common\maps\nuplan_map\utils.py:413: RuntimeWarning: invalid value encountered in cast
  return elements.iloc[np.where(elements[column_label].to_numpy().astype(int) == int(desired_value))]
C:\Users\Admin\dz\DriveZero\DriveRL\nuplan-devkit\nuplan\common\maps\nuplan_map\utils.py:413: RuntimeWarning: invalid value encountered in cast
  return elements.iloc[np.where(elements[column_label].to_numpy().astype(int) == int(desired_value))]
C:\Users\Admin\dz\DriveZero\DriveRL\nuplan-devkit\nuplan\common\maps\nuplan_map\utils.py:413: RuntimeWarning: invalid value encountered in cast
  return elements.iloc[np.where(elements[column_label].to_numpy().astype(int) == int(desired_value))]
C:\Users\Admin\dz\DriveZero\DriveRL\nuplan-devkit\nuplan\common\maps\nuplan_map\utils.py:413: RuntimeWarning: invalid value encountered in cast
  return elements.iloc[np.where(elements[column_label].to_numpy().astype(int) == int(desired_value))]
C:\Users\Admin\dz\DriveZero\DriveRL\nuplan-devkit\nuplan\common\maps\nuplan_map\utils.py:413: RuntimeWarning: invalid value encountered in cast
  return elements.iloc[np.where(elements[column_label].to_numpy().astype(int) == int(desired_value))]
C:\Users\Admin\dz\DriveZero\DriveRL\nuplan-devkit\nuplan\common\maps\nuplan_map\utils.py:413: RuntimeWarning: invalid value encountered in cast
  return elements.iloc[np.where(elements[column_label].to_numpy().astype(int) == int(desired_value))]
C:\Users\Admin\dz\DriveZero\DriveRL\nuplan-devkit\nuplan\common\maps\nuplan_map\utils.py:413: RuntimeWarning: invalid value encountered in cast
  return elements.iloc[np.where(elements[column_label].to_numpy().astype(int) == int(desired_value))]
    [10/14] rows 255  misses 0  407 s
C:\Users\Admin\dz\DriveZero\DriveRL\nuplan-devkit\nuplan\common\maps\nuplan_map\utils.py:413: RuntimeWarning: invalid value encountered in cast
  return elements.iloc[np.where(elements[column_label].to_numpy().astype(int) == int(desired_value))]
C:\Users\Admin\dz\DriveZero\DriveRL\nuplan-devkit\nuplan\common\maps\nuplan_map\utils.py:413: RuntimeWarning: invalid value encountered in cast
  return elements.iloc[np.where(elements[column_label].to_numpy().astype(int) == int(desired_value))]
C:\Users\Admin\dz\DriveZero\DriveRL\nuplan-devkit\nuplan\common\maps\nuplan_map\utils.py:413: RuntimeWarning: invalid value encountered in cast
  return elements.iloc[np.where(elements[column_label].to_numpy().astype(int) == int(desired_value))]
C:\Users\Admin\dz\DriveZero\DriveRL\nuplan-devkit\nuplan\common\maps\nuplan_map\utils.py:413: RuntimeWarning: invalid value encountered in cast
  return elements.iloc[np.where(elements[column_label].to_numpy().astype(int) == int(desired_value))]
C:\Users\Admin\dz\DriveZero\DriveRL\nuplan-devkit\nuplan\common\maps\nuplan_map\utils.py:413: RuntimeWarning: invalid value encountered in cast
  return elements.iloc[np.where(elements[column_label].to_numpy().astype(int) == int(desired_value))]
C:\Users\Admin\dz\DriveZero\DriveRL\nuplan-devkit\nuplan\common\maps\nuplan_map\utils.py:413: RuntimeWarning: invalid value encountered in cast
  return elements.iloc[np.where(elements[column_label].to_numpy().astype(int) == int(desired_value))]
C:\Users\Admin\dz\DriveZero\DriveRL\nuplan-devkit\nuplan\common\maps\nuplan_map\utils.py:413: RuntimeWarning: invalid value encountered in cast
  return elements.iloc[np.where(elements[column_label].to_numpy().astype(int) == int(desired_value))]
C:\Users\Admin\dz\DriveZero\DriveRL\nuplan-devkit\nuplan\common\maps\nuplan_map\utils.py:413: RuntimeWarning: invalid value encountered in cast
  return elements.iloc[np.where(elements[column_label].to_numpy().astype(int) == int(desired_value))]
C:\Users\Admin\dz\DriveZero\DriveRL\nuplan-devkit\nuplan\common\maps\nuplan_map\utils.py:413: RuntimeWarning: invalid value encountered in cast
  return elements.iloc[np.where(elements[column_label].to_numpy().astype(int) == int(desired_value))]
C:\Users\Admin\dz\DriveZero\DriveRL\nuplan-devkit\nuplan\common\maps\nuplan_map\utils.py:413: RuntimeWarning: invalid value encountered in cast
  return elements.iloc[np.where(elements[column_label].to_numpy().astype(int) == int(desired_value))]
C:\Users\Admin\dz\DriveZero\DriveRL\nuplan-devkit\nuplan\common\maps\nuplan_map\utils.py:413: RuntimeWarning: invalid value encountered in cast
  return elements.iloc[np.where(elements[column_label].to_numpy().astype(int) == int(desired_value))]
C:\Users\Admin\dz\DriveZero\DriveRL\nuplan-devkit\nuplan\common\maps\nuplan_map\utils.py:413: RuntimeWarning: invalid value encountered in cast
  return elements.iloc[np.where(elements[column_label].to_numpy().astype(int) == int(desired_value))]
C:\Users\Admin\dz\DriveZero\DriveRL\nuplan-devkit\nuplan\common\maps\nuplan_map\utils.py:413: RuntimeWarning: invalid value encountered in cast
  return elements.iloc[np.where(elements[column_label].to_numpy().astype(int) == int(desired_value))]
C:\Users\Admin\dz\DriveZero\DriveRL\nuplan-devkit\nuplan\common\maps\nuplan_map\utils.py:413: RuntimeWarning: invalid value encountered in cast
  return elements.iloc[np.where(elements[column_label].to_numpy().astype(int) == int(desired_value))]
C:\Users\Admin\dz\DriveZero\DriveRL\nuplan-devkit\nuplan\common\maps\nuplan_map\utils.py:413: RuntimeWarning: invalid value encountered in cast
  return elements.iloc[np.where(elements[column_label].to_numpy().astype(int) == int(desired_value))]
C:\Users\Admin\dz\DriveZero\DriveRL\nuplan-devkit\nuplan\common\maps\nuplan_map\utils.py:413: RuntimeWarning: invalid value encountered in cast
  return elements.iloc[np.where(elements[column_label].to_numpy().astype(int) == int(desired_value))]
C:\Users\Admin\dz\DriveZero\DriveRL\nuplan-devkit\nuplan\common\maps\nuplan_map\utils.py:413: RuntimeWarning: invalid value encountered in cast
  return elements.iloc[np.where(elements[column_label].to_numpy().astype(int) == int(desired_value))]
C:\Users\Admin\dz\DriveZero\DriveRL\nuplan-devkit\nuplan\common\maps\nuplan_map\utils.py:413: RuntimeWarning: invalid value encountered in cast
  return elements.iloc[np.where(elements[column_label].to_numpy().astype(int) == int(desired_value))]
C:\Users\Admin\dz\DriveZero\DriveRL\nuplan-devkit\nuplan\common\maps\nuplan_map\utils.py:413: RuntimeWarning: invalid value encountered in cast
  return elements.iloc[np.where(elements[column_label].to_numpy().astype(int) == int(desired_value))]
C:\Users\Admin\dz\DriveZero\DriveRL\nuplan-devkit\nuplan\common\maps\nuplan_map\utils.py:413: RuntimeWarning: invalid value encountered in cast
  return elements.iloc[np.where(elements[column_label].to_numpy().astype(int) == int(desired_value))]
C:\Users\Admin\dz\DriveZero\DriveRL\nuplan-devkit\nuplan\common\maps\nuplan_map\utils.py:413: RuntimeWarning: invalid value encountered in cast
  return elements.iloc[np.where(elements[column_label].to_numpy().astype(int) == int(desired_value))]
C:\Users\Admin\dz\DriveZero\DriveRL\nuplan-devkit\nuplan\common\maps\nuplan_map\utils.py:413: RuntimeWarning: invalid value encountered in cast
  return elements.iloc[np.where(elements[column_label].to_numpy().astype(int) == int(desired_value))]
C:\Users\Admin\dz\DriveZero\DriveRL\nuplan-devkit\nuplan\common\maps\nuplan_map\utils.py:413: RuntimeWarning: invalid value encountered in cast
  return elements.iloc[np.where(elements[column_label].to_numpy().astype(int) == int(desired_value))]
C:\Users\Admin\dz\DriveZero\DriveRL\nuplan-devkit\nuplan\common\maps\nuplan_map\utils.py:413: RuntimeWarning: invalid value encountered in cast
  return elements.iloc[np.where(elements[column_label].to_numpy().astype(int) == int(desired_value))]
    [14/14] rows 386  misses 0  614 s
{
 "tokens_asked": 386,
 "rows": 386,
 "misses": 0,
 "ckpt": "E:/Projects/TanitAD/data/refe_runs_eval/model_final.pt",
 "select": "best",
 "rule": "navsim_v1",
 "repair_last_heading": true,
 "sanitize_goal": false,
 "goal_fix": "pdm_route",
 "frame_control": {
  "n": 386,
  "max_m": 7.119291619286993e-15,
  "median_m": 1.345935099552349e-15,
  "bar_m": 0.001,
  "what": "log future on NAVSIM's 0.5 s grid vs W3 human_future_poses"
 },
 "interpolation_residual": {
  "n": 386,
  "max_m": 0.18904005237047464,
  "median_m": 0.005796896817482694,
  "what": "log future on REFe's 0.2 s grid -> to_navsim, vs W3; reported, not gated"
 },
 "seconds": 613.6,
 "proposals": {
  "n": 386,
  "M": 64,
  "ade_selected_m": 1.4868,
  "ade_random_m": 1.6464,
  "ade_oracle_m": 0.3933,
  "oracle_index_distinct": 57,
  "oracle_index_top5": [
   [
    12,
    44
   ],
   [
    56,
    40
   ],
   [
    4,
    34
   ],
   [
    52,
    23
   ],
   [
    26,
    19
   ]
  ],
  "selected_index_distinct": 54,
  "endpoint_spread_m": 1.934,
  "what": "open-loop ADE over NAVSIM's 8 poses (0.5 s) vs W3's human future: selected = the planner's pick; random = mean over the M proposals (a random selector's expectation); oracle = best of M; oracle_index_* = how many proposals are ever best (WTA collapse if few); endpoint_spread = mean distance of the M endpoints from their centroid"
 }
}
ZZSEAM_OK 386 0.0000
