arms loaded: ['A0', 'B0', 'B1', 'B2', 'B3', 'B4', 'B5', 'P1', 'S2', 'S3', 'S4', 'S5', 'S6', 'S7', 'V2', 'V2s', 'V2w', 'V3', 'V3s', 'V3sB', 'V3w', 'V3wB']
WROTE /root/idm2/out/compare.json

arm    speedR2  speedMAE    yawR2  yawMedAE  yawNMAD  steerR2   accR2  accKinR2
A0     +0.8651     2.994  +0.1046    0.0212    1.798  +0.7419 -0.2398   -0.5991
B0     +0.7815     3.573  +0.0921    0.0172    1.464  +0.4147 -0.2137   -0.5333
B1     +0.7895     3.549  +0.0985    0.0163    1.382  +0.4171 -0.2049   -0.5288
B2     +0.7001     4.046  +0.0981    0.0157    1.336  +0.4077 -0.1794   -0.5267
B3     +0.8784     3.008  +0.1007    0.0160    1.357  +0.5138 -0.1800   -0.7069
B4     +0.8649     3.110  +0.0861    0.0157    1.331-110.7168 -1.0957   -1.5197
B5     +0.8676     3.117  +0.0866    0.0152    1.289 -18.5107 -0.2848   -0.2992
S2     +0.6749     4.147  +0.0906    0.0182    1.546  +0.4202 -0.2148   -0.5437
S3     +0.8870     2.932  +0.0914    0.0201    1.703  +0.5693 -0.3770   -1.0457
S4     +0.7765     3.825  +0.0823    0.0174    1.480 -48.8563 -0.6667   -0.9326
S5     +0.7894     3.594  +0.0903    0.0180    1.532  +0.4821 -0.2146   -0.5651
S6     +0.4433     6.567  +0.1048    0.0151    1.280  +0.4474 +0.1169   -0.1357
S7     +0.4433     6.567  +0.1048    0.0151    1.280  +0.4474 +0.1169   -0.1357
P1     +0.7808     3.622  +0.0859    0.0207    1.758  +0.4400 -0.1607   -0.4851
V2     +0.8830     3.090  +0.0812    0.0147    1.245-239.8641 -0.8591   -1.0725
V2s    +0.8795     2.919  +0.0743    0.0149    1.266 -26.4620 -1.0137   -1.4042
V2w    +0.8812     3.009  +0.0880    0.0169    1.437 -58.6419 -0.2916   -0.4014
V3     +0.8751     3.081  +0.0977    0.0157    1.336  +0.4590 -0.2310   -0.6741
V3s    +0.8905     2.800  +0.0965    0.0156    1.326  +0.5513 -0.2252   -0.6736
V3w    +0.9091     2.654  +0.0905    0.0169    1.438  +0.5176 -0.3318   -0.7960
V3wB   +0.9121     2.667  +0.0977    0.0166    1.409  +0.5195 -0.2165   -0.5246
V3sB   +0.8910     2.722  +0.1019    0.0158    1.342  +0.5046 -0.2003   -0.5492

per-domain yaw_rate (R2 | medAE | nMedAE):
  A0    pai +0.9035 0.0255 3.191   cm +0.0114 0.0201 1.437
  B0    pai +0.8508 0.0226 2.832   cm +0.0032 0.0155 1.108
  B1    pai +0.8429 0.0263 3.294   cm +0.0112 0.0138 0.988
  B2    pai +0.8533 0.0234 2.925   cm +0.0096 0.0137 0.978
  B3    pai +0.8367 0.0284 3.560   cm +0.0143 0.0134 0.955
  B4    pai +0.7940 0.0253 3.164   cm +0.0026 0.0138 0.990
  B5    pai +0.7557 0.0283 3.540   cm +0.0072 0.0124 0.890
  S2    pai +0.8387 0.0275 3.444   cm +0.0028 0.0161 1.150
  S3    pai +0.8194 0.0325 4.066   cm +0.0058 0.0171 1.224
  S4    pai +0.8466 0.0282 3.532   cm -0.0073 0.0148 1.060
  S5    pai +0.8484 0.0235 2.939   cm +0.0014 0.0162 1.157
  S6    pai +0.8417 0.0230 2.876   cm +0.0184 0.0131 0.934
  S7    pai +0.8417 0.0230 2.876   cm +0.0184 0.0131 0.934
  P1    pai +0.8558 0.0250 3.133   cm -0.0043 0.0191 1.370
  V2    pai +0.7895 0.0243 3.047   cm -0.0024 0.0125 0.891
  V2s   pai +0.8023 0.0183 2.294   cm -0.0115 0.0139 0.995
  V2w   pai +0.7659 0.0227 2.838   cm +0.0077 0.0156 1.114
  V3    pai +0.7969 0.0258 3.234   cm +0.0152 0.0135 0.969
  V3s   pai +0.8141 0.0247 3.088   cm +0.0121 0.0137 0.980
  V3w   pai +0.7407 0.0237 2.963   cm +0.0132 0.0155 1.106
  V3wB  pai +0.8265 0.0220 2.758   cm +0.0121 0.0152 1.090
  V3sB  pai +0.8598 0.0240 3.002   cm +0.0131 0.0138 0.989

per-domain speed (R2 | MAE):
  A0    pai +0.9070 2.442   cm +0.7590 3.217
  B0    pai +0.5143 4.841   cm +0.7973 3.063
  B1    pai +0.5499 4.675   cm +0.7948 3.096
  B2    pai +0.2738 5.529   cm +0.7551 3.450
  B3    pai +0.8386 3.020   cm +0.8261 3.003
  B4    pai +0.7581 3.613   cm +0.8420 2.907
  B5    pai +0.8236 3.190   cm +0.8112 3.087
  S2    pai +0.1729 5.934   cm +0.7568 3.429
  S3    pai +0.8316 3.162   cm +0.8488 2.840
  S4    pai +0.5635 4.656   cm +0.7589 3.491
  S5    pai +0.5719 4.545   cm +0.7822 3.212
  S6    pai -0.3405 10.055   cm +0.5412 5.164
  S7    pai -0.3405 10.055   cm +0.5412 5.164
  P1    pai +0.5343 4.764   cm +0.7844 3.163
  V2    pai +0.8384 3.248   cm +0.8362 3.027
  V2s   pai +0.8076 3.172   cm +0.8460 2.818
  V2w   pai +0.8452 2.966   cm +0.8285 3.027
  V3    pai +0.8033 3.348   cm +0.8389 2.974
  V3s   pai +0.8322 3.026   cm +0.8560 2.709
  V3w   pai +0.8771 2.640   cm +0.8713 2.659
  V3wB  pai +0.8659 2.954   cm +0.8842 2.551
  V3sB  pai +0.8277 2.886   cm +0.8596 2.656

PAIRED vs A0 (negative delta = v2 BETTER; separated = CI excludes 0):
  B0   speed      dMAE +0.5785 [-0.3056,+1.6481] sep=False
  B0   yaw_rate   dMAE -0.0028 [-0.0058,-0.0000] sep=True
  B0   yaw@pai    dMedAE -0.00290 [-0.00750,+0.00260] sep=False
  B0   ADE@2s     dADE +0.7598 [-0.3344,+2.0988] sep=False
  B1   speed      dMAE +0.5543 [-0.2948,+1.5472] sep=False
  B1   yaw_rate   dMAE -0.0037 [-0.0068,-0.0003] sep=True
  B1   yaw@pai    dMedAE +0.00080 [-0.00590,+0.00660] sep=False
  B1   ADE@2s     dADE +0.7397 [-0.2981,+1.9792] sep=False
  B2   speed      dMAE +1.0520 [+0.0613,+2.3140] sep=True
  B2   yaw_rate   dMAE -0.0044 [-0.0072,-0.0015] sep=True
  B2   yaw@pai    dMedAE -0.00210 [-0.00690,+0.00360] sep=False
  B2   ADE@2s     dADE +0.8258 [-0.1959,+2.0797] sep=False
  B3   speed      dMAE +0.0134 [-0.6242,+0.7498] sep=False
  B3   yaw_rate   dMAE -0.0034 [-0.0070,+0.0003] sep=False
  B3   yaw@pai    dMedAE +0.00290 [-0.00560,+0.01320] sep=False
  B3   ADE@2s     dADE +0.1851 [-0.6071,+1.0474] sep=False
  B4   speed      dMAE +0.1152 [-0.6148,+0.9178] sep=False
  B4   yaw_rate   dMAE -0.0027 [-0.0064,+0.0014] sep=False
  B4   yaw@pai    dMedAE -0.00020 [-0.00600,+0.00640] sep=False
  B4   ADE@2s     dADE +0.0934 [-0.7490,+1.0249] sep=False
  B5   speed      dMAE +0.1223 [-0.5693,+0.8645] sep=False
  B5   yaw_rate   dMAE -0.0019 [-0.0062,+0.0030] sep=False
  B5   yaw@pai    dMedAE +0.00280 [-0.00510,+0.01230] sep=False
  B5   ADE@2s     dADE +0.0352 [-0.7610,+0.9047] sep=False
  S2   speed      dMAE +1.1526 [+0.1004,+2.5157] sep=True
  S2   yaw_rate   dMAE -0.0018 [-0.0050,+0.0016] sep=False
  S2   yaw@pai    dMedAE +0.00200 [-0.00460,+0.01060] sep=False
  S2   ADE@2s     dADE +0.9078 [-0.2671,+2.3632] sep=False
  S3   speed      dMAE -0.0620 [-0.6822,+0.6177] sep=False
  S3   yaw_rate   dMAE +0.0004 [-0.0032,+0.0040] sep=False
  S3   yaw@pai    dMedAE +0.00700 [-0.00080,+0.01880] sep=False
  S3   ADE@2s     dADE -0.0476 [-0.8174,+0.7737] sep=False
  S4   speed      dMAE +0.8306 [+0.0002,+1.8922] sep=True
  S4   yaw_rate   dMAE -0.0025 [-0.0055,+0.0006] sep=False
  S4   yaw@pai    dMedAE +0.00270 [-0.00240,+0.00800] sep=False
  S4   ADE@2s     dADE +1.0313 [-0.0156,+2.3663] sep=False
  S5   speed      dMAE +0.5994 [-0.2411,+1.5984] sep=False
  S5   yaw_rate   dMAE -0.0023 [-0.0052,+0.0007] sep=False
  S5   yaw@pai    dMedAE -0.00200 [-0.00740,+0.00410] sep=False
  S5   ADE@2s     dADE +0.8113 [-0.2314,+2.0734] sep=False
  S6   speed      dMAE +3.5725 [+2.2244,+5.0988] sep=True
  S6   yaw_rate   dMAE -0.0048 [-0.0078,-0.0018] sep=True
  S6   yaw@pai    dMedAE -0.00250 [-0.00760,+0.00330] sep=False
  S6   ADE@2s     dADE +4.4880 [+2.7941,+6.4483] sep=True
  S7   speed      dMAE +3.5725 [+2.2244,+5.0988] sep=True
  S7   yaw_rate   dMAE -0.0048 [-0.0078,-0.0018] sep=True
  S7   yaw@pai    dMedAE -0.00250 [-0.00760,+0.00330] sep=False
  S7   ADE@2s     dADE +4.4880 [+2.7941,+6.4483] sep=True
  P1   speed      dMAE +0.6278 [-0.2296,+1.6872] sep=False
  P1   yaw_rate   dMAE -0.0000 [-0.0030,+0.0030] sep=False
  P1   yaw@pai    dMedAE -0.00050 [-0.00660,+0.00730] sep=False
  P1   ADE@2s     dADE +0.8138 [-0.2441,+2.1138] sep=False
  V2   speed      dMAE +0.0957 [-0.5251,+0.7692] sep=False
  V2   yaw_rate   dMAE -0.0030 [-0.0070,+0.0015] sep=False
  V2   yaw@pai    dMedAE -0.00110 [-0.00770,+0.00920] sep=False
  V2   ADE@2s     dADE +0.1355 [-0.6192,+0.9703] sep=False
  V2s  speed      dMAE -0.0750 [-0.7001,+0.6497] sep=False
  V2s  yaw_rate   dMAE -0.0033 [-0.0072,+0.0006] sep=False
  V2s  yaw@pai    dMedAE -0.00720 [-0.01150,-0.00120] sep=True
  V2s  ADE@2s     dADE +0.0475 [-0.7036,+0.9062] sep=False
  V2w  speed      dMAE +0.0150 [-0.5646,+0.6627] sep=False
  V2w  yaw_rate   dMAE -0.0023 [-0.0066,+0.0025] sep=False
  V2w  yaw@pai    dMedAE -0.00280 [-0.00890,+0.00780] sep=False
  V2w  ADE@2s     dADE +0.1270 [-0.5840,+0.9036] sep=False
  V3   speed      dMAE +0.0866 [-0.5298,+0.7888] sep=False
  V3   yaw_rate   dMAE -0.0031 [-0.0067,+0.0008] sep=False
  V3   yaw@pai    dMedAE +0.00030 [-0.00540,+0.00860] sep=False
  V3   ADE@2s     dADE +0.1337 [-0.6076,+1.0000] sep=False
  V3s  speed      dMAE -0.1946 [-0.7776,+0.4694] sep=False
  V3s  yaw_rate   dMAE -0.0030 [-0.0070,+0.0013] sep=False
  V3s  yaw@pai    dMedAE -0.00080 [-0.00910,+0.01080] sep=False
  V3s  ADE@2s     dADE -0.0335 [-0.7474,+0.7378] sep=False
  V3w  speed      dMAE -0.3408 [-0.9291,+0.2670] sep=False
  V3w  yaw_rate   dMAE -0.0011 [-0.0058,+0.0047] sep=False
  V3w  yaw@pai    dMedAE -0.00180 [-0.00870,+0.01030] sep=False
  V3w  ADE@2s     dADE -0.2537 [-0.9858,+0.4914] sep=False
  V3wB speed      dMAE -0.3277 [-0.9759,+0.3400] sep=False
  V3wB yaw_rate   dMAE -0.0033 [-0.0068,+0.0004] sep=False
  V3wB yaw@pai    dMedAE -0.00350 [-0.00740,+0.00190] sep=False
  V3wB ADE@2s     dADE -0.2215 [-1.0112,+0.6004] sep=False
  V3sB speed      dMAE -0.2724 [-0.9187,+0.4520] sep=False
  V3sB yaw_rate   dMAE -0.0047 [-0.0078,-0.0018] sep=True
  V3sB yaw@pai    dMedAE -0.00150 [-0.00660,+0.00500] sep=False
  V3sB ADE@2s     dADE -0.1035 [-0.8812,+0.7869] sep=False
