=== FLOOR panel_cl_ha0 (arm=cl_ha0 starts 0,17,34,51,68,85,102,119,136 x 50) --cull-scale-quantile 0.95 --sky-gain 0.3 ===
[rend] scene ready: 3105514 gaussians {'background': 2382789, 'road': 722725} in 1.5s
06:55:48.902 INFO: scale cull: {'quantile': 0.95, 'scale_thresh_m': 1.4263, 'n_dropped': 153506, 'n_kept': 2952008}
06:55:48.909 INFO: gated sky ON: gain=0.30 ramp 0.0-6.0 deg above horizon
06:55:48.914 INFO: camera: 1920x1080 cx=958.4 cy=751.2 poly1=945.1 (transport=inproc)
06:55:48.915 INFO: GT: 599 camera frames -> 199 ticks at 10 Hz (stride 3)
06:55:48.990 INFO: lead geometry probe active (half_len=1.542 m, 5 conditions)
06:55:50.182 INFO: cl_ha0 t0: f0=9 a0=+0.1044 m/s^2 omega0=+0.00209 rad/s kappa0=+0.000103 1/m (v_bwd=20.2024 m/s)
06:55:50.278 INFO: cl_ha0  k=  0  v=20.22  steer=+0.000  nav=follow
06:55:51.746 INFO: cl_ha0  k= 20  v=20.22  steer=+0.000  nav=follow
06:55:53.195 INFO: cl_ha0  k= 40  v=20.22  steer=+0.000  nav=follow
06:55:53.835 INFO: start 0 done: 50 steps in 4.8s (0.10 s/step, render 67 ms)
06:55:54.613 INFO: cl_ha0 t0: f0=26 a0=+2.0150 m/s^2 omega0=-0.00513 rad/s kappa0=-0.000259 1/m (v_bwd=19.8488 m/s)
06:55:54.708 INFO: cl_ha0  k=  0  v=19.79  steer=+0.000  nav=follow
06:55:56.159 INFO: cl_ha0  k= 20  v=19.79  steer=+0.000  nav=follow
06:55:57.589 INFO: cl_ha0  k= 40  v=19.79  steer=+0.000  nav=follow
06:55:58.215 INFO: start 17 done: 50 steps in 4.4s (0.09 s/step, render 61 ms)
06:55:58.977 INFO: cl_ha0 t0: f0=43 a0=-1.1451 m/s^2 omega0=-0.00406 rad/s kappa0=-0.000216 1/m (v_bwd=18.7543 m/s)
06:55:59.068 INFO: cl_ha0  k=  0  v=18.74  steer=+0.000  nav=follow
06:56:00.508 INFO: cl_ha0  k= 20  v=18.74  steer=+0.000  nav=follow
06:56:01.906 INFO: cl_ha0  k= 40  v=18.74  steer=+0.000  nav=follow
06:56:02.513 INFO: start 34 done: 50 steps in 4.3s (0.09 s/step, render 60 ms)
06:56:03.276 INFO: cl_ha0 t0: f0=60 a0=-1.1589 m/s^2 omega0=-0.01654 rad/s kappa0=-0.000925 1/m (v_bwd=17.8761 m/s)
06:56:03.370 INFO: cl_ha0  k=  0  v=17.77  steer=+0.000  nav=follow
06:56:04.778 INFO: cl_ha0  k= 20  v=17.77  steer=+0.000  nav=follow
06:56:06.135 INFO: cl_ha0  k= 40  v=17.77  steer=+0.000  nav=follow
06:56:06.705 INFO: start 51 done: 50 steps in 4.2s (0.08 s/step, render 58 ms)
06:56:07.449 INFO: cl_ha0 t0: f0=77 a0=-0.3653 m/s^2 omega0=-0.06501 rad/s kappa0=-0.004145 1/m (v_bwd=15.6831 m/s)
06:56:07.542 INFO: cl_ha0  k=  0  v=15.59  steer=+0.000  nav=follow
06:56:08.919 INFO: cl_ha0  k= 20  v=15.59  steer=+0.000  nav=follow
06:56:10.235 INFO: cl_ha0  k= 40  v=15.59  steer=+0.000  nav=follow
06:56:10.804 INFO: start 68 done: 50 steps in 4.1s (0.08 s/step, render 57 ms)
06:56:11.527 INFO: cl_ha0 t0: f0=94 a0=-2.0501 m/s^2 omega0=-0.08602 rad/s kappa0=-0.006423 1/m (v_bwd=13.3938 m/s)
06:56:11.617 INFO: cl_ha0  k=  0  v=13.27  steer=+0.000  nav=follow
06:56:12.979 INFO: cl_ha0  k= 20  v=13.27  steer=+0.000  nav=follow
06:56:14.278 INFO: cl_ha0  k= 40  v=13.27  steer=+0.000  nav=follow
06:56:14.835 INFO: start 85 done: 50 steps in 4.0s (0.08 s/step, render 55 ms)
06:56:15.559 INFO: cl_ha0 t0: f0=111 a0=-0.5336 m/s^2 omega0=-0.08986 rad/s kappa0=-0.007346 1/m (v_bwd=12.2335 m/s)
06:56:15.651 INFO: cl_ha0  k=  0  v=12.16  steer=+0.000  nav=follow
06:56:16.991 INFO: cl_ha0  k= 20  v=12.16  steer=+0.000  nav=follow
06:56:18.287 INFO: cl_ha0  k= 40  v=12.16  steer=+0.000  nav=follow
06:56:18.848 INFO: start 102 done: 50 steps in 4.0s (0.08 s/step, render 55 ms)
06:56:19.566 INFO: cl_ha0 t0: f0=128 a0=+0.9934 m/s^2 omega0=-0.06464 rad/s kappa0=-0.005294 1/m (v_bwd=12.2089 m/s)
06:56:19.656 INFO: cl_ha0  k=  0  v=12.16  steer=+0.000  nav=follow
06:56:20.990 INFO: cl_ha0  k= 20  v=12.16  steer=+0.000  nav=follow
06:56:22.260 INFO: cl_ha0  k= 40  v=12.16  steer=+0.000  nav=follow
06:56:22.800 INFO: start 119 done: 50 steps in 4.0s (0.08 s/step, render 54 ms)
06:56:23.497 INFO: cl_ha0 t0: f0=145 a0=+0.6168 m/s^2 omega0=-0.05960 rad/s kappa0=-0.004697 1/m (v_bwd=12.6901 m/s)
06:56:23.580 INFO: cl_ha0  k=  0  v=12.69  steer=+0.000  nav=follow
06:56:24.852 INFO: cl_ha0  k= 20  v=12.69  steer=+0.000  nav=follow
06:56:26.058 INFO: cl_ha0  k= 40  v=12.69  steer=+0.000  nav=follow
06:56:26.584 INFO: start 136 done: 50 steps in 3.8s (0.08 s/step, render 52 ms)
06:56:26.593 INFO: wrote /home/nvidia/cl_out_floor/panel_cl_ha0/rollouts_cl_ha0_empty.json (9 rollouts)
OK__panel_cl_ha0
=== FLOOR panel_cl_ha (arm=cl_ha starts 0,17,34,51,68,85,102,119,136 x 50) --cull-scale-quantile 0.95 --sky-gain 0.3 ===
[rend] scene ready: 3105514 gaussians {'background': 2382789, 'road': 722725} in 1.5s
06:56:29.871 INFO: scale cull: {'quantile': 0.95, 'scale_thresh_m': 1.4263, 'n_dropped': 153506, 'n_kept': 2952008}
06:56:29.878 INFO: gated sky ON: gain=0.30 ramp 0.0-6.0 deg above horizon
06:56:29.883 INFO: camera: 1920x1080 cx=958.4 cy=751.2 poly1=945.1 (transport=inproc)
06:56:29.884 INFO: GT: 599 camera frames -> 199 ticks at 10 Hz (stride 3)
06:56:29.961 INFO: lead geometry probe active (half_len=1.542 m, 5 conditions)
06:56:31.165 INFO: cl_ha t0: f0=9 a0=+0.1044 m/s^2 omega0=+0.00209 rad/s kappa0=+0.000103 1/m (v_bwd=20.2024 m/s)
06:56:31.273 INFO: cl_ha  k=  0  v=20.23  steer=+0.000  nav=follow
06:56:32.755 INFO: cl_ha  k= 20  v=20.31  steer=+0.000  nav=follow
06:56:34.211 INFO: cl_ha  k= 40  v=20.39  steer=+0.000  nav=follow
06:56:34.860 INFO: start 0 done: 50 steps in 4.9s (0.10 s/step, render 67 ms)
06:56:35.638 INFO: cl_ha t0: f0=26 a0=+2.0150 m/s^2 omega0=-0.00513 rad/s kappa0=-0.000259 1/m (v_bwd=19.8488 m/s)
06:56:35.735 INFO: cl_ha  k=  0  v=19.87  steer=-0.001  nav=follow
06:56:37.200 INFO: cl_ha  k= 20  v=21.48  steer=-0.001  nav=follow
06:56:38.646 INFO: cl_ha  k= 40  v=23.10  steer=-0.001  nav=follow
06:56:39.266 INFO: start 17 done: 50 steps in 4.4s (0.09 s/step, render 61 ms)
06:56:40.032 INFO: cl_ha t0: f0=43 a0=-1.1451 m/s^2 omega0=-0.00406 rad/s kappa0=-0.000216 1/m (v_bwd=18.7543 m/s)
06:56:40.127 INFO: cl_ha  k=  0  v=18.69  steer=-0.000  nav=follow
06:56:41.573 INFO: cl_ha  k= 20  v=17.78  steer=-0.000  nav=follow
06:56:42.975 INFO: cl_ha  k= 40  v=16.86  steer=-0.000  nav=follow
06:56:43.588 INFO: start 34 done: 50 steps in 4.3s (0.09 s/step, render 60 ms)
06:56:44.345 INFO: cl_ha t0: f0=60 a0=-1.1589 m/s^2 omega0=-0.01654 rad/s kappa0=-0.000925 1/m (v_bwd=17.8761 m/s)
06:56:44.388 INFO: cl_ha  k=  0  v=17.72  steer=-0.002  nav=follow
06:56:45.772 INFO: cl_ha  k= 20  v=16.80  steer=-0.002  nav=follow
06:56:47.115 INFO: cl_ha  k= 40  v=15.87  steer=-0.002  nav=follow
06:56:47.703 INFO: start 51 done: 50 steps in 4.1s (0.08 s/step, render 57 ms)
06:56:48.443 INFO: cl_ha t0: f0=77 a0=-0.3653 m/s^2 omega0=-0.06501 rad/s kappa0=-0.004145 1/m (v_bwd=15.6831 m/s)
06:56:48.533 INFO: cl_ha  k=  0  v=15.57  steer=-0.009  nav=follow
06:56:49.925 INFO: cl_ha  k= 20  v=15.27  steer=-0.009  nav=follow
06:56:51.275 INFO: cl_ha  k= 40  v=14.97  steer=-0.009  nav=follow
06:56:51.850 INFO: start 68 done: 50 steps in 4.1s (0.08 s/step, render 57 ms)
06:56:52.573 INFO: cl_ha t0: f0=94 a0=-2.0501 m/s^2 omega0=-0.08602 rad/s kappa0=-0.006423 1/m (v_bwd=13.3938 m/s)
06:56:52.666 INFO: cl_ha  k=  0  v=13.18  steer=-0.014  nav=follow
06:56:54.047 INFO: cl_ha  k= 20  v=11.53  steer=-0.014  nav=follow
06:56:55.381 INFO: cl_ha  k= 40  v=9.89  steer=-0.014  nav=follow
06:56:55.959 INFO: start 85 done: 50 steps in 4.1s (0.08 s/step, render 56 ms)
06:56:56.678 INFO: cl_ha t0: f0=111 a0=-0.5336 m/s^2 omega0=-0.08986 rad/s kappa0=-0.007346 1/m (v_bwd=12.2335 m/s)
06:56:56.768 INFO: cl_ha  k=  0  v=12.14  steer=-0.016  nav=follow
06:56:58.134 INFO: cl_ha  k= 20  v=11.70  steer=-0.016  nav=follow
06:56:59.426 INFO: cl_ha  k= 40  v=11.27  steer=-0.016  nav=follow
06:57:00.011 INFO: start 102 done: 50 steps in 4.1s (0.08 s/step, render 56 ms)
06:57:00.788 INFO: cl_ha t0: f0=128 a0=+0.9934 m/s^2 omega0=-0.06464 rad/s kappa0=-0.005294 1/m (v_bwd=12.2089 m/s)
06:57:00.876 INFO: cl_ha  k=  0  v=12.20  steer=-0.011  nav=follow
06:57:02.200 INFO: cl_ha  k= 20  v=12.99  steer=-0.011  nav=follow
06:57:03.484 INFO: cl_ha  k= 40  v=13.77  steer=-0.011  nav=follow
06:57:04.025 INFO: start 119 done: 50 steps in 4.0s (0.08 s/step, render 54 ms)
06:57:04.770 INFO: cl_ha t0: f0=145 a0=+0.6168 m/s^2 omega0=-0.05960 rad/s kappa0=-0.004697 1/m (v_bwd=12.6901 m/s)
06:57:04.858 INFO: cl_ha  k=  0  v=12.72  steer=-0.010  nav=follow
06:57:06.147 INFO: cl_ha  k= 20  v=13.20  steer=-0.010  nav=follow
06:57:07.351 INFO: cl_ha  k= 40  v=13.69  steer=-0.010  nav=follow
06:57:07.872 INFO: start 136 done: 50 steps in 3.8s (0.08 s/step, render 51 ms)
06:57:07.882 INFO: wrote /home/nvidia/cl_out_floor/panel_cl_ha/rollouts_cl_ha_empty.json (9 rollouts)
OK__panel_cl_ha
=== FLOOR panel_cl_ha0_ext (arm=cl_ha0_ext starts 0,17,34,51,68,85,102,119,136 x 50) --cull-scale-quantile 0.95 --sky-gain 0.3 ===
[rend] scene ready: 3105514 gaussians {'background': 2382789, 'road': 722725} in 1.5s
06:57:11.090 INFO: scale cull: {'quantile': 0.95, 'scale_thresh_m': 1.4263, 'n_dropped': 153506, 'n_kept': 2952008}
06:57:11.096 INFO: gated sky ON: gain=0.30 ramp 0.0-6.0 deg above horizon
06:57:11.102 INFO: camera: 1920x1080 cx=958.4 cy=751.2 poly1=945.1 (transport=inproc)
06:57:11.102 INFO: GT: 599 camera frames -> 199 ticks at 10 Hz (stride 3)
06:57:11.181 INFO: lead geometry probe active (half_len=1.542 m, 5 conditions)
06:57:12.375 INFO: cl_ha0_ext t0: f0=9 a0=+0.1044 m/s^2 omega0=+0.00209 rad/s kappa0=+0.000103 1/m (v_bwd=20.2024 m/s)
06:57:12.484 INFO: cl_ha0_ext  k=  0  v=20.23  steer=+0.000  nav=follow
06:57:13.966 INFO: cl_ha0_ext  k= 20  v=20.31  steer=+0.000  nav=follow
06:57:15.427 INFO: cl_ha0_ext  k= 40  v=20.39  steer=+0.000  nav=follow
06:57:16.069 INFO: start 0 done: 50 steps in 4.9s (0.10 s/step, render 67 ms)
06:57:16.845 INFO: cl_ha0_ext t0: f0=26 a0=+2.0150 m/s^2 omega0=-0.00513 rad/s kappa0=-0.000259 1/m (v_bwd=19.8488 m/s)
06:57:16.939 INFO: cl_ha0_ext  k=  0  v=19.87  steer=-0.001  nav=follow
06:57:18.402 INFO: cl_ha0_ext  k= 20  v=21.48  steer=-0.001  nav=follow
06:57:19.844 INFO: cl_ha0_ext  k= 40  v=23.10  steer=-0.000  nav=follow
06:57:20.466 INFO: start 17 done: 50 steps in 4.4s (0.09 s/step, render 61 ms)
06:57:21.229 INFO: cl_ha0_ext t0: f0=43 a0=-1.1451 m/s^2 omega0=-0.00406 rad/s kappa0=-0.000216 1/m (v_bwd=18.7543 m/s)
06:57:21.322 INFO: cl_ha0_ext  k=  0  v=18.69  steer=-0.000  nav=follow
06:57:22.779 INFO: cl_ha0_ext  k= 20  v=17.78  steer=-0.000  nav=follow
06:57:24.190 INFO: cl_ha0_ext  k= 40  v=16.86  steer=-0.001  nav=follow
06:57:24.804 INFO: start 34 done: 50 steps in 4.3s (0.09 s/step, render 60 ms)
06:57:25.558 INFO: cl_ha0_ext t0: f0=60 a0=-1.1589 m/s^2 omega0=-0.01654 rad/s kappa0=-0.000925 1/m (v_bwd=17.8761 m/s)
06:57:25.651 INFO: cl_ha0_ext  k=  0  v=17.72  steer=-0.002  nav=follow
06:57:27.066 INFO: cl_ha0_ext  k= 20  v=16.80  steer=-0.002  nav=follow
06:57:28.440 INFO: cl_ha0_ext  k= 40  v=15.87  steer=-0.002  nav=follow
06:57:29.036 INFO: start 51 done: 50 steps in 4.2s (0.08 s/step, render 59 ms)
06:57:29.778 INFO: cl_ha0_ext t0: f0=77 a0=-0.3653 m/s^2 omega0=-0.06501 rad/s kappa0=-0.004145 1/m (v_bwd=15.6831 m/s)
06:57:29.872 INFO: cl_ha0_ext  k=  0  v=15.57  steer=-0.009  nav=follow
06:57:31.271 INFO: cl_ha0_ext  k= 20  v=15.27  steer=-0.009  nav=follow
06:57:32.631 INFO: cl_ha0_ext  k= 40  v=14.97  steer=-0.009  nav=follow
06:57:33.208 INFO: start 68 done: 50 steps in 4.2s (0.08 s/step, render 57 ms)
06:57:33.936 INFO: cl_ha0_ext t0: f0=94 a0=-2.0501 m/s^2 omega0=-0.08602 rad/s kappa0=-0.006423 1/m (v_bwd=13.3938 m/s)
06:57:34.027 INFO: cl_ha0_ext  k=  0  v=13.18  steer=-0.014  nav=follow
06:57:35.409 INFO: cl_ha0_ext  k= 20  v=11.53  steer=-0.016  nav=follow
06:57:36.777 INFO: cl_ha0_ext  k= 40  v=9.88  steer=-0.019  nav=follow
06:57:37.379 INFO: start 85 done: 50 steps in 4.2s (0.08 s/step, render 57 ms)
06:57:38.102 INFO: cl_ha0_ext t0: f0=111 a0=-0.5336 m/s^2 omega0=-0.08986 rad/s kappa0=-0.007346 1/m (v_bwd=12.2335 m/s)
06:57:38.194 INFO: cl_ha0_ext  k=  0  v=12.14  steer=-0.016  nav=follow
06:57:39.558 INFO: cl_ha0_ext  k= 20  v=11.70  steer=-0.017  nav=follow
06:57:40.852 INFO: cl_ha0_ext  k= 40  v=11.26  steer=-0.017  nav=follow
06:57:41.440 INFO: start 102 done: 50 steps in 4.1s (0.08 s/step, render 56 ms)
06:57:42.211 INFO: cl_ha0_ext t0: f0=128 a0=+0.9934 m/s^2 omega0=-0.06464 rad/s kappa0=-0.005294 1/m (v_bwd=12.2089 m/s)
06:57:42.300 INFO: cl_ha0_ext  k=  0  v=12.20  steer=-0.011  nav=follow
06:57:43.624 INFO: cl_ha0_ext  k= 20  v=12.99  steer=-0.011  nav=follow
06:57:44.897 INFO: cl_ha0_ext  k= 40  v=13.77  steer=-0.010  nav=follow
06:57:45.433 INFO: start 119 done: 50 steps in 4.0s (0.08 s/step, render 54 ms)
06:57:46.181 INFO: cl_ha0_ext t0: f0=145 a0=+0.6168 m/s^2 omega0=-0.05960 rad/s kappa0=-0.004697 1/m (v_bwd=12.6901 m/s)
06:57:46.269 INFO: cl_ha0_ext  k=  0  v=12.72  steer=-0.010  nav=follow
06:57:47.548 INFO: cl_ha0_ext  k= 20  v=13.20  steer=-0.010  nav=follow
06:57:48.755 INFO: cl_ha0_ext  k= 40  v=13.69  steer=-0.009  nav=follow
06:57:49.279 INFO: start 136 done: 50 steps in 3.8s (0.08 s/step, render 51 ms)
06:57:49.289 INFO: wrote /home/nvidia/cl_out_floor/panel_cl_ha0_ext/rollouts_cl_ha0_ext_empty.json (9 rollouts)
OK__panel_cl_ha0_ext
=== FLOOR repro_cl_ha0 (arm=cl_ha0 starts 0,17,34,51,68,85,102,119,136 x 50) --cull-scale-quantile 0.95 --sky-gain 0.3 ===
[rend] scene ready: 3105514 gaussians {'background': 2382789, 'road': 722725} in 1.5s
06:57:52.501 INFO: scale cull: {'quantile': 0.95, 'scale_thresh_m': 1.4263, 'n_dropped': 153506, 'n_kept': 2952008}
06:57:52.508 INFO: gated sky ON: gain=0.30 ramp 0.0-6.0 deg above horizon
06:57:52.513 INFO: camera: 1920x1080 cx=958.4 cy=751.2 poly1=945.1 (transport=inproc)
06:57:52.514 INFO: GT: 599 camera frames -> 199 ticks at 10 Hz (stride 3)
06:57:52.590 INFO: lead geometry probe active (half_len=1.542 m, 5 conditions)
06:57:53.795 INFO: cl_ha0 t0: f0=9 a0=+0.1044 m/s^2 omega0=+0.00209 rad/s kappa0=+0.000103 1/m (v_bwd=20.2024 m/s)
06:57:53.894 INFO: cl_ha0  k=  0  v=20.22  steer=+0.000  nav=follow
06:57:55.361 INFO: cl_ha0  k= 20  v=20.22  steer=+0.000  nav=follow
06:57:56.805 INFO: cl_ha0  k= 40  v=20.22  steer=+0.000  nav=follow
06:57:57.446 INFO: start 0 done: 50 steps in 4.9s (0.10 s/step, render 67 ms)
06:57:58.232 INFO: cl_ha0 t0: f0=26 a0=+2.0150 m/s^2 omega0=-0.00513 rad/s kappa0=-0.000259 1/m (v_bwd=19.8488 m/s)
06:57:58.326 INFO: cl_ha0  k=  0  v=19.79  steer=+0.000  nav=follow
06:57:59.778 INFO: cl_ha0  k= 20  v=19.79  steer=+0.000  nav=follow
06:58:01.255 INFO: cl_ha0  k= 40  v=19.79  steer=+0.000  nav=follow
06:58:01.902 INFO: start 17 done: 50 steps in 4.5s (0.09 s/step, render 61 ms)
06:58:02.671 INFO: cl_ha0 t0: f0=43 a0=-1.1451 m/s^2 omega0=-0.00406 rad/s kappa0=-0.000216 1/m (v_bwd=18.7543 m/s)
06:58:02.764 INFO: cl_ha0  k=  0  v=18.74  steer=+0.000  nav=follow
06:58:04.245 INFO: cl_ha0  k= 20  v=18.74  steer=+0.000  nav=follow
06:58:05.653 INFO: cl_ha0  k= 40  v=18.74  steer=+0.000  nav=follow
06:58:06.276 INFO: start 34 done: 50 steps in 4.4s (0.09 s/step, render 60 ms)
06:58:07.041 INFO: cl_ha0 t0: f0=60 a0=-1.1589 m/s^2 omega0=-0.01654 rad/s kappa0=-0.000925 1/m (v_bwd=17.8761 m/s)
06:58:07.135 INFO: cl_ha0  k=  0  v=17.77  steer=+0.000  nav=follow
06:58:08.577 INFO: cl_ha0  k= 20  v=17.77  steer=+0.000  nav=follow
06:58:09.963 INFO: cl_ha0  k= 40  v=17.77  steer=+0.000  nav=follow
06:58:10.543 INFO: start 51 done: 50 steps in 4.3s (0.09 s/step, render 58 ms)
06:58:11.283 INFO: cl_ha0 t0: f0=77 a0=-0.3653 m/s^2 omega0=-0.06501 rad/s kappa0=-0.004145 1/m (v_bwd=15.6831 m/s)
06:58:11.357 INFO: cl_ha0  k=  0  v=15.59  steer=+0.000  nav=follow
06:58:12.752 INFO: cl_ha0  k= 20  v=15.59  steer=+0.000  nav=follow
06:58:14.101 INFO: cl_ha0  k= 40  v=15.59  steer=+0.000  nav=follow
06:58:14.679 INFO: start 68 done: 50 steps in 4.1s (0.08 s/step, render 57 ms)
06:58:15.406 INFO: cl_ha0 t0: f0=94 a0=-2.0501 m/s^2 omega0=-0.08602 rad/s kappa0=-0.006423 1/m (v_bwd=13.3938 m/s)
06:58:15.497 INFO: cl_ha0  k=  0  v=13.27  steer=+0.000  nav=follow
06:58:16.876 INFO: cl_ha0  k= 20  v=13.27  steer=+0.000  nav=follow
06:58:18.162 INFO: cl_ha0  k= 40  v=13.27  steer=+0.000  nav=follow
06:58:18.714 INFO: start 85 done: 50 steps in 4.0s (0.08 s/step, render 55 ms)
06:58:19.436 INFO: cl_ha0 t0: f0=111 a0=-0.5336 m/s^2 omega0=-0.08986 rad/s kappa0=-0.007346 1/m (v_bwd=12.2335 m/s)
06:58:19.526 INFO: cl_ha0  k=  0  v=12.16  steer=+0.000  nav=follow
06:58:20.855 INFO: cl_ha0  k= 20  v=12.16  steer=+0.000  nav=follow
06:58:22.139 INFO: cl_ha0  k= 40  v=12.16  steer=+0.000  nav=follow
06:58:22.698 INFO: start 102 done: 50 steps in 4.0s (0.08 s/step, render 55 ms)
06:58:23.413 INFO: cl_ha0 t0: f0=128 a0=+0.9934 m/s^2 omega0=-0.06464 rad/s kappa0=-0.005294 1/m (v_bwd=12.2089 m/s)
06:58:23.499 INFO: cl_ha0  k=  0  v=12.16  steer=+0.000  nav=follow
06:58:24.818 INFO: cl_ha0  k= 20  v=12.16  steer=+0.000  nav=follow
06:58:26.086 INFO: cl_ha0  k= 40  v=12.16  steer=+0.000  nav=follow
06:58:26.627 INFO: start 119 done: 50 steps in 3.9s (0.08 s/step, render 54 ms)
06:58:27.319 INFO: cl_ha0 t0: f0=145 a0=+0.6168 m/s^2 omega0=-0.05960 rad/s kappa0=-0.004697 1/m (v_bwd=12.6901 m/s)
06:58:27.405 INFO: cl_ha0  k=  0  v=12.69  steer=+0.000  nav=follow
06:58:28.674 INFO: cl_ha0  k= 20  v=12.69  steer=+0.000  nav=follow
06:58:29.878 INFO: cl_ha0  k= 40  v=12.69  steer=+0.000  nav=follow
06:58:30.404 INFO: start 136 done: 50 steps in 3.8s (0.08 s/step, render 51 ms)
06:58:30.412 INFO: wrote /home/nvidia/cl_out_floor/repro_cl_ha0/rollouts_cl_ha0_empty.json (9 rollouts)
OK__repro_cl_ha0
=== FLOOR morn_cl_ha0 (arm=cl_ha0 starts 0,17,34,51,68,85,102,119,136 x 50)  ===
[rend] scene ready: 3105514 gaussians {'background': 2382789, 'road': 722725} in 1.5s
06:58:33.402 INFO: camera: 1920x1080 cx=958.4 cy=751.2 poly1=945.1 (transport=inproc)
06:58:33.403 INFO: GT: 599 camera frames -> 199 ticks at 10 Hz (stride 3)
06:58:33.477 INFO: lead geometry probe active (half_len=1.542 m, 5 conditions)
06:58:34.376 INFO: cl_ha0 t0: f0=9 a0=+0.1044 m/s^2 omega0=+0.00209 rad/s kappa0=+0.000103 1/m (v_bwd=20.2024 m/s)
06:58:34.462 INFO: cl_ha0  k=  0  v=20.22  steer=+0.000  nav=follow
06:58:35.596 INFO: cl_ha0  k= 20  v=20.22  steer=+0.000  nav=follow
06:58:36.724 INFO: cl_ha0  k= 40  v=20.22  steer=+0.000  nav=follow
06:58:37.224 INFO: start 0 done: 50 steps in 3.7s (0.07 s/step, render 49 ms)
06:58:37.844 INFO: cl_ha0 t0: f0=26 a0=+2.0150 m/s^2 omega0=-0.00513 rad/s kappa0=-0.000259 1/m (v_bwd=19.8488 m/s)
06:58:37.922 INFO: cl_ha0  k=  0  v=19.79  steer=+0.000  nav=follow
06:58:39.048 INFO: cl_ha0  k= 20  v=19.79  steer=+0.000  nav=follow
06:58:40.172 INFO: cl_ha0  k= 40  v=19.79  steer=+0.000  nav=follow
06:58:40.659 INFO: start 17 done: 50 steps in 3.4s (0.07 s/step, render 45 ms)
06:58:41.258 INFO: cl_ha0 t0: f0=43 a0=-1.1451 m/s^2 omega0=-0.00406 rad/s kappa0=-0.000216 1/m (v_bwd=18.7543 m/s)
06:58:41.336 INFO: cl_ha0  k=  0  v=18.74  steer=+0.000  nav=follow
06:58:42.459 INFO: cl_ha0  k= 20  v=18.74  steer=+0.000  nav=follow
06:58:43.545 INFO: cl_ha0  k= 40  v=18.74  steer=+0.000  nav=follow
06:58:44.003 INFO: start 34 done: 50 steps in 3.3s (0.07 s/step, render 44 ms)
06:58:44.605 INFO: cl_ha0 t0: f0=60 a0=-1.1589 m/s^2 omega0=-0.01654 rad/s kappa0=-0.000925 1/m (v_bwd=17.8761 m/s)
06:58:44.680 INFO: cl_ha0  k=  0  v=17.77  steer=+0.000  nav=follow
06:58:45.784 INFO: cl_ha0  k= 20  v=17.77  steer=+0.000  nav=follow
06:58:46.814 INFO: cl_ha0  k= 40  v=17.77  steer=+0.000  nav=follow
06:58:47.234 INFO: start 51 done: 50 steps in 3.2s (0.06 s/step, render 42 ms)
06:58:47.824 INFO: cl_ha0 t0: f0=77 a0=-0.3653 m/s^2 omega0=-0.06501 rad/s kappa0=-0.004145 1/m (v_bwd=15.6831 m/s)
06:58:47.901 INFO: cl_ha0  k=  0  v=15.59  steer=+0.000  nav=follow
06:58:48.964 INFO: cl_ha0  k= 20  v=15.59  steer=+0.000  nav=follow
06:58:49.952 INFO: cl_ha0  k= 40  v=15.59  steer=+0.000  nav=follow
06:58:50.366 INFO: start 68 done: 50 steps in 3.1s (0.06 s/step, render 41 ms)
06:58:50.923 INFO: cl_ha0 t0: f0=94 a0=-2.0501 m/s^2 omega0=-0.08602 rad/s kappa0=-0.006423 1/m (v_bwd=13.3938 m/s)
06:58:50.999 INFO: cl_ha0  k=  0  v=13.27  steer=+0.000  nav=follow
06:58:52.032 INFO: cl_ha0  k= 20  v=13.27  steer=+0.000  nav=follow
06:58:53.001 INFO: cl_ha0  k= 40  v=13.27  steer=+0.000  nav=follow
06:58:53.412 INFO: start 85 done: 50 steps in 3.0s (0.06 s/step, render 39 ms)
06:58:53.969 INFO: cl_ha0 t0: f0=111 a0=-0.5336 m/s^2 omega0=-0.08986 rad/s kappa0=-0.007346 1/m (v_bwd=12.2335 m/s)
06:58:54.042 INFO: cl_ha0  k=  0  v=12.16  steer=+0.000  nav=follow
06:58:54.944 INFO: cl_ha0  k= 20  v=12.16  steer=+0.000  nav=follow
06:58:55.900 INFO: cl_ha0  k= 40  v=12.16  steer=+0.000  nav=follow
06:58:56.269 INFO: start 102 done: 50 steps in 2.9s (0.06 s/step, render 37 ms)
06:58:56.814 INFO: cl_ha0 t0: f0=128 a0=+0.9934 m/s^2 omega0=-0.06464 rad/s kappa0=-0.005294 1/m (v_bwd=12.2089 m/s)
06:58:56.884 INFO: cl_ha0  k=  0  v=12.16  steer=+0.000  nav=follow
06:58:57.864 INFO: cl_ha0  k= 20  v=12.16  steer=+0.000  nav=follow
06:58:58.793 INFO: cl_ha0  k= 40  v=12.16  steer=+0.000  nav=follow
06:58:59.183 INFO: start 119 done: 50 steps in 2.9s (0.06 s/step, render 37 ms)
06:58:59.708 INFO: cl_ha0 t0: f0=145 a0=+0.6168 m/s^2 omega0=-0.05960 rad/s kappa0=-0.004697 1/m (v_bwd=12.6901 m/s)
06:58:59.774 INFO: cl_ha0  k=  0  v=12.69  steer=+0.000  nav=follow
06:59:00.704 INFO: cl_ha0  k= 20  v=12.69  steer=+0.000  nav=follow
06:59:01.581 INFO: cl_ha0  k= 40  v=12.69  steer=+0.000  nav=follow
06:59:01.954 INFO: start 136 done: 50 steps in 2.8s (0.06 s/step, render 35 ms)
06:59:01.965 INFO: wrote /home/nvidia/cl_out_floor/morn_cl_ha0/rollouts_cl_ha0_empty.json (9 rollouts)
OK__morn_cl_ha0
FLOOR_PANEL_FINISHED
