[rend] scene ready: 3105514 gaussians {'background': 2382789, 'road': 722725} in 1.5s
07:03:48.563 INFO: scale cull: {'quantile': 0.95, 'scale_thresh_m': 1.4263, 'n_dropped': 153506, 'n_kept': 2952008}
07:03:48.570 INFO: gated sky ON: gain=0.30 ramp 0.0-6.0 deg
07:03:48.579 INFO: camera: 1920x1080 cx=958.4 cy=751.2
07:03:48.580 INFO: GT: 599 camera frames -> 199 ticks at 10 Hz (stride 3)
07:03:49.923 INFO: cl_ha0 t0: f0=9 a0=+0.1044 m/s^2 omega0=+0.00209 rad/s kappa0=+0.000103 1/m (v_bwd=20.2024 m/s)
07:03:49.924 INFO: cl_ha t0: f0=9 a0=+0.1044 m/s^2 omega0=+0.00209 rad/s kappa0=+0.000103 1/m (v_bwd=20.2024 m/s)
07:03:49.934 INFO: cl_ha0_ext t0: f0=9 a0=+0.1044 m/s^2 omega0=+0.00209 rad/s kappa0=+0.000103 1/m (v_bwd=20.2024 m/s)
07:03:50.048 INFO: cl_ha0 t0: f0=10 a0=+0.2092 m/s^2 omega0=+0.00254 rad/s kappa0=+0.000126 1/m (v_bwd=20.2234 m/s)
07:03:50.048 INFO: cl_ha t0: f0=10 a0=+0.2092 m/s^2 omega0=+0.00254 rad/s kappa0=+0.000126 1/m (v_bwd=20.2234 m/s)
07:03:50.049 INFO: cl_ha0_ext t0: f0=10 a0=+0.2092 m/s^2 omega0=+0.00254 rad/s kappa0=+0.000126 1/m (v_bwd=20.2234 m/s)
07:03:50.137 INFO: cl_ha0 t0: f0=11 a0=+0.2673 m/s^2 omega0=-0.00027 rad/s kappa0=-0.000013 1/m (v_bwd=20.2501 m/s)
07:03:50.138 INFO: cl_ha t0: f0=11 a0=+0.2673 m/s^2 omega0=-0.00027 rad/s kappa0=-0.000013 1/m (v_bwd=20.2501 m/s)
07:03:50.138 INFO: cl_ha0_ext t0: f0=11 a0=+0.2673 m/s^2 omega0=-0.00027 rad/s kappa0=-0.000013 1/m (v_bwd=20.2501 m/s)
07:03:50.231 INFO: cl_ha0 t0: f0=12 a0=-0.4959 m/s^2 omega0=-0.00101 rad/s kappa0=-0.000050 1/m (v_bwd=20.2005 m/s)
07:03:50.231 INFO: cl_ha t0: f0=12 a0=-0.4959 m/s^2 omega0=-0.00101 rad/s kappa0=-0.000050 1/m (v_bwd=20.2005 m/s)
07:03:50.232 INFO: cl_ha0_ext t0: f0=12 a0=-0.4959 m/s^2 omega0=-0.00101 rad/s kappa0=-0.000050 1/m (v_bwd=20.2005 m/s)
07:03:50.321 INFO: cl_ha0 t0: f0=13 a0=-0.6666 m/s^2 omega0=+0.00126 rad/s kappa0=+0.000063 1/m (v_bwd=20.1339 m/s)
07:03:50.321 INFO: cl_ha t0: f0=13 a0=-0.6666 m/s^2 omega0=+0.00126 rad/s kappa0=+0.000063 1/m (v_bwd=20.1339 m/s)
07:03:50.322 INFO: cl_ha0_ext t0: f0=13 a0=-0.6666 m/s^2 omega0=+0.00126 rad/s kappa0=+0.000063 1/m (v_bwd=20.1339 m/s)
07:03:50.411 INFO: cl_ha0 t0: f0=14 a0=-0.2581 m/s^2 omega0=-0.00033 rad/s kappa0=-0.000017 1/m (v_bwd=20.1080 m/s)
07:03:50.411 INFO: cl_ha t0: f0=14 a0=-0.2581 m/s^2 omega0=-0.00033 rad/s kappa0=-0.000017 1/m (v_bwd=20.1080 m/s)
07:03:50.411 INFO: cl_ha0_ext t0: f0=14 a0=-0.2581 m/s^2 omega0=-0.00033 rad/s kappa0=-0.000017 1/m (v_bwd=20.1080 m/s)
07:03:50.501 INFO: cl_ha0 t0: f0=15 a0=-0.4175 m/s^2 omega0=-0.00706 rad/s kappa0=-0.000352 1/m (v_bwd=20.0663 m/s)
07:03:50.501 INFO: cl_ha t0: f0=15 a0=-0.4175 m/s^2 omega0=-0.00706 rad/s kappa0=-0.000352 1/m (v_bwd=20.0663 m/s)
07:03:50.501 INFO: cl_ha0_ext t0: f0=15 a0=-0.4175 m/s^2 omega0=-0.00706 rad/s kappa0=-0.000352 1/m (v_bwd=20.0663 m/s)
07:03:50.590 INFO: cl_ha0 t0: f0=16 a0=+0.8940 m/s^2 omega0=-0.01339 rad/s kappa0=-0.000664 1/m (v_bwd=20.1557 m/s)
07:03:50.590 INFO: cl_ha t0: f0=16 a0=+0.8940 m/s^2 omega0=-0.01339 rad/s kappa0=-0.000664 1/m (v_bwd=20.1557 m/s)
07:03:50.590 INFO: cl_ha0_ext t0: f0=16 a0=+0.8940 m/s^2 omega0=-0.01339 rad/s kappa0=-0.000664 1/m (v_bwd=20.1557 m/s)
07:03:50.679 INFO: cl_ha0 t0: f0=17 a0=+0.5207 m/s^2 omega0=-0.01383 rad/s kappa0=-0.000684 1/m (v_bwd=20.2078 m/s)
07:03:50.679 INFO: cl_ha t0: f0=17 a0=+0.5207 m/s^2 omega0=-0.01383 rad/s kappa0=-0.000684 1/m (v_bwd=20.2078 m/s)
07:03:50.680 INFO: cl_ha0_ext t0: f0=17 a0=+0.5207 m/s^2 omega0=-0.01383 rad/s kappa0=-0.000684 1/m (v_bwd=20.2078 m/s)
07:03:50.767 INFO: cl_ha0 t0: f0=18 a0=-2.5744 m/s^2 omega0=-0.01241 rad/s kappa0=-0.000622 1/m (v_bwd=19.9503 m/s)
07:03:50.767 INFO: cl_ha t0: f0=18 a0=-2.5744 m/s^2 omega0=-0.01241 rad/s kappa0=-0.000622 1/m (v_bwd=19.9503 m/s)
07:03:50.768 INFO: cl_ha0_ext t0: f0=18 a0=-2.5744 m/s^2 omega0=-0.01241 rad/s kappa0=-0.000622 1/m (v_bwd=19.9503 m/s)
07:03:50.857 INFO: cl_ha0 t0: f0=19 a0=+0.4446 m/s^2 omega0=-0.01301 rad/s kappa0=-0.000651 1/m (v_bwd=19.9948 m/s)
07:03:50.857 INFO: cl_ha t0: f0=19 a0=+0.4446 m/s^2 omega0=-0.01301 rad/s kappa0=-0.000651 1/m (v_bwd=19.9948 m/s)
07:03:50.858 INFO: cl_ha0_ext t0: f0=19 a0=+0.4446 m/s^2 omega0=-0.01301 rad/s kappa0=-0.000651 1/m (v_bwd=19.9948 m/s)
07:03:50.947 INFO: cl_ha0 t0: f0=20 a0=+0.3760 m/s^2 omega0=-0.01241 rad/s kappa0=-0.000620 1/m (v_bwd=20.0324 m/s)
07:03:50.947 INFO: cl_ha t0: f0=20 a0=+0.3760 m/s^2 omega0=-0.01241 rad/s kappa0=-0.000620 1/m (v_bwd=20.0324 m/s)
07:03:50.948 INFO: cl_ha0_ext t0: f0=20 a0=+0.3760 m/s^2 omega0=-0.01241 rad/s kappa0=-0.000620 1/m (v_bwd=20.0324 m/s)
07:03:50.948 INFO: k= 20/199  v=19.96  nav=follow  render 72 ms
07:03:51.035 INFO: cl_ha0 t0: f0=21 a0=-0.6933 m/s^2 omega0=-0.01131 rad/s kappa0=-0.000566 1/m (v_bwd=19.9630 m/s)
07:03:51.035 INFO: cl_ha t0: f0=21 a0=-0.6933 m/s^2 omega0=-0.01131 rad/s kappa0=-0.000566 1/m (v_bwd=19.9630 m/s)
07:03:51.036 INFO: cl_ha0_ext t0: f0=21 a0=-0.6933 m/s^2 omega0=-0.01131 rad/s kappa0=-0.000566 1/m (v_bwd=19.9630 m/s)
07:03:51.125 INFO: cl_ha0 t0: f0=22 a0=-1.2704 m/s^2 omega0=-0.01108 rad/s kappa0=-0.000559 1/m (v_bwd=19.8360 m/s)
07:03:51.125 INFO: cl_ha t0: f0=22 a0=-1.2704 m/s^2 omega0=-0.01108 rad/s kappa0=-0.000559 1/m (v_bwd=19.8360 m/s)
07:03:51.126 INFO: cl_ha0_ext t0: f0=22 a0=-1.2704 m/s^2 omega0=-0.01108 rad/s kappa0=-0.000559 1/m (v_bwd=19.8360 m/s)
07:03:51.215 INFO: cl_ha0 t0: f0=23 a0=+0.2630 m/s^2 omega0=-0.01127 rad/s kappa0=-0.000567 1/m (v_bwd=19.8623 m/s)
07:03:51.215 INFO: cl_ha t0: f0=23 a0=+0.2630 m/s^2 omega0=-0.01127 rad/s kappa0=-0.000567 1/m (v_bwd=19.8623 m/s)
07:03:51.216 INFO: cl_ha0_ext t0: f0=23 a0=+0.2630 m/s^2 omega0=-0.01127 rad/s kappa0=-0.000567 1/m (v_bwd=19.8623 m/s)
07:03:51.305 INFO: cl_ha0 t0: f0=24 a0=-0.2698 m/s^2 omega0=-0.01072 rad/s kappa0=-0.000540 1/m (v_bwd=19.8353 m/s)
07:03:51.305 INFO: cl_ha t0: f0=24 a0=-0.2698 m/s^2 omega0=-0.01072 rad/s kappa0=-0.000540 1/m (v_bwd=19.8353 m/s)
07:03:51.306 INFO: cl_ha0_ext t0: f0=24 a0=-0.2698 m/s^2 omega0=-0.01072 rad/s kappa0=-0.000540 1/m (v_bwd=19.8353 m/s)
07:03:51.394 INFO: cl_ha0 t0: f0=25 a0=-1.8801 m/s^2 omega0=-0.00873 rad/s kappa0=-0.000444 1/m (v_bwd=19.6473 m/s)
07:03:51.394 INFO: cl_ha t0: f0=25 a0=-1.8801 m/s^2 omega0=-0.00873 rad/s kappa0=-0.000444 1/m (v_bwd=19.6473 m/s)
07:03:51.395 INFO: cl_ha0_ext t0: f0=25 a0=-1.8801 m/s^2 omega0=-0.00873 rad/s kappa0=-0.000444 1/m (v_bwd=19.6473 m/s)
07:03:51.484 INFO: cl_ha0 t0: f0=26 a0=+2.0150 m/s^2 omega0=-0.00513 rad/s kappa0=-0.000259 1/m (v_bwd=19.8488 m/s)
07:03:51.484 INFO: cl_ha t0: f0=26 a0=+2.0150 m/s^2 omega0=-0.00513 rad/s kappa0=-0.000259 1/m (v_bwd=19.8488 m/s)
07:03:51.485 INFO: cl_ha0_ext t0: f0=26 a0=+2.0150 m/s^2 omega0=-0.00513 rad/s kappa0=-0.000259 1/m (v_bwd=19.8488 m/s)
07:03:51.573 INFO: cl_ha0 t0: f0=27 a0=-0.5637 m/s^2 omega0=-0.00169 rad/s kappa0=-0.000086 1/m (v_bwd=19.7925 m/s)
07:03:51.573 INFO: cl_ha t0: f0=27 a0=-0.5637 m/s^2 omega0=-0.00169 rad/s kappa0=-0.000086 1/m (v_bwd=19.7925 m/s)
07:03:51.574 INFO: cl_ha0_ext t0: f0=27 a0=-0.5637 m/s^2 omega0=-0.00169 rad/s kappa0=-0.000086 1/m (v_bwd=19.7925 m/s)
07:03:51.660 INFO: cl_ha0 t0: f0=28 a0=-1.1730 m/s^2 omega0=+0.00028 rad/s kappa0=+0.000014 1/m (v_bwd=19.6752 m/s)
07:03:51.660 INFO: cl_ha t0: f0=28 a0=-1.1730 m/s^2 omega0=+0.00028 rad/s kappa0=+0.000014 1/m (v_bwd=19.6752 m/s)
07:03:51.661 INFO: cl_ha0_ext t0: f0=28 a0=-1.1730 m/s^2 omega0=+0.00028 rad/s kappa0=+0.000014 1/m (v_bwd=19.6752 m/s)
07:03:51.749 INFO: cl_ha0 t0: f0=29 a0=-0.3796 m/s^2 omega0=+0.00174 rad/s kappa0=+0.000089 1/m (v_bwd=19.6372 m/s)
07:03:51.749 INFO: cl_ha t0: f0=29 a0=-0.3796 m/s^2 omega0=+0.00174 rad/s kappa0=+0.000089 1/m (v_bwd=19.6372 m/s)
07:03:51.750 INFO: cl_ha0_ext t0: f0=29 a0=-0.3796 m/s^2 omega0=+0.00174 rad/s kappa0=+0.000089 1/m (v_bwd=19.6372 m/s)
07:03:51.838 INFO: cl_ha0 t0: f0=30 a0=-0.5058 m/s^2 omega0=+0.00221 rad/s kappa0=+0.000113 1/m (v_bwd=19.5866 m/s)
07:03:51.838 INFO: cl_ha t0: f0=30 a0=-0.5058 m/s^2 omega0=+0.00221 rad/s kappa0=+0.000113 1/m (v_bwd=19.5866 m/s)
07:03:51.839 INFO: cl_ha0_ext t0: f0=30 a0=-0.5058 m/s^2 omega0=+0.00221 rad/s kappa0=+0.000113 1/m (v_bwd=19.5866 m/s)
07:03:51.928 INFO: cl_ha0 t0: f0=31 a0=-0.2375 m/s^2 omega0=+0.00170 rad/s kappa0=+0.000087 1/m (v_bwd=19.5629 m/s)
07:03:51.928 INFO: cl_ha t0: f0=31 a0=-0.2375 m/s^2 omega0=+0.00170 rad/s kappa0=+0.000087 1/m (v_bwd=19.5629 m/s)
07:03:51.929 INFO: cl_ha0_ext t0: f0=31 a0=-0.2375 m/s^2 omega0=+0.00170 rad/s kappa0=+0.000087 1/m (v_bwd=19.5629 m/s)
07:03:52.017 INFO: cl_ha0 t0: f0=32 a0=-0.8556 m/s^2 omega0=+0.00215 rad/s kappa0=+0.000110 1/m (v_bwd=19.4773 m/s)
07:03:52.017 INFO: cl_ha t0: f0=32 a0=-0.8556 m/s^2 omega0=+0.00215 rad/s kappa0=+0.000110 1/m (v_bwd=19.4773 m/s)
07:03:52.018 INFO: cl_ha0_ext t0: f0=32 a0=-0.8556 m/s^2 omega0=+0.00215 rad/s kappa0=+0.000110 1/m (v_bwd=19.4773 m/s)
07:03:52.106 INFO: cl_ha0 t0: f0=33 a0=-0.5444 m/s^2 omega0=+0.00242 rad/s kappa0=+0.000124 1/m (v_bwd=19.4229 m/s)
07:03:52.106 INFO: cl_ha t0: f0=33 a0=-0.5444 m/s^2 omega0=+0.00242 rad/s kappa0=+0.000124 1/m (v_bwd=19.4229 m/s)
07:03:52.107 INFO: cl_ha0_ext t0: f0=33 a0=-0.5444 m/s^2 omega0=+0.00242 rad/s kappa0=+0.000124 1/m (v_bwd=19.4229 m/s)
07:03:52.195 INFO: cl_ha0 t0: f0=34 a0=-0.7025 m/s^2 omega0=+0.00176 rad/s kappa0=+0.000091 1/m (v_bwd=19.3526 m/s)
07:03:52.196 INFO: cl_ha t0: f0=34 a0=-0.7025 m/s^2 omega0=+0.00176 rad/s kappa0=+0.000091 1/m (v_bwd=19.3526 m/s)
07:03:52.196 INFO: cl_ha0_ext t0: f0=34 a0=-0.7025 m/s^2 omega0=+0.00176 rad/s kappa0=+0.000091 1/m (v_bwd=19.3526 m/s)
07:03:52.285 INFO: cl_ha0 t0: f0=35 a0=-0.8175 m/s^2 omega0=+0.00194 rad/s kappa0=+0.000101 1/m (v_bwd=19.2709 m/s)
07:03:52.285 INFO: cl_ha t0: f0=35 a0=-0.8175 m/s^2 omega0=+0.00194 rad/s kappa0=+0.000101 1/m (v_bwd=19.2709 m/s)
07:03:52.286 INFO: cl_ha0_ext t0: f0=35 a0=-0.8175 m/s^2 omega0=+0.00194 rad/s kappa0=+0.000101 1/m (v_bwd=19.2709 m/s)
07:03:52.374 INFO: cl_ha0 t0: f0=36 a0=+0.2361 m/s^2 omega0=+0.00249 rad/s kappa0=+0.000129 1/m (v_bwd=19.2945 m/s)
07:03:52.374 INFO: cl_ha t0: f0=36 a0=+0.2361 m/s^2 omega0=+0.00249 rad/s kappa0=+0.000129 1/m (v_bwd=19.2945 m/s)
07:03:52.375 INFO: cl_ha0_ext t0: f0=36 a0=+0.2361 m/s^2 omega0=+0.00249 rad/s kappa0=+0.000129 1/m (v_bwd=19.2945 m/s)
07:03:52.463 INFO: cl_ha0 t0: f0=37 a0=-1.2301 m/s^2 omega0=+0.00114 rad/s kappa0=+0.000059 1/m (v_bwd=19.1715 m/s)
07:03:52.463 INFO: cl_ha t0: f0=37 a0=-1.2301 m/s^2 omega0=+0.00114 rad/s kappa0=+0.000059 1/m (v_bwd=19.1715 m/s)
07:03:52.464 INFO: cl_ha0_ext t0: f0=37 a0=-1.2301 m/s^2 omega0=+0.00114 rad/s kappa0=+0.000059 1/m (v_bwd=19.1715 m/s)
07:03:52.551 INFO: cl_ha0 t0: f0=38 a0=-0.0727 m/s^2 omega0=+0.00058 rad/s kappa0=+0.000030 1/m (v_bwd=19.1642 m/s)
07:03:52.551 INFO: cl_ha t0: f0=38 a0=-0.0727 m/s^2 omega0=+0.00058 rad/s kappa0=+0.000030 1/m (v_bwd=19.1642 m/s)
07:03:52.552 INFO: cl_ha0_ext t0: f0=38 a0=-0.0727 m/s^2 omega0=+0.00058 rad/s kappa0=+0.000030 1/m (v_bwd=19.1642 m/s)
07:03:52.640 INFO: cl_ha0 t0: f0=39 a0=-1.1061 m/s^2 omega0=+0.00214 rad/s kappa0=+0.000112 1/m (v_bwd=19.0536 m/s)
07:03:52.640 INFO: cl_ha t0: f0=39 a0=-1.1061 m/s^2 omega0=+0.00214 rad/s kappa0=+0.000112 1/m (v_bwd=19.0536 m/s)
07:03:52.641 INFO: cl_ha0_ext t0: f0=39 a0=-1.1061 m/s^2 omega0=+0.00214 rad/s kappa0=+0.000112 1/m (v_bwd=19.0536 m/s)
07:03:52.729 INFO: cl_ha0 t0: f0=40 a0=-1.4679 m/s^2 omega0=+0.00150 rad/s kappa0=+0.000079 1/m (v_bwd=18.9068 m/s)
07:03:52.729 INFO: cl_ha t0: f0=40 a0=-1.4679 m/s^2 omega0=+0.00150 rad/s kappa0=+0.000079 1/m (v_bwd=18.9068 m/s)
07:03:52.730 INFO: cl_ha0_ext t0: f0=40 a0=-1.4679 m/s^2 omega0=+0.00150 rad/s kappa0=+0.000079 1/m (v_bwd=18.9068 m/s)
07:03:52.730 INFO: k= 40/199  v=18.85  nav=follow  render 72 ms
07:03:52.818 INFO: cl_ha0 t0: f0=41 a0=-0.5286 m/s^2 omega0=-0.00052 rad/s kappa0=-0.000028 1/m (v_bwd=18.8539 m/s)
07:03:52.818 INFO: cl_ha t0: f0=41 a0=-0.5286 m/s^2 omega0=-0.00052 rad/s kappa0=-0.000028 1/m (v_bwd=18.8539 m/s)
07:03:52.819 INFO: cl_ha0_ext t0: f0=41 a0=-0.5286 m/s^2 omega0=-0.00052 rad/s kappa0=-0.000028 1/m (v_bwd=18.8539 m/s)
07:03:52.907 INFO: cl_ha0 t0: f0=42 a0=+0.1490 m/s^2 omega0=-0.00270 rad/s kappa0=-0.000143 1/m (v_bwd=18.8688 m/s)
07:03:52.908 INFO: cl_ha t0: f0=42 a0=+0.1490 m/s^2 omega0=-0.00270 rad/s kappa0=-0.000143 1/m (v_bwd=18.8688 m/s)
07:03:52.908 INFO: cl_ha0_ext t0: f0=42 a0=+0.1490 m/s^2 omega0=-0.00270 rad/s kappa0=-0.000143 1/m (v_bwd=18.8688 m/s)
07:03:52.995 INFO: cl_ha0 t0: f0=43 a0=-1.1451 m/s^2 omega0=-0.00406 rad/s kappa0=-0.000216 1/m (v_bwd=18.7543 m/s)
07:03:52.996 INFO: cl_ha t0: f0=43 a0=-1.1451 m/s^2 omega0=-0.00406 rad/s kappa0=-0.000216 1/m (v_bwd=18.7543 m/s)
07:03:52.996 INFO: cl_ha0_ext t0: f0=43 a0=-1.1451 m/s^2 omega0=-0.00406 rad/s kappa0=-0.000216 1/m (v_bwd=18.7543 m/s)
07:03:53.084 INFO: cl_ha0 t0: f0=44 a0=-0.1398 m/s^2 omega0=-0.00362 rad/s kappa0=-0.000193 1/m (v_bwd=18.7404 m/s)
07:03:53.084 INFO: cl_ha t0: f0=44 a0=-0.1398 m/s^2 omega0=-0.00362 rad/s kappa0=-0.000193 1/m (v_bwd=18.7404 m/s)
07:03:53.085 INFO: cl_ha0_ext t0: f0=44 a0=-0.1398 m/s^2 omega0=-0.00362 rad/s kappa0=-0.000193 1/m (v_bwd=18.7404 m/s)
07:03:53.172 INFO: cl_ha0 t0: f0=45 a0=-0.5725 m/s^2 omega0=-0.00430 rad/s kappa0=-0.000230 1/m (v_bwd=18.6831 m/s)
07:03:53.172 INFO: cl_ha t0: f0=45 a0=-0.5725 m/s^2 omega0=-0.00430 rad/s kappa0=-0.000230 1/m (v_bwd=18.6831 m/s)
07:03:53.173 INFO: cl_ha0_ext t0: f0=45 a0=-0.5725 m/s^2 omega0=-0.00430 rad/s kappa0=-0.000230 1/m (v_bwd=18.6831 m/s)
07:03:53.260 INFO: cl_ha0 t0: f0=46 a0=+0.6561 m/s^2 omega0=-0.00606 rad/s kappa0=-0.000323 1/m (v_bwd=18.7487 m/s)
07:03:53.261 INFO: cl_ha t0: f0=46 a0=+0.6561 m/s^2 omega0=-0.00606 rad/s kappa0=-0.000323 1/m (v_bwd=18.7487 m/s)
07:03:53.261 INFO: cl_ha0_ext t0: f0=46 a0=+0.6561 m/s^2 omega0=-0.00606 rad/s kappa0=-0.000323 1/m (v_bwd=18.7487 m/s)
07:03:53.349 INFO: cl_ha0 t0: f0=47 a0=-1.1622 m/s^2 omega0=-0.00678 rad/s kappa0=-0.000364 1/m (v_bwd=18.6325 m/s)
07:03:53.349 INFO: cl_ha t0: f0=47 a0=-1.1622 m/s^2 omega0=-0.00678 rad/s kappa0=-0.000364 1/m (v_bwd=18.6325 m/s)
07:03:53.349 INFO: cl_ha0_ext t0: f0=47 a0=-1.1622 m/s^2 omega0=-0.00678 rad/s kappa0=-0.000364 1/m (v_bwd=18.6325 m/s)
07:03:53.434 INFO: cl_ha0 t0: f0=48 a0=-0.4677 m/s^2 omega0=-0.00668 rad/s kappa0=-0.000360 1/m (v_bwd=18.5857 m/s)
07:03:53.434 INFO: cl_ha t0: f0=48 a0=-0.4677 m/s^2 omega0=-0.00668 rad/s kappa0=-0.000360 1/m (v_bwd=18.5857 m/s)
07:03:53.435 INFO: cl_ha0_ext t0: f0=48 a0=-0.4677 m/s^2 omega0=-0.00668 rad/s kappa0=-0.000360 1/m (v_bwd=18.5857 m/s)
07:03:53.520 INFO: cl_ha0 t0: f0=49 a0=-0.2162 m/s^2 omega0=-0.00823 rad/s kappa0=-0.000443 1/m (v_bwd=18.5641 m/s)
07:03:53.520 INFO: cl_ha t0: f0=49 a0=-0.2162 m/s^2 omega0=-0.00823 rad/s kappa0=-0.000443 1/m (v_bwd=18.5641 m/s)
07:03:53.521 INFO: cl_ha0_ext t0: f0=49 a0=-0.2162 m/s^2 omega0=-0.00823 rad/s kappa0=-0.000443 1/m (v_bwd=18.5641 m/s)
07:03:53.603 INFO: cl_ha0 t0: f0=50 a0=-0.3280 m/s^2 omega0=-0.01124 rad/s kappa0=-0.000607 1/m (v_bwd=18.5313 m/s)
07:03:53.604 INFO: cl_ha t0: f0=50 a0=-0.3280 m/s^2 omega0=-0.01124 rad/s kappa0=-0.000607 1/m (v_bwd=18.5313 m/s)
07:03:53.604 INFO: cl_ha0_ext t0: f0=50 a0=-0.3280 m/s^2 omega0=-0.01124 rad/s kappa0=-0.000607 1/m (v_bwd=18.5313 m/s)
07:03:53.692 INFO: cl_ha0 t0: f0=51 a0=+0.1749 m/s^2 omega0=-0.01095 rad/s kappa0=-0.000591 1/m (v_bwd=18.5488 m/s)
07:03:53.692 INFO: cl_ha t0: f0=51 a0=+0.1749 m/s^2 omega0=-0.01095 rad/s kappa0=-0.000591 1/m (v_bwd=18.5488 m/s)
07:03:53.692 INFO: cl_ha0_ext t0: f0=51 a0=+0.1749 m/s^2 omega0=-0.01095 rad/s kappa0=-0.000591 1/m (v_bwd=18.5488 m/s)
07:03:53.779 INFO: cl_ha0 t0: f0=52 a0=-1.0784 m/s^2 omega0=-0.00753 rad/s kappa0=-0.000409 1/m (v_bwd=18.4410 m/s)
07:03:53.780 INFO: cl_ha t0: f0=52 a0=-1.0784 m/s^2 omega0=-0.00753 rad/s kappa0=-0.000409 1/m (v_bwd=18.4410 m/s)
07:03:53.780 INFO: cl_ha0_ext t0: f0=52 a0=-1.0784 m/s^2 omega0=-0.00753 rad/s kappa0=-0.000409 1/m (v_bwd=18.4410 m/s)
07:03:53.870 INFO: cl_ha0 t0: f0=53 a0=-0.6636 m/s^2 omega0=-0.00655 rad/s kappa0=-0.000357 1/m (v_bwd=18.3746 m/s)
07:03:53.870 INFO: cl_ha t0: f0=53 a0=-0.6636 m/s^2 omega0=-0.00655 rad/s kappa0=-0.000357 1/m (v_bwd=18.3746 m/s)
07:03:53.871 INFO: cl_ha0_ext t0: f0=53 a0=-0.6636 m/s^2 omega0=-0.00655 rad/s kappa0=-0.000357 1/m (v_bwd=18.3746 m/s)
07:03:53.958 INFO: cl_ha0 t0: f0=54 a0=-1.9610 m/s^2 omega0=-0.00769 rad/s kappa0=-0.000423 1/m (v_bwd=18.1785 m/s)
07:03:53.958 INFO: cl_ha t0: f0=54 a0=-1.9610 m/s^2 omega0=-0.00769 rad/s kappa0=-0.000423 1/m (v_bwd=18.1785 m/s)
07:03:53.959 INFO: cl_ha0_ext t0: f0=54 a0=-1.9610 m/s^2 omega0=-0.00769 rad/s kappa0=-0.000423 1/m (v_bwd=18.1785 m/s)
07:03:54.046 INFO: cl_ha0 t0: f0=55 a0=+0.1144 m/s^2 omega0=-0.00856 rad/s kappa0=-0.000470 1/m (v_bwd=18.1899 m/s)
07:03:54.046 INFO: cl_ha t0: f0=55 a0=+0.1144 m/s^2 omega0=-0.00856 rad/s kappa0=-0.000470 1/m (v_bwd=18.1899 m/s)
07:03:54.047 INFO: cl_ha0_ext t0: f0=55 a0=+0.1144 m/s^2 omega0=-0.00856 rad/s kappa0=-0.000470 1/m (v_bwd=18.1899 m/s)
07:03:54.135 INFO: cl_ha0 t0: f0=56 a0=+0.0603 m/s^2 omega0=-0.00712 rad/s kappa0=-0.000391 1/m (v_bwd=18.1960 m/s)
07:03:54.135 INFO: cl_ha t0: f0=56 a0=+0.0603 m/s^2 omega0=-0.00712 rad/s kappa0=-0.000391 1/m (v_bwd=18.1960 m/s)
07:03:54.136 INFO: cl_ha0_ext t0: f0=56 a0=+0.0603 m/s^2 omega0=-0.00712 rad/s kappa0=-0.000391 1/m (v_bwd=18.1960 m/s)
07:03:54.223 INFO: cl_ha0 t0: f0=57 a0=-0.6664 m/s^2 omega0=-0.00693 rad/s kappa0=-0.000382 1/m (v_bwd=18.1293 m/s)
07:03:54.223 INFO: cl_ha t0: f0=57 a0=-0.6664 m/s^2 omega0=-0.00693 rad/s kappa0=-0.000382 1/m (v_bwd=18.1293 m/s)
07:03:54.224 INFO: cl_ha0_ext t0: f0=57 a0=-0.6664 m/s^2 omega0=-0.00693 rad/s kappa0=-0.000382 1/m (v_bwd=18.1293 m/s)
07:03:54.311 INFO: cl_ha0 t0: f0=58 a0=-1.1355 m/s^2 omega0=-0.00923 rad/s kappa0=-0.000512 1/m (v_bwd=18.0158 m/s)
07:03:54.311 INFO: cl_ha t0: f0=58 a0=-1.1355 m/s^2 omega0=-0.00923 rad/s kappa0=-0.000512 1/m (v_bwd=18.0158 m/s)
07:03:54.312 INFO: cl_ha0_ext t0: f0=58 a0=-1.1355 m/s^2 omega0=-0.00923 rad/s kappa0=-0.000512 1/m (v_bwd=18.0158 m/s)
07:03:54.400 INFO: cl_ha0 t0: f0=59 a0=-0.2383 m/s^2 omega0=-0.01267 rad/s kappa0=-0.000704 1/m (v_bwd=17.9919 m/s)
07:03:54.400 INFO: cl_ha t0: f0=59 a0=-0.2383 m/s^2 omega0=-0.01267 rad/s kappa0=-0.000704 1/m (v_bwd=17.9919 m/s)
07:03:54.401 INFO: cl_ha0_ext t0: f0=59 a0=-0.2383 m/s^2 omega0=-0.01267 rad/s kappa0=-0.000704 1/m (v_bwd=17.9919 m/s)
07:03:54.488 INFO: cl_ha0 t0: f0=60 a0=-1.1589 m/s^2 omega0=-0.01654 rad/s kappa0=-0.000925 1/m (v_bwd=17.8761 m/s)
07:03:54.488 INFO: cl_ha t0: f0=60 a0=-1.1589 m/s^2 omega0=-0.01654 rad/s kappa0=-0.000925 1/m (v_bwd=17.8761 m/s)
07:03:54.489 INFO: cl_ha0_ext t0: f0=60 a0=-1.1589 m/s^2 omega0=-0.01654 rad/s kappa0=-0.000925 1/m (v_bwd=17.8761 m/s)
07:03:54.489 INFO: k= 60/199  v=17.77  nav=follow  render 71 ms
07:03:54.575 INFO: cl_ha0 t0: f0=61 a0=-1.0638 m/s^2 omega0=-0.01907 rad/s kappa0=-0.001073 1/m (v_bwd=17.7697 m/s)
07:03:54.575 INFO: cl_ha t0: f0=61 a0=-1.0638 m/s^2 omega0=-0.01907 rad/s kappa0=-0.001073 1/m (v_bwd=17.7697 m/s)
07:03:54.576 INFO: cl_ha0_ext t0: f0=61 a0=-1.0638 m/s^2 omega0=-0.01907 rad/s kappa0=-0.001073 1/m (v_bwd=17.7697 m/s)
07:03:54.663 INFO: cl_ha0 t0: f0=62 a0=-0.4844 m/s^2 omega0=-0.01949 rad/s kappa0=-0.001100 1/m (v_bwd=17.7212 m/s)
07:03:54.663 INFO: cl_ha t0: f0=62 a0=-0.4844 m/s^2 omega0=-0.01949 rad/s kappa0=-0.001100 1/m (v_bwd=17.7212 m/s)
07:03:54.664 INFO: cl_ha0_ext t0: f0=62 a0=-0.4844 m/s^2 omega0=-0.01949 rad/s kappa0=-0.001100 1/m (v_bwd=17.7212 m/s)
07:03:54.753 INFO: cl_ha0 t0: f0=63 a0=-1.1330 m/s^2 omega0=-0.01927 rad/s kappa0=-0.001095 1/m (v_bwd=17.6079 m/s)
07:03:54.753 INFO: cl_ha t0: f0=63 a0=-1.1330 m/s^2 omega0=-0.01927 rad/s kappa0=-0.001095 1/m (v_bwd=17.6079 m/s)
07:03:54.754 INFO: cl_ha0_ext t0: f0=63 a0=-1.1330 m/s^2 omega0=-0.01927 rad/s kappa0=-0.001095 1/m (v_bwd=17.6079 m/s)
07:03:54.842 INFO: cl_ha0 t0: f0=64 a0=-2.1770 m/s^2 omega0=-0.01919 rad/s kappa0=-0.001104 1/m (v_bwd=17.3902 m/s)
07:03:54.843 INFO: cl_ha t0: f0=64 a0=-2.1770 m/s^2 omega0=-0.01919 rad/s kappa0=-0.001104 1/m (v_bwd=17.3902 m/s)
07:03:54.843 INFO: cl_ha0_ext t0: f0=64 a0=-2.1770 m/s^2 omega0=-0.01919 rad/s kappa0=-0.001104 1/m (v_bwd=17.3902 m/s)
07:03:54.930 INFO: cl_ha0 t0: f0=65 a0=-0.8895 m/s^2 omega0=-0.02041 rad/s kappa0=-0.001179 1/m (v_bwd=17.3013 m/s)
07:03:54.931 INFO: cl_ha t0: f0=65 a0=-0.8895 m/s^2 omega0=-0.02041 rad/s kappa0=-0.001179 1/m (v_bwd=17.3013 m/s)
07:03:54.931 INFO: cl_ha0_ext t0: f0=65 a0=-0.8895 m/s^2 omega0=-0.02041 rad/s kappa0=-0.001179 1/m (v_bwd=17.3013 m/s)
07:03:55.019 INFO: cl_ha0 t0: f0=66 a0=-1.2082 m/s^2 omega0=-0.02269 rad/s kappa0=-0.001321 1/m (v_bwd=17.1805 m/s)
07:03:55.019 INFO: cl_ha t0: f0=66 a0=-1.2082 m/s^2 omega0=-0.02269 rad/s kappa0=-0.001321 1/m (v_bwd=17.1805 m/s)
07:03:55.020 INFO: cl_ha0_ext t0: f0=66 a0=-1.2082 m/s^2 omega0=-0.02269 rad/s kappa0=-0.001321 1/m (v_bwd=17.1805 m/s)
07:03:55.107 INFO: cl_ha0 t0: f0=67 a0=-1.7892 m/s^2 omega0=-0.02443 rad/s kappa0=-0.001437 1/m (v_bwd=17.0015 m/s)
07:03:55.107 INFO: cl_ha t0: f0=67 a0=-1.7892 m/s^2 omega0=-0.02443 rad/s kappa0=-0.001437 1/m (v_bwd=17.0015 m/s)
07:03:55.108 INFO: cl_ha0_ext t0: f0=67 a0=-1.7892 m/s^2 omega0=-0.02443 rad/s kappa0=-0.001437 1/m (v_bwd=17.0015 m/s)
07:03:55.193 INFO: cl_ha0 t0: f0=68 a0=-0.9597 m/s^2 omega0=-0.02733 rad/s kappa0=-0.001616 1/m (v_bwd=16.9056 m/s)
07:03:55.193 INFO: cl_ha t0: f0=68 a0=-0.9597 m/s^2 omega0=-0.02733 rad/s kappa0=-0.001616 1/m (v_bwd=16.9056 m/s)
07:03:55.194 INFO: cl_ha0_ext t0: f0=68 a0=-0.9597 m/s^2 omega0=-0.02733 rad/s kappa0=-0.001616 1/m (v_bwd=16.9056 m/s)
07:03:55.277 INFO: cl_ha0 t0: f0=69 a0=-1.2071 m/s^2 omega0=-0.03288 rad/s kappa0=-0.001959 1/m (v_bwd=16.7849 m/s)
07:03:55.278 INFO: cl_ha t0: f0=69 a0=-1.2071 m/s^2 omega0=-0.03288 rad/s kappa0=-0.001959 1/m (v_bwd=16.7849 m/s)
07:03:55.278 INFO: cl_ha0_ext t0: f0=69 a0=-1.2071 m/s^2 omega0=-0.03288 rad/s kappa0=-0.001959 1/m (v_bwd=16.7849 m/s)
07:03:55.363 INFO: cl_ha0 t0: f0=70 a0=-1.8975 m/s^2 omega0=-0.03544 rad/s kappa0=-0.002136 1/m (v_bwd=16.5951 m/s)
07:03:55.363 INFO: cl_ha t0: f0=70 a0=-1.8975 m/s^2 omega0=-0.03544 rad/s kappa0=-0.002136 1/m (v_bwd=16.5951 m/s)
07:03:55.364 INFO: cl_ha0_ext t0: f0=70 a0=-1.8975 m/s^2 omega0=-0.03544 rad/s kappa0=-0.002136 1/m (v_bwd=16.5951 m/s)
07:03:55.449 INFO: cl_ha0 t0: f0=71 a0=-1.3422 m/s^2 omega0=-0.03616 rad/s kappa0=-0.002197 1/m (v_bwd=16.4609 m/s)
07:03:55.449 INFO: cl_ha t0: f0=71 a0=-1.3422 m/s^2 omega0=-0.03616 rad/s kappa0=-0.002197 1/m (v_bwd=16.4609 m/s)
07:03:55.449 INFO: cl_ha0_ext t0: f0=71 a0=-1.3422 m/s^2 omega0=-0.03616 rad/s kappa0=-0.002197 1/m (v_bwd=16.4609 m/s)
07:03:55.532 INFO: cl_ha0 t0: f0=72 a0=-0.9107 m/s^2 omega0=-0.04029 rad/s kappa0=-0.002462 1/m (v_bwd=16.3698 m/s)
07:03:55.532 INFO: cl_ha t0: f0=72 a0=-0.9107 m/s^2 omega0=-0.04029 rad/s kappa0=-0.002462 1/m (v_bwd=16.3698 m/s)
07:03:55.533 INFO: cl_ha0_ext t0: f0=72 a0=-0.9107 m/s^2 omega0=-0.04029 rad/s kappa0=-0.002462 1/m (v_bwd=16.3698 m/s)
07:03:55.620 INFO: cl_ha0 t0: f0=73 a0=-2.3247 m/s^2 omega0=-0.04632 rad/s kappa0=-0.002871 1/m (v_bwd=16.1374 m/s)
07:03:55.620 INFO: cl_ha t0: f0=73 a0=-2.3247 m/s^2 omega0=-0.04632 rad/s kappa0=-0.002871 1/m (v_bwd=16.1374 m/s)
07:03:55.621 INFO: cl_ha0_ext t0: f0=73 a0=-2.3247 m/s^2 omega0=-0.04632 rad/s kappa0=-0.002871 1/m (v_bwd=16.1374 m/s)
07:03:55.708 INFO: cl_ha0 t0: f0=74 a0=-1.3279 m/s^2 omega0=-0.05074 rad/s kappa0=-0.003170 1/m (v_bwd=16.0046 m/s)
07:03:55.709 INFO: cl_ha t0: f0=74 a0=-1.3279 m/s^2 omega0=-0.05074 rad/s kappa0=-0.003170 1/m (v_bwd=16.0046 m/s)
07:03:55.709 INFO: cl_ha0_ext t0: f0=74 a0=-1.3279 m/s^2 omega0=-0.05074 rad/s kappa0=-0.003170 1/m (v_bwd=16.0046 m/s)
07:03:55.797 INFO: cl_ha0 t0: f0=75 a0=-2.2094 m/s^2 omega0=-0.05550 rad/s kappa0=-0.003516 1/m (v_bwd=15.7836 m/s)
07:03:55.798 INFO: cl_ha t0: f0=75 a0=-2.2094 m/s^2 omega0=-0.05550 rad/s kappa0=-0.003516 1/m (v_bwd=15.7836 m/s)
07:03:55.798 INFO: cl_ha0_ext t0: f0=75 a0=-2.2094 m/s^2 omega0=-0.05550 rad/s kappa0=-0.003516 1/m (v_bwd=15.7836 m/s)
07:03:55.885 INFO: cl_ha0 t0: f0=76 a0=-0.6398 m/s^2 omega0=-0.06186 rad/s kappa0=-0.003935 1/m (v_bwd=15.7196 m/s)
07:03:55.885 INFO: cl_ha t0: f0=76 a0=-0.6398 m/s^2 omega0=-0.06186 rad/s kappa0=-0.003935 1/m (v_bwd=15.7196 m/s)
07:03:55.886 INFO: cl_ha0_ext t0: f0=76 a0=-0.6398 m/s^2 omega0=-0.06186 rad/s kappa0=-0.003935 1/m (v_bwd=15.7196 m/s)
07:03:55.970 INFO: cl_ha0 t0: f0=77 a0=-0.3653 m/s^2 omega0=-0.06501 rad/s kappa0=-0.004145 1/m (v_bwd=15.6831 m/s)
07:03:55.970 INFO: cl_ha t0: f0=77 a0=-0.3653 m/s^2 omega0=-0.06501 rad/s kappa0=-0.004145 1/m (v_bwd=15.6831 m/s)
07:03:55.971 INFO: cl_ha0_ext t0: f0=77 a0=-0.3653 m/s^2 omega0=-0.06501 rad/s kappa0=-0.004145 1/m (v_bwd=15.6831 m/s)
07:03:56.059 INFO: cl_ha0 t0: f0=78 a0=-0.9654 m/s^2 omega0=-0.06240 rad/s kappa0=-0.004003 1/m (v_bwd=15.5866 m/s)
07:03:56.059 INFO: cl_ha t0: f0=78 a0=-0.9654 m/s^2 omega0=-0.06240 rad/s kappa0=-0.004003 1/m (v_bwd=15.5866 m/s)
07:03:56.059 INFO: cl_ha0_ext t0: f0=78 a0=-0.9654 m/s^2 omega0=-0.06240 rad/s kappa0=-0.004003 1/m (v_bwd=15.5866 m/s)
07:03:56.144 INFO: cl_ha0 t0: f0=79 a0=-1.3731 m/s^2 omega0=-0.05964 rad/s kappa0=-0.003860 1/m (v_bwd=15.4493 m/s)
07:03:56.144 INFO: cl_ha t0: f0=79 a0=-1.3731 m/s^2 omega0=-0.05964 rad/s kappa0=-0.003860 1/m (v_bwd=15.4493 m/s)
07:03:56.145 INFO: cl_ha0_ext t0: f0=79 a0=-1.3731 m/s^2 omega0=-0.05964 rad/s kappa0=-0.003860 1/m (v_bwd=15.4493 m/s)
07:03:56.229 INFO: cl_ha0 t0: f0=80 a0=-1.0022 m/s^2 omega0=-0.06029 rad/s kappa0=-0.003928 1/m (v_bwd=15.3490 m/s)
07:03:56.229 INFO: cl_ha t0: f0=80 a0=-1.0022 m/s^2 omega0=-0.06029 rad/s kappa0=-0.003928 1/m (v_bwd=15.3490 m/s)
07:03:56.230 INFO: cl_ha0_ext t0: f0=80 a0=-1.0022 m/s^2 omega0=-0.06029 rad/s kappa0=-0.003928 1/m (v_bwd=15.3490 m/s)
07:03:56.231 INFO: k= 80/199  v=15.13  nav=follow  render 68 ms
07:03:56.315 INFO: cl_ha0 t0: f0=81 a0=-2.1424 m/s^2 omega0=-0.06259 rad/s kappa0=-0.004135 1/m (v_bwd=15.1348 m/s)
07:03:56.315 INFO: cl_ha t0: f0=81 a0=-2.1424 m/s^2 omega0=-0.06259 rad/s kappa0=-0.004135 1/m (v_bwd=15.1348 m/s)
07:03:56.316 INFO: cl_ha0_ext t0: f0=81 a0=-2.1424 m/s^2 omega0=-0.06259 rad/s kappa0=-0.004135 1/m (v_bwd=15.1348 m/s)
07:03:56.399 INFO: cl_ha0 t0: f0=82 a0=+0.1088 m/s^2 omega0=-0.06741 rad/s kappa0=-0.004451 1/m (v_bwd=15.1457 m/s)
07:03:56.399 INFO: cl_ha t0: f0=82 a0=+0.1088 m/s^2 omega0=-0.06741 rad/s kappa0=-0.004451 1/m (v_bwd=15.1457 m/s)
07:03:56.400 INFO: cl_ha0_ext t0: f0=82 a0=+0.1088 m/s^2 omega0=-0.06741 rad/s kappa0=-0.004451 1/m (v_bwd=15.1457 m/s)
07:03:56.483 INFO: cl_ha0 t0: f0=83 a0=-1.3278 m/s^2 omega0=-0.07099 rad/s kappa0=-0.004729 1/m (v_bwd=15.0129 m/s)
07:03:56.484 INFO: cl_ha t0: f0=83 a0=-1.3278 m/s^2 omega0=-0.07099 rad/s kappa0=-0.004729 1/m (v_bwd=15.0129 m/s)
07:03:56.485 INFO: cl_ha0_ext t0: f0=83 a0=-1.3278 m/s^2 omega0=-0.07099 rad/s kappa0=-0.004729 1/m (v_bwd=15.0129 m/s)
07:03:56.568 INFO: cl_ha0 t0: f0=84 a0=-1.1677 m/s^2 omega0=-0.07305 rad/s kappa0=-0.004904 1/m (v_bwd=14.8961 m/s)
07:03:56.568 INFO: cl_ha t0: f0=84 a0=-1.1677 m/s^2 omega0=-0.07305 rad/s kappa0=-0.004904 1/m (v_bwd=14.8961 m/s)
07:03:56.569 INFO: cl_ha0_ext t0: f0=84 a0=-1.1677 m/s^2 omega0=-0.07305 rad/s kappa0=-0.004904 1/m (v_bwd=14.8961 m/s)
07:03:56.653 INFO: cl_ha0 t0: f0=85 a0=-1.2264 m/s^2 omega0=-0.07578 rad/s kappa0=-0.005129 1/m (v_bwd=14.7735 m/s)
07:03:56.654 INFO: cl_ha t0: f0=85 a0=-1.2264 m/s^2 omega0=-0.07578 rad/s kappa0=-0.005129 1/m (v_bwd=14.7735 m/s)
07:03:56.654 INFO: cl_ha0_ext t0: f0=85 a0=-1.2264 m/s^2 omega0=-0.07578 rad/s kappa0=-0.005129 1/m (v_bwd=14.7735 m/s)
07:03:56.742 INFO: cl_ha0 t0: f0=86 a0=-1.7727 m/s^2 omega0=-0.07374 rad/s kappa0=-0.005052 1/m (v_bwd=14.5962 m/s)
07:03:56.742 INFO: cl_ha t0: f0=86 a0=-1.7727 m/s^2 omega0=-0.07374 rad/s kappa0=-0.005052 1/m (v_bwd=14.5962 m/s)
07:03:56.743 INFO: cl_ha0_ext t0: f0=86 a0=-1.7727 m/s^2 omega0=-0.07374 rad/s kappa0=-0.005052 1/m (v_bwd=14.5962 m/s)
07:03:56.826 INFO: cl_ha0 t0: f0=87 a0=-0.9485 m/s^2 omega0=-0.06827 rad/s kappa0=-0.004708 1/m (v_bwd=14.5014 m/s)
07:03:56.826 INFO: cl_ha t0: f0=87 a0=-0.9485 m/s^2 omega0=-0.06827 rad/s kappa0=-0.004708 1/m (v_bwd=14.5014 m/s)
07:03:56.827 INFO: cl_ha0_ext t0: f0=87 a0=-0.9485 m/s^2 omega0=-0.06827 rad/s kappa0=-0.004708 1/m (v_bwd=14.5014 m/s)
07:03:56.911 INFO: cl_ha0 t0: f0=88 a0=-1.7581 m/s^2 omega0=-0.06584 rad/s kappa0=-0.004596 1/m (v_bwd=14.3256 m/s)
07:03:56.911 INFO: cl_ha t0: f0=88 a0=-1.7581 m/s^2 omega0=-0.06584 rad/s kappa0=-0.004596 1/m (v_bwd=14.3256 m/s)
07:03:56.912 INFO: cl_ha0_ext t0: f0=88 a0=-1.7581 m/s^2 omega0=-0.06584 rad/s kappa0=-0.004596 1/m (v_bwd=14.3256 m/s)
07:03:56.996 INFO: cl_ha0 t0: f0=89 a0=-1.8541 m/s^2 omega0=-0.06911 rad/s kappa0=-0.004887 1/m (v_bwd=14.1401 m/s)
07:03:56.996 INFO: cl_ha t0: f0=89 a0=-1.8541 m/s^2 omega0=-0.06911 rad/s kappa0=-0.004887 1/m (v_bwd=14.1401 m/s)
07:03:56.997 INFO: cl_ha0_ext t0: f0=89 a0=-1.8541 m/s^2 omega0=-0.06911 rad/s kappa0=-0.004887 1/m (v_bwd=14.1401 m/s)
07:03:57.081 INFO: cl_ha0 t0: f0=90 a0=-1.1382 m/s^2 omega0=-0.07457 rad/s kappa0=-0.005316 1/m (v_bwd=14.0263 m/s)
07:03:57.082 INFO: cl_ha t0: f0=90 a0=-1.1382 m/s^2 omega0=-0.07457 rad/s kappa0=-0.005316 1/m (v_bwd=14.0263 m/s)
07:03:57.082 INFO: cl_ha0_ext t0: f0=90 a0=-1.1382 m/s^2 omega0=-0.07457 rad/s kappa0=-0.005316 1/m (v_bwd=14.0263 m/s)
07:03:57.166 INFO: cl_ha0 t0: f0=91 a0=-1.7247 m/s^2 omega0=-0.07991 rad/s kappa0=-0.005768 1/m (v_bwd=13.8539 m/s)
07:03:57.166 INFO: cl_ha t0: f0=91 a0=-1.7247 m/s^2 omega0=-0.07991 rad/s kappa0=-0.005768 1/m (v_bwd=13.8539 m/s)
07:03:57.167 INFO: cl_ha0_ext t0: f0=91 a0=-1.7247 m/s^2 omega0=-0.07991 rad/s kappa0=-0.005768 1/m (v_bwd=13.8539 m/s)
07:03:57.251 INFO: cl_ha0 t0: f0=92 a0=-0.7313 m/s^2 omega0=-0.08463 rad/s kappa0=-0.006141 1/m (v_bwd=13.7807 m/s)
07:03:57.251 INFO: cl_ha t0: f0=92 a0=-0.7313 m/s^2 omega0=-0.08463 rad/s kappa0=-0.006141 1/m (v_bwd=13.7807 m/s)
07:03:57.252 INFO: cl_ha0_ext t0: f0=92 a0=-0.7313 m/s^2 omega0=-0.08463 rad/s kappa0=-0.006141 1/m (v_bwd=13.7807 m/s)
07:03:57.337 INFO: cl_ha0 t0: f0=93 a0=-1.8193 m/s^2 omega0=-0.08681 rad/s kappa0=-0.006384 1/m (v_bwd=13.5988 m/s)
07:03:57.337 INFO: cl_ha t0: f0=93 a0=-1.8193 m/s^2 omega0=-0.08681 rad/s kappa0=-0.006384 1/m (v_bwd=13.5988 m/s)
07:03:57.338 INFO: cl_ha0_ext t0: f0=93 a0=-1.8193 m/s^2 omega0=-0.08681 rad/s kappa0=-0.006384 1/m (v_bwd=13.5988 m/s)
07:03:57.420 INFO: cl_ha0 t0: f0=94 a0=-2.0501 m/s^2 omega0=-0.08602 rad/s kappa0=-0.006423 1/m (v_bwd=13.3938 m/s)
07:03:57.420 INFO: cl_ha t0: f0=94 a0=-2.0501 m/s^2 omega0=-0.08602 rad/s kappa0=-0.006423 1/m (v_bwd=13.3938 m/s)
07:03:57.421 INFO: cl_ha0_ext t0: f0=94 a0=-2.0501 m/s^2 omega0=-0.08602 rad/s kappa0=-0.006423 1/m (v_bwd=13.3938 m/s)
07:03:57.505 INFO: cl_ha0 t0: f0=95 a0=-1.2774 m/s^2 omega0=-0.08490 rad/s kappa0=-0.006400 1/m (v_bwd=13.2661 m/s)
07:03:57.505 INFO: cl_ha t0: f0=95 a0=-1.2774 m/s^2 omega0=-0.08490 rad/s kappa0=-0.006400 1/m (v_bwd=13.2661 m/s)
07:03:57.506 INFO: cl_ha0_ext t0: f0=95 a0=-1.2774 m/s^2 omega0=-0.08490 rad/s kappa0=-0.006400 1/m (v_bwd=13.2661 m/s)
07:03:57.591 INFO: cl_ha0 t0: f0=96 a0=-2.1886 m/s^2 omega0=-0.08345 rad/s kappa0=-0.006396 1/m (v_bwd=13.0472 m/s)
07:03:57.591 INFO: cl_ha t0: f0=96 a0=-2.1886 m/s^2 omega0=-0.08345 rad/s kappa0=-0.006396 1/m (v_bwd=13.0472 m/s)
07:03:57.592 INFO: cl_ha0_ext t0: f0=96 a0=-2.1886 m/s^2 omega0=-0.08345 rad/s kappa0=-0.006396 1/m (v_bwd=13.0472 m/s)
07:03:57.677 INFO: cl_ha0 t0: f0=97 a0=-1.4009 m/s^2 omega0=-0.08501 rad/s kappa0=-0.006586 1/m (v_bwd=12.9071 m/s)
07:03:57.677 INFO: cl_ha t0: f0=97 a0=-1.4009 m/s^2 omega0=-0.08501 rad/s kappa0=-0.006586 1/m (v_bwd=12.9071 m/s)
07:03:57.677 INFO: cl_ha0_ext t0: f0=97 a0=-1.4009 m/s^2 omega0=-0.08501 rad/s kappa0=-0.006586 1/m (v_bwd=12.9071 m/s)
07:03:57.761 INFO: cl_ha0 t0: f0=98 a0=-0.2549 m/s^2 omega0=-0.08814 rad/s kappa0=-0.006843 1/m (v_bwd=12.8816 m/s)
07:03:57.761 INFO: cl_ha t0: f0=98 a0=-0.2549 m/s^2 omega0=-0.08814 rad/s kappa0=-0.006843 1/m (v_bwd=12.8816 m/s)
07:03:57.762 INFO: cl_ha0_ext t0: f0=98 a0=-0.2549 m/s^2 omega0=-0.08814 rad/s kappa0=-0.006843 1/m (v_bwd=12.8816 m/s)
07:03:57.845 INFO: cl_ha0 t0: f0=99 a0=-1.3019 m/s^2 omega0=-0.09202 rad/s kappa0=-0.007216 1/m (v_bwd=12.7514 m/s)
07:03:57.845 INFO: cl_ha t0: f0=99 a0=-1.3019 m/s^2 omega0=-0.09202 rad/s kappa0=-0.007216 1/m (v_bwd=12.7514 m/s)
07:03:57.846 INFO: cl_ha0_ext t0: f0=99 a0=-1.3019 m/s^2 omega0=-0.09202 rad/s kappa0=-0.007216 1/m (v_bwd=12.7514 m/s)
07:03:57.930 INFO: cl_ha0 t0: f0=100 a0=-0.7668 m/s^2 omega0=-0.09664 rad/s kappa0=-0.007625 1/m (v_bwd=12.6747 m/s)
07:03:57.930 INFO: cl_ha t0: f0=100 a0=-0.7668 m/s^2 omega0=-0.09664 rad/s kappa0=-0.007625 1/m (v_bwd=12.6747 m/s)
07:03:57.931 INFO: cl_ha0_ext t0: f0=100 a0=-0.7668 m/s^2 omega0=-0.09664 rad/s kappa0=-0.007625 1/m (v_bwd=12.6747 m/s)
07:03:57.931 INFO: k=100/199  v=12.60  nav=follow  render 68 ms
07:03:58.014 INFO: cl_ha0 t0: f0=101 a0=-0.7512 m/s^2 omega0=-0.10263 rad/s kappa0=-0.008146 1/m (v_bwd=12.5996 m/s)
07:03:58.014 INFO: cl_ha t0: f0=101 a0=-0.7512 m/s^2 omega0=-0.10263 rad/s kappa0=-0.008146 1/m (v_bwd=12.5996 m/s)
07:03:58.015 INFO: cl_ha0_ext t0: f0=101 a0=-0.7512 m/s^2 omega0=-0.10263 rad/s kappa0=-0.008146 1/m (v_bwd=12.5996 m/s)
07:03:58.099 INFO: cl_ha0 t0: f0=102 a0=-0.8498 m/s^2 omega0=-0.10795 rad/s kappa0=-0.008626 1/m (v_bwd=12.5146 m/s)
07:03:58.099 INFO: cl_ha t0: f0=102 a0=-0.8498 m/s^2 omega0=-0.10795 rad/s kappa0=-0.008626 1/m (v_bwd=12.5146 m/s)
07:03:58.100 INFO: cl_ha0_ext t0: f0=102 a0=-0.8498 m/s^2 omega0=-0.10795 rad/s kappa0=-0.008626 1/m (v_bwd=12.5146 m/s)
07:03:58.184 INFO: cl_ha0 t0: f0=103 a0=-0.8119 m/s^2 omega0=-0.11233 rad/s kappa0=-0.009034 1/m (v_bwd=12.4335 m/s)
07:03:58.184 INFO: cl_ha t0: f0=103 a0=-0.8119 m/s^2 omega0=-0.11233 rad/s kappa0=-0.009034 1/m (v_bwd=12.4335 m/s)
07:03:58.185 INFO: cl_ha0_ext t0: f0=103 a0=-0.8119 m/s^2 omega0=-0.11233 rad/s kappa0=-0.009034 1/m (v_bwd=12.4335 m/s)
07:03:58.268 INFO: cl_ha0 t0: f0=104 a0=+0.0901 m/s^2 omega0=-0.11624 rad/s kappa0=-0.009342 1/m (v_bwd=12.4425 m/s)
07:03:58.268 INFO: cl_ha t0: f0=104 a0=+0.0901 m/s^2 omega0=-0.11624 rad/s kappa0=-0.009342 1/m (v_bwd=12.4425 m/s)
07:03:58.269 INFO: cl_ha0_ext t0: f0=104 a0=+0.0901 m/s^2 omega0=-0.11624 rad/s kappa0=-0.009342 1/m (v_bwd=12.4425 m/s)
07:03:58.352 INFO: cl_ha0 t0: f0=105 a0=-1.1857 m/s^2 omega0=-0.11563 rad/s kappa0=-0.009383 1/m (v_bwd=12.3239 m/s)
07:03:58.353 INFO: cl_ha t0: f0=105 a0=-1.1857 m/s^2 omega0=-0.11563 rad/s kappa0=-0.009383 1/m (v_bwd=12.3239 m/s)
07:03:58.353 INFO: cl_ha0_ext t0: f0=105 a0=-1.1857 m/s^2 omega0=-0.11563 rad/s kappa0=-0.009383 1/m (v_bwd=12.3239 m/s)
07:03:58.436 INFO: cl_ha0 t0: f0=106 a0=+0.6661 m/s^2 omega0=-0.11622 rad/s kappa0=-0.009380 1/m (v_bwd=12.3905 m/s)
07:03:58.436 INFO: cl_ha t0: f0=106 a0=+0.6661 m/s^2 omega0=-0.11622 rad/s kappa0=-0.009380 1/m (v_bwd=12.3905 m/s)
07:03:58.437 INFO: cl_ha0_ext t0: f0=106 a0=+0.6661 m/s^2 omega0=-0.11622 rad/s kappa0=-0.009380 1/m (v_bwd=12.3905 m/s)
07:03:58.521 INFO: cl_ha0 t0: f0=107 a0=-0.5553 m/s^2 omega0=-0.11357 rad/s kappa0=-0.009207 1/m (v_bwd=12.3350 m/s)
07:03:58.521 INFO: cl_ha t0: f0=107 a0=-0.5553 m/s^2 omega0=-0.11357 rad/s kappa0=-0.009207 1/m (v_bwd=12.3350 m/s)
07:03:58.522 INFO: cl_ha0_ext t0: f0=107 a0=-0.5553 m/s^2 omega0=-0.11357 rad/s kappa0=-0.009207 1/m (v_bwd=12.3350 m/s)
07:03:58.606 INFO: cl_ha0 t0: f0=108 a0=+0.1569 m/s^2 omega0=-0.10785 rad/s kappa0=-0.008732 1/m (v_bwd=12.3507 m/s)
07:03:58.606 INFO: cl_ha t0: f0=108 a0=+0.1569 m/s^2 omega0=-0.10785 rad/s kappa0=-0.008732 1/m (v_bwd=12.3507 m/s)
07:03:58.607 INFO: cl_ha0_ext t0: f0=108 a0=+0.1569 m/s^2 omega0=-0.10785 rad/s kappa0=-0.008732 1/m (v_bwd=12.3507 m/s)
07:03:58.690 INFO: cl_ha0 t0: f0=109 a0=-0.7594 m/s^2 omega0=-0.09843 rad/s kappa0=-0.008019 1/m (v_bwd=12.2747 m/s)
07:03:58.690 INFO: cl_ha t0: f0=109 a0=-0.7594 m/s^2 omega0=-0.09843 rad/s kappa0=-0.008019 1/m (v_bwd=12.2747 m/s)
07:03:58.691 INFO: cl_ha0_ext t0: f0=109 a0=-0.7594 m/s^2 omega0=-0.09843 rad/s kappa0=-0.008019 1/m (v_bwd=12.2747 m/s)
07:03:58.775 INFO: cl_ha0 t0: f0=110 a0=+0.1215 m/s^2 omega0=-0.09114 rad/s kappa0=-0.007418 1/m (v_bwd=12.2869 m/s)
07:03:58.775 INFO: cl_ha t0: f0=110 a0=+0.1215 m/s^2 omega0=-0.09114 rad/s kappa0=-0.007418 1/m (v_bwd=12.2869 m/s)
07:03:58.776 INFO: cl_ha0_ext t0: f0=110 a0=+0.1215 m/s^2 omega0=-0.09114 rad/s kappa0=-0.007418 1/m (v_bwd=12.2869 m/s)
07:03:58.859 INFO: cl_ha0 t0: f0=111 a0=-0.5336 m/s^2 omega0=-0.08986 rad/s kappa0=-0.007346 1/m (v_bwd=12.2335 m/s)
07:03:58.859 INFO: cl_ha t0: f0=111 a0=-0.5336 m/s^2 omega0=-0.08986 rad/s kappa0=-0.007346 1/m (v_bwd=12.2335 m/s)
07:03:58.860 INFO: cl_ha0_ext t0: f0=111 a0=-0.5336 m/s^2 omega0=-0.08986 rad/s kappa0=-0.007346 1/m (v_bwd=12.2335 m/s)
07:03:58.944 INFO: cl_ha0 t0: f0=112 a0=-0.7178 m/s^2 omega0=-0.08988 rad/s kappa0=-0.007390 1/m (v_bwd=12.1617 m/s)
07:03:58.944 INFO: cl_ha t0: f0=112 a0=-0.7178 m/s^2 omega0=-0.08988 rad/s kappa0=-0.007390 1/m (v_bwd=12.1617 m/s)
07:03:58.945 INFO: cl_ha0_ext t0: f0=112 a0=-0.7178 m/s^2 omega0=-0.08988 rad/s kappa0=-0.007390 1/m (v_bwd=12.1617 m/s)
07:03:59.028 INFO: cl_ha0 t0: f0=113 a0=+0.6591 m/s^2 omega0=-0.08974 rad/s kappa0=-0.007339 1/m (v_bwd=12.2277 m/s)
07:03:59.029 INFO: cl_ha t0: f0=113 a0=+0.6591 m/s^2 omega0=-0.08974 rad/s kappa0=-0.007339 1/m (v_bwd=12.2277 m/s)
07:03:59.029 INFO: cl_ha0_ext t0: f0=113 a0=+0.6591 m/s^2 omega0=-0.08974 rad/s kappa0=-0.007339 1/m (v_bwd=12.2277 m/s)
07:03:59.113 INFO: cl_ha0 t0: f0=114 a0=-0.5552 m/s^2 omega0=-0.08691 rad/s kappa0=-0.007140 1/m (v_bwd=12.1721 m/s)
07:03:59.113 INFO: cl_ha t0: f0=114 a0=-0.5552 m/s^2 omega0=-0.08691 rad/s kappa0=-0.007140 1/m (v_bwd=12.1721 m/s)
07:03:59.114 INFO: cl_ha0_ext t0: f0=114 a0=-0.5552 m/s^2 omega0=-0.08691 rad/s kappa0=-0.007140 1/m (v_bwd=12.1721 m/s)
07:03:59.198 INFO: cl_ha0 t0: f0=115 a0=-0.9343 m/s^2 omega0=-0.08427 rad/s kappa0=-0.006977 1/m (v_bwd=12.0787 m/s)
07:03:59.198 INFO: cl_ha t0: f0=115 a0=-0.9343 m/s^2 omega0=-0.08427 rad/s kappa0=-0.006977 1/m (v_bwd=12.0787 m/s)
07:03:59.199 INFO: cl_ha0_ext t0: f0=115 a0=-0.9343 m/s^2 omega0=-0.08427 rad/s kappa0=-0.006977 1/m (v_bwd=12.0787 m/s)
07:03:59.282 INFO: cl_ha0 t0: f0=116 a0=+1.1069 m/s^2 omega0=-0.08619 rad/s kappa0=-0.007071 1/m (v_bwd=12.1894 m/s)
07:03:59.282 INFO: cl_ha t0: f0=116 a0=+1.1069 m/s^2 omega0=-0.08619 rad/s kappa0=-0.007071 1/m (v_bwd=12.1894 m/s)
07:03:59.283 INFO: cl_ha0_ext t0: f0=116 a0=+1.1069 m/s^2 omega0=-0.08619 rad/s kappa0=-0.007071 1/m (v_bwd=12.1894 m/s)
07:03:59.364 INFO: cl_ha0 t0: f0=117 a0=-0.0946 m/s^2 omega0=-0.08720 rad/s kappa0=-0.007160 1/m (v_bwd=12.1799 m/s)
07:03:59.364 INFO: cl_ha t0: f0=117 a0=-0.0946 m/s^2 omega0=-0.08720 rad/s kappa0=-0.007160 1/m (v_bwd=12.1799 m/s)
07:03:59.365 INFO: cl_ha0_ext t0: f0=117 a0=-0.0946 m/s^2 omega0=-0.08720 rad/s kappa0=-0.007160 1/m (v_bwd=12.1799 m/s)
07:03:59.448 INFO: cl_ha0 t0: f0=118 a0=-0.4003 m/s^2 omega0=-0.08687 rad/s kappa0=-0.007156 1/m (v_bwd=12.1399 m/s)
07:03:59.448 INFO: cl_ha t0: f0=118 a0=-0.4003 m/s^2 omega0=-0.08687 rad/s kappa0=-0.007156 1/m (v_bwd=12.1399 m/s)
07:03:59.449 INFO: cl_ha0_ext t0: f0=118 a0=-0.4003 m/s^2 omega0=-0.08687 rad/s kappa0=-0.007156 1/m (v_bwd=12.1399 m/s)
07:03:59.532 INFO: cl_ha0 t0: f0=119 a0=+0.0772 m/s^2 omega0=-0.08620 rad/s kappa0=-0.007096 1/m (v_bwd=12.1476 m/s)
07:03:59.533 INFO: cl_ha t0: f0=119 a0=+0.0772 m/s^2 omega0=-0.08620 rad/s kappa0=-0.007096 1/m (v_bwd=12.1476 m/s)
07:03:59.533 INFO: cl_ha0_ext t0: f0=119 a0=+0.0772 m/s^2 omega0=-0.08620 rad/s kappa0=-0.007096 1/m (v_bwd=12.1476 m/s)
07:03:59.616 INFO: cl_ha0 t0: f0=120 a0=-0.0990 m/s^2 omega0=-0.08400 rad/s kappa0=-0.006921 1/m (v_bwd=12.1377 m/s)
07:03:59.616 INFO: cl_ha t0: f0=120 a0=-0.0990 m/s^2 omega0=-0.08400 rad/s kappa0=-0.006921 1/m (v_bwd=12.1377 m/s)
07:03:59.617 INFO: cl_ha0_ext t0: f0=120 a0=-0.0990 m/s^2 omega0=-0.08400 rad/s kappa0=-0.006921 1/m (v_bwd=12.1377 m/s)
07:03:59.617 INFO: k=120/199  v=12.15  nav=follow  render 66 ms
07:03:59.699 INFO: cl_ha0 t0: f0=121 a0=+0.0739 m/s^2 omega0=-0.08226 rad/s kappa0=-0.006773 1/m (v_bwd=12.1451 m/s)
07:03:59.699 INFO: cl_ha t0: f0=121 a0=+0.0739 m/s^2 omega0=-0.08226 rad/s kappa0=-0.006773 1/m (v_bwd=12.1451 m/s)
07:03:59.700 INFO: cl_ha0_ext t0: f0=121 a0=+0.0739 m/s^2 omega0=-0.08226 rad/s kappa0=-0.006773 1/m (v_bwd=12.1451 m/s)
07:03:59.783 INFO: cl_ha0 t0: f0=122 a0=-0.4544 m/s^2 omega0=-0.07724 rad/s kappa0=-0.006384 1/m (v_bwd=12.0997 m/s)
07:03:59.783 INFO: cl_ha t0: f0=122 a0=-0.4544 m/s^2 omega0=-0.07724 rad/s kappa0=-0.006384 1/m (v_bwd=12.0997 m/s)
07:03:59.784 INFO: cl_ha0_ext t0: f0=122 a0=-0.4544 m/s^2 omega0=-0.07724 rad/s kappa0=-0.006384 1/m (v_bwd=12.0997 m/s)
07:03:59.867 INFO: cl_ha0 t0: f0=123 a0=+0.4784 m/s^2 omega0=-0.07128 rad/s kappa0=-0.005868 1/m (v_bwd=12.1475 m/s)
07:03:59.867 INFO: cl_ha t0: f0=123 a0=+0.4784 m/s^2 omega0=-0.07128 rad/s kappa0=-0.005868 1/m (v_bwd=12.1475 m/s)
07:03:59.868 INFO: cl_ha0_ext t0: f0=123 a0=+0.4784 m/s^2 omega0=-0.07128 rad/s kappa0=-0.005868 1/m (v_bwd=12.1475 m/s)
07:03:59.951 INFO: cl_ha0 t0: f0=124 a0=-0.2164 m/s^2 omega0=-0.06596 rad/s kappa0=-0.005439 1/m (v_bwd=12.1259 m/s)
07:03:59.951 INFO: cl_ha t0: f0=124 a0=-0.2164 m/s^2 omega0=-0.06596 rad/s kappa0=-0.005439 1/m (v_bwd=12.1259 m/s)
07:03:59.952 INFO: cl_ha0_ext t0: f0=124 a0=-0.2164 m/s^2 omega0=-0.06596 rad/s kappa0=-0.005439 1/m (v_bwd=12.1259 m/s)
07:04:00.035 INFO: cl_ha0 t0: f0=125 a0=-0.2693 m/s^2 omega0=-0.06311 rad/s kappa0=-0.005217 1/m (v_bwd=12.0990 m/s)
07:04:00.035 INFO: cl_ha t0: f0=125 a0=-0.2693 m/s^2 omega0=-0.06311 rad/s kappa0=-0.005217 1/m (v_bwd=12.0990 m/s)
07:04:00.036 INFO: cl_ha0_ext t0: f0=125 a0=-0.2693 m/s^2 omega0=-0.06311 rad/s kappa0=-0.005217 1/m (v_bwd=12.0990 m/s)
07:04:00.119 INFO: cl_ha0 t0: f0=126 a0=+0.3340 m/s^2 omega0=-0.06354 rad/s kappa0=-0.005237 1/m (v_bwd=12.1324 m/s)
07:04:00.119 INFO: cl_ha t0: f0=126 a0=+0.3340 m/s^2 omega0=-0.06354 rad/s kappa0=-0.005237 1/m (v_bwd=12.1324 m/s)
07:04:00.119 INFO: cl_ha0_ext t0: f0=126 a0=+0.3340 m/s^2 omega0=-0.06354 rad/s kappa0=-0.005237 1/m (v_bwd=12.1324 m/s)
07:04:00.203 INFO: cl_ha0 t0: f0=127 a0=-0.2277 m/s^2 omega0=-0.06383 rad/s kappa0=-0.005271 1/m (v_bwd=12.1096 m/s)
07:04:00.203 INFO: cl_ha t0: f0=127 a0=-0.2277 m/s^2 omega0=-0.06383 rad/s kappa0=-0.005271 1/m (v_bwd=12.1096 m/s)
07:04:00.204 INFO: cl_ha0_ext t0: f0=127 a0=-0.2277 m/s^2 omega0=-0.06383 rad/s kappa0=-0.005271 1/m (v_bwd=12.1096 m/s)
07:04:00.285 INFO: cl_ha0 t0: f0=128 a0=+0.9934 m/s^2 omega0=-0.06464 rad/s kappa0=-0.005294 1/m (v_bwd=12.2089 m/s)
07:04:00.285 INFO: cl_ha t0: f0=128 a0=+0.9934 m/s^2 omega0=-0.06464 rad/s kappa0=-0.005294 1/m (v_bwd=12.2089 m/s)
07:04:00.286 INFO: cl_ha0_ext t0: f0=128 a0=+0.9934 m/s^2 omega0=-0.06464 rad/s kappa0=-0.005294 1/m (v_bwd=12.2089 m/s)
07:04:00.369 INFO: cl_ha0 t0: f0=129 a0=-0.4962 m/s^2 omega0=-0.06658 rad/s kappa0=-0.005475 1/m (v_bwd=12.1593 m/s)
07:04:00.369 INFO: cl_ha t0: f0=129 a0=-0.4962 m/s^2 omega0=-0.06658 rad/s kappa0=-0.005475 1/m (v_bwd=12.1593 m/s)
07:04:00.370 INFO: cl_ha0_ext t0: f0=129 a0=-0.4962 m/s^2 omega0=-0.06658 rad/s kappa0=-0.005475 1/m (v_bwd=12.1593 m/s)
07:04:00.453 INFO: cl_ha0 t0: f0=130 a0=+0.1989 m/s^2 omega0=-0.06940 rad/s kappa0=-0.005698 1/m (v_bwd=12.1792 m/s)
07:04:00.454 INFO: cl_ha t0: f0=130 a0=+0.1989 m/s^2 omega0=-0.06940 rad/s kappa0=-0.005698 1/m (v_bwd=12.1792 m/s)
07:04:00.454 INFO: cl_ha0_ext t0: f0=130 a0=+0.1989 m/s^2 omega0=-0.06940 rad/s kappa0=-0.005698 1/m (v_bwd=12.1792 m/s)
07:04:00.536 INFO: cl_ha0 t0: f0=131 a0=+0.0292 m/s^2 omega0=-0.07371 rad/s kappa0=-0.006051 1/m (v_bwd=12.1821 m/s)
07:04:00.536 INFO: cl_ha t0: f0=131 a0=+0.0292 m/s^2 omega0=-0.07371 rad/s kappa0=-0.006051 1/m (v_bwd=12.1821 m/s)
07:04:00.537 INFO: cl_ha0_ext t0: f0=131 a0=+0.0292 m/s^2 omega0=-0.07371 rad/s kappa0=-0.006051 1/m (v_bwd=12.1821 m/s)
07:04:00.620 INFO: cl_ha0 t0: f0=132 a0=-0.0873 m/s^2 omega0=-0.07553 rad/s kappa0=-0.006205 1/m (v_bwd=12.1734 m/s)
07:04:00.620 INFO: cl_ha t0: f0=132 a0=-0.0873 m/s^2 omega0=-0.07553 rad/s kappa0=-0.006205 1/m (v_bwd=12.1734 m/s)
07:04:00.620 INFO: cl_ha0_ext t0: f0=132 a0=-0.0873 m/s^2 omega0=-0.07553 rad/s kappa0=-0.006205 1/m (v_bwd=12.1734 m/s)
07:04:00.703 INFO: cl_ha0 t0: f0=133 a0=+0.2698 m/s^2 omega0=-0.07564 rad/s kappa0=-0.006200 1/m (v_bwd=12.2004 m/s)
07:04:00.703 INFO: cl_ha t0: f0=133 a0=+0.2698 m/s^2 omega0=-0.07564 rad/s kappa0=-0.006200 1/m (v_bwd=12.2004 m/s)
07:04:00.704 INFO: cl_ha0_ext t0: f0=133 a0=+0.2698 m/s^2 omega0=-0.07564 rad/s kappa0=-0.006200 1/m (v_bwd=12.2004 m/s)
07:04:00.787 INFO: cl_ha0 t0: f0=134 a0=+0.0889 m/s^2 omega0=-0.07517 rad/s kappa0=-0.006157 1/m (v_bwd=12.2093 m/s)
07:04:00.787 INFO: cl_ha t0: f0=134 a0=+0.0889 m/s^2 omega0=-0.07517 rad/s kappa0=-0.006157 1/m (v_bwd=12.2093 m/s)
07:04:00.787 INFO: cl_ha0_ext t0: f0=134 a0=+0.0889 m/s^2 omega0=-0.07517 rad/s kappa0=-0.006157 1/m (v_bwd=12.2093 m/s)
07:04:00.870 INFO: cl_ha0 t0: f0=135 a0=-0.2668 m/s^2 omega0=-0.07543 rad/s kappa0=-0.006191 1/m (v_bwd=12.1826 m/s)
07:04:00.870 INFO: cl_ha t0: f0=135 a0=-0.2668 m/s^2 omega0=-0.07543 rad/s kappa0=-0.006191 1/m (v_bwd=12.1826 m/s)
07:04:00.871 INFO: cl_ha0_ext t0: f0=135 a0=-0.2668 m/s^2 omega0=-0.07543 rad/s kappa0=-0.006191 1/m (v_bwd=12.1826 m/s)
07:04:00.954 INFO: cl_ha0 t0: f0=136 a0=+0.3002 m/s^2 omega0=-0.07713 rad/s kappa0=-0.006316 1/m (v_bwd=12.2126 m/s)
07:04:00.954 INFO: cl_ha t0: f0=136 a0=+0.3002 m/s^2 omega0=-0.07713 rad/s kappa0=-0.006316 1/m (v_bwd=12.2126 m/s)
07:04:00.954 INFO: cl_ha0_ext t0: f0=136 a0=+0.3002 m/s^2 omega0=-0.07713 rad/s kappa0=-0.006316 1/m (v_bwd=12.2126 m/s)
07:04:01.035 INFO: cl_ha0 t0: f0=137 a0=+0.2188 m/s^2 omega0=-0.07833 rad/s kappa0=-0.006403 1/m (v_bwd=12.2345 m/s)
07:04:01.035 INFO: cl_ha t0: f0=137 a0=+0.2188 m/s^2 omega0=-0.07833 rad/s kappa0=-0.006403 1/m (v_bwd=12.2345 m/s)
07:04:01.036 INFO: cl_ha0_ext t0: f0=137 a0=+0.2188 m/s^2 omega0=-0.07833 rad/s kappa0=-0.006403 1/m (v_bwd=12.2345 m/s)
07:04:01.118 INFO: cl_ha0 t0: f0=138 a0=+0.5565 m/s^2 omega0=-0.07816 rad/s kappa0=-0.006359 1/m (v_bwd=12.2901 m/s)
07:04:01.118 INFO: cl_ha t0: f0=138 a0=+0.5565 m/s^2 omega0=-0.07816 rad/s kappa0=-0.006359 1/m (v_bwd=12.2901 m/s)
07:04:01.119 INFO: cl_ha0_ext t0: f0=138 a0=+0.5565 m/s^2 omega0=-0.07816 rad/s kappa0=-0.006359 1/m (v_bwd=12.2901 m/s)
07:04:01.199 INFO: cl_ha0 t0: f0=139 a0=-0.0676 m/s^2 omega0=-0.07756 rad/s kappa0=-0.006315 1/m (v_bwd=12.2834 m/s)
07:04:01.199 INFO: cl_ha t0: f0=139 a0=-0.0676 m/s^2 omega0=-0.07756 rad/s kappa0=-0.006315 1/m (v_bwd=12.2834 m/s)
07:04:01.200 INFO: cl_ha0_ext t0: f0=139 a0=-0.0676 m/s^2 omega0=-0.07756 rad/s kappa0=-0.006315 1/m (v_bwd=12.2834 m/s)
07:04:01.281 INFO: cl_ha0 t0: f0=140 a0=+1.1724 m/s^2 omega0=-0.07544 rad/s kappa0=-0.006084 1/m (v_bwd=12.4006 m/s)
07:04:01.282 INFO: cl_ha t0: f0=140 a0=+1.1724 m/s^2 omega0=-0.07544 rad/s kappa0=-0.006084 1/m (v_bwd=12.4006 m/s)
07:04:01.282 INFO: cl_ha0_ext t0: f0=140 a0=+1.1724 m/s^2 omega0=-0.07544 rad/s kappa0=-0.006084 1/m (v_bwd=12.4006 m/s)
07:04:01.283 INFO: k=140/199  v=12.45  nav=follow  render 65 ms
07:04:01.361 INFO: cl_ha0 t0: f0=141 a0=+0.4766 m/s^2 omega0=-0.07266 rad/s kappa0=-0.005837 1/m (v_bwd=12.4483 m/s)
07:04:01.362 INFO: cl_ha t0: f0=141 a0=+0.4766 m/s^2 omega0=-0.07266 rad/s kappa0=-0.005837 1/m (v_bwd=12.4483 m/s)
07:04:01.362 INFO: cl_ha0_ext t0: f0=141 a0=+0.4766 m/s^2 omega0=-0.07266 rad/s kappa0=-0.005837 1/m (v_bwd=12.4483 m/s)
07:04:01.442 INFO: cl_ha0 t0: f0=142 a0=+0.0469 m/s^2 omega0=-0.06890 rad/s kappa0=-0.005533 1/m (v_bwd=12.4530 m/s)
07:04:01.442 INFO: cl_ha t0: f0=142 a0=+0.0469 m/s^2 omega0=-0.06890 rad/s kappa0=-0.005533 1/m (v_bwd=12.4530 m/s)
07:04:01.443 INFO: cl_ha0_ext t0: f0=142 a0=+0.0469 m/s^2 omega0=-0.06890 rad/s kappa0=-0.005533 1/m (v_bwd=12.4530 m/s)
07:04:01.522 INFO: cl_ha0 t0: f0=143 a0=+0.7848 m/s^2 omega0=-0.06655 rad/s kappa0=-0.005311 1/m (v_bwd=12.5314 m/s)
07:04:01.522 INFO: cl_ha t0: f0=143 a0=+0.7848 m/s^2 omega0=-0.06655 rad/s kappa0=-0.005311 1/m (v_bwd=12.5314 m/s)
07:04:01.523 INFO: cl_ha0_ext t0: f0=143 a0=+0.7848 m/s^2 omega0=-0.06655 rad/s kappa0=-0.005311 1/m (v_bwd=12.5314 m/s)
07:04:01.603 INFO: cl_ha0 t0: f0=144 a0=+0.9702 m/s^2 omega0=-0.06404 rad/s kappa0=-0.005071 1/m (v_bwd=12.6285 m/s)
07:04:01.603 INFO: cl_ha t0: f0=144 a0=+0.9702 m/s^2 omega0=-0.06404 rad/s kappa0=-0.005071 1/m (v_bwd=12.6285 m/s)
07:04:01.604 INFO: cl_ha0_ext t0: f0=144 a0=+0.9702 m/s^2 omega0=-0.06404 rad/s kappa0=-0.005071 1/m (v_bwd=12.6285 m/s)
07:04:01.683 INFO: cl_ha0 t0: f0=145 a0=+0.6168 m/s^2 omega0=-0.05960 rad/s kappa0=-0.004697 1/m (v_bwd=12.6901 m/s)
07:04:01.683 INFO: cl_ha t0: f0=145 a0=+0.6168 m/s^2 omega0=-0.05960 rad/s kappa0=-0.004697 1/m (v_bwd=12.6901 m/s)
07:04:01.684 INFO: cl_ha0_ext t0: f0=145 a0=+0.6168 m/s^2 omega0=-0.05960 rad/s kappa0=-0.004697 1/m (v_bwd=12.6901 m/s)
07:04:01.764 INFO: cl_ha0 t0: f0=146 a0=+0.0054 m/s^2 omega0=-0.05510 rad/s kappa0=-0.004341 1/m (v_bwd=12.6907 m/s)
07:04:01.764 INFO: cl_ha t0: f0=146 a0=+0.0054 m/s^2 omega0=-0.05510 rad/s kappa0=-0.004341 1/m (v_bwd=12.6907 m/s)
07:04:01.765 INFO: cl_ha0_ext t0: f0=146 a0=+0.0054 m/s^2 omega0=-0.05510 rad/s kappa0=-0.004341 1/m (v_bwd=12.6907 m/s)
07:04:01.845 INFO: cl_ha0 t0: f0=147 a0=+1.0669 m/s^2 omega0=-0.05509 rad/s kappa0=-0.004305 1/m (v_bwd=12.7974 m/s)
07:04:01.845 INFO: cl_ha t0: f0=147 a0=+1.0669 m/s^2 omega0=-0.05509 rad/s kappa0=-0.004305 1/m (v_bwd=12.7974 m/s)
07:04:01.846 INFO: cl_ha0_ext t0: f0=147 a0=+1.0669 m/s^2 omega0=-0.05509 rad/s kappa0=-0.004305 1/m (v_bwd=12.7974 m/s)
07:04:01.925 INFO: cl_ha0 t0: f0=148 a0=+0.6827 m/s^2 omega0=-0.05493 rad/s kappa0=-0.004270 1/m (v_bwd=12.8656 m/s)
07:04:01.925 INFO: cl_ha t0: f0=148 a0=+0.6827 m/s^2 omega0=-0.05493 rad/s kappa0=-0.004270 1/m (v_bwd=12.8656 m/s)
07:04:01.926 INFO: cl_ha0_ext t0: f0=148 a0=+0.6827 m/s^2 omega0=-0.05493 rad/s kappa0=-0.004270 1/m (v_bwd=12.8656 m/s)
07:04:02.006 INFO: cl_ha0 t0: f0=149 a0=+0.5510 m/s^2 omega0=-0.04891 rad/s kappa0=-0.003785 1/m (v_bwd=12.9207 m/s)
07:04:02.006 INFO: cl_ha t0: f0=149 a0=+0.5510 m/s^2 omega0=-0.04891 rad/s kappa0=-0.003785 1/m (v_bwd=12.9207 m/s)
07:04:02.006 INFO: cl_ha0_ext t0: f0=149 a0=+0.5510 m/s^2 omega0=-0.04891 rad/s kappa0=-0.003785 1/m (v_bwd=12.9207 m/s)
07:04:02.086 INFO: cl_ha0 t0: f0=150 a0=+1.1087 m/s^2 omega0=-0.04384 rad/s kappa0=-0.003364 1/m (v_bwd=13.0316 m/s)
07:04:02.086 INFO: cl_ha t0: f0=150 a0=+1.1087 m/s^2 omega0=-0.04384 rad/s kappa0=-0.003364 1/m (v_bwd=13.0316 m/s)
07:04:02.086 INFO: cl_ha0_ext t0: f0=150 a0=+1.1087 m/s^2 omega0=-0.04384 rad/s kappa0=-0.003364 1/m (v_bwd=13.0316 m/s)
07:04:02.166 INFO: cl_ha0 t0: f0=151 a0=+0.8529 m/s^2 omega0=-0.04335 rad/s kappa0=-0.003305 1/m (v_bwd=13.1169 m/s)
07:04:02.166 INFO: cl_ha t0: f0=151 a0=+0.8529 m/s^2 omega0=-0.04335 rad/s kappa0=-0.003305 1/m (v_bwd=13.1169 m/s)
07:04:02.167 INFO: cl_ha0_ext t0: f0=151 a0=+0.8529 m/s^2 omega0=-0.04335 rad/s kappa0=-0.003305 1/m (v_bwd=13.1169 m/s)
07:04:02.247 INFO: cl_ha0 t0: f0=152 a0=+0.1720 m/s^2 omega0=-0.04522 rad/s kappa0=-0.003443 1/m (v_bwd=13.1341 m/s)
07:04:02.247 INFO: cl_ha t0: f0=152 a0=+0.1720 m/s^2 omega0=-0.04522 rad/s kappa0=-0.003443 1/m (v_bwd=13.1341 m/s)
07:04:02.248 INFO: cl_ha0_ext t0: f0=152 a0=+0.1720 m/s^2 omega0=-0.04522 rad/s kappa0=-0.003443 1/m (v_bwd=13.1341 m/s)
07:04:02.326 INFO: cl_ha0 t0: f0=153 a0=+0.7079 m/s^2 omega0=-0.04550 rad/s kappa0=-0.003446 1/m (v_bwd=13.2049 m/s)
07:04:02.326 INFO: cl_ha t0: f0=153 a0=+0.7079 m/s^2 omega0=-0.04550 rad/s kappa0=-0.003446 1/m (v_bwd=13.2049 m/s)
07:04:02.327 INFO: cl_ha0_ext t0: f0=153 a0=+0.7079 m/s^2 omega0=-0.04550 rad/s kappa0=-0.003446 1/m (v_bwd=13.2049 m/s)
07:04:02.406 INFO: cl_ha0 t0: f0=154 a0=+0.9832 m/s^2 omega0=-0.04485 rad/s kappa0=-0.003371 1/m (v_bwd=13.3032 m/s)
07:04:02.406 INFO: cl_ha t0: f0=154 a0=+0.9832 m/s^2 omega0=-0.04485 rad/s kappa0=-0.003371 1/m (v_bwd=13.3032 m/s)
07:04:02.407 INFO: cl_ha0_ext t0: f0=154 a0=+0.9832 m/s^2 omega0=-0.04485 rad/s kappa0=-0.003371 1/m (v_bwd=13.3032 m/s)
07:04:02.485 INFO: cl_ha0 t0: f0=155 a0=+0.8869 m/s^2 omega0=-0.04424 rad/s kappa0=-0.003303 1/m (v_bwd=13.3919 m/s)
07:04:02.485 INFO: cl_ha t0: f0=155 a0=+0.8869 m/s^2 omega0=-0.04424 rad/s kappa0=-0.003303 1/m (v_bwd=13.3919 m/s)
07:04:02.486 INFO: cl_ha0_ext t0: f0=155 a0=+0.8869 m/s^2 omega0=-0.04424 rad/s kappa0=-0.003303 1/m (v_bwd=13.3919 m/s)
07:04:02.565 INFO: cl_ha0 t0: f0=156 a0=+1.3205 m/s^2 omega0=-0.04128 rad/s kappa0=-0.003052 1/m (v_bwd=13.5240 m/s)
07:04:02.565 INFO: cl_ha t0: f0=156 a0=+1.3205 m/s^2 omega0=-0.04128 rad/s kappa0=-0.003052 1/m (v_bwd=13.5240 m/s)
07:04:02.566 INFO: cl_ha0_ext t0: f0=156 a0=+1.3205 m/s^2 omega0=-0.04128 rad/s kappa0=-0.003052 1/m (v_bwd=13.5240 m/s)
07:04:02.644 INFO: cl_ha0 t0: f0=157 a0=+0.5195 m/s^2 omega0=-0.03252 rad/s kappa0=-0.002396 1/m (v_bwd=13.5759 m/s)
07:04:02.644 INFO: cl_ha t0: f0=157 a0=+0.5195 m/s^2 omega0=-0.03252 rad/s kappa0=-0.002396 1/m (v_bwd=13.5759 m/s)
07:04:02.645 INFO: cl_ha0_ext t0: f0=157 a0=+0.5195 m/s^2 omega0=-0.03252 rad/s kappa0=-0.002396 1/m (v_bwd=13.5759 m/s)
07:04:02.723 INFO: cl_ha0 t0: f0=158 a0=+1.0191 m/s^2 omega0=-0.02576 rad/s kappa0=-0.001883 1/m (v_bwd=13.6778 m/s)
07:04:02.723 INFO: cl_ha t0: f0=158 a0=+1.0191 m/s^2 omega0=-0.02576 rad/s kappa0=-0.001883 1/m (v_bwd=13.6778 m/s)
07:04:02.724 INFO: cl_ha0_ext t0: f0=158 a0=+1.0191 m/s^2 omega0=-0.02576 rad/s kappa0=-0.001883 1/m (v_bwd=13.6778 m/s)
07:04:02.803 INFO: cl_ha0 t0: f0=159 a0=+1.3643 m/s^2 omega0=-0.02679 rad/s kappa0=-0.001939 1/m (v_bwd=13.8143 m/s)
07:04:02.803 INFO: cl_ha t0: f0=159 a0=+1.3643 m/s^2 omega0=-0.02679 rad/s kappa0=-0.001939 1/m (v_bwd=13.8143 m/s)
07:04:02.804 INFO: cl_ha0_ext t0: f0=159 a0=+1.3643 m/s^2 omega0=-0.02679 rad/s kappa0=-0.001939 1/m (v_bwd=13.8143 m/s)
07:04:02.882 INFO: cl_ha0 t0: f0=160 a0=+0.7324 m/s^2 omega0=-0.02830 rad/s kappa0=-0.002038 1/m (v_bwd=13.8875 m/s)
07:04:02.882 INFO: cl_ha t0: f0=160 a0=+0.7324 m/s^2 omega0=-0.02830 rad/s kappa0=-0.002038 1/m (v_bwd=13.8875 m/s)
07:04:02.883 INFO: cl_ha0_ext t0: f0=160 a0=+0.7324 m/s^2 omega0=-0.02830 rad/s kappa0=-0.002038 1/m (v_bwd=13.8875 m/s)
07:04:02.884 INFO: k=160/199  v=14.00  nav=follow  render 62 ms
07:04:02.961 INFO: cl_ha0 t0: f0=161 a0=+1.0997 m/s^2 omega0=-0.02686 rad/s kappa0=-0.001919 1/m (v_bwd=13.9975 m/s)
07:04:02.961 INFO: cl_ha t0: f0=161 a0=+1.0997 m/s^2 omega0=-0.02686 rad/s kappa0=-0.001919 1/m (v_bwd=13.9975 m/s)
07:04:02.962 INFO: cl_ha0_ext t0: f0=161 a0=+1.0997 m/s^2 omega0=-0.02686 rad/s kappa0=-0.001919 1/m (v_bwd=13.9975 m/s)
07:04:03.040 INFO: cl_ha0 t0: f0=162 a0=-0.2683 m/s^2 omega0=-0.02047 rad/s kappa0=-0.001465 1/m (v_bwd=13.9706 m/s)
07:04:03.040 INFO: cl_ha t0: f0=162 a0=-0.2683 m/s^2 omega0=-0.02047 rad/s kappa0=-0.001465 1/m (v_bwd=13.9706 m/s)
07:04:03.041 INFO: cl_ha0_ext t0: f0=162 a0=-0.2683 m/s^2 omega0=-0.02047 rad/s kappa0=-0.001465 1/m (v_bwd=13.9706 m/s)
07:04:03.120 INFO: cl_ha0 t0: f0=163 a0=+1.0686 m/s^2 omega0=-0.01486 rad/s kappa0=-0.001056 1/m (v_bwd=14.0775 m/s)
07:04:03.120 INFO: cl_ha t0: f0=163 a0=+1.0686 m/s^2 omega0=-0.01486 rad/s kappa0=-0.001056 1/m (v_bwd=14.0775 m/s)
07:04:03.121 INFO: cl_ha0_ext t0: f0=163 a0=+1.0686 m/s^2 omega0=-0.01486 rad/s kappa0=-0.001056 1/m (v_bwd=14.0775 m/s)
07:04:03.198 INFO: cl_ha0 t0: f0=164 a0=+1.0946 m/s^2 omega0=-0.01287 rad/s kappa0=-0.000907 1/m (v_bwd=14.1870 m/s)
07:04:03.198 INFO: cl_ha t0: f0=164 a0=+1.0946 m/s^2 omega0=-0.01287 rad/s kappa0=-0.000907 1/m (v_bwd=14.1870 m/s)
07:04:03.199 INFO: cl_ha0_ext t0: f0=164 a0=+1.0946 m/s^2 omega0=-0.01287 rad/s kappa0=-0.000907 1/m (v_bwd=14.1870 m/s)
07:04:03.277 INFO: cl_ha0 t0: f0=165 a0=+0.1627 m/s^2 omega0=-0.01437 rad/s kappa0=-0.001012 1/m (v_bwd=14.2032 m/s)
07:04:03.277 INFO: cl_ha t0: f0=165 a0=+0.1627 m/s^2 omega0=-0.01437 rad/s kappa0=-0.001012 1/m (v_bwd=14.2032 m/s)
07:04:03.278 INFO: cl_ha0_ext t0: f0=165 a0=+0.1627 m/s^2 omega0=-0.01437 rad/s kappa0=-0.001012 1/m (v_bwd=14.2032 m/s)
07:04:03.355 INFO: cl_ha0 t0: f0=166 a0=+1.0257 m/s^2 omega0=-0.01610 rad/s kappa0=-0.001126 1/m (v_bwd=14.3058 m/s)
07:04:03.356 INFO: cl_ha t0: f0=166 a0=+1.0257 m/s^2 omega0=-0.01610 rad/s kappa0=-0.001126 1/m (v_bwd=14.3058 m/s)
07:04:03.356 INFO: cl_ha0_ext t0: f0=166 a0=+1.0257 m/s^2 omega0=-0.01610 rad/s kappa0=-0.001126 1/m (v_bwd=14.3058 m/s)
07:04:03.425 INFO: cl_ha0 t0: f0=167 a0=+0.8999 m/s^2 omega0=-0.01516 rad/s kappa0=-0.001053 1/m (v_bwd=14.3958 m/s)
07:04:03.425 INFO: cl_ha t0: f0=167 a0=+0.8999 m/s^2 omega0=-0.01516 rad/s kappa0=-0.001053 1/m (v_bwd=14.3958 m/s)
07:04:03.426 INFO: cl_ha0_ext t0: f0=167 a0=+0.8999 m/s^2 omega0=-0.01516 rad/s kappa0=-0.001053 1/m (v_bwd=14.3958 m/s)
07:04:03.466 INFO: cl_ha0 t0: f0=168 a0=-0.0731 m/s^2 omega0=-0.01416 rad/s kappa0=-0.000984 1/m (v_bwd=14.3885 m/s)
07:04:03.466 INFO: cl_ha t0: f0=168 a0=-0.0731 m/s^2 omega0=-0.01416 rad/s kappa0=-0.000984 1/m (v_bwd=14.3885 m/s)
07:04:03.467 INFO: cl_ha0_ext t0: f0=168 a0=-0.0731 m/s^2 omega0=-0.01416 rad/s kappa0=-0.000984 1/m (v_bwd=14.3885 m/s)
07:04:03.538 INFO: cl_ha0 t0: f0=169 a0=+1.2156 m/s^2 omega0=-0.01368 rad/s kappa0=-0.000943 1/m (v_bwd=14.5101 m/s)
07:04:03.539 INFO: cl_ha t0: f0=169 a0=+1.2156 m/s^2 omega0=-0.01368 rad/s kappa0=-0.000943 1/m (v_bwd=14.5101 m/s)
07:04:03.539 INFO: cl_ha0_ext t0: f0=169 a0=+1.2156 m/s^2 omega0=-0.01368 rad/s kappa0=-0.000943 1/m (v_bwd=14.5101 m/s)
07:04:03.614 INFO: cl_ha0 t0: f0=170 a0=+0.7475 m/s^2 omega0=-0.01391 rad/s kappa0=-0.000954 1/m (v_bwd=14.5848 m/s)
07:04:03.614 INFO: cl_ha t0: f0=170 a0=+0.7475 m/s^2 omega0=-0.01391 rad/s kappa0=-0.000954 1/m (v_bwd=14.5848 m/s)
07:04:03.615 INFO: cl_ha0_ext t0: f0=170 a0=+0.7475 m/s^2 omega0=-0.01391 rad/s kappa0=-0.000954 1/m (v_bwd=14.5848 m/s)
07:04:03.690 INFO: cl_ha0 t0: f0=171 a0=-0.2183 m/s^2 omega0=-0.01130 rad/s kappa0=-0.000776 1/m (v_bwd=14.5630 m/s)
07:04:03.691 INFO: cl_ha t0: f0=171 a0=-0.2183 m/s^2 omega0=-0.01130 rad/s kappa0=-0.000776 1/m (v_bwd=14.5630 m/s)
07:04:03.691 INFO: cl_ha0_ext t0: f0=171 a0=-0.2183 m/s^2 omega0=-0.01130 rad/s kappa0=-0.000776 1/m (v_bwd=14.5630 m/s)
07:04:03.766 INFO: cl_ha0 t0: f0=172 a0=+1.7387 m/s^2 omega0=-0.01005 rad/s kappa0=-0.000682 1/m (v_bwd=14.7368 m/s)
07:04:03.766 INFO: cl_ha t0: f0=172 a0=+1.7387 m/s^2 omega0=-0.01005 rad/s kappa0=-0.000682 1/m (v_bwd=14.7368 m/s)
07:04:03.767 INFO: cl_ha0_ext t0: f0=172 a0=+1.7387 m/s^2 omega0=-0.01005 rad/s kappa0=-0.000682 1/m (v_bwd=14.7368 m/s)
07:04:03.842 INFO: cl_ha0 t0: f0=173 a0=-0.7325 m/s^2 omega0=-0.01160 rad/s kappa0=-0.000791 1/m (v_bwd=14.6636 m/s)
07:04:03.842 INFO: cl_ha t0: f0=173 a0=-0.7325 m/s^2 omega0=-0.01160 rad/s kappa0=-0.000791 1/m (v_bwd=14.6636 m/s)
07:04:03.843 INFO: cl_ha0_ext t0: f0=173 a0=-0.7325 m/s^2 omega0=-0.01160 rad/s kappa0=-0.000791 1/m (v_bwd=14.6636 m/s)
07:04:03.919 INFO: cl_ha0 t0: f0=174 a0=+0.4008 m/s^2 omega0=-0.00991 rad/s kappa0=-0.000674 1/m (v_bwd=14.7037 m/s)
07:04:03.919 INFO: cl_ha t0: f0=174 a0=+0.4008 m/s^2 omega0=-0.00991 rad/s kappa0=-0.000674 1/m (v_bwd=14.7037 m/s)
07:04:03.920 INFO: cl_ha0_ext t0: f0=174 a0=+0.4008 m/s^2 omega0=-0.00991 rad/s kappa0=-0.000674 1/m (v_bwd=14.7037 m/s)
07:04:03.994 INFO: cl_ha0 t0: f0=175 a0=-0.6881 m/s^2 omega0=-0.00862 rad/s kappa0=-0.000589 1/m (v_bwd=14.6349 m/s)
07:04:03.994 INFO: cl_ha t0: f0=175 a0=-0.6881 m/s^2 omega0=-0.00862 rad/s kappa0=-0.000589 1/m (v_bwd=14.6349 m/s)
07:04:03.995 INFO: cl_ha0_ext t0: f0=175 a0=-0.6881 m/s^2 omega0=-0.00862 rad/s kappa0=-0.000589 1/m (v_bwd=14.6349 m/s)
07:04:04.070 INFO: cl_ha0 t0: f0=176 a0=+1.2828 m/s^2 omega0=-0.01468 rad/s kappa0=-0.000995 1/m (v_bwd=14.7631 m/s)
07:04:04.070 INFO: cl_ha t0: f0=176 a0=+1.2828 m/s^2 omega0=-0.01468 rad/s kappa0=-0.000995 1/m (v_bwd=14.7631 m/s)
07:04:04.071 INFO: cl_ha0_ext t0: f0=176 a0=+1.2828 m/s^2 omega0=-0.01468 rad/s kappa0=-0.000995 1/m (v_bwd=14.7631 m/s)
07:04:04.145 INFO: cl_ha0 t0: f0=177 a0=+0.5028 m/s^2 omega0=-0.02106 rad/s kappa0=-0.001421 1/m (v_bwd=14.8134 m/s)
07:04:04.145 INFO: cl_ha t0: f0=177 a0=+0.5028 m/s^2 omega0=-0.02106 rad/s kappa0=-0.001421 1/m (v_bwd=14.8134 m/s)
07:04:04.146 INFO: cl_ha0_ext t0: f0=177 a0=+0.5028 m/s^2 omega0=-0.02106 rad/s kappa0=-0.001421 1/m (v_bwd=14.8134 m/s)
07:04:04.221 INFO: cl_ha0 t0: f0=178 a0=-0.8832 m/s^2 omega0=-0.01950 rad/s kappa0=-0.001324 1/m (v_bwd=14.7251 m/s)
07:04:04.221 INFO: cl_ha t0: f0=178 a0=-0.8832 m/s^2 omega0=-0.01950 rad/s kappa0=-0.001324 1/m (v_bwd=14.7251 m/s)
07:04:04.221 INFO: cl_ha0_ext t0: f0=178 a0=-0.8832 m/s^2 omega0=-0.01950 rad/s kappa0=-0.001324 1/m (v_bwd=14.7251 m/s)
07:04:04.295 INFO: cl_ha0 t0: f0=179 a0=+0.0345 m/s^2 omega0=-0.01684 rad/s kappa0=-0.001144 1/m (v_bwd=14.7285 m/s)
07:04:04.296 INFO: cl_ha t0: f0=179 a0=+0.0345 m/s^2 omega0=-0.01684 rad/s kappa0=-0.001144 1/m (v_bwd=14.7285 m/s)
07:04:04.296 INFO: cl_ha0_ext t0: f0=179 a0=+0.0345 m/s^2 omega0=-0.01684 rad/s kappa0=-0.001144 1/m (v_bwd=14.7285 m/s)
07:04:04.371 INFO: cl_ha0 t0: f0=180 a0=+0.2712 m/s^2 omega0=-0.01640 rad/s kappa0=-0.001112 1/m (v_bwd=14.7557 m/s)
07:04:04.371 INFO: cl_ha t0: f0=180 a0=+0.2712 m/s^2 omega0=-0.01640 rad/s kappa0=-0.001112 1/m (v_bwd=14.7557 m/s)
07:04:04.371 INFO: cl_ha0_ext t0: f0=180 a0=+0.2712 m/s^2 omega0=-0.01640 rad/s kappa0=-0.001112 1/m (v_bwd=14.7557 m/s)
07:04:04.372 INFO: k=180/199  v=14.73  nav=follow  render 58 ms
07:04:04.446 INFO: cl_ha0 t0: f0=181 a0=-0.2383 m/s^2 omega0=-0.01928 rad/s kappa0=-0.001308 1/m (v_bwd=14.7318 m/s)
07:04:04.446 INFO: cl_ha t0: f0=181 a0=-0.2383 m/s^2 omega0=-0.01928 rad/s kappa0=-0.001308 1/m (v_bwd=14.7318 m/s)
07:04:04.447 INFO: cl_ha0_ext t0: f0=181 a0=-0.2383 m/s^2 omega0=-0.01928 rad/s kappa0=-0.001308 1/m (v_bwd=14.7318 m/s)
07:04:04.521 INFO: cl_ha0 t0: f0=182 a0=+0.6416 m/s^2 omega0=-0.02391 rad/s kappa0=-0.001616 1/m (v_bwd=14.7960 m/s)
07:04:04.521 INFO: cl_ha t0: f0=182 a0=+0.6416 m/s^2 omega0=-0.02391 rad/s kappa0=-0.001616 1/m (v_bwd=14.7960 m/s)
07:04:04.522 INFO: cl_ha0_ext t0: f0=182 a0=+0.6416 m/s^2 omega0=-0.02391 rad/s kappa0=-0.001616 1/m (v_bwd=14.7960 m/s)
07:04:04.596 INFO: cl_ha0 t0: f0=183 a0=+0.2383 m/s^2 omega0=-0.02642 rad/s kappa0=-0.001783 1/m (v_bwd=14.8198 m/s)
07:04:04.596 INFO: cl_ha t0: f0=183 a0=+0.2383 m/s^2 omega0=-0.02642 rad/s kappa0=-0.001783 1/m (v_bwd=14.8198 m/s)
07:04:04.597 INFO: cl_ha0_ext t0: f0=183 a0=+0.2383 m/s^2 omega0=-0.02642 rad/s kappa0=-0.001783 1/m (v_bwd=14.8198 m/s)
07:04:04.671 INFO: cl_ha0 t0: f0=184 a0=+0.4639 m/s^2 omega0=-0.02670 rad/s kappa0=-0.001796 1/m (v_bwd=14.8662 m/s)
07:04:04.671 INFO: cl_ha t0: f0=184 a0=+0.4639 m/s^2 omega0=-0.02670 rad/s kappa0=-0.001796 1/m (v_bwd=14.8662 m/s)
07:04:04.672 INFO: cl_ha0_ext t0: f0=184 a0=+0.4639 m/s^2 omega0=-0.02670 rad/s kappa0=-0.001796 1/m (v_bwd=14.8662 m/s)
07:04:04.746 INFO: cl_ha0 t0: f0=185 a0=-0.6414 m/s^2 omega0=-0.02750 rad/s kappa0=-0.001858 1/m (v_bwd=14.8021 m/s)
07:04:04.747 INFO: cl_ha t0: f0=185 a0=-0.6414 m/s^2 omega0=-0.02750 rad/s kappa0=-0.001858 1/m (v_bwd=14.8021 m/s)
07:04:04.747 INFO: cl_ha0_ext t0: f0=185 a0=-0.6414 m/s^2 omega0=-0.02750 rad/s kappa0=-0.001858 1/m (v_bwd=14.8021 m/s)
07:04:04.821 INFO: cl_ha0 t0: f0=186 a0=+0.8878 m/s^2 omega0=-0.02385 rad/s kappa0=-0.001601 1/m (v_bwd=14.8908 m/s)
07:04:04.821 INFO: cl_ha t0: f0=186 a0=+0.8878 m/s^2 omega0=-0.02385 rad/s kappa0=-0.001601 1/m (v_bwd=14.8908 m/s)
07:04:04.822 INFO: cl_ha0_ext t0: f0=186 a0=+0.8878 m/s^2 omega0=-0.02385 rad/s kappa0=-0.001601 1/m (v_bwd=14.8908 m/s)
07:04:04.889 INFO: cl_ha0 t0: f0=187 a0=-0.1989 m/s^2 omega0=-0.01652 rad/s kappa0=-0.001111 1/m (v_bwd=14.8710 m/s)
07:04:04.889 INFO: cl_ha t0: f0=187 a0=-0.1989 m/s^2 omega0=-0.01652 rad/s kappa0=-0.001111 1/m (v_bwd=14.8710 m/s)
07:04:04.890 INFO: cl_ha0_ext t0: f0=187 a0=-0.1989 m/s^2 omega0=-0.01652 rad/s kappa0=-0.001111 1/m (v_bwd=14.8710 m/s)
07:04:04.962 INFO: cl_ha0 t0: f0=188 a0=+0.2437 m/s^2 omega0=-0.01401 rad/s kappa0=-0.000941 1/m (v_bwd=14.8953 m/s)
07:04:04.962 INFO: cl_ha t0: f0=188 a0=+0.2437 m/s^2 omega0=-0.01401 rad/s kappa0=-0.000941 1/m (v_bwd=14.8953 m/s)
07:04:04.963 INFO: cl_ha0_ext t0: f0=188 a0=+0.2437 m/s^2 omega0=-0.01401 rad/s kappa0=-0.000941 1/m (v_bwd=14.8953 m/s)
07:04:05.034 INFO: cl_ha0 t0: f0=189 a0=+0.3481 m/s^2 omega0=-0.01610 rad/s kappa0=-0.001078 1/m (v_bwd=14.9301 m/s)
07:04:05.034 INFO: cl_ha t0: f0=189 a0=+0.3481 m/s^2 omega0=-0.01610 rad/s kappa0=-0.001078 1/m (v_bwd=14.9301 m/s)
07:04:05.035 INFO: cl_ha0_ext t0: f0=189 a0=+0.3481 m/s^2 omega0=-0.01610 rad/s kappa0=-0.001078 1/m (v_bwd=14.9301 m/s)
07:04:05.107 INFO: cl_ha0 t0: f0=190 a0=+1.5217 m/s^2 omega0=-0.01809 rad/s kappa0=-0.001200 1/m (v_bwd=15.0823 m/s)
07:04:05.107 INFO: cl_ha t0: f0=190 a0=+1.5217 m/s^2 omega0=-0.01809 rad/s kappa0=-0.001200 1/m (v_bwd=15.0823 m/s)
07:04:05.108 INFO: cl_ha0_ext t0: f0=190 a0=+1.5217 m/s^2 omega0=-0.01809 rad/s kappa0=-0.001200 1/m (v_bwd=15.0823 m/s)
07:04:05.170 INFO: cl_ha0 t0: f0=191 a0=+0.7319 m/s^2 omega0=-0.02003 rad/s kappa0=-0.001322 1/m (v_bwd=15.1555 m/s)
07:04:05.170 INFO: cl_ha t0: f0=191 a0=+0.7319 m/s^2 omega0=-0.02003 rad/s kappa0=-0.001322 1/m (v_bwd=15.1555 m/s)
07:04:05.171 INFO: cl_ha0_ext t0: f0=191 a0=+0.7319 m/s^2 omega0=-0.02003 rad/s kappa0=-0.001322 1/m (v_bwd=15.1555 m/s)
07:04:05.242 INFO: cl_ha0 t0: f0=192 a0=+1.3256 m/s^2 omega0=-0.02220 rad/s kappa0=-0.001452 1/m (v_bwd=15.2881 m/s)
07:04:05.242 INFO: cl_ha t0: f0=192 a0=+1.3256 m/s^2 omega0=-0.02220 rad/s kappa0=-0.001452 1/m (v_bwd=15.2881 m/s)
07:04:05.243 INFO: cl_ha0_ext t0: f0=192 a0=+1.3256 m/s^2 omega0=-0.02220 rad/s kappa0=-0.001452 1/m (v_bwd=15.2881 m/s)
07:04:05.315 INFO: cl_ha0 t0: f0=193 a0=+0.9607 m/s^2 omega0=-0.02491 rad/s kappa0=-0.001619 1/m (v_bwd=15.3841 m/s)
07:04:05.315 INFO: cl_ha t0: f0=193 a0=+0.9607 m/s^2 omega0=-0.02491 rad/s kappa0=-0.001619 1/m (v_bwd=15.3841 m/s)
07:04:05.316 INFO: cl_ha0_ext t0: f0=193 a0=+0.9607 m/s^2 omega0=-0.02491 rad/s kappa0=-0.001619 1/m (v_bwd=15.3841 m/s)
07:04:05.386 INFO: cl_ha0 t0: f0=194 a0=+1.4367 m/s^2 omega0=-0.02384 rad/s kappa0=-0.001536 1/m (v_bwd=15.5278 m/s)
07:04:05.386 INFO: cl_ha t0: f0=194 a0=+1.4367 m/s^2 omega0=-0.02384 rad/s kappa0=-0.001536 1/m (v_bwd=15.5278 m/s)
07:04:05.387 INFO: cl_ha0_ext t0: f0=194 a0=+1.4367 m/s^2 omega0=-0.02384 rad/s kappa0=-0.001536 1/m (v_bwd=15.5278 m/s)
07:04:05.458 INFO: cl_ha0 t0: f0=195 a0=+0.5664 m/s^2 omega0=-0.02075 rad/s kappa0=-0.001331 1/m (v_bwd=15.5844 m/s)
07:04:05.459 INFO: cl_ha t0: f0=195 a0=+0.5664 m/s^2 omega0=-0.02075 rad/s kappa0=-0.001331 1/m (v_bwd=15.5844 m/s)
07:04:05.459 INFO: cl_ha0_ext t0: f0=195 a0=+0.5664 m/s^2 omega0=-0.02075 rad/s kappa0=-0.001331 1/m (v_bwd=15.5844 m/s)
07:04:05.531 INFO: cl_ha0 t0: f0=196 a0=+1.9055 m/s^2 omega0=-0.02098 rad/s kappa0=-0.001330 1/m (v_bwd=15.7750 m/s)
07:04:05.531 INFO: cl_ha t0: f0=196 a0=+1.9055 m/s^2 omega0=-0.02098 rad/s kappa0=-0.001330 1/m (v_bwd=15.7750 m/s)
07:04:05.532 INFO: cl_ha0_ext t0: f0=196 a0=+1.9055 m/s^2 omega0=-0.02098 rad/s kappa0=-0.001330 1/m (v_bwd=15.7750 m/s)
07:04:05.604 INFO: cl_ha0 t0: f0=197 a0=+1.0280 m/s^2 omega0=-0.02138 rad/s kappa0=-0.001347 1/m (v_bwd=15.8778 m/s)
07:04:05.604 INFO: cl_ha t0: f0=197 a0=+1.0280 m/s^2 omega0=-0.02138 rad/s kappa0=-0.001347 1/m (v_bwd=15.8778 m/s)
07:04:05.605 INFO: cl_ha0_ext t0: f0=197 a0=+1.0280 m/s^2 omega0=-0.02138 rad/s kappa0=-0.001347 1/m (v_bwd=15.8778 m/s)
07:04:05.675 INFO: cl_ha0 t0: f0=198 a0=+0.6664 m/s^2 omega0=-0.02004 rad/s kappa0=-0.001257 1/m (v_bwd=15.9444 m/s)
07:04:05.675 INFO: cl_ha t0: f0=198 a0=+0.6664 m/s^2 omega0=-0.02004 rad/s kappa0=-0.001257 1/m (v_bwd=15.9444 m/s)
07:04:05.676 INFO: cl_ha0_ext t0: f0=198 a0=+0.6664 m/s^2 omega0=-0.02004 rad/s kappa0=-0.001257 1/m (v_bwd=15.9444 m/s)
07:04:05.683 INFO: cl_ha0: 190 windows over 9 clusters -> rollouts_cl_ha0_openloop.json
07:04:05.689 INFO: cl_ha: 190 windows over 9 clusters -> rollouts_cl_ha_openloop.json
07:04:05.695 INFO: cl_ha0_ext: 190 windows over 9 clusters -> rollouts_cl_ha0_ext_openloop.json
07:04:05.702 INFO: wrote /home/nvidia/cl_out_floor/openloop/openloop_summary.json (17.1 s wall, render 68.9 ms/frame)
OK__OL_FLOOR
OK__OL_refcv3_vs_ha0
OK__OL_refcbase_vs_ha0
OK__OL_flagshipv1_vs_ha0
OK__OL_ha_vs_ha0
OK__OL_haext_vs_ha0
FLOOR_OL_FINISHED
