CAUGHT       hmac_always_ok  ['test_REFUSED_when_the_argv_AND_the_token_are_edited_consistently', 'test_REFUSED_when_the_token_is_hand_edited']
CAUGHT       verify_skips_argv  ['test_REFUSED_when_the_argv_changed_after_the_pass']
CAUGHT       verify_skips_tree  ['test_REFUSED_when_one_code_file_changed']
CAUGHT       verify_skips_data  ['test_REFUSED_when_a_data_input_changed']
CAUGHT       finalize_ignores_FAIL  ['test_one_FAIL_makes_a_FAIL_token_and_DEMOTES_the_old_PASS']
CAUGHT       finalize_missing_is_pass  ['test_missing_evidence_is_INCOMPLETE_never_PASS']
CAUGHT       finalize_accepts_arms  ['test_an_ARM_can_never_produce_a_PASS']
CAUGHT       live_ignores_absent_terms  ['test_G_LIVE_the_F3_defect_as_shipped_FAILS_naming_cascade']
CAUGHT       clock_ignores_violations  ['test_G_CLOCK_the_true_clock_passes_and_the_historical_one_does_not']
CAUGHT       drivort_allowed  ['test_refcv7_REFUSES_every_DrivoR_T_flag_today_and_after_the_rename']
CAUGHT       needs_pi_is_pass  ['test_PI_DECISION_is_its_own_verdict_and_never_verifies']
CAUGHT       exec_skips_verify  ['test_exec_REFUSES_on_its_own_and_never_starts_the_trainer']
CAUGHT       supervisor_skips_verify  ['test_supervisor_REFUSES_when_the_argv_changed_after_the_pass']
CAUGHT       supervisor_accepts_train_cmd  ['test_supervisor_REFUSES_a_free_form_TRAIN_CMD']
CAUGHT       finalize_skips_profile_rules  ['test_NEW1_the_ruled_prior_PASSES_the_refused_ones_FAIL_and_the_tau_sha_is_in_the_token', 'test_a_standalone_finalize_cannot_mint_a_token_that_run_would_refuse']
CAUGHT       pi_pending_ignored  ['test_an_OPEN_value_decision_makes_the_token_PI_DECISION_until_it_is_recorded']
CAUGHT       refused_prior_modes_allowed  ['test_NEW1_residual_prior_off_is_not_NEW1_and_only_ha0_ext_pose_is_refcv7']
CAUGHT       tau_stamp_not_required  ['test_SPEC7_the_tau_FILE_stamp_path_sha256_tau_must_be_in_config_json']
CAUGHT       tau_labels_content_unchecked  ['test_FIX4_the_BANKED_tau_record_binds_the_split_by_path_AND_label_content']
CAUGHT       suite_skip_is_a_pass  ['test_G_SUITE_a_skip_for_a_missing_HF_cache_is_NOT_a_pass']
CAUGHT       ga_reach_ignores_missing_rows  ['test_G_LIVE_ga_reach_every_logged_row_every_trainable_group']
CAUGHT       overfit_ignores_the_launch_argv  ['test_G_MAP_OVERFIT_record_is_a_launch_prerequisite_bound_to_the_launch']
CAUGHT       overfit_presence_floor_off  ['test_G_MAP_OVERFIT_every_class_present_at_its_registered_bar_and_the_must_fail_arms']
CAUGHT       unwire_arm_is_a_noop  ['test_the_unwire_arm_removes_a_BUILT_selection_term_or_reports_that_it_could_not']
CAUGHT       suite_ignores_the_commit  ['test_G_SUITE_a_verdict_is_BOUND_to_the_commit_and_the_tree_it_ran_on']
CAUGHT       suite_ignores_new_failures  ['test_G_SUITE_a_NEW_failure_outside_the_pinned_list_FAILS']
CAUGHT       flaky_admitted_uncited  ['test_G_SUITE_a_FLAKY_failure_is_admitted_ONLY_with_its_record_cited']
CAUGHT       probe_callable_skips_backward  ['test_the_grad_unreachable_probe_gets_a_callable_that_RUNS_the_backward']
CAUGHT       suite_pin_unchecked  ['test_G_SUITE_the_pinned_env_list_is_content_bound_by_the_profile']
CAUGHT       pinned_skip_is_a_pass  ['test_G_SUITE_PINNED_every_test_passes_or_skips_for_a_REGISTERED_reason']
CAUGHT       import_closure_blind  ['test_G_HYG_import_closure_eager_missing_FAILS_lazy_and_guarded_are_reported']
CAUGHT       live_pres_blind  ['test_G_LIVE_PRES_both_slot_heads_below_half_at_the_end_of_the_smoke']
CAUGHT       box_overfit_arms_unchecked  ['test_G_BOX_OVERFIT_the_registered_literals_and_the_must_fail_arms']
CAUGHT       box_overfit_trusts_the_record  ['test_G_BOX_OVERFIT_the_registered_literals_and_the_must_fail_arms']
CAUGHT       a6_levers_unchecked  ['test_SPEC_A6_A7_A8_every_NEW2_lever_has_ONE_admissible_value']
CAUGHT       closure_ignores_a_changed_blob  ['test_closure_binds_a_PASS_and_REFUSES_each_red_arm_of_SPEC_A11']
CAUGHT       closure_accepts_an_early_record  ['test_closure_binds_a_PASS_and_REFUSES_each_red_arm_of_SPEC_A11']
CAUGHT       closure_accepts_a_crashed_harness  ['test_closure_binds_a_PASS_and_REFUSES_each_red_arm_of_SPEC_A11']
CAUGHT       closure_blind_to_unrecorded_imports  ['test_closure_binds_a_PASS_and_REFUSES_each_red_arm_of_SPEC_A11']
CAUGHT       closure_blind_to_modules_that_appeared  ['test_closure_binds_a_PASS_and_REFUSES_each_red_arm_of_SPEC_A11']
CAUGHT       closure_env_mismatch_passes  ['test_closure_a_torch_timm_CUDA_cuDNN_mismatch_FAILS']
CAUGHT       map_overfit_job_skips_the_closure  ['test_G_MAP_OVERFIT_job_needs_its_closure_and_its_PASS_states_the_isolation_scope']
CAUGHT       open_items_ignored  ['test_the_profile_OPEN_ITEMS_block_a_PASS_until_each_is_closed']
CAUGHT       throwaway_repo_inherits_GIT_DIR  ['test_G_SUITE_PINNED_git_reads_go_to_a_THROWAWAY_repo_never_the_shared_one']
CAUGHT       pinned_tests_inherit_GIT_DIR_and_MKL  ['test_G_SUITE_PINNED_git_reads_go_to_a_THROWAWAY_repo_never_the_shared_one']
CAUGHT       closure_run_from_a_hand_list  ['test_closure_run_reads_the_modules_from_SYS_MODULES_not_from_a_list']
CAUGHT       closure_run_ignores_code_it_opened  ['test_closure_run_records_the_imported_tree_modules_FROM_THE_PROCESS']
CAUGHT       closure_run_blind_to_lookups  ['test_closure_binds_a_PASS_and_REFUSES_each_red_arm_of_SPEC_A11', 'test_closure_run_records_the_imported_tree_modules_FROM_THE_PROCESS']
CAUGHT       closure_run_records_a_crash_as_success  ['test_closure_run_a_CRASHED_harness_still_writes_its_record_with_the_exit_status']
CAUGHT       closure_run_ignores_data_roots  ['test_closure_run_records_the_imported_tree_modules_FROM_THE_PROCESS']
CAUGHT       closure_run_always_binding  ['test_closure_binds_a_PASS_and_REFUSES_each_red_arm_of_SPEC_A11']
{'CAUGHT': 51} ALL CAUGHT -> C:/Users/Admin/lg0926/snap_0515/selfmut.json
AUDIT_RC=0
