2026-09-19 12:59:10,676 INFO {C:\Users\Admin\navsim-crun\devkit\navsim\planning\script\builders\worker_pool_builder.py:19}  Building WorkerPool...
2026-09-19 12:59:10,678 INFO {C:\Users\Admin\navsim-crun\nuplan-devkit\nuplan\planning\utils\multithreading\worker_pool.py:101}  Worker: Sequential
2026-09-19 12:59:10,678 INFO {C:\Users\Admin\navsim-crun\nuplan-devkit\nuplan\planning\utils\multithreading\worker_pool.py:102}  Number of nodes: 1
Number of CPUs per node: 1
Number of GPUs per node: 0
Number of threads across all nodes: 1
2026-09-19 12:59:10,678 INFO {C:\Users\Admin\navsim-crun\devkit\navsim\planning\script\builders\worker_pool_builder.py:27}  Building WorkerPool...DONE!
Loading logs:   0%|          | 0/7 [00:00<?, ?it/s]Loading logs:  71%|███████▏  | 5/7 [00:00<00:00, 21.38it/s]Loading logs: 100%|██████████| 7/7 [00:00<00:00, 24.45it/s]
2026-09-19 12:59:10,982 WARNING {C:\Users\Admin\navsim-crun\devkit\navsim\planning\script\run_pdm_score_one_stage.py:256}  Unused metric cache for 204 tokens. Skipping these tokens.
2026-09-19 12:59:10,982 INFO {C:\Users\Admin\navsim-crun\devkit\navsim\planning\script\run_pdm_score_one_stage.py:257}  Starting pdm scoring of 16 scenarios...
2026-09-19 12:59:10,983 INFO {C:\Users\Admin\navsim-crun\devkit\navsim\planning\script\run_pdm_score_one_stage.py:46}  Starting worker in thread_id=59a9f6b0-a876-4257-a855-91bafc375177, node_id=0
Loading logs:   0%|          | 0/7 [00:00<?, ?it/s]Loading logs:  71%|███████▏  | 5/7 [00:00<00:00, 15.41it/s]Loading logs: 100%|██████████| 7/7 [00:00<00:00, 19.47it/s]
2026-09-19 12:59:11,378 INFO {C:\Users\Admin\navsim-crun\devkit\navsim\planning\script\run_pdm_score_one_stage.py:82}  Processing scenario 1 / 16 in thread_id=59a9f6b0-a876-4257-a855-91bafc375177, node_id=0
2026-09-19 12:59:13,502 INFO {C:\Users\Admin\navsim-crun\devkit\navsim\planning\script\run_pdm_score_one_stage.py:82}  Processing scenario 2 / 16 in thread_id=59a9f6b0-a876-4257-a855-91bafc375177, node_id=0
2026-09-19 12:59:13,821 INFO {C:\Users\Admin\navsim-crun\devkit\navsim\planning\script\run_pdm_score_one_stage.py:82}  Processing scenario 3 / 16 in thread_id=59a9f6b0-a876-4257-a855-91bafc375177, node_id=0
2026-09-19 12:59:14,763 INFO {C:\Users\Admin\navsim-crun\devkit\navsim\planning\script\run_pdm_score_one_stage.py:82}  Processing scenario 4 / 16 in thread_id=59a9f6b0-a876-4257-a855-91bafc375177, node_id=0
2026-09-19 12:59:16,109 INFO {C:\Users\Admin\navsim-crun\devkit\navsim\planning\script\run_pdm_score_one_stage.py:82}  Processing scenario 5 / 16 in thread_id=59a9f6b0-a876-4257-a855-91bafc375177, node_id=0
2026-09-19 12:59:16,418 INFO {C:\Users\Admin\navsim-crun\devkit\navsim\planning\script\run_pdm_score_one_stage.py:82}  Processing scenario 6 / 16 in thread_id=59a9f6b0-a876-4257-a855-91bafc375177, node_id=0
2026-09-19 12:59:16,495 INFO {C:\Users\Admin\navsim-crun\devkit\navsim\planning\script\run_pdm_score_one_stage.py:82}  Processing scenario 7 / 16 in thread_id=59a9f6b0-a876-4257-a855-91bafc375177, node_id=0
2026-09-19 12:59:17,176 INFO {C:\Users\Admin\navsim-crun\devkit\navsim\planning\script\run_pdm_score_one_stage.py:82}  Processing scenario 8 / 16 in thread_id=59a9f6b0-a876-4257-a855-91bafc375177, node_id=0
2026-09-19 12:59:18,694 INFO {C:\Users\Admin\navsim-crun\devkit\navsim\planning\script\run_pdm_score_one_stage.py:82}  Processing scenario 9 / 16 in thread_id=59a9f6b0-a876-4257-a855-91bafc375177, node_id=0
2026-09-19 12:59:18,811 INFO {C:\Users\Admin\navsim-crun\devkit\navsim\planning\script\run_pdm_score_one_stage.py:82}  Processing scenario 10 / 16 in thread_id=59a9f6b0-a876-4257-a855-91bafc375177, node_id=0
2026-09-19 12:59:20,131 INFO {C:\Users\Admin\navsim-crun\devkit\navsim\planning\script\run_pdm_score_one_stage.py:82}  Processing scenario 11 / 16 in thread_id=59a9f6b0-a876-4257-a855-91bafc375177, node_id=0
2026-09-19 12:59:20,227 INFO {C:\Users\Admin\navsim-crun\devkit\navsim\planning\script\run_pdm_score_one_stage.py:82}  Processing scenario 12 / 16 in thread_id=59a9f6b0-a876-4257-a855-91bafc375177, node_id=0
2026-09-19 12:59:21,317 INFO {C:\Users\Admin\navsim-crun\devkit\navsim\planning\script\run_pdm_score_one_stage.py:82}  Processing scenario 13 / 16 in thread_id=59a9f6b0-a876-4257-a855-91bafc375177, node_id=0
2026-09-19 12:59:22,777 INFO {C:\Users\Admin\navsim-crun\devkit\navsim\planning\script\run_pdm_score_one_stage.py:82}  Processing scenario 14 / 16 in thread_id=59a9f6b0-a876-4257-a855-91bafc375177, node_id=0
2026-09-19 12:59:22,880 INFO {C:\Users\Admin\navsim-crun\devkit\navsim\planning\script\run_pdm_score_one_stage.py:82}  Processing scenario 15 / 16 in thread_id=59a9f6b0-a876-4257-a855-91bafc375177, node_id=0
2026-09-19 12:59:24,388 INFO {C:\Users\Admin\navsim-crun\devkit\navsim\planning\script\run_pdm_score_one_stage.py:82}  Processing scenario 16 / 16 in thread_id=59a9f6b0-a876-4257-a855-91bafc375177, node_id=0
2026-09-19 12:59:27,019 INFO {C:\Users\Admin\navsim-crun\devkit\navsim\planning\script\run_pdm_score_one_stage.py:305}  
        Finished running evaluation.
            Number of successful scenarios: 16.
            Number of failed scenarios: 0.
            Final average score of valid results: 0.8720139165731189.
            Results are stored in: C:\Users\Admin\navsim\exp\e1\M1_human_one_stage_filter_off\2026.09.19.12.59.26.csv.
        
E1_WRAPPER_DONE label=M1 status=OK wall_s=23.93 peak_rss_mb=500.8 min_avail_mb=5446.3 pdm_calls=16 cache_scenes=0
