[2026-09-19 12:59:10,676][navsim.planning.script.builders.worker_pool_builder][INFO] - Building WorkerPool...
[2026-09-19 12:59:10,678][nuplan.planning.utils.multithreading.worker_pool][INFO] - Worker: Sequential
[2026-09-19 12:59:10,678][nuplan.planning.utils.multithreading.worker_pool][INFO] - Number of nodes: 1
Number of CPUs per node: 1
Number of GPUs per node: 0
Number of threads across all nodes: 1
[2026-09-19 12:59:10,678][navsim.planning.script.builders.worker_pool_builder][INFO] - Building WorkerPool...DONE!
[2026-09-19 12:59:10,982][navsim.planning.script.run_pdm_score_one_stage][WARNING] - Unused metric cache for 204 tokens. Skipping these tokens.
[2026-09-19 12:59:10,982][navsim.planning.script.run_pdm_score_one_stage][INFO] - Starting pdm scoring of 16 scenarios...
[2026-09-19 12:59:10,983][navsim.planning.script.run_pdm_score_one_stage][INFO] - Starting worker in thread_id=59a9f6b0-a876-4257-a855-91bafc375177, node_id=0
[2026-09-19 12:59:11,378][navsim.planning.script.run_pdm_score_one_stage][INFO] - Processing scenario 1 / 16 in thread_id=59a9f6b0-a876-4257-a855-91bafc375177, node_id=0
[2026-09-19 12:59:13,502][navsim.planning.script.run_pdm_score_one_stage][INFO] - Processing scenario 2 / 16 in thread_id=59a9f6b0-a876-4257-a855-91bafc375177, node_id=0
[2026-09-19 12:59:13,821][navsim.planning.script.run_pdm_score_one_stage][INFO] - Processing scenario 3 / 16 in thread_id=59a9f6b0-a876-4257-a855-91bafc375177, node_id=0
[2026-09-19 12:59:14,763][navsim.planning.script.run_pdm_score_one_stage][INFO] - Processing scenario 4 / 16 in thread_id=59a9f6b0-a876-4257-a855-91bafc375177, node_id=0
[2026-09-19 12:59:16,109][navsim.planning.script.run_pdm_score_one_stage][INFO] - Processing scenario 5 / 16 in thread_id=59a9f6b0-a876-4257-a855-91bafc375177, node_id=0
[2026-09-19 12:59:16,418][navsim.planning.script.run_pdm_score_one_stage][INFO] - Processing scenario 6 / 16 in thread_id=59a9f6b0-a876-4257-a855-91bafc375177, node_id=0
[2026-09-19 12:59:16,495][navsim.planning.script.run_pdm_score_one_stage][INFO] - Processing scenario 7 / 16 in thread_id=59a9f6b0-a876-4257-a855-91bafc375177, node_id=0
[2026-09-19 12:59:17,176][navsim.planning.script.run_pdm_score_one_stage][INFO] - Processing scenario 8 / 16 in thread_id=59a9f6b0-a876-4257-a855-91bafc375177, node_id=0
[2026-09-19 12:59:18,694][navsim.planning.script.run_pdm_score_one_stage][INFO] - Processing scenario 9 / 16 in thread_id=59a9f6b0-a876-4257-a855-91bafc375177, node_id=0
[2026-09-19 12:59:18,811][navsim.planning.script.run_pdm_score_one_stage][INFO] - Processing scenario 10 / 16 in thread_id=59a9f6b0-a876-4257-a855-91bafc375177, node_id=0
[2026-09-19 12:59:20,131][navsim.planning.script.run_pdm_score_one_stage][INFO] - Processing scenario 11 / 16 in thread_id=59a9f6b0-a876-4257-a855-91bafc375177, node_id=0
[2026-09-19 12:59:20,227][navsim.planning.script.run_pdm_score_one_stage][INFO] - Processing scenario 12 / 16 in thread_id=59a9f6b0-a876-4257-a855-91bafc375177, node_id=0
[2026-09-19 12:59:21,317][navsim.planning.script.run_pdm_score_one_stage][INFO] - Processing scenario 13 / 16 in thread_id=59a9f6b0-a876-4257-a855-91bafc375177, node_id=0
[2026-09-19 12:59:22,777][navsim.planning.script.run_pdm_score_one_stage][INFO] - Processing scenario 14 / 16 in thread_id=59a9f6b0-a876-4257-a855-91bafc375177, node_id=0
[2026-09-19 12:59:22,880][navsim.planning.script.run_pdm_score_one_stage][INFO] - Processing scenario 15 / 16 in thread_id=59a9f6b0-a876-4257-a855-91bafc375177, node_id=0
[2026-09-19 12:59:24,388][navsim.planning.script.run_pdm_score_one_stage][INFO] - Processing scenario 16 / 16 in thread_id=59a9f6b0-a876-4257-a855-91bafc375177, node_id=0
[2026-09-19 12:59:27,019][navsim.planning.script.run_pdm_score_one_stage][INFO] - 
        Finished running evaluation.
            Number of successful scenarios: 16.
            Number of failed scenarios: 0.
            Final average score of valid results: 0.8720139165731189.
            Results are stored in: C:\Users\Admin\navsim\exp\e1\M1_human_one_stage_filter_off\2026.09.19.12.59.26.csv.
        
