[2026-09-20 09:58:37,101][navsim.planning.script.builders.worker_pool_builder][INFO] - Building WorkerPool...
[2026-09-20 09:58:37,111][nuplan.planning.utils.multithreading.worker_pool][INFO] - Worker: Sequential
[2026-09-20 09:58:37,111][nuplan.planning.utils.multithreading.worker_pool][INFO] - Number of nodes: 1
Number of CPUs per node: 1
Number of GPUs per node: 0
Number of threads across all nodes: 1
[2026-09-20 09:58:37,111][navsim.planning.script.builders.worker_pool_builder][INFO] - Building WorkerPool...DONE!
[2026-09-20 09:58:38,319][navsim.planning.script.run_pdm_score][INFO] - Starting pdm scoring of 220 scenarios...
[2026-09-20 09:58:38,319][navsim.planning.script.run_pdm_score][INFO] - Starting worker in thread_id=cbb06ab0-d092-456f-82a6-343d480bb0ff, node_id=0
[2026-09-20 09:58:39,374][navsim.planning.script.run_pdm_score][INFO] - Processing stage one reactive scenario 1 / 16 in thread_id=cbb06ab0-d092-456f-82a6-343d480bb0ff, node_id=0
[2026-09-20 09:58:40,958][navsim.planning.script.run_pdm_score][INFO] - Processing stage one reactive scenario 2 / 16 in thread_id=cbb06ab0-d092-456f-82a6-343d480bb0ff, node_id=0
[2026-09-20 09:58:41,279][navsim.planning.script.run_pdm_score][INFO] - Processing stage one reactive scenario 3 / 16 in thread_id=cbb06ab0-d092-456f-82a6-343d480bb0ff, node_id=0
[2026-09-20 09:58:42,901][navsim.planning.script.run_pdm_score][INFO] - Processing stage one reactive scenario 4 / 16 in thread_id=cbb06ab0-d092-456f-82a6-343d480bb0ff, node_id=0
[2026-09-20 09:58:44,541][navsim.planning.script.run_pdm_score][INFO] - Processing stage one reactive scenario 5 / 16 in thread_id=cbb06ab0-d092-456f-82a6-343d480bb0ff, node_id=0
[2026-09-20 09:58:44,814][navsim.planning.script.run_pdm_score][INFO] - Processing stage one reactive scenario 6 / 16 in thread_id=cbb06ab0-d092-456f-82a6-343d480bb0ff, node_id=0
[2026-09-20 09:58:45,023][navsim.planning.script.run_pdm_score][INFO] - Processing stage one reactive scenario 7 / 16 in thread_id=cbb06ab0-d092-456f-82a6-343d480bb0ff, node_id=0
[2026-09-20 09:58:46,028][navsim.planning.script.run_pdm_score][INFO] - Processing stage one reactive scenario 8 / 16 in thread_id=cbb06ab0-d092-456f-82a6-343d480bb0ff, node_id=0
[2026-09-20 09:58:48,105][navsim.planning.script.run_pdm_score][INFO] - Processing stage one reactive scenario 9 / 16 in thread_id=cbb06ab0-d092-456f-82a6-343d480bb0ff, node_id=0
[2026-09-20 09:58:48,238][navsim.planning.script.run_pdm_score][INFO] - Processing stage one reactive scenario 10 / 16 in thread_id=cbb06ab0-d092-456f-82a6-343d480bb0ff, node_id=0
[2026-09-20 09:58:50,056][navsim.planning.script.run_pdm_score][INFO] - Processing stage one reactive scenario 11 / 16 in thread_id=cbb06ab0-d092-456f-82a6-343d480bb0ff, node_id=0
[2026-09-20 09:58:50,141][navsim.planning.script.run_pdm_score][INFO] - Processing stage one reactive scenario 12 / 16 in thread_id=cbb06ab0-d092-456f-82a6-343d480bb0ff, node_id=0
[2026-09-20 09:58:52,042][navsim.planning.script.run_pdm_score][INFO] - Processing stage one reactive scenario 13 / 16 in thread_id=cbb06ab0-d092-456f-82a6-343d480bb0ff, node_id=0
[2026-09-20 09:58:54,051][navsim.planning.script.run_pdm_score][INFO] - Processing stage one reactive scenario 14 / 16 in thread_id=cbb06ab0-d092-456f-82a6-343d480bb0ff, node_id=0
[2026-09-20 09:58:54,169][navsim.planning.script.run_pdm_score][INFO] - Processing stage one reactive scenario 15 / 16 in thread_id=cbb06ab0-d092-456f-82a6-343d480bb0ff, node_id=0
[2026-09-20 09:58:56,178][navsim.planning.script.run_pdm_score][INFO] - Processing stage one reactive scenario 16 / 16 in thread_id=cbb06ab0-d092-456f-82a6-343d480bb0ff, node_id=0
[2026-09-20 09:58:58,179][navsim.planning.script.run_pdm_score][INFO] - Processing stage two reactive scenario 1 / 204 in thread_id=cbb06ab0-d092-456f-82a6-343d480bb0ff, node_id=0
[2026-09-20 09:58:58,246][navsim.planning.script.run_pdm_score][INFO] - Processing stage two reactive scenario 2 / 204 in thread_id=cbb06ab0-d092-456f-82a6-343d480bb0ff, node_id=0
[2026-09-20 09:58:58,819][navsim.planning.script.run_pdm_score][INFO] - Processing stage two reactive scenario 3 / 204 in thread_id=cbb06ab0-d092-456f-82a6-343d480bb0ff, node_id=0
[2026-09-20 09:58:58,886][navsim.planning.script.run_pdm_score][INFO] - Processing stage two reactive scenario 4 / 204 in thread_id=cbb06ab0-d092-456f-82a6-343d480bb0ff, node_id=0
[2026-09-20 09:58:59,514][navsim.planning.script.run_pdm_score][INFO] - Processing stage two reactive scenario 5 / 204 in thread_id=cbb06ab0-d092-456f-82a6-343d480bb0ff, node_id=0
[2026-09-20 09:59:00,268][navsim.planning.script.run_pdm_score][INFO] - Processing stage two reactive scenario 6 / 204 in thread_id=cbb06ab0-d092-456f-82a6-343d480bb0ff, node_id=0
[2026-09-20 09:59:00,851][navsim.planning.script.run_pdm_score][INFO] - Processing stage two reactive scenario 7 / 204 in thread_id=cbb06ab0-d092-456f-82a6-343d480bb0ff, node_id=0
[2026-09-20 09:59:01,743][navsim.planning.script.run_pdm_score][INFO] - Processing stage two reactive scenario 8 / 204 in thread_id=cbb06ab0-d092-456f-82a6-343d480bb0ff, node_id=0
[2026-09-20 09:59:02,333][navsim.planning.script.run_pdm_score][INFO] - Processing stage two reactive scenario 9 / 204 in thread_id=cbb06ab0-d092-456f-82a6-343d480bb0ff, node_id=0
[2026-09-20 09:59:02,950][navsim.planning.script.run_pdm_score][INFO] - Processing stage two reactive scenario 10 / 204 in thread_id=cbb06ab0-d092-456f-82a6-343d480bb0ff, node_id=0
[2026-09-20 09:59:03,017][navsim.planning.script.run_pdm_score][INFO] - Processing stage two reactive scenario 11 / 204 in thread_id=cbb06ab0-d092-456f-82a6-343d480bb0ff, node_id=0
[2026-09-20 09:59:03,884][navsim.planning.script.run_pdm_score][INFO] - Processing stage two reactive scenario 12 / 204 in thread_id=cbb06ab0-d092-456f-82a6-343d480bb0ff, node_id=0
[2026-09-20 09:59:04,736][navsim.planning.script.run_pdm_score][INFO] - Processing stage two reactive scenario 13 / 204 in thread_id=cbb06ab0-d092-456f-82a6-343d480bb0ff, node_id=0
[2026-09-20 09:59:05,576][navsim.planning.script.run_pdm_score][INFO] - Processing stage two reactive scenario 14 / 204 in thread_id=cbb06ab0-d092-456f-82a6-343d480bb0ff, node_id=0
[2026-09-20 09:59:06,503][navsim.planning.script.run_pdm_score][INFO] - Processing stage two reactive scenario 15 / 204 in thread_id=cbb06ab0-d092-456f-82a6-343d480bb0ff, node_id=0
[2026-09-20 09:59:06,653][navsim.planning.script.run_pdm_score][INFO] - Processing stage two reactive scenario 16 / 204 in thread_id=cbb06ab0-d092-456f-82a6-343d480bb0ff, node_id=0
[2026-09-20 09:59:07,579][navsim.planning.script.run_pdm_score][INFO] - Processing stage two reactive scenario 17 / 204 in thread_id=cbb06ab0-d092-456f-82a6-343d480bb0ff, node_id=0
[2026-09-20 09:59:08,238][navsim.planning.script.run_pdm_score][INFO] - Processing stage two reactive scenario 18 / 204 in thread_id=cbb06ab0-d092-456f-82a6-343d480bb0ff, node_id=0
[2026-09-20 09:59:08,853][navsim.planning.script.run_pdm_score][INFO] - Processing stage two reactive scenario 19 / 204 in thread_id=cbb06ab0-d092-456f-82a6-343d480bb0ff, node_id=0
[2026-09-20 09:59:09,501][navsim.planning.script.run_pdm_score][INFO] - Processing stage two reactive scenario 20 / 204 in thread_id=cbb06ab0-d092-456f-82a6-343d480bb0ff, node_id=0
[2026-09-20 09:59:10,357][navsim.planning.script.run_pdm_score][INFO] - Processing stage two reactive scenario 21 / 204 in thread_id=cbb06ab0-d092-456f-82a6-343d480bb0ff, node_id=0
[2026-09-20 09:59:11,179][navsim.planning.script.run_pdm_score][INFO] - Processing stage two reactive scenario 22 / 204 in thread_id=cbb06ab0-d092-456f-82a6-343d480bb0ff, node_id=0
[2026-09-20 09:59:12,091][navsim.planning.script.run_pdm_score][INFO] - Processing stage two reactive scenario 23 / 204 in thread_id=cbb06ab0-d092-456f-82a6-343d480bb0ff, node_id=0
[2026-09-20 09:59:12,961][navsim.planning.script.run_pdm_score][INFO] - Processing stage two reactive scenario 24 / 204 in thread_id=cbb06ab0-d092-456f-82a6-343d480bb0ff, node_id=0
[2026-09-20 09:59:13,812][navsim.planning.script.run_pdm_score][INFO] - Processing stage two reactive scenario 25 / 204 in thread_id=cbb06ab0-d092-456f-82a6-343d480bb0ff, node_id=0
[2026-09-20 09:59:14,710][navsim.planning.script.run_pdm_score][INFO] - Processing stage two reactive scenario 26 / 204 in thread_id=cbb06ab0-d092-456f-82a6-343d480bb0ff, node_id=0
[2026-09-20 09:59:15,536][navsim.planning.script.run_pdm_score][INFO] - Processing stage two reactive scenario 27 / 204 in thread_id=cbb06ab0-d092-456f-82a6-343d480bb0ff, node_id=0
[2026-09-20 09:59:15,615][navsim.planning.script.run_pdm_score][INFO] - Processing stage two reactive scenario 28 / 204 in thread_id=cbb06ab0-d092-456f-82a6-343d480bb0ff, node_id=0
[2026-09-20 09:59:15,760][navsim.planning.script.run_pdm_score][INFO] - Processing stage two reactive scenario 29 / 204 in thread_id=cbb06ab0-d092-456f-82a6-343d480bb0ff, node_id=0
[2026-09-20 09:59:16,709][navsim.planning.script.run_pdm_score][INFO] - Processing stage two reactive scenario 30 / 204 in thread_id=cbb06ab0-d092-456f-82a6-343d480bb0ff, node_id=0
[2026-09-20 09:59:16,774][navsim.planning.script.run_pdm_score][INFO] - Processing stage two reactive scenario 31 / 204 in thread_id=cbb06ab0-d092-456f-82a6-343d480bb0ff, node_id=0
[2026-09-20 09:59:16,841][navsim.planning.script.run_pdm_score][INFO] - Processing stage two reactive scenario 32 / 204 in thread_id=cbb06ab0-d092-456f-82a6-343d480bb0ff, node_id=0
[2026-09-20 09:59:17,701][navsim.planning.script.run_pdm_score][INFO] - Processing stage two reactive scenario 33 / 204 in thread_id=cbb06ab0-d092-456f-82a6-343d480bb0ff, node_id=0
[2026-09-20 09:59:17,762][navsim.planning.script.run_pdm_score][INFO] - Processing stage two reactive scenario 34 / 204 in thread_id=cbb06ab0-d092-456f-82a6-343d480bb0ff, node_id=0
[2026-09-20 09:59:18,653][navsim.planning.script.run_pdm_score][INFO] - Processing stage two reactive scenario 35 / 204 in thread_id=cbb06ab0-d092-456f-82a6-343d480bb0ff, node_id=0
[2026-09-20 09:59:19,499][navsim.planning.script.run_pdm_score][INFO] - Processing stage two reactive scenario 36 / 204 in thread_id=cbb06ab0-d092-456f-82a6-343d480bb0ff, node_id=0
[2026-09-20 09:59:20,370][navsim.planning.script.run_pdm_score][INFO] - Processing stage two reactive scenario 37 / 204 in thread_id=cbb06ab0-d092-456f-82a6-343d480bb0ff, node_id=0
[2026-09-20 09:59:20,684][navsim.planning.script.run_pdm_score][INFO] - Processing stage two reactive scenario 38 / 204 in thread_id=cbb06ab0-d092-456f-82a6-343d480bb0ff, node_id=0
[2026-09-20 09:59:21,174][navsim.planning.script.run_pdm_score][INFO] - Processing stage two reactive scenario 39 / 204 in thread_id=cbb06ab0-d092-456f-82a6-343d480bb0ff, node_id=0
[2026-09-20 09:59:21,242][navsim.planning.script.run_pdm_score][INFO] - Processing stage two reactive scenario 40 / 204 in thread_id=cbb06ab0-d092-456f-82a6-343d480bb0ff, node_id=0
[2026-09-20 09:59:21,835][navsim.planning.script.run_pdm_score][INFO] - Processing stage two reactive scenario 41 / 204 in thread_id=cbb06ab0-d092-456f-82a6-343d480bb0ff, node_id=0
[2026-09-20 09:59:22,421][navsim.planning.script.run_pdm_score][INFO] - Processing stage two reactive scenario 42 / 204 in thread_id=cbb06ab0-d092-456f-82a6-343d480bb0ff, node_id=0
[2026-09-20 09:59:22,975][navsim.planning.script.run_pdm_score][INFO] - Processing stage two reactive scenario 43 / 204 in thread_id=cbb06ab0-d092-456f-82a6-343d480bb0ff, node_id=0
[2026-09-20 09:59:23,118][navsim.planning.script.run_pdm_score][INFO] - Processing stage two reactive scenario 44 / 204 in thread_id=cbb06ab0-d092-456f-82a6-343d480bb0ff, node_id=0
[2026-09-20 09:59:23,292][navsim.planning.script.run_pdm_score][INFO] - Processing stage two reactive scenario 45 / 204 in thread_id=cbb06ab0-d092-456f-82a6-343d480bb0ff, node_id=0
[2026-09-20 09:59:23,433][navsim.planning.script.run_pdm_score][INFO] - Processing stage two reactive scenario 46 / 204 in thread_id=cbb06ab0-d092-456f-82a6-343d480bb0ff, node_id=0
[2026-09-20 09:59:23,987][navsim.planning.script.run_pdm_score][INFO] - Processing stage two reactive scenario 47 / 204 in thread_id=cbb06ab0-d092-456f-82a6-343d480bb0ff, node_id=0
[2026-09-20 09:59:24,139][navsim.planning.script.run_pdm_score][INFO] - Processing stage two reactive scenario 48 / 204 in thread_id=cbb06ab0-d092-456f-82a6-343d480bb0ff, node_id=0
[2026-09-20 09:59:25,124][navsim.planning.script.run_pdm_score][INFO] - Processing stage two reactive scenario 49 / 204 in thread_id=cbb06ab0-d092-456f-82a6-343d480bb0ff, node_id=0
[2026-09-20 09:59:25,290][navsim.planning.script.run_pdm_score][INFO] - Processing stage two reactive scenario 50 / 204 in thread_id=cbb06ab0-d092-456f-82a6-343d480bb0ff, node_id=0
[2026-09-20 09:59:26,209][navsim.planning.script.run_pdm_score][INFO] - Processing stage two reactive scenario 51 / 204 in thread_id=cbb06ab0-d092-456f-82a6-343d480bb0ff, node_id=0
[2026-09-20 09:59:26,269][navsim.planning.script.run_pdm_score][INFO] - Processing stage two reactive scenario 52 / 204 in thread_id=cbb06ab0-d092-456f-82a6-343d480bb0ff, node_id=0
[2026-09-20 09:59:26,946][navsim.planning.script.run_pdm_score][INFO] - Processing stage two reactive scenario 53 / 204 in thread_id=cbb06ab0-d092-456f-82a6-343d480bb0ff, node_id=0
[2026-09-20 09:59:27,868][navsim.planning.script.run_pdm_score][INFO] - Processing stage two reactive scenario 54 / 204 in thread_id=cbb06ab0-d092-456f-82a6-343d480bb0ff, node_id=0
[2026-09-20 09:59:28,593][navsim.planning.script.run_pdm_score][INFO] - Processing stage two reactive scenario 55 / 204 in thread_id=cbb06ab0-d092-456f-82a6-343d480bb0ff, node_id=0
[2026-09-20 09:59:29,435][navsim.planning.script.run_pdm_score][INFO] - Processing stage two reactive scenario 56 / 204 in thread_id=cbb06ab0-d092-456f-82a6-343d480bb0ff, node_id=0
[2026-09-20 09:59:30,306][navsim.planning.script.run_pdm_score][INFO] - Processing stage two reactive scenario 57 / 204 in thread_id=cbb06ab0-d092-456f-82a6-343d480bb0ff, node_id=0
[2026-09-20 09:59:31,028][navsim.planning.script.run_pdm_score][INFO] - Processing stage two reactive scenario 58 / 204 in thread_id=cbb06ab0-d092-456f-82a6-343d480bb0ff, node_id=0
[2026-09-20 09:59:31,115][navsim.planning.script.run_pdm_score][INFO] - Processing stage two reactive scenario 59 / 204 in thread_id=cbb06ab0-d092-456f-82a6-343d480bb0ff, node_id=0
[2026-09-20 09:59:31,275][navsim.planning.script.run_pdm_score][INFO] - Processing stage two reactive scenario 60 / 204 in thread_id=cbb06ab0-d092-456f-82a6-343d480bb0ff, node_id=0
[2026-09-20 09:59:32,174][navsim.planning.script.run_pdm_score][INFO] - Processing stage two reactive scenario 61 / 204 in thread_id=cbb06ab0-d092-456f-82a6-343d480bb0ff, node_id=0
[2026-09-20 09:59:32,710][navsim.planning.script.run_pdm_score][INFO] - Processing stage two reactive scenario 62 / 204 in thread_id=cbb06ab0-d092-456f-82a6-343d480bb0ff, node_id=0
[2026-09-20 09:59:33,285][navsim.planning.script.run_pdm_score][INFO] - Processing stage two reactive scenario 63 / 204 in thread_id=cbb06ab0-d092-456f-82a6-343d480bb0ff, node_id=0
[2026-09-20 09:59:33,350][navsim.planning.script.run_pdm_score][INFO] - Processing stage two reactive scenario 64 / 204 in thread_id=cbb06ab0-d092-456f-82a6-343d480bb0ff, node_id=0
[2026-09-20 09:59:34,200][navsim.planning.script.run_pdm_score][INFO] - Processing stage two reactive scenario 65 / 204 in thread_id=cbb06ab0-d092-456f-82a6-343d480bb0ff, node_id=0
[2026-09-20 09:59:35,193][navsim.planning.script.run_pdm_score][INFO] - Processing stage two reactive scenario 66 / 204 in thread_id=cbb06ab0-d092-456f-82a6-343d480bb0ff, node_id=0
[2026-09-20 09:59:35,341][navsim.planning.script.run_pdm_score][INFO] - Processing stage two reactive scenario 67 / 204 in thread_id=cbb06ab0-d092-456f-82a6-343d480bb0ff, node_id=0
[2026-09-20 09:59:36,254][navsim.planning.script.run_pdm_score][INFO] - Processing stage two reactive scenario 68 / 204 in thread_id=cbb06ab0-d092-456f-82a6-343d480bb0ff, node_id=0
[2026-09-20 09:59:36,319][navsim.planning.script.run_pdm_score][INFO] - Processing stage two reactive scenario 69 / 204 in thread_id=cbb06ab0-d092-456f-82a6-343d480bb0ff, node_id=0
[2026-09-20 09:59:36,468][navsim.planning.script.run_pdm_score][INFO] - Processing stage two reactive scenario 70 / 204 in thread_id=cbb06ab0-d092-456f-82a6-343d480bb0ff, node_id=0
[2026-09-20 09:59:36,784][navsim.planning.script.run_pdm_score][INFO] - Processing stage two reactive scenario 71 / 204 in thread_id=cbb06ab0-d092-456f-82a6-343d480bb0ff, node_id=0
[2026-09-20 09:59:37,396][navsim.planning.script.run_pdm_score][INFO] - Processing stage two reactive scenario 72 / 204 in thread_id=cbb06ab0-d092-456f-82a6-343d480bb0ff, node_id=0
[2026-09-20 09:59:38,252][navsim.planning.script.run_pdm_score][INFO] - Processing stage two reactive scenario 73 / 204 in thread_id=cbb06ab0-d092-456f-82a6-343d480bb0ff, node_id=0
[2026-09-20 09:59:38,804][navsim.planning.script.run_pdm_score][INFO] - Processing stage two reactive scenario 74 / 204 in thread_id=cbb06ab0-d092-456f-82a6-343d480bb0ff, node_id=0
[2026-09-20 09:59:39,346][navsim.planning.script.run_pdm_score][INFO] - Processing stage two reactive scenario 75 / 204 in thread_id=cbb06ab0-d092-456f-82a6-343d480bb0ff, node_id=0
[2026-09-20 09:59:39,974][navsim.planning.script.run_pdm_score][INFO] - Processing stage two reactive scenario 76 / 204 in thread_id=cbb06ab0-d092-456f-82a6-343d480bb0ff, node_id=0
[2026-09-20 09:59:40,807][navsim.planning.script.run_pdm_score][INFO] - Processing stage two reactive scenario 77 / 204 in thread_id=cbb06ab0-d092-456f-82a6-343d480bb0ff, node_id=0
[2026-09-20 09:59:40,979][navsim.planning.script.run_pdm_score][INFO] - Processing stage two reactive scenario 78 / 204 in thread_id=cbb06ab0-d092-456f-82a6-343d480bb0ff, node_id=0
[2026-09-20 09:59:41,832][navsim.planning.script.run_pdm_score][INFO] - Processing stage two reactive scenario 79 / 204 in thread_id=cbb06ab0-d092-456f-82a6-343d480bb0ff, node_id=0
[2026-09-20 09:59:42,833][navsim.planning.script.run_pdm_score][INFO] - Processing stage two reactive scenario 80 / 204 in thread_id=cbb06ab0-d092-456f-82a6-343d480bb0ff, node_id=0
[2026-09-20 09:59:42,909][navsim.planning.script.run_pdm_score][INFO] - Processing stage two reactive scenario 81 / 204 in thread_id=cbb06ab0-d092-456f-82a6-343d480bb0ff, node_id=0
[2026-09-20 09:59:43,796][navsim.planning.script.run_pdm_score][INFO] - Processing stage two reactive scenario 82 / 204 in thread_id=cbb06ab0-d092-456f-82a6-343d480bb0ff, node_id=0
[2026-09-20 09:59:44,711][navsim.planning.script.run_pdm_score][INFO] - Processing stage two reactive scenario 83 / 204 in thread_id=cbb06ab0-d092-456f-82a6-343d480bb0ff, node_id=0
[2026-09-20 09:59:45,540][navsim.planning.script.run_pdm_score][INFO] - Processing stage two reactive scenario 84 / 204 in thread_id=cbb06ab0-d092-456f-82a6-343d480bb0ff, node_id=0
[2026-09-20 09:59:46,382][navsim.planning.script.run_pdm_score][INFO] - Processing stage two reactive scenario 85 / 204 in thread_id=cbb06ab0-d092-456f-82a6-343d480bb0ff, node_id=0
[2026-09-20 09:59:47,129][navsim.planning.script.run_pdm_score][INFO] - Processing stage two reactive scenario 86 / 204 in thread_id=cbb06ab0-d092-456f-82a6-343d480bb0ff, node_id=0
[2026-09-20 09:59:47,731][navsim.planning.script.run_pdm_score][INFO] - Processing stage two reactive scenario 87 / 204 in thread_id=cbb06ab0-d092-456f-82a6-343d480bb0ff, node_id=0
[2026-09-20 09:59:48,757][navsim.planning.script.run_pdm_score][INFO] - Processing stage two reactive scenario 88 / 204 in thread_id=cbb06ab0-d092-456f-82a6-343d480bb0ff, node_id=0
[2026-09-20 09:59:49,676][navsim.planning.script.run_pdm_score][INFO] - Processing stage two reactive scenario 89 / 204 in thread_id=cbb06ab0-d092-456f-82a6-343d480bb0ff, node_id=0
[2026-09-20 09:59:50,304][navsim.planning.script.run_pdm_score][INFO] - Processing stage two reactive scenario 90 / 204 in thread_id=cbb06ab0-d092-456f-82a6-343d480bb0ff, node_id=0
[2026-09-20 09:59:51,269][navsim.planning.script.run_pdm_score][INFO] - Processing stage two reactive scenario 91 / 204 in thread_id=cbb06ab0-d092-456f-82a6-343d480bb0ff, node_id=0
[2026-09-20 09:59:52,174][navsim.planning.script.run_pdm_score][INFO] - Processing stage two reactive scenario 92 / 204 in thread_id=cbb06ab0-d092-456f-82a6-343d480bb0ff, node_id=0
[2026-09-20 09:59:53,076][navsim.planning.script.run_pdm_score][INFO] - Processing stage two reactive scenario 93 / 204 in thread_id=cbb06ab0-d092-456f-82a6-343d480bb0ff, node_id=0
[2026-09-20 09:59:53,795][navsim.planning.script.run_pdm_score][INFO] - Processing stage two reactive scenario 94 / 204 in thread_id=cbb06ab0-d092-456f-82a6-343d480bb0ff, node_id=0
[2026-09-20 09:59:54,635][navsim.planning.script.run_pdm_score][INFO] - Processing stage two reactive scenario 95 / 204 in thread_id=cbb06ab0-d092-456f-82a6-343d480bb0ff, node_id=0
[2026-09-20 09:59:55,626][navsim.planning.script.run_pdm_score][INFO] - Processing stage two reactive scenario 96 / 204 in thread_id=cbb06ab0-d092-456f-82a6-343d480bb0ff, node_id=0
[2026-09-20 09:59:56,241][navsim.planning.script.run_pdm_score][INFO] - Processing stage two reactive scenario 97 / 204 in thread_id=cbb06ab0-d092-456f-82a6-343d480bb0ff, node_id=0
[2026-09-20 09:59:57,092][navsim.planning.script.run_pdm_score][INFO] - Processing stage two reactive scenario 98 / 204 in thread_id=cbb06ab0-d092-456f-82a6-343d480bb0ff, node_id=0
[2026-09-20 09:59:58,125][navsim.planning.script.run_pdm_score][INFO] - Processing stage two reactive scenario 99 / 204 in thread_id=cbb06ab0-d092-456f-82a6-343d480bb0ff, node_id=0
[2026-09-20 09:59:58,271][navsim.planning.script.run_pdm_score][INFO] - Processing stage two reactive scenario 100 / 204 in thread_id=cbb06ab0-d092-456f-82a6-343d480bb0ff, node_id=0
[2026-09-20 09:59:59,162][navsim.planning.script.run_pdm_score][INFO] - Processing stage two reactive scenario 101 / 204 in thread_id=cbb06ab0-d092-456f-82a6-343d480bb0ff, node_id=0
[2026-09-20 09:59:59,853][navsim.planning.script.run_pdm_score][INFO] - Processing stage two reactive scenario 102 / 204 in thread_id=cbb06ab0-d092-456f-82a6-343d480bb0ff, node_id=0
[2026-09-20 10:00:00,003][navsim.planning.script.run_pdm_score][INFO] - Processing stage two reactive scenario 103 / 204 in thread_id=cbb06ab0-d092-456f-82a6-343d480bb0ff, node_id=0
[2026-09-20 10:00:00,873][navsim.planning.script.run_pdm_score][INFO] - Processing stage two reactive scenario 104 / 204 in thread_id=cbb06ab0-d092-456f-82a6-343d480bb0ff, node_id=0
[2026-09-20 10:00:01,857][navsim.planning.script.run_pdm_score][INFO] - Processing stage two reactive scenario 105 / 204 in thread_id=cbb06ab0-d092-456f-82a6-343d480bb0ff, node_id=0
[2026-09-20 10:00:02,489][navsim.planning.script.run_pdm_score][INFO] - Processing stage two reactive scenario 106 / 204 in thread_id=cbb06ab0-d092-456f-82a6-343d480bb0ff, node_id=0
[2026-09-20 10:00:03,101][navsim.planning.script.run_pdm_score][INFO] - Processing stage two reactive scenario 107 / 204 in thread_id=cbb06ab0-d092-456f-82a6-343d480bb0ff, node_id=0
[2026-09-20 10:00:03,171][navsim.planning.script.run_pdm_score][INFO] - Processing stage two reactive scenario 108 / 204 in thread_id=cbb06ab0-d092-456f-82a6-343d480bb0ff, node_id=0
[2026-09-20 10:00:03,386][navsim.planning.script.run_pdm_score][INFO] - Processing stage two reactive scenario 109 / 204 in thread_id=cbb06ab0-d092-456f-82a6-343d480bb0ff, node_id=0
[2026-09-20 10:00:04,014][navsim.planning.script.run_pdm_score][INFO] - Processing stage two reactive scenario 110 / 204 in thread_id=cbb06ab0-d092-456f-82a6-343d480bb0ff, node_id=0
[2026-09-20 10:00:04,841][navsim.planning.script.run_pdm_score][INFO] - Processing stage two reactive scenario 111 / 204 in thread_id=cbb06ab0-d092-456f-82a6-343d480bb0ff, node_id=0
[2026-09-20 10:00:05,404][navsim.planning.script.run_pdm_score][INFO] - Processing stage two reactive scenario 112 / 204 in thread_id=cbb06ab0-d092-456f-82a6-343d480bb0ff, node_id=0
[2026-09-20 10:00:05,474][navsim.planning.script.run_pdm_score][INFO] - Processing stage two reactive scenario 113 / 204 in thread_id=cbb06ab0-d092-456f-82a6-343d480bb0ff, node_id=0
[2026-09-20 10:00:05,534][navsim.planning.script.run_pdm_score][INFO] - Processing stage two reactive scenario 114 / 204 in thread_id=cbb06ab0-d092-456f-82a6-343d480bb0ff, node_id=0
[2026-09-20 10:00:06,444][navsim.planning.script.run_pdm_score][INFO] - Processing stage two reactive scenario 115 / 204 in thread_id=cbb06ab0-d092-456f-82a6-343d480bb0ff, node_id=0
[2026-09-20 10:00:06,597][navsim.planning.script.run_pdm_score][INFO] - Processing stage two reactive scenario 116 / 204 in thread_id=cbb06ab0-d092-456f-82a6-343d480bb0ff, node_id=0
[2026-09-20 10:00:07,478][navsim.planning.script.run_pdm_score][INFO] - Processing stage two reactive scenario 117 / 204 in thread_id=cbb06ab0-d092-456f-82a6-343d480bb0ff, node_id=0
[2026-09-20 10:00:07,549][navsim.planning.script.run_pdm_score][INFO] - Processing stage two reactive scenario 118 / 204 in thread_id=cbb06ab0-d092-456f-82a6-343d480bb0ff, node_id=0
[2026-09-20 10:00:08,275][navsim.planning.script.run_pdm_score][INFO] - Processing stage two reactive scenario 119 / 204 in thread_id=cbb06ab0-d092-456f-82a6-343d480bb0ff, node_id=0
[2026-09-20 10:00:08,342][navsim.planning.script.run_pdm_score][INFO] - Processing stage two reactive scenario 120 / 204 in thread_id=cbb06ab0-d092-456f-82a6-343d480bb0ff, node_id=0
[2026-09-20 10:00:08,869][navsim.planning.script.run_pdm_score][INFO] - Processing stage two reactive scenario 121 / 204 in thread_id=cbb06ab0-d092-456f-82a6-343d480bb0ff, node_id=0
[2026-09-20 10:00:09,778][navsim.planning.script.run_pdm_score][INFO] - Processing stage two reactive scenario 122 / 204 in thread_id=cbb06ab0-d092-456f-82a6-343d480bb0ff, node_id=0
[2026-09-20 10:00:10,603][navsim.planning.script.run_pdm_score][INFO] - Processing stage two reactive scenario 123 / 204 in thread_id=cbb06ab0-d092-456f-82a6-343d480bb0ff, node_id=0
[2026-09-20 10:00:10,666][navsim.planning.script.run_pdm_score][INFO] - Processing stage two reactive scenario 124 / 204 in thread_id=cbb06ab0-d092-456f-82a6-343d480bb0ff, node_id=0
[2026-09-20 10:00:10,729][navsim.planning.script.run_pdm_score][INFO] - Processing stage two reactive scenario 125 / 204 in thread_id=cbb06ab0-d092-456f-82a6-343d480bb0ff, node_id=0
[2026-09-20 10:00:11,231][navsim.planning.script.run_pdm_score][INFO] - Processing stage two reactive scenario 126 / 204 in thread_id=cbb06ab0-d092-456f-82a6-343d480bb0ff, node_id=0
[2026-09-20 10:00:11,968][navsim.planning.script.run_pdm_score][INFO] - Processing stage two reactive scenario 127 / 204 in thread_id=cbb06ab0-d092-456f-82a6-343d480bb0ff, node_id=0
[2026-09-20 10:00:12,834][navsim.planning.script.run_pdm_score][INFO] - Processing stage two reactive scenario 128 / 204 in thread_id=cbb06ab0-d092-456f-82a6-343d480bb0ff, node_id=0
[2026-09-20 10:00:13,081][navsim.planning.script.run_pdm_score][INFO] - Processing stage two reactive scenario 129 / 204 in thread_id=cbb06ab0-d092-456f-82a6-343d480bb0ff, node_id=0
[2026-09-20 10:00:14,069][navsim.planning.script.run_pdm_score][INFO] - Processing stage two reactive scenario 130 / 204 in thread_id=cbb06ab0-d092-456f-82a6-343d480bb0ff, node_id=0
[2026-09-20 10:00:14,899][navsim.planning.script.run_pdm_score][INFO] - Processing stage two reactive scenario 131 / 204 in thread_id=cbb06ab0-d092-456f-82a6-343d480bb0ff, node_id=0
[2026-09-20 10:00:15,876][navsim.planning.script.run_pdm_score][INFO] - Processing stage two reactive scenario 132 / 204 in thread_id=cbb06ab0-d092-456f-82a6-343d480bb0ff, node_id=0
[2026-09-20 10:00:16,814][navsim.planning.script.run_pdm_score][INFO] - Processing stage two reactive scenario 133 / 204 in thread_id=cbb06ab0-d092-456f-82a6-343d480bb0ff, node_id=0
[2026-09-20 10:00:17,711][navsim.planning.script.run_pdm_score][INFO] - Processing stage two reactive scenario 134 / 204 in thread_id=cbb06ab0-d092-456f-82a6-343d480bb0ff, node_id=0
[2026-09-20 10:00:18,562][navsim.planning.script.run_pdm_score][INFO] - Processing stage two reactive scenario 135 / 204 in thread_id=cbb06ab0-d092-456f-82a6-343d480bb0ff, node_id=0
[2026-09-20 10:00:18,795][navsim.planning.script.run_pdm_score][INFO] - Processing stage two reactive scenario 136 / 204 in thread_id=cbb06ab0-d092-456f-82a6-343d480bb0ff, node_id=0
[2026-09-20 10:00:18,883][navsim.planning.script.run_pdm_score][INFO] - Processing stage two reactive scenario 137 / 204 in thread_id=cbb06ab0-d092-456f-82a6-343d480bb0ff, node_id=0
[2026-09-20 10:00:19,748][navsim.planning.script.run_pdm_score][INFO] - Processing stage two reactive scenario 138 / 204 in thread_id=cbb06ab0-d092-456f-82a6-343d480bb0ff, node_id=0
[2026-09-20 10:00:20,385][navsim.planning.script.run_pdm_score][INFO] - Processing stage two reactive scenario 139 / 204 in thread_id=cbb06ab0-d092-456f-82a6-343d480bb0ff, node_id=0
[2026-09-20 10:00:21,452][navsim.planning.script.run_pdm_score][INFO] - Processing stage two reactive scenario 140 / 204 in thread_id=cbb06ab0-d092-456f-82a6-343d480bb0ff, node_id=0
[2026-09-20 10:00:22,073][navsim.planning.script.run_pdm_score][INFO] - Processing stage two reactive scenario 141 / 204 in thread_id=cbb06ab0-d092-456f-82a6-343d480bb0ff, node_id=0
[2026-09-20 10:00:22,992][navsim.planning.script.run_pdm_score][INFO] - Processing stage two reactive scenario 142 / 204 in thread_id=cbb06ab0-d092-456f-82a6-343d480bb0ff, node_id=0
[2026-09-20 10:00:23,467][navsim.planning.script.run_pdm_score][INFO] - Processing stage two reactive scenario 143 / 204 in thread_id=cbb06ab0-d092-456f-82a6-343d480bb0ff, node_id=0
[2026-09-20 10:00:23,614][navsim.planning.script.run_pdm_score][INFO] - Processing stage two reactive scenario 144 / 204 in thread_id=cbb06ab0-d092-456f-82a6-343d480bb0ff, node_id=0
[2026-09-20 10:00:24,216][navsim.planning.script.run_pdm_score][INFO] - Processing stage two reactive scenario 145 / 204 in thread_id=cbb06ab0-d092-456f-82a6-343d480bb0ff, node_id=0
[2026-09-20 10:00:25,073][navsim.planning.script.run_pdm_score][INFO] - Processing stage two reactive scenario 146 / 204 in thread_id=cbb06ab0-d092-456f-82a6-343d480bb0ff, node_id=0
[2026-09-20 10:00:25,697][navsim.planning.script.run_pdm_score][INFO] - Processing stage two reactive scenario 147 / 204 in thread_id=cbb06ab0-d092-456f-82a6-343d480bb0ff, node_id=0
[2026-09-20 10:00:26,383][navsim.planning.script.run_pdm_score][INFO] - Processing stage two reactive scenario 148 / 204 in thread_id=cbb06ab0-d092-456f-82a6-343d480bb0ff, node_id=0
[2026-09-20 10:00:26,706][navsim.planning.script.run_pdm_score][INFO] - Processing stage two reactive scenario 149 / 204 in thread_id=cbb06ab0-d092-456f-82a6-343d480bb0ff, node_id=0
[2026-09-20 10:00:27,608][navsim.planning.script.run_pdm_score][INFO] - Processing stage two reactive scenario 150 / 204 in thread_id=cbb06ab0-d092-456f-82a6-343d480bb0ff, node_id=0
[2026-09-20 10:00:27,816][navsim.planning.script.run_pdm_score][INFO] - Processing stage two reactive scenario 151 / 204 in thread_id=cbb06ab0-d092-456f-82a6-343d480bb0ff, node_id=0
[2026-09-20 10:00:28,437][navsim.planning.script.run_pdm_score][INFO] - Processing stage two reactive scenario 152 / 204 in thread_id=cbb06ab0-d092-456f-82a6-343d480bb0ff, node_id=0
[2026-09-20 10:00:28,508][navsim.planning.script.run_pdm_score][INFO] - Processing stage two reactive scenario 153 / 204 in thread_id=cbb06ab0-d092-456f-82a6-343d480bb0ff, node_id=0
[2026-09-20 10:00:29,241][navsim.planning.script.run_pdm_score][INFO] - Processing stage two reactive scenario 154 / 204 in thread_id=cbb06ab0-d092-456f-82a6-343d480bb0ff, node_id=0
[2026-09-20 10:00:30,213][navsim.planning.script.run_pdm_score][INFO] - Processing stage two reactive scenario 155 / 204 in thread_id=cbb06ab0-d092-456f-82a6-343d480bb0ff, node_id=0
[2026-09-20 10:00:30,346][navsim.planning.script.run_pdm_score][INFO] - Processing stage two reactive scenario 156 / 204 in thread_id=cbb06ab0-d092-456f-82a6-343d480bb0ff, node_id=0
[2026-09-20 10:00:30,569][navsim.planning.script.run_pdm_score][INFO] - Processing stage two reactive scenario 157 / 204 in thread_id=cbb06ab0-d092-456f-82a6-343d480bb0ff, node_id=0
[2026-09-20 10:00:32,054][navsim.planning.script.run_pdm_score][INFO] - Processing stage two reactive scenario 158 / 204 in thread_id=cbb06ab0-d092-456f-82a6-343d480bb0ff, node_id=0
[2026-09-20 10:00:32,301][navsim.planning.script.run_pdm_score][INFO] - Processing stage two reactive scenario 159 / 204 in thread_id=cbb06ab0-d092-456f-82a6-343d480bb0ff, node_id=0
[2026-09-20 10:00:33,456][navsim.planning.script.run_pdm_score][INFO] - Processing stage two reactive scenario 160 / 204 in thread_id=cbb06ab0-d092-456f-82a6-343d480bb0ff, node_id=0
[2026-09-20 10:00:34,406][navsim.planning.script.run_pdm_score][INFO] - Processing stage two reactive scenario 161 / 204 in thread_id=cbb06ab0-d092-456f-82a6-343d480bb0ff, node_id=0
[2026-09-20 10:00:34,494][navsim.planning.script.run_pdm_score][INFO] - Processing stage two reactive scenario 162 / 204 in thread_id=cbb06ab0-d092-456f-82a6-343d480bb0ff, node_id=0
[2026-09-20 10:00:34,558][navsim.planning.script.run_pdm_score][INFO] - Processing stage two reactive scenario 163 / 204 in thread_id=cbb06ab0-d092-456f-82a6-343d480bb0ff, node_id=0
[2026-09-20 10:00:35,373][navsim.planning.script.run_pdm_score][INFO] - Processing stage two reactive scenario 164 / 204 in thread_id=cbb06ab0-d092-456f-82a6-343d480bb0ff, node_id=0
[2026-09-20 10:00:36,260][navsim.planning.script.run_pdm_score][INFO] - Processing stage two reactive scenario 165 / 204 in thread_id=cbb06ab0-d092-456f-82a6-343d480bb0ff, node_id=0
[2026-09-20 10:00:36,812][navsim.planning.script.run_pdm_score][INFO] - Processing stage two reactive scenario 166 / 204 in thread_id=cbb06ab0-d092-456f-82a6-343d480bb0ff, node_id=0
[2026-09-20 10:00:37,506][navsim.planning.script.run_pdm_score][INFO] - Processing stage two reactive scenario 167 / 204 in thread_id=cbb06ab0-d092-456f-82a6-343d480bb0ff, node_id=0
[2026-09-20 10:00:38,371][navsim.planning.script.run_pdm_score][INFO] - Processing stage two reactive scenario 168 / 204 in thread_id=cbb06ab0-d092-456f-82a6-343d480bb0ff, node_id=0
[2026-09-20 10:00:39,217][navsim.planning.script.run_pdm_score][INFO] - Processing stage two reactive scenario 169 / 204 in thread_id=cbb06ab0-d092-456f-82a6-343d480bb0ff, node_id=0
[2026-09-20 10:00:39,360][navsim.planning.script.run_pdm_score][INFO] - Processing stage two reactive scenario 170 / 204 in thread_id=cbb06ab0-d092-456f-82a6-343d480bb0ff, node_id=0
[2026-09-20 10:00:40,327][navsim.planning.script.run_pdm_score][INFO] - Processing stage two reactive scenario 171 / 204 in thread_id=cbb06ab0-d092-456f-82a6-343d480bb0ff, node_id=0
[2026-09-20 10:00:40,907][navsim.planning.script.run_pdm_score][INFO] - Processing stage two reactive scenario 172 / 204 in thread_id=cbb06ab0-d092-456f-82a6-343d480bb0ff, node_id=0
[2026-09-20 10:00:41,152][navsim.planning.script.run_pdm_score][INFO] - Processing stage two reactive scenario 173 / 204 in thread_id=cbb06ab0-d092-456f-82a6-343d480bb0ff, node_id=0
[2026-09-20 10:00:42,098][navsim.planning.script.run_pdm_score][INFO] - Processing stage two reactive scenario 174 / 204 in thread_id=cbb06ab0-d092-456f-82a6-343d480bb0ff, node_id=0
[2026-09-20 10:00:42,165][navsim.planning.script.run_pdm_score][INFO] - Processing stage two reactive scenario 175 / 204 in thread_id=cbb06ab0-d092-456f-82a6-343d480bb0ff, node_id=0
[2026-09-20 10:00:42,300][navsim.planning.script.run_pdm_score][INFO] - Processing stage two reactive scenario 176 / 204 in thread_id=cbb06ab0-d092-456f-82a6-343d480bb0ff, node_id=0
[2026-09-20 10:00:42,919][navsim.planning.script.run_pdm_score][INFO] - Processing stage two reactive scenario 177 / 204 in thread_id=cbb06ab0-d092-456f-82a6-343d480bb0ff, node_id=0
[2026-09-20 10:00:43,882][navsim.planning.script.run_pdm_score][INFO] - Processing stage two reactive scenario 178 / 204 in thread_id=cbb06ab0-d092-456f-82a6-343d480bb0ff, node_id=0
[2026-09-20 10:00:44,369][navsim.planning.script.run_pdm_score][INFO] - Processing stage two reactive scenario 179 / 204 in thread_id=cbb06ab0-d092-456f-82a6-343d480bb0ff, node_id=0
[2026-09-20 10:00:45,214][navsim.planning.script.run_pdm_score][INFO] - Processing stage two reactive scenario 180 / 204 in thread_id=cbb06ab0-d092-456f-82a6-343d480bb0ff, node_id=0
[2026-09-20 10:00:45,502][navsim.planning.script.run_pdm_score][INFO] - Processing stage two reactive scenario 181 / 204 in thread_id=cbb06ab0-d092-456f-82a6-343d480bb0ff, node_id=0
[2026-09-20 10:00:46,318][navsim.planning.script.run_pdm_score][INFO] - Processing stage two reactive scenario 182 / 204 in thread_id=cbb06ab0-d092-456f-82a6-343d480bb0ff, node_id=0
[2026-09-20 10:00:46,385][navsim.planning.script.run_pdm_score][INFO] - Processing stage two reactive scenario 183 / 204 in thread_id=cbb06ab0-d092-456f-82a6-343d480bb0ff, node_id=0
[2026-09-20 10:00:46,451][navsim.planning.script.run_pdm_score][INFO] - Processing stage two reactive scenario 184 / 204 in thread_id=cbb06ab0-d092-456f-82a6-343d480bb0ff, node_id=0
[2026-09-20 10:00:47,311][navsim.planning.script.run_pdm_score][INFO] - Processing stage two reactive scenario 185 / 204 in thread_id=cbb06ab0-d092-456f-82a6-343d480bb0ff, node_id=0
[2026-09-20 10:00:47,502][navsim.planning.script.run_pdm_score][INFO] - Processing stage two reactive scenario 186 / 204 in thread_id=cbb06ab0-d092-456f-82a6-343d480bb0ff, node_id=0
[2026-09-20 10:00:47,564][navsim.planning.script.run_pdm_score][INFO] - Processing stage two reactive scenario 187 / 204 in thread_id=cbb06ab0-d092-456f-82a6-343d480bb0ff, node_id=0
[2026-09-20 10:00:48,204][navsim.planning.script.run_pdm_score][INFO] - Processing stage two reactive scenario 188 / 204 in thread_id=cbb06ab0-d092-456f-82a6-343d480bb0ff, node_id=0
[2026-09-20 10:00:48,723][navsim.planning.script.run_pdm_score][INFO] - Processing stage two reactive scenario 189 / 204 in thread_id=cbb06ab0-d092-456f-82a6-343d480bb0ff, node_id=0
[2026-09-20 10:00:49,971][navsim.planning.script.run_pdm_score][INFO] - Processing stage two reactive scenario 190 / 204 in thread_id=cbb06ab0-d092-456f-82a6-343d480bb0ff, node_id=0
[2026-09-20 10:00:50,788][navsim.planning.script.run_pdm_score][INFO] - Processing stage two reactive scenario 191 / 204 in thread_id=cbb06ab0-d092-456f-82a6-343d480bb0ff, node_id=0
[2026-09-20 10:00:51,652][navsim.planning.script.run_pdm_score][INFO] - Processing stage two reactive scenario 192 / 204 in thread_id=cbb06ab0-d092-456f-82a6-343d480bb0ff, node_id=0
[2026-09-20 10:00:52,641][navsim.planning.script.run_pdm_score][INFO] - Processing stage two reactive scenario 193 / 204 in thread_id=cbb06ab0-d092-456f-82a6-343d480bb0ff, node_id=0
[2026-09-20 10:00:53,179][navsim.planning.script.run_pdm_score][INFO] - Processing stage two reactive scenario 194 / 204 in thread_id=cbb06ab0-d092-456f-82a6-343d480bb0ff, node_id=0
[2026-09-20 10:00:54,130][navsim.planning.script.run_pdm_score][INFO] - Processing stage two reactive scenario 195 / 204 in thread_id=cbb06ab0-d092-456f-82a6-343d480bb0ff, node_id=0
[2026-09-20 10:00:55,045][navsim.planning.script.run_pdm_score][INFO] - Processing stage two reactive scenario 196 / 204 in thread_id=cbb06ab0-d092-456f-82a6-343d480bb0ff, node_id=0
[2026-09-20 10:00:55,944][navsim.planning.script.run_pdm_score][INFO] - Processing stage two reactive scenario 197 / 204 in thread_id=cbb06ab0-d092-456f-82a6-343d480bb0ff, node_id=0
[2026-09-20 10:00:56,861][navsim.planning.script.run_pdm_score][INFO] - Processing stage two reactive scenario 198 / 204 in thread_id=cbb06ab0-d092-456f-82a6-343d480bb0ff, node_id=0
[2026-09-20 10:00:57,382][navsim.planning.script.run_pdm_score][INFO] - Processing stage two reactive scenario 199 / 204 in thread_id=cbb06ab0-d092-456f-82a6-343d480bb0ff, node_id=0
[2026-09-20 10:00:58,320][navsim.planning.script.run_pdm_score][INFO] - Processing stage two reactive scenario 200 / 204 in thread_id=cbb06ab0-d092-456f-82a6-343d480bb0ff, node_id=0
[2026-09-20 10:00:58,396][navsim.planning.script.run_pdm_score][INFO] - Processing stage two reactive scenario 201 / 204 in thread_id=cbb06ab0-d092-456f-82a6-343d480bb0ff, node_id=0
[2026-09-20 10:00:58,462][navsim.planning.script.run_pdm_score][INFO] - Processing stage two reactive scenario 202 / 204 in thread_id=cbb06ab0-d092-456f-82a6-343d480bb0ff, node_id=0
[2026-09-20 10:00:59,385][navsim.planning.script.run_pdm_score][INFO] - Processing stage two reactive scenario 203 / 204 in thread_id=cbb06ab0-d092-456f-82a6-343d480bb0ff, node_id=0
[2026-09-20 10:01:00,212][navsim.planning.script.run_pdm_score][INFO] - Processing stage two reactive scenario 204 / 204 in thread_id=cbb06ab0-d092-456f-82a6-343d480bb0ff, node_id=0
[2026-09-20 10:01:02,076][navsim.planning.script.run_pdm_score][INFO] - 
        Finished running evaluation.
            Number of successful scenarios: 220.
            Number of failed scenarios: 0.
            Final extended pdm score of valid results: 0.3009023137456225.
            Results are stored in: C:\Users\Admin\navsim-crun\exp\tanitad_bench\runs\20260920T075608Z-navsim_v2-none-5e2458\STOP\2026.09.20.10.01.02.csv.
        
