[v3] anchors: artifact anchors (117, 8, 2), controls (117, 2), units=alat (file), schedule=constant, horizon_s=6.0, dt=0.1, ref_speed_ms=10.0, kappa_cap=0.12, alat_v_floor=4.0, schema=tanitad.anchor_artifact/1
[v3] tensor sharing = file_system (workers=6; /dev/shm 24 GB vs ~34 MB/clip payloads)
[v3] rig camera = PER-CLIP EXTRINSICS from /home/nvidia/data/refcv6_train_eval139_extrinsics.json (4508 clips, z 1.203-1.687 m, pitch -0.0755..+0.0683 rad)
[v3] ⚠️ a rig camera is built but --agent-w-project and --agent-w-ground are both 0: neither monocular term contributes. That is a legal ablation baseline and the stamp records it, but it is not a projection arm.
[v3] refcv6 coupling (1) ON: d_bev=96 learned_offsets=False offset_max_m=2 -> 4 decoder layers
[v3] refcv6 coupling (1) ON: d_bev=96 learned_offsets=False offset_max_m=2 -> 4 decoder layers
[v3] refcv6 coupling (1) ON: d_bev=96 learned_offsets=False offset_max_m=2 -> 4 decoder layers
[v3] ⚠️ agent cls weight: the corpus line could not be DERIVED from --agent-join '/home/nvidia/refcv7_gate_14907a0a5a/diag_scratch/__gate_unread__/agent-join', so the only source is the --agent-cls-weight key. The guard is single-sourced on this arm and cannot catch an artifact/corpus mismatch.
[v3] agent cls weight: b1 on corpus line v7-b1-physicalai-b1-w120-256x640cyl, population in_field_and_decode_box (weight-key-only (the join is not a line this table names)) (10 classes, imbalance 1298.6:1, digest c9dbc340acf7d27e)
[v3] refcv7 map-hires: w=1, extent 100 m x +-30 m -> [1000, 600] at 0.1 m, grad_ckpt True, near-lift 20 m, near-refine 1, tap {'s8_tap': True, 's8_module': 'layer2', 's8_dim': 512, 's8_hw': [52, 128], 's8_frame': 'newest', 's8_temporal_fusion': None}, params {'lift': 131200, 'encoder': 406912, 'refine': 20936, 'near': 65600, 'near_refine': 18496, 'total': 643144}, class weights sha256 d70dec8087ed
[v3] refcv6 perception: w_map=0 w_box3d=1 bev_source=map_hires_pool; params {'lift': 0, 'bev_encoder': 0, 'map_head': 0, 'box_memory': 287744, 'box_decoder': 3858199, 'bev_pool': 6336, 'box_qpos': 131584, 'box_refpts': 600, 'total': 4284463}
[v3] anchors: loaded (117, 8, 2) from /home/nvidia/data/anchors/refc_anchors_6s_v0cond_alat_117.pt (sha256 51f930dc6f3564ff)
[v3] anchors: v0-CONDITIONED, controls (117, 2) (accel, lateral accel), units=alat (source: file), rolled per window; withheld rows at 10.0 m/s. straight-ahead control present: True
[parity] ⚠ NON-PARITY v2 corpus for v3 v2-cache: ['/home/nvidia/refcv7_gate_14907a0a5a/diag_scratch/__gate_unread__/v2-cache'] reference no registered parity key. Results off it are NOT cross-arm comparable with the parity arms.
[v3] anchors: artifact anchors (117, 8, 2), controls (117, 2), units=alat (file), schedule=constant, horizon_s=6.0, dt=0.1, ref_speed_ms=10.0, kappa_cap=0.12, alat_v_floor=4.0, schema=tanitad.anchor_artifact/1
[v3] rig camera = PER-CLIP EXTRINSICS from /home/nvidia/data/refcv6_train_eval139_extrinsics.json (4508 clips, z 1.203-1.687 m, pitch -0.0755..+0.0683 rad)
[v3] ⚠️ a rig camera is built but --agent-w-project and --agent-w-ground are both 0: neither monocular term contributes. That is a legal ablation baseline and the stamp records it, but it is not a projection arm.
[v3] refcv6 coupling (1) ON: d_bev=96 learned_offsets=False offset_max_m=2 -> 4 decoder layers
[v3] refcv6 coupling (1) ON: d_bev=96 learned_offsets=False offset_max_m=2 -> 4 decoder layers
[v3] refcv6 coupling (1) ON: d_bev=96 learned_offsets=False offset_max_m=2 -> 4 decoder layers
[v3] withheld bank: mode=fixed warmup=0 speed_max=35.0 m/s pool=None
ZZDIFF 0
ZZOBJ 2
OBJ ('_tac_goal_class_mask', 'None', '((22,), 17.0)')
OBJ ('_tac_goal_pos_weight', 'None', '((22,), 371.68994384258986)')
ARGV_SENTINEL_DIFF [('--v2-cache', ['/home/nvidia/refcv7_gate_14907a0a5a/diag_scratch/__gate_unread__/v2-cache']), ('--v7-labels', ['/home/nvidia/refcv7_gate_14907a0a5a/diag_scratch/__gate_unread__/v7-labels']), ('--eval-cache', ['/home/nvidia/refcv7_gate_14907a0a5a/diag_scratch/__gate_unread__/eval-cache']), ('--eval-labels', ['/home/nvidia/refcv7_gate_14907a0a5a/diag_scratch/__gate_unread__/eval-labels']), ('--speed-max-sidecar-v6-eval', ['/home/nvidia/refcv7_gate_14907a0a5a/diag_scratch/__gate_unread__/speed-max-sidecar-v6-eval']), ('--speed-max-sidecar-v6', ['/home/nvidia/refcv7_gate_14907a0a5a/diag_scratch/__gate_unread__/speed-max-sidecar-v6']), ('--agent-join', ['/home/nvidia/refcv7_gate_14907a0a5a/diag_scratch/__gate_unread__/agent-join']), ('--map-gt-root', ['/home/nvidia/refcv7_gate_14907a0a5a/diag_scratch/__gate_unread__/map-gt-root']), ('--join3d', ['/home/nvidia/refcv7_gate_14907a0a5a/diag_scratch/__gate_unread__/join3d']), ('--vis1-sidecar', ['/home/nvidia/refcv7_gate_14907a0a5a/diag_scratch/__gate_unread__/vis1-sidecar']), ('--clip-clock-sidecar', ['/home/nvidia/refcv7_gate_14907a0a5a/diag_scratch/__gate_unread__/clip-clock-sidecar'])]
[v2] /home/nvidia/data/refcv6-b1-416x1024-eval139: 139 providers (channels 9, 416x1024 px), episode ids from 'episode_uid' [collision-free; the as-built 16-bit ids would give only 139 distinct for 139 clips]
[v2] 139 providers, 139 distinct episode ids
[v3] nav_from_v7: follow 88 / left 13 / right 38, missing 0 (of 139 clips; md5=eefc38d1453bd1c73802d44d45affced)
[v3] max_speed_input_v6 (4-way one-hot): 147/147 sidecar rows carry a ceiling, 23772/23772 windows fed (100.0 %), 1 clips ABOVE the 120 km/h top step (clamped, and on those the fed ceiling is one the ego demonstrably exceeded)
ZZFWD 74 of 188
FWD_DIFF_KEYS ['out.agent_slots.aux[0].box', 'out.agent_slots.aux[0].cls_logits', 'out.agent_slots.aux[0].occ_logit', 'out.agent_slots.aux[0].presence_logit', 'out.agent_slots.aux[0].rates', 'out.agent_slots.aux[0].raw', 'out.agent_slots.aux[0].yaw', 'out.agent_slots.aux[0].yaw_vec', 'out.agent_slots.aux[1].box', 'out.agent_slots.aux[1].cls_logits', 'out.agent_slots.aux[1].occ_logit', 'out.agent_slots.aux[1].presence_logit', 'out.agent_slots.aux[1].rates', 'out.agent_slots.aux[1].raw', 'out.agent_slots.aux[1].yaw', 'out.agent_slots.aux[1].yaw_vec', 'out.agent_slots.box', 'out.agent_slots.cls_logits', 'out.agent_slots.occ_logit', 'out.agent_slots.presence_logit', 'out.agent_slots.rates', 'out.agent_slots.raw', 'out.agent_slots.yaw', 'out.agent_slots.yaw_vec', 'out.anchor_logits', 'out.layer_logits[0]', 'out.layer_logits[1]', 'out.layer_logits[2]', 'out.layer_logits[3]', 'out.layer_logits[4]', 'out.layer_logits[5]', 'out.layer_logits[6]', 'out.layer_logits[7]', 'out.offset', 'out.perception.box_slots.aux[0].box', 'out.perception.box_slots.aux[0].box3d', 'out.perception.box_slots.aux[0].cls_logits', 'out.perception.box_slots.aux[0].cz', 'out.perception.box_slots.aux[0].h', 'out.perception.box_slots.aux[0].occ_logit', 'out.perception.box_slots.aux[0].presence_logit', 'out.perception.box_slots.aux[0].rates', 'out.perception.box_slots.aux[0].raw', 'out.perception.box_slots.aux[0].yaw', 'out.perception.box_slots.aux[0].yaw_vec', 'out.perception.box_slots.aux[1].box', 'out.perception.box_slots.aux[1].box3d', 'out.perception.box_slots.aux[1].cls_logits', 'out.perception.box_slots.aux[1].cz', 'out.perception.box_slots.aux[1].h', 'out.perception.box_slots.aux[1].occ_logit', 'out.perception.box_slots.aux[1].presence_logit', 'out.perception.box_slots.aux[1].rates', 'out.perception.box_slots.aux[1].raw', 'out.perception.box_slots.aux[1].yaw', 'out.perception.box_slots.aux[1].yaw_vec', 'out.perception.box_slots.box', 'out.perception.box_slots.box3d', 'out.perception.box_slots.cls_logits', 'out.perception.box_slots.cz', 'out.perception.box_slots.h', 'out.perception.box_slots.occ_logit', 'out.perception.box_slots.presence_logit', 'out.perception.box_slots.rates', 'out.perception.box_slots.raw', 'out.perception.box_slots.yaw', 'out.perception.box_slots.yaw_vec', 'out.refined_logits', 'out.sel_score', 'out.sel_score_v3', 'out.tacv6_goal_conf', 'out.tacv6_goal_logits', 'out.tacv6_lat_logits', 'out.tacv6_lon_logits']
ZZFWD_REQGRAD_OFF 0
