[thor-bench] probe active -> /tmp/thorbench/sweep/refc_b16.jsonl
[thor-bench] exec scripts/refc_train.py --data-root /home/nvidia/thorbench/data --out /tmp/thorbench/sweep/refc-b16 --config base --mode classifier --steps 35 --batch 16 --log-every 1 --episodes 40 --save-every 100000 --workers 4
[parity] ⚠ NON-PARITY corpus for *train* cache: /home/nvidia/thorbench/data/thorbench-nonparity-train-val40mirror references no registered parity key (physicalai-train-e438721ae894 / physicalai-val-0c5f7dac3b11). Results off it are NOT cross-arm comparable with the parity arms.
[refc] train: 39 episodes / 6673 windows from /home/nvidia/thorbench/data/thorbench-nonparity-train-val40mirror (mode=classifier)
{"step": 0, "loss": 11.31516, "traj": 1.79526, "cls": 7.90968, "law": 2.72886, "route": 0.82554, "man": 1.63231, "speed_cls": 0.0, "speed_mae": 0.0, "anchor_acc": 0.0, "man_acc": 0.0625, "route_acc": 0.66667, "route_valid_frac": 0.1875, "nav_follow_frac": 0.9375, "gnorm": 194.9452, "lr": 5.0000000000000004e-08, "data_s": 3.5, "step_s": 10.1}
{"step": 1, "loss": 11.1465, "traj": 2.48425, "cls": 7.15872, "law": 2.62256, "route": 0.34768, "man": 1.57484, "speed_cls": 0.0, "speed_mae": 0.0, "anchor_acc": 0.0, "man_acc": 0.0625, "route_acc": 1.0, "route_valid_frac": 0.1875, "nav_follow_frac": 1.0, "gnorm": 144.877, "lr": 1.0000000000000001e-07, "data_s": 0.0, "step_s": 1.3}
{"step": 2, "loss": 11.45739, "traj": 2.09085, "cls": 7.76048, "law": 2.68098, "route": 1.06454, "man": 1.59112, "speed_cls": 0.0, "speed_mae": 0.0, "anchor_acc": 0.0, "man_acc": 0.0625, "route_acc": 0.5, "route_valid_frac": 0.125, "nav_follow_frac": 0.9375, "gnorm": 163.5657, "lr": 1.5000000000000002e-07, "data_s": 0.0, "step_s": 1.3}
{"step": 3, "loss": 11.0316, "traj": 1.63278, "cls": 7.76551, "law": 2.77774, "route": 0.88578, "man": 1.55861, "speed_cls": 0.0, "speed_mae": 0.0, "anchor_acc": 0.0, "man_acc": 0.1875, "route_acc": 0.75, "route_valid_frac": 0.25, "nav_follow_frac": 0.9375, "gnorm": 183.8448, "lr": 2.0000000000000002e-07, "data_s": 0.0, "step_s": 1.3}
{"step": 4, "loss": 11.72232, "traj": 1.9881, "cls": 8.03706, "law": 2.74799, "route": 1.64102, "man": 1.59057, "speed_cls": 0.0, "speed_mae": 0.0, "anchor_acc": 0.0, "man_acc": 0.125, "route_acc": 0.0, "route_valid_frac": 0.1875, "nav_follow_frac": 0.8125, "gnorm": 168.5299, "lr": 2.5e-07, "data_s": 0.0, "step_s": 1.3}
{"step": 5, "loss": 11.82255, "traj": 2.37223, "cls": 7.91477, "law": 2.6035, "route": 0.71545, "man": 1.62241, "speed_cls": 0.0, "speed_mae": 0.0, "anchor_acc": 0.0, "man_acc": 0.1875, "route_acc": 0.8, "route_valid_frac": 0.3125, "nav_follow_frac": 0.9375, "gnorm": 162.8561, "lr": 3.0000000000000004e-07, "data_s": 0.0, "step_s": 1.3}
{"step": 6, "loss": 11.35593, "traj": 1.49876, "cls": 8.18027, "law": 2.69107, "route": 1.59167, "man": 1.72205, "speed_cls": 0.0, "speed_mae": 0.0, "anchor_acc": 0.0, "man_acc": 0.125, "route_acc": 0.0, "route_valid_frac": 0.25, "nav_follow_frac": 0.75, "gnorm": 204.0734, "lr": 3.5e-07, "data_s": 0.0, "step_s": 1.3}
{"step": 7, "loss": 11.36095, "traj": 1.97894, "cls": 7.81733, "law": 2.70961, "route": 0.43455, "man": 1.66414, "speed_cls": 0.0, "speed_mae": 0.0, "anchor_acc": 0.0, "man_acc": 0.0625, "route_acc": 1.0, "route_valid_frac": 1.0, "nav_follow_frac": 1.0, "gnorm": 171.1141, "lr": 4.0000000000000003e-07, "data_s": 0.0, "step_s": 1.3}
{"step": 8, "loss": 11.2782, "traj": 1.63227, "cls": 8.15634, "law": 2.55344, "route": 0.44383, "man": 1.68478, "speed_cls": 0.0, "speed_mae": 0.0, "anchor_acc": 0.0, "man_acc": 0.0, "route_acc": 1.0, "route_valid_frac": 0.1875, "nav_follow_frac": 1.0, "gnorm": 179.6919, "lr": 4.5000000000000003e-07, "data_s": 0.0, "step_s": 1.3}
{"step": 9, "loss": 11.01662, "traj": 1.82634, "cls": 7.59243, "law": 2.67961, "route": 0.94278, "man": 1.63767, "speed_cls": 0.0, "speed_mae": 0.0, "anchor_acc": 0.0, "man_acc": 0.125, "route_acc": 0.66667, "route_valid_frac": 0.1875, "nav_follow_frac": 0.9375, "gnorm": 159.9033, "lr": 5e-07, "data_s": 0.0, "step_s": 1.3}
{"step": 10, "loss": 10.74924, "traj": 1.61201, "cls": 7.47012, "law": 2.77805, "route": 1.17409, "man": 1.60681, "speed_cls": 0.0, "speed_mae": 0.0, "anchor_acc": 0.0, "man_acc": 0.0625, "route_acc": 0.5, "route_valid_frac": 0.125, "nav_follow_frac": 0.9375, "gnorm": 181.6189, "lr": 5.5e-07, "data_s": 0.0, "step_s": 1.3}
{"step": 11, "loss": 10.79941, "traj": 1.37309, "cls": 7.88469, "law": 2.69952, "route": 0.33275, "man": 1.58588, "speed_cls": 0.0, "speed_mae": 0.0, "anchor_acc": 0.0, "man_acc": 0.125, "route_acc": 1.0, "route_valid_frac": 0.3125, "nav_follow_frac": 1.0, "gnorm": 190.641, "lr": 6.000000000000001e-07, "data_s": 0.0, "step_s": 1.3}
{"step": 12, "loss": 11.39625, "traj": 1.77905, "cls": 8.03331, "law": 2.73514, "route": 0.49016, "man": 1.67306, "speed_cls": 0.0, "speed_mae": 0.0, "anchor_acc": 0.0, "man_acc": 0.125, "route_acc": 1.0, "route_valid_frac": 0.125, "nav_follow_frac": 1.0, "gnorm": 198.6116, "lr": 6.500000000000001e-07, "data_s": 0.0, "step_s": 1.3}
{"step": 13, "loss": 11.47263, "traj": 2.13523, "cls": 7.71051, "law": 2.76574, "route": 0.81637, "man": 1.62383, "speed_cls": 0.0, "speed_mae": 0.0, "anchor_acc": 0.0, "man_acc": 0.125, "route_acc": 0.66667, "route_valid_frac": 0.1875, "nav_follow_frac": 0.9375, "gnorm": 172.5954, "lr": 7e-07, "data_s": 0.0, "step_s": 1.3}
{"step": 14, "loss": 11.2992, "traj": 2.38947, "cls": 7.35423, "law": 2.71638, "route": 0.38491, "man": 1.58814, "speed_cls": 0.0, "speed_mae": 0.0, "anchor_acc": 0.0, "man_acc": 0.0625, "route_acc": 1.0, "route_valid_frac": 0.1875, "nav_follow_frac": 1.0, "gnorm": 159.522, "lr": 7.5e-07, "data_s": 0.0, "step_s": 1.3}
{"step": 15, "loss": 11.93283, "traj": 1.27385, "cls": 9.04784, "law": 2.66564, "route": 1.12461, "man": 1.65863, "speed_cls": 0.0, "speed_mae": 0.0, "anchor_acc": 0.0, "man_acc": 0.0625, "route_acc": 0.5, "route_valid_frac": 0.25, "nav_follow_frac": 0.875, "gnorm": 222.4497, "lr": 8.000000000000001e-07, "data_s": 0.0, "step_s": 1.3}
{"step": 16, "loss": 10.94307, "traj": 1.70849, "cls": 7.71587, "law": 2.63138, "route": 0.38168, "man": 1.64856, "speed_cls": 0.0, "speed_mae": 0.0, "anchor_acc": 0.0, "man_acc": 0.0625, "route_acc": 1.0, "route_valid_frac": 0.1875, "nav_follow_frac": 1.0, "gnorm": 181.5465, "lr": 8.5e-07, "data_s": 0.0, "step_s": 1.3}
{"step": 17, "loss": 11.20763, "traj": 2.15296, "cls": 7.49911, "law": 2.65862, "route": 0.64162, "man": 1.62088, "speed_cls": 0.0, "speed_mae": 0.0, "anchor_acc": 0.0, "man_acc": 0.0, "route_acc": 0.83333, "route_valid_frac": 0.375, "nav_follow_frac": 0.9375, "gnorm": 147.6489, "lr": 9.000000000000001e-07, "data_s": 0.0, "step_s": 1.3}
{"step": 18, "loss": 10.87832, "traj": 1.66766, "cls": 7.54692, "law": 2.69446, "route": 1.56608, "man": 1.59903, "speed_cls": 0.0, "speed_mae": 0.0, "anchor_acc": 0.0, "man_acc": 0.25, "route_acc": 0.0, "route_valid_frac": 0.125, "nav_follow_frac": 0.875, "gnorm": 181.9367, "lr": 9.5e-07, "data_s": 0.0, "step_s": 1.3}
{"step": 19, "loss": 11.20105, "traj": 2.13269, "cls": 7.60051, "law": 2.54207, "route": 0.36414, "man": 1.604, "speed_cls": 0.0, "speed_mae": 0.0, "anchor_acc": 0.0, "man_acc": 0.125, "route_acc": 1.0, "route_valid_frac": 0.1875, "nav_follow_frac": 1.0, "gnorm": 150.4109, "lr": 1e-06, "data_s": 0.0, "step_s": 1.3}
{"step": 20, "loss": 11.06392, "traj": 1.72205, "cls": 7.91619, "law": 2.45633, "route": 0.39392, "man": 1.58121, "speed_cls": 0.0, "speed_mae": 0.0, "anchor_acc": 0.0, "man_acc": 0.125, "route_acc": 1.0, "route_valid_frac": 0.3125, "nav_follow_frac": 1.0, "gnorm": 186.297, "lr": 1.0500000000000001e-06, "data_s": 0.0, "step_s": 1.3}
{"step": 21, "loss": 11.54403, "traj": 1.73582, "cls": 8.28394, "law": 2.65491, "route": 0.30245, "man": 1.66567, "speed_cls": 0.0, "speed_mae": 0.0, "anchor_acc": 0.0, "man_acc": 0.125, "route_acc": 1.0, "route_valid_frac": 0.125, "nav_follow_frac": 1.0, "gnorm": 169.7459, "lr": 1.1e-06, "data_s": 0.0, "step_s": 1.3}
{"step": 22, "loss": 10.5706, "traj": 0.93042, "cls": 8.07642, "law": 2.64275, "route": 0.80293, "man": 1.62097, "speed_cls": 0.0, "speed_mae": 0.0, "anchor_acc": 0.0, "man_acc": 0.125, "route_acc": 0.66667, "route_valid_frac": 0.375, "nav_follow_frac": 0.875, "gnorm": 220.7148, "lr": 1.15e-06, "data_s": 0.0, "step_s": 1.3}
{"step": 23, "loss": 11.28554, "traj": 2.11365, "cls": 7.54917, "law": 2.76065, "route": 0.80856, "man": 1.61536, "speed_cls": 0.0, "speed_mae": 0.0, "anchor_acc": 0.0, "man_acc": 0.1875, "route_acc": 0.75, "route_valid_frac": 0.25, "nav_follow_frac": 0.9375, "gnorm": 158.9159, "lr": 1.2000000000000002e-06, "data_s": 0.0, "step_s": 1.3}
{"step": 24, "loss": 10.6012, "traj": 1.91398, "cls": 7.11559, "law": 2.73708, "route": 0.42248, "man": 1.60849, "speed_cls": 0.0, "speed_mae": 0.0, "anchor_acc": 0.0, "man_acc": 0.1875, "route_acc": 1.0, "route_valid_frac": 0.3125, "nav_follow_frac": 1.0, "gnorm": 150.2387, "lr": 1.25e-06, "data_s": 0.0, "step_s": 1.3}
{"step": 25, "loss": 11.27452, "traj": 1.15242, "cls": 8.54111, "law": 2.63831, "route": 0.92155, "man": 1.69687, "speed_cls": 0.0, "speed_mae": 0.0, "anchor_acc": 0.0, "man_acc": 0.0, "route_acc": 0.6, "route_valid_frac": 0.3125, "nav_follow_frac": 0.875, "gnorm": 223.7711, "lr": 1.3000000000000003e-06, "data_s": 0.0, "step_s": 1.3}
{"step": 26, "loss": 10.69624, "traj": 2.03837, "cls": 7.10147, "law": 2.58048, "route": 1.01868, "man": 1.64283, "speed_cls": 0.0, "speed_mae": 0.0, "anchor_acc": 0.0, "man_acc": 0.0625, "route_acc": 0.66667, "route_valid_frac": 0.1875, "nav_follow_frac": 0.9375, "gnorm": 151.5309, "lr": 1.35e-06, "data_s": 0.0, "step_s": 1.3}
{"step": 27, "loss": 11.14578, "traj": 1.34431, "cls": 8.28999, "law": 2.60932, "route": 0.43015, "man": 1.63801, "speed_cls": 0.0, "speed_mae": 0.0, "anchor_acc": 0.0, "man_acc": 0.0625, "route_acc": 1.0, "route_valid_frac": 0.25, "nav_follow_frac": 1.0, "gnorm": 191.6144, "lr": 1.4e-06, "data_s": 0.0, "step_s": 1.3}
{"step": 28, "loss": 11.43089, "traj": 2.49264, "cls": 7.35642, "law": 2.66185, "route": 0.94103, "man": 1.56802, "speed_cls": 0.0, "speed_mae": 0.0, "anchor_acc": 0.0, "man_acc": 0.125, "route_acc": 0.57143, "route_valid_frac": 0.4375, "nav_follow_frac": 0.8125, "gnorm": 165.5592, "lr": 1.45e-06, "data_s": 0.0, "step_s": 1.3}
{"step": 29, "loss": 10.7637, "traj": 1.56347, "cls": 7.70619, "law": 2.55629, "route": 0.46807, "man": 1.69088, "speed_cls": 0.0, "speed_mae": 0.0, "anchor_acc": 0.0, "man_acc": 0.0, "route_acc": 1.0, "route_valid_frac": 0.25, "nav_follow_frac": 1.0, "gnorm": 170.7685, "lr": 1.5e-06, "data_s": 0.0, "step_s": 1.3}
{"step": 30, "loss": 10.73647, "traj": 1.25872, "cls": 7.9643, "law": 2.50731, "route": 0.94248, "man": 1.6555, "speed_cls": 0.0, "speed_mae": 0.0, "anchor_acc": 0.0, "man_acc": 0.1875, "route_acc": 0.66667, "route_valid_frac": 0.5625, "nav_follow_frac": 0.8125, "gnorm": 186.912, "lr": 1.5500000000000002e-06, "data_s": 0.0, "step_s": 1.3}
{"step": 31, "loss": 11.10624, "traj": 1.86678, "cls": 7.68434, "law": 2.64494, "route": 0.66774, "man": 1.65879, "speed_cls": 0.0, "speed_mae": 0.0, "anchor_acc": 0.0, "man_acc": 0.0625, "route_acc": 0.75, "route_valid_frac": 0.25, "nav_follow_frac": 0.9375, "gnorm": 167.0418, "lr": 1.6000000000000001e-06, "data_s": 0.0, "step_s": 1.3}
{"step": 32, "loss": 10.98663, "traj": 1.74116, "cls": 7.65132, "law": 2.64719, "route": 0.99388, "man": 1.7117, "speed_cls": 0.0, "speed_mae": 0.0, "anchor_acc": 0.0, "man_acc": 0.0625, "route_acc": 0.5, "route_valid_frac": 0.25, "nav_follow_frac": 0.875, "gnorm": 169.2349, "lr": 1.65e-06, "data_s": 0.0, "step_s": 1.3}
{"step": 33, "loss": 10.55286, "traj": 1.55977, "cls": 7.47702, "law": 2.51114, "route": 0.90856, "man": 1.69639, "speed_cls": 0.0, "speed_mae": 0.0, "anchor_acc": 0.0, "man_acc": 0.125, "route_acc": 0.66667, "route_valid_frac": 0.1875, "nav_follow_frac": 0.9375, "gnorm": 177.0581, "lr": 1.7e-06, "data_s": 0.0, "step_s": 1.3}
{"step": 34, "loss": 10.26534, "traj": 1.88469, "cls": 6.80361, "law": 2.595, "route": 1.1266, "man": 1.66885, "speed_cls": 0.0, "speed_mae": 0.0, "anchor_acc": 0.0, "man_acc": 0.0, "route_acc": 0.44444, "route_valid_frac": 0.5625, "nav_follow_frac": 0.6875, "gnorm": 143.4192, "lr": 1.75e-06, "data_s": 0.0, "step_s": 1.3}
[ckpt] saved at step 34
[parity] ⚠ NON-PARITY corpus for *val* cache: /home/nvidia/thorbench/data/thorbench-nonparity-train-val40mirror references no registered parity key (physicalai-train-e438721ae894 / physicalai-val-0c5f7dac3b11). Results off it are NOT cross-arm comparable with the parity arms.
{"done": true, "steps": 35, "out": "/tmp/thorbench/sweep/refc-b16"}
