[thor-bench] probe active -> /tmp/thorbench/sweep/refc_b8.jsonl
[thor-bench] exec scripts/refc_train.py --data-root /home/nvidia/thorbench/data --out /tmp/thorbench/sweep/refc-b8 --config base --mode classifier --steps 35 --batch 8 --log-every 1 --episodes 40 --save-every 100000 --workers 4
[parity] ⚠ NON-PARITY corpus for *train* cache: /home/nvidia/thorbench/data/thorbench-nonparity-train-val40mirror references no registered parity key (physicalai-train-e438721ae894 / physicalai-val-0c5f7dac3b11). Results off it are NOT cross-arm comparable with the parity arms.
[refc] train: 39 episodes / 6673 windows from /home/nvidia/thorbench/data/thorbench-nonparity-train-val40mirror (mode=classifier)
{"step": 0, "loss": 11.88566, "traj": 2.44722, "cls": 7.88596, "law": 2.70755, "route": 0.37063, "man": 1.6164, "speed_cls": 0.0, "speed_mae": 0.0, "anchor_acc": 0.0, "man_acc": 0.125, "route_acc": 1.0, "route_valid_frac": 0.125, "nav_follow_frac": 1.0, "gnorm": 166.2122, "lr": 5.0000000000000004e-08, "data_s": 1.0, "step_s": 5.3}
{"step": 1, "loss": 10.64706, "traj": 1.10864, "cls": 7.92114, "law": 2.70622, "route": 0.98787, "man": 1.65379, "speed_cls": 0.0, "speed_mae": 0.0, "anchor_acc": 0.0, "man_acc": 0.125, "route_acc": 0.5, "route_valid_frac": 0.25, "nav_follow_frac": 0.875, "gnorm": 229.2935, "lr": 1.0000000000000001e-07, "data_s": 0.0, "step_s": 0.7}
{"step": 2, "loss": 11.38432, "traj": 1.76445, "cls": 8.08207, "law": 2.68662, "route": 0.31075, "man": 1.63422, "speed_cls": 0.0, "speed_mae": 0.0, "anchor_acc": 0.0, "man_acc": 0.0, "route_acc": 1.0, "route_valid_frac": 0.25, "nav_follow_frac": 1.0, "gnorm": 169.2076, "lr": 1.5000000000000002e-07, "data_s": 0.0, "step_s": 0.7}
{"step": 3, "loss": 10.90464, "traj": 3.20841, "cls": 6.2039, "law": 2.57112, "route": 0.50678, "man": 1.56095, "speed_cls": 0.0, "speed_mae": 0.0, "anchor_acc": 0.0, "man_acc": 0.125, "route_acc": 1.0, "route_valid_frac": 0.125, "nav_follow_frac": 1.0, "gnorm": 136.3506, "lr": 2.0000000000000002e-07, "data_s": 0.0, "step_s": 0.7}
{"step": 4, "loss": 10.95772, "traj": 1.96227, "cls": 7.34974, "law": 2.64855, "route": 1.65099, "man": 1.56335, "speed_cls": 0.0, "speed_mae": 0.0, "anchor_acc": 0.0, "man_acc": 0.125, "route_acc": 0.0, "route_valid_frac": 0.125, "nav_follow_frac": 0.875, "gnorm": 158.6472, "lr": 2.5e-07, "data_s": 0.0, "step_s": 0.6}
{"step": 5, "loss": 11.90637, "traj": 2.19012, "cls": 8.16335, "law": 2.7316, "route": 0.26829, "man": 1.60285, "speed_cls": 0.0, "speed_mae": 0.0, "anchor_acc": 0.0, "man_acc": 0.0, "route_acc": 1.0, "route_valid_frac": 0.125, "nav_follow_frac": 1.0, "gnorm": 192.9165, "lr": 3.0000000000000004e-07, "data_s": 0.0, "step_s": 0.7}
{"step": 6, "loss": 10.97815, "traj": 1.56286, "cls": 7.84954, "law": 2.73087, "route": 0.41054, "man": 1.59259, "speed_cls": 0.0, "speed_mae": 0.0, "anchor_acc": 0.0, "man_acc": 0.125, "route_acc": 1.0, "route_valid_frac": 0.125, "nav_follow_frac": 1.0, "gnorm": 184.0593, "lr": 3.5e-07, "data_s": 0.0, "step_s": 0.7}
{"step": 7, "loss": 10.96393, "traj": 1.68537, "cls": 7.65769, "law": 2.73763, "route": 0.95447, "man": 1.56605, "speed_cls": 0.0, "speed_mae": 0.0, "anchor_acc": 0.0, "man_acc": 0.0, "route_acc": 0.66667, "route_valid_frac": 0.375, "nav_follow_frac": 0.875, "gnorm": 191.2583, "lr": 4.0000000000000003e-07, "data_s": 0.0, "step_s": 0.7}
{"step": 8, "loss": 12.26211, "traj": 2.36082, "cls": 8.34294, "law": 2.72423, "route": 0.37119, "man": 1.5912, "speed_cls": 0.0, "speed_mae": 0.0, "anchor_acc": 0.0, "man_acc": 0.0, "route_acc": 1.0, "route_valid_frac": 1.0, "nav_follow_frac": 1.0, "gnorm": 181.2003, "lr": 4.5000000000000003e-07, "data_s": 0.0, "step_s": 0.7}
{"step": 9, "loss": 10.96436, "traj": 1.58595, "cls": 7.69489, "law": 2.7177, "route": 1.6611, "man": 1.58559, "speed_cls": 0.0, "speed_mae": 0.0, "anchor_acc": 0.0, "man_acc": 0.0, "route_acc": 0.0, "route_valid_frac": 0.375, "nav_follow_frac": 0.625, "gnorm": 173.5196, "lr": 5e-07, "data_s": 0.0, "step_s": 0.7}
{"step": 10, "loss": 12.17672, "traj": 2.13829, "cls": 8.47916, "law": 2.64804, "route": 0.78847, "man": 1.56402, "speed_cls": 0.0, "speed_mae": 0.0, "anchor_acc": 0.0, "man_acc": 0.25, "route_acc": 0.66667, "route_valid_frac": 0.375, "nav_follow_frac": 0.875, "gnorm": 182.8281, "lr": 5.5e-07, "data_s": 0.0, "step_s": 0.7}
{"step": 11, "loss": 11.35725, "traj": 2.54238, "cls": 7.31574, "law": 2.56884, "route": 0.45186, "man": 1.69525, "speed_cls": 0.0, "speed_mae": 0.0, "anchor_acc": 0.0, "man_acc": 0.0, "route_acc": 1.0, "route_valid_frac": 0.25, "nav_follow_frac": 1.0, "gnorm": 163.829, "lr": 6.000000000000001e-07, "data_s": 0.0, "step_s": 0.7}
{"step": 12, "loss": 11.50515, "traj": 1.93591, "cls": 7.92307, "law": 2.64435, "route": 1.62392, "man": 1.61607, "speed_cls": 0.0, "speed_mae": 0.0, "anchor_acc": 0.0, "man_acc": 0.125, "route_acc": 0.0, "route_valid_frac": 0.375, "nav_follow_frac": 0.625, "gnorm": 188.2714, "lr": 6.500000000000001e-07, "data_s": 0.0, "step_s": 0.6}
{"step": 13, "loss": 10.99625, "traj": 0.99092, "cls": 8.3353, "law": 2.70797, "route": 1.37004, "man": 1.79033, "speed_cls": 0.0, "speed_mae": 0.0, "anchor_acc": 0.0, "man_acc": 0.125, "route_acc": 0.0, "route_valid_frac": 0.125, "nav_follow_frac": 0.875, "gnorm": 234.8056, "lr": 7e-07, "data_s": 0.0, "step_s": 0.7}
{"step": 14, "loss": 11.13979, "traj": 1.20397, "cls": 8.39631, "law": 2.63814, "route": 0.44568, "man": 1.7587, "speed_cls": 0.0, "speed_mae": 0.0, "anchor_acc": 0.0, "man_acc": 0.0, "route_acc": 1.0, "route_valid_frac": 1.0, "nav_follow_frac": 1.0, "gnorm": 218.0735, "lr": 7.5e-07, "data_s": 0.0, "step_s": 0.7}
{"step": 15, "loss": 11.41522, "traj": 2.67608, "cls": 7.14012, "law": 2.79437, "route": 0.42966, "man": 1.58866, "speed_cls": 0.0, "speed_mae": 0.0, "anchor_acc": 0.0, "man_acc": 0.0, "route_acc": 1.0, "route_valid_frac": 1.0, "nav_follow_frac": 1.0, "gnorm": 143.2395, "lr": 8.000000000000001e-07, "data_s": 0.0, "step_s": 0.7}
{"step": 16, "loss": 10.78459, "traj": 2.0393, "cls": 7.29682, "law": 2.4866, "route": 0.38207, "man": 1.66955, "speed_cls": 0.0, "speed_mae": 0.0, "anchor_acc": 0.0, "man_acc": 0.0, "route_acc": 1.0, "route_valid_frac": 0.25, "nav_follow_frac": 1.0, "gnorm": 150.0823, "lr": 8.5e-07, "data_s": 0.0, "step_s": 0.6}
{"step": 17, "loss": 11.5736, "traj": 1.06568, "cls": 8.93985, "law": 2.6935, "route": 0.4396, "man": 1.77358, "speed_cls": 0.0, "speed_mae": 0.0, "anchor_acc": 0.0, "man_acc": 0.0, "route_acc": 1.0, "route_valid_frac": 0.125, "nav_follow_frac": 1.0, "gnorm": 244.9457, "lr": 9.000000000000001e-07, "data_s": 0.0, "step_s": 0.6}
{"step": 18, "loss": 11.16195, "traj": 1.57391, "cls": 8.06797, "law": 2.62063, "route": 0.47401, "man": 1.62364, "speed_cls": 0.0, "speed_mae": 0.0, "anchor_acc": 0.0, "man_acc": 0.125, "route_acc": 1.0, "route_valid_frac": 0.125, "nav_follow_frac": 1.0, "gnorm": 169.6268, "lr": 9.5e-07, "data_s": 0.0, "step_s": 0.7}
{"step": 19, "loss": 10.55117, "traj": 1.92247, "cls": 7.01345, "law": 2.67013, "route": 1.16726, "man": 1.63466, "speed_cls": 0.0, "speed_mae": 0.0, "anchor_acc": 0.0, "man_acc": 0.0, "route_acc": 0.5, "route_valid_frac": 0.25, "nav_follow_frac": 0.875, "gnorm": 164.299, "lr": 1e-06, "data_s": 0.0, "step_s": 0.7}
{"step": 20, "loss": 11.10141, "traj": 1.29201, "cls": 8.11532, "law": 2.72257, "route": 1.75741, "man": 1.57057, "speed_cls": 0.0, "speed_mae": 0.0, "anchor_acc": 0.0, "man_acc": 0.25, "route_acc": 0.0, "route_valid_frac": 0.125, "nav_follow_frac": 0.875, "gnorm": 215.7299, "lr": 1.0500000000000001e-06, "data_s": 0.0, "step_s": 0.6}
{"step": 21, "loss": 9.94567, "traj": 1.75962, "cls": 6.65488, "law": 2.62791, "route": 0.51477, "man": 1.6574, "speed_cls": 0.0, "speed_mae": 0.0, "anchor_acc": 0.0, "man_acc": 0.0, "route_acc": 1.0, "route_valid_frac": 0.125, "nav_follow_frac": 1.0, "gnorm": 158.1166, "lr": 1.1e-06, "data_s": 0.0, "step_s": 0.6}
{"step": 22, "loss": 10.89878, "traj": 0.88359, "cls": 8.5108, "law": 2.62072, "route": 0.36536, "man": 1.57495, "speed_cls": 0.0, "speed_mae": 0.0, "anchor_acc": 0.0, "man_acc": 0.25, "route_acc": 1.0, "route_valid_frac": 0.375, "nav_follow_frac": 1.0, "gnorm": 230.7026, "lr": 1.15e-06, "data_s": 0.0, "step_s": 0.6}
{"step": 23, "loss": 10.32734, "traj": 1.69734, "cls": 7.07771, "law": 2.71899, "route": 0.27015, "man": 1.65779, "speed_cls": 0.0, "speed_mae": 0.0, "anchor_acc": 0.0, "man_acc": 0.0, "route_acc": 1.0, "route_valid_frac": 0.25, "nav_follow_frac": 1.0, "gnorm": 159.478, "lr": 1.2000000000000002e-06, "data_s": 0.0, "step_s": 0.6}
{"step": 24, "loss": 10.90795, "traj": 2.04705, "cls": 7.33312, "law": 2.63443, "route": 0.47034, "man": 1.63529, "speed_cls": 0.0, "speed_mae": 0.0, "anchor_acc": 0.0, "man_acc": 0.125, "route_acc": 1.0, "route_valid_frac": 0.125, "nav_follow_frac": 1.0, "gnorm": 170.966, "lr": 1.25e-06, "data_s": 0.0, "step_s": 0.6}
{"step": 25, "loss": 11.33744, "traj": 1.27703, "cls": 8.50317, "law": 2.67966, "route": 0.47126, "man": 1.70284, "speed_cls": 0.0, "speed_mae": 0.0, "anchor_acc": 0.0, "man_acc": 0.25, "route_acc": 1.0, "route_valid_frac": 0.125, "nav_follow_frac": 1.0, "gnorm": 239.1208, "lr": 1.3000000000000003e-06, "data_s": 0.0, "step_s": 0.6}
{"step": 26, "loss": 10.91171, "traj": 1.22962, "cls": 8.09663, "law": 2.68003, "route": 0.82744, "man": 1.62711, "speed_cls": 0.0, "speed_mae": 0.0, "anchor_acc": 0.0, "man_acc": 0.25, "route_acc": 0.66667, "route_valid_frac": 0.375, "nav_follow_frac": 0.875, "gnorm": 203.4746, "lr": 1.35e-06, "data_s": 0.0, "step_s": 0.7}
{"step": 27, "loss": 11.26742, "traj": 2.78527, "cls": 6.9519, "law": 2.64748, "route": 0.37812, "man": 1.68706, "speed_cls": 0.0, "speed_mae": 0.0, "anchor_acc": 0.0, "man_acc": 0.0, "route_acc": 1.0, "route_valid_frac": 1.0, "nav_follow_frac": 1.0, "gnorm": 172.5499, "lr": 1.4e-06, "data_s": 0.0, "step_s": 0.6}
{"step": 28, "loss": 11.56939, "traj": 2.70108, "cls": 7.3452, "law": 2.64243, "route": 0.39653, "man": 1.62235, "speed_cls": 0.0, "speed_mae": 0.0, "anchor_acc": 0.0, "man_acc": 0.125, "route_acc": 1.0, "route_valid_frac": 0.25, "nav_follow_frac": 1.0, "gnorm": 183.9088, "lr": 1.45e-06, "data_s": 0.0, "step_s": 0.6}
{"step": 29, "loss": 10.28017, "traj": 1.75052, "cls": 7.03495, "law": 2.61188, "route": 0.27899, "man": 1.60864, "speed_cls": 0.0, "speed_mae": 0.0, "anchor_acc": 0.0, "man_acc": 0.0, "route_acc": 1.0, "route_valid_frac": 0.125, "nav_follow_frac": 1.0, "gnorm": 160.9944, "lr": 1.5e-06, "data_s": 0.0, "step_s": 0.6}
{"step": 30, "loss": 11.34372, "traj": 1.27068, "cls": 8.511, "law": 2.57695, "route": 1.01676, "man": 1.71876, "speed_cls": 0.0, "speed_mae": 0.0, "anchor_acc": 0.0, "man_acc": 0.0, "route_acc": 0.5, "route_valid_frac": 0.25, "nav_follow_frac": 0.875, "gnorm": 227.8176, "lr": 1.5500000000000002e-06, "data_s": 0.0, "step_s": 0.6}
{"step": 31, "loss": 11.56629, "traj": 1.08987, "cls": 8.92207, "law": 2.57195, "route": 0.99169, "man": 1.69209, "speed_cls": 0.0, "speed_mae": 0.0, "anchor_acc": 0.0, "man_acc": 0.125, "route_acc": 0.5, "route_valid_frac": 0.25, "nav_follow_frac": 0.875, "gnorm": 241.3636, "lr": 1.6000000000000001e-06, "data_s": 0.0, "step_s": 0.6}
{"step": 32, "loss": 10.82296, "traj": 1.77412, "cls": 7.57893, "law": 2.5462, "route": 0.28501, "man": 1.6831, "speed_cls": 0.0, "speed_mae": 0.0, "anchor_acc": 0.0, "man_acc": 0.0, "route_acc": 1.0, "route_valid_frac": 0.25, "nav_follow_frac": 1.0, "gnorm": 188.9437, "lr": 1.65e-06, "data_s": 0.0, "step_s": 0.7}
{"step": 33, "loss": 10.10863, "traj": 1.25575, "cls": 7.37347, "law": 2.54064, "route": 0.41638, "man": 1.67449, "speed_cls": 0.0, "speed_mae": 0.0, "anchor_acc": 0.0, "man_acc": 0.0, "route_acc": 1.0, "route_valid_frac": 0.125, "nav_follow_frac": 1.0, "gnorm": 180.4601, "lr": 1.7e-06, "data_s": 0.0, "step_s": 0.6}
{"step": 34, "loss": 10.98659, "traj": 1.1574, "cls": 8.28546, "law": 2.5717, "route": 0.94581, "man": 1.63297, "speed_cls": 0.0, "speed_mae": 0.0, "anchor_acc": 0.0, "man_acc": 0.125, "route_acc": 0.5, "route_valid_frac": 0.25, "nav_follow_frac": 0.875, "gnorm": 202.4883, "lr": 1.75e-06, "data_s": 0.0, "step_s": 0.6}
[ckpt] saved at step 34
[parity] ⚠ NON-PARITY corpus for *val* cache: /home/nvidia/thorbench/data/thorbench-nonparity-train-val40mirror references no registered parity key (physicalai-train-e438721ae894 / physicalai-val-0c5f7dac3b11). Results off it are NOT cross-arm comparable with the parity arms.
{"done": true, "steps": 35, "out": "/tmp/thorbench/sweep/refc-b8"}
