C:\Users\Admin\dz\DriveZero\DriveRL\nuplan-devkit\nuplan\common\maps\nuplan_map\utils.py:413: RuntimeWarning: invalid value encountered in cast
  return elements.iloc[np.where(elements[column_label].to_numpy().astype(int) == int(desired_value))]
  2021.05.25.14.16.10_veh-35_00083_00485: 1 / 1
  2021.05.25.14.16.10_veh-35_01100_01664: 2 / 2
  2021.05.25.14.16.10_veh-35_01690_02183: 1 / 1
  2021.05.25.14.16.10_veh-35_02482_02649: 24 / 24
  2021.05.25.14.16.10_veh-35_03373_03550: 24 / 24
  2021.05.25.14.16.10_veh-35_04097_04328: 1 / 1
  2021.05.25.14.24.08_veh-25_00934_01067: 24 / 24
  2021.05.25.14.24.08_veh-25_03764_04034: 24 / 24
  2021.05.25.14.24.08_veh-25_04059_04203: 2 / 2
  2021.05.25.14.26.37_veh-27_04122_04279: 24 / 24
  2021.05.25.15.59.03_veh-30_00625_00855: 2 / 2
  2021.05.25.15.59.03_veh-30_01478_01643: 16 / 16
  2021.05.25.15.59.03_veh-30_03499_03671: 3 / 3
  2021.05.25.15.59.03_veh-30_04027_04200: 3 / 3
  2021.05.25.15.59.03_veh-30_04463_04606: 1 / 1
  2021.05.25.16.37.23_veh-25_00005_00217: 24 / 24
  2021.05.25.16.37.23_veh-25_03311_03550: 1 / 1
  2021.05.25.17.54.41_veh-35_01654_01850: 1 / 1
  2021.05.25.17.54.41_veh-35_01905_02121: 4 / 4
  2021.05.25.17.54.41_veh-35_02723_02902: 1 / 1
  2021.05.25.17.54.41_veh-35_04111_04288: 24 / 24
  2021.05.25.17.54.41_veh-35_04967_05098: 8 / 8
  2021.05.25.18.38.25_veh-25_04058_04186: 23 / 23
  2021.06.03.12.02.06_veh-35_00233_00609: 2 / 2
  2021.06.03.12.02.06_veh-35_01100_01227: 24 / 24
  2021.06.03.12.02.06_veh-35_03526_03712: 1 / 1
  2021.06.03.13.55.17_veh-35_00073_00426: 1 / 1
  2021.06.03.13.55.17_veh-35_00789_00999: 24 / 24
  2021.06.03.13.55.17_veh-35_02419_02561: 24 / 24
  2021.06.03.13.55.17_veh-35_02572_02855: 1 / 1
  2021.06.03.13.55.17_veh-35_02866_03582: 24 / 24
  2021.06.03.17.06.58_veh-35_00712_00855: 1 / 1
  2021.06.03.17.06.58_veh-35_02571_02742: 22 / 22
  2021.06.03.17.06.58_veh-35_02943_03220: 2 / 2
  2021.06.03.17.06.58_veh-35_03860_03992: 24 / 24
  2021.06.03.18.47.39_veh-35_00123_00246: 1 / 1
  2021.06.03.18.47.39_veh-35_00257_00492: 2 / 2
  2021.06.03.18.47.39_veh-35_00503_00777: 1 / 1
  2021.06.28.13.53.26_veh-26_00492_00696: 1 / 1
  2021.06.28.15.02.02_veh-38_02398_02848: 2 / 2
  2021.06.28.15.10.57_veh-16_02438_02580: 1 / 1
  2021.06.28.16.29.11_veh-38_00022_00368: 1 / 1
  2021.06.28.16.29.11_veh-38_01415_01821: 2 / 2
  2021.06.28.16.29.11_veh-38_03263_03766: 5 / 5
  2021.06.28.16.57.59_veh-26_00016_00484: 2 / 2
  2021.06.28.18.03.27_veh-14_00620_01581: 3 / 3
  2021.06.28.20.24.43_veh-38_00369_00601: 1 / 1
  2021.06.28.20.24.43_veh-38_03385_04952: 6 / 6
  2021.06.28.21.16.05_veh-14_00957_01198: 1 / 1
  2021.06.28.21.47.53_veh-35_00280_00424: 2 / 2
C:\Users\Admin\dz\DriveZero\DriveRL\nuplan-devkit\nuplan\common\maps\nuplan_map\utils.py:413: RuntimeWarning: invalid value encountered in cast
  return elements.iloc[np.where(elements[column_label].to_numpy().astype(int) == int(desired_value))]
  2021.08.16.14.23.37_veh-45_00015_00132: 1 / 1
C:\Users\Admin\dz\DriveZero\DriveRL\nuplan-devkit\nuplan\common\maps\nuplan_map\utils.py:413: RuntimeWarning: invalid value encountered in cast
  return elements.iloc[np.where(elements[column_label].to_numpy().astype(int) == int(desired_value))]
  2021.08.30.13.45.25_veh-40_00610_00771: 1 / 1
  2021.08.30.13.45.25_veh-40_00784_00867: 1 / 1
  2021.08.30.13.45.25_veh-40_00878_01104: 1 / 1
  2021.08.30.13.45.25_veh-40_01116_01336: 24 / 24
  2021.08.30.14.54.34_veh-40_00334_00419: 1 / 1
  2021.08.30.14.54.34_veh-40_00439_00835: 4 / 4
  2021.08.30.14.54.34_veh-40_00885_00986: 21 / 21
  2021.08.30.16.16.44_veh-40_00256_00716: 1 / 1
  2021.08.30.16.16.44_veh-40_00779_01088: 1 / 1
  2021.08.30.16.16.44_veh-40_01099_01351: 1 / 1
  2021.09.09.14.18.22_veh-48_00221_00299: 1 / 1
  2021.09.09.14.18.22_veh-48_00322_00895: 3 / 3
  2021.09.09.14.18.22_veh-48_00960_01115: 24 / 24
  2021.09.09.14.18.22_veh-48_01298_01492: 1 / 1
  2021.09.09.14.18.22_veh-48_01503_01761: 24 / 24
  2021.09.09.17.18.51_veh-48_00098_00328: 24 / 24
  2021.09.09.17.18.51_veh-48_00574_00646: 24 / 24
  2021.09.09.17.18.51_veh-48_00657_00876: 1 / 1
  2021.09.09.17.18.51_veh-48_00889_01147: 24 / 24
  2021.09.09.17.18.51_veh-48_01173_01237: 15 / 15
  2021.09.09.17.18.51_veh-48_01248_01450: 24 / 24
  2021.09.09.17.18.51_veh-48_01462_01552: 19 / 19
  2021.09.09.18.04.06_veh-40_00555_00731: 24 / 24
  2021.09.09.18.04.06_veh-40_00743_01071: 2 / 2
  2021.09.09.18.04.06_veh-40_01340_01425: 1 / 1
  2021.09.09.18.29.25_veh-39_00427_00556: 24 / 24
  2021.09.09.18.29.25_veh-39_00569_00903: 24 / 24
  2021.09.09.18.29.25_veh-39_00969_01184: 2 / 2
  2021.09.09.18.29.25_veh-39_01622_01766: 1 / 1
  2021.09.16.13.53.10_veh-42_00077_00153: 1 / 1
  2021.09.16.13.53.10_veh-42_00180_00342: 3 / 3
  2021.09.16.13.53.10_veh-42_00630_00818: 2 / 2
  2021.09.16.13.53.10_veh-42_00860_01069: 1 / 1
  2021.09.16.13.53.10_veh-42_01510_01591: 24 / 24
  2021.09.16.14.39.34_veh-42_00032_00186: 2 / 2
  2021.09.16.14.39.34_veh-42_00297_00935: 1 / 1
  2021.09.16.14.39.34_veh-42_01111_01448: 3 / 3
  2021.09.16.14.39.34_veh-42_01609_01687: 1 / 1
  2021.09.16.15.12.03_veh-42_01037_01434: 1 / 1
  2021.09.16.15.47.30_veh-45_01199_01391: 3 / 3
  2021.09.16.16.20.27_veh-08_02435_02525: 1 / 1
  2021.09.16.17.40.09_veh-45_02539_02745: 3 / 3
  2021.09.16.19.12.04_veh-42_00289_00398: 1 / 1
  2021.09.16.19.12.04_veh-42_01088_01192: 13 / 13
  2021.09.16.19.12.04_veh-42_01221_01380: 24 / 24
  2021.09.16.19.12.04_veh-42_01438_01677: 1 / 1
  2021.09.16.19.27.01_veh-45_00472_00711: 3 / 3
  2021.09.16.19.27.01_veh-45_01749_03230: 3 / 3
  2021.09.16.19.49.00_veh-42_00990_01609: 5 / 5
  2021.09.16.21.13.37_veh-42_00172_00347: 16 / 16
  2021.09.29.14.44.26_veh-28_00238_00320: 2 / 2
  2021.09.29.14.44.26_veh-28_00337_00504: 1 / 1
  2021.09.29.14.44.26_veh-28_00528_00992: 2 / 2
  2021.09.29.14.44.26_veh-28_01059_01191: 24 / 24
  2021.09.29.14.44.26_veh-28_01202_01296: 24 / 24
  2021.09.29.14.44.26_veh-28_01331_01485: 24 / 24
  2021.09.29.14.44.26_veh-28_01509_01628: 14 / 14
  2021.09.29.14.44.26_veh-28_01640_01743: 1 / 1
  2021.09.29.15.23.04_veh-28_00601_00802: 3 / 3
  2021.09.29.15.23.04_veh-28_00814_01101: 1 / 1
  2021.09.29.18.19.40_veh-28_00331_00426: 8 / 8
  2021.09.29.18.19.40_veh-28_00438_00833: 3 / 3
  2021.09.29.18.19.40_veh-28_00844_01218: 4 / 4
  2021.09.29.18.19.40_veh-28_01268_01685: 4 / 4
  2021.09.29.18.19.40_veh-28_01727_01833: 18 / 18
  2021.09.29.19.02.14_veh-28_00273_00514: 4 / 4
  2021.09.29.19.02.14_veh-28_00540_00917: 5 / 5
  2021.09.29.19.02.14_veh-28_00964_01689: 6 / 6
  2021.09.29.19.02.14_veh-28_01717_01824: 12 / 12
  2021.09.29.19.02.14_veh-28_02451_02708: 24 / 24
  2021.09.29.19.02.14_veh-28_02911_03005: 22 / 22
  2021.09.29.19.02.14_veh-28_03198_03360: 2 / 2
C:\Users\Admin\dz\DriveZero\DriveRL\nuplan-devkit\nuplan\common\maps\nuplan_map\utils.py:413: RuntimeWarning: invalid value encountered in cast
  return elements.iloc[np.where(elements[column_label].to_numpy().astype(int) == int(desired_value))]
  2021.10.06.07.26.10_veh-52_00006_00398: 11 / 11
  2021.10.06.07.26.10_veh-52_00422_00728: 1 / 1
  2021.10.06.07.26.10_veh-52_00772_00917: 1 / 1
  2021.10.06.07.26.10_veh-52_00953_01126: 2 / 2
  2021.10.06.07.26.10_veh-52_01245_02064: 10 / 10
  2021.10.06.07.26.10_veh-52_02208_02394: 1 / 1
  2021.10.06.08.16.17_veh-52_00032_00170: 2 / 2
  2021.10.06.08.16.17_veh-52_00181_00574: 1 / 1
  2021.10.06.08.16.17_veh-52_00612_00782: 2 / 2
  2021.10.06.08.16.17_veh-52_00922_01296: 3 / 3
  2021.10.06.08.16.17_veh-52_01430_01579: 1 / 1
  2021.10.06.08.16.17_veh-52_01590_01725: 24 / 24
  2021.10.06.08.16.17_veh-52_01949_02501: 6 / 6
{
 "n_tokens": 1123,
 "n_measured": 1123,
 "n_no_route": 0,
 "n_error": 0,
 "ego_to_route_m_quantiles": {
  "50": 0.28703422845298304,
  "90": 1.537466403445607,
  "99": 369.6605357607683,
  "99.9": 418.9304567586785,
  "100": 421.1384571086719
 },
 "count_gt": {
  "5": 60,
  "10": 58,
  "20": 53,
  "50": 45,
  "100": 27,
  "300": 19
 }
}
ZZROUTECENSUS_DONE
