[2026-09-19 12:37:07,458][navsim.planning.script.builders.worker_pool_builder][INFO] - Building WorkerPool...
[2026-09-19 12:37:07,465][nuplan.planning.utils.multithreading.worker_pool][INFO] - Worker: Sequential
[2026-09-19 12:37:07,465][nuplan.planning.utils.multithreading.worker_pool][INFO] - Number of nodes: 1
Number of CPUs per node: 1
Number of GPUs per node: 0
Number of threads across all nodes: 1
[2026-09-19 12:37:07,465][navsim.planning.script.builders.worker_pool_builder][INFO] - Building WorkerPool...DONE!
[2026-09-19 12:37:10,836][navsim.planning.script.run_pdm_score][INFO] - Starting pdm scoring of 220 scenarios...
[2026-09-19 12:37:10,836][navsim.planning.script.run_pdm_score][INFO] - Starting worker in thread_id=5ba2ec54-b467-4bc0-b676-250641642797, node_id=0
[2026-09-19 12:37:12,604][navsim.planning.script.run_pdm_score][INFO] - Processing stage one reactive scenario 1 / 16 in thread_id=5ba2ec54-b467-4bc0-b676-250641642797, node_id=0
[2026-09-19 12:37:17,139][navsim.planning.script.run_pdm_score][INFO] - Processing stage one reactive scenario 2 / 16 in thread_id=5ba2ec54-b467-4bc0-b676-250641642797, node_id=0
[2026-09-19 12:37:19,992][navsim.planning.script.run_pdm_score][INFO] - Processing stage one reactive scenario 3 / 16 in thread_id=5ba2ec54-b467-4bc0-b676-250641642797, node_id=0
[2026-09-19 12:37:23,524][navsim.planning.script.run_pdm_score][INFO] - Processing stage one reactive scenario 4 / 16 in thread_id=5ba2ec54-b467-4bc0-b676-250641642797, node_id=0
[2026-09-19 12:37:28,490][navsim.planning.script.run_pdm_score][INFO] - Processing stage one reactive scenario 5 / 16 in thread_id=5ba2ec54-b467-4bc0-b676-250641642797, node_id=0
[2026-09-19 12:37:32,502][navsim.planning.script.run_pdm_score][INFO] - Processing stage one reactive scenario 6 / 16 in thread_id=5ba2ec54-b467-4bc0-b676-250641642797, node_id=0
[2026-09-19 12:37:35,153][navsim.planning.script.run_pdm_score][INFO] - Processing stage one reactive scenario 7 / 16 in thread_id=5ba2ec54-b467-4bc0-b676-250641642797, node_id=0
[2026-09-19 12:37:37,908][navsim.planning.script.run_pdm_score][INFO] - Processing stage one reactive scenario 8 / 16 in thread_id=5ba2ec54-b467-4bc0-b676-250641642797, node_id=0
[2026-09-19 12:37:42,892][navsim.planning.script.run_pdm_score][INFO] - Processing stage one reactive scenario 9 / 16 in thread_id=5ba2ec54-b467-4bc0-b676-250641642797, node_id=0
[2026-09-19 12:37:46,395][navsim.planning.script.run_pdm_score][INFO] - Processing stage one reactive scenario 10 / 16 in thread_id=5ba2ec54-b467-4bc0-b676-250641642797, node_id=0
[2026-09-19 12:37:50,792][navsim.planning.script.run_pdm_score][INFO] - Processing stage one reactive scenario 11 / 16 in thread_id=5ba2ec54-b467-4bc0-b676-250641642797, node_id=0
[2026-09-19 12:37:53,019][navsim.planning.script.run_pdm_score][INFO] - Processing stage one reactive scenario 12 / 16 in thread_id=5ba2ec54-b467-4bc0-b676-250641642797, node_id=0
[2026-09-19 12:38:01,841][navsim.planning.script.run_pdm_score][INFO] - Processing stage one reactive scenario 13 / 16 in thread_id=5ba2ec54-b467-4bc0-b676-250641642797, node_id=0
[2026-09-19 12:38:05,763][navsim.planning.script.run_pdm_score][INFO] - Processing stage one reactive scenario 14 / 16 in thread_id=5ba2ec54-b467-4bc0-b676-250641642797, node_id=0
[2026-09-19 12:38:07,596][navsim.planning.script.run_pdm_score][INFO] - Processing stage one reactive scenario 15 / 16 in thread_id=5ba2ec54-b467-4bc0-b676-250641642797, node_id=0
[2026-09-19 12:38:12,293][navsim.planning.script.run_pdm_score][INFO] - Processing stage one reactive scenario 16 / 16 in thread_id=5ba2ec54-b467-4bc0-b676-250641642797, node_id=0
[2026-09-19 12:38:16,974][navsim.planning.script.run_pdm_score][INFO] - Processing stage two reactive scenario 1 / 204 in thread_id=5ba2ec54-b467-4bc0-b676-250641642797, node_id=0
[2026-09-19 12:38:19,335][navsim.planning.script.run_pdm_score][WARNING] - ----------- Agent failed for token 12499ddd90200ea9f:
[2026-09-19 12:38:19,340][navsim.planning.script.run_pdm_score][INFO] - Processing stage two reactive scenario 2 / 204 in thread_id=5ba2ec54-b467-4bc0-b676-250641642797, node_id=0
[2026-09-19 12:38:22,606][navsim.planning.script.run_pdm_score][WARNING] - ----------- Agent failed for token 7a999e76f404c4956:
[2026-09-19 12:38:22,608][navsim.planning.script.run_pdm_score][INFO] - Processing stage two reactive scenario 3 / 204 in thread_id=5ba2ec54-b467-4bc0-b676-250641642797, node_id=0
[2026-09-19 12:38:25,044][navsim.planning.script.run_pdm_score][WARNING] - ----------- Agent failed for token 8e653e8d9b170a7dd:
[2026-09-19 12:38:25,044][navsim.planning.script.run_pdm_score][INFO] - Processing stage two reactive scenario 4 / 204 in thread_id=5ba2ec54-b467-4bc0-b676-250641642797, node_id=0
[2026-09-19 12:38:28,197][navsim.planning.script.run_pdm_score][WARNING] - ----------- Agent failed for token 5a6f69ea54c00b6d2:
[2026-09-19 12:38:28,197][navsim.planning.script.run_pdm_score][INFO] - Processing stage two reactive scenario 5 / 204 in thread_id=5ba2ec54-b467-4bc0-b676-250641642797, node_id=0
[2026-09-19 12:38:31,436][navsim.planning.script.run_pdm_score][WARNING] - ----------- Agent failed for token c909e005442d28a9c:
[2026-09-19 12:38:31,436][navsim.planning.script.run_pdm_score][INFO] - Processing stage two reactive scenario 6 / 204 in thread_id=5ba2ec54-b467-4bc0-b676-250641642797, node_id=0
[2026-09-19 12:38:34,450][navsim.planning.script.run_pdm_score][WARNING] - ----------- Agent failed for token 7caf8d7d76cd0a120:
[2026-09-19 12:38:34,452][navsim.planning.script.run_pdm_score][INFO] - Processing stage two reactive scenario 7 / 204 in thread_id=5ba2ec54-b467-4bc0-b676-250641642797, node_id=0
[2026-09-19 12:38:36,896][navsim.planning.script.run_pdm_score][WARNING] - ----------- Agent failed for token 8413ea29ea72fdfde:
[2026-09-19 12:38:36,898][navsim.planning.script.run_pdm_score][INFO] - Processing stage two reactive scenario 8 / 204 in thread_id=5ba2ec54-b467-4bc0-b676-250641642797, node_id=0
[2026-09-19 12:38:38,172][navsim.planning.script.run_pdm_score][WARNING] - ----------- Agent failed for token 9cb5545908502a26c:
[2026-09-19 12:38:38,172][navsim.planning.script.run_pdm_score][INFO] - Processing stage two reactive scenario 9 / 204 in thread_id=5ba2ec54-b467-4bc0-b676-250641642797, node_id=0
[2026-09-19 12:38:39,174][navsim.planning.script.run_pdm_score][WARNING] - ----------- Agent failed for token e0e4ca847f84568a3:
[2026-09-19 12:38:39,174][navsim.planning.script.run_pdm_score][INFO] - Processing stage two reactive scenario 10 / 204 in thread_id=5ba2ec54-b467-4bc0-b676-250641642797, node_id=0
[2026-09-19 12:38:41,473][navsim.planning.script.run_pdm_score][WARNING] - ----------- Agent failed for token 2a46d49b6aa55f1ca:
[2026-09-19 12:38:41,474][navsim.planning.script.run_pdm_score][INFO] - Processing stage two reactive scenario 11 / 204 in thread_id=5ba2ec54-b467-4bc0-b676-250641642797, node_id=0
[2026-09-19 12:38:45,266][navsim.planning.script.run_pdm_score][WARNING] - ----------- Agent failed for token ef08e59a9c882aea6:
[2026-09-19 12:38:45,268][navsim.planning.script.run_pdm_score][INFO] - Processing stage two reactive scenario 12 / 204 in thread_id=5ba2ec54-b467-4bc0-b676-250641642797, node_id=0
[2026-09-19 12:38:46,511][navsim.planning.script.run_pdm_score][WARNING] - ----------- Agent failed for token ba3f20b19ddb93cb1:
[2026-09-19 12:38:46,522][navsim.planning.script.run_pdm_score][INFO] - Processing stage two reactive scenario 13 / 204 in thread_id=5ba2ec54-b467-4bc0-b676-250641642797, node_id=0
[2026-09-19 12:38:49,571][navsim.planning.script.run_pdm_score][WARNING] - ----------- Agent failed for token 8c19ef349d4fc37cb:
[2026-09-19 12:38:49,571][navsim.planning.script.run_pdm_score][INFO] - Processing stage two reactive scenario 14 / 204 in thread_id=5ba2ec54-b467-4bc0-b676-250641642797, node_id=0
[2026-09-19 12:38:51,237][navsim.planning.script.run_pdm_score][WARNING] - ----------- Agent failed for token 4855fc07a04961bfd:
[2026-09-19 12:38:51,240][navsim.planning.script.run_pdm_score][INFO] - Processing stage two reactive scenario 15 / 204 in thread_id=5ba2ec54-b467-4bc0-b676-250641642797, node_id=0
[2026-09-19 12:38:52,418][navsim.planning.script.run_pdm_score][WARNING] - ----------- Agent failed for token 646aa5cbfd5f84a9e:
[2026-09-19 12:38:52,418][navsim.planning.script.run_pdm_score][INFO] - Processing stage two reactive scenario 16 / 204 in thread_id=5ba2ec54-b467-4bc0-b676-250641642797, node_id=0
[2026-09-19 12:38:53,885][navsim.planning.script.run_pdm_score][WARNING] - ----------- Agent failed for token a946e96acbe5186d9:
[2026-09-19 12:38:53,888][navsim.planning.script.run_pdm_score][INFO] - Processing stage two reactive scenario 17 / 204 in thread_id=5ba2ec54-b467-4bc0-b676-250641642797, node_id=0
[2026-09-19 12:38:58,629][navsim.planning.script.run_pdm_score][WARNING] - ----------- Agent failed for token bef503ff5929be3a8:
[2026-09-19 12:38:58,629][navsim.planning.script.run_pdm_score][INFO] - Processing stage two reactive scenario 18 / 204 in thread_id=5ba2ec54-b467-4bc0-b676-250641642797, node_id=0
[2026-09-19 12:39:02,475][navsim.planning.script.run_pdm_score][WARNING] - ----------- Agent failed for token 50442ffec20a73824:
[2026-09-19 12:39:02,475][navsim.planning.script.run_pdm_score][INFO] - Processing stage two reactive scenario 19 / 204 in thread_id=5ba2ec54-b467-4bc0-b676-250641642797, node_id=0
[2026-09-19 12:39:09,196][navsim.planning.script.run_pdm_score][WARNING] - ----------- Agent failed for token 13f7d51df20a8dc66:
[2026-09-19 12:39:09,196][navsim.planning.script.run_pdm_score][INFO] - Processing stage two reactive scenario 20 / 204 in thread_id=5ba2ec54-b467-4bc0-b676-250641642797, node_id=0
[2026-09-19 12:39:12,566][navsim.planning.script.run_pdm_score][WARNING] - ----------- Agent failed for token c58481114df532967:
[2026-09-19 12:39:12,566][navsim.planning.script.run_pdm_score][INFO] - Processing stage two reactive scenario 21 / 204 in thread_id=5ba2ec54-b467-4bc0-b676-250641642797, node_id=0
[2026-09-19 12:39:16,799][navsim.planning.script.run_pdm_score][WARNING] - ----------- Agent failed for token 8f3bf4b1cb4be05f8:
[2026-09-19 12:39:16,801][navsim.planning.script.run_pdm_score][INFO] - Processing stage two reactive scenario 22 / 204 in thread_id=5ba2ec54-b467-4bc0-b676-250641642797, node_id=0
[2026-09-19 12:39:18,054][navsim.planning.script.run_pdm_score][WARNING] - ----------- Agent failed for token 188fef8a871d3bb74:
[2026-09-19 12:39:18,054][navsim.planning.script.run_pdm_score][INFO] - Processing stage two reactive scenario 23 / 204 in thread_id=5ba2ec54-b467-4bc0-b676-250641642797, node_id=0
[2026-09-19 12:39:19,099][navsim.planning.script.run_pdm_score][WARNING] - ----------- Agent failed for token 38d50c91468fbe6e5:
[2026-09-19 12:39:19,100][navsim.planning.script.run_pdm_score][INFO] - Processing stage two reactive scenario 24 / 204 in thread_id=5ba2ec54-b467-4bc0-b676-250641642797, node_id=0
[2026-09-19 12:39:23,375][navsim.planning.script.run_pdm_score][WARNING] - ----------- Agent failed for token 431df46346088a1de:
[2026-09-19 12:39:23,375][navsim.planning.script.run_pdm_score][INFO] - Processing stage two reactive scenario 25 / 204 in thread_id=5ba2ec54-b467-4bc0-b676-250641642797, node_id=0
[2026-09-19 12:39:24,717][navsim.planning.script.run_pdm_score][WARNING] - ----------- Agent failed for token 6d342222e4d9d2b2a:
[2026-09-19 12:39:24,719][navsim.planning.script.run_pdm_score][INFO] - Processing stage two reactive scenario 26 / 204 in thread_id=5ba2ec54-b467-4bc0-b676-250641642797, node_id=0
[2026-09-19 12:39:27,895][navsim.planning.script.run_pdm_score][WARNING] - ----------- Agent failed for token 5913dfbc435fb100c:
[2026-09-19 12:39:27,895][navsim.planning.script.run_pdm_score][INFO] - Processing stage two reactive scenario 27 / 204 in thread_id=5ba2ec54-b467-4bc0-b676-250641642797, node_id=0
[2026-09-19 12:39:32,332][navsim.planning.script.run_pdm_score][WARNING] - ----------- Agent failed for token eb16cfaf356e80f1f:
[2026-09-19 12:39:32,332][navsim.planning.script.run_pdm_score][INFO] - Processing stage two reactive scenario 28 / 204 in thread_id=5ba2ec54-b467-4bc0-b676-250641642797, node_id=0
[2026-09-19 12:39:36,098][navsim.planning.script.run_pdm_score][WARNING] - ----------- Agent failed for token 57e7f219c88ab8fe0:
[2026-09-19 12:39:36,099][navsim.planning.script.run_pdm_score][INFO] - Processing stage two reactive scenario 29 / 204 in thread_id=5ba2ec54-b467-4bc0-b676-250641642797, node_id=0
[2026-09-19 12:39:38,438][navsim.planning.script.run_pdm_score][WARNING] - ----------- Agent failed for token 8aea1806b6e406159:
[2026-09-19 12:39:38,454][navsim.planning.script.run_pdm_score][INFO] - Processing stage two reactive scenario 30 / 204 in thread_id=5ba2ec54-b467-4bc0-b676-250641642797, node_id=0
[2026-09-19 12:39:40,903][navsim.planning.script.run_pdm_score][WARNING] - ----------- Agent failed for token 4876fb179a00309b5:
[2026-09-19 12:39:40,905][navsim.planning.script.run_pdm_score][INFO] - Processing stage two reactive scenario 31 / 204 in thread_id=5ba2ec54-b467-4bc0-b676-250641642797, node_id=0
[2026-09-19 12:39:41,390][navsim.planning.script.run_pdm_score][WARNING] - ----------- Agent failed for token 4a5ea5d6a2735531c:
[2026-09-19 12:39:41,390][navsim.planning.script.run_pdm_score][INFO] - Processing stage two reactive scenario 32 / 204 in thread_id=5ba2ec54-b467-4bc0-b676-250641642797, node_id=0
[2026-09-19 12:39:47,730][navsim.planning.script.run_pdm_score][WARNING] - ----------- Agent failed for token 73bd1fde4cf4bbd5a:
[2026-09-19 12:39:47,730][navsim.planning.script.run_pdm_score][INFO] - Processing stage two reactive scenario 33 / 204 in thread_id=5ba2ec54-b467-4bc0-b676-250641642797, node_id=0
[2026-09-19 12:39:51,914][navsim.planning.script.run_pdm_score][WARNING] - ----------- Agent failed for token ae4f3518384257a07:
[2026-09-19 12:39:51,914][navsim.planning.script.run_pdm_score][INFO] - Processing stage two reactive scenario 34 / 204 in thread_id=5ba2ec54-b467-4bc0-b676-250641642797, node_id=0
[2026-09-19 12:39:53,894][navsim.planning.script.run_pdm_score][WARNING] - ----------- Agent failed for token c6f215cb7b0d88628:
[2026-09-19 12:39:53,895][navsim.planning.script.run_pdm_score][INFO] - Processing stage two reactive scenario 35 / 204 in thread_id=5ba2ec54-b467-4bc0-b676-250641642797, node_id=0
[2026-09-19 12:39:57,757][navsim.planning.script.run_pdm_score][WARNING] - ----------- Agent failed for token 026597b466e481724:
[2026-09-19 12:39:57,759][navsim.planning.script.run_pdm_score][INFO] - Processing stage two reactive scenario 36 / 204 in thread_id=5ba2ec54-b467-4bc0-b676-250641642797, node_id=0
[2026-09-19 12:40:01,555][navsim.planning.script.run_pdm_score][WARNING] - ----------- Agent failed for token 6333f19e87ad08122:
[2026-09-19 12:40:01,555][navsim.planning.script.run_pdm_score][INFO] - Processing stage two reactive scenario 37 / 204 in thread_id=5ba2ec54-b467-4bc0-b676-250641642797, node_id=0
[2026-09-19 12:40:05,926][navsim.planning.script.run_pdm_score][WARNING] - ----------- Agent failed for token 6c04df27e5264b20b:
[2026-09-19 12:40:05,926][navsim.planning.script.run_pdm_score][INFO] - Processing stage two reactive scenario 38 / 204 in thread_id=5ba2ec54-b467-4bc0-b676-250641642797, node_id=0
[2026-09-19 12:40:09,583][navsim.planning.script.run_pdm_score][WARNING] - ----------- Agent failed for token 3c8afefbaf08142c1:
[2026-09-19 12:40:09,583][navsim.planning.script.run_pdm_score][INFO] - Processing stage two reactive scenario 39 / 204 in thread_id=5ba2ec54-b467-4bc0-b676-250641642797, node_id=0
[2026-09-19 12:40:11,954][navsim.planning.script.run_pdm_score][WARNING] - ----------- Agent failed for token ecefe6eb9d594a685:
[2026-09-19 12:40:11,954][navsim.planning.script.run_pdm_score][INFO] - Processing stage two reactive scenario 40 / 204 in thread_id=5ba2ec54-b467-4bc0-b676-250641642797, node_id=0
[2026-09-19 12:40:16,351][navsim.planning.script.run_pdm_score][WARNING] - ----------- Agent failed for token a31ca4af2bc4ff90a:
[2026-09-19 12:40:16,351][navsim.planning.script.run_pdm_score][INFO] - Processing stage two reactive scenario 41 / 204 in thread_id=5ba2ec54-b467-4bc0-b676-250641642797, node_id=0
[2026-09-19 12:40:19,720][navsim.planning.script.run_pdm_score][WARNING] - ----------- Agent failed for token e7ae2cd68d33a847e:
[2026-09-19 12:40:19,720][navsim.planning.script.run_pdm_score][INFO] - Processing stage two reactive scenario 42 / 204 in thread_id=5ba2ec54-b467-4bc0-b676-250641642797, node_id=0
[2026-09-19 12:40:24,190][navsim.planning.script.run_pdm_score][WARNING] - ----------- Agent failed for token bffe666f9175e93c1:
[2026-09-19 12:40:24,191][navsim.planning.script.run_pdm_score][INFO] - Processing stage two reactive scenario 43 / 204 in thread_id=5ba2ec54-b467-4bc0-b676-250641642797, node_id=0
[2026-09-19 12:40:27,142][navsim.planning.script.run_pdm_score][WARNING] - ----------- Agent failed for token c9c198442a1efdc10:
[2026-09-19 12:40:27,143][navsim.planning.script.run_pdm_score][INFO] - Processing stage two reactive scenario 44 / 204 in thread_id=5ba2ec54-b467-4bc0-b676-250641642797, node_id=0
[2026-09-19 12:40:29,112][navsim.planning.script.run_pdm_score][WARNING] - ----------- Agent failed for token 0d70fefa06711301c:
[2026-09-19 12:40:29,124][navsim.planning.script.run_pdm_score][INFO] - Processing stage two reactive scenario 45 / 204 in thread_id=5ba2ec54-b467-4bc0-b676-250641642797, node_id=0
[2026-09-19 12:40:32,620][navsim.planning.script.run_pdm_score][WARNING] - ----------- Agent failed for token ceeb361872a012bd7:
[2026-09-19 12:40:32,622][navsim.planning.script.run_pdm_score][INFO] - Processing stage two reactive scenario 46 / 204 in thread_id=5ba2ec54-b467-4bc0-b676-250641642797, node_id=0
[2026-09-19 12:40:33,718][navsim.planning.script.run_pdm_score][WARNING] - ----------- Agent failed for token bc730296c22859127:
[2026-09-19 12:40:33,718][navsim.planning.script.run_pdm_score][INFO] - Processing stage two reactive scenario 47 / 204 in thread_id=5ba2ec54-b467-4bc0-b676-250641642797, node_id=0
[2026-09-19 12:40:35,336][navsim.planning.script.run_pdm_score][WARNING] - ----------- Agent failed for token 6c5bcf6f99698fac4:
[2026-09-19 12:40:35,337][navsim.planning.script.run_pdm_score][INFO] - Processing stage two reactive scenario 48 / 204 in thread_id=5ba2ec54-b467-4bc0-b676-250641642797, node_id=0
[2026-09-19 12:40:38,454][navsim.planning.script.run_pdm_score][WARNING] - ----------- Agent failed for token dd01f78238cd88b26:
[2026-09-19 12:40:38,454][navsim.planning.script.run_pdm_score][INFO] - Processing stage two reactive scenario 49 / 204 in thread_id=5ba2ec54-b467-4bc0-b676-250641642797, node_id=0
[2026-09-19 12:40:40,671][navsim.planning.script.run_pdm_score][WARNING] - ----------- Agent failed for token fc8bd325b3da03b85:
[2026-09-19 12:40:40,671][navsim.planning.script.run_pdm_score][INFO] - Processing stage two reactive scenario 50 / 204 in thread_id=5ba2ec54-b467-4bc0-b676-250641642797, node_id=0
[2026-09-19 12:40:43,165][navsim.planning.script.run_pdm_score][WARNING] - ----------- Agent failed for token e03e2999009dbd343:
[2026-09-19 12:40:43,167][navsim.planning.script.run_pdm_score][INFO] - Processing stage two reactive scenario 51 / 204 in thread_id=5ba2ec54-b467-4bc0-b676-250641642797, node_id=0
[2026-09-19 12:40:45,566][navsim.planning.script.run_pdm_score][WARNING] - ----------- Agent failed for token f5d454a22e5731c5a:
[2026-09-19 12:40:45,573][navsim.planning.script.run_pdm_score][INFO] - Processing stage two reactive scenario 52 / 204 in thread_id=5ba2ec54-b467-4bc0-b676-250641642797, node_id=0
[2026-09-19 12:40:48,248][navsim.planning.script.run_pdm_score][WARNING] - ----------- Agent failed for token 2bb929aa7298012be:
[2026-09-19 12:40:48,248][navsim.planning.script.run_pdm_score][INFO] - Processing stage two reactive scenario 53 / 204 in thread_id=5ba2ec54-b467-4bc0-b676-250641642797, node_id=0
[2026-09-19 12:40:54,467][navsim.planning.script.run_pdm_score][WARNING] - ----------- Agent failed for token beae653519f0232e7:
[2026-09-19 12:40:54,467][navsim.planning.script.run_pdm_score][INFO] - Processing stage two reactive scenario 54 / 204 in thread_id=5ba2ec54-b467-4bc0-b676-250641642797, node_id=0
[2026-09-19 12:40:56,890][navsim.planning.script.run_pdm_score][WARNING] - ----------- Agent failed for token f0ec163fc911ff8bb:
[2026-09-19 12:40:56,892][navsim.planning.script.run_pdm_score][INFO] - Processing stage two reactive scenario 55 / 204 in thread_id=5ba2ec54-b467-4bc0-b676-250641642797, node_id=0
[2026-09-19 12:40:59,812][navsim.planning.script.run_pdm_score][WARNING] - ----------- Agent failed for token b5d11a125c8146f58:
[2026-09-19 12:40:59,814][navsim.planning.script.run_pdm_score][INFO] - Processing stage two reactive scenario 56 / 204 in thread_id=5ba2ec54-b467-4bc0-b676-250641642797, node_id=0
[2026-09-19 12:41:02,400][navsim.planning.script.run_pdm_score][WARNING] - ----------- Agent failed for token 9f903173a7777cf35:
[2026-09-19 12:41:02,404][navsim.planning.script.run_pdm_score][INFO] - Processing stage two reactive scenario 57 / 204 in thread_id=5ba2ec54-b467-4bc0-b676-250641642797, node_id=0
[2026-09-19 12:41:05,235][navsim.planning.script.run_pdm_score][WARNING] - ----------- Agent failed for token 91e2e5e740db004ce:
[2026-09-19 12:41:05,235][navsim.planning.script.run_pdm_score][INFO] - Processing stage two reactive scenario 58 / 204 in thread_id=5ba2ec54-b467-4bc0-b676-250641642797, node_id=0
[2026-09-19 12:41:08,690][navsim.planning.script.run_pdm_score][WARNING] - ----------- Agent failed for token 35fc09471c163fd84:
[2026-09-19 12:41:08,692][navsim.planning.script.run_pdm_score][INFO] - Processing stage two reactive scenario 59 / 204 in thread_id=5ba2ec54-b467-4bc0-b676-250641642797, node_id=0
[2026-09-19 12:41:11,344][navsim.planning.script.run_pdm_score][WARNING] - ----------- Agent failed for token 2a8ffeaa7391e73c7:
[2026-09-19 12:41:11,346][navsim.planning.script.run_pdm_score][INFO] - Processing stage two reactive scenario 60 / 204 in thread_id=5ba2ec54-b467-4bc0-b676-250641642797, node_id=0
[2026-09-19 12:41:14,341][navsim.planning.script.run_pdm_score][WARNING] - ----------- Agent failed for token 8d71beefa48cb91fb:
[2026-09-19 12:41:14,343][navsim.planning.script.run_pdm_score][INFO] - Processing stage two reactive scenario 61 / 204 in thread_id=5ba2ec54-b467-4bc0-b676-250641642797, node_id=0
[2026-09-19 12:41:16,378][navsim.planning.script.run_pdm_score][WARNING] - ----------- Agent failed for token dd091b9e715ca6370:
[2026-09-19 12:41:16,379][navsim.planning.script.run_pdm_score][INFO] - Processing stage two reactive scenario 62 / 204 in thread_id=5ba2ec54-b467-4bc0-b676-250641642797, node_id=0
[2026-09-19 12:41:21,156][navsim.planning.script.run_pdm_score][WARNING] - ----------- Agent failed for token 5922fad17f2f5e59f:
[2026-09-19 12:41:21,158][navsim.planning.script.run_pdm_score][INFO] - Processing stage two reactive scenario 63 / 204 in thread_id=5ba2ec54-b467-4bc0-b676-250641642797, node_id=0
[2026-09-19 12:41:22,670][navsim.planning.script.run_pdm_score][WARNING] - ----------- Agent failed for token 5065468cd60f1bc00:
[2026-09-19 12:41:22,671][navsim.planning.script.run_pdm_score][INFO] - Processing stage two reactive scenario 64 / 204 in thread_id=5ba2ec54-b467-4bc0-b676-250641642797, node_id=0
[2026-09-19 12:41:34,530][navsim.planning.script.run_pdm_score][WARNING] - ----------- Agent failed for token c807c2486a7897e81:
[2026-09-19 12:41:34,531][navsim.planning.script.run_pdm_score][INFO] - Processing stage two reactive scenario 65 / 204 in thread_id=5ba2ec54-b467-4bc0-b676-250641642797, node_id=0
[2026-09-19 12:41:36,300][navsim.planning.script.run_pdm_score][WARNING] - ----------- Agent failed for token 07a36d3f2100bc352:
[2026-09-19 12:41:36,300][navsim.planning.script.run_pdm_score][INFO] - Processing stage two reactive scenario 66 / 204 in thread_id=5ba2ec54-b467-4bc0-b676-250641642797, node_id=0
[2026-09-19 12:41:38,100][navsim.planning.script.run_pdm_score][WARNING] - ----------- Agent failed for token 6c0405cd5c40c15ab:
[2026-09-19 12:41:38,101][navsim.planning.script.run_pdm_score][INFO] - Processing stage two reactive scenario 67 / 204 in thread_id=5ba2ec54-b467-4bc0-b676-250641642797, node_id=0
[2026-09-19 12:41:40,486][navsim.planning.script.run_pdm_score][WARNING] - ----------- Agent failed for token 78fdd992fa8acb334:
[2026-09-19 12:41:40,486][navsim.planning.script.run_pdm_score][INFO] - Processing stage two reactive scenario 68 / 204 in thread_id=5ba2ec54-b467-4bc0-b676-250641642797, node_id=0
[2026-09-19 12:41:43,972][navsim.planning.script.run_pdm_score][WARNING] - ----------- Agent failed for token ad027cf65e5484130:
[2026-09-19 12:41:43,973][navsim.planning.script.run_pdm_score][INFO] - Processing stage two reactive scenario 69 / 204 in thread_id=5ba2ec54-b467-4bc0-b676-250641642797, node_id=0
[2026-09-19 12:41:45,206][navsim.planning.script.run_pdm_score][WARNING] - ----------- Agent failed for token 18087593f1147e61f:
[2026-09-19 12:41:45,206][navsim.planning.script.run_pdm_score][INFO] - Processing stage two reactive scenario 70 / 204 in thread_id=5ba2ec54-b467-4bc0-b676-250641642797, node_id=0
[2026-09-19 12:41:47,342][navsim.planning.script.run_pdm_score][WARNING] - ----------- Agent failed for token 43eb9502a0d70fcea:
[2026-09-19 12:41:47,342][navsim.planning.script.run_pdm_score][INFO] - Processing stage two reactive scenario 71 / 204 in thread_id=5ba2ec54-b467-4bc0-b676-250641642797, node_id=0
[2026-09-19 12:41:52,747][navsim.planning.script.run_pdm_score][WARNING] - ----------- Agent failed for token fad1ad3bce41df4d9:
[2026-09-19 12:41:52,748][navsim.planning.script.run_pdm_score][INFO] - Processing stage two reactive scenario 72 / 204 in thread_id=5ba2ec54-b467-4bc0-b676-250641642797, node_id=0
[2026-09-19 12:41:57,616][navsim.planning.script.run_pdm_score][WARNING] - ----------- Agent failed for token ea96a137518d58ac9:
[2026-09-19 12:41:57,616][navsim.planning.script.run_pdm_score][INFO] - Processing stage two reactive scenario 73 / 204 in thread_id=5ba2ec54-b467-4bc0-b676-250641642797, node_id=0
[2026-09-19 12:41:59,567][navsim.planning.script.run_pdm_score][WARNING] - ----------- Agent failed for token 1a6ba40b74f9b51e5:
[2026-09-19 12:41:59,583][navsim.planning.script.run_pdm_score][INFO] - Processing stage two reactive scenario 74 / 204 in thread_id=5ba2ec54-b467-4bc0-b676-250641642797, node_id=0
[2026-09-19 12:42:02,546][navsim.planning.script.run_pdm_score][WARNING] - ----------- Agent failed for token 15755cd0249f8223a:
[2026-09-19 12:42:02,554][navsim.planning.script.run_pdm_score][INFO] - Processing stage two reactive scenario 75 / 204 in thread_id=5ba2ec54-b467-4bc0-b676-250641642797, node_id=0
[2026-09-19 12:42:04,705][navsim.planning.script.run_pdm_score][WARNING] - ----------- Agent failed for token 07d57ac58a266170f:
[2026-09-19 12:42:04,705][navsim.planning.script.run_pdm_score][INFO] - Processing stage two reactive scenario 76 / 204 in thread_id=5ba2ec54-b467-4bc0-b676-250641642797, node_id=0
[2026-09-19 12:42:06,844][navsim.planning.script.run_pdm_score][WARNING] - ----------- Agent failed for token 142f665559387e2c2:
[2026-09-19 12:42:06,845][navsim.planning.script.run_pdm_score][INFO] - Processing stage two reactive scenario 77 / 204 in thread_id=5ba2ec54-b467-4bc0-b676-250641642797, node_id=0
[2026-09-19 12:42:08,646][navsim.planning.script.run_pdm_score][WARNING] - ----------- Agent failed for token 00caf7c273c7d5065:
[2026-09-19 12:42:08,646][navsim.planning.script.run_pdm_score][INFO] - Processing stage two reactive scenario 78 / 204 in thread_id=5ba2ec54-b467-4bc0-b676-250641642797, node_id=0
[2026-09-19 12:42:09,449][navsim.planning.script.run_pdm_score][WARNING] - ----------- Agent failed for token 0225e9a16d781eb96:
[2026-09-19 12:42:09,449][navsim.planning.script.run_pdm_score][INFO] - Processing stage two reactive scenario 79 / 204 in thread_id=5ba2ec54-b467-4bc0-b676-250641642797, node_id=0
[2026-09-19 12:42:12,105][navsim.planning.script.run_pdm_score][WARNING] - ----------- Agent failed for token beee26fb5719cdfcb:
[2026-09-19 12:42:12,106][navsim.planning.script.run_pdm_score][INFO] - Processing stage two reactive scenario 80 / 204 in thread_id=5ba2ec54-b467-4bc0-b676-250641642797, node_id=0
[2026-09-19 12:42:13,562][navsim.planning.script.run_pdm_score][WARNING] - ----------- Agent failed for token ab74a4ee392eb4ffc:
[2026-09-19 12:42:13,562][navsim.planning.script.run_pdm_score][INFO] - Processing stage two reactive scenario 81 / 204 in thread_id=5ba2ec54-b467-4bc0-b676-250641642797, node_id=0
[2026-09-19 12:42:15,282][navsim.planning.script.run_pdm_score][WARNING] - ----------- Agent failed for token 7098c40dee5929017:
[2026-09-19 12:42:15,282][navsim.planning.script.run_pdm_score][INFO] - Processing stage two reactive scenario 82 / 204 in thread_id=5ba2ec54-b467-4bc0-b676-250641642797, node_id=0
[2026-09-19 12:42:18,368][navsim.planning.script.run_pdm_score][WARNING] - ----------- Agent failed for token 27d64cbd86e07452b:
[2026-09-19 12:42:18,368][navsim.planning.script.run_pdm_score][INFO] - Processing stage two reactive scenario 83 / 204 in thread_id=5ba2ec54-b467-4bc0-b676-250641642797, node_id=0
[2026-09-19 12:42:20,394][navsim.planning.script.run_pdm_score][WARNING] - ----------- Agent failed for token eedb6f9d589e745c8:
[2026-09-19 12:42:20,396][navsim.planning.script.run_pdm_score][INFO] - Processing stage two reactive scenario 84 / 204 in thread_id=5ba2ec54-b467-4bc0-b676-250641642797, node_id=0
[2026-09-19 12:42:24,159][navsim.planning.script.run_pdm_score][WARNING] - ----------- Agent failed for token e147b31afd8a5c390:
[2026-09-19 12:42:24,160][navsim.planning.script.run_pdm_score][INFO] - Processing stage two reactive scenario 85 / 204 in thread_id=5ba2ec54-b467-4bc0-b676-250641642797, node_id=0
[2026-09-19 12:42:26,792][navsim.planning.script.run_pdm_score][WARNING] - ----------- Agent failed for token 62631b017ceec5a18:
[2026-09-19 12:42:26,793][navsim.planning.script.run_pdm_score][INFO] - Processing stage two reactive scenario 86 / 204 in thread_id=5ba2ec54-b467-4bc0-b676-250641642797, node_id=0
[2026-09-19 12:42:28,842][navsim.planning.script.run_pdm_score][WARNING] - ----------- Agent failed for token 44a5937b14cec415b:
[2026-09-19 12:42:28,842][navsim.planning.script.run_pdm_score][INFO] - Processing stage two reactive scenario 87 / 204 in thread_id=5ba2ec54-b467-4bc0-b676-250641642797, node_id=0
[2026-09-19 12:42:31,749][navsim.planning.script.run_pdm_score][WARNING] - ----------- Agent failed for token dc92f82e6715ac493:
[2026-09-19 12:42:31,750][navsim.planning.script.run_pdm_score][INFO] - Processing stage two reactive scenario 88 / 204 in thread_id=5ba2ec54-b467-4bc0-b676-250641642797, node_id=0
[2026-09-19 12:42:33,982][navsim.planning.script.run_pdm_score][WARNING] - ----------- Agent failed for token f2b84517dc455c03f:
[2026-09-19 12:42:33,982][navsim.planning.script.run_pdm_score][INFO] - Processing stage two reactive scenario 89 / 204 in thread_id=5ba2ec54-b467-4bc0-b676-250641642797, node_id=0
[2026-09-19 12:42:36,631][navsim.planning.script.run_pdm_score][WARNING] - ----------- Agent failed for token d9bbca7a0907304f1:
[2026-09-19 12:42:36,631][navsim.planning.script.run_pdm_score][INFO] - Processing stage two reactive scenario 90 / 204 in thread_id=5ba2ec54-b467-4bc0-b676-250641642797, node_id=0
[2026-09-19 12:42:38,547][navsim.planning.script.run_pdm_score][WARNING] - ----------- Agent failed for token 956f2e4043c1b8f4d:
[2026-09-19 12:42:38,549][navsim.planning.script.run_pdm_score][INFO] - Processing stage two reactive scenario 91 / 204 in thread_id=5ba2ec54-b467-4bc0-b676-250641642797, node_id=0
[2026-09-19 12:42:43,012][navsim.planning.script.run_pdm_score][WARNING] - ----------- Agent failed for token 2e822d476fd14739c:
[2026-09-19 12:42:43,015][navsim.planning.script.run_pdm_score][INFO] - Processing stage two reactive scenario 92 / 204 in thread_id=5ba2ec54-b467-4bc0-b676-250641642797, node_id=0
[2026-09-19 12:42:45,402][navsim.planning.script.run_pdm_score][WARNING] - ----------- Agent failed for token 34e7a39f33ba4f108:
[2026-09-19 12:42:45,404][navsim.planning.script.run_pdm_score][INFO] - Processing stage two reactive scenario 93 / 204 in thread_id=5ba2ec54-b467-4bc0-b676-250641642797, node_id=0
[2026-09-19 12:42:47,407][navsim.planning.script.run_pdm_score][WARNING] - ----------- Agent failed for token 6808c5efa6976fe37:
[2026-09-19 12:42:47,407][navsim.planning.script.run_pdm_score][INFO] - Processing stage two reactive scenario 94 / 204 in thread_id=5ba2ec54-b467-4bc0-b676-250641642797, node_id=0
[2026-09-19 12:42:48,783][navsim.planning.script.run_pdm_score][WARNING] - ----------- Agent failed for token 5c8283705c1e44a16:
[2026-09-19 12:42:48,784][navsim.planning.script.run_pdm_score][INFO] - Processing stage two reactive scenario 95 / 204 in thread_id=5ba2ec54-b467-4bc0-b676-250641642797, node_id=0
[2026-09-19 12:42:51,495][navsim.planning.script.run_pdm_score][WARNING] - ----------- Agent failed for token 3042cb349e2487756:
[2026-09-19 12:42:51,496][navsim.planning.script.run_pdm_score][INFO] - Processing stage two reactive scenario 96 / 204 in thread_id=5ba2ec54-b467-4bc0-b676-250641642797, node_id=0
[2026-09-19 12:42:56,731][navsim.planning.script.run_pdm_score][WARNING] - ----------- Agent failed for token 51d3d62e78d712283:
[2026-09-19 12:42:56,731][navsim.planning.script.run_pdm_score][INFO] - Processing stage two reactive scenario 97 / 204 in thread_id=5ba2ec54-b467-4bc0-b676-250641642797, node_id=0
[2026-09-19 12:42:59,468][navsim.planning.script.run_pdm_score][WARNING] - ----------- Agent failed for token 32888a8d5ffa4cfa6:
[2026-09-19 12:42:59,468][navsim.planning.script.run_pdm_score][INFO] - Processing stage two reactive scenario 98 / 204 in thread_id=5ba2ec54-b467-4bc0-b676-250641642797, node_id=0
[2026-09-19 12:43:02,751][navsim.planning.script.run_pdm_score][WARNING] - ----------- Agent failed for token a52a1bf87700c06b5:
[2026-09-19 12:43:02,751][navsim.planning.script.run_pdm_score][INFO] - Processing stage two reactive scenario 99 / 204 in thread_id=5ba2ec54-b467-4bc0-b676-250641642797, node_id=0
[2026-09-19 12:43:06,388][navsim.planning.script.run_pdm_score][WARNING] - ----------- Agent failed for token c481b1ded8232fa61:
[2026-09-19 12:43:06,388][navsim.planning.script.run_pdm_score][INFO] - Processing stage two reactive scenario 100 / 204 in thread_id=5ba2ec54-b467-4bc0-b676-250641642797, node_id=0
[2026-09-19 12:43:09,751][navsim.planning.script.run_pdm_score][WARNING] - ----------- Agent failed for token e64bbff1f3e0c30be:
[2026-09-19 12:43:09,751][navsim.planning.script.run_pdm_score][INFO] - Processing stage two reactive scenario 101 / 204 in thread_id=5ba2ec54-b467-4bc0-b676-250641642797, node_id=0
[2026-09-19 12:43:12,899][navsim.planning.script.run_pdm_score][WARNING] - ----------- Agent failed for token 51bb4445380dac75e:
[2026-09-19 12:43:12,901][navsim.planning.script.run_pdm_score][INFO] - Processing stage two reactive scenario 102 / 204 in thread_id=5ba2ec54-b467-4bc0-b676-250641642797, node_id=0
[2026-09-19 12:43:14,796][navsim.planning.script.run_pdm_score][WARNING] - ----------- Agent failed for token 7516958eab299d94d:
[2026-09-19 12:43:14,796][navsim.planning.script.run_pdm_score][INFO] - Processing stage two reactive scenario 103 / 204 in thread_id=5ba2ec54-b467-4bc0-b676-250641642797, node_id=0
[2026-09-19 12:43:16,779][navsim.planning.script.run_pdm_score][WARNING] - ----------- Agent failed for token 8d59e8ecb60e11b5b:
[2026-09-19 12:43:16,781][navsim.planning.script.run_pdm_score][INFO] - Processing stage two reactive scenario 104 / 204 in thread_id=5ba2ec54-b467-4bc0-b676-250641642797, node_id=0
[2026-09-19 12:43:19,649][navsim.planning.script.run_pdm_score][WARNING] - ----------- Agent failed for token 32f2437326c9e81b2:
[2026-09-19 12:43:19,649][navsim.planning.script.run_pdm_score][INFO] - Processing stage two reactive scenario 105 / 204 in thread_id=5ba2ec54-b467-4bc0-b676-250641642797, node_id=0
[2026-09-19 12:43:20,774][navsim.planning.script.run_pdm_score][WARNING] - ----------- Agent failed for token 6cca874fda7a3507a:
[2026-09-19 12:43:20,776][navsim.planning.script.run_pdm_score][INFO] - Processing stage two reactive scenario 106 / 204 in thread_id=5ba2ec54-b467-4bc0-b676-250641642797, node_id=0
[2026-09-19 12:43:22,310][navsim.planning.script.run_pdm_score][WARNING] - ----------- Agent failed for token 4d115c250e5dc02b1:
[2026-09-19 12:43:22,310][navsim.planning.script.run_pdm_score][INFO] - Processing stage two reactive scenario 107 / 204 in thread_id=5ba2ec54-b467-4bc0-b676-250641642797, node_id=0
[2026-09-19 12:43:22,758][navsim.planning.script.run_pdm_score][WARNING] - ----------- Agent failed for token dedf2ffe66804a16a:
[2026-09-19 12:43:22,758][navsim.planning.script.run_pdm_score][INFO] - Processing stage two reactive scenario 108 / 204 in thread_id=5ba2ec54-b467-4bc0-b676-250641642797, node_id=0
[2026-09-19 12:43:24,032][navsim.planning.script.run_pdm_score][WARNING] - ----------- Agent failed for token 3d0fbd6a6fbde5f86:
[2026-09-19 12:43:24,032][navsim.planning.script.run_pdm_score][INFO] - Processing stage two reactive scenario 109 / 204 in thread_id=5ba2ec54-b467-4bc0-b676-250641642797, node_id=0
[2026-09-19 12:43:27,539][navsim.planning.script.run_pdm_score][WARNING] - ----------- Agent failed for token ba9155b84dc322eac:
[2026-09-19 12:43:27,540][navsim.planning.script.run_pdm_score][INFO] - Processing stage two reactive scenario 110 / 204 in thread_id=5ba2ec54-b467-4bc0-b676-250641642797, node_id=0
[2026-09-19 12:43:28,941][navsim.planning.script.run_pdm_score][WARNING] - ----------- Agent failed for token eaa70df977f0ed637:
[2026-09-19 12:43:28,941][navsim.planning.script.run_pdm_score][INFO] - Processing stage two reactive scenario 111 / 204 in thread_id=5ba2ec54-b467-4bc0-b676-250641642797, node_id=0
[2026-09-19 12:43:30,988][navsim.planning.script.run_pdm_score][WARNING] - ----------- Agent failed for token b3c7672d677c644c7:
[2026-09-19 12:43:30,990][navsim.planning.script.run_pdm_score][INFO] - Processing stage two reactive scenario 112 / 204 in thread_id=5ba2ec54-b467-4bc0-b676-250641642797, node_id=0
[2026-09-19 12:43:33,094][navsim.planning.script.run_pdm_score][WARNING] - ----------- Agent failed for token a0dee764f3cd352e8:
[2026-09-19 12:43:33,094][navsim.planning.script.run_pdm_score][INFO] - Processing stage two reactive scenario 113 / 204 in thread_id=5ba2ec54-b467-4bc0-b676-250641642797, node_id=0
[2026-09-19 12:43:34,367][navsim.planning.script.run_pdm_score][WARNING] - ----------- Agent failed for token 10933ac8239bd6fbb:
[2026-09-19 12:43:34,369][navsim.planning.script.run_pdm_score][INFO] - Processing stage two reactive scenario 114 / 204 in thread_id=5ba2ec54-b467-4bc0-b676-250641642797, node_id=0
[2026-09-19 12:43:50,198][navsim.planning.script.run_pdm_score][WARNING] - ----------- Agent failed for token 23b5ec16bb6ad0b92:
[2026-09-19 12:43:50,199][navsim.planning.script.run_pdm_score][INFO] - Processing stage two reactive scenario 115 / 204 in thread_id=5ba2ec54-b467-4bc0-b676-250641642797, node_id=0
[2026-09-19 12:43:53,097][navsim.planning.script.run_pdm_score][WARNING] - ----------- Agent failed for token 4533792bbf9b2478b:
[2026-09-19 12:43:53,097][navsim.planning.script.run_pdm_score][INFO] - Processing stage two reactive scenario 116 / 204 in thread_id=5ba2ec54-b467-4bc0-b676-250641642797, node_id=0
[2026-09-19 12:44:08,533][navsim.planning.script.run_pdm_score][WARNING] - ----------- Agent failed for token c91d6633fc0516a81:
[2026-09-19 12:44:08,534][navsim.planning.script.run_pdm_score][INFO] - Processing stage two reactive scenario 117 / 204 in thread_id=5ba2ec54-b467-4bc0-b676-250641642797, node_id=0
[2026-09-19 12:44:24,656][navsim.planning.script.run_pdm_score][WARNING] - ----------- Agent failed for token 5b733b329372ed8c8:
[2026-09-19 12:44:24,656][navsim.planning.script.run_pdm_score][INFO] - Processing stage two reactive scenario 118 / 204 in thread_id=5ba2ec54-b467-4bc0-b676-250641642797, node_id=0
[2026-09-19 12:44:31,526][navsim.planning.script.run_pdm_score][WARNING] - ----------- Agent failed for token e92394471671ed533:
[2026-09-19 12:44:31,529][navsim.planning.script.run_pdm_score][INFO] - Processing stage two reactive scenario 119 / 204 in thread_id=5ba2ec54-b467-4bc0-b676-250641642797, node_id=0
[2026-09-19 12:44:33,955][navsim.planning.script.run_pdm_score][WARNING] - ----------- Agent failed for token c2e48998f58fcf229:
[2026-09-19 12:44:33,956][navsim.planning.script.run_pdm_score][INFO] - Processing stage two reactive scenario 120 / 204 in thread_id=5ba2ec54-b467-4bc0-b676-250641642797, node_id=0
[2026-09-19 12:44:35,264][navsim.planning.script.run_pdm_score][WARNING] - ----------- Agent failed for token be4d95422b6b6e212:
[2026-09-19 12:44:35,266][navsim.planning.script.run_pdm_score][INFO] - Processing stage two reactive scenario 121 / 204 in thread_id=5ba2ec54-b467-4bc0-b676-250641642797, node_id=0
[2026-09-19 12:44:36,319][navsim.planning.script.run_pdm_score][WARNING] - ----------- Agent failed for token 042bf7d6a0f98a104:
[2026-09-19 12:44:36,319][navsim.planning.script.run_pdm_score][INFO] - Processing stage two reactive scenario 122 / 204 in thread_id=5ba2ec54-b467-4bc0-b676-250641642797, node_id=0
[2026-09-19 12:44:39,726][navsim.planning.script.run_pdm_score][WARNING] - ----------- Agent failed for token 2048a65fec13c23d5:
[2026-09-19 12:44:39,728][navsim.planning.script.run_pdm_score][INFO] - Processing stage two reactive scenario 123 / 204 in thread_id=5ba2ec54-b467-4bc0-b676-250641642797, node_id=0
[2026-09-19 12:44:40,552][navsim.planning.script.run_pdm_score][WARNING] - ----------- Agent failed for token 583a61a4880467bf7:
[2026-09-19 12:44:40,555][navsim.planning.script.run_pdm_score][INFO] - Processing stage two reactive scenario 124 / 204 in thread_id=5ba2ec54-b467-4bc0-b676-250641642797, node_id=0
[2026-09-19 12:44:41,176][navsim.planning.script.run_pdm_score][WARNING] - ----------- Agent failed for token e593c645d1fd3fdb9:
[2026-09-19 12:44:41,176][navsim.planning.script.run_pdm_score][INFO] - Processing stage two reactive scenario 125 / 204 in thread_id=5ba2ec54-b467-4bc0-b676-250641642797, node_id=0
[2026-09-19 12:44:41,800][navsim.planning.script.run_pdm_score][WARNING] - ----------- Agent failed for token e1f0dcd38a9ec2523:
[2026-09-19 12:44:41,800][navsim.planning.script.run_pdm_score][INFO] - Processing stage two reactive scenario 126 / 204 in thread_id=5ba2ec54-b467-4bc0-b676-250641642797, node_id=0
[2026-09-19 12:44:42,864][navsim.planning.script.run_pdm_score][WARNING] - ----------- Agent failed for token 7b5998d0c96e5433a:
[2026-09-19 12:44:42,868][navsim.planning.script.run_pdm_score][INFO] - Processing stage two reactive scenario 127 / 204 in thread_id=5ba2ec54-b467-4bc0-b676-250641642797, node_id=0
[2026-09-19 12:44:43,301][navsim.planning.script.run_pdm_score][WARNING] - ----------- Agent failed for token 6f8794f5f301202d0:
[2026-09-19 12:44:43,301][navsim.planning.script.run_pdm_score][INFO] - Processing stage two reactive scenario 128 / 204 in thread_id=5ba2ec54-b467-4bc0-b676-250641642797, node_id=0
[2026-09-19 12:44:43,901][navsim.planning.script.run_pdm_score][WARNING] - ----------- Agent failed for token d5cbf126369d32fdf:
[2026-09-19 12:44:43,901][navsim.planning.script.run_pdm_score][INFO] - Processing stage two reactive scenario 129 / 204 in thread_id=5ba2ec54-b467-4bc0-b676-250641642797, node_id=0
[2026-09-19 12:44:44,737][navsim.planning.script.run_pdm_score][WARNING] - ----------- Agent failed for token e8a9486b49b69adbf:
[2026-09-19 12:44:44,738][navsim.planning.script.run_pdm_score][INFO] - Processing stage two reactive scenario 130 / 204 in thread_id=5ba2ec54-b467-4bc0-b676-250641642797, node_id=0
[2026-09-19 12:44:45,565][navsim.planning.script.run_pdm_score][WARNING] - ----------- Agent failed for token e9f1d3b368a8f7603:
[2026-09-19 12:44:45,567][navsim.planning.script.run_pdm_score][INFO] - Processing stage two reactive scenario 131 / 204 in thread_id=5ba2ec54-b467-4bc0-b676-250641642797, node_id=0
[2026-09-19 12:44:49,097][navsim.planning.script.run_pdm_score][WARNING] - ----------- Agent failed for token 913e360242a39e667:
[2026-09-19 12:44:49,097][navsim.planning.script.run_pdm_score][INFO] - Processing stage two reactive scenario 132 / 204 in thread_id=5ba2ec54-b467-4bc0-b676-250641642797, node_id=0
[2026-09-19 12:44:50,258][navsim.planning.script.run_pdm_score][WARNING] - ----------- Agent failed for token fd0fe3e97024a208f:
[2026-09-19 12:44:50,260][navsim.planning.script.run_pdm_score][INFO] - Processing stage two reactive scenario 133 / 204 in thread_id=5ba2ec54-b467-4bc0-b676-250641642797, node_id=0
[2026-09-19 12:44:51,056][navsim.planning.script.run_pdm_score][WARNING] - ----------- Agent failed for token 875f6c89666fde397:
[2026-09-19 12:44:51,056][navsim.planning.script.run_pdm_score][INFO] - Processing stage two reactive scenario 134 / 204 in thread_id=5ba2ec54-b467-4bc0-b676-250641642797, node_id=0
[2026-09-19 12:44:52,581][navsim.planning.script.run_pdm_score][WARNING] - ----------- Agent failed for token fc3f449099625878e:
[2026-09-19 12:44:52,581][navsim.planning.script.run_pdm_score][INFO] - Processing stage two reactive scenario 135 / 204 in thread_id=5ba2ec54-b467-4bc0-b676-250641642797, node_id=0
[2026-09-19 12:44:55,844][navsim.planning.script.run_pdm_score][WARNING] - ----------- Agent failed for token 32b8d38d96342e28b:
[2026-09-19 12:44:55,845][navsim.planning.script.run_pdm_score][INFO] - Processing stage two reactive scenario 136 / 204 in thread_id=5ba2ec54-b467-4bc0-b676-250641642797, node_id=0
[2026-09-19 12:44:56,995][navsim.planning.script.run_pdm_score][WARNING] - ----------- Agent failed for token 5f775bac151622950:
[2026-09-19 12:44:57,000][navsim.planning.script.run_pdm_score][INFO] - Processing stage two reactive scenario 137 / 204 in thread_id=5ba2ec54-b467-4bc0-b676-250641642797, node_id=0
[2026-09-19 12:44:57,895][navsim.planning.script.run_pdm_score][WARNING] - ----------- Agent failed for token 90dfc4788a349e60b:
[2026-09-19 12:44:57,895][navsim.planning.script.run_pdm_score][INFO] - Processing stage two reactive scenario 138 / 204 in thread_id=5ba2ec54-b467-4bc0-b676-250641642797, node_id=0
[2026-09-19 12:44:58,773][navsim.planning.script.run_pdm_score][WARNING] - ----------- Agent failed for token cd9aed75f054bccb5:
[2026-09-19 12:44:58,773][navsim.planning.script.run_pdm_score][INFO] - Processing stage two reactive scenario 139 / 204 in thread_id=5ba2ec54-b467-4bc0-b676-250641642797, node_id=0
[2026-09-19 12:44:59,964][navsim.planning.script.run_pdm_score][WARNING] - ----------- Agent failed for token ebe3f434bfee258dc:
[2026-09-19 12:44:59,964][navsim.planning.script.run_pdm_score][INFO] - Processing stage two reactive scenario 140 / 204 in thread_id=5ba2ec54-b467-4bc0-b676-250641642797, node_id=0
[2026-09-19 12:45:02,031][navsim.planning.script.run_pdm_score][WARNING] - ----------- Agent failed for token 9d5c879308ff1f5b5:
[2026-09-19 12:45:02,032][navsim.planning.script.run_pdm_score][INFO] - Processing stage two reactive scenario 141 / 204 in thread_id=5ba2ec54-b467-4bc0-b676-250641642797, node_id=0
[2026-09-19 12:45:02,933][navsim.planning.script.run_pdm_score][WARNING] - ----------- Agent failed for token 4c03648ccf3301fe7:
[2026-09-19 12:45:02,933][navsim.planning.script.run_pdm_score][INFO] - Processing stage two reactive scenario 142 / 204 in thread_id=5ba2ec54-b467-4bc0-b676-250641642797, node_id=0
[2026-09-19 12:45:06,409][navsim.planning.script.run_pdm_score][WARNING] - ----------- Agent failed for token 808e6b707f608e2a9:
[2026-09-19 12:45:06,410][navsim.planning.script.run_pdm_score][INFO] - Processing stage two reactive scenario 143 / 204 in thread_id=5ba2ec54-b467-4bc0-b676-250641642797, node_id=0
[2026-09-19 12:45:08,037][navsim.planning.script.run_pdm_score][WARNING] - ----------- Agent failed for token 82e6ed49ff7af43fe:
[2026-09-19 12:45:08,037][navsim.planning.script.run_pdm_score][INFO] - Processing stage two reactive scenario 144 / 204 in thread_id=5ba2ec54-b467-4bc0-b676-250641642797, node_id=0
[2026-09-19 12:45:09,557][navsim.planning.script.run_pdm_score][WARNING] - ----------- Agent failed for token c64e0d6194293f51e:
[2026-09-19 12:45:09,559][navsim.planning.script.run_pdm_score][INFO] - Processing stage two reactive scenario 145 / 204 in thread_id=5ba2ec54-b467-4bc0-b676-250641642797, node_id=0
[2026-09-19 12:45:10,662][navsim.planning.script.run_pdm_score][WARNING] - ----------- Agent failed for token 801d1b42c0409656b:
[2026-09-19 12:45:10,662][navsim.planning.script.run_pdm_score][INFO] - Processing stage two reactive scenario 146 / 204 in thread_id=5ba2ec54-b467-4bc0-b676-250641642797, node_id=0
[2026-09-19 12:45:14,243][navsim.planning.script.run_pdm_score][WARNING] - ----------- Agent failed for token fa8d78f84cd8b7f8c:
[2026-09-19 12:45:14,243][navsim.planning.script.run_pdm_score][INFO] - Processing stage two reactive scenario 147 / 204 in thread_id=5ba2ec54-b467-4bc0-b676-250641642797, node_id=0
[2026-09-19 12:45:15,429][navsim.planning.script.run_pdm_score][WARNING] - ----------- Agent failed for token 71afcb9b1ac436e14:
[2026-09-19 12:45:15,429][navsim.planning.script.run_pdm_score][INFO] - Processing stage two reactive scenario 148 / 204 in thread_id=5ba2ec54-b467-4bc0-b676-250641642797, node_id=0
[2026-09-19 12:45:15,960][navsim.planning.script.run_pdm_score][WARNING] - ----------- Agent failed for token 754d33f5c0419048c:
[2026-09-19 12:45:15,961][navsim.planning.script.run_pdm_score][INFO] - Processing stage two reactive scenario 149 / 204 in thread_id=5ba2ec54-b467-4bc0-b676-250641642797, node_id=0
[2026-09-19 12:45:17,829][navsim.planning.script.run_pdm_score][WARNING] - ----------- Agent failed for token bc6888f8da8ee3d48:
[2026-09-19 12:45:17,831][navsim.planning.script.run_pdm_score][INFO] - Processing stage two reactive scenario 150 / 204 in thread_id=5ba2ec54-b467-4bc0-b676-250641642797, node_id=0
[2026-09-19 12:45:18,641][navsim.planning.script.run_pdm_score][WARNING] - ----------- Agent failed for token ac7a491ea6609fc90:
[2026-09-19 12:45:18,642][navsim.planning.script.run_pdm_score][INFO] - Processing stage two reactive scenario 151 / 204 in thread_id=5ba2ec54-b467-4bc0-b676-250641642797, node_id=0
[2026-09-19 12:45:19,633][navsim.planning.script.run_pdm_score][WARNING] - ----------- Agent failed for token f9533c6195790b299:
[2026-09-19 12:45:19,634][navsim.planning.script.run_pdm_score][INFO] - Processing stage two reactive scenario 152 / 204 in thread_id=5ba2ec54-b467-4bc0-b676-250641642797, node_id=0
[2026-09-19 12:45:20,164][navsim.planning.script.run_pdm_score][WARNING] - ----------- Agent failed for token 543679cd5973594a2:
[2026-09-19 12:45:20,164][navsim.planning.script.run_pdm_score][INFO] - Processing stage two reactive scenario 153 / 204 in thread_id=5ba2ec54-b467-4bc0-b676-250641642797, node_id=0
[2026-09-19 12:45:23,054][navsim.planning.script.run_pdm_score][WARNING] - ----------- Agent failed for token 960a0cd8fd6e4be22:
[2026-09-19 12:45:23,055][navsim.planning.script.run_pdm_score][INFO] - Processing stage two reactive scenario 154 / 204 in thread_id=5ba2ec54-b467-4bc0-b676-250641642797, node_id=0
[2026-09-19 12:45:24,234][navsim.planning.script.run_pdm_score][WARNING] - ----------- Agent failed for token c47263e93d93b6838:
[2026-09-19 12:45:24,234][navsim.planning.script.run_pdm_score][INFO] - Processing stage two reactive scenario 155 / 204 in thread_id=5ba2ec54-b467-4bc0-b676-250641642797, node_id=0
[2026-09-19 12:45:25,235][navsim.planning.script.run_pdm_score][WARNING] - ----------- Agent failed for token e6aaf829acef158f6:
[2026-09-19 12:45:25,235][navsim.planning.script.run_pdm_score][INFO] - Processing stage two reactive scenario 156 / 204 in thread_id=5ba2ec54-b467-4bc0-b676-250641642797, node_id=0
[2026-09-19 12:45:26,702][navsim.planning.script.run_pdm_score][WARNING] - ----------- Agent failed for token ad537f45665843f16:
[2026-09-19 12:45:26,703][navsim.planning.script.run_pdm_score][INFO] - Processing stage two reactive scenario 157 / 204 in thread_id=5ba2ec54-b467-4bc0-b676-250641642797, node_id=0
[2026-09-19 12:45:27,887][navsim.planning.script.run_pdm_score][WARNING] - ----------- Agent failed for token 9e0949ca46f2a4a49:
[2026-09-19 12:45:27,903][navsim.planning.script.run_pdm_score][INFO] - Processing stage two reactive scenario 158 / 204 in thread_id=5ba2ec54-b467-4bc0-b676-250641642797, node_id=0
[2026-09-19 12:45:30,669][navsim.planning.script.run_pdm_score][WARNING] - ----------- Agent failed for token 2251eed913b2fbe46:
[2026-09-19 12:45:30,670][navsim.planning.script.run_pdm_score][INFO] - Processing stage two reactive scenario 159 / 204 in thread_id=5ba2ec54-b467-4bc0-b676-250641642797, node_id=0
[2026-09-19 12:45:32,223][navsim.planning.script.run_pdm_score][WARNING] - ----------- Agent failed for token 7c6eb3ebf2ec0a507:
[2026-09-19 12:45:32,224][navsim.planning.script.run_pdm_score][INFO] - Processing stage two reactive scenario 160 / 204 in thread_id=5ba2ec54-b467-4bc0-b676-250641642797, node_id=0
[2026-09-19 12:45:33,208][navsim.planning.script.run_pdm_score][WARNING] - ----------- Agent failed for token 645751bf568658675:
[2026-09-19 12:45:33,208][navsim.planning.script.run_pdm_score][INFO] - Processing stage two reactive scenario 161 / 204 in thread_id=5ba2ec54-b467-4bc0-b676-250641642797, node_id=0
[2026-09-19 12:45:33,621][navsim.planning.script.run_pdm_score][WARNING] - ----------- Agent failed for token 4a421aa61a3bbad1d:
[2026-09-19 12:45:33,622][navsim.planning.script.run_pdm_score][INFO] - Processing stage two reactive scenario 162 / 204 in thread_id=5ba2ec54-b467-4bc0-b676-250641642797, node_id=0
[2026-09-19 12:45:34,044][navsim.planning.script.run_pdm_score][WARNING] - ----------- Agent failed for token c8a0832c8f737ce92:
[2026-09-19 12:45:34,046][navsim.planning.script.run_pdm_score][INFO] - Processing stage two reactive scenario 163 / 204 in thread_id=5ba2ec54-b467-4bc0-b676-250641642797, node_id=0
[2026-09-19 12:45:35,810][navsim.planning.script.run_pdm_score][WARNING] - ----------- Agent failed for token 765fab253a51a77e4:
[2026-09-19 12:45:35,810][navsim.planning.script.run_pdm_score][INFO] - Processing stage two reactive scenario 164 / 204 in thread_id=5ba2ec54-b467-4bc0-b676-250641642797, node_id=0
[2026-09-19 12:45:36,701][navsim.planning.script.run_pdm_score][WARNING] - ----------- Agent failed for token 774a05df3c1512cac:
[2026-09-19 12:45:36,703][navsim.planning.script.run_pdm_score][INFO] - Processing stage two reactive scenario 165 / 204 in thread_id=5ba2ec54-b467-4bc0-b676-250641642797, node_id=0
[2026-09-19 12:45:38,312][navsim.planning.script.run_pdm_score][WARNING] - ----------- Agent failed for token aaaeb97c15db0e2f6:
[2026-09-19 12:45:38,314][navsim.planning.script.run_pdm_score][INFO] - Processing stage two reactive scenario 166 / 204 in thread_id=5ba2ec54-b467-4bc0-b676-250641642797, node_id=0
[2026-09-19 12:45:41,973][navsim.planning.script.run_pdm_score][WARNING] - ----------- Agent failed for token 5fcf415bcf1a37722:
[2026-09-19 12:45:41,973][navsim.planning.script.run_pdm_score][INFO] - Processing stage two reactive scenario 167 / 204 in thread_id=5ba2ec54-b467-4bc0-b676-250641642797, node_id=0
[2026-09-19 12:45:42,780][navsim.planning.script.run_pdm_score][WARNING] - ----------- Agent failed for token fedfbdfcf20092620:
[2026-09-19 12:45:42,781][navsim.planning.script.run_pdm_score][INFO] - Processing stage two reactive scenario 168 / 204 in thread_id=5ba2ec54-b467-4bc0-b676-250641642797, node_id=0
[2026-09-19 12:45:43,591][navsim.planning.script.run_pdm_score][WARNING] - ----------- Agent failed for token e774d1b87b07638c4:
[2026-09-19 12:45:43,592][navsim.planning.script.run_pdm_score][INFO] - Processing stage two reactive scenario 169 / 204 in thread_id=5ba2ec54-b467-4bc0-b676-250641642797, node_id=0
[2026-09-19 12:45:44,259][navsim.planning.script.run_pdm_score][WARNING] - ----------- Agent failed for token 78e346fdbeb014770:
[2026-09-19 12:45:44,260][navsim.planning.script.run_pdm_score][INFO] - Processing stage two reactive scenario 170 / 204 in thread_id=5ba2ec54-b467-4bc0-b676-250641642797, node_id=0
[2026-09-19 12:45:44,784][navsim.planning.script.run_pdm_score][WARNING] - ----------- Agent failed for token 80fbecd9f16630510:
[2026-09-19 12:45:44,793][navsim.planning.script.run_pdm_score][INFO] - Processing stage two reactive scenario 171 / 204 in thread_id=5ba2ec54-b467-4bc0-b676-250641642797, node_id=0
[2026-09-19 12:45:46,752][navsim.planning.script.run_pdm_score][WARNING] - ----------- Agent failed for token 9600f9f6992618229:
[2026-09-19 12:45:46,752][navsim.planning.script.run_pdm_score][INFO] - Processing stage two reactive scenario 172 / 204 in thread_id=5ba2ec54-b467-4bc0-b676-250641642797, node_id=0
[2026-09-19 12:45:47,156][navsim.planning.script.run_pdm_score][WARNING] - ----------- Agent failed for token bc9a77699f862350d:
[2026-09-19 12:45:47,156][navsim.planning.script.run_pdm_score][INFO] - Processing stage two reactive scenario 173 / 204 in thread_id=5ba2ec54-b467-4bc0-b676-250641642797, node_id=0
[2026-09-19 12:45:49,735][navsim.planning.script.run_pdm_score][WARNING] - ----------- Agent failed for token 8c7844d1d621c907b:
[2026-09-19 12:45:49,737][navsim.planning.script.run_pdm_score][INFO] - Processing stage two reactive scenario 174 / 204 in thread_id=5ba2ec54-b467-4bc0-b676-250641642797, node_id=0
[2026-09-19 12:45:50,805][navsim.planning.script.run_pdm_score][WARNING] - ----------- Agent failed for token 0cd9ea86052a0b8e1:
[2026-09-19 12:45:50,805][navsim.planning.script.run_pdm_score][INFO] - Processing stage two reactive scenario 175 / 204 in thread_id=5ba2ec54-b467-4bc0-b676-250641642797, node_id=0
[2026-09-19 12:45:51,723][navsim.planning.script.run_pdm_score][WARNING] - ----------- Agent failed for token 5ae5fc96ae87f7041:
[2026-09-19 12:45:51,723][navsim.planning.script.run_pdm_score][INFO] - Processing stage two reactive scenario 176 / 204 in thread_id=5ba2ec54-b467-4bc0-b676-250641642797, node_id=0
[2026-09-19 12:45:52,557][navsim.planning.script.run_pdm_score][WARNING] - ----------- Agent failed for token 45d88e7f92a4a9e74:
[2026-09-19 12:45:52,557][navsim.planning.script.run_pdm_score][INFO] - Processing stage two reactive scenario 177 / 204 in thread_id=5ba2ec54-b467-4bc0-b676-250641642797, node_id=0
[2026-09-19 12:45:54,333][navsim.planning.script.run_pdm_score][WARNING] - ----------- Agent failed for token ffe0db4c4b5ed141a:
[2026-09-19 12:45:54,340][navsim.planning.script.run_pdm_score][INFO] - Processing stage two reactive scenario 178 / 204 in thread_id=5ba2ec54-b467-4bc0-b676-250641642797, node_id=0
[2026-09-19 12:45:55,727][navsim.planning.script.run_pdm_score][WARNING] - ----------- Agent failed for token 190768b2e92e01b36:
[2026-09-19 12:45:55,727][navsim.planning.script.run_pdm_score][INFO] - Processing stage two reactive scenario 179 / 204 in thread_id=5ba2ec54-b467-4bc0-b676-250641642797, node_id=0
[2026-09-19 12:45:56,546][navsim.planning.script.run_pdm_score][WARNING] - ----------- Agent failed for token 5fb2ee221c72e08b2:
[2026-09-19 12:45:56,546][navsim.planning.script.run_pdm_score][INFO] - Processing stage two reactive scenario 180 / 204 in thread_id=5ba2ec54-b467-4bc0-b676-250641642797, node_id=0
[2026-09-19 12:45:57,539][navsim.planning.script.run_pdm_score][WARNING] - ----------- Agent failed for token 232ee9d7342aed6a0:
[2026-09-19 12:45:57,543][navsim.planning.script.run_pdm_score][INFO] - Processing stage two reactive scenario 181 / 204 in thread_id=5ba2ec54-b467-4bc0-b676-250641642797, node_id=0
[2026-09-19 12:45:57,950][navsim.planning.script.run_pdm_score][WARNING] - ----------- Agent failed for token 474779897c967667c:
[2026-09-19 12:45:57,952][navsim.planning.script.run_pdm_score][INFO] - Processing stage two reactive scenario 182 / 204 in thread_id=5ba2ec54-b467-4bc0-b676-250641642797, node_id=0
[2026-09-19 12:45:58,517][navsim.planning.script.run_pdm_score][WARNING] - ----------- Agent failed for token 02644631a56fa1750:
[2026-09-19 12:45:58,517][navsim.planning.script.run_pdm_score][INFO] - Processing stage two reactive scenario 183 / 204 in thread_id=5ba2ec54-b467-4bc0-b676-250641642797, node_id=0
[2026-09-19 12:45:59,312][navsim.planning.script.run_pdm_score][WARNING] - ----------- Agent failed for token 5f69ad192f42e1e35:
[2026-09-19 12:45:59,323][navsim.planning.script.run_pdm_score][INFO] - Processing stage two reactive scenario 184 / 204 in thread_id=5ba2ec54-b467-4bc0-b676-250641642797, node_id=0
[2026-09-19 12:46:00,137][navsim.planning.script.run_pdm_score][WARNING] - ----------- Agent failed for token 863415a0e3cc1897d:
[2026-09-19 12:46:00,137][navsim.planning.script.run_pdm_score][INFO] - Processing stage two reactive scenario 185 / 204 in thread_id=5ba2ec54-b467-4bc0-b676-250641642797, node_id=0
[2026-09-19 12:46:00,938][navsim.planning.script.run_pdm_score][WARNING] - ----------- Agent failed for token cc716ed59dd6f0250:
[2026-09-19 12:46:00,938][navsim.planning.script.run_pdm_score][INFO] - Processing stage two reactive scenario 186 / 204 in thread_id=5ba2ec54-b467-4bc0-b676-250641642797, node_id=0
[2026-09-19 12:46:03,316][navsim.planning.script.run_pdm_score][WARNING] - ----------- Agent failed for token cea842f2d5b0ad72d:
[2026-09-19 12:46:03,323][navsim.planning.script.run_pdm_score][INFO] - Processing stage two reactive scenario 187 / 204 in thread_id=5ba2ec54-b467-4bc0-b676-250641642797, node_id=0
[2026-09-19 12:46:04,333][navsim.planning.script.run_pdm_score][WARNING] - ----------- Agent failed for token b77f2183b554e6641:
[2026-09-19 12:46:04,339][navsim.planning.script.run_pdm_score][INFO] - Processing stage two reactive scenario 188 / 204 in thread_id=5ba2ec54-b467-4bc0-b676-250641642797, node_id=0
[2026-09-19 12:46:05,751][navsim.planning.script.run_pdm_score][WARNING] - ----------- Agent failed for token b795e9c4c8fde41bb:
[2026-09-19 12:46:05,751][navsim.planning.script.run_pdm_score][INFO] - Processing stage two reactive scenario 189 / 204 in thread_id=5ba2ec54-b467-4bc0-b676-250641642797, node_id=0
[2026-09-19 12:46:08,826][navsim.planning.script.run_pdm_score][WARNING] - ----------- Agent failed for token 32a33652619708c65:
[2026-09-19 12:46:08,837][navsim.planning.script.run_pdm_score][INFO] - Processing stage two reactive scenario 190 / 204 in thread_id=5ba2ec54-b467-4bc0-b676-250641642797, node_id=0
[2026-09-19 12:46:12,640][navsim.planning.script.run_pdm_score][WARNING] - ----------- Agent failed for token de1d1d3fbf4860a8c:
[2026-09-19 12:46:12,640][navsim.planning.script.run_pdm_score][INFO] - Processing stage two reactive scenario 191 / 204 in thread_id=5ba2ec54-b467-4bc0-b676-250641642797, node_id=0
[2026-09-19 12:46:18,232][navsim.planning.script.run_pdm_score][WARNING] - ----------- Agent failed for token af1a4d903d6c645ce:
[2026-09-19 12:46:18,243][navsim.planning.script.run_pdm_score][INFO] - Processing stage two reactive scenario 192 / 204 in thread_id=5ba2ec54-b467-4bc0-b676-250641642797, node_id=0
[2026-09-19 12:46:21,949][navsim.planning.script.run_pdm_score][WARNING] - ----------- Agent failed for token 362376a65fe8ca576:
[2026-09-19 12:46:21,950][navsim.planning.script.run_pdm_score][INFO] - Processing stage two reactive scenario 193 / 204 in thread_id=5ba2ec54-b467-4bc0-b676-250641642797, node_id=0
[2026-09-19 12:46:22,814][navsim.planning.script.run_pdm_score][WARNING] - ----------- Agent failed for token 01898e4c2520a9400:
[2026-09-19 12:46:22,815][navsim.planning.script.run_pdm_score][INFO] - Processing stage two reactive scenario 194 / 204 in thread_id=5ba2ec54-b467-4bc0-b676-250641642797, node_id=0
[2026-09-19 12:46:25,173][navsim.planning.script.run_pdm_score][WARNING] - ----------- Agent failed for token 95bfecce656f72d69:
[2026-09-19 12:46:25,173][navsim.planning.script.run_pdm_score][INFO] - Processing stage two reactive scenario 195 / 204 in thread_id=5ba2ec54-b467-4bc0-b676-250641642797, node_id=0
[2026-09-19 12:46:29,681][navsim.planning.script.run_pdm_score][WARNING] - ----------- Agent failed for token f67fdc6f83d2e8656:
[2026-09-19 12:46:29,682][navsim.planning.script.run_pdm_score][INFO] - Processing stage two reactive scenario 196 / 204 in thread_id=5ba2ec54-b467-4bc0-b676-250641642797, node_id=0
[2026-09-19 12:46:32,140][navsim.planning.script.run_pdm_score][WARNING] - ----------- Agent failed for token 5688641dd10efb02d:
[2026-09-19 12:46:32,140][navsim.planning.script.run_pdm_score][INFO] - Processing stage two reactive scenario 197 / 204 in thread_id=5ba2ec54-b467-4bc0-b676-250641642797, node_id=0
[2026-09-19 12:46:39,728][navsim.planning.script.run_pdm_score][WARNING] - ----------- Agent failed for token 6d8d91ad290f124b2:
[2026-09-19 12:46:39,728][navsim.planning.script.run_pdm_score][INFO] - Processing stage two reactive scenario 198 / 204 in thread_id=5ba2ec54-b467-4bc0-b676-250641642797, node_id=0
[2026-09-19 12:46:42,341][navsim.planning.script.run_pdm_score][WARNING] - ----------- Agent failed for token 321422cad3f85a6a3:
[2026-09-19 12:46:42,341][navsim.planning.script.run_pdm_score][INFO] - Processing stage two reactive scenario 199 / 204 in thread_id=5ba2ec54-b467-4bc0-b676-250641642797, node_id=0
[2026-09-19 12:46:44,600][navsim.planning.script.run_pdm_score][WARNING] - ----------- Agent failed for token 241e6bedc6fcf2de4:
[2026-09-19 12:46:44,600][navsim.planning.script.run_pdm_score][INFO] - Processing stage two reactive scenario 200 / 204 in thread_id=5ba2ec54-b467-4bc0-b676-250641642797, node_id=0
[2026-09-19 12:46:47,257][navsim.planning.script.run_pdm_score][WARNING] - ----------- Agent failed for token 49d2336208d2cac37:
[2026-09-19 12:46:47,258][navsim.planning.script.run_pdm_score][INFO] - Processing stage two reactive scenario 201 / 204 in thread_id=5ba2ec54-b467-4bc0-b676-250641642797, node_id=0
[2026-09-19 12:46:53,290][navsim.planning.script.run_pdm_score][WARNING] - ----------- Agent failed for token 2df81c34dac0b3f5c:
[2026-09-19 12:46:53,290][navsim.planning.script.run_pdm_score][INFO] - Processing stage two reactive scenario 202 / 204 in thread_id=5ba2ec54-b467-4bc0-b676-250641642797, node_id=0
[2026-09-19 12:46:56,975][navsim.planning.script.run_pdm_score][WARNING] - ----------- Agent failed for token 1effe02b2af9680a9:
[2026-09-19 12:46:56,975][navsim.planning.script.run_pdm_score][INFO] - Processing stage two reactive scenario 203 / 204 in thread_id=5ba2ec54-b467-4bc0-b676-250641642797, node_id=0
[2026-09-19 12:46:59,928][navsim.planning.script.run_pdm_score][WARNING] - ----------- Agent failed for token bc686838d510dad87:
[2026-09-19 12:46:59,928][navsim.planning.script.run_pdm_score][INFO] - Processing stage two reactive scenario 204 / 204 in thread_id=5ba2ec54-b467-4bc0-b676-250641642797, node_id=0
[2026-09-19 12:47:02,063][navsim.planning.script.run_pdm_score][WARNING] - ----------- Agent failed for token b545597d491f4a96e:
[2026-09-19 12:47:02,194][navsim.planning.script.run_pdm_score][WARNING] - ----------- Failed to calculate pseudo closed-loop weights or comfort:
