05:50:59 combo test_refcv7_admitted_freeze.py rc=0 10s 12 passed, 14 warnings in 8.12s
05:51:05 combo test_v2_cache_pickle_state.py rc=0 6s 5 passed in 5.18s
05:51:10 combo test_refcv6_loader_stamped_queries.py rc=0 5s 4 passed in 3.76s
05:51:14 combo test_grad_unreachable_declared.py rc=0 4s 12 passed in 3.16s
05:51:20 combo test_declared_vs_built.py rc=0 6s 40 passed in 4.67s
05:51:23 combo test_declared_freeze_preflight.py rc=0 3s 12 passed in 2.10s
05:51:26 combo test_grad_budget_honesty.py rc=0 3s 17 passed in 1.99s
05:51:31 combo test_route_loss_respects_strategic_bypass.py rc=0 5s 4 passed in 3.76s
05:52:02 combo test_refcv6_trunk.py rc=0 32s 40 passed in 30.04s
05:52:12 combo test_encoder_lr_multiplier_survives_the_schedule.py rc=0 9s 4 passed in 7.62s
05:52:15 combo test_bands_and_turns.py rc=0 3s 11 passed in 1.75s
05:52:16 combo test_v7_vocab_reach_census.py rc=0 1s 11 passed in 0.60s
05:52:30 combo test_refcv7_eval_loader.py rc=0 14s 9 passed in 12.45s
05:54:55 combo test_g_box_overfit.py rc=0 145s 23 passed in 143.42s (0:02:23)
05:55:02 combo test_g_box_overfit_near_lift.py rc=0 7s 2 passed in 5.00s
05:55:29 combo test_launch_gate.py rc=0 27s 150 passed, 2 skipped in 26.21s
05:55:44 combo test_map_head_hires.py rc=0 15s 80 passed, 1 warning in 14.09s
05:56:07 combo test_map_hires_wiring.py rc=0 23s 58 passed in 21.14s
05:56:11 combo test_refcv7_box_head.py rc=0 4s 33 passed, 1 warning in 3.19s
05:56:16 combo test_refcv7_box_head_wiring.py rc=0 5s 29 passed in 3.57s
05:56:19 combo test_refcv7_training.py rc=0 3s 21 passed in 1.63s
05:56:29 combo test_refcv7_model.py rc=0 10s 11 passed in 7.21s
05:56:32 combo test_refcv7_vis1.py rc=0 3s 22 passed, 2 skipped in 2.58s
05:56:39 combo test_refc_v3_save_before_eval.py rc=0 7s 4 passed in 4.73s
05:56:43 combo test_refcv6_grad_conflict.py rc=0 4s 30 passed, 4 skipped in 3.47s
05:56:49 combo test_conflict_readings_are_logged.py rc=0 6s 1 passed in 3.89s
05:56:55 combo test_grad_reach_logged.py rc=0 6s 6 passed in 4.79s
05:57:00 combo test_grad_reach_census.py rc=0 5s 5 passed in 3.49s
05:57:06 combo test_trainer_imports_without_refcv7.py rc=0 6s 2 passed, 1 skipped in 4.62s
05:57:10 combo test_v2_dataset.py rc=0 4s 8 passed in 3.14s
05:57:14 combo test_newest_frame_only.py rc=0 4s 2 passed in 2.85s
05:57:17 combo test_tactical_goal_underpowered_matches_census.py rc=1 3s 10 failed, 1 passed in 1.67s
05:57:17 base test_refcv7_admitted_freeze.py ABSENT
05:57:17 base test_v2_cache_pickle_state.py ABSENT
05:57:17 base test_refcv6_loader_stamped_queries.py ABSENT
05:57:22 base test_grad_unreachable_declared.py rc=0 5s 12 passed in 3.83s
05:57:30 base test_declared_vs_built.py rc=0 8s 40 passed in 6.00s
05:57:34 base test_declared_freeze_preflight.py rc=0 4s 12 passed in 2.51s
05:57:37 base test_grad_budget_honesty.py rc=0 4s 17 passed in 2.17s
05:57:44 base test_route_loss_respects_strategic_bypass.py rc=0 7s 4 passed in 5.45s
05:58:18 base test_refcv6_trunk.py rc=0 33s 40 passed in 32.26s
05:58:25 base test_encoder_lr_multiplier_survives_the_schedule.py rc=0 7s 4 passed in 5.81s
05:58:28 base test_bands_and_turns.py rc=0 3s 11 passed in 1.60s
05:58:29 base test_v7_vocab_reach_census.py rc=0 1s 11 passed in 0.53s
05:58:42 base test_refcv7_eval_loader.py rc=0 13s 9 passed in 11.17s
06:01:00 base test_g_box_overfit.py rc=0 138s 23 passed in 136.68s (0:02:16)
06:01:06 base test_g_box_overfit_near_lift.py rc=0 6s 2 passed in 5.04s
06:01:33 base test_launch_gate.py rc=0 27s 150 passed, 2 skipped in 25.28s
06:01:48 base test_map_head_hires.py rc=0 15s 80 passed, 1 warning in 14.52s
06:02:10 base test_map_hires_wiring.py rc=0 22s 58 passed in 19.94s
06:02:14 base test_refcv7_box_head.py rc=0 4s 33 passed, 1 warning in 3.11s
06:02:19 base test_refcv7_box_head_wiring.py rc=0 5s 29 passed in 3.97s
06:02:22 base test_refcv7_training.py rc=0 3s 21 passed in 1.70s
06:02:30 base test_refcv7_model.py rc=0 8s 11 passed in 7.11s
06:02:33 base test_refcv7_vis1.py rc=0 3s 22 passed, 2 skipped in 2.16s
06:02:38 base test_refc_v3_save_before_eval.py rc=0 5s 4 passed in 3.21s
06:02:41 base test_refcv6_grad_conflict.py rc=0 3s 30 passed, 4 skipped in 2.71s
06:02:45 base test_conflict_readings_are_logged.py rc=0 4s 1 passed in 2.89s
06:02:50 base test_grad_reach_logged.py rc=0 5s 6 passed in 3.64s
06:02:53 base test_grad_reach_census.py rc=0 3s 5 passed in 2.52s
06:02:57 base test_trainer_imports_without_refcv7.py rc=0 4s 2 passed, 1 skipped in 3.20s
06:03:01 base test_v2_dataset.py rc=0 4s 8 passed in 2.62s
06:03:04 base test_newest_frame_only.py rc=0 3s 2 passed in 2.35s
06:03:06 base test_tactical_goal_underpowered_matches_census.py rc=1 2s 10 failed, 1 passed in 1.51s
06:03:06 SUITES DONE
