[route_lane_rank_patch] ACTIVE rank=1 -- route_0 semantics are NOT in effect
  route patch ACTIVE, rank driven per frame by set_rank()
  log order: SHUFFLED (seed 20260924)
  8 rank-0 rows over 2 logs; searching 2 logs, tau=0.3 m
  simulation rate: 10 Hz (REFE_SIM_HZ), matching the rank-0 bank
  map-feature cache: ON (exact; REFE_MAP_CACHE=0 disables)
  query cache: ON (exact; REFE_QUERY_CACHE=0 disables)
  teacher visualisation debug: SKIPPED (REFE_SKIP_DEBUG=0 restores)
C:\Users\Admin\dz\DriveZero\DriveRL\nuplan-devkit\nuplan\common\maps\nuplan_map\utils.py:413: RuntimeWarning: invalid value encountered in cast
  return elements.iloc[np.where(elements[column_label].to_numpy().astype(int) == int(desired_value))]
C:\Users\Admin\dz\DriveZero\DriveRL\nuplan-devkit\nuplan\common\maps\nuplan_map\utils.py:413: RuntimeWarning: invalid value encountered in cast
  return elements.iloc[np.where(elements[column_label].to_numpy().astype(int) == int(desired_value))]
C:\Users\Admin\dz\DriveZero\DriveRL\nuplan-devkit\nuplan\common\maps\nuplan_map\utils.py:413: RuntimeWarning: invalid value encountered in cast
  return elements.iloc[np.where(elements[column_label].to_numpy().astype(int) == int(desired_value))]
C:\Users\Admin\dz\DriveZero\DriveRL\nuplan-devkit\nuplan\common\maps\nuplan_map\utils.py:413: RuntimeWarning: invalid value encountered in cast
  return elements.iloc[np.where(elements[column_label].to_numpy().astype(int) == int(desired_value))]
C:\Users\Admin\dz\DriveZero\DriveRL\nuplan-devkit\nuplan\common\maps\nuplan_map\utils.py:413: RuntimeWarning: invalid value encountered in cast
  return elements.iloc[np.where(elements[column_label].to_numpy().astype(int) == int(desired_value))]
C:\Users\Admin\dz\DriveZero\DriveRL\nuplan-devkit\nuplan\common\maps\nuplan_map\utils.py:413: RuntimeWarning: invalid value encountered in cast
  return elements.iloc[np.where(elements[column_label].to_numpy().astype(int) == int(desired_value))]
    2021.09.14.20.42.30_veh-45_0 frames    4  augmented    1     66.1s
C:\Users\Admin\dz\DriveZero\DriveRL\nuplan-devkit\nuplan\common\maps\nuplan_map\utils.py:413: RuntimeWarning: invalid value encountered in cast
  return elements.iloc[np.where(elements[column_label].to_numpy().astype(int) == int(desired_value))]
C:\Users\Admin\dz\DriveZero\DriveRL\nuplan-devkit\nuplan\common\maps\nuplan_map\utils.py:413: RuntimeWarning: invalid value encountered in cast
  return elements.iloc[np.where(elements[column_label].to_numpy().astype(int) == int(desired_value))]
C:\Users\Admin\dz\DriveZero\DriveRL\nuplan-devkit\nuplan\common\maps\nuplan_map\utils.py:413: RuntimeWarning: invalid value encountered in cast
  return elements.iloc[np.where(elements[column_label].to_numpy().astype(int) == int(desired_value))]
C:\Users\Admin\dz\DriveZero\DriveRL\nuplan-devkit\nuplan\common\maps\nuplan_map\utils.py:413: RuntimeWarning: invalid value encountered in cast
  return elements.iloc[np.where(elements[column_label].to_numpy().astype(int) == int(desired_value))]
C:\Users\Admin\dz\DriveZero\DriveRL\nuplan-devkit\nuplan\common\maps\nuplan_map\utils.py:413: RuntimeWarning: invalid value encountered in cast
  return elements.iloc[np.where(elements[column_label].to_numpy().astype(int) == int(desired_value))]
C:\Users\Admin\dz\DriveZero\DriveRL\nuplan-devkit\nuplan\common\maps\nuplan_map\utils.py:413: RuntimeWarning: invalid value encountered in cast
  return elements.iloc[np.where(elements[column_label].to_numpy().astype(int) == int(desired_value))]
C:\Users\Admin\dz\DriveZero\DriveRL\nuplan-devkit\nuplan\common\maps\nuplan_map\utils.py:413: RuntimeWarning: invalid value encountered in cast
  return elements.iloc[np.where(elements[column_label].to_numpy().astype(int) == int(desired_value))]
C:\Users\Admin\dz\DriveZero\DriveRL\nuplan-devkit\nuplan\common\maps\nuplan_map\utils.py:413: RuntimeWarning: invalid value encountered in cast
  return elements.iloc[np.where(elements[column_label].to_numpy().astype(int) == int(desired_value))]
C:\Users\Admin\dz\DriveZero\DriveRL\nuplan-devkit\nuplan\common\maps\nuplan_map\utils.py:413: RuntimeWarning: invalid value encountered in cast
  return elements.iloc[np.where(elements[column_label].to_numpy().astype(int) == int(desired_value))]
C:\Users\Admin\dz\DriveZero\DriveRL\nuplan-devkit\nuplan\common\maps\nuplan_map\utils.py:413: RuntimeWarning: invalid value encountered in cast
  return elements.iloc[np.where(elements[column_label].to_numpy().astype(int) == int(desired_value))]
C:\Users\Admin\dz\DriveZero\DriveRL\nuplan-devkit\nuplan\common\maps\nuplan_map\utils.py:413: RuntimeWarning: invalid value encountered in cast
  return elements.iloc[np.where(elements[column_label].to_numpy().astype(int) == int(desired_value))]
C:\Users\Admin\dz\DriveZero\DriveRL\nuplan-devkit\nuplan\common\maps\nuplan_map\utils.py:413: RuntimeWarning: invalid value encountered in cast
  return elements.iloc[np.where(elements[column_label].to_numpy().astype(int) == int(desired_value))]
C:\Users\Admin\dz\DriveZero\DriveRL\nuplan-devkit\nuplan\common\maps\nuplan_map\utils.py:413: RuntimeWarning: invalid value encountered in cast
  return elements.iloc[np.where(elements[column_label].to_numpy().astype(int) == int(desired_value))]
    2021.09.14.15.03.51_veh-45_0 frames    4  augmented    2    100.2s

  frames searched      : 8
  augmented (>= 0.3 m) : 3 (37.5 %)
  NO alternative found : 5 (62.5 %)
  single-lane frames   : 8 (100.0 %)
  rollouts per frame   : 3.25  <- the cost multiplier
  accepted by knob     : {'goal_horizon_s': 3}
  wall 1.7 min for 26 rollouts
AUGMENT_SEARCH_OK
