[route_lane_rank_patch] ACTIVE rank=1 -- route_0 semantics are NOT in effect
  route patch ACTIVE, rank driven per frame by set_rank()
  log order: SHUFFLED (seed 20260924)
  6 rank-0 rows over 2 logs; searching 2 logs, tau=0.3 m
  simulation rate: 10 Hz (REFE_SIM_HZ), matching the rank-0 bank
  map-feature cache: ON (exact; REFE_MAP_CACHE=0 disables)
  query cache: ON (exact; REFE_QUERY_CACHE=0 disables)
  teacher visualisation debug: SKIPPED (REFE_SKIP_DEBUG=0 restores)
  map-step fast path: ON (exact; REFE_MAP_STEP_FAST=0 disables)
/workspace/dz/DriveZero/DriveRL/nuplan-devkit/nuplan/common/maps/nuplan_map/utils.py:413: RuntimeWarning: invalid value encountered in cast
  return elements.iloc[np.where(elements[column_label].to_numpy().astype(int) == int(desired_value))]
/workspace/dz/DriveZero/DriveRL/nuplan-devkit/nuplan/common/maps/nuplan_map/utils.py:413: RuntimeWarning: invalid value encountered in cast
  return elements.iloc[np.where(elements[column_label].to_numpy().astype(int) == int(desired_value))]
/workspace/dz/DriveZero/DriveRL/nuplan-devkit/nuplan/common/maps/nuplan_map/utils.py:413: RuntimeWarning: invalid value encountered in cast
  return elements.iloc[np.where(elements[column_label].to_numpy().astype(int) == int(desired_value))]
/workspace/dz/DriveZero/DriveRL/nuplan-devkit/nuplan/common/maps/nuplan_map/utils.py:413: RuntimeWarning: invalid value encountered in cast
  return elements.iloc[np.where(elements[column_label].to_numpy().astype(int) == int(desired_value))]
/workspace/dz/DriveZero/DriveRL/nuplan-devkit/nuplan/common/maps/nuplan_map/utils.py:413: RuntimeWarning: invalid value encountered in cast
  return elements.iloc[np.where(elements[column_label].to_numpy().astype(int) == int(desired_value))]
/workspace/dz/DriveZero/DriveRL/nuplan-devkit/nuplan/common/maps/nuplan_map/utils.py:413: RuntimeWarning: invalid value encountered in cast
  return elements.iloc[np.where(elements[column_label].to_numpy().astype(int) == int(desired_value))]
/workspace/dz/DriveZero/DriveRL/nuplan-devkit/nuplan/common/maps/nuplan_map/utils.py:413: RuntimeWarning: invalid value encountered in cast
  return elements.iloc[np.where(elements[column_label].to_numpy().astype(int) == int(desired_value))]
/workspace/dz/DriveZero/DriveRL/nuplan-devkit/nuplan/common/maps/nuplan_map/utils.py:413: RuntimeWarning: invalid value encountered in cast
  return elements.iloc[np.where(elements[column_label].to_numpy().astype(int) == int(desired_value))]
/workspace/dz/DriveZero/DriveRL/nuplan-devkit/nuplan/common/maps/nuplan_map/utils.py:413: RuntimeWarning: invalid value encountered in cast
  return elements.iloc[np.where(elements[column_label].to_numpy().astype(int) == int(desired_value))]
/workspace/dz/DriveZero/DriveRL/nuplan-devkit/nuplan/common/maps/nuplan_map/utils.py:413: RuntimeWarning: invalid value encountered in cast
  return elements.iloc[np.where(elements[column_label].to_numpy().astype(int) == int(desired_value))]
/workspace/dz/DriveZero/DriveRL/nuplan-devkit/nuplan/common/maps/nuplan_map/utils.py:413: RuntimeWarning: invalid value encountered in cast
  return elements.iloc[np.where(elements[column_label].to_numpy().astype(int) == int(desired_value))]
/workspace/dz/DriveZero/DriveRL/nuplan-devkit/nuplan/common/maps/nuplan_map/utils.py:413: RuntimeWarning: invalid value encountered in cast
  return elements.iloc[np.where(elements[column_label].to_numpy().astype(int) == int(desired_value))]
    2021.09.15.14.27.22_veh-39_0 frames    3  augmented    3      8.7s
/workspace/dz/DriveZero/DriveRL/nuplan-devkit/nuplan/common/maps/nuplan_map/utils.py:413: RuntimeWarning: invalid value encountered in cast
  return elements.iloc[np.where(elements[column_label].to_numpy().astype(int) == int(desired_value))]
/workspace/dz/DriveZero/DriveRL/nuplan-devkit/nuplan/common/maps/nuplan_map/utils.py:413: RuntimeWarning: invalid value encountered in cast
  return elements.iloc[np.where(elements[column_label].to_numpy().astype(int) == int(desired_value))]
/workspace/dz/DriveZero/DriveRL/nuplan-devkit/nuplan/common/maps/nuplan_map/utils.py:413: RuntimeWarning: invalid value encountered in cast
  return elements.iloc[np.where(elements[column_label].to_numpy().astype(int) == int(desired_value))]
/workspace/dz/DriveZero/DriveRL/nuplan-devkit/nuplan/common/maps/nuplan_map/utils.py:413: RuntimeWarning: invalid value encountered in cast
  return elements.iloc[np.where(elements[column_label].to_numpy().astype(int) == int(desired_value))]
/workspace/dz/DriveZero/DriveRL/nuplan-devkit/nuplan/common/maps/nuplan_map/utils.py:413: RuntimeWarning: invalid value encountered in cast
  return elements.iloc[np.where(elements[column_label].to_numpy().astype(int) == int(desired_value))]
    2021.06.09.20.26.11_veh-35_0 frames    3  augmented    3     20.2s

  frames searched      : 6
  augmented (>= 0.3 m) : 6 (100.0 %)
  NO alternative found : 0 (0.0 %)
  single-lane frames   : 3 (50.0 %)
  rollouts per frame   : 1.00  <- the cost multiplier
  accepted by knob     : {'goal_horizon_s': 3, 'lane_rank': 3}
  wall 0.3 min for 6 rollouts
AUGMENT_SEARCH_OK
