  route rank 0: THEIR unpatched route (byte-identical to Stage 0 by construction)
  map-feature cache: ON (exact; REFE_MAP_CACHE=0 disables)
  query cache: ON (exact; REFE_QUERY_CACHE=0 disables)
  teacher visualisation debug: SKIPPED (REFE_SKIP_DEBUG=0 restores)
  map-step fast path: ON (exact; REFE_MAP_STEP_FAST=0 disables)
  simulation rate: 10 Hz (REFE_SIM_HZ)
  navtrain: 103,288 tokens over 1192 logs; local DBs cover 1192 logs / 103,288 frames
  --logs-file: 1 named logs (1 with a local DB now)
  log order: SHUFFLED (seed 20260924) -- a partial bank is an unbiased sample
/workspace/dz/DriveZero/DriveRL/nuplan-devkit/nuplan/common/maps/nuplan_map/utils.py:413: RuntimeWarning: invalid value encountered in cast
  return elements.iloc[np.where(elements[column_label].to_numpy().astype(int) == int(desired_value))]
/workspace/dz/DriveZero/DriveRL/nuplan-devkit/nuplan/common/maps/nuplan_map/utils.py:413: RuntimeWarning: invalid value encountered in cast
  return elements.iloc[np.where(elements[column_label].to_numpy().astype(int) == int(desired_value))]
/workspace/dz/DriveZero/DriveRL/nuplan-devkit/nuplan/common/maps/nuplan_map/utils.py:413: RuntimeWarning: invalid value encountered in cast
  return elements.iloc[np.where(elements[column_label].to_numpy().astype(int) == int(desired_value))]
/workspace/dz/DriveZero/DriveRL/nuplan-devkit/nuplan/common/maps/nuplan_map/utils.py:413: RuntimeWarning: invalid value encountered in cast
  return elements.iloc[np.where(elements[column_label].to_numpy().astype(int) == int(desired_value))]
/workspace/dz/DriveZero/DriveRL/nuplan-devkit/nuplan/common/maps/nuplan_map/utils.py:413: RuntimeWarning: invalid value encountered in cast
  return elements.iloc[np.where(elements[column_label].to_numpy().astype(int) == int(desired_value))]
/workspace/dz/DriveZero/DriveRL/nuplan-devkit/nuplan/common/maps/nuplan_map/utils.py:413: RuntimeWarning: invalid value encountered in cast
  return elements.iloc[np.where(elements[column_label].to_numpy().astype(int) == int(desired_value))]
/workspace/dz/DriveZero/DriveRL/nuplan-devkit/nuplan/common/maps/nuplan_map/utils.py:413: RuntimeWarning: invalid value encountered in cast
  return elements.iloc[np.where(elements[column_label].to_numpy().astype(int) == int(desired_value))]
/workspace/dz/DriveZero/DriveRL/nuplan-devkit/nuplan/common/maps/nuplan_map/utils.py:413: RuntimeWarning: invalid value encountered in cast
  return elements.iloc[np.where(elements[column_label].to_numpy().astype(int) == int(desired_value))]
/workspace/dz/DriveZero/DriveRL/nuplan-devkit/nuplan/common/maps/nuplan_map/utils.py:413: RuntimeWarning: invalid value encountered in cast
  return elements.iloc[np.where(elements[column_label].to_numpy().astype(int) == int(desired_value))]
/workspace/dz/DriveZero/DriveRL/nuplan-devkit/nuplan/common/maps/nuplan_map/utils.py:413: RuntimeWarning: invalid value encountered in cast
  return elements.iloc[np.where(elements[column_label].to_numpy().astype(int) == int(desired_value))]
/workspace/dz/DriveZero/DriveRL/nuplan-devkit/nuplan/common/maps/nuplan_map/utils.py:413: RuntimeWarning: invalid value encountered in cast
  return elements.iloc[np.where(elements[column_label].to_numpy().astype(int) == int(desired_value))]
/workspace/dz/DriveZero/DriveRL/nuplan-devkit/nuplan/common/maps/nuplan_map/utils.py:413: RuntimeWarning: invalid value encountered in cast
  return elements.iloc[np.where(elements[column_label].to_numpy().astype(int) == int(desired_value))]
/workspace/dz/DriveZero/DriveRL/nuplan-devkit/nuplan/common/maps/nuplan_map/utils.py:413: RuntimeWarning: invalid value encountered in cast
  return elements.iloc[np.where(elements[column_label].to_numpy().astype(int) == int(desired_value))]
/workspace/dz/DriveZero/DriveRL/nuplan-devkit/nuplan/common/maps/nuplan_map/utils.py:413: RuntimeWarning: invalid value encountered in cast
  return elements.iloc[np.where(elements[column_label].to_numpy().astype(int) == int(desired_value))]
/workspace/dz/DriveZero/DriveRL/nuplan-devkit/nuplan/common/maps/nuplan_map/utils.py:413: RuntimeWarning: invalid value encountered in cast
  return elements.iloc[np.where(elements[column_label].to_numpy().astype(int) == int(desired_value))]
    2021.09.15.14.27.22_veh-39_0 frames    6  kept    6     13.6s

  wrote 6 tuples this run to /workspace/lever_diags/mapstep2/FAST/targets_rank0.jsonl  (bank total 6)
  wall clock 0.4 min  => 4.09 s/tuple
  map cache hits: downsample 99.0 % (27,998/28,273), line coords 99.7 %, polygon coords 98.8 %
  query cache: many 58.3 % hits (364/624), one 77.1 % (407/528), evicted 0, bypass 0, partial 0, verified 0
  map-step fast path: proximal 972 calls | drivable-area union 220 hit / 20 miss | edge distance 9342 hit / 9342 miss | route 240 | writes 480
TEACHER_ROLLOUTS_OK
