== focal 1e-3 3 12 2000 500
mode=focal lr=0.001 A=3 Q=12 steps=2000
500 pres 0.2193 centre 2.245 p_matched med 0.304 frac>=.5 0.000 | p_unmatched med 0.302 p90 0.322 frac>=.5 0.000
1000 pres 0.2204 centre 1.398 p_matched med 0.300 frac>=.5 0.000 | p_unmatched med 0.301 p90 0.313 frac>=.5 0.000
1500 pres 0.2152 centre 1.961 p_matched med 0.311 frac>=.5 0.000 | p_unmatched med 0.306 p90 0.319 frac>=.5 0.000
2000 pres 0.2179 centre 0.917 p_matched med 0.306 frac>=.5 0.000 | p_unmatched med 0.305 p90 0.316 frac>=.5 0.000
== bce 1e-3 3 12 2000 500
mode=bce lr=0.001 A=3 Q=12 steps=2000
500 pres 0.1763 centre 2.706 p_matched med 0.762 frac>=.5 1.000 | p_unmatched med 0.762 p90 0.783 frac>=.5 1.000
1000 pres 0.1755 centre 2.705 p_matched med 0.772 frac>=.5 1.000 | p_unmatched med 0.767 p90 0.790 frac>=.5 1.000
1500 pres 0.1759 centre 0.947 p_matched med 0.771 frac>=.5 1.000 | p_unmatched med 0.768 p90 0.793 frac>=.5 1.000
2000 pres 0.1751 centre 0.792 p_matched med 0.771 frac>=.5 1.000 | p_unmatched med 0.765 p90 0.797 frac>=.5 1.000
== focal 1e-3 7 12 2000 500
mode=focal lr=0.001 A=7 Q=12 steps=2000
500 pres 0.1228 centre 2.101 p_matched med 0.425 frac>=.5 0.000 | p_unmatched med 0.422 p90 0.440 frac>=.5 0.000
1000 pres 0.1190 centre 1.694 p_matched med 0.428 frac>=.5 0.009 | p_unmatched med 0.409 p90 0.457 frac>=.5 0.000
1500 pres 0.1187 centre 1.971 p_matched med 0.442 frac>=.5 0.125 | p_unmatched med 0.416 p90 0.478 frac>=.5 0.038
2000 pres 0.1060 centre 0.822 p_matched med 0.466 frac>=.5 0.321 | p_unmatched med 0.395 p90 0.476 frac>=.5 0.062
== focal 1e-3 3 3 1200 400
mode=focal lr=0.001 A=3 Q=3 steps=1200
400 pres 0.0012 centre 2.285 p_matched med 0.837 frac>=.5 1.000 | p_unmatched med 0.000 p90 0.000 frac>=.5 0.000
800 pres 0.0005 centre 2.015 p_matched med 0.879 frac>=.5 1.000 | p_unmatched med 0.000 p90 0.000 frac>=.5 0.000
1200 pres 0.0003 centre 0.964 p_matched med 0.897 frac>=.5 1.000 | p_unmatched med 0.000 p90 0.000 frac>=.5 0.000
