== B-both  ade CE=0.6404 -> softADE=0.4733  paired vs CE -0.1670 sep=True
   LONGITUDINAL speed_abs_err_mps        -0.1816 [-0.2599,-0.1159] sep=True
   LONGITUDINAL speed_signed_err_mps     +0.3986 [+0.3187,+0.4791] sep=True
   LONGITUDINAL along_abs_err_m          -0.1691 [-0.2429,-0.1066] sep=True
   LONGITUDINAL along_signed_err_m       +0.3755 [+0.3007,+0.4503] sep=True
   LATERAL      cross_abs_err_m          -0.0086 [-0.0162,-0.0014] sep=True
   LATERAL      heading_abs_err_deg      -0.0510 [-0.0968,-0.0078] sep=True
   LATERAL      curvature_abs_err_1pm    -0.0017 [-0.0027,-0.0009] sep=True
   LATERAL      yaw_rate_abs_err_degps   -0.1420 [-0.2054,-0.0829] sep=True
== D-lon+scores  ade CE=0.5135 -> softADE=0.4675  paired vs CE -0.0461 sep=True
   LONGITUDINAL speed_abs_err_mps        -0.0385 [-0.0619,-0.0151] sep=True
   LONGITUDINAL speed_signed_err_mps     +0.0801 [+0.0527,+0.1087] sep=True
   LONGITUDINAL along_abs_err_m          -0.0389 [-0.0620,-0.0168] sep=True
   LONGITUDINAL along_signed_err_m       +0.0718 [+0.0433,+0.1011] sep=True
   LATERAL      cross_abs_err_m          -0.0158 [-0.0297,-0.0059] sep=True
   LATERAL      heading_abs_err_deg      -0.1090 [-0.1781,-0.0480] sep=True
   LATERAL      curvature_abs_err_1pm    -0.0004 [-0.0010,+0.0000] sep=False
   LATERAL      yaw_rate_abs_err_degps   -0.1336 [-0.2166,-0.0570] sep=True
== C-lon  ade CE=0.9582 -> softADE=0.9612  paired vs CE +0.0030 sep=False
   LONGITUDINAL speed_abs_err_mps        +0.0004 [-0.0032,+0.0047] sep=False
   LONGITUDINAL speed_signed_err_mps     +0.0108 [+0.0058,+0.0170] sep=True
   LONGITUDINAL along_abs_err_m          -0.0029 [-0.0054,-0.0003] sep=True
   LONGITUDINAL along_signed_err_m       +0.0091 [+0.0059,+0.0125] sep=True
   LATERAL      cross_abs_err_m          +0.0042 [-0.0080,+0.0169] sep=False
   LATERAL      heading_abs_err_deg      +0.0392 [-0.0475,+0.1386] sep=False
   LATERAL      curvature_abs_err_1pm    -0.0000 [-0.0004,+0.0003] sep=False
   LATERAL      yaw_rate_abs_err_degps   +0.0429 [-0.0574,+0.1509] sep=False
