== B-both  ade CE=0.5667 -> softADE=0.4694  paired vs CE -0.0974 sep=True
   LONGITUDINAL speed_abs_err_mps        -0.1102 [-0.1584,-0.0672] sep=True
   LONGITUDINAL speed_signed_err_mps     +0.2376 [+0.1963,+0.2840] sep=True
   LONGITUDINAL along_abs_err_m          -0.1004 [-0.1465,-0.0587] sep=True
   LONGITUDINAL along_signed_err_m       +0.2249 [+0.1855,+0.2701] sep=True
   LATERAL      cross_abs_err_m          -0.0038 [-0.0098,+0.0013] sep=False
   LATERAL      heading_abs_err_deg      -0.0191 [-0.0453,+0.0073] sep=False
   LATERAL      curvature_abs_err_1pm    -0.0010 [-0.0020,-0.0003] sep=True
   LATERAL      yaw_rate_abs_err_degps   -0.0765 [-0.1200,-0.0350] sep=True
== D-lon+scores  ade CE=0.5124 -> softADE=0.4751  paired vs CE -0.0373 sep=True
   LONGITUDINAL speed_abs_err_mps        -0.0357 [-0.0587,-0.0119] sep=True
   LONGITUDINAL speed_signed_err_mps     +0.0885 [+0.0610,+0.1191] sep=True
   LONGITUDINAL along_abs_err_m          -0.0351 [-0.0573,-0.0125] sep=True
   LONGITUDINAL along_signed_err_m       +0.0831 [+0.0574,+0.1117] sep=True
   LATERAL      cross_abs_err_m          -0.0092 [-0.0148,-0.0042] sep=True
   LATERAL      heading_abs_err_deg      -0.0659 [-0.1103,-0.0272] sep=True
   LATERAL      curvature_abs_err_1pm    -0.0005 [-0.0009,-0.0002] sep=True
   LATERAL      yaw_rate_abs_err_degps   -0.1163 [-0.1847,-0.0576] sep=True
== C-lon  ade CE=0.6864 -> softADE=0.6872  paired vs CE +0.0008 sep=False
   LONGITUDINAL speed_abs_err_mps        -0.0023 [-0.0052,+0.0006] sep=False
   LONGITUDINAL speed_signed_err_mps     +0.0064 [+0.0033,+0.0098] sep=True
   LONGITUDINAL along_abs_err_m          -0.0006 [-0.0037,+0.0026] sep=False
   LONGITUDINAL along_signed_err_m       +0.0068 [+0.0032,+0.0108] sep=True
   LATERAL      cross_abs_err_m          +0.0008 [-0.0057,+0.0078] sep=False
   LATERAL      heading_abs_err_deg      -0.0183 [-0.0852,+0.0418] sep=False
   LATERAL      curvature_abs_err_1pm    -0.0002 [-0.0007,+0.0001] sep=False
   LATERAL      yaw_rate_abs_err_degps   -0.0220 [-0.0982,+0.0481] sep=False
