{
  "B-both": {
    "branch": "ADVERSE",
    "delta_m": 0.1689,
    "separated": true,
    "favours_treatment": false,
    "leak_gap_m": -0.012994
  },
  "C-lon": {
    "branch": "ADVERSE",
    "delta_m": 0.4868,
    "separated": true,
    "favours_treatment": false,
    "leak_gap_m": -0.001658
  },
  "D-lon+scores": {
    "branch": "ADVERSE",
    "delta_m": 0.0421,
    "separated": true,
    "favours_treatment": false,
    "leak_gap_m": -0.002035
  },
  "S1b": {
    "branch": "S1b-ADVERSE",
    "delta_m": 0.4576,
    "separated": true,
    "favours_treatment": false
  },
  "S1_IS_DEAD_AFTER_ALL": {
    "fired": true,
    "rule": "CI includes 0 => S1 IS DEAD AFTER ALL (\u00a74.4)",
    "what_it_does_NOT_license": "'supervising the refined readout cannot work'. Prereg \u00a72 registers IN ADVANCE that a monotone re-weighting of a banked scalar cannot test the climb-out; a null bounds the FREE version only."
  },
  "registered_prediction": "B-both S1-NOT-SEPARATED; C-lon LON-LEVER-NULL at ~55 % confidence; S1b HYGIENE; overall \u00a74.4 fires and S1 is reported DEAD"
}
