============================= test session starts =============================
platform win32 -- Python 3.13.5, pytest-9.1.1, pluggy-1.6.0 -- C:\Users\Admin\venvs\tanitad\Scripts\python.exe
cachedir: .pytest_cache
rootdir: D:\Projects\TanitAD\stack
configfile: pyproject.toml
plugins: anyio-4.14.1
collecting ... collected 21 items

tests/test_check_untrained_params.py::test_gate_NAMES_the_known_untrained_parameter PASSED [  4%]
tests/test_check_untrained_params.py::test_the_artifacts_own_total_matches_the_rows_it_actually_contains PASSED [  9%]
tests/test_check_untrained_params.py::test_a_fully_trained_checkpoint_reports_EXACTLY_zero_untrained PASSED [ 14%]
tests/test_check_untrained_params.py::test_REGRESSION_ARM_removing_the_state_set_difference_goes_RED PASSED [ 19%]
tests/test_check_untrained_params.py::test_REGRESSION_ARM_an_allow_everything_allowlist_goes_RED PASSED [ 23%]
tests/test_check_untrained_params.py::test_REGRESSION_ARM_blinding_the_exactly_zero_flag_goes_RED PASSED [ 28%]
tests/test_check_untrained_params.py::test_zero_init_AND_zero_gradient_is_flagged_exactly_zero PASSED [ 33%]
tests/test_check_untrained_params.py::test_an_allow_listed_frozen_head_PASSES_and_is_still_reported PASSED [ 38%]
tests/test_check_untrained_params.py::test_an_allow_list_that_misses_one_head_still_FAILS_on_that_head PASSED [ 42%]
tests/test_check_untrained_params.py::test_a_STALE_allow_list_entry_is_reported_and_fails_under_strict PASSED [ 47%]
tests/test_check_untrained_params.py::test_plain_sgd_is_INCONCLUSIVE_not_everything_untrained PASSED [ 52%]
tests/test_check_untrained_params.py::test_ambiguous_alignment_REFUSES_rather_than_guessing PASSED [ 57%]
tests/test_check_untrained_params.py::test_a_wrong_parameter_total_is_INCONCLUSIVE_never_PASS PASSED [ 61%]
tests/test_check_untrained_params.py::test_a_named_control_that_reads_untrained_is_INCONCLUSIVE PASSED [ 66%]
tests/test_check_untrained_params.py::test_an_unreadable_checkpoint_emits_INCONCLUSIVE_and_still_writes_the_JSON[missing] PASSED [ 71%]
tests/test_check_untrained_params.py::test_an_unreadable_checkpoint_emits_INCONCLUSIVE_and_still_writes_the_JSON[garbage] PASSED [ 76%]
tests/test_check_untrained_params.py::test_the_verdict_json_is_written_atomically_leaving_no_tmp_behind PASSED [ 80%]
tests/test_check_untrained_params.py::test_the_verdict_is_pure_ASCII_so_a_cp1252_console_cannot_kill_it PASSED [ 85%]
tests/test_check_untrained_params.py::test_out_is_REQUIRED_because_the_json_is_the_verdict PASSED [ 90%]
tests/test_check_untrained_params.py::test_a_missing_parameter_total_reference_must_be_WAIVED_explicitly PASSED [ 95%]
tests/test_check_untrained_params.py::test_reproduces_refcv5v2_exactly PASSED [100%]

============================= 21 passed in 2.70s ==============================
