[model] step=9500 steps=2 W=8 N=117 refc1_speed_head=False anchors==file True
[v3] nav_from_v7: follow 90 / left 13 / right 38, missing 0 (of 141 clips; md5=aa12c948f062181c3297265b51526ec5)
[grid] 4823 candidate windows / 141 episodes, stride 5, slots [5, 10, 15, 20, 30, 40, 50, 60] (0.1 s ticks); nav=v72 raw_off=2
[cost] first paired forward 0.54 s -> ~0.73 h for 4823 windows
[out] keys: ['anchor_bank', 'anchor_logits', 'anchor_traj', 'ctx', 'ego_injected', 'ego_keep_frac', 'g_str', 'g_str_raw', 'g_tac', 'g_tac_delta', 'goal_dist', 'goal_gate_value', 'goal_point_free', 'goal_point_tac', 'goal_score_absmean', 'lat_decision', 'lat_logits', 'lat_logits_tac', 'law_pred', 'lon_decision', 'lon_logits', 'lon_logits_tac', 'maneuver_decision', 'maneuver_logits', 'measurement', 'nav_injected', 'offset', 'pooled', 'reach_keep', 'refined_logits', 'route_logits', 'seam_goal_sel_bound_frac', 'seam_goal_sel_ratio_max', 'seam_goal_sel_ratio_preclamp_max', 'seam_goal_sel_ratio_preclamp_mean', 'seam_goal_sel_sat_steps', 'sel_idx', 'sel_idx_base', 'sel_score', 'sel_score_v3', 'sel_tele', 'traj', 'traj_base', 'waypoints', 'wp_seq', 'z_tac']
[bit-control] {"kept_row_vs_single_row_forward_max_abs_traj_m": 3.814697265625e-06, "kept_row_vs_single_row_sel_idx_equal": true, "withheld_row_vs_zeroed_values_row_max_abs_traj_m": 0.0, "withheld_row_vs_zeroed_values_row_max_abs_fan_m": 0.0, "withheld_bank_equals_ref_speed_roll_max_abs_m": 0.0, "kept_bank_vs_withheld_bank_max_abs_m": 0.4252204895019531, "v0_first_window": 9.976810455322266, "_reads": "row 0 of the paired batch vs a SINGLE-row forward is a cross-call comparison and carries the float32 batching floor (~1e-6..1e-5 m, informational, tolerance 1e-4); the withheld row must be EXACTLY invariant to the VALUES of the ego block at the same batch shape (the keep bit zeroes them downstream); the withheld bank must equal the decoder's own reference-speed roll (v_ms=None) EXACTLY"}
  [1/141] 01be5919-6e6 35 windows 10s
  [2/141] 060531e1-993 34 windows 18s
  [3/141] 0fa2b231-435 34 windows 26s
  [4/141] 10804db8-d07 34 windows 33s
  [5/141] 11e40da1-3d9 34 windows 41s
  [6/141] 126b3a97-087 35 windows 49s
  [7/141] 13c95b6a-5d1 34 windows 56s
  [8/141] 14157960-84d 34 windows 64s
  [9/141] 142a3a72-6cd 34 windows 71s
  [10/141] 14bc9fcf-c04 34 windows 78s
  [11/141] 16d89725-2f3 35 windows 86s
  [12/141] 17775e74-2d8 34 windows 93s
  [13/141] 18b72291-84f 34 windows 101s
  [14/141] 1bd040a8-182 34 windows 108s
  [15/141] 1c3a2c7c-7e8 34 windows 115s
  [16/141] 204b15b4-bd0 34 windows 123s
  [17/141] 2172a5a3-8a1 35 windows 130s
  [18/141] 24fee8a5-9cc 34 windows 137s
  [19/141] 2602baaa-436 34 windows 144s
  [20/141] 262b900f-2cf 34 windows 152s
  [21/141] 269478eb-2da 36 windows 159s
  [22/141] 27f44280-3e5 34 windows 167s
  [23/141] 2cd0f4e4-dce 34 windows 174s
  [24/141] 2e8a2df2-3f7 34 windows 181s
  [25/141] 316f3c56-914 34 windows 189s
  [26/141] 31d0adc4-4e8 35 windows 196s
  [27/141] 32f9b6b2-edc 34 windows 204s
  [28/141] 330b4626-96d 34 windows 211s
  [29/141] 34a1e12e-95c 34 windows 218s
  [30/141] 37e61793-36e 34 windows 225s
  [31/141] 38fe80c1-caf 35 windows 233s
  [32/141] 3971a8c6-0c5 34 windows 240s
  [33/141] 39bf584e-5bb 34 windows 247s
  [34/141] 3ef3dcc8-7fd 34 windows 255s
  [35/141] 3ff11411-fa2 34 windows 262s
  [36/141] 42745b48-a01 34 windows 269s
  [37/141] 45358841-692 35 windows 277s
  [38/141] 45a9f7ec-991 34 windows 284s
  [39/141] 45aea78c-776 34 windows 291s
  [40/141] 47241da8-c00 34 windows 298s
  [41/141] 480d7910-cec 34 windows 306s
  [42/141] 4c5264dd-911 35 windows 314s
  [43/141] 4ee70f88-f03 34 windows 322s
  [44/141] 50caa2df-cf8 34 windows 329s
  [45/141] 51c01ba4-900 34 windows 337s
  [46/141] 5271d125-613 34 windows 345s
  [47/141] 52ddcaaf-06c 35 windows 352s
  [48/141] 565b6ff0-c9f 34 windows 360s
  [49/141] 5716299c-a9e 34 windows 368s
  [50/141] 59c25a0f-d4b 34 windows 376s
  [51/141] 5b4df66c-31a 34 windows 383s
  [52/141] 5d39a1de-bd2 35 windows 391s
  [53/141] 5d94cbbb-55e 34 windows 399s
  [54/141] 5f86e111-b21 34 windows 406s
  [55/141] 62f3222e-9aa 34 windows 414s
  [56/141] 63434e0b-8cd 34 windows 421s
  [57/141] 66e4d574-2b3 35 windows 429s
  [58/141] 672d70d8-812 34 windows 437s
  [59/141] 6908302e-14b 34 windows 445s
  [60/141] 695081db-431 34 windows 452s
  [61/141] 6a89cca3-64e 34 windows 460s
  [62/141] 6b3e802e-ea8 34 windows 467s
  [63/141] 6ed4ef7a-1a7 35 windows 475s
  [64/141] 73e750eb-684 34 windows 483s
  [65/141] 7526e299-040 34 windows 491s
  [66/141] 77a247be-ad5 34 windows 499s
  [67/141] 79e30ac2-c61 34 windows 506s
  [68/141] 80b890fc-114 35 windows 514s
  [69/141] 80fcd92f-7bb 34 windows 522s
  [70/141] 826cd25c-fa4 34 windows 530s
  [71/141] 829320e2-ba1 34 windows 538s
  [72/141] 84952a7e-a54 34 windows 545s
  [73/141] 85a47aa1-146 35 windows 553s
  [74/141] 8d610d87-817 34 windows 561s
  [75/141] 8df0cb04-8b6 34 windows 569s
  [76/141] 8f1baf35-90f 34 windows 577s
  [77/141] 8fe27d99-23e 34 windows 584s
  [78/141] 91929cea-f8d 34 windows 592s
  [79/141] 91e90a95-a12 34 windows 600s
  [80/141] 9370d445-320 35 windows 608s
  [81/141] 93854321-c88 34 windows 616s
  [82/141] 998310a5-277 34 windows 624s
  [83/141] 9b4347d2-fdc 34 windows 632s
  [84/141] 9c50f803-c78 34 windows 639s
  [85/141] 9d3d1cd1-ce5 34 windows 647s
  [86/141] 9fc24b6e-3ec 35 windows 655s
  [87/141] a0d95df6-499 34 windows 662s
  [88/141] a459164a-0c6 34 windows 670s
  [89/141] a6b2719b-771 34 windows 677s
  [90/141] a7e15877-946 34 windows 685s
  [91/141] aa00f477-540 35 windows 692s
  [92/141] aa594aa8-bc9 34 windows 700s
  [93/141] ac81f868-f50 34 windows 708s
  [94/141] acf8e77f-7d5 34 windows 715s
  [95/141] af6f5964-263 34 windows 723s
  [96/141] afe44776-866 34 windows 730s
  [97/141] b0252ad5-8cd 34 windows 738s
  [98/141] b05195bf-36d 35 windows 745s
  [99/141] b19eb35f-396 34 windows 753s
  [100/141] b62be3fa-4fb 34 windows 761s
  [101/141] b99058dc-680 34 windows 769s
  [102/141] c0142275-d0c 35 windows 776s
  [103/141] c08bebe5-c3f 34 windows 784s
  [104/141] c1cb24d2-0af 34 windows 792s
  [105/141] c84ea182-972 34 windows 799s
  [106/141] c8a39711-ce0 34 windows 807s
  [107/141] ca11a2a2-102 36 windows 815s
  [108/141] caf90ce8-c1c 34 windows 822s
  [109/141] d1d382aa-035 34 windows 830s
  [110/141] d217b78a-0da 34 windows 837s
  [111/141] d4729053-1eb 34 windows 845s
  [112/141] d571e998-57d 35 windows 853s
  [113/141] d85682b8-f61 34 windows 860s
  [114/141] dbad28c2-dfc 34 windows 868s
  [115/141] dca157a0-20a 34 windows 875s
  [116/141] e0e6b875-eb1 34 windows 883s
  [117/141] e319062b-376 34 windows 890s
  [118/141] e66979e0-6f5 34 windows 898s
  [119/141] e6cb7cd4-834 35 windows 906s
  [120/141] e7ada9bb-f5f 34 windows 913s
  [121/141] e8ace736-b9b 34 windows 921s
  [122/141] ea019ab7-bd2 34 windows 928s
  [123/141] eabb9abf-06a 34 windows 936s
  [124/141] eb96a48b-db1 35 windows 943s
  [125/141] ebd51f52-29f 34 windows 951s
  [126/141] ed09262b-3ac 34 windows 959s
  [127/141] ed87040c-cf3 34 windows 966s
  [128/141] edd5d17b-1be 34 windows 974s
  [129/141] f14ae2d2-7bf 35 windows 982s
  [130/141] f19cffbf-562 34 windows 989s
  [131/141] f1a94fee-838 34 windows 997s
  [132/141] f1e1536b-1e2 34 windows 1004s
  [133/141] f26af403-f54 35 windows 1012s
  [134/141] f4226f59-077 34 windows 1019s
  [135/141] f4740120-50c 34 windows 1027s
  [136/141] f6e7827e-fd4 34 windows 1035s
  [137/141] f901e9e6-cc3 34 windows 1042s
  [138/141] fb8e8200-bde 35 windows 1050s
  [139/141] fe764229-15d 34 windows 1057s
  [140/141] fe83e06e-3c2 34 windows 1065s
  [141/141] ffcd075e-c25 34 windows 1072s
[dump] 4823 windows / 141 episodes (0 skipped: none) in 1074s
EGODROP_DUMP_DONE
