[a12] waiting for /home/nvidia/bx_ladder2_0954/LADDER_DONE at 07:59:13Z
[a12] ladder done-marker seen at 08:40:13Z: ladder pid 3619335 exited 1790498393 2026-09-27 10:39:53 CEST; record: -rw-rw-r-- 1 nvidia nvidia 153257 Sep 27 10:39 /home/nvidia/bx_ladder2_0954/gbo_ladder.json
[a12] A12 arm start 08:40:33Z (stopped GPU processes tolerated)
{"arm": "healthy", "step": 100, "train_loss": 1.2297086715698242, "iou": {"nocls": 0.05182522994840634, "drivable": 0.6391563245801798, "lane": 0.0, "crosswalk": 0.5026661305267575, "arrow": 0.0, "edge": 0.0, "hatched": 0.5604221635883905, "sidewalk": 0.5169143468452755}}
{"arm": "healthy", "step": 200, "train_loss": 0.7558050751686096, "iou": {"nocls": 0.6779878472531584, "drivable": 0.7518230925050642, "lane": 0.0, "crosswalk": 0.5695784012859857, "arrow": 0.40574506283662476, "edge": 0.0, "hatched": 0.6411833763794318, "sidewalk": 0.7524966167028182}}
{"arm": "healthy", "step": 300, "train_loss": 0.5261959433555603, "iou": {"nocls": 0.7510670204175799, "drivable": 0.82703852743832, "lane": 0.23337610385689486, "crosswalk": 0.6527510947262751, "arrow": 0.37419181034482757, "edge": 0.01493039964077234, "hatched": 0.7445192473675125, "sidewalk": 0.8420764633017042}}
{"arm": "healthy", "step": 400, "train_loss": 0.4356625974178314, "iou": {"nocls": 0.7978324525067847, "drivable": 0.8614925928551177, "lane": 0.3063553238116829, "crosswalk": 0.6867840225753351, "arrow": 0.6157881588808394, "edge": 0.035386773114683356, "hatched": 0.78231324618942, "sidewalk": 0.8820395476158428}}
{"arm": "healthy", "step": 500, "train_loss": 0.3543437421321869, "iou": {"nocls": 0.8258867883489515, "drivable": 0.8834125295295114, "lane": 0.39084168611835785, "crosswalk": 0.7269744951170949, "arrow": 0.6732216557416849, "edge": 0.028577733642281805, "hatched": 0.7748745715563062, "sidewalk": 0.9018189136054737}}
{"arm": "healthy", "step": 600, "train_loss": 0.3398290276527405, "iou": {"nocls": 0.7759837552243514, "drivable": 0.8821029682525263, "lane": 0.4111912900367135, "crosswalk": 0.6934343142356093, "arrow": 0.6578557312252964, "edge": 0.040047753418710655, "hatched": 0.8142142238475604, "sidewalk": 0.9055166210810993}}
{"arm": "healthy", "step": 700, "train_loss": 0.28737178444862366, "iou": {"nocls": 0.8358773835384987, "drivable": 0.8954356808852563, "lane": 0.4193274567417564, "crosswalk": 0.7493296294152825, "arrow": 0.5487669053301512, "edge": 0.09708345948127964, "hatched": 0.8275499474237644, "sidewalk": 0.9229371353049723}}
{"arm": "healthy", "step": 800, "train_loss": 0.25976088643074036, "iou": {"nocls": 0.8793157046903997, "drivable": 0.9115617722029671, "lane": 0.444275802254987, "crosswalk": 0.7736858132541585, "arrow": 0.7106068332483427, "edge": 0.10929477103636173, "hatched": 0.828011397131067, "sidewalk": 0.9372523013279017}}
{"arm": "healthy", "step": 900, "train_loss": 0.2902374267578125, "iou": {"nocls": 0.8757059410448412, "drivable": 0.9070827959524239, "lane": 0.49121375674657963, "crosswalk": 0.7742749054224464, "arrow": 0.7088665447897623, "edge": 0.11935879109658974, "hatched": 0.829172510518934, "sidewalk": 0.9371796242601875}}
{"arm": "healthy", "step": 1000, "train_loss": 0.21252326667308807, "iou": {"nocls": 0.8947227328431373, "drivable": 0.9123124406241904, "lane": 0.49573648741576126, "crosswalk": 0.7803873489013621, "arrow": 0.7421545667447307, "edge": 0.1935869165747887, "hatched": 0.8344889064976229, "sidewalk": 0.9441373018661733}}
{"diag": "MAIN_final", "edge_tol": {"P": 0.9024507448342143, "R": 0.4293804507871786, "F1": 0.581897629225221, "iou": 0.1935869165747887}, "lane_tol": {"P": 0.9318719769476176, "R": 0.7269403357154728, "F1": 0.8167474072803407, "iou": 0.49573648741576126}}
{"arm": "s8_zeros", "step": 100, "train_loss": 1.4891974925994873, "iou": {"nocls": 0.10588951671397742, "drivable": 0.4977620197143432, "lane": 0.0, "crosswalk": 0.0, "arrow": 0.0, "edge": 0.0, "hatched": 0.0, "sidewalk": 0.3283688405760751}}
{"arm": "s8_zeros", "step": 200, "train_loss": 1.4370309114456177, "iou": {"nocls": 0.07768570306215979, "drivable": 0.5121979458336253, "lane": 0.0, "crosswalk": 0.0, "arrow": 0.0, "edge": 0.0, "hatched": 0.0, "sidewalk": 0.4166890395713581}}
{"arm": "s8_zeros", "step": 300, "train_loss": 1.5485368967056274, "iou": {"nocls": 0.08220920408864296, "drivable": 0.5162912635811161, "lane": 0.0, "crosswalk": 0.0, "arrow": 0.0, "edge": 0.0, "hatched": 0.0, "sidewalk": 0.41499938570809314}}
{"arm": "s8_zeros", "step": 400, "train_loss": 1.5167995691299438, "iou": {"nocls": 0.09970727970746208, "drivable": 0.5172665113258719, "lane": 0.0, "crosswalk": 0.0, "arrow": 0.0, "edge": 0.0, "hatched": 0.0, "sidewalk": 0.422813702364835}}
{"arm": "s8_zeros", "step": 500, "train_loss": 1.5756186246871948, "iou": {"nocls": 0.12664493540987565, "drivable": 0.508596599024873, "lane": 0.0, "crosswalk": 0.0, "arrow": 0.0, "edge": 0.0, "hatched": 0.0, "sidewalk": 0.43870517464854264}}
{"arm": "s8_zeros", "step": 600, "train_loss": 1.3855104446411133, "iou": {"nocls": 0.15473098634244656, "drivable": 0.519021349649481, "lane": 0.0, "crosswalk": 0.0, "arrow": 0.0, "edge": 0.0, "hatched": 0.0, "sidewalk": 0.4405006431683639}}
{"arm": "s8_zeros", "step": 700, "train_loss": 1.3863976001739502, "iou": {"nocls": 0.15307961324830283, "drivable": 0.5106091337502124, "lane": 0.0, "crosswalk": 0.0, "arrow": 0.0, "edge": 0.0, "hatched": 0.0, "sidewalk": 0.4354402352690811}}
{"arm": "s8_zeros", "step": 800, "train_loss": 1.4058126211166382, "iou": {"nocls": 0.09783874950011302, "drivable": 0.5112868637512171, "lane": 0.0, "crosswalk": 0.0, "arrow": 0.0, "edge": 0.0, "hatched": 0.0, "sidewalk": 0.40587239199737496}}
{"arm": "s8_zeros", "step": 900, "train_loss": 1.6154664754867554, "iou": {"nocls": 0.14506157325961297, "drivable": 0.50475797164754, "lane": 0.0, "crosswalk": 0.0, "arrow": 0.0, "edge": 0.0, "hatched": 0.0, "sidewalk": 0.4333814699399559}}
{"arm": "s8_zeros", "step": 1000, "train_loss": 1.313382863998413, "iou": {"nocls": 0.19531921458007362, "drivable": 0.5125637773439872, "lane": 0.0, "crosswalk": 0.0, "arrow": 0.0, "edge": 0.0, "hatched": 0.0, "sidewalk": 0.4343165600035412}}
{"arm": "near_zeros", "step": 100, "train_loss": 1.2077661752700806, "iou": {"nocls": 0.33679594027003035, "drivable": 0.5818837726307166, "lane": 0.0, "crosswalk": 0.006682423721529867, "arrow": 0.0, "edge": 0.0, "hatched": 0.4582513611200073, "sidewalk": 0.5448414016650057}}
{"arm": "near_zeros", "step": 200, "train_loss": 0.8003626465797424, "iou": {"nocls": 0.5380904952793303, "drivable": 0.7163648445239489, "lane": 0.0, "crosswalk": 0.24306787122618873, "arrow": 0.0, "edge": 0.0, "hatched": 0.5751015451614254, "sidewalk": 0.7028157075964152}}
{"arm": "near_zeros", "step": 300, "train_loss": 0.5749671459197998, "iou": {"nocls": 0.6537359244124771, "drivable": 0.7968080844147082, "lane": 0.0, "crosswalk": 0.5983292784592613, "arrow": 0.13509749303621169, "edge": 0.0, "hatched": 0.6767662598774957, "sidewalk": 0.8004429594607246}}
{"arm": "near_zeros", "step": 400, "train_loss": 0.48319491744041443, "iou": {"nocls": 0.7731073767651006, "drivable": 0.8303185917857058, "lane": 0.0014126641183313945, "crosswalk": 0.6567259761838826, "arrow": 0.17447846112164725, "edge": 0.0, "hatched": 0.7374635431367015, "sidewalk": 0.851033962264151}}
{"arm": "near_zeros", "step": 500, "train_loss": 0.36948034167289734, "iou": {"nocls": 0.8080604534005038, "drivable": 0.8575526262167119, "lane": 0.14518662577604907, "crosswalk": 0.6795790333358082, "arrow": 0.4508327629477527, "edge": 0.0022652622041001245, "hatched": 0.7708135485913263, "sidewalk": 0.8876516350410463}}
{"arm": "near_zeros", "step": 600, "train_loss": 0.3262142539024353, "iou": {"nocls": 0.8371276797571618, "drivable": 0.8736025635536406, "lane": 0.21258267958775573, "crosswalk": 0.7066863559874996, "arrow": 0.34271099744245526, "edge": 0.019467442380845825, "hatched": 0.7632450331125827, "sidewalk": 0.9110131778720154}}
{"arm": "near_zeros", "step": 700, "train_loss": 0.30441537499427795, "iou": {"nocls": 0.8422644688223919, "drivable": 0.8640722846831999, "lane": 0.3098979317754499, "crosswalk": 0.6683925629559897, "arrow": 0.5112571898110106, "edge": 0.03732554365465758, "hatched": 0.7689703073450251, "sidewalk": 0.9118962642021102}}
{"arm": "near_zeros", "step": 800, "train_loss": 0.30114036798477173, "iou": {"nocls": 0.8646914565986085, "drivable": 0.8913618645608224, "lane": 0.31095190915326576, "crosswalk": 0.7161525436207024, "arrow": 0.41496774193548386, "edge": 0.022134126197555334, "hatched": 0.7871403265188873, "sidewalk": 0.9284575045378617}}
{"arm": "near_zeros", "step": 900, "train_loss": 0.24382126331329346, "iou": {"nocls": 0.870367252249724, "drivable": 0.8982766607986657, "lane": 0.4470711684463922, "crosswalk": 0.7333260000733326, "arrow": 0.5910543130990416, "edge": 0.04551798174986581, "hatched": 0.7848251053154731, "sidewalk": 0.9246444616576297}}
{"arm": "near_zeros", "step": 1000, "train_loss": 0.2300371527671814, "iou": {"nocls": 0.8657172602844398, "drivable": 0.9011885346772877, "lane": 0.46601621728525283, "crosswalk": 0.7297654817922407, "arrow": 0.573245875571457, "edge": 0.07207771858351614, "hatched": 0.7792614501326606, "sidewalk": 0.9315587576308105}}
{"arm": "lane_w0", "step": 100, "train_loss": 1.1038224697113037, "iou": {"nocls": 0.4162159916351021, "drivable": 0.6352050256954357, "lane": 0.0, "crosswalk": 0.5278668165875107, "arrow": 0.0, "edge": 0.0, "hatched": 0.5891739042617653, "sidewalk": 0.5251420639516359}}
{"arm": "lane_w0", "step": 200, "train_loss": 0.6892457008361816, "iou": {"nocls": 0.5817327995405328, "drivable": 0.7087669244850504, "lane": 0.0, "crosswalk": 0.5148689647957315, "arrow": 0.3312486039758767, "edge": 0.0, "hatched": 0.7242444297374807, "sidewalk": 0.7152155771905424}}
{"arm": "lane_w0", "step": 300, "train_loss": 0.40993034839630127, "iou": {"nocls": 0.6921034201003852, "drivable": 0.8068041382719536, "lane": 0.0, "crosswalk": 0.6611650131310184, "arrow": 0.5258329309512313, "edge": 0.0, "hatched": 0.7674469770307137, "sidewalk": 0.8004808997058153}}
{"arm": "lane_w0", "step": 400, "train_loss": 0.4032803177833557, "iou": {"nocls": 0.7531242631454845, "drivable": 0.8343745531150151, "lane": 0.0, "crosswalk": 0.6802131438721136, "arrow": 0.6259067357512953, "edge": 0.003051881993896236, "hatched": 0.748715697036224, "sidewalk": 0.8597467795091475}}
{"arm": "lane_w0", "step": 500, "train_loss": 0.28880736231803894, "iou": {"nocls": 0.8034609648697064, "drivable": 0.8589648130974461, "lane": 0.0, "crosswalk": 0.649911887215636, "arrow": 0.6444394719176549, "edge": 0.004185022026431718, "hatched": 0.8011837628745864, "sidewalk": 0.8827890545440344}}
{"arm": "lane_w0", "step": 600, "train_loss": 0.2864859700202942, "iou": {"nocls": 0.85104389980107, "drivable": 0.890229786697413, "lane": 0.0, "crosswalk": 0.7478219401698428, "arrow": 0.6610421836228287, "edge": 0.057279236276849645, "hatched": 0.8027448138418335, "sidewalk": 0.9226889556537716}}
{"arm": "lane_w0", "step": 700, "train_loss": 0.26440727710723877, "iou": {"nocls": 0.8401124353912586, "drivable": 0.8877742793683338, "lane": 0.0, "crosswalk": 0.7519530157546378, "arrow": 0.6547039220712638, "edge": 0.035583638177585634, "hatched": 0.7822881904667032, "sidewalk": 0.9195601796965645}}
{"arm": "lane_w0", "step": 800, "train_loss": 0.2307543009519577, "iou": {"nocls": 0.8517268445839874, "drivable": 0.9003589156850409, "lane": 0.0, "crosswalk": 0.772147075633454, "arrow": 0.6676684197345354, "edge": 0.10770488452891887, "hatched": 0.8143747283002464, "sidewalk": 0.932166658315378}}
{"arm": "lane_w0", "step": 900, "train_loss": 0.19430352747440338, "iou": {"nocls": 0.8782597865450574, "drivable": 0.9019673005796551, "lane": 0.0, "crosswalk": 0.7888343193064702, "arrow": 0.709143268538517, "edge": 0.15182206335021348, "hatched": 0.8124002628367596, "sidewalk": 0.9405593185387288}}
{"arm": "lane_w0", "step": 1000, "train_loss": 0.15736672282218933, "iou": {"nocls": 0.8845505177282711, "drivable": 0.9129249858996051, "lane": 0.0, "crosswalk": 0.8016580513020579, "arrow": 0.7147508139243677, "edge": 0.20733385764844672, "hatched": 0.8265094711917916, "sidewalk": 0.9492573235706893}}
{"arm": "s8_detached", "step": 100, "train_loss": 1.171501636505127, "iou": {"nocls": 0.4007551733593964, "drivable": 0.6461706310627174, "lane": 0.0, "crosswalk": 0.5058036305816881, "arrow": 0.0, "edge": 0.0, "hatched": 0.6465748182166092, "sidewalk": 0.6095741039089749}}
{"arm": "s8_detached", "step": 200, "train_loss": 0.6999012231826782, "iou": {"nocls": 0.30342477893534475, "drivable": 0.7059929782688609, "lane": 0.010052338622580377, "crosswalk": 0.5783791696400797, "arrow": 0.19138359569179786, "edge": 0.0, "hatched": 0.7249223946784923, "sidewalk": 0.6531793246196824}}
{"arm": "s8_detached", "step": 300, "train_loss": 0.6453160643577576, "iou": {"nocls": 0.6557165385373547, "drivable": 0.7431712100876147, "lane": 0.02367109634551495, "crosswalk": 0.12212426978226235, "arrow": 0.18303064699205449, "edge": 0.0, "hatched": 0.004546438623078589, "sidewalk": 0.800762034400931}}
{"arm": "s8_detached", "step": 400, "train_loss": 0.4366832971572876, "iou": {"nocls": 0.7718348330605089, "drivable": 0.8447048937045182, "lane": 0.19920917358639778, "crosswalk": 0.6650295647678439, "arrow": 0.6426482873851295, "edge": 0.0076567954059227564, "hatched": 0.7766950315673895, "sidewalk": 0.868824601999533}}
{"arm": "s8_detached", "step": 500, "train_loss": 0.3821212947368622, "iou": {"nocls": 0.8147834514165279, "drivable": 0.8483414174486619, "lane": 0.27450554227341883, "crosswalk": 0.6883815591540572, "arrow": 0.5930023154103422, "edge": 0.02039444195428059, "hatched": 0.745453774744606, "sidewalk": 0.8872086705547233}}
{"arm": "s8_detached", "step": 600, "train_loss": 0.30930447578430176, "iou": {"nocls": 0.7455554893431063, "drivable": 0.8720971069845033, "lane": 0.29582768489230304, "crosswalk": 0.7221397269204303, "arrow": 0.6436581111387989, "edge": 0.03824833702882483, "hatched": 0.8040212947998859, "sidewalk": 0.8922321529446611}}
{"arm": "s8_detached", "step": 700, "train_loss": 0.2866620719432831, "iou": {"nocls": 0.8207383962097234, "drivable": 0.8637806737039966, "lane": 0.365511513081999, "crosswalk": 0.7100266958497073, "arrow": 0.511883541295306, "edge": 0.057844273522284266, "hatched": 0.8030726897500573, "sidewalk": 0.906775776613884}}
{"arm": "s8_detached", "step": 800, "train_loss": 0.2934822738170624, "iou": {"nocls": 0.8479088858484636, "drivable": 0.8854750900873865, "lane": 0.28409619860356866, "crosswalk": 0.7250860965363047, "arrow": 0.7064154543286429, "edge": 0.04678685986063488, "hatched": 0.7853374747325347, "sidewalk": 0.9237336113945388}}
{"arm": "s8_detached", "step": 900, "train_loss": 0.2206810712814331, "iou": {"nocls": 0.8882606712531833, "drivable": 0.8986411879006092, "lane": 0.3618743502153572, "crosswalk": 0.7506549051055867, "arrow": 0.7056729171611679, "edge": 0.08347621088726961, "hatched": 0.8226479146459748, "sidewalk": 0.9402819998913172}}
{"arm": "s8_detached", "step": 1000, "train_loss": 0.19606022536754608, "iou": {"nocls": 0.8409303700783521, "drivable": 0.9083851215082906, "lane": 0.4127353347386785, "crosswalk": 0.7692495081045629, "arrow": 0.7126522495650013, "edge": 0.13641288289175613, "hatched": 0.8209450124343741, "sidewalk": 0.9287355606065324}}
{
 "MAIN": {
  "presence_short": {},
  "inconclusive": false,
  "bars": {
   "nocls": true,
   "drivable": true,
   "sidewalk": true,
   "lane": false,
   "crosswalk": true,
   "arrow": true,
   "edge": false,
   "hatched": true
  },
  "ce_ratio_ok": {
   "nocls": true,
   "drivable": true,
   "lane": true,
   "crosswalk": true,
   "arrow": true,
   "edge": true,
   "hatched": true,
   "sidewalk": true
  },
  "loss_finite_every_step": true,
  "verdict": "FAIL"
 },
 "regression_arms": {
  "lane_w0": {
   "ran": true,
   "must_fail": [
    "lane"
   ],
   "failed": [
    "lane"
   ],
   "rule": "any",
   "failed_as_required": true
  },
  "s8_zeros": {
   "ran": true,
   "must_fail": [
    "lane",
    "crosswalk",
    "arrow",
    "edge",
    "hatched"
   ],
   "failed": [
    "lane",
    "crosswalk",
    "arrow",
    "edge",
    "hatched"
   ],
   "rule": "all",
   "failed_as_required": true
  },
  "near_zeros": {
   "ran": true,
   "must_fail": [
    "edge"
   ],
   "failed": [
    "edge"
   ],
   "rule": "any",
   "failed_as_required": true
  }
 },
 "controls_reproduced": true,
 "time_guard": {
  "kinds": [
   "time_1ms"
  ],
  "time_1ms_on_every_clip": true
 },
 "G_MAP_OVERFIT": "FAIL"
}
{"stamped": "/home/nvidia/nb2r2_cef9/gmo_a12/g_map_overfit_A12.EARLY_NONBINDING.json", "binding": false, "harness_exit_code": 2, "wall_s": 10419.4}
[a12] exit 0 at 11:34:15Z; done-marker /home/nvidia/nb2r2_cef9/gmo_a12/A12_DONE
