[a15] waiting for /home/nvidia/nb2r2_cef9/gmo_a12/A12_DONE at 09:47:09Z
[a15] done-marker seen at 11:34:30Z: {"exit_code": 0, "exit_utc": "2026-09-27T11:34:15Z", "record": "/home/nvidia/nb2r2_cef9/gmo_a12/g_map_overfit_A12.EARLY_NONBINDING.json"}
[a15] box chain 3676134 gone at 11:34:30Z
[a15] A15 arm start 11:34:50Z (stopped GPU processes tolerated)
{"arm": "healthy", "step": 100, "train_loss": 1.2174575328826904, "iou": {"nocls": 0.021223981151547014, "drivable": 0.5569954032325655, "lane": 0.0, "crosswalk": 0.38288171405271154, "arrow": 0.0, "edge": 0.0, "hatched": 0.5888187191320541, "sidewalk": 0.5223613660016645}}
{"arm": "healthy", "step": 200, "train_loss": 0.7385590076446533, "iou": {"nocls": 0.638076020261088, "drivable": 0.7748828167543785, "lane": 0.0, "crosswalk": 0.5792453512770421, "arrow": 0.19769357495881384, "edge": 0.0, "hatched": 0.677305948746415, "sidewalk": 0.7626670874904292}}
{"arm": "healthy", "step": 300, "train_loss": 0.5383062362670898, "iou": {"nocls": 0.7422321869924441, "drivable": 0.828464315170471, "lane": 0.21798424737456243, "crosswalk": 0.6571221136138263, "arrow": 0.3537117903930131, "edge": 0.00558909009613235, "hatched": 0.6752029981261711, "sidewalk": 0.8487103038086938}}
{"arm": "healthy", "step": 400, "train_loss": 0.4645306169986725, "iou": {"nocls": 0.7570621468926554, "drivable": 0.8532028089166669, "lane": 0.20202263424030822, "crosswalk": 0.6842712136829784, "arrow": 0.5295649908830424, "edge": 0.008605851979345954, "hatched": 0.7703030026049997, "sidewalk": 0.8685826104734368}}
{"arm": "healthy", "step": 500, "train_loss": 0.3846442401409149, "iou": {"nocls": 0.815570915715587, "drivable": 0.8745659393497066, "lane": 0.3517526950810309, "crosswalk": 0.7221257134753785, "arrow": 0.6708921310691223, "edge": 0.02252057167605024, "hatched": 0.781021897810219, "sidewalk": 0.8972641882238502}}
{"arm": "healthy", "step": 600, "train_loss": 0.3064647912979126, "iou": {"nocls": 0.8517956209955407, "drivable": 0.9004228354167867, "lane": 0.4328032216230974, "crosswalk": 0.7544342906065625, "arrow": 0.6587242491933483, "edge": 0.0728779347710613, "hatched": 0.8063052528181861, "sidewalk": 0.9166544045516971}}
{"arm": "healthy", "step": 700, "train_loss": 0.33477360010147095, "iou": {"nocls": 0.8176817040342541, "drivable": 0.8824586898236284, "lane": 0.3036812203284302, "crosswalk": 0.728212187958884, "arrow": 0.688094685541889, "edge": 0.055945590171127685, "hatched": 0.7682327501474346, "sidewalk": 0.9077375723171187}}
{"arm": "healthy", "step": 800, "train_loss": 0.25300633907318115, "iou": {"nocls": 0.8831174964814342, "drivable": 0.9148178182549089, "lane": 0.5030959752321982, "crosswalk": 0.7896703789520891, "arrow": 0.7178048780487805, "edge": 0.12095054331268407, "hatched": 0.8146996396663212, "sidewalk": 0.9417318441067652}}
{"arm": "healthy", "step": 900, "train_loss": 0.22972072660923004, "iou": {"nocls": 0.879065661072029, "drivable": 0.9110880134890114, "lane": 0.49466598933197864, "crosswalk": 0.7545437005595215, "arrow": 0.6822890971879625, "edge": 0.08622156070593238, "hatched": 0.8175553492009188, "sidewalk": 0.9364867615513489}}
{"arm": "healthy", "step": 1000, "train_loss": 0.204924076795578, "iou": {"nocls": 0.8849731314118222, "drivable": 0.9216126664521014, "lane": 0.5224412599112533, "crosswalk": 0.7949155722326454, "arrow": 0.7417721518987341, "edge": 0.25873586844809865, "hatched": 0.8289467619267112, "sidewalk": 0.9462104163955551}}
{"diag": "MAIN_final", "edge_tol": {"P": 0.9371165644171779, "R": 0.581039755351682, "F1": 0.717320044365216, "iou": 0.25873586844809865}, "lane_tol": {"P": 0.9600899381675099, "R": 0.7358318098720292, "F1": 0.8331336250135201, "iou": 0.5224412599112533}}
{"arm": "s8_zeros", "step": 100, "train_loss": 1.5046895742416382, "iou": {"nocls": 0.16344578605667132, "drivable": 0.5082583090773709, "lane": 0.0, "crosswalk": 0.0, "arrow": 0.0, "edge": 0.0, "hatched": 0.0, "sidewalk": 0.3690646653582729}}
{"arm": "s8_zeros", "step": 200, "train_loss": 1.4486514329910278, "iou": {"nocls": 0.11554150520089741, "drivable": 0.4913557500383848, "lane": 0.0, "crosswalk": 0.0, "arrow": 0.0, "edge": 0.0, "hatched": 0.0, "sidewalk": 0.4270334165309567}}
{"arm": "s8_zeros", "step": 300, "train_loss": 1.5666780471801758, "iou": {"nocls": 0.07835219607255284, "drivable": 0.5128316418260358, "lane": 0.0, "crosswalk": 0.0, "arrow": 0.0, "edge": 0.0, "hatched": 0.0, "sidewalk": 0.4382999837533317}}
{"arm": "s8_zeros", "step": 400, "train_loss": 1.5044077634811401, "iou": {"nocls": 0.17877031652599684, "drivable": 0.517022687946148, "lane": 0.0, "crosswalk": 0.0, "arrow": 0.0, "edge": 0.0, "hatched": 0.0, "sidewalk": 0.43368999014500914}}
{"arm": "s8_zeros", "step": 500, "train_loss": 1.5779197216033936, "iou": {"nocls": 0.07628869852720169, "drivable": 0.5103468917709839, "lane": 0.0, "crosswalk": 0.0, "arrow": 0.0, "edge": 0.0, "hatched": 0.0, "sidewalk": 0.4418210547021073}}
{"arm": "s8_zeros", "step": 600, "train_loss": 1.3791834115982056, "iou": {"nocls": 0.13966470996227565, "drivable": 0.5073694817134807, "lane": 0.0, "crosswalk": 0.0, "arrow": 0.0, "edge": 0.0, "hatched": 0.0, "sidewalk": 0.4401530736390382}}
{"arm": "s8_zeros", "step": 700, "train_loss": 1.382766604423523, "iou": {"nocls": 0.18898655247539628, "drivable": 0.502835665092358, "lane": 0.0, "crosswalk": 0.0, "arrow": 0.0, "edge": 0.0, "hatched": 0.0, "sidewalk": 0.4277333895957363}}
{"arm": "s8_zeros", "step": 800, "train_loss": 1.4035916328430176, "iou": {"nocls": 0.06253558009791643, "drivable": 0.5127500303840089, "lane": 0.0, "crosswalk": 0.0, "arrow": 0.0, "edge": 0.0, "hatched": 0.0, "sidewalk": 0.41558149872493744}}
{"arm": "s8_zeros", "step": 900, "train_loss": 1.6289470195770264, "iou": {"nocls": 0.07045287082695686, "drivable": 0.5087114515501608, "lane": 0.0, "crosswalk": 0.0, "arrow": 0.0, "edge": 0.0, "hatched": 0.0, "sidewalk": 0.43601889527268917}}
{"arm": "s8_zeros", "step": 1000, "train_loss": 1.320928692817688, "iou": {"nocls": 0.2057931432022179, "drivable": 0.5150775605795554, "lane": 0.0, "crosswalk": 0.0, "arrow": 0.0, "edge": 0.0, "hatched": 0.0, "sidewalk": 0.42664716527667396}}
{"arm": "near_block_zeros", "step": 100, "train_loss": 1.218815565109253, "iou": {"nocls": 0.03690303229132493, "drivable": 0.6545056222067116, "lane": 0.0, "crosswalk": 0.48500413938436066, "arrow": 0.0, "edge": 0.0, "hatched": 0.5599052179493509, "sidewalk": 0.5445044701150522}}
{"arm": "near_block_zeros", "step": 200, "train_loss": 0.7247536182403564, "iou": {"nocls": 0.655890377551176, "drivable": 0.7549835666954523, "lane": 8.307717869901138e-05, "crosswalk": 0.5903510661210424, "arrow": 0.3318943626206196, "edge": 0.0, "hatched": 0.7181537102473499, "sidewalk": 0.768254304075318}}
{"arm": "near_block_zeros", "step": 300, "train_loss": 0.5624958276748657, "iou": {"nocls": 0.7530191203370858, "drivable": 0.8132672662739959, "lane": 0.12511156186612576, "crosswalk": 0.6331063403410462, "arrow": 0.4878238341968912, "edge": 0.0, "hatched": 0.6551347414420976, "sidewalk": 0.8395359871526595}}
{"arm": "near_block_zeros", "step": 400, "train_loss": 0.43545225262641907, "iou": {"nocls": 0.7943117492751622, "drivable": 0.8651361435751951, "lane": 0.3194773494148898, "crosswalk": 0.7043622704192385, "arrow": 0.6477864583333334, "edge": 0.004816847765206677, "hatched": 0.7729594295075648, "sidewalk": 0.8908453756330721}}
{"arm": "near_block_zeros", "step": 500, "train_loss": 0.4315090775489807, "iou": {"nocls": 0.7696626350479038, "drivable": 0.8308997820387864, "lane": 0.3769207223752678, "crosswalk": 0.6342231268211969, "arrow": 0.6408952187182095, "edge": 0.027616926503340758, "hatched": 0.654656128810564, "sidewalk": 0.8665744189127522}}
{"arm": "near_block_zeros", "step": 600, "train_loss": 0.3520275354385376, "iou": {"nocls": 0.8458642443527649, "drivable": 0.891678826799491, "lane": 0.4146739130434783, "crosswalk": 0.7419718848618151, "arrow": 0.5620185922974767, "edge": 0.04513888888888889, "hatched": 0.7977191732002851, "sidewalk": 0.9143914338839267}}
{"arm": "near_block_zeros", "step": 700, "train_loss": 0.3257239758968353, "iou": {"nocls": 0.8466631785952694, "drivable": 0.8903935451243621, "lane": 0.3665165165165165, "crosswalk": 0.7513653863371833, "arrow": 0.6978368634520055, "edge": 0.09276259607173357, "hatched": 0.7720843567375286, "sidewalk": 0.9221233711564318}}
{"arm": "near_block_zeros", "step": 800, "train_loss": 0.25299254059791565, "iou": {"nocls": 0.8817540139641059, "drivable": 0.9104933909054848, "lane": 0.4595931053970048, "crosswalk": 0.7815370571118845, "arrow": 0.7133414932680539, "edge": 0.11732130037944827, "hatched": 0.8139546399920768, "sidewalk": 0.9368785305806566}}
{"arm": "near_block_zeros", "step": 900, "train_loss": 0.22893719375133514, "iou": {"nocls": 0.892744968785141, "drivable": 0.9104703821272515, "lane": 0.44112953583570386, "crosswalk": 0.7768277286812808, "arrow": 0.7156198925986458, "edge": 0.129456091198918, "hatched": 0.8266954229571052, "sidewalk": 0.942173957507734}}
{"arm": "near_block_zeros", "step": 1000, "train_loss": 0.21067090332508087, "iou": {"nocls": 0.8538661434026305, "drivable": 0.915570521508271, "lane": 0.4593642225221173, "crosswalk": 0.7956642685851318, "arrow": 0.7000772996650347, "edge": 0.13398173878523223, "hatched": 0.8259966777408638, "sidewalk": 0.9238366433637156}}
{"arm": "lane_w0", "step": 100, "train_loss": 1.104235291481018, "iou": {"nocls": 0.13473788710255633, "drivable": 0.6288729728024232, "lane": 0.0, "crosswalk": 0.4719080527193738, "arrow": 0.0, "edge": 0.0, "hatched": 0.5561921949018723, "sidewalk": 0.4985789540813257}}
{"arm": "lane_w0", "step": 200, "train_loss": 0.6884911060333252, "iou": {"nocls": 0.6034360959620221, "drivable": 0.7630017168341172, "lane": 0.0, "crosswalk": 0.5754005430554012, "arrow": 0.4024946030223075, "edge": 0.0, "hatched": 0.6968629424593189, "sidewalk": 0.7502868321114285}}
{"arm": "lane_w0", "step": 300, "train_loss": 0.4151824414730072, "iou": {"nocls": 0.75920897542236, "drivable": 0.8147156269708032, "lane": 0.0, "crosswalk": 0.6518106332449252, "arrow": 0.57938986307951, "edge": 0.0, "hatched": 0.6980151671191835, "sidewalk": 0.8320613322209917}}
{"arm": "lane_w0", "step": 400, "train_loss": 0.39000803232192993, "iou": {"nocls": 0.7751207799908625, "drivable": 0.8556155936408215, "lane": 0.0, "crosswalk": 0.6620623555279923, "arrow": 0.6167070217917675, "edge": 0.014774494556765163, "hatched": 0.7719559254265657, "sidewalk": 0.8617666560959437}}
{"arm": "lane_w0", "step": 500, "train_loss": 0.28515931963920593, "iou": {"nocls": 0.806514745308311, "drivable": 0.8569083335971454, "lane": 0.0, "crosswalk": 0.6943886255924171, "arrow": 0.6071160110248058, "edge": 0.04646063896429317, "hatched": 0.7767489711934157, "sidewalk": 0.876547986473116}}
{"arm": "lane_w0", "step": 600, "train_loss": 0.27989381551742554, "iou": {"nocls": 0.8581061382637563, "drivable": 0.8882158333721635, "lane": 0.0, "crosswalk": 0.7449811734877296, "arrow": 0.6627218934911243, "edge": 0.05800610590588483, "hatched": 0.8021127097175087, "sidewalk": 0.9260550313218618}}
{"arm": "lane_w0", "step": 700, "train_loss": 0.2754588723182678, "iou": {"nocls": 0.853111512781733, "drivable": 0.8876635405812203, "lane": 0.0, "crosswalk": 0.7560298518224754, "arrow": 0.7026467203682394, "edge": 0.13530635400907715, "hatched": 0.8092572557505057, "sidewalk": 0.9241183089535444}}
{"arm": "lane_w0", "step": 800, "train_loss": 0.22941188514232635, "iou": {"nocls": 0.8774923257187679, "drivable": 0.9022708257817719, "lane": 0.0, "crosswalk": 0.7834970530451867, "arrow": 0.663036902601331, "edge": 0.1649269311064718, "hatched": 0.8139016711068056, "sidewalk": 0.9316455223648434}}
{"arm": "lane_w0", "step": 900, "train_loss": 0.2101300209760666, "iou": {"nocls": 0.8758435568325741, "drivable": 0.8832501788454062, "lane": 0.0, "crosswalk": 0.7726460534493474, "arrow": 0.6679343474779824, "edge": 0.11112943116240726, "hatched": 0.8176900314407249, "sidewalk": 0.9024267817639704}}
{"arm": "lane_w0", "step": 1000, "train_loss": 0.1645697057247162, "iou": {"nocls": 0.8826563633867457, "drivable": 0.9136960173345412, "lane": 0.0, "crosswalk": 0.8063491444829871, "arrow": 0.7291319857312722, "edge": 0.21557260078487336, "hatched": 0.8113413304252999, "sidewalk": 0.9418978550564756}}
{"arm": "s8_detached", "step": 100, "train_loss": 1.1537144184112549, "iou": {"nocls": 0.32482984623140915, "drivable": 0.6464123379346204, "lane": 0.0, "crosswalk": 0.5404325052837933, "arrow": 0.0, "edge": 0.0, "hatched": 0.6163857168751132, "sidewalk": 0.6215583881673915}}
{"arm": "s8_detached", "step": 200, "train_loss": 0.7441865801811218, "iou": {"nocls": 0.5783357743004702, "drivable": 0.7748935915113003, "lane": 0.0, "crosswalk": 0.6072076699195343, "arrow": 0.04349070100143061, "edge": 0.0, "hatched": 0.6823221435170927, "sidewalk": 0.7739170888594877}}
{"arm": "s8_detached", "step": 300, "train_loss": 0.5540024638175964, "iou": {"nocls": 0.7786551740117708, "drivable": 0.8355130487332252, "lane": 0.1693516699410609, "crosswalk": 0.6528421483097055, "arrow": 0.5861012956419317, "edge": 0.0, "hatched": 0.726254308693987, "sidewalk": 0.8626649745431416}}
{"arm": "s8_detached", "step": 400, "train_loss": 0.47449710965156555, "iou": {"nocls": 0.7660695674196156, "drivable": 0.8511652485018852, "lane": 0.27856135401974613, "crosswalk": 0.6567778021495942, "arrow": 0.6438095238095238, "edge": 0.024888888888888887, "hatched": 0.6608306391444915, "sidewalk": 0.8848973339654984}}
{"arm": "s8_detached", "step": 500, "train_loss": 0.3731605112552643, "iou": {"nocls": 0.814430480788887, "drivable": 0.8673797709751182, "lane": 0.2778494950261979, "crosswalk": 0.6938960870451722, "arrow": 0.6690561529271206, "edge": 0.012248079278476784, "hatched": 0.7029071492138831, "sidewalk": 0.8787839827952968}}
{"arm": "s8_detached", "step": 600, "train_loss": 0.35780462622642517, "iou": {"nocls": 0.8296119488060991, "drivable": 0.8799311416638778, "lane": 0.33486654122238485, "crosswalk": 0.7252326320116597, "arrow": 0.656856734109953, "edge": 0.05131016335928078, "hatched": 0.7974504894149784, "sidewalk": 0.8978981184029371}}
{"arm": "s8_detached", "step": 700, "train_loss": 0.3237972855567932, "iou": {"nocls": 0.7429377128615543, "drivable": 0.883338235662966, "lane": 0.3527291838726631, "crosswalk": 0.7043035484843198, "arrow": 0.6754367501578615, "edge": 0.04731896075179657, "hatched": 0.8066851581966057, "sidewalk": 0.8954702160026164}}
{"arm": "s8_detached", "step": 800, "train_loss": 0.28557121753692627, "iou": {"nocls": 0.8336971796752782, "drivable": 0.8883073819433978, "lane": 0.4449384821537337, "crosswalk": 0.7534419626510436, "arrow": 0.6411682892906815, "edge": 0.05952641964481473, "hatched": 0.7845032790867136, "sidewalk": 0.9079848657900975}}
{"arm": "s8_detached", "step": 900, "train_loss": 0.22451935708522797, "iou": {"nocls": 0.8690798277057714, "drivable": 0.9082994589313202, "lane": 0.4276678679120394, "crosswalk": 0.7607963531491302, "arrow": 0.710138140950597, "edge": 0.11759287688056494, "hatched": 0.7797247628002394, "sidewalk": 0.9341559941834577}}
{"arm": "s8_detached", "step": 1000, "train_loss": 0.2628372311592102, "iou": {"nocls": 0.8450936021394775, "drivable": 0.8931305820096251, "lane": 0.4292904578818595, "crosswalk": 0.747057385351542, "arrow": 0.7028086218158066, "edge": 0.09187094070815001, "hatched": 0.7938061041292639, "sidewalk": 0.9349438252142636}}
{
 "MAIN": {
  "presence_short": {},
  "inconclusive": false,
  "bars": {
   "nocls": true,
   "drivable": true,
   "sidewalk": true,
   "lane": true,
   "crosswalk": true,
   "arrow": true,
   "edge": false,
   "hatched": true
  },
  "ce_ratio_ok": {
   "nocls": true,
   "drivable": true,
   "lane": true,
   "crosswalk": true,
   "arrow": true,
   "edge": true,
   "hatched": true,
   "sidewalk": true
  },
  "loss_finite_every_step": true,
  "verdict": "FAIL"
 },
 "regression_arms": {
  "lane_w0": {
   "ran": true,
   "must_fail": [
    "lane"
   ],
   "failed": [
    "lane"
   ],
   "rule": "any",
   "failed_as_required": true
  },
  "s8_zeros": {
   "ran": true,
   "must_fail": [
    "lane",
    "crosswalk",
    "arrow",
    "edge",
    "hatched"
   ],
   "failed": [
    "lane",
    "crosswalk",
    "arrow",
    "edge",
    "hatched"
   ],
   "rule": "all",
   "failed_as_required": true
  },
  "near_block_zeros": {
   "ran": true,
   "must_fail": [
    "edge"
   ],
   "failed": [
    "edge"
   ],
   "rule": "any",
   "failed_as_required": true
  }
 },
 "controls_reproduced": true,
 "time_guard": {
  "kinds": [
   "time_1ms"
  ],
  "time_1ms_on_every_clip": true
 },
 "G_MAP_OVERFIT": "FAIL"
}
{"stamped": "/home/nvidia/nb2r3_2374/gmo_a15/g_map_overfit_A15.EARLY_NONBINDING.json", "binding": false, "harness_exit_code": 2, "wall_s": 3208.0}
[a15] exit 0 at 12:28:20Z; done-marker /home/nvidia/nb2r3_2374/gmo_a15/A15_DONE
