[a16] waiting for /home/nvidia/nb2r3_2374/gmo_a15/A15_DONE at 13:26:27Z
[a16] done-marker seen at 13:26:27Z: {"exit_code": 0, "exit_utc": "2026-09-27T12:28:20Z", "record": "/home/nvidia/nb2r3_2374/gmo_a15/g_map_overfit_A15.EARLY_NONBINDING.json"}
[a16] box pid '' (empty = none) gone at 13:26:27Z
[a16] A16 arm start 13:26:48Z (stopped GPU processes tolerated)
{"arm": "healthy", "step": 100, "train_loss": 1.7563261985778809, "iou": {"nocls": 0.04014121547313559, "drivable": 0.4125668622121829, "lane": 0.0, "crosswalk": 0.35702663574750493, "arrow": 0.0, "edge": 0.0, "hatched": 0.5359682713347921, "sidewalk": 0.2803866105816903}}
{"arm": "healthy", "step": 200, "train_loss": 1.1374945640563965, "iou": {"nocls": 0.040096216612567175, "drivable": 0.486462820251538, "lane": 0.0, "crosswalk": 0.472269791197236, "arrow": 0.33542116630669544, "edge": 0.0, "hatched": 0.6315414991639688, "sidewalk": 0.40341326529538196}}
{"arm": "healthy", "step": 300, "train_loss": 1.0332921743392944, "iou": {"nocls": 0.011384079698230003, "drivable": 0.568656237284462, "lane": 0.0040529363110008276, "crosswalk": 0.6110795756909213, "arrow": 0.5660117878192534, "edge": 0.0, "hatched": 0.6247953982135341, "sidewalk": 0.5239514764873616}}
{"arm": "healthy", "step": 400, "train_loss": 0.5531629920005798, "iou": {"nocls": 0.3128527644595497, "drivable": 0.693831090552584, "lane": 0.14882610425785914, "crosswalk": 0.6436800690593977, "arrow": 0.6126599634369287, "edge": 0.0, "hatched": 0.7273682827486533, "sidewalk": 0.6406041931001148}}
{"arm": "healthy", "step": 500, "train_loss": 0.505302369594574, "iou": {"nocls": 0.5027776283223931, "drivable": 0.7405009147023598, "lane": 0.26449301325689717, "crosswalk": 0.6514905535832158, "arrow": 0.6440677966101694, "edge": 0.007466844979382593, "hatched": 0.7592423550890005, "sidewalk": 0.7086078042506742}}
{"arm": "healthy", "step": 600, "train_loss": 0.33748841285705566, "iou": {"nocls": 0.634094335751055, "drivable": 0.8193861463632806, "lane": 0.3025014132278123, "crosswalk": 0.6924825969846433, "arrow": 0.6319593670638797, "edge": 0.07696810067310507, "hatched": 0.764127875384894, "sidewalk": 0.8069912182042055}}
{"arm": "healthy", "step": 700, "train_loss": 0.24907748401165009, "iou": {"nocls": 0.6464559961177243, "drivable": 0.839422687205096, "lane": 0.3661228082052671, "crosswalk": 0.698502099134431, "arrow": 0.6584199584199584, "edge": 0.12699753150578147, "hatched": 0.7624573681179961, "sidewalk": 0.830438048311501}}
{"arm": "healthy", "step": 800, "train_loss": 0.2825075685977936, "iou": {"nocls": 0.7772487641146318, "drivable": 0.8769181131249592, "lane": 0.3918014500836587, "crosswalk": 0.7302284710017575, "arrow": 0.7030669144981413, "edge": 0.09236794345209666, "hatched": 0.7811151079136691, "sidewalk": 0.8908347963510136}}
{"arm": "healthy", "step": 900, "train_loss": 0.1758805811405182, "iou": {"nocls": 0.7426258094622141, "drivable": 0.867514409271122, "lane": 0.42631948433212075, "crosswalk": 0.7179523489220094, "arrow": 0.6823386114494518, "edge": 0.08561260803253685, "hatched": 0.7865223327481958, "sidewalk": 0.8818737270875764}}
{"arm": "healthy", "step": 1000, "train_loss": 0.3928823173046112, "iou": {"nocls": 0.6076563358389945, "drivable": 0.8130160597580439, "lane": 0.36293134115972964, "crosswalk": 0.5480216622458002, "arrow": 0.6898971000935453, "edge": 0.0543321671125746, "hatched": 0.6055752814081741, "sidewalk": 0.7947961491002249}}
{"diag": "MAIN_final", "edge_tol": {"P": 0.8694424841213833, "R": 0.11881300260505154, "F1": 0.20905742192848922, "iou": 0.0543321671125746}, "lane_tol": {"P": 0.9095759618084808, "R": 0.5157885989695862, "F1": 0.658286201168794, "iou": 0.36293134115972964}}
{"arm": "s8_zeros", "step": 100, "train_loss": 2.030426502227783, "iou": {"nocls": 0.1431189705253453, "drivable": 0.4787119955846171, "lane": 0.0, "crosswalk": 0.0, "arrow": 0.0, "edge": 0.0, "hatched": 0.0, "sidewalk": 0.0736103639388973}}
{"arm": "s8_zeros", "step": 200, "train_loss": 1.5865837335586548, "iou": {"nocls": 0.17667369940313615, "drivable": 0.49192428846207453, "lane": 0.0, "crosswalk": 0.0, "arrow": 0.0, "edge": 0.0, "hatched": 0.0, "sidewalk": 0.2010447671575986}}
{"arm": "s8_zeros", "step": 300, "train_loss": 1.9310293197631836, "iou": {"nocls": 0.09004527608099865, "drivable": 0.4680135819599084, "lane": 0.0, "crosswalk": 0.0, "arrow": 0.0, "edge": 0.0, "hatched": 0.0, "sidewalk": 0.4035022887172975}}
{"arm": "s8_zeros", "step": 400, "train_loss": 1.6540658473968506, "iou": {"nocls": 0.021582097473243505, "drivable": 0.4984316575588256, "lane": 0.0, "crosswalk": 0.0, "arrow": 0.0, "edge": 0.0, "hatched": 0.0, "sidewalk": 0.37368902151213523}}
{"arm": "s8_zeros", "step": 500, "train_loss": 1.8443037271499634, "iou": {"nocls": 0.18842519237688826, "drivable": 0.5029506222995875, "lane": 0.0, "crosswalk": 0.0, "arrow": 0.0, "edge": 0.0, "hatched": 0.0, "sidewalk": 0.3417296066698457}}
{"arm": "s8_zeros", "step": 600, "train_loss": 1.351366639137268, "iou": {"nocls": 0.20281603997631611, "drivable": 0.5161085447708342, "lane": 0.0, "crosswalk": 0.0, "arrow": 0.0, "edge": 0.0, "hatched": 0.0, "sidewalk": 0.3887866663268687}}
{"arm": "s8_zeros", "step": 700, "train_loss": 1.2669265270233154, "iou": {"nocls": 0.1951305296553902, "drivable": 0.5151941491644291, "lane": 0.0, "crosswalk": 0.0, "arrow": 0.0, "edge": 0.0, "hatched": 0.0, "sidewalk": 0.40527203170909665}}
{"arm": "s8_zeros", "step": 800, "train_loss": 1.7214128971099854, "iou": {"nocls": 0.13469796493372033, "drivable": 0.5146160886682214, "lane": 0.0, "crosswalk": 0.0, "arrow": 0.0, "edge": 0.0, "hatched": 0.0, "sidewalk": 0.43097303199489073}}
{"arm": "s8_zeros", "step": 900, "train_loss": 1.4500452280044556, "iou": {"nocls": 0.17649773839195051, "drivable": 0.5090082553765112, "lane": 0.0, "crosswalk": 0.0, "arrow": 0.0, "edge": 0.0, "hatched": 0.0, "sidewalk": 0.43072230574032505}}
{"arm": "s8_zeros", "step": 1000, "train_loss": 1.5625888109207153, "iou": {"nocls": 0.15637565319311725, "drivable": 0.5145795292528578, "lane": 0.0, "crosswalk": 0.0, "arrow": 0.0, "edge": 0.0, "hatched": 0.0, "sidewalk": 0.42881928293672206}}
{"arm": "edge_w0", "step": 100, "train_loss": 1.6618313789367676, "iou": {"nocls": 0.04153377432547416, "drivable": 0.2900380107111001, "lane": 0.0, "crosswalk": 0.240750247515676, "arrow": 0.0, "edge": 0.0, "hatched": 0.5912674562488952, "sidewalk": 0.3118066212640293}}
{"arm": "edge_w0", "step": 200, "train_loss": 1.0402755737304688, "iou": {"nocls": 0.018668793095360944, "drivable": 0.5306897024709427, "lane": 0.0, "crosswalk": 0.4496729123610091, "arrow": 0.2179521633969363, "edge": 0.0, "hatched": 0.5380081678113978, "sidewalk": 0.3733518773284597}}
{"arm": "edge_w0", "step": 300, "train_loss": 1.0173900127410889, "iou": {"nocls": 0.008241621680734092, "drivable": 0.5458061251974637, "lane": 0.0, "crosswalk": 0.4605743355328639, "arrow": 0.39458615304528893, "edge": 0.0, "hatched": 0.6730492872956072, "sidewalk": 0.4668895360761311}}
{"arm": "edge_w0", "step": 400, "train_loss": 0.46794593334198, "iou": {"nocls": 0.011851602491113774, "drivable": 0.6054684679549298, "lane": 0.0, "crosswalk": 0.5899373353918809, "arrow": 0.4543236649498509, "edge": 0.0, "hatched": 0.6970584260552277, "sidewalk": 0.49962858228168655}}
{"arm": "edge_w0", "step": 500, "train_loss": 0.45960190892219543, "iou": {"nocls": 0.17537193150403924, "drivable": 0.7195809961369156, "lane": 0.01996685998342999, "crosswalk": 0.6592591290282881, "arrow": 0.6014875239923224, "edge": 0.0, "hatched": 0.7335656432473159, "sidewalk": 0.6091472192134741}}
{"arm": "edge_w0", "step": 600, "train_loss": 0.21373949944972992, "iou": {"nocls": 0.43147759558782567, "drivable": 0.7665381521648684, "lane": 0.12456579691412877, "crosswalk": 0.656298281570235, "arrow": 0.6120393120393121, "edge": 0.0, "hatched": 0.7682495985317733, "sidewalk": 0.6997100627553059}}
{"arm": "edge_w0", "step": 700, "train_loss": 0.1460433155298233, "iou": {"nocls": 0.6808107837515587, "drivable": 0.8369209990257728, "lane": 0.302408691301551, "crosswalk": 0.6949824189317408, "arrow": 0.6622088006902502, "edge": 0.0, "hatched": 0.7967056783701777, "sidewalk": 0.8143751797751849}}
{"arm": "edge_w0", "step": 800, "train_loss": 0.23521417379379272, "iou": {"nocls": 0.7093162588611936, "drivable": 0.8457730371769809, "lane": 0.2931451004076702, "crosswalk": 0.6782626672680799, "arrow": 0.6136541982736071, "edge": 0.0, "hatched": 0.7670931158910914, "sidewalk": 0.8380425344028258}}
{"arm": "edge_w0", "step": 900, "train_loss": 0.2387491911649704, "iou": {"nocls": 0.5567857075266375, "drivable": 0.7201000834028357, "lane": 0.11215337776680655, "crosswalk": 0.6645564792921974, "arrow": 0.5839267548321465, "edge": 0.0, "hatched": 0.7401960784313726, "sidewalk": 0.6829616675288764}}
{"arm": "edge_w0", "step": 1000, "train_loss": 0.15332697331905365, "iou": {"nocls": 0.8073809501371205, "drivable": 0.888212745676034, "lane": 0.37827330741582926, "crosswalk": 0.7513902579649228, "arrow": 0.684407796101949, "edge": 0.0, "hatched": 0.8006267858788828, "sidewalk": 0.9061202377544456}}
{"arm": "lane_w0", "step": 100, "train_loss": 1.6580069065093994, "iou": {"nocls": 0.06111756784179165, "drivable": 0.3888617748990797, "lane": 0.0, "crosswalk": 0.32727979652340145, "arrow": 0.0, "edge": 0.0, "hatched": 0.5505373464126686, "sidewalk": 0.09102378344913338}}
Terminated
[a16] exit 143 at 14:01:24Z; done-marker /home/nvidia/nb2r4_1b81/gmo_a16/A16_DONE
