[a171] A17.1 arm start 14:07:34Z (stopped GPU processes tolerated)
[a171] python pid 3811001
{"arm": "healthy", "step": 100, "train_loss": 1.2168173789978027, "iou": {"nocls": 0.02956981813824443, "drivable": 0.6310220501571503, "lane": 0.0, "crosswalk": 0.4958662800122481, "arrow": 0.0, "edge": 0.0, "hatched": 0.5717688297681107, "sidewalk": 0.5478974591890735}}
{"arm": "healthy", "step": 200, "train_loss": 0.779829740524292, "iou": {"nocls": 0.4735342177955881, "drivable": 0.6962443647402133, "lane": 0.07078706727629, "crosswalk": 0.5703908941141231, "arrow": 0.20157819225251075, "edge": 0.0, "hatched": 0.6906465891697349, "sidewalk": 0.6624582955343445}}
{"arm": "healthy", "step": 300, "train_loss": 0.5833531022071838, "iou": {"nocls": 0.7267983023370189, "drivable": 0.8150633569377338, "lane": 0.16799628223995042, "crosswalk": 0.6011241217798595, "arrow": 0.574924774322969, "edge": 0.0026003391746749578, "hatched": 0.686812670363756, "sidewalk": 0.8330129475296776}}
{"arm": "healthy", "step": 400, "train_loss": 0.47188708186149597, "iou": {"nocls": 0.783664605697379, "drivable": 0.8511005387312857, "lane": 0.14342597107102226, "crosswalk": 0.6675030657485143, "arrow": 0.3082915971062883, "edge": 0.004711689477226834, "hatched": 0.7477537755687249, "sidewalk": 0.8822374457153342}}
{"arm": "healthy", "step": 500, "train_loss": 0.3705417811870575, "iou": {"nocls": 0.8201230512143711, "drivable": 0.883052005029535, "lane": 0.28993991680788783, "crosswalk": 0.7207276736493936, "arrow": 0.6679307892865608, "edge": 0.0424388639105165, "hatched": 0.7435224344951631, "sidewalk": 0.9023092363389387}}
{"arm": "healthy", "step": 600, "train_loss": 0.35275036096572876, "iou": {"nocls": 0.835026478418407, "drivable": 0.8797799071053751, "lane": 0.3543602037758466, "crosswalk": 0.708105741963725, "arrow": 0.5584415584415584, "edge": 0.043516677711508724, "hatched": 0.7696078431372549, "sidewalk": 0.9107352836235809}}
{"arm": "healthy", "step": 700, "train_loss": 0.28419625759124756, "iou": {"nocls": 0.8672056313174905, "drivable": 0.9032886112599314, "lane": 0.4224175504867064, "crosswalk": 0.7637334464895066, "arrow": 0.699583435432492, "edge": 0.12706796890572056, "hatched": 0.8257064028160974, "sidewalk": 0.9398063509252477}}
{"arm": "healthy", "step": 800, "train_loss": 0.2688872814178467, "iou": {"nocls": 0.886283648815752, "drivable": 0.9146677953692688, "lane": 0.44640494044993384, "crosswalk": 0.7739294117647059, "arrow": 0.675197889182058, "edge": 0.13479492289940206, "hatched": 0.8219309157018467, "sidewalk": 0.9430262659326173}}
{"arm": "healthy", "step": 900, "train_loss": 0.22142904996871948, "iou": {"nocls": 0.8816126755331005, "drivable": 0.9046469049493566, "lane": 0.46425641025641023, "crosswalk": 0.7394036082880328, "arrow": 0.6898324022346368, "edge": 0.14908524717789023, "hatched": 0.7895890410958905, "sidewalk": 0.9385033987867781}}
{"arm": "healthy", "step": 1000, "train_loss": 0.16672192513942719, "iou": {"nocls": 0.9211865062478239, "drivable": 0.9317224356476068, "lane": 0.538174512055109, "crosswalk": 0.8055523221976487, "arrow": 0.7450932286555446, "edge": 0.25384461753545035, "hatched": 0.8399960950846879, "sidewalk": 0.9616835984880087}}
{"diag": "MAIN_final", "edge_tol": {"P": 0.9739737053930776, "R": 0.509117680371503, "F1": 0.6686941052886313, "iou": 0.25384461753545035}, "lane_tol": {"P": 0.9635184003403531, "R": 0.7655808542463022, "F1": 0.8532202394488164, "iou": 0.538174512055109}}
{"arm": "s8_zeros", "step": 100, "train_loss": 1.5166250467300415, "iou": {"nocls": 0.176499909371035, "drivable": 0.49098871758136203, "lane": 0.0, "crosswalk": 0.0, "arrow": 0.0, "edge": 0.0, "hatched": 0.0, "sidewalk": 0.2763925700659492}}
{"arm": "s8_zeros", "step": 200, "train_loss": 1.4438225030899048, "iou": {"nocls": 0.006033392738025309, "drivable": 0.5017708551516652, "lane": 0.0, "crosswalk": 0.0, "arrow": 0.0, "edge": 0.0, "hatched": 0.0, "sidewalk": 0.42301878235894336}}
{"arm": "s8_zeros", "step": 300, "train_loss": 1.5746078491210938, "iou": {"nocls": 0.05174733766483411, "drivable": 0.5121709924809444, "lane": 0.0, "crosswalk": 0.0, "arrow": 0.0, "edge": 0.0, "hatched": 0.0, "sidewalk": 0.42888032215617167}}
{"arm": "s8_zeros", "step": 400, "train_loss": 1.5207188129425049, "iou": {"nocls": 0.11747562526494278, "drivable": 0.5158172834465117, "lane": 0.0, "crosswalk": 0.0, "arrow": 0.0, "edge": 0.0, "hatched": 0.0, "sidewalk": 0.416992856673519}}
{"arm": "s8_zeros", "step": 500, "train_loss": 1.5871200561523438, "iou": {"nocls": 0.06694620208133721, "drivable": 0.5035492946945114, "lane": 0.0, "crosswalk": 0.0, "arrow": 0.0, "edge": 0.0, "hatched": 0.0, "sidewalk": 0.4371017915901807}}
{"arm": "s8_zeros", "step": 600, "train_loss": 1.3878390789031982, "iou": {"nocls": 0.1549932440732097, "drivable": 0.5106574496437907, "lane": 0.0, "crosswalk": 0.0, "arrow": 0.0, "edge": 0.0, "hatched": 0.0, "sidewalk": 0.4410130292866713}}
{"arm": "s8_zeros", "step": 700, "train_loss": 1.3910659551620483, "iou": {"nocls": 0.1778583405788101, "drivable": 0.5120948039071506, "lane": 0.0, "crosswalk": 0.0, "arrow": 0.0, "edge": 0.0, "hatched": 0.0, "sidewalk": 0.4320385646812104}}
{"arm": "s8_zeros", "step": 800, "train_loss": 1.4043115377426147, "iou": {"nocls": 0.08060586900732696, "drivable": 0.511929099869303, "lane": 0.0, "crosswalk": 0.0, "arrow": 0.0, "edge": 0.0, "hatched": 0.0, "sidewalk": 0.41232466108593663}}
{"arm": "s8_zeros", "step": 900, "train_loss": 1.628544807434082, "iou": {"nocls": 0.1036393983925688, "drivable": 0.5071941079844154, "lane": 0.0, "crosswalk": 0.0, "arrow": 0.0, "edge": 0.0, "hatched": 0.0, "sidewalk": 0.4352605118326306}}
{"arm": "s8_zeros", "step": 1000, "train_loss": 1.338698148727417, "iou": {"nocls": 0.16998721247809545, "drivable": 0.5170556638530501, "lane": 0.0, "crosswalk": 0.0, "arrow": 0.0, "edge": 0.0, "hatched": 0.0, "sidewalk": 0.43756831011463393}}
{"arm": "near_block_zeros", "step": 100, "train_loss": 1.1580859422683716, "iou": {"nocls": 0.13141939077852144, "drivable": 0.6525182846442577, "lane": 0.0, "crosswalk": 0.46920276208411804, "arrow": 0.0, "edge": 0.0, "hatched": 0.6014074595355383, "sidewalk": 0.5966484582683701}}
{"arm": "near_block_zeros", "step": 200, "train_loss": 0.7825083136558533, "iou": {"nocls": 0.5166910311812238, "drivable": 0.7452806485653507, "lane": 0.001987083954297069, "crosswalk": 0.5753890099977449, "arrow": 0.4378140703517588, "edge": 0.0, "hatched": 0.706378583110958, "sidewalk": 0.727900105914488}}
{"arm": "near_block_zeros", "step": 300, "train_loss": 0.554781436920166, "iou": {"nocls": 0.7239275241953254, "drivable": 0.8164392708215226, "lane": 0.23548773189706762, "crosswalk": 0.6578559176672384, "arrow": 0.6070609812012838, "edge": 0.02289479562206835, "hatched": 0.30288824226748573, "sidewalk": 0.8419647159400016}}
{"arm": "near_block_zeros", "step": 400, "train_loss": 0.4838135540485382, "iou": {"nocls": 0.7549555228689501, "drivable": 0.8453070280381964, "lane": 0.274683925346177, "crosswalk": 0.6931223568202997, "arrow": 0.5665137614678899, "edge": 0.0027130906624463036, "hatched": 0.7393435004858265, "sidewalk": 0.8666094554532688}}
{"arm": "near_block_zeros", "step": 500, "train_loss": 0.4269729256629944, "iou": {"nocls": 0.745330902281575, "drivable": 0.8239561734322307, "lane": 0.35845002079578536, "crosswalk": 0.7055744801646441, "arrow": 0.6261755485893417, "edge": 0.007881007881007882, "hatched": 0.737470667113644, "sidewalk": 0.8401895691063211}}
{"arm": "near_block_zeros", "step": 600, "train_loss": 0.3198106288909912, "iou": {"nocls": 0.8327529182879377, "drivable": 0.8821467557974496, "lane": 0.39980497318381275, "crosswalk": 0.7263672999424294, "arrow": 0.6220035326772647, "edge": 0.07122062798918694, "hatched": 0.8110097689707857, "sidewalk": 0.9154286324129034}}
{"arm": "near_block_zeros", "step": 700, "train_loss": 0.263081431388855, "iou": {"nocls": 0.8496372373504193, "drivable": 0.8948570794352545, "lane": 0.4015107913669065, "crosswalk": 0.765757890327633, "arrow": 0.6864971611947667, "edge": 0.05305901461829995, "hatched": 0.8201383917919352, "sidewalk": 0.9104163686227479}}
{"arm": "near_block_zeros", "step": 800, "train_loss": 0.291205495595932, "iou": {"nocls": 0.8706885835317517, "drivable": 0.9073698226083097, "lane": 0.46301369863013697, "crosswalk": 0.7786740373044525, "arrow": 0.7053428112818161, "edge": 0.08457659172094978, "hatched": 0.8011870916255175, "sidewalk": 0.9224085873088251}}
{"arm": "near_block_zeros", "step": 900, "train_loss": 0.2329808473587036, "iou": {"nocls": 0.8703608172164417, "drivable": 0.9067613215310265, "lane": 0.37302495992672313, "crosswalk": 0.7781386268678502, "arrow": 0.6672750977835724, "edge": 0.10697152189445748, "hatched": 0.8279812022713922, "sidewalk": 0.9379745795903928}}
{"arm": "near_block_zeros", "step": 1000, "train_loss": 0.16726228594779968, "iou": {"nocls": 0.9144670124300988, "drivable": 0.9292998227926581, "lane": 0.518158379373849, "crosswalk": 0.803711981342921, "arrow": 0.7241979607062919, "edge": 0.19863289103337353, "hatched": 0.8353673723536738, "sidewalk": 0.9559217052112536}}
{"arm": "lane_w0", "step": 100, "train_loss": 1.1422865390777588, "iou": {"nocls": 0.014074066752982338, "drivable": 0.5955619249473335, "lane": 0.0, "crosswalk": 0.32430450978838077, "arrow": 0.0, "edge": 0.0, "hatched": 0.3640890153439691, "sidewalk": 0.5016749460918964}}
{"arm": "lane_w0", "step": 200, "train_loss": 0.6615996956825256, "iou": {"nocls": 0.542800950440068, "drivable": 0.7593307436339946, "lane": 0.0, "crosswalk": 0.5720333570555282, "arrow": 0.3889312008123889, "edge": 0.0, "hatched": 0.646742209631728, "sidewalk": 0.7412897683183682}}
{"arm": "lane_w0", "step": 300, "train_loss": 0.4275711178779602, "iou": {"nocls": 0.6940639697202495, "drivable": 0.8178177081179439, "lane": 0.0, "crosswalk": 0.6337942924216858, "arrow": 0.5890168290522586, "edge": 0.0, "hatched": 0.7202548248079446, "sidewalk": 0.8304509445460085}}
{"arm": "lane_w0", "step": 400, "train_loss": 0.39490607380867004, "iou": {"nocls": 0.7809885021495181, "drivable": 0.8565559220001474, "lane": 0.0, "crosswalk": 0.6880042540707055, "arrow": 0.6128210154871594, "edge": 0.002369400880063184, "hatched": 0.766289621951744, "sidewalk": 0.8718227956116613}}
{"arm": "lane_w0", "step": 500, "train_loss": 0.2855038642883301, "iou": {"nocls": 0.7959283027218411, "drivable": 0.8728707620992318, "lane": 0.0, "crosswalk": 0.721175904684378, "arrow": 0.6537994658897791, "edge": 0.036076294277929154, "hatched": 0.7696368038740921, "sidewalk": 0.8956536020625713}}
{"arm": "lane_w0", "step": 600, "train_loss": 0.31843674182891846, "iou": {"nocls": 0.8457538994800693, "drivable": 0.8810438510606065, "lane": 0.0, "crosswalk": 0.7254919246773397, "arrow": 0.667958343424558, "edge": 0.015084294587400177, "hatched": 0.73488010475489, "sidewalk": 0.9195892070791744}}
{"arm": "lane_w0", "step": 700, "train_loss": 0.25463077425956726, "iou": {"nocls": 0.847348623853211, "drivable": 0.8920260500848725, "lane": 0.0, "crosswalk": 0.7570662094142375, "arrow": 0.7053674268601705, "edge": 0.03810125249973687, "hatched": 0.771461775554545, "sidewalk": 0.9177292652770666}}
{"arm": "lane_w0", "step": 800, "train_loss": 0.23429934680461884, "iou": {"nocls": 0.8683165054940796, "drivable": 0.8963670393581904, "lane": 0.0, "crosswalk": 0.7766347056333621, "arrow": 0.655, "edge": 0.10183044315992293, "hatched": 0.8243275185552876, "sidewalk": 0.9376510345267319}}
{"arm": "lane_w0", "step": 900, "train_loss": 0.2000563144683838, "iou": {"nocls": 0.8755710566389939, "drivable": 0.9050593993091988, "lane": 0.0, "crosswalk": 0.7702126913433045, "arrow": 0.7130733944954128, "edge": 0.12396351575456054, "hatched": 0.8280783582089553, "sidewalk": 0.944076388366082}}
{"arm": "lane_w0", "step": 1000, "train_loss": 0.13878974318504333, "iou": {"nocls": 0.9235302684596339, "drivable": 0.9222989470993889, "lane": 0.0, "crosswalk": 0.8102174208188677, "arrow": 0.7483362090214444, "edge": 0.25116973618715777, "hatched": 0.8513206054011278, "sidewalk": 0.9620105351631923}}
{"arm": "s8_detached", "step": 100, "train_loss": 1.100138545036316, "iou": {"nocls": 0.09868373861272506, "drivable": 0.5314447834650106, "lane": 0.0, "crosswalk": 0.5359245426346775, "arrow": 0.0, "edge": 0.0, "hatched": 0.6204009963657152, "sidewalk": 0.526439975974253}}
{"arm": "s8_detached", "step": 200, "train_loss": 0.7248526811599731, "iou": {"nocls": 0.6565414410348978, "drivable": 0.7918578547869994, "lane": 8.309788931361143e-05, "crosswalk": 0.6068062919448309, "arrow": 0.45487944890929966, "edge": 0.0, "hatched": 0.7286451285520974, "sidewalk": 0.7936683705516688}}
{"arm": "s8_detached", "step": 300, "train_loss": 0.5536569356918335, "iou": {"nocls": 0.7692343608467881, "drivable": 0.8198851082633672, "lane": 0.2220066889632107, "crosswalk": 0.6282900848454821, "arrow": 0.46489167319237795, "edge": 0.0, "hatched": 0.4222650753114088, "sidewalk": 0.8599334757270994}}
{"arm": "s8_detached", "step": 400, "train_loss": 0.48454225063323975, "iou": {"nocls": 0.7463089578290597, "drivable": 0.853821106472835, "lane": 0.1431125558715969, "crosswalk": 0.6410147523125497, "arrow": 0.4978813559322034, "edge": 0.00011295606009262397, "hatched": 0.7353426725154474, "sidewalk": 0.8590365135589597}}
{"arm": "s8_detached", "step": 500, "train_loss": 0.37429893016815186, "iou": {"nocls": 0.8454013573601685, "drivable": 0.8728712008424416, "lane": 0.2683129436640991, "crosswalk": 0.7074402499788869, "arrow": 0.645808263136783, "edge": 0.018656302054414216, "hatched": 0.7827820226852071, "sidewalk": 0.9054324284413379}}
{"arm": "s8_detached", "step": 600, "train_loss": 0.37134063243865967, "iou": {"nocls": 0.8197189673684702, "drivable": 0.8563206620166562, "lane": 0.3256871254391403, "crosswalk": 0.7035416046637839, "arrow": 0.6399076686329828, "edge": 0.015940251922862556, "hatched": 0.7491107833781556, "sidewalk": 0.8739870933015054}}
{"arm": "s8_detached", "step": 700, "train_loss": 0.30369284749031067, "iou": {"nocls": 0.771278973880041, "drivable": 0.8878020623703219, "lane": 0.2446167097329888, "crosswalk": 0.7060933940774488, "arrow": 0.6851512373968836, "edge": 0.08164337501313439, "hatched": 0.8032285391566265, "sidewalk": 0.9080730307011142}}
{"arm": "s8_detached", "step": 800, "train_loss": 0.27504584193229675, "iou": {"nocls": 0.8773366144526998, "drivable": 0.8971455272597336, "lane": 0.3547920433996383, "crosswalk": 0.7480491113107506, "arrow": 0.7005052824988516, "edge": 0.052084473137104716, "hatched": 0.8157869934024505, "sidewalk": 0.9332250990312401}}
{"arm": "s8_detached", "step": 900, "train_loss": 0.25866228342056274, "iou": {"nocls": 0.8583580764347021, "drivable": 0.8845284379683784, "lane": 0.41457302576624044, "crosswalk": 0.7146247347096276, "arrow": 0.25014084507042256, "edge": 0.009237354962262025, "hatched": 0.7095262077247898, "sidewalk": 0.9229995187469922}}
{"arm": "s8_detached", "step": 1000, "train_loss": 0.18092988431453705, "iou": {"nocls": 0.9038976810532606, "drivable": 0.9203429875413464, "lane": 0.4705214615111742, "crosswalk": 0.7816839615443308, "arrow": 0.7311515151515151, "edge": 0.15902665589660744, "hatched": 0.8271438217420661, "sidewalk": 0.9524641833810888}}
{
 "MAIN": {
  "presence_short": {},
  "inconclusive": false,
  "bars": {
   "nocls": true,
   "drivable": true,
   "sidewalk": true,
   "lane": true,
   "crosswalk": true,
   "arrow": true,
   "edge": false,
   "hatched": true
  },
  "ce_ratio_ok": {
   "nocls": true,
   "drivable": true,
   "lane": true,
   "crosswalk": true,
   "arrow": true,
   "edge": true,
   "hatched": true,
   "sidewalk": true
  },
  "loss_finite_every_step": true,
  "verdict": "FAIL"
 },
 "regression_arms": {
  "lane_w0": {
   "ran": true,
   "must_fail": [
    "lane"
   ],
   "failed": [
    "lane"
   ],
   "rule": "any",
   "failed_as_required": true
  },
  "s8_zeros": {
   "ran": true,
   "must_fail": [
    "lane",
    "crosswalk",
    "arrow",
    "edge",
    "hatched"
   ],
   "failed": [
    "lane",
    "crosswalk",
    "arrow",
    "edge",
    "hatched"
   ],
   "rule": "all",
   "failed_as_required": true
  },
  "near_block_zeros": {
   "ran": true,
   "must_fail": [
    "edge"
   ],
   "failed": [
    "edge"
   ],
   "rule": "any",
   "failed_as_required": true
  }
 },
 "controls_reproduced": true,
 "time_guard": {
  "kinds": [
   "time_1ms"
  ],
  "time_1ms_on_every_clip": true
 },
 "G_MAP_OVERFIT": "FAIL"
}
{"stamped": "/home/nvidia/nb2r5_2ac0/gmo_a171/g_map_overfit_A171.EARLY_NONBINDING.json", "binding": false, "harness_exit_code": 2, "wall_s": 3255.8}
[a171] exit 0 at 15:01:51Z; done-marker /home/nvidia/nb2r5_2ac0/gmo_a171/A171_DONE
