[a18] waiting for /home/nvidia/nb2r5_2ac0/gmo_a171/A171_DONE at 14:37:34Z
[a18] done-marker seen at 15:01:54Z: {"exit_code": 0, "exit_utc": "2026-09-27T15:01:51Z", "record": "/home/nvidia/nb2r5_2ac0/gmo_a171/g_map_overfit_A171.EARLY_NONBINDING.json"}
[a18] A18 MAIN start 15:02:14Z (stopped GPU processes tolerated)
[a18] python pid 3834062
{"utc": "2026-09-27T15:02:17Z", "fingerprints_equal_A15": {"trunk_init_sha256": true, "branch_init_sha256": true, "branch_init_sha256_without_near": true, "branch_init_sha256_without_near_refine": true}}
{"arm": "healthy", "step": 100, "train_loss": 1.2172189950942993, "iou": {"nocls": 0.023511794792011046, "drivable": 0.6283991092622702, "lane": 0.0, "crosswalk": 0.5163576514846164, "arrow": 0.0, "edge": 0.0, "hatched": 0.6291633145615446, "sidewalk": 0.514339623629041}}
{"arm": "healthy", "step": 200, "train_loss": 0.791121780872345, "iou": {"nocls": 0.6202578485707317, "drivable": 0.7397016756086787, "lane": 0.0, "crosswalk": 0.5160973869615625, "arrow": 0.3556050482553823, "edge": 0.0, "hatched": 0.708756426052598, "sidewalk": 0.749056973360197}}
{"arm": "healthy", "step": 300, "train_loss": 0.5507020950317383, "iou": {"nocls": 0.6988078243029885, "drivable": 0.8208431239410614, "lane": 0.20350278983261005, "crosswalk": 0.660916172618227, "arrow": 0.456725755995829, "edge": 0.013272362257416908, "hatched": 0.6223074653290056, "sidewalk": 0.8310606992449935}}
{"arm": "healthy", "step": 400, "train_loss": 0.44089651107788086, "iou": {"nocls": 0.7878349150297947, "drivable": 0.8493585433420295, "lane": 0.2070321907361323, "crosswalk": 0.6894179699026262, "arrow": 0.5214359504132231, "edge": 0.001639344262295082, "hatched": 0.7637117050004656, "sidewalk": 0.8736350712032878}}
{"arm": "healthy", "step": 500, "train_loss": 0.3791384994983673, "iou": {"nocls": 0.7952214793703221, "drivable": 0.8520937353292831, "lane": 0.3490335636033773, "crosswalk": 0.7067505969177339, "arrow": 0.6502788680024788, "edge": 0.028752279798304903, "hatched": 0.7780458383594693, "sidewalk": 0.8695549366822553}}
{"arm": "healthy", "step": 600, "train_loss": 0.3276817798614502, "iou": {"nocls": 0.8542836062052283, "drivable": 0.8923319375028141, "lane": 0.37819497851164896, "crosswalk": 0.7499952950032935, "arrow": 0.6955422794117647, "edge": 0.0853548966756514, "hatched": 0.8020016603634351, "sidewalk": 0.9212522397604168}}
{"arm": "healthy", "step": 700, "train_loss": 0.28428083658218384, "iou": {"nocls": 0.8706795753238857, "drivable": 0.9062808430156493, "lane": 0.3779998541104384, "crosswalk": 0.7598881874191831, "arrow": 0.7059211974466212, "edge": 0.12298087404617976, "hatched": 0.8229655806748318, "sidewalk": 0.9273312762481771}}
{"arm": "healthy", "step": 800, "train_loss": 0.28137433528900146, "iou": {"nocls": 0.8748544819557625, "drivable": 0.9080378294689324, "lane": 0.47627176510754526, "crosswalk": 0.7732506967874432, "arrow": 0.6719165473511965, "edge": 0.12093394532029535, "hatched": 0.8354968137833373, "sidewalk": 0.931832558951203}}
{"arm": "healthy", "step": 900, "train_loss": 0.23055467009544373, "iou": {"nocls": 0.8873632634457612, "drivable": 0.9138639743788607, "lane": 0.4422833296072733, "crosswalk": 0.7891144658453352, "arrow": 0.7415920638761191, "edge": 0.1464682499235552, "hatched": 0.8330180648822473, "sidewalk": 0.9416437314000582}}
{"arm": "A18_MAIN", "utc": "2026-09-27T15:14:03Z", "range_diag_step": 1000, "edge_tol": {"P": 0.9685236768802229, "R": 0.4456903386566995, "F1": 0.6104615578737468, "iou": 0.212556141378637}, "lane_tol": {"P": 0.9352588750782438, "R": 0.8001495762007645, "F1": 0.862444794457839, "iou": 0.5428628389154705}}
{"arm": "healthy", "step": 1000, "train_loss": 0.19937393069267273, "iou": {"nocls": 0.8949787537403735, "drivable": 0.9230742579174337, "lane": 0.5428628389154705, "crosswalk": 0.7947263587214265, "arrow": 0.7071618037135279, "edge": 0.212556141378637, "hatched": 0.8448792270531401, "sidewalk": 0.9496520170125016}}
{"arm": "healthy", "step": 1100, "train_loss": 0.20811957120895386, "iou": {"nocls": 0.9044874675210502, "drivable": 0.9280439301969173, "lane": 0.505193436700286, "crosswalk": 0.7952838186872769, "arrow": 0.7251507998950957, "edge": 0.20655487804878048, "hatched": 0.8347564286066828, "sidewalk": 0.9483066177974233}}
{"arm": "healthy", "step": 1200, "train_loss": 0.18494877219200134, "iou": {"nocls": 0.9017662253486222, "drivable": 0.9251456462812546, "lane": 0.5600705515229631, "crosswalk": 0.8065640147164743, "arrow": 0.7616969696969697, "edge": 0.24010654490106545, "hatched": 0.8060595306747106, "sidewalk": 0.9488689833048691}}
{"arm": "healthy", "step": 1300, "train_loss": 0.20643915235996246, "iou": {"nocls": 0.9116856657773466, "drivable": 0.9315957530258077, "lane": 0.4338535414165666, "crosswalk": 0.8212810928234534, "arrow": 0.7628571428571429, "edge": 0.25529216661789095, "hatched": 0.8412502468891961, "sidewalk": 0.9562027006737309}}
{"arm": "healthy", "step": 1400, "train_loss": 0.18539415299892426, "iou": {"nocls": 0.9055126492847879, "drivable": 0.9253656977400068, "lane": 0.5406044878644481, "crosswalk": 0.7812715013072795, "arrow": 0.7560188632414991, "edge": 0.23355199691298476, "hatched": 0.8345423308198912, "sidewalk": 0.9512163466865039}}
{"arm": "healthy", "step": 1500, "train_loss": 0.15542209148406982, "iou": {"nocls": 0.9157218156308066, "drivable": 0.9346578604189445, "lane": 0.6211026615969581, "crosswalk": 0.8343904157857647, "arrow": 0.7623370577281192, "edge": 0.33196412104954315, "hatched": 0.8253541148398233, "sidewalk": 0.9586497318874927}}
{"arm": "healthy", "step": 1600, "train_loss": 0.12087424099445343, "iou": {"nocls": 0.9256999598484033, "drivable": 0.944029300255019, "lane": 0.6523968943656956, "crosswalk": 0.853329691127978, "arrow": 0.7890946502057613, "edge": 0.3707241630276565, "hatched": 0.8568208005610941, "sidewalk": 0.9658917824055439}}
{"arm": "healthy", "step": 1700, "train_loss": 0.1367218792438507, "iou": {"nocls": 0.9271598610399225, "drivable": 0.9441252662212798, "lane": 0.6600903938589568, "crosswalk": 0.8555762225838952, "arrow": 0.788158214025722, "edge": 0.35932300085575736, "hatched": 0.8263958422733991, "sidewalk": 0.9655164579803841}}
{"arm": "healthy", "step": 1800, "train_loss": 0.14207687973976135, "iou": {"nocls": 0.9317855040577444, "drivable": 0.9460290102827463, "lane": 0.6368055036267105, "crosswalk": 0.8489163586418631, "arrow": 0.7803700724054706, "edge": 0.3371661721068249, "hatched": 0.8599939975990396, "sidewalk": 0.9658073340042838}}
{"arm": "healthy", "step": 1900, "train_loss": 0.1389867514371872, "iou": {"nocls": 0.9144559691263816, "drivable": 0.9470483343371005, "lane": 0.6538961038961039, "crosswalk": 0.8668367449428497, "arrow": 0.7901323706377859, "edge": 0.4060796299355691, "hatched": 0.8692616253157035, "sidewalk": 0.96100045904315}}
{"arm": "A18_MAIN", "utc": "2026-09-27T15:25:33Z", "range_diag_step": 2000, "edge_tol": {"P": 0.9780707313981494, "R": 0.8190055498924, "F1": 0.8914984472747499, "iou": 0.43158075012844666}, "lane_tol": {"P": 0.9903716216216216, "R": 0.9222203756024597, "F1": 0.95508178451392, "iou": 0.7029745345602397}}
{"arm": "healthy", "step": 2000, "train_loss": 0.13607871532440186, "iou": {"nocls": 0.9386165915799285, "drivable": 0.952444119712565, "lane": 0.7029745345602397, "crosswalk": 0.8751876088131116, "arrow": 0.8054465161923454, "edge": 0.43158075012844666, "hatched": 0.8642456122603813, "sidewalk": 0.9702905447916499}}
{"arm": "healthy", "step": 2100, "train_loss": 0.11813715100288391, "iou": {"nocls": 0.941473700576226, "drivable": 0.9487836894949089, "lane": 0.6745486725663716, "crosswalk": 0.8621071735600344, "arrow": 0.7994063813999506, "edge": 0.3844924060751399, "hatched": 0.870155696755105, "sidewalk": 0.9702904230990989}}
{"arm": "healthy", "step": 2200, "train_loss": 0.1410142332315445, "iou": {"nocls": 0.9371011850501367, "drivable": 0.9490280909864246, "lane": 0.7023877202956225, "crosswalk": 0.8647806094614605, "arrow": 0.7816640169581346, "edge": 0.4239435490337583, "hatched": 0.8519203413940256, "sidewalk": 0.9703479704161808}}
{"arm": "healthy", "step": 2300, "train_loss": 0.14056694507598877, "iou": {"nocls": 0.9272589635950726, "drivable": 0.9508540988458124, "lane": 0.6934465061192262, "crosswalk": 0.8766726800547152, "arrow": 0.7647534357316087, "edge": 0.41003631561571474, "hatched": 0.873929922357157, "sidewalk": 0.9654244572015009}}
{"arm": "healthy", "step": 2400, "train_loss": 0.12078443169593811, "iou": {"nocls": 0.928531162515168, "drivable": 0.950662618759151, "lane": 0.711175719756063, "crosswalk": 0.8700856443719412, "arrow": 0.7719017094017094, "edge": 0.38304495102078184, "hatched": 0.8672544080604534, "sidewalk": 0.9674430269256199}}
{"arm": "healthy", "step": 2500, "train_loss": 0.10416118055582047, "iou": {"nocls": 0.9415988464925438, "drivable": 0.9583756970761315, "lane": 0.7459766040411202, "crosswalk": 0.8972254945769184, "arrow": 0.8151483050847458, "edge": 0.46017934830862117, "hatched": 0.8792867635884707, "sidewalk": 0.9737357962369546}}
{"arm": "healthy", "step": 2600, "train_loss": 0.12039802968502045, "iou": {"nocls": 0.9298949101651411, "drivable": 0.9520347216124952, "lane": 0.7012957661594094, "crosswalk": 0.8712988704628963, "arrow": 0.8228336333247621, "edge": 0.4383463437948064, "hatched": 0.8815822373356004, "sidewalk": 0.9692187716511074}}
{"arm": "healthy", "step": 2700, "train_loss": 0.10082827508449554, "iou": {"nocls": 0.9378895528008165, "drivable": 0.9576121345284291, "lane": 0.7091952287483013, "crosswalk": 0.8785905783224818, "arrow": 0.8145608018992351, "edge": 0.44701224564957187, "hatched": 0.8845868931799101, "sidewalk": 0.9716979916366518}}
{"arm": "healthy", "step": 2800, "train_loss": 0.08464216440916061, "iou": {"nocls": 0.9440569832180856, "drivable": 0.9620616668986982, "lane": 0.7332483885474441, "crosswalk": 0.8983863302960805, "arrow": 0.8284987277353689, "edge": 0.49593267882187936, "hatched": 0.8867924528301887, "sidewalk": 0.9749312798581345}}
{"arm": "healthy", "step": 2900, "train_loss": 0.0865093469619751, "iou": {"nocls": 0.9628568333776452, "drivable": 0.9689129882072277, "lane": 0.780227221428034, "crosswalk": 0.9194657116983618, "arrow": 0.8465622511282187, "edge": 0.5559065671070266, "hatched": 0.8951743714517437, "sidewalk": 0.9817210458503065}}
{"arm": "A18_MAIN", "utc": "2026-09-27T15:37:04Z", "range_diag_step": 3000, "edge_tol": {"P": 0.9960747157552788, "R": 0.8839053120398687, "F1": 0.9366437083667041, "iou": 0.5548418024928092}, "lane_tol": {"P": 0.9954695940059244, "R": 0.9637693202592654, "F1": 0.979363003632132, "iou": 0.7791903140370791}}
{"arm": "healthy", "step": 3000, "train_loss": 0.07523149996995926, "iou": {"nocls": 0.9635487361070129, "drivable": 0.9689907385419141, "lane": 0.7791903140370791, "crosswalk": 0.9192336278800892, "arrow": 0.8451905142552625, "edge": 0.5548418024928092, "hatched": 0.8951772402251635, "sidewalk": 0.9819802515276905}}
{"written": "/home/nvidia/nb2r5_2ac0/gmo_a18/g_map_overfit_A18_MAIN.EARLY_NONBINDING.json", "MAIN": "PASS", "bars": {"nocls": true, "drivable": true, "sidewalk": true, "lane": true, "crosswalk": true, "arrow": true, "edge": true, "hatched": true}, "controls_reproduced": true, "wall_s": 2091.5}
[a18] exit 0 at 15:37:11Z; done-marker /home/nvidia/nb2r5_2ac0/gmo_a18/A18_DONE
