{"arm": "healthy", "step": 100, "train_loss": 1.1958270072937012, "iou": {"nocls": 0.3479512785941178, "drivable": 0.5899651137116361, "lane": 0.0, "crosswalk": 0.0, "arrow": 0.0, "edge": 0.0, "hatched": 0.5521806853582555, "sidewalk": 0.5248743791711935}}
{"arm": "healthy", "step": 200, "train_loss": 0.7841008305549622, "iou": {"nocls": 0.5132125315384433, "drivable": 0.7086353971872839, "lane": 0.0, "crosswalk": 0.3089209995471574, "arrow": 0.0, "edge": 0.0, "hatched": 0.6733744183121619, "sidewalk": 0.6815087007488372}}
{"arm": "healthy", "step": 300, "train_loss": 0.5808878540992737, "iou": {"nocls": 0.7022037136492899, "drivable": 0.8125689416793709, "lane": 0.0, "crosswalk": 0.6179749352078674, "arrow": 0.17346938775510204, "edge": 0.0, "hatched": 0.7299563617694874, "sidewalk": 0.8216927712255856}}
{"arm": "healthy", "step": 400, "train_loss": 0.46825656294822693, "iou": {"nocls": 0.7512904562751969, "drivable": 0.8355830512944485, "lane": 0.12699316628701596, "crosswalk": 0.6235474798312486, "arrow": 0.4659164682969054, "edge": 0.0, "hatched": 0.7508466603951082, "sidewalk": 0.8416874908128766}}
{"arm": "healthy", "step": 500, "train_loss": 0.3865158259868622, "iou": {"nocls": 0.7981275599765945, "drivable": 0.8455194644511259, "lane": 0.20075494954163778, "crosswalk": 0.6688102321107291, "arrow": 0.424, "edge": 0.0, "hatched": 0.6891613536047082, "sidewalk": 0.8685803565773162}}
{"arm": "healthy", "step": 600, "train_loss": 0.34806010127067566, "iou": {"nocls": 0.7986198184269324, "drivable": 0.8645912787452494, "lane": 0.1973314606741573, "crosswalk": 0.6784148037223232, "arrow": 0.5192050022331398, "edge": 0.009465855307640297, "hatched": 0.752157829839704, "sidewalk": 0.8908358712187032}}
{"arm": "healthy", "step": 700, "train_loss": 0.2906631529331207, "iou": {"nocls": 0.8374015491765932, "drivable": 0.8825764011117831, "lane": 0.34658278524449526, "crosswalk": 0.7170908432207228, "arrow": 0.5363934426229509, "edge": 0.03371157871543461, "hatched": 0.7865645861537743, "sidewalk": 0.912636693889307}}
{"arm": "healthy", "step": 800, "train_loss": 0.28421226143836975, "iou": {"nocls": 0.8522222326164439, "drivable": 0.889441488822797, "lane": 0.3910880829015544, "crosswalk": 0.7002354714137704, "arrow": 0.608751334044824, "edge": 0.025703794369645042, "hatched": 0.7599744496855346, "sidewalk": 0.9268184826141364}}
{"arm": "healthy", "step": 900, "train_loss": 0.21544533967971802, "iou": {"nocls": 0.869543660438257, "drivable": 0.9007806271818155, "lane": 0.36126373626373626, "crosswalk": 0.7219409920290129, "arrow": 0.597434195974342, "edge": 0.04669049940418156, "hatched": 0.7809075923591583, "sidewalk": 0.9302704746790321}}
{"arm": "healthy", "step": 1000, "train_loss": 0.21662773191928864, "iou": {"nocls": 0.8726089748959817, "drivable": 0.9055334991001882, "lane": 0.41701030927835053, "crosswalk": 0.7418438166020002, "arrow": 0.6131351869606904, "edge": 0.07596982758620689, "hatched": 0.782138546946657, "sidewalk": 0.936329931316988}}
{"arm": "s8_zeros", "step": 100, "train_loss": 1.4945321083068848, "iou": {"nocls": 0.14775644149852163, "drivable": 0.4959071737697886, "lane": 0.0, "crosswalk": 0.0, "arrow": 0.0, "edge": 0.0, "hatched": 0.0, "sidewalk": 0.3275096997204757}}
{"arm": "s8_zeros", "step": 200, "train_loss": 1.4278241395950317, "iou": {"nocls": 0.07004773833719337, "drivable": 0.518911647113295, "lane": 0.0, "crosswalk": 0.0, "arrow": 0.0, "edge": 0.0, "hatched": 0.0, "sidewalk": 0.41204508796541606}}
{"arm": "s8_zeros", "step": 300, "train_loss": 1.577345609664917, "iou": {"nocls": 0.05613930901045009, "drivable": 0.5187820476331866, "lane": 0.0, "crosswalk": 0.0, "arrow": 0.0, "edge": 0.0, "hatched": 0.0, "sidewalk": 0.423302340028522}}
{"arm": "s8_zeros", "step": 400, "train_loss": 1.5127400159835815, "iou": {"nocls": 0.13056769683906813, "drivable": 0.5143781187341173, "lane": 0.0, "crosswalk": 0.0, "arrow": 0.0, "edge": 0.0, "hatched": 0.0, "sidewalk": 0.4336504745696892}}
{"arm": "s8_zeros", "step": 500, "train_loss": 1.5691441297531128, "iou": {"nocls": 0.1379150083234044, "drivable": 0.5111268158617982, "lane": 0.0, "crosswalk": 0.0, "arrow": 0.0, "edge": 0.0, "hatched": 0.0, "sidewalk": 0.43056377660204165}}
{"arm": "s8_zeros", "step": 600, "train_loss": 1.3818442821502686, "iou": {"nocls": 0.1574941738237643, "drivable": 0.5163401324605711, "lane": 0.0, "crosswalk": 0.0, "arrow": 0.0, "edge": 0.0, "hatched": 0.0, "sidewalk": 0.44447920699372473}}
{"arm": "s8_zeros", "step": 700, "train_loss": 1.3883914947509766, "iou": {"nocls": 0.13388942175938615, "drivable": 0.5124208629397491, "lane": 0.0, "crosswalk": 0.0, "arrow": 0.0, "edge": 0.0, "hatched": 0.0, "sidewalk": 0.4354935896423244}}
{"arm": "s8_zeros", "step": 800, "train_loss": 1.4040789604187012, "iou": {"nocls": 0.13507983362404402, "drivable": 0.5145524669867584, "lane": 0.0, "crosswalk": 0.0, "arrow": 0.0, "edge": 0.0, "hatched": 0.0, "sidewalk": 0.4121393654749353}}
{"arm": "s8_zeros", "step": 900, "train_loss": 1.611020565032959, "iou": {"nocls": 0.0932595832261384, "drivable": 0.5029125719798655, "lane": 0.0, "crosswalk": 0.0, "arrow": 0.0, "edge": 0.0, "hatched": 0.0, "sidewalk": 0.43426414176828276}}
{"arm": "s8_zeros", "step": 1000, "train_loss": 1.3117907047271729, "iou": {"nocls": 0.1887241332874478, "drivable": 0.5139288566611311, "lane": 0.0, "crosswalk": 0.0, "arrow": 0.0, "edge": 0.0, "hatched": 0.0, "sidewalk": 0.4325722298035574}}
{"arm": "lane_w0", "step": 100, "train_loss": 1.1119686365127563, "iou": {"nocls": 0.35666963386694295, "drivable": 0.568624712422941, "lane": 0.0, "crosswalk": 0.026636382407598597, "arrow": 0.0, "edge": 0.0, "hatched": 0.0, "sidewalk": 0.4979222779576136}}
{"arm": "lane_w0", "step": 200, "train_loss": 0.6865547895431519, "iou": {"nocls": 0.6014068954235, "drivable": 0.6957201153305562, "lane": 0.0, "crosswalk": 0.520059694857669, "arrow": 0.0, "edge": 0.0, "hatched": 0.620863810518983, "sidewalk": 0.6811960348623667}}
{"arm": "lane_w0", "step": 300, "train_loss": 0.40506330132484436, "iou": {"nocls": 0.6728654287974087, "drivable": 0.8019800102014577, "lane": 0.0, "crosswalk": 0.6088767295159098, "arrow": 0.0, "edge": 0.0, "hatched": 0.5821202690492923, "sidewalk": 0.81843952909851}}
{"arm": "lane_w0", "step": 400, "train_loss": 0.3537655770778656, "iou": {"nocls": 0.7614294609332252, "drivable": 0.8405768189461085, "lane": 0.0, "crosswalk": 0.6407464731102454, "arrow": 0.17177097203728361, "edge": 0.0, "hatched": 0.7427156815493143, "sidewalk": 0.8629947297716234}}
{"arm": "lane_w0", "step": 500, "train_loss": 0.2908044457435608, "iou": {"nocls": 0.760410795318844, "drivable": 0.8471026644307807, "lane": 0.0, "crosswalk": 0.6545849614724464, "arrow": 0.2624113475177305, "edge": 0.0, "hatched": 0.7109416477629229, "sidewalk": 0.863857388643498}}
{"arm": "lane_w0", "step": 600, "train_loss": 0.3070242702960968, "iou": {"nocls": 0.805492252681764, "drivable": 0.8641225192681427, "lane": 0.0, "crosswalk": 0.6856773080241587, "arrow": 0.19871623428724258, "edge": 0.00022586109542631282, "hatched": 0.7359695743332195, "sidewalk": 0.8977368056315425}}
{"arm": "lane_w0", "step": 700, "train_loss": 0.30830860137939453, "iou": {"nocls": 0.8238755066692856, "drivable": 0.8685084557990792, "lane": 0.0, "crosswalk": 0.6709239672720015, "arrow": 0.5178076348901685, "edge": 0.008579914200857991, "hatched": 0.776208439336784, "sidewalk": 0.8944706468334738}}
{"arm": "lane_w0", "step": 800, "train_loss": 0.23948699235916138, "iou": {"nocls": 0.8482876584984941, "drivable": 0.884326329520055, "lane": 0.0, "crosswalk": 0.7095635721952374, "arrow": 0.48660022148394244, "edge": 0.044218055706079985, "hatched": 0.7478064800745061, "sidewalk": 0.9196520741135781}}
{"arm": "lane_w0", "step": 900, "train_loss": 0.2046588808298111, "iou": {"nocls": 0.8661012103306966, "drivable": 0.8844958210433984, "lane": 0.0, "crosswalk": 0.710100599352911, "arrow": 0.5020032995522036, "edge": 0.021536796536796538, "hatched": 0.7931517727846031, "sidewalk": 0.9156430884389936}}
{"arm": "lane_w0", "step": 1000, "train_loss": 0.16484135389328003, "iou": {"nocls": 0.8893992528779446, "drivable": 0.8953490758582945, "lane": 0.0, "crosswalk": 0.7350601295097132, "arrow": 0.6131705189707807, "edge": 0.09916887041934265, "hatched": 0.7880242311276794, "sidewalk": 0.9322993369746907}}
{"arm": "s8_detached", "step": 100, "train_loss": 1.0975825786590576, "iou": {"nocls": 0.3364432926076762, "drivable": 0.6723282257908296, "lane": 0.0, "crosswalk": 0.3913483335519044, "arrow": 0.0, "edge": 0.0, "hatched": 0.6609480619491743, "sidewalk": 0.6102327168093027}}
{"arm": "s8_detached", "step": 200, "train_loss": 0.7737152576446533, "iou": {"nocls": 0.5650280441815502, "drivable": 0.766308735178026, "lane": 0.0, "crosswalk": 0.5216882879590719, "arrow": 0.0, "edge": 0.0, "hatched": 0.6714426877470355, "sidewalk": 0.7613356951386174}}
{"arm": "s8_detached", "step": 300, "train_loss": 0.5774760842323303, "iou": {"nocls": 0.6924604588201767, "drivable": 0.8073692974315214, "lane": 0.013118565260710728, "crosswalk": 0.511699553942693, "arrow": 0.0, "edge": 0.0, "hatched": 0.6057715943168969, "sidewalk": 0.8195373615093271}}
{"arm": "s8_detached", "step": 400, "train_loss": 0.44457972049713135, "iou": {"nocls": 0.7451542174890371, "drivable": 0.8398981633813577, "lane": 0.017030821633297333, "crosswalk": 0.6148716988200037, "arrow": 0.25468354430379747, "edge": 0.0, "hatched": 0.7398042414355628, "sidewalk": 0.8613123078979019}}
{"arm": "s8_detached", "step": 500, "train_loss": 0.43794742226600647, "iou": {"nocls": 0.7427286070364677, "drivable": 0.8210007833614912, "lane": 0.126590381691606, "crosswalk": 0.6192631116814697, "arrow": 0.4489761664988251, "edge": 0.002482509591514331, "hatched": 0.6549094720104081, "sidewalk": 0.8517958569006202}}
{"arm": "s8_detached", "step": 600, "train_loss": 0.34755995869636536, "iou": {"nocls": 0.7926665128441778, "drivable": 0.8599873271788012, "lane": 0.15672396359959556, "crosswalk": 0.6406426580275748, "arrow": 0.3763440860215054, "edge": 0.032357473035439135, "hatched": 0.7034111451701642, "sidewalk": 0.8984201951415967}}
{"arm": "s8_detached", "step": 700, "train_loss": 0.2862958312034607, "iou": {"nocls": 0.8290556259575192, "drivable": 0.8781551491401922, "lane": 0.19076971708550655, "crosswalk": 0.7058538022846643, "arrow": 0.5236548223350254, "edge": 0.027208773018828885, "hatched": 0.7798017803065064, "sidewalk": 0.9168146905733012}}
{"arm": "s8_detached", "step": 800, "train_loss": 0.2798560559749603, "iou": {"nocls": 0.8449705249368391, "drivable": 0.8845843403711979, "lane": 0.26817507418397624, "crosswalk": 0.7101678530626593, "arrow": 0.5178435839028094, "edge": 0.10076366160864822, "hatched": 0.7846765985009716, "sidewalk": 0.9190034920575848}}
{"arm": "s8_detached", "step": 900, "train_loss": 0.26212364435195923, "iou": {"nocls": 0.863576196779385, "drivable": 0.884772667662588, "lane": 0.28748079877112137, "crosswalk": 0.6892365653288682, "arrow": 0.5507692307692308, "edge": 0.06284580853951352, "hatched": 0.771956501704912, "sidewalk": 0.921469878477044}}
{"arm": "s8_detached", "step": 1000, "train_loss": 0.21369777619838715, "iou": {"nocls": 0.8705578166147953, "drivable": 0.9009258795171939, "lane": 0.339493651866877, "crosswalk": 0.7288208665660703, "arrow": 0.5599432489950343, "edge": 0.15266725611553197, "hatched": 0.7967521287981015, "sidewalk": 0.9392407622706364}}
{
 "MAIN": {
  "presence_short": {},
  "inconclusive": false,
  "bars": {
   "nocls": true,
   "drivable": true,
   "sidewalk": true,
   "lane": false,
   "crosswalk": true,
   "arrow": true,
   "edge": false,
   "hatched": true
  },
  "ce_ratio_ok": {
   "nocls": true,
   "drivable": true,
   "lane": true,
   "crosswalk": true,
   "arrow": true,
   "edge": true,
   "hatched": true,
   "sidewalk": true
  },
  "loss_finite_every_step": true,
  "verdict": "FAIL"
 },
 "regression_arms": {
  "lane_w0": {
   "ran": true,
   "must_fail": [
    "lane"
   ],
   "failed": [
    "lane"
   ],
   "rule": "any",
   "failed_as_required": true
  },
  "s8_zeros": {
   "ran": true,
   "must_fail": [
    "lane",
    "crosswalk",
    "arrow",
    "edge",
    "hatched"
   ],
   "failed": [
    "lane",
    "crosswalk",
    "arrow",
    "edge",
    "hatched"
   ],
   "rule": "all",
   "failed_as_required": true
  }
 },
 "controls_reproduced": true,
 "time_guard": {
  "kinds": [
   "time_1ms"
  ],
  "time_1ms_on_every_clip": true
 },
 "G_MAP_OVERFIT": "FAIL"
}
{"stamped": "/home/nvidia/gmo_early_0327/gmo_out/g_map_overfit.EARLY_NONBINDING.json", "binding": false, "harness_exit_code": 2, "peak_gib": 3.71, "wall_s": 4659.0}
