== W1 acceptance start 2026-09-20T06:56:53Z (RAM_MIN_MB=4500)
== W1 acceptance start 2026-09-20T07:01:51Z (RAM_MIN_MB=4500)
RAM window: 5263 MB available
CLEAN_ENV={
 "SystemRoot": "C:\\Windows",
 "PATH": "C:\\Users\\Admin\\venvs\\tanitad\\Scripts;C:\\Windows\\System32;C:\\Windows;C:\\Windows\\System32\\Wbem",
 "TEMP": "C:\\Users\\Admin\\AppData\\Local\\Temp",
 "TMP": "C:\\Users\\Admin\\AppData\\Local\\Temp",
 "USERPROFILE": "C:\\Users\\Admin",
 "PYTHONPATH": "D:/Projects/TanitAD/stack;D:/Projects/TanitAD/taniteval",
 "PYTHONIOENCODING": "utf-8"
}
CMD=C:/Users/Admin/venvs/tanitad/Scripts/python.exe -m taniteval.bench navsim_v2 --ckpt none --split warmup_two_stage --arms CV,STOP
09:03:02 [bench] run 20260920T070300Z-navsim_v2-none-b56b47 -> D:\Projects\TanitAD\taniteval\results\bench\navsim_v2\warmup_two_stage\20260920T070300Z-navsim_v2-none-b56b47
09:03:19 [navsim] export built: 220 tokens in 14.3 s
09:03:19 [navsim] scoring CV (official constant_velocity_agent) on warmup_two_stage …
09:03:25 [navsim] CV: FAIL successful=None failed=None rows=None wall=7s failures=["summary line 'Number of successful scenarios' ABSENT — cannot confirm work", 'failed scenarios = None', 'no result CSV found']
09:03:25 [navsim] scoring STOP (seam) on warmup_two_stage …
09:03:26 [navsim] STOP: FAIL successful=None failed=None rows=None wall=0s failures=["summary line 'Number of successful scenarios' ABSENT — cannot confirm work", 'failed scenarios = None', 'no result CSV found', "agent calls {'seam': 0, 'cv_standin': 0, 'UNKNOWN_TOKEN': 0} != seam declaration {'seam': 220, 'cv_standin': 0}"]
09:03:26 [bench] report: SKIPPED
09:03:26 [bench] FAILED in 23.1 s -> D:\Projects\TanitAD\taniteval\results\bench\navsim_v2\warmup_two_stage\20260920T070300Z-navsim_v2-none-b56b47
BENCH_RUN_DIR=D:/Projects/TanitAD/taniteval/results/bench/navsim_v2/warmup_two_stage/20260920T070300Z-navsim_v2-none-b56b47
BENCH_STATUS=FAILED
ACCEPTANCE_RC=1 2026-09-20T07:03:26Z
RAM window: 5738 MB available
CLEAN_ENV={
 "SystemRoot": "C:\\Windows",
 "PATH": "C:\\Users\\Admin\\venvs\\tanitad\\Scripts;C:\\Windows\\System32;C:\\Windows;C:\\Windows\\System32\\Wbem",
 "TEMP": "C:\\Users\\Admin\\AppData\\Local\\Temp",
 "TMP": "C:\\Users\\Admin\\AppData\\Local\\Temp",
 "USERPROFILE": "C:\\Users\\Admin",
 "PYTHONPATH": "D:/Projects/TanitAD/stack;D:/Projects/TanitAD/taniteval",
 "PYTHONIOENCODING": "utf-8"
}
CMD=C:/Users/Admin/venvs/tanitad/Scripts/python.exe -m taniteval.bench navsim_v2 --ckpt none --split warmup_two_stage --arms CV,STOP
09:06:01 [bench] run 20260920T070601Z-navsim_v2-none-283271 -> D:\Projects\TanitAD\taniteval\results\bench\navsim_v2\warmup_two_stage\20260920T070601Z-navsim_v2-none-283271
09:06:03 [navsim] export reused: C:\Users\Admin\navsim-crun\exp\tanitad_bench\exports\warmup_two_stage\navsim_agent_inputs.json (content key + sha256 match)
09:06:03 [navsim] scoring CV (official constant_velocity_agent) on warmup_two_stage …
09:06:16 [navsim] CV: RAM_GUARD_ABORT successful=None failed=None rows=None wall=13s failures=["summary line 'Number of successful scenarios' ABSENT — cannot confirm work", 'failed scenarios = None', 'no result CSV found']
09:06:16 [navsim] scoring STOP (seam) on warmup_two_stage …
09:06:19 [navsim] STOP: RAM_GUARD_ABORT successful=None failed=None rows=None wall=2s failures=["summary line 'Number of successful scenarios' ABSENT — cannot confirm work", 'failed scenarios = None', 'no result CSV found', "agent calls {'seam': 0, 'cv_standin': 0, 'UNKNOWN_TOKEN': 0} != seam declaration {'seam': 220, 'cv_standin': 0}"]
09:06:19 [bench] report: SKIPPED
09:06:19 [bench] FAILED in 17.7 s -> D:\Projects\TanitAD\taniteval\results\bench\navsim_v2\warmup_two_stage\20260920T070601Z-navsim_v2-none-283271
BENCH_RUN_DIR=D:/Projects/TanitAD/taniteval/results/bench/navsim_v2/warmup_two_stage/20260920T070601Z-navsim_v2-none-283271
BENCH_STATUS=FAILED
BENCH_RETRYABLE=1
ACCEPTANCE_RC=1 2026-09-20T07:06:19Z
== W1 acceptance start 2026-09-20T07:07:12Z (RAM_MIN_MB=6000 TRIES=8)
RAM window: 20212 MB available
-- attempt 1 2026-09-20T07:11:20Z
CLEAN_ENV={
 "SystemRoot": "C:\\Windows",
 "PATH": "C:\\Users\\Admin\\venvs\\tanitad\\Scripts;C:\\Windows\\System32;C:\\Windows;C:\\Windows\\System32\\Wbem",
 "TEMP": "C:\\Users\\Admin\\AppData\\Local\\Temp",
 "TMP": "C:\\Users\\Admin\\AppData\\Local\\Temp",
 "USERPROFILE": "C:\\Users\\Admin",
 "PYTHONPATH": "D:/Projects/TanitAD/stack;D:/Projects/TanitAD/taniteval",
 "PYTHONIOENCODING": "utf-8"
}
CMD=C:/Users/Admin/venvs/tanitad/Scripts/python.exe -m taniteval.bench navsim_v2 --ckpt none --split warmup_two_stage --arms CV,STOP
09:11:23 [bench] run 20260920T071122Z-navsim_v2-none-9f38f0 -> D:\Projects\TanitAD\taniteval\results\bench\navsim_v2\warmup_two_stage\20260920T071122Z-navsim_v2-none-9f38f0
09:11:25 [navsim] export reused: C:\Users\Admin\navsim-crun\exp\tanitad_bench\exports\warmup_two_stage\navsim_agent_inputs.json (content key + sha256 match)
09:11:26 [navsim] scoring CV (official constant_velocity_agent) on warmup_two_stage …
09:15:24 [navsim] CV: PASS successful=220 failed=0 rows=220 wall=237s
09:15:25 [navsim] scoring STOP (seam) on warmup_two_stage …
09:19:30 [navsim] STOP: PASS successful=220 failed=0 rows=220 wall=246s
09:19:33 [bench] report: REPORT_FAILED
09:19:33 [bench] COMPLETE in 490.2 s -> D:\Projects\TanitAD\taniteval\results\bench\navsim_v2\warmup_two_stage\20260920T071122Z-navsim_v2-none-9f38f0
BENCH_RUN_DIR=D:/Projects/TanitAD/taniteval/results/bench/navsim_v2/warmup_two_stage/20260920T071122Z-navsim_v2-none-9f38f0
BENCH_STATUS=COMPLETE
BENCH_RETRYABLE=0
attempt 1 rc=0 retryable=0 avail_after=14691 2026-09-20T07:19:34Z
ACCEPTANCE_RC=0 2026-09-20T07:19:34Z
== W1 acceptance start 2026-09-20T07:21:35Z (RAM_MIN_MB=6000 TRIES=4)
RAM window: 14007 MB available
-- attempt 1 2026-09-20T07:21:36Z
CLEAN_ENV={
 "SystemRoot": "C:\\Windows",
 "PATH": "C:\\Users\\Admin\\venvs\\tanitad\\Scripts;C:\\Windows\\System32;C:\\Windows;C:\\Windows\\System32\\Wbem",
 "TEMP": "C:\\Users\\Admin\\AppData\\Local\\Temp",
 "TMP": "C:\\Users\\Admin\\AppData\\Local\\Temp",
 "USERPROFILE": "C:\\Users\\Admin",
 "PYTHONPATH": "D:/Projects/TanitAD/stack;D:/Projects/TanitAD/taniteval",
 "PYTHONIOENCODING": "utf-8"
}
CMD=C:/Users/Admin/venvs/tanitad/Scripts/python.exe -m taniteval.bench navsim_v2 --ckpt none --split warmup_two_stage --arms CV,STOP
09:21:37 [bench] run 20260920T072136Z-navsim_v2-none-3123c8 -> D:\Projects\TanitAD\taniteval\results\bench\navsim_v2\warmup_two_stage\20260920T072136Z-navsim_v2-none-3123c8
09:21:38 [navsim] export reused: C:\Users\Admin\navsim-crun\exp\tanitad_bench\exports\warmup_two_stage\navsim_agent_inputs.json (content key + sha256 match)
09:21:38 [navsim] scoring CV (official constant_velocity_agent) on warmup_two_stage …
09:24:26 [navsim] CV: PASS successful=220 failed=0 rows=220 wall=168s
09:24:26 [navsim] scoring STOP (seam) on warmup_two_stage …
09:27:32 [navsim] STOP: PASS successful=220 failed=0 rows=220 wall=186s
09:27:34 [bench] report: REPORT_FAILED
09:27:34 [bench] COMPLETE in 357.2 s -> D:\Projects\TanitAD\taniteval\results\bench\navsim_v2\warmup_two_stage\20260920T072136Z-navsim_v2-none-3123c8
BENCH_RUN_DIR=D:/Projects/TanitAD/taniteval/results/bench/navsim_v2/warmup_two_stage/20260920T072136Z-navsim_v2-none-3123c8
BENCH_STATUS=COMPLETE
BENCH_RETRYABLE=0
attempt 1 rc=0 retryable=0 avail_after=13568 2026-09-20T07:27:42Z
ACCEPTANCE_RC=0 2026-09-20T07:27:42Z
== W1 acceptance start 2026-09-20T07:28:18Z (RAM_MIN_MB=6000 TRIES=3)
RAM window: 13476 MB available
-- attempt 1 2026-09-20T07:28:19Z
CLEAN_ENV={
 "SystemRoot": "C:\\Windows",
 "PATH": "C:\\Users\\Admin\\venvs\\tanitad\\Scripts;C:\\Windows\\System32;C:\\Windows;C:\\Windows\\System32\\Wbem",
 "TEMP": "C:\\Users\\Admin\\AppData\\Local\\Temp",
 "TMP": "C:\\Users\\Admin\\AppData\\Local\\Temp",
 "USERPROFILE": "C:\\Users\\Admin",
 "PYTHONPATH": "D:/Projects/TanitAD/stack;D:/Projects/TanitAD/taniteval",
 "PYTHONIOENCODING": "utf-8"
}
CMD=C:/Users/Admin/venvs/tanitad/Scripts/python.exe -m taniteval.bench navsim_v2 --ckpt none --split warmup_two_stage --arms CV,STOP
09:28:19 [bench] run 20260920T072819Z-navsim_v2-none-849012 -> D:\Projects\TanitAD\taniteval\results\bench\navsim_v2\warmup_two_stage\20260920T072819Z-navsim_v2-none-849012
09:28:20 [navsim] export reused: C:\Users\Admin\navsim-crun\exp\tanitad_bench\exports\warmup_two_stage\navsim_agent_inputs.json (content key + sha256 match)
09:28:20 [navsim] scoring CV (official constant_velocity_agent) on warmup_two_stage …
09:31:28 [navsim] CV: PASS successful=220 failed=0 rows=220 wall=187s
09:31:28 [navsim] scoring STOP (seam) on warmup_two_stage …
09:34:08 [navsim] STOP: PASS successful=220 failed=0 rows=220 wall=160s
09:34:11 [bench] report: REPORT_FAILED
09:34:11 [bench] COMPLETE in 351.2 s -> D:\Projects\TanitAD\taniteval\results\bench\navsim_v2\warmup_two_stage\20260920T072819Z-navsim_v2-none-849012
BENCH_RUN_DIR=D:/Projects/TanitAD/taniteval/results/bench/navsim_v2/warmup_two_stage/20260920T072819Z-navsim_v2-none-849012
BENCH_STATUS=COMPLETE
BENCH_RETRYABLE=0
attempt 1 rc=0 retryable=0 avail_after=13767 2026-09-20T07:34:12Z
ACCEPTANCE_RC=0 2026-09-20T07:34:12Z
== W1 acceptance start 2026-09-20T07:35:42Z (RAM_MIN_MB=6000 TRIES=2)
RAM window: 14198 MB available
-- attempt 1 2026-09-20T07:35:43Z
CLEAN_ENV={
 "SystemRoot": "C:\\Windows",
 "PATH": "C:\\Users\\Admin\\venvs\\tanitad\\Scripts;C:\\Windows\\System32;C:\\Windows;C:\\Windows\\System32\\Wbem",
 "TEMP": "C:\\Users\\Admin\\AppData\\Local\\Temp",
 "TMP": "C:\\Users\\Admin\\AppData\\Local\\Temp",
 "USERPROFILE": "C:\\Users\\Admin",
 "PYTHONPATH": "D:/Projects/TanitAD/stack;D:/Projects/TanitAD/taniteval",
 "PYTHONIOENCODING": "utf-8"
}
CMD=C:/Users/Admin/venvs/tanitad/Scripts/python.exe -m taniteval.bench navsim_v2 --ckpt none --split warmup_two_stage --arms CV,STOP
09:35:44 [bench] run 20260920T073543Z-navsim_v2-none-ed36c4 -> D:\Projects\TanitAD\taniteval\results\bench\navsim_v2\warmup_two_stage\20260920T073543Z-navsim_v2-none-ed36c4
09:35:44 [navsim] export reused: C:\Users\Admin\navsim-crun\exp\tanitad_bench\exports\warmup_two_stage\navsim_agent_inputs.json (content key + sha256 match)
09:35:45 [navsim] scoring CV (official constant_velocity_agent) on warmup_two_stage …
09:38:06 [navsim] CV: PASS successful=220 failed=0 rows=220 wall=141s
09:38:06 [navsim] scoring STOP (seam) on warmup_two_stage …
09:40:30 [navsim] STOP: PASS successful=220 failed=0 rows=220 wall=145s
09:40:33 [bench] report: RENDERED
09:40:33 [bench] COMPLETE in 289.0 s -> D:\Projects\TanitAD\taniteval\results\bench\navsim_v2\warmup_two_stage\20260920T073543Z-navsim_v2-none-ed36c4
BENCH_RUN_DIR=D:/Projects/TanitAD/taniteval/results/bench/navsim_v2/warmup_two_stage/20260920T073543Z-navsim_v2-none-ed36c4
BENCH_STATUS=COMPLETE
BENCH_RETRYABLE=0
attempt 1 rc=0 retryable=0 avail_after=14177 2026-09-20T07:40:34Z
ACCEPTANCE_RC=0 2026-09-20T07:40:34Z
== W1 acceptance start 2026-09-20T07:50:48Z (RAM_MIN_MB=6000 TRIES=3)
RAM window: 14370 MB available
-- attempt 1 2026-09-20T07:50:55Z
CLEAN_ENV={
 "SystemRoot": "C:\\Windows",
 "PATH": "C:\\Users\\Admin\\venvs\\tanitad\\Scripts;C:\\Windows\\System32;C:\\Windows;C:\\Windows\\System32\\Wbem",
 "TEMP": "C:\\Users\\Admin\\AppData\\Local\\Temp",
 "TMP": "C:\\Users\\Admin\\AppData\\Local\\Temp",
 "USERPROFILE": "C:\\Users\\Admin",
 "PYTHONPATH": "D:/Projects/TanitAD/stack;D:/Projects/TanitAD/taniteval",
 "PYTHONIOENCODING": "utf-8"
}
CMD=C:/Users/Admin/venvs/tanitad/Scripts/python.exe -m taniteval.bench navsim_v2 --ckpt none --split warmup_two_stage --arms CV,STOP
09:50:55 [bench] run 20260920T075055Z-navsim_v2-none-8fde2f -> D:\Projects\TanitAD\taniteval\results\bench\navsim_v2\warmup_two_stage\20260920T075055Z-navsim_v2-none-8fde2f
09:50:56 [navsim] export reused: C:\Users\Admin\navsim-crun\exp\tanitad_bench\exports\warmup_two_stage\navsim_agent_inputs.json (content key + sha256 match)
09:50:56 [navsim] scoring CV (official constant_velocity_agent) on warmup_two_stage …
09:53:22 [navsim] CV: PASS successful=220 failed=0 rows=220 wall=146s
09:53:22 [navsim] scoring STOP (seam) on warmup_two_stage …
09:55:49 [navsim] STOP: PASS successful=220 failed=0 rows=220 wall=147s
09:55:59 [bench] report: RENDERED
09:55:59 [bench] COMPLETE in 303.4 s -> D:\Projects\TanitAD\taniteval\results\bench\navsim_v2\warmup_two_stage\20260920T075055Z-navsim_v2-none-8fde2f
BENCH_RUN_DIR=D:/Projects/TanitAD/taniteval/results/bench/navsim_v2/warmup_two_stage/20260920T075055Z-navsim_v2-none-8fde2f
BENCH_STATUS=COMPLETE
BENCH_RETRYABLE=0
attempt 1 rc=0 retryable=0 avail_after=14766 2026-09-20T07:56:00Z
ACCEPTANCE_RC=0 2026-09-20T07:56:00Z
== W1 acceptance start 2026-09-20T07:56:07Z (RAM_MIN_MB=6000 TRIES=2)
RAM window: 14775 MB available
-- attempt 1 2026-09-20T07:56:08Z
CLEAN_ENV={
 "SystemRoot": "C:\\Windows",
 "PATH": "C:\\Users\\Admin\\venvs\\tanitad\\Scripts;C:\\Windows\\System32;C:\\Windows;C:\\Windows\\System32\\Wbem",
 "TEMP": "C:\\Users\\Admin\\AppData\\Local\\Temp",
 "TMP": "C:\\Users\\Admin\\AppData\\Local\\Temp",
 "USERPROFILE": "C:\\Users\\Admin",
 "PYTHONPATH": "D:/Projects/TanitAD/stack;D:/Projects/TanitAD/taniteval",
 "PYTHONIOENCODING": "utf-8"
}
CMD=C:/Users/Admin/venvs/tanitad/Scripts/python.exe -m taniteval.bench navsim_v2 --ckpt none --split warmup_two_stage --arms CV,STOP
09:56:09 [bench] run 20260920T075608Z-navsim_v2-none-5e2458 -> D:\Projects\TanitAD\taniteval\results\bench\navsim_v2\warmup_two_stage\20260920T075608Z-navsim_v2-none-5e2458
09:56:09 [navsim] export reused: C:\Users\Admin\navsim-crun\exp\tanitad_bench\exports\warmup_two_stage\navsim_agent_inputs.json (content key + sha256 match)
09:56:10 [navsim] scoring CV (official constant_velocity_agent) on warmup_two_stage …
09:58:32 [navsim] CV: PASS successful=220 failed=0 rows=220 wall=143s
09:58:32 [navsim] scoring STOP (seam) on warmup_two_stage …
10:01:02 [navsim] STOP: PASS successful=220 failed=0 rows=220 wall=150s
10:01:11 [bench] report: RENDERED
10:01:11 [bench] COMPLETE in 302.6 s -> D:\Projects\TanitAD\taniteval\results\bench\navsim_v2\warmup_two_stage\20260920T075608Z-navsim_v2-none-5e2458
BENCH_RUN_DIR=D:/Projects/TanitAD/taniteval/results/bench/navsim_v2/warmup_two_stage/20260920T075608Z-navsim_v2-none-5e2458
BENCH_STATUS=COMPLETE
BENCH_RETRYABLE=0
attempt 1 rc=0 retryable=0 avail_after=14802 2026-09-20T08:01:13Z
ACCEPTANCE_RC=0 2026-09-20T08:01:13Z
