  [stack] tanitad imported from: C:\Users\Admin\tanitad-wt\stack\tanitad\__init__.py

  E-DEC-59 — DOES EGO MOTION PREDICT THE LATENT'S OWN CHANGE?
  channels [yaw_rate, a_long, v] · K-fold fit / per-clip score
  k=60 (6.0 s) · band [8:16) · device cuda

[predictor] RESIDUAL_HEAD_INIT_SCALE=0.001  (identity-scale start)
[v6] O6 rank gate CAN rule: --spectrum-accum 43 x 48 rows/call -> ceiling 2063 >= 1024
[v6] params 19.31 M / budget 300 M · arm shared-encoder+adapters · per-group {'encoder': 0.97, 'readout': 0.01, 'predictor_op': 7.57, 'layer_tac': 4.89, 'layer_str': 3.56, 'planner': 0.69, 'aux': 1.62, 'interp': 0.0}
[v6] X3 isolation pass=True violations={'planner_to_encoder': 0, 'tactical_to_below': 0, 'strategic_to_below': 0}
[geometry] v6_probe_trunk: NON-DEFAULT - 256x640px, f_ref 305.58, cylindrical, HFOV 120.00deg / VFOV 45.46deg, tokens 640 (16x40 @ patch 16), state_dim 2048, cache fragment {'geom': '256x640f305.5775cyl'}
[geometry] WARNING: this frame (120.00deg) EXCEEDS comma2k19's entire field (65.203deg). comma2k19 cannot supply it at any resolution — it must be letterboxed (geometry_mode='rectify', explicit unobserved mask), given its own frame, or dropped from the mix. That is a PI decision, not a default.
  === k60clip05p30k (step 30000) — 80 clips, 3200 rows, PCA directions [8:16) of Δz ===
  column                                  r     shuf   t-shuf      t
  --------------------------------------------------------------------
  z_t (DRIFT / POSITIVE CONTROL)    +0.6529  -0.0055  +0.6584  78.70
  ego_state [w, a, v]               +0.0032  -0.0007  +0.0038   0.38
  z_t + ego_state                   +0.6553  -0.0021  +0.6574  78.68
  constant (control)                +0.0000  +0.0000  +0.0000   0.00

  drift control t +78.70  (E-DEC-40 banked it at 8.38)
  EGO-STATE's marginal over the drift: +0.0023 (t +1.05)

[predictor] RESIDUAL_HEAD_INIT_SCALE=0.001  (identity-scale start)
[v6] O6 rank gate CAN rule: --spectrum-accum 43 x 48 rows/call -> ceiling 2063 >= 1024
[v6] params 19.30 M / budget 300 M · arm shared-encoder+adapters · per-group {'encoder': 0.97, 'readout': 0.01, 'predictor_op': 7.57, 'layer_tac': 4.88, 'layer_str': 3.56, 'planner': 0.69, 'aux': 1.62, 'interp': 0.0}
[v6] X3 isolation pass=True violations={'planner_to_encoder': 0, 'tactical_to_below': 0, 'strategic_to_below': 0}
[geometry] v6_probe_trunk: NON-DEFAULT - 256x640px, f_ref 305.58, cylindrical, HFOV 120.00deg / VFOV 45.46deg, tokens 640 (16x40 @ patch 16), state_dim 2048, cache fragment {'geom': '256x640f305.5775cyl'}
[geometry] WARNING: this frame (120.00deg) EXCEEDS comma2k19's entire field (65.203deg). comma2k19 cannot supply it at any resolution — it must be letterboxed (geometry_mode='rectify', explicit unobserved mask), given its own frame, or dropped from the mix. That is a PI decision, not a default.
  === postrain30k (step 30000) — 80 clips, 3200 rows, PCA directions [8:16) of Δz ===
  column                                  r     shuf   t-shuf      t
  --------------------------------------------------------------------
  z_t (DRIFT / POSITIVE CONTROL)    +0.6585  +0.0029  +0.6556  84.27
  ego_state [w, a, v]               -0.0082  -0.0117  +0.0036   0.37
  z_t + ego_state                   +0.6595  -0.0080  +0.6676  86.80
  constant (control)                +0.0000  +0.0000  +0.0000   0.00

  drift control t +84.27  (E-DEC-40 banked it at 8.38)
  EGO-STATE's marginal over the drift: +0.0011 (t +0.67)

-> C:\Users\Admin\tanitad-wt\mm-e19-probes\mm_e19_out\raw\latentmotion_k60_band8_16.json
