2026-09-19 12:58:02,136 INFO {C:\Users\Admin\navsim-crun\devkit\navsim\planning\script\builders\worker_pool_builder.py:19}  Building WorkerPool...
2026-09-19 12:58:02,138 INFO {C:\Users\Admin\navsim-crun\nuplan-devkit\nuplan\planning\utils\multithreading\worker_pool.py:101}  Worker: Sequential
2026-09-19 12:58:02,138 INFO {C:\Users\Admin\navsim-crun\nuplan-devkit\nuplan\planning\utils\multithreading\worker_pool.py:102}  Number of nodes: 1
Number of CPUs per node: 1
Number of GPUs per node: 0
Number of threads across all nodes: 1
2026-09-19 12:58:02,138 INFO {C:\Users\Admin\navsim-crun\devkit\navsim\planning\script\builders\worker_pool_builder.py:27}  Building WorkerPool...DONE!
Loading logs:   0%|          | 0/7 [00:00<?, ?it/s]Loading logs:  71%|███████▏  | 5/7 [00:00<00:00, 29.10it/s]Loading logs: 100%|██████████| 7/7 [00:00<00:00, 33.91it/s]
2026-09-19 12:58:03,938 WARNING {C:\Users\Admin\navsim-crun\devkit\navsim\planning\script\run_pdm_score_one_stage.py:256}  Unused metric cache for 204 tokens. Skipping these tokens.
2026-09-19 12:58:03,938 INFO {C:\Users\Admin\navsim-crun\devkit\navsim\planning\script\run_pdm_score_one_stage.py:257}  Starting pdm scoring of 16 scenarios...
2026-09-19 12:58:03,938 INFO {C:\Users\Admin\navsim-crun\devkit\navsim\planning\script\run_pdm_score_one_stage.py:46}  Starting worker in thread_id=a1fd06ed-f4bb-40fa-a507-9ec17fd94fda, node_id=0
Loading logs:   0%|          | 0/7 [00:00<?, ?it/s]Loading logs:  71%|███████▏  | 5/7 [00:00<00:00, 24.96it/s]Loading logs: 100%|██████████| 7/7 [00:00<00:00, 32.17it/s]
2026-09-19 12:58:07,305 INFO {C:\Users\Admin\navsim-crun\devkit\navsim\planning\script\run_pdm_score_one_stage.py:82}  Processing scenario 1 / 16 in thread_id=a1fd06ed-f4bb-40fa-a507-9ec17fd94fda, node_id=0
2026-09-19 12:58:11,660 INFO {C:\Users\Admin\navsim-crun\devkit\navsim\planning\script\run_pdm_score_one_stage.py:82}  Processing scenario 2 / 16 in thread_id=a1fd06ed-f4bb-40fa-a507-9ec17fd94fda, node_id=0
2026-09-19 12:58:14,600 INFO {C:\Users\Admin\navsim-crun\devkit\navsim\planning\script\run_pdm_score_one_stage.py:82}  Processing scenario 3 / 16 in thread_id=a1fd06ed-f4bb-40fa-a507-9ec17fd94fda, node_id=0
2026-09-19 12:58:17,761 INFO {C:\Users\Admin\navsim-crun\devkit\navsim\planning\script\run_pdm_score_one_stage.py:82}  Processing scenario 4 / 16 in thread_id=a1fd06ed-f4bb-40fa-a507-9ec17fd94fda, node_id=0
2026-09-19 12:58:25,419 INFO {C:\Users\Admin\navsim-crun\devkit\navsim\planning\script\run_pdm_score_one_stage.py:82}  Processing scenario 5 / 16 in thread_id=a1fd06ed-f4bb-40fa-a507-9ec17fd94fda, node_id=0
2026-09-19 12:58:28,880 INFO {C:\Users\Admin\navsim-crun\devkit\navsim\planning\script\run_pdm_score_one_stage.py:82}  Processing scenario 6 / 16 in thread_id=a1fd06ed-f4bb-40fa-a507-9ec17fd94fda, node_id=0
2026-09-19 12:58:31,583 INFO {C:\Users\Admin\navsim-crun\devkit\navsim\planning\script\run_pdm_score_one_stage.py:82}  Processing scenario 7 / 16 in thread_id=a1fd06ed-f4bb-40fa-a507-9ec17fd94fda, node_id=0
2026-09-19 12:58:35,059 INFO {C:\Users\Admin\navsim-crun\devkit\navsim\planning\script\run_pdm_score_one_stage.py:82}  Processing scenario 8 / 16 in thread_id=a1fd06ed-f4bb-40fa-a507-9ec17fd94fda, node_id=0
2026-09-19 12:58:39,414 INFO {C:\Users\Admin\navsim-crun\devkit\navsim\planning\script\run_pdm_score_one_stage.py:82}  Processing scenario 9 / 16 in thread_id=a1fd06ed-f4bb-40fa-a507-9ec17fd94fda, node_id=0
2026-09-19 12:58:40,213 INFO {C:\Users\Admin\navsim-crun\devkit\navsim\planning\script\run_pdm_score_one_stage.py:82}  Processing scenario 10 / 16 in thread_id=a1fd06ed-f4bb-40fa-a507-9ec17fd94fda, node_id=0
2026-09-19 12:58:44,544 INFO {C:\Users\Admin\navsim-crun\devkit\navsim\planning\script\run_pdm_score_one_stage.py:82}  Processing scenario 11 / 16 in thread_id=a1fd06ed-f4bb-40fa-a507-9ec17fd94fda, node_id=0
2026-09-19 12:58:46,786 INFO {C:\Users\Admin\navsim-crun\devkit\navsim\planning\script\run_pdm_score_one_stage.py:82}  Processing scenario 12 / 16 in thread_id=a1fd06ed-f4bb-40fa-a507-9ec17fd94fda, node_id=0
2026-09-19 12:58:49,444 INFO {C:\Users\Admin\navsim-crun\devkit\navsim\planning\script\run_pdm_score_one_stage.py:82}  Processing scenario 13 / 16 in thread_id=a1fd06ed-f4bb-40fa-a507-9ec17fd94fda, node_id=0
2026-09-19 12:58:54,179 INFO {C:\Users\Admin\navsim-crun\devkit\navsim\planning\script\run_pdm_score_one_stage.py:82}  Processing scenario 14 / 16 in thread_id=a1fd06ed-f4bb-40fa-a507-9ec17fd94fda, node_id=0
2026-09-19 12:58:54,508 INFO {C:\Users\Admin\navsim-crun\devkit\navsim\planning\script\run_pdm_score_one_stage.py:82}  Processing scenario 15 / 16 in thread_id=a1fd06ed-f4bb-40fa-a507-9ec17fd94fda, node_id=0
2026-09-19 12:58:57,636 INFO {C:\Users\Admin\navsim-crun\devkit\navsim\planning\script\run_pdm_score_one_stage.py:82}  Processing scenario 16 / 16 in thread_id=a1fd06ed-f4bb-40fa-a507-9ec17fd94fda, node_id=0
2026-09-19 12:59:01,270 INFO {C:\Users\Admin\navsim-crun\devkit\navsim\planning\script\run_pdm_score_one_stage.py:305}  
        Finished running evaluation.
            Number of successful scenarios: 16.
            Number of failed scenarios: 0.
            Final average score of valid results: 0.9512549880016903.
            Results are stored in: C:\Users\Admin\navsim\exp\e1\A2b_human_one_stage\2026.09.19.12.59.01.csv.
        
E1_WRAPPER_DONE label=A2b status=OK wall_s=179.17 peak_rss_mb=501.0 min_avail_mb=5100.0 pdm_calls=16 cache_scenes=0
