[2026-09-19 12:58:02,136][navsim.planning.script.builders.worker_pool_builder][INFO] - Building WorkerPool...
[2026-09-19 12:58:02,138][nuplan.planning.utils.multithreading.worker_pool][INFO] - Worker: Sequential
[2026-09-19 12:58:02,138][nuplan.planning.utils.multithreading.worker_pool][INFO] - Number of nodes: 1
Number of CPUs per node: 1
Number of GPUs per node: 0
Number of threads across all nodes: 1
[2026-09-19 12:58:02,138][navsim.planning.script.builders.worker_pool_builder][INFO] - Building WorkerPool...DONE!
[2026-09-19 12:58:03,938][navsim.planning.script.run_pdm_score_one_stage][WARNING] - Unused metric cache for 204 tokens. Skipping these tokens.
[2026-09-19 12:58:03,938][navsim.planning.script.run_pdm_score_one_stage][INFO] - Starting pdm scoring of 16 scenarios...
[2026-09-19 12:58:03,938][navsim.planning.script.run_pdm_score_one_stage][INFO] - Starting worker in thread_id=a1fd06ed-f4bb-40fa-a507-9ec17fd94fda, node_id=0
[2026-09-19 12:58:07,305][navsim.planning.script.run_pdm_score_one_stage][INFO] - Processing scenario 1 / 16 in thread_id=a1fd06ed-f4bb-40fa-a507-9ec17fd94fda, node_id=0
[2026-09-19 12:58:11,660][navsim.planning.script.run_pdm_score_one_stage][INFO] - Processing scenario 2 / 16 in thread_id=a1fd06ed-f4bb-40fa-a507-9ec17fd94fda, node_id=0
[2026-09-19 12:58:14,600][navsim.planning.script.run_pdm_score_one_stage][INFO] - Processing scenario 3 / 16 in thread_id=a1fd06ed-f4bb-40fa-a507-9ec17fd94fda, node_id=0
[2026-09-19 12:58:17,761][navsim.planning.script.run_pdm_score_one_stage][INFO] - Processing scenario 4 / 16 in thread_id=a1fd06ed-f4bb-40fa-a507-9ec17fd94fda, node_id=0
[2026-09-19 12:58:25,419][navsim.planning.script.run_pdm_score_one_stage][INFO] - Processing scenario 5 / 16 in thread_id=a1fd06ed-f4bb-40fa-a507-9ec17fd94fda, node_id=0
[2026-09-19 12:58:28,880][navsim.planning.script.run_pdm_score_one_stage][INFO] - Processing scenario 6 / 16 in thread_id=a1fd06ed-f4bb-40fa-a507-9ec17fd94fda, node_id=0
[2026-09-19 12:58:31,583][navsim.planning.script.run_pdm_score_one_stage][INFO] - Processing scenario 7 / 16 in thread_id=a1fd06ed-f4bb-40fa-a507-9ec17fd94fda, node_id=0
[2026-09-19 12:58:35,059][navsim.planning.script.run_pdm_score_one_stage][INFO] - Processing scenario 8 / 16 in thread_id=a1fd06ed-f4bb-40fa-a507-9ec17fd94fda, node_id=0
[2026-09-19 12:58:39,414][navsim.planning.script.run_pdm_score_one_stage][INFO] - Processing scenario 9 / 16 in thread_id=a1fd06ed-f4bb-40fa-a507-9ec17fd94fda, node_id=0
[2026-09-19 12:58:40,213][navsim.planning.script.run_pdm_score_one_stage][INFO] - Processing scenario 10 / 16 in thread_id=a1fd06ed-f4bb-40fa-a507-9ec17fd94fda, node_id=0
[2026-09-19 12:58:44,544][navsim.planning.script.run_pdm_score_one_stage][INFO] - Processing scenario 11 / 16 in thread_id=a1fd06ed-f4bb-40fa-a507-9ec17fd94fda, node_id=0
[2026-09-19 12:58:46,786][navsim.planning.script.run_pdm_score_one_stage][INFO] - Processing scenario 12 / 16 in thread_id=a1fd06ed-f4bb-40fa-a507-9ec17fd94fda, node_id=0
[2026-09-19 12:58:49,444][navsim.planning.script.run_pdm_score_one_stage][INFO] - Processing scenario 13 / 16 in thread_id=a1fd06ed-f4bb-40fa-a507-9ec17fd94fda, node_id=0
[2026-09-19 12:58:54,179][navsim.planning.script.run_pdm_score_one_stage][INFO] - Processing scenario 14 / 16 in thread_id=a1fd06ed-f4bb-40fa-a507-9ec17fd94fda, node_id=0
[2026-09-19 12:58:54,508][navsim.planning.script.run_pdm_score_one_stage][INFO] - Processing scenario 15 / 16 in thread_id=a1fd06ed-f4bb-40fa-a507-9ec17fd94fda, node_id=0
[2026-09-19 12:58:57,636][navsim.planning.script.run_pdm_score_one_stage][INFO] - Processing scenario 16 / 16 in thread_id=a1fd06ed-f4bb-40fa-a507-9ec17fd94fda, node_id=0
[2026-09-19 12:59:01,270][navsim.planning.script.run_pdm_score_one_stage][INFO] - 
        Finished running evaluation.
            Number of successful scenarios: 16.
            Number of failed scenarios: 0.
            Final average score of valid results: 0.9512549880016903.
            Results are stored in: C:\Users\Admin\navsim\exp\e1\A2b_human_one_stage\2026.09.19.12.59.01.csv.
        
