[refav1-labels] v7.2 join: labels 141/141 eps (0 missing), 2961/9443 windows in-band +-[2.0]s, md5=aa12c948f062181c3297265b51526ec5 | nav 141/141 eps (0 missing -> nav_cmd=0+nav_valid=False), md5=aa12c948f062181c3297265b51526ec5, allow_oracle_nav=True
[model] /home/nvidia/experiments/refav1-b1-v72-ep3-speed/ckpt.pt step=21109 params=0 a_dim=2 target_space=frozen vocab=v7.0 config<-/home/nvidia/experiments/refav1-b1-v72-ep3-speed/config.json
[loader] 9443 windows over 141 episodes (W=4, K_loader=30, grid 0.2 s); labels=ON nav=ON
[grid] K=10 (2.0 s) K_wm=30 stride=40 windows=282 arms=['cl', 'ha', 'ha0', 'ol'] plan={samples 300, iters 30, elites 30, seed 0} nav_shuffle=153/282 changed
[cost] first plan() took 36.56 s -> ESTIMATED 2.86 h for 282 windows x 1 planning arms (plan only; forward()/IO extra)
  [1/141] 01be5919-6e6 2 windows 80s
  [2/141] 060531e1-993 2 windows 155s
  [3/141] 0fa2b231-435 2 windows 230s
  [4/141] 10804db8-d07 2 windows 305s
  [5/141] 11e40da1-3d9 2 windows 381s
  [6/141] 126b3a97-087 2 windows 456s
  [7/141] 13c95b6a-5d1 2 windows 543s
  [8/141] 14157960-84d 2 windows 670s
  [9/141] 142a3a72-6cd 2 windows 803s
  [10/141] 14bc9fcf-c04 2 windows 922s
  [11/141] 16d89725-2f3 2 windows 997s
  [12/141] 17775e74-2d8 2 windows 1072s
  [13/141] 18b72291-84f 2 windows 1147s
  [14/141] 1bd040a8-182 2 windows 1256s
  [15/141] 1c3a2c7c-7e8 2 windows 1346s
  [16/141] 204b15b4-bd0 2 windows 1421s
  [17/141] 2172a5a3-8a1 2 windows 1496s
  [18/141] 24fee8a5-9cc 2 windows 1571s
  [19/141] 2602baaa-436 2 windows 1647s
  [20/141] 262b900f-2cf 2 windows 1722s
  [21/141] 269478eb-2da 2 windows 1797s
  [22/141] 27f44280-3e5 2 windows 1872s
  [23/141] 2cd0f4e4-dce 2 windows 1947s
  [24/141] 2e8a2df2-3f7 2 windows 2022s
  [25/141] 316f3c56-914 2 windows 2097s
  [26/141] 31d0adc4-4e8 2 windows 2172s
  [27/141] 32f9b6b2-edc 2 windows 2247s
  [28/141] 330b4626-96d 2 windows 2322s
  [29/141] 34a1e12e-95c 2 windows 2398s
  [30/141] 37e61793-36e 2 windows 2473s
  [31/141] 38fe80c1-caf 2 windows 2548s
  [32/141] 3971a8c6-0c5 2 windows 2623s
  [33/141] 39bf584e-5bb 2 windows 2698s
  [34/141] 3ef3dcc8-7fd 2 windows 2773s
  [35/141] 3ff11411-fa2 2 windows 2848s
  [36/141] 42745b48-a01 2 windows 2923s
  [37/141] 45358841-692 2 windows 2998s
  [38/141] 45a9f7ec-991 2 windows 3073s
  [39/141] 45aea78c-776 2 windows 3149s
  [40/141] 47241da8-c00 2 windows 3224s
  [41/141] 480d7910-cec 2 windows 3299s
  [42/141] 4c5264dd-911 2 windows 3375s
  [43/141] 4ee70f88-f03 2 windows 3474s
  [44/141] 50caa2df-cf8 2 windows 3603s
  [45/141] 51c01ba4-900 2 windows 3682s
  [46/141] 5271d125-613 2 windows 3757s
  [47/141] 52ddcaaf-06c 2 windows 3832s
  [48/141] 565b6ff0-c9f 2 windows 3913s
  [49/141] 5716299c-a9e 2 windows 3988s
  [50/141] 59c25a0f-d4b 2 windows 4064s
  [51/141] 5b4df66c-31a 2 windows 4139s
  [52/141] 5d39a1de-bd2 2 windows 4214s
  [53/141] 5d94cbbb-55e 2 windows 4289s
  [54/141] 5f86e111-b21 2 windows 4364s
  [55/141] 62f3222e-9aa 2 windows 4439s
  [56/141] 63434e0b-8cd 2 windows 4514s
  [57/141] 66e4d574-2b3 2 windows 4589s
  [58/141] 672d70d8-812 2 windows 4664s
  [59/141] 6908302e-14b 2 windows 4740s
  [60/141] 695081db-431 2 windows 4815s
  [61/141] 6a89cca3-64e 2 windows 4890s
  [62/141] 6b3e802e-ea8 2 windows 4965s
  [63/141] 6ed4ef7a-1a7 2 windows 5040s
  [64/141] 73e750eb-684 2 windows 5115s
  [65/141] 7526e299-040 2 windows 5190s
  [66/141] 77a247be-ad5 2 windows 5265s
  [67/141] 79e30ac2-c61 2 windows 5340s
  [68/141] 80b890fc-114 2 windows 5416s
  [69/141] 80fcd92f-7bb 2 windows 5491s
  [70/141] 826cd25c-fa4 2 windows 5566s
  [71/141] 829320e2-ba1 2 windows 5641s
  [72/141] 84952a7e-a54 2 windows 5716s
  [73/141] 85a47aa1-146 2 windows 5791s
  [74/141] 8d610d87-817 2 windows 5866s
  [75/141] 8df0cb04-8b6 2 windows 5941s
  [76/141] 8f1baf35-90f 2 windows 6016s
  [77/141] 8fe27d99-23e 2 windows 6091s
  [78/141] 91929cea-f8d 2 windows 6166s
  [79/141] 91e90a95-a12 2 windows 6242s
  [80/141] 9370d445-320 2 windows 6317s
  [81/141] 93854321-c88 2 windows 6392s
  [82/141] 998310a5-277 2 windows 6467s
  [83/141] 9b4347d2-fdc 2 windows 6542s
  [84/141] 9c50f803-c78 2 windows 6617s
  [85/141] 9d3d1cd1-ce5 2 windows 6692s
  [86/141] 9fc24b6e-3ec 2 windows 6767s
  [87/141] a0d95df6-499 2 windows 6842s
  [88/141] a459164a-0c6 2 windows 6917s
  [89/141] a6b2719b-771 2 windows 6993s
  [90/141] a7e15877-946 2 windows 7068s
  [91/141] aa00f477-540 2 windows 7143s
  [92/141] aa594aa8-bc9 2 windows 7218s
  [93/141] ac81f868-f50 2 windows 7293s
  [94/141] acf8e77f-7d5 2 windows 7368s
  [95/141] af6f5964-263 2 windows 7443s
  [96/141] afe44776-866 2 windows 7518s
  [97/141] b0252ad5-8cd 2 windows 7593s
  [98/141] b05195bf-36d 2 windows 7668s
  [99/141] b19eb35f-396 2 windows 7743s
  [100/141] b62be3fa-4fb 2 windows 7819s
  [101/141] b99058dc-680 2 windows 7894s
  [102/141] c0142275-d0c 2 windows 7969s
  [103/141] c08bebe5-c3f 2 windows 8044s
  [104/141] c1cb24d2-0af 2 windows 8119s
  [105/141] c84ea182-972 2 windows 8194s
  [106/141] c8a39711-ce0 2 windows 8269s
  [107/141] ca11a2a2-102 2 windows 8344s
  [108/141] caf90ce8-c1c 2 windows 8419s
  [109/141] d1d382aa-035 2 windows 8494s
  [110/141] d217b78a-0da 2 windows 8570s
  [111/141] d4729053-1eb 2 windows 8645s
  [112/141] d571e998-57d 2 windows 8720s
  [113/141] d85682b8-f61 2 windows 8795s
  [114/141] dbad28c2-dfc 2 windows 8870s
  [115/141] dca157a0-20a 2 windows 8945s
  [116/141] e0e6b875-eb1 2 windows 9020s
  [117/141] e319062b-376 2 windows 9095s
  [118/141] e66979e0-6f5 2 windows 9170s
  [119/141] e6cb7cd4-834 2 windows 9245s
  [120/141] e7ada9bb-f5f 2 windows 9321s
  [121/141] e8ace736-b9b 2 windows 9396s
  [122/141] ea019ab7-bd2 2 windows 9471s
  [123/141] eabb9abf-06a 2 windows 9546s
  [124/141] eb96a48b-db1 2 windows 9621s
  [125/141] ebd51f52-29f 2 windows 9696s
  [126/141] ed09262b-3ac 2 windows 9771s
  [127/141] ed87040c-cf3 2 windows 9846s
  [128/141] edd5d17b-1be 2 windows 9922s
  [129/141] f14ae2d2-7bf 2 windows 9997s
  [130/141] f19cffbf-562 2 windows 10072s
  [131/141] f1a94fee-838 2 windows 10147s
  [132/141] f1e1536b-1e2 2 windows 10222s
  [133/141] f26af403-f54 2 windows 10297s
  [134/141] f4226f59-077 2 windows 10372s
  [135/141] f4740120-50c 2 windows 10447s
  [136/141] f6e7827e-fd4 2 windows 10522s
  [137/141] f901e9e6-cc3 2 windows 10598s
  [138/141] fb8e8200-bde 2 windows 10673s
  [139/141] fe764229-15d 2 windows 10748s
  [140/141] fe83e06e-3c2 2 windows 10823s
  [141/141] ffcd075e-c25 2 windows 10898s
REFAV1_DUMP_DONE
[trivial-profile] 282 windows — arm SHAPE before any family row (straight |y|<1e-06 m, const-speed spread<0.0001 m)
  cl             n= 282 straight=1.0000 const_speed=0.9574 CONSTANT-VELOCITY=0.9574  identical_to: ha=5/282, ha0=270/282, ol=5/282
  ha             n= 282 straight=0.0248 const_speed=0.0177 CONSTANT-VELOCITY=0.0177  identical_to: cl=5/282, ha0=5/282, ol=5/282
  ha0            n= 282 straight=1.0000 const_speed=1.0000 CONSTANT-VELOCITY=1.0000  identical_to: cl=270/282, ha=5/282, ol=5/282
  ol             n= 282 straight=0.0248 const_speed=0.0177 CONSTANT-VELOCITY=0.0177  identical_to: cl=5/282, ha=5/282, ha0=5/282
  ⚠️ CONSTANT-VELOCITY on > 50 % of windows: ['cl', 'ha0'] — read their LATERAL rows as a control, never as planning skill
Traceback (most recent call last):
  File "/home/nvidia/refav1_evalrun/repo/taniteval/tools/refav1_arm.py", line 1982, in <module>
    main()
  File "/home/nvidia/refav1_evalrun/repo/taniteval/tools/refav1_arm.py", line 1944, in main
    rec = analyze_refav1(dump_dir, n_boot=a.n_boot, seed=a.seed,
          ^^^^^^^^^^^^^^^^^^^^^^^^^^^^^^^^^^^^^^^^^^^^^^^^^^^^^^
  File "/home/nvidia/refav1_evalrun/repo/taniteval/tools/refav1_arm.py", line 1550, in analyze_refav1
    lead, dk_info = attach_lead_block(files, manifest, lead_block, k=k_dump, dt=dt)
                    ^^^^^^^^^^^^^^^^^^^^^^^^^^^^^^^^^^^^^^^^^^^^^^^^^^^^^^^^^^^^^^^
  File "/home/nvidia/refav1_evalrun/repo/taniteval/tools/refav1_arm.py", line 1115, in attach_lead_block
    blk, idx, meta = load_lead_block_rows(path)
                     ^^^^^^^^^^^^^^^^^^^^^^^^^^
  File "/home/nvidia/refav1_evalrun/repo/taniteval/tools/refav1_arm.py", line 933, in load_lead_block_rows
    blk = _load_eff().load_lead_block(path)
          ^^^^^^^^^^^
  File "/home/nvidia/refav1_evalrun/repo/taniteval/tools/refav1_arm.py", line 912, in _load_eff
    spec.loader.exec_module(mod)
  File "<frozen importlib._bootstrap_external>", line 991, in exec_module
  File "<frozen importlib._bootstrap_external>", line 1128, in get_code
  File "<frozen importlib._bootstrap_external>", line 1186, in get_data
FileNotFoundError: [Errno 2] No such file or directory: '/home/nvidia/refav1_evalrun/repo/taniteval/tools/eval_four_families.py'
