=== 11:54:28Z START refc_xl_v0on (preset=xl v0=real) ===
[egoin:refc_xl_v0on] envelope frac_windows=0.0 verdict='MEASUREMENT — every step stayed inside the MEASURED envelope'
[egoin:refc_xl_v0on] G4 falsifier: {'edge_value_accepted': True, 'just_outside_raises': True, 'lateral_refused': True, 'G4_PASS': True}
[egoin:refc_xl_v0on] 40 val episodes, dev cuda
[egoin:refc_xl_v0on] planner RefCPlanner ready in 4s
    [pseudosim] ep 1/40 planner calls so far 399
    [pseudosim] ep 2/40 planner calls so far 798
    [pseudosim] ep 3/40 planner calls so far 1197
    [pseudosim] ep 4/40 planner calls so far 1596
    [pseudosim] ep 5/40 planner calls so far 1995
    [pseudosim] ep 6/40 planner calls so far 2394
    [pseudosim] ep 7/40 planner calls so far 2793
    [pseudosim] ep 8/40 planner calls so far 3192
    [pseudosim] ep 9/40 planner calls so far 3591
    [pseudosim] ep 10/40 planner calls so far 3990
    [pseudosim] ep 11/40 planner calls so far 4410
    [pseudosim] ep 12/40 planner calls so far 4809
    [pseudosim] ep 13/40 planner calls so far 5208
    [pseudosim] ep 14/40 planner calls so far 5607
    [pseudosim] ep 15/40 planner calls so far 6006
    [pseudosim] ep 16/40 planner calls so far 6405
    [pseudosim] ep 17/40 planner calls so far 6804
    [pseudosim] ep 18/40 planner calls so far 7203
    [pseudosim] ep 19/40 planner calls so far 7602
    [pseudosim] ep 20/40 planner calls so far 8001
    [pseudosim] ep 21/40 planner calls so far 8400
    [pseudosim] ep 22/40 planner calls so far 8799
    [pseudosim] ep 23/40 planner calls so far 9198
    [pseudosim] ep 24/40 planner calls so far 9597
    [pseudosim] ep 25/40 planner calls so far 9996
    [pseudosim] ep 26/40 planner calls so far 10395
    [pseudosim] ep 27/40 planner calls so far 10794
    [pseudosim] ep 28/40 planner calls so far 11193
    [pseudosim] ep 29/40 planner calls so far 11592
    [pseudosim] ep 30/40 planner calls so far 11991
    [pseudosim] ep 31/40 planner calls so far 12390
    [pseudosim] ep 32/40 planner calls so far 12789
    [pseudosim] ep 33/40 planner calls so far 13188
    [pseudosim] ep 34/40 planner calls so far 13587
    [pseudosim] ep 35/40 planner calls so far 13986
    [pseudosim] ep 36/40 planner calls so far 14385
    [pseudosim] ep 37/40 planner calls so far 14784
    [pseudosim] ep 38/40 planner calls so far 15183
    [pseudosim] ep 39/40 planner calls so far 15582
    [pseudosim] ep 40/40 planner calls so far 15981
[egoin:refc_xl_v0on] PSS=0.4297 [0.4101,0.4452] n_win=15981 n_ep=40 846.6s
EGOIN_ARM_DONE refc_xl_v0on
=== 12:08:47Z END refc_xl_v0on rc=0 ===
=== 12:08:47Z START refc_xl_v0off (preset=xl v0=zero) ===
[egoin:refc_xl_v0off] envelope frac_windows=0.0 verdict='MEASUREMENT — every step stayed inside the MEASURED envelope'
[egoin:refc_xl_v0off] G4 falsifier: {'edge_value_accepted': True, 'just_outside_raises': True, 'lateral_refused': True, 'G4_PASS': True}
[egoin:refc_xl_v0off] 40 val episodes, dev cuda
[egoin:refc_xl_v0off] planner V0BlindRefC ready in 3s
    [pseudosim] ep 1/40 planner calls so far 399
    [pseudosim] ep 2/40 planner calls so far 798
    [pseudosim] ep 3/40 planner calls so far 1197
    [pseudosim] ep 4/40 planner calls so far 1596
    [pseudosim] ep 5/40 planner calls so far 1995
    [pseudosim] ep 6/40 planner calls so far 2394
    [pseudosim] ep 7/40 planner calls so far 2793
    [pseudosim] ep 8/40 planner calls so far 3192
    [pseudosim] ep 9/40 planner calls so far 3591
    [pseudosim] ep 10/40 planner calls so far 3990
    [pseudosim] ep 11/40 planner calls so far 4410
    [pseudosim] ep 12/40 planner calls so far 4809
    [pseudosim] ep 13/40 planner calls so far 5208
    [pseudosim] ep 14/40 planner calls so far 5607
    [pseudosim] ep 15/40 planner calls so far 6006
    [pseudosim] ep 16/40 planner calls so far 6405
    [pseudosim] ep 17/40 planner calls so far 6804
    [pseudosim] ep 18/40 planner calls so far 7203
    [pseudosim] ep 19/40 planner calls so far 7602
    [pseudosim] ep 20/40 planner calls so far 8001
    [pseudosim] ep 21/40 planner calls so far 8400
    [pseudosim] ep 22/40 planner calls so far 8799
    [pseudosim] ep 23/40 planner calls so far 9198
    [pseudosim] ep 24/40 planner calls so far 9597
    [pseudosim] ep 25/40 planner calls so far 9996
    [pseudosim] ep 26/40 planner calls so far 10395
    [pseudosim] ep 27/40 planner calls so far 10794
    [pseudosim] ep 28/40 planner calls so far 11193
    [pseudosim] ep 29/40 planner calls so far 11592
    [pseudosim] ep 30/40 planner calls so far 11991
    [pseudosim] ep 31/40 planner calls so far 12390
    [pseudosim] ep 32/40 planner calls so far 12789
    [pseudosim] ep 33/40 planner calls so far 13188
    [pseudosim] ep 34/40 planner calls so far 13587
    [pseudosim] ep 35/40 planner calls so far 13986
    [pseudosim] ep 36/40 planner calls so far 14385
    [pseudosim] ep 37/40 planner calls so far 14784
    [pseudosim] ep 38/40 planner calls so far 15183
    [pseudosim] ep 39/40 planner calls so far 15582
    [pseudosim] ep 40/40 planner calls so far 15981
[egoin:refc_xl_v0off] PSS=0.4034 [0.3835,0.4195] n_win=15981 n_ep=40 849.1s
EGOIN_ARM_DONE refc_xl_v0off
=== 12:23:07Z END refc_xl_v0off rc=0 ===
=== 12:23:07Z START refc_base_v0on (preset=base v0=real) ===
[egoin:refc_base_v0on] envelope frac_windows=0.0 verdict='MEASUREMENT — every step stayed inside the MEASURED envelope'
[egoin:refc_base_v0on] G4 falsifier: {'edge_value_accepted': True, 'just_outside_raises': True, 'lateral_refused': True, 'G4_PASS': True}
[egoin:refc_base_v0on] 40 val episodes, dev cuda
[egoin:refc_base_v0on] planner RefCPlanner ready in 2s
    [pseudosim] ep 1/40 planner calls so far 399
    [pseudosim] ep 2/40 planner calls so far 798
    [pseudosim] ep 3/40 planner calls so far 1197
    [pseudosim] ep 4/40 planner calls so far 1596
    [pseudosim] ep 5/40 planner calls so far 1995
    [pseudosim] ep 6/40 planner calls so far 2394
    [pseudosim] ep 7/40 planner calls so far 2793
    [pseudosim] ep 8/40 planner calls so far 3192
    [pseudosim] ep 9/40 planner calls so far 3591
    [pseudosim] ep 10/40 planner calls so far 3990
    [pseudosim] ep 11/40 planner calls so far 4410
    [pseudosim] ep 12/40 planner calls so far 4809
    [pseudosim] ep 13/40 planner calls so far 5208
    [pseudosim] ep 14/40 planner calls so far 5607
    [pseudosim] ep 15/40 planner calls so far 6006
    [pseudosim] ep 16/40 planner calls so far 6405
    [pseudosim] ep 17/40 planner calls so far 6804
    [pseudosim] ep 18/40 planner calls so far 7203
    [pseudosim] ep 19/40 planner calls so far 7602
    [pseudosim] ep 20/40 planner calls so far 8001
    [pseudosim] ep 21/40 planner calls so far 8400
    [pseudosim] ep 22/40 planner calls so far 8799
    [pseudosim] ep 23/40 planner calls so far 9198
    [pseudosim] ep 24/40 planner calls so far 9597
    [pseudosim] ep 25/40 planner calls so far 9996
    [pseudosim] ep 26/40 planner calls so far 10395
    [pseudosim] ep 27/40 planner calls so far 10794
    [pseudosim] ep 28/40 planner calls so far 11193
    [pseudosim] ep 29/40 planner calls so far 11592
    [pseudosim] ep 30/40 planner calls so far 11991
    [pseudosim] ep 31/40 planner calls so far 12390
    [pseudosim] ep 32/40 planner calls so far 12789
    [pseudosim] ep 33/40 planner calls so far 13188
    [pseudosim] ep 34/40 planner calls so far 13587
    [pseudosim] ep 35/40 planner calls so far 13986
    [pseudosim] ep 36/40 planner calls so far 14385
    [pseudosim] ep 37/40 planner calls so far 14784
    [pseudosim] ep 38/40 planner calls so far 15183
    [pseudosim] ep 39/40 planner calls so far 15582
    [pseudosim] ep 40/40 planner calls so far 15981
[egoin:refc_base_v0on] PSS=0.4268 [0.4069,0.4426] n_win=15981 n_ep=40 519.7s
EGOIN_ARM_DONE refc_base_v0on
=== 12:31:55Z END refc_base_v0on rc=0 ===
=== 12:31:55Z START refc_base_v0off (preset=base v0=zero) ===
[egoin:refc_base_v0off] envelope frac_windows=0.0 verdict='MEASUREMENT — every step stayed inside the MEASURED envelope'
[egoin:refc_base_v0off] G4 falsifier: {'edge_value_accepted': True, 'just_outside_raises': True, 'lateral_refused': True, 'G4_PASS': True}
[egoin:refc_base_v0off] 40 val episodes, dev cuda
[egoin:refc_base_v0off] planner V0BlindRefC ready in 2s
    [pseudosim] ep 1/40 planner calls so far 399
    [pseudosim] ep 2/40 planner calls so far 798
    [pseudosim] ep 3/40 planner calls so far 1197
    [pseudosim] ep 4/40 planner calls so far 1596
    [pseudosim] ep 5/40 planner calls so far 1995
    [pseudosim] ep 6/40 planner calls so far 2394
    [pseudosim] ep 7/40 planner calls so far 2793
    [pseudosim] ep 8/40 planner calls so far 3192
    [pseudosim] ep 9/40 planner calls so far 3591
    [pseudosim] ep 10/40 planner calls so far 3990
    [pseudosim] ep 11/40 planner calls so far 4410
    [pseudosim] ep 12/40 planner calls so far 4809
    [pseudosim] ep 13/40 planner calls so far 5208
    [pseudosim] ep 14/40 planner calls so far 5607
    [pseudosim] ep 15/40 planner calls so far 6006
    [pseudosim] ep 16/40 planner calls so far 6405
    [pseudosim] ep 17/40 planner calls so far 6804
    [pseudosim] ep 18/40 planner calls so far 7203
    [pseudosim] ep 19/40 planner calls so far 7602
    [pseudosim] ep 20/40 planner calls so far 8001
    [pseudosim] ep 21/40 planner calls so far 8400
    [pseudosim] ep 22/40 planner calls so far 8799
    [pseudosim] ep 23/40 planner calls so far 9198
    [pseudosim] ep 24/40 planner calls so far 9597
    [pseudosim] ep 25/40 planner calls so far 9996
    [pseudosim] ep 26/40 planner calls so far 10395
    [pseudosim] ep 27/40 planner calls so far 10794
    [pseudosim] ep 28/40 planner calls so far 11193
    [pseudosim] ep 29/40 planner calls so far 11592
    [pseudosim] ep 30/40 planner calls so far 11991
    [pseudosim] ep 31/40 planner calls so far 12390
    [pseudosim] ep 32/40 planner calls so far 12789
    [pseudosim] ep 33/40 planner calls so far 13188
    [pseudosim] ep 34/40 planner calls so far 13587
    [pseudosim] ep 35/40 planner calls so far 13986
    [pseudosim] ep 36/40 planner calls so far 14385
    [pseudosim] ep 37/40 planner calls so far 14784
    [pseudosim] ep 38/40 planner calls so far 15183
    [pseudosim] ep 39/40 planner calls so far 15582
    [pseudosim] ep 40/40 planner calls so far 15981
[egoin:refc_base_v0off] PSS=0.3891 [0.3696,0.4057] n_win=15981 n_ep=40 513.2s
EGOIN_ARM_DONE refc_base_v0off
=== 12:40:35Z END refc_base_v0off rc=0 ===
BLOCK_A_ALL_DONE fail=0
