phase A start 16:23:28
rc 0 bytes 28,037,120 seconds 191 rate 0.15 MB/s
phase A end 16:26:39 rc=0
16:32:46 part 0: trainer before: rc 0 steps 5333..5342 n=10 mean 71.13 s/step median 60.60 min 57.00 max 162.50 last5 [68.6, 57.1, 62.9, 60.6, 59.3]  local 16:32:46
16:32:46 part 0: trainer step time 71.13 > 63.61 (or unreadable) -- PAUSED
16:34:14 part 0: trainer before: 10 steps, 1 boundary step(s) dropped, mean 61.34 s/step  (raw: rc 0 steps 5334..5343 n=10 mean 71.46 s/step median 62.80 min 57.00 max 162.50 last5 [57.1, 62.9, 60.6, 59.3, 62.8]  local 16:34:14)
16:38:04 part 0: stream rc 0 bytes 2,094,745,600 seconds 229 rate 9.13 MB/s (229 s)
16:38:09 part 0: verify ok=True images=10000 missing=0 set_lines=1344 digest_mismatch=0
16:38:10 part 0: trainer after: 10 steps, 0 boundary step(s) dropped, mean 61.70 s/step  (raw: rc 0 steps 5338..5347 n=10 mean 61.70 s/step median 62.80 min 57.10 max 68.60 last5 [62.8, 62.8, 59.9, 62.9, 60.1]  local 16:38:10)
16:38:12 part 1: trainer before: 10 steps, 0 boundary step(s) dropped, mean 61.70 s/step  (raw: rc 0 steps 5338..5347 n=10 mean 61.70 s/step median 62.80 min 57.10 max 68.60 last5 [62.8, 62.8, 59.9, 62.9, 60.1]  local 16:38:12)
16:42:08 part 1: stream rc 0 bytes 2,095,165,440 seconds 236 rate 8.87 MB/s (236 s)
16:42:28 part 1: verify ok=True images=10000 missing=0 set_lines=1258 digest_mismatch=0
16:42:30 part 1: trainer after: 10 steps, 0 boundary step(s) dropped, mean 61.72 s/step  (raw: rc 0 steps 5342..5351 n=10 mean 61.72 s/step median 62.80 min 57.30 max 66.00 last5 [60.1, 57.3, 65.8, 60.3, 66.0]  local 16:42:30)
16:42:32 part 2: trainer before: 10 steps, 0 boundary step(s) dropped, mean 61.72 s/step  (raw: rc 0 steps 5342..5351 n=10 mean 61.72 s/step median 62.80 min 57.30 max 66.00 last5 [60.1, 57.3, 65.8, 60.3, 66.0]  local 16:42:32)
16:45:49 part 2: stream rc 0 bytes 2,097,408,000 seconds 197 rate 10.66 MB/s (197 s)
16:46:47 part 2: verify ok=True images=10000 missing=0 set_lines=1306 digest_mismatch=0
16:46:49 part 2: trainer after: 10 steps, 0 boundary step(s) dropped, mean 61.61 s/step  (raw: rc 0 steps 5346..5355 n=10 mean 61.61 s/step median 60.30 min 57.30 max 66.00 last5 [66.0, 57.3, 60.3, 65.9, 60.2]  local 16:46:49)
16:46:51 part 3: trainer before: 10 steps, 0 boundary step(s) dropped, mean 61.61 s/step  (raw: rc 0 steps 5346..5355 n=10 mean 61.61 s/step median 60.30 min 57.30 max 66.00 last5 [66.0, 57.3, 60.3, 65.9, 60.2]  local 16:46:51)
16:49:41 part 3: stream rc 0 bytes 2,091,724,800 seconds 169 rate 12.34 MB/s (170 s)
16:49:50 part 3: verify ok=True images=10000 missing=0 set_lines=1278 digest_mismatch=0
16:49:53 part 3: trainer after: 10 steps, 0 boundary step(s) dropped, mean 61.94 s/step  (raw: rc 0 steps 5349..5358 n=10 mean 61.94 s/step median 60.80 min 57.30 max 66.00 last5 [65.9, 60.2, 60.8, 62.6, 60.2]  local 16:49:53)
16:49:53 ZZPHASEB_DONE
