13:37:31 launcher up (pid 24724); waiting for 15:45 local
13:42:26 v1 launcher stopped by the agent (replaced by v2: no desktop-memory condition, retries a refused start)
13:42:31 launcher v2 up (pid 24935); waiting for 15:45 local
15:45:14 python_compute_apps=[] util=5 mem_used_MiB=1604
15:45:24 python_compute_apps=[] util=43 mem_used_MiB=1595
15:45:34 python_compute_apps=[] util=37 mem_used_MiB=1575
15:45:44 python_compute_apps=[] util=51 mem_used_MiB=1604
15:45:55 python_compute_apps=[] util=38 mem_used_MiB=1595
15:46:05 python_compute_apps=[] util=37 mem_used_MiB=1542
15:46:16 python_compute_apps=[] util=39 mem_used_MiB=1594
15:46:26 python_compute_apps=[] util=40 mem_used_MiB=1594
15:46:36 python_compute_apps=[34344, C:\Users\Admin\AppData\Local\Programs\Python\Python313\python.exe;] util=18 mem_used_MiB=1972
15:46:47 python_compute_apps=[34344, C:\Users\Admin\AppData\Local\Programs\Python\Python313\python.exe;] util=56 mem_used_MiB=1965
15:46:57 python_compute_apps=[34344, C:\Users\Admin\AppData\Local\Programs\Python\Python313\python.exe;] util=40 mem_used_MiB=1968
15:47:07 python_compute_apps=[34344, C:\Users\Admin\AppData\Local\Programs\Python\Python313\python.exe;] util=50 mem_used_MiB=1970
15:47:18 python_compute_apps=[] util=39 mem_used_MiB=1574
15:47:28 python_compute_apps=[33600, C:\Users\Admin\AppData\Local\Programs\Python\Python313\python.exe;] util=4 mem_used_MiB=1964
15:47:39 python_compute_apps=[33600, C:\Users\Admin\AppData\Local\Programs\Python\Python313\python.exe;] util=71 mem_used_MiB=1965
15:47:49 python_compute_apps=[] util=4 mem_used_MiB=1592
15:47:59 python_compute_apps=[] util=63 mem_used_MiB=1582
15:48:10 python_compute_apps=[] util=37 mem_used_MiB=1593
15:48:20 python_compute_apps=[] util=45 mem_used_MiB=1593
15:48:32 python_compute_apps=[] util=40 mem_used_MiB=1601
15:48:42 python_compute_apps=[37680, C:\Users\Admin\AppData\Local\Programs\Python\Python313\python.exe;] util=4 mem_used_MiB=2366
15:48:52 python_compute_apps=[37680, C:\Users\Admin\AppData\Local\Programs\Python\Python313\python.exe;] util=100 mem_used_MiB=3287
15:49:03 python_compute_apps=[37680, C:\Users\Admin\AppData\Local\Programs\Python\Python313\python.exe;] util=100 mem_used_MiB=3289
15:49:13 python_compute_apps=[37680, C:\Users\Admin\AppData\Local\Programs\Python\Python313\python.exe;] util=100 mem_used_MiB=3591
15:49:23 python_compute_apps=[37680, C:\Users\Admin\AppData\Local\Programs\Python\Python313\python.exe;] util=94 mem_used_MiB=3609
15:49:34 python_compute_apps=[37680, C:\Users\Admin\AppData\Local\Programs\Python\Python313\python.exe;] util=100 mem_used_MiB=3590
15:49:45 python_compute_apps=[37680, C:\Users\Admin\AppData\Local\Programs\Python\Python313\python.exe;] util=100 mem_used_MiB=3583
15:49:55 python_compute_apps=[37680, C:\Users\Admin\AppData\Local\Programs\Python\Python313\python.exe;] util=95 mem_used_MiB=3567
15:50:13 python_compute_apps=[37680, C:\Users\Admin\AppData\Local\Programs\Python\Python313\python.exe;] util=19 mem_used_MiB=3456
15:50:26 python_compute_apps=[37680, C:\Users\Admin\AppData\Local\Programs\Python\Python313\python.exe;] util=38 mem_used_MiB=3497
15:50:37 python_compute_apps=[37680, C:\Users\Admin\AppData\Local\Programs\Python\Python313\python.exe;] util=100 mem_used_MiB=3534
15:50:48 python_compute_apps=[37680, C:\Users\Admin\AppData\Local\Programs\Python\Python313\python.exe;] util=100 mem_used_MiB=3524
15:50:58 python_compute_apps=[37680, C:\Users\Admin\AppData\Local\Programs\Python\Python313\python.exe;] util=100 mem_used_MiB=3451
15:51:08 python_compute_apps=[37680, C:\Users\Admin\AppData\Local\Programs\Python\Python313\python.exe;] util=100 mem_used_MiB=3445
15:51:18 python_compute_apps=[37680, C:\Users\Admin\AppData\Local\Programs\Python\Python313\python.exe;] util=100 mem_used_MiB=3446
15:51:29 python_compute_apps=[37680, C:\Users\Admin\AppData\Local\Programs\Python\Python313\python.exe;] util=100 mem_used_MiB=3464
15:51:39 python_compute_apps=[37680, C:\Users\Admin\AppData\Local\Programs\Python\Python313\python.exe;] util=100 mem_used_MiB=3475
15:51:49 python_compute_apps=[37680, C:\Users\Admin\AppData\Local\Programs\Python\Python313\python.exe;] util=100 mem_used_MiB=3496
15:51:59 python_compute_apps=[37680, C:\Users\Admin\AppData\Local\Programs\Python\Python313\python.exe;] util=100 mem_used_MiB=3485
15:52:10 python_compute_apps=[37680, C:\Users\Admin\AppData\Local\Programs\Python\Python313\python.exe;] util=100 mem_used_MiB=3472
15:52:20 python_compute_apps=[37680, C:\Users\Admin\AppData\Local\Programs\Python\Python313\python.exe;] util=100 mem_used_MiB=3639
15:52:30 python_compute_apps=[37680, C:\Users\Admin\AppData\Local\Programs\Python\Python313\python.exe;] util=100 mem_used_MiB=3597
15:52:40 python_compute_apps=[37680, C:\Users\Admin\AppData\Local\Programs\Python\Python313\python.exe;] util=100 mem_used_MiB=3550
15:52:50 python_compute_apps=[37680, C:\Users\Admin\AppData\Local\Programs\Python\Python313\python.exe;] util=100 mem_used_MiB=3676
15:53:01 python_compute_apps=[37680, C:\Users\Admin\AppData\Local\Programs\Python\Python313\python.exe;] util=100 mem_used_MiB=3681
15:53:11 python_compute_apps=[37680, C:\Users\Admin\AppData\Local\Programs\Python\Python313\python.exe;] util=95 mem_used_MiB=3726
15:53:22 python_compute_apps=[37680, C:\Users\Admin\AppData\Local\Programs\Python\Python313\python.exe;] util=95 mem_used_MiB=3682
15:53:32 python_compute_apps=[37680, C:\Users\Admin\AppData\Local\Programs\Python\Python313\python.exe;] util=100 mem_used_MiB=3785
15:53:42 python_compute_apps=[37680, C:\Users\Admin\AppData\Local\Programs\Python\Python313\python.exe;] util=100 mem_used_MiB=3614
15:53:52 python_compute_apps=[37680, C:\Users\Admin\AppData\Local\Programs\Python\Python313\python.exe;] util=100 mem_used_MiB=3618
15:54:03 python_compute_apps=[37680, C:\Users\Admin\AppData\Local\Programs\Python\Python313\python.exe;] util=100 mem_used_MiB=3684
15:54:13 python_compute_apps=[37680, C:\Users\Admin\AppData\Local\Programs\Python\Python313\python.exe;] util=96 mem_used_MiB=3714
15:54:23 python_compute_apps=[37680, C:\Users\Admin\AppData\Local\Programs\Python\Python313\python.exe;] util=100 mem_used_MiB=3741
15:54:34 python_compute_apps=[37680, C:\Users\Admin\AppData\Local\Programs\Python\Python313\python.exe;] util=95 mem_used_MiB=3751
15:54:44 python_compute_apps=[37680, C:\Users\Admin\AppData\Local\Programs\Python\Python313\python.exe;] util=100 mem_used_MiB=3750
15:54:56 python_compute_apps=[37680, C:\Users\Admin\AppData\Local\Programs\Python\Python313\python.exe;] util=100 mem_used_MiB=3721
15:55:07 python_compute_apps=[37680, C:\Users\Admin\AppData\Local\Programs\Python\Python313\python.exe;] util=6 mem_used_MiB=3669
15:55:17 python_compute_apps=[37680, C:\Users\Admin\AppData\Local\Programs\Python\Python313\python.exe;] util=100 mem_used_MiB=3695
15:55:27 python_compute_apps=[37680, C:\Users\Admin\AppData\Local\Programs\Python\Python313\python.exe;] util=97 mem_used_MiB=3674
15:55:38 python_compute_apps=[37680, C:\Users\Admin\AppData\Local\Programs\Python\Python313\python.exe;24492, C:\Users\Admin\AppData\Local\Programs\Python\Python313\python.exe;] util=100 mem_used_MiB=4042
15:55:48 python_compute_apps=[37680, C:\Users\Admin\AppData\Local\Programs\Python\Python313\python.exe;24492, C:\Users\Admin\AppData\Local\Programs\Python\Python313\python.exe;] util=100 mem_used_MiB=4082
15:55:59 python_compute_apps=[37680, C:\Users\Admin\AppData\Local\Programs\Python\Python313\python.exe;24492, C:\Users\Admin\AppData\Local\Programs\Python\Python313\python.exe;] util=100 mem_used_MiB=4060
15:56:09 python_compute_apps=[37680, C:\Users\Admin\AppData\Local\Programs\Python\Python313\python.exe;24492, C:\Users\Admin\AppData\Local\Programs\Python\Python313\python.exe;] util=100 mem_used_MiB=4015
15:56:19 python_compute_apps=[37680, C:\Users\Admin\AppData\Local\Programs\Python\Python313\python.exe;24492, C:\Users\Admin\AppData\Local\Programs\Python\Python313\python.exe;] util=100 mem_used_MiB=4003
15:56:30 python_compute_apps=[37680, C:\Users\Admin\AppData\Local\Programs\Python\Python313\python.exe;24492, C:\Users\Admin\AppData\Local\Programs\Python\Python313\python.exe;] util=75 mem_used_MiB=4046
15:56:41 python_compute_apps=[37680, C:\Users\Admin\AppData\Local\Programs\Python\Python313\python.exe;24492, C:\Users\Admin\AppData\Local\Programs\Python\Python313\python.exe;] util=99 mem_used_MiB=4019
15:56:51 python_compute_apps=[37680, C:\Users\Admin\AppData\Local\Programs\Python\Python313\python.exe;24492, C:\Users\Admin\AppData\Local\Programs\Python\Python313\python.exe;] util=100 mem_used_MiB=4034
15:57:03 python_compute_apps=[37680, C:\Users\Admin\AppData\Local\Programs\Python\Python313\python.exe;24492, C:\Users\Admin\AppData\Local\Programs\Python\Python313\python.exe;] util=100 mem_used_MiB=4029
15:57:14 python_compute_apps=[37680, C:\Users\Admin\AppData\Local\Programs\Python\Python313\python.exe;24492, C:\Users\Admin\AppData\Local\Programs\Python\Python313\python.exe;] util=100 mem_used_MiB=3986
15:57:25 python_compute_apps=[37680, C:\Users\Admin\AppData\Local\Programs\Python\Python313\python.exe;24492, C:\Users\Admin\AppData\Local\Programs\Python\Python313\python.exe;] util=86 mem_used_MiB=4016
15:57:35 python_compute_apps=[37680, C:\Users\Admin\AppData\Local\Programs\Python\Python313\python.exe;24492, C:\Users\Admin\AppData\Local\Programs\Python\Python313\python.exe;] util=100 mem_used_MiB=4003
15:57:46 python_compute_apps=[37680, C:\Users\Admin\AppData\Local\Programs\Python\Python313\python.exe;24492, C:\Users\Admin\AppData\Local\Programs\Python\Python313\python.exe;] util=100 mem_used_MiB=3977
15:57:56 python_compute_apps=[37680, C:\Users\Admin\AppData\Local\Programs\Python\Python313\python.exe;] util=100 mem_used_MiB=3669
15:58:06 python_compute_apps=[37680, C:\Users\Admin\AppData\Local\Programs\Python\Python313\python.exe;] util=100 mem_used_MiB=3776
15:58:17 python_compute_apps=[37680, C:\Users\Admin\AppData\Local\Programs\Python\Python313\python.exe;] util=100 mem_used_MiB=3823
15:58:27 python_compute_apps=[37680, C:\Users\Admin\AppData\Local\Programs\Python\Python313\python.exe;] util=100 mem_used_MiB=3748
15:58:37 python_compute_apps=[37680, C:\Users\Admin\AppData\Local\Programs\Python\Python313\python.exe;] util=100 mem_used_MiB=3647
15:58:48 python_compute_apps=[37680, C:\Users\Admin\AppData\Local\Programs\Python\Python313\python.exe;] util=100 mem_used_MiB=3633
15:58:58 python_compute_apps=[37680, C:\Users\Admin\AppData\Local\Programs\Python\Python313\python.exe;] util=100 mem_used_MiB=3666
15:59:08 python_compute_apps=[37680, C:\Users\Admin\AppData\Local\Programs\Python\Python313\python.exe;] util=100 mem_used_MiB=3671
15:59:19 python_compute_apps=[37680, C:\Users\Admin\AppData\Local\Programs\Python\Python313\python.exe;] util=100 mem_used_MiB=3693
15:59:29 python_compute_apps=[37680, C:\Users\Admin\AppData\Local\Programs\Python\Python313\python.exe;] util=100 mem_used_MiB=3727
15:59:39 python_compute_apps=[37680, C:\Users\Admin\AppData\Local\Programs\Python\Python313\python.exe;] util=90 mem_used_MiB=3678
15:59:50 python_compute_apps=[37680, C:\Users\Admin\AppData\Local\Programs\Python\Python313\python.exe;] util=100 mem_used_MiB=3693
16:00:01 python_compute_apps=[37680, C:\Users\Admin\AppData\Local\Programs\Python\Python313\python.exe;] util=99 mem_used_MiB=3699
16:00:12 python_compute_apps=[37680, C:\Users\Admin\AppData\Local\Programs\Python\Python313\python.exe;] util=100 mem_used_MiB=3672
16:00:22 python_compute_apps=[37680, C:\Users\Admin\AppData\Local\Programs\Python\Python313\python.exe;] util=100 mem_used_MiB=3694
16:00:32 python_compute_apps=[37680, C:\Users\Admin\AppData\Local\Programs\Python\Python313\python.exe;] util=100 mem_used_MiB=3620
16:00:43 python_compute_apps=[37680, C:\Users\Admin\AppData\Local\Programs\Python\Python313\python.exe;] util=100 mem_used_MiB=3688
16:00:53 python_compute_apps=[37680, C:\Users\Admin\AppData\Local\Programs\Python\Python313\python.exe;] util=100 mem_used_MiB=3627
16:01:04 python_compute_apps=[37680, C:\Users\Admin\AppData\Local\Programs\Python\Python313\python.exe;] util=95 mem_used_MiB=3612
16:01:14 python_compute_apps=[37680, C:\Users\Admin\AppData\Local\Programs\Python\Python313\python.exe;] util=100 mem_used_MiB=3614
16:01:24 python_compute_apps=[37680, C:\Users\Admin\AppData\Local\Programs\Python\Python313\python.exe;] util=100 mem_used_MiB=3605
16:01:35 python_compute_apps=[37680, C:\Users\Admin\AppData\Local\Programs\Python\Python313\python.exe;] util=100 mem_used_MiB=3600
16:01:45 python_compute_apps=[37680, C:\Users\Admin\AppData\Local\Programs\Python\Python313\python.exe;] util=93 mem_used_MiB=3593
16:01:56 python_compute_apps=[37680, C:\Users\Admin\AppData\Local\Programs\Python\Python313\python.exe;] util=93 mem_used_MiB=3608
16:02:07 python_compute_apps=[37680, C:\Users\Admin\AppData\Local\Programs\Python\Python313\python.exe;] util=98 mem_used_MiB=3580
16:02:17 python_compute_apps=[37680, C:\Users\Admin\AppData\Local\Programs\Python\Python313\python.exe;] util=100 mem_used_MiB=3620
16:02:27 python_compute_apps=[37680, C:\Users\Admin\AppData\Local\Programs\Python\Python313\python.exe;] util=100 mem_used_MiB=3608
16:02:38 python_compute_apps=[37680, C:\Users\Admin\AppData\Local\Programs\Python\Python313\python.exe;] util=73 mem_used_MiB=3588
16:02:49 python_compute_apps=[37680, C:\Users\Admin\AppData\Local\Programs\Python\Python313\python.exe;] util=100 mem_used_MiB=3651
16:02:59 python_compute_apps=[37680, C:\Users\Admin\AppData\Local\Programs\Python\Python313\python.exe;] util=100 mem_used_MiB=3618
16:03:09 python_compute_apps=[37680, C:\Users\Admin\AppData\Local\Programs\Python\Python313\python.exe;] util=100 mem_used_MiB=3616
16:03:20 python_compute_apps=[37680, C:\Users\Admin\AppData\Local\Programs\Python\Python313\python.exe;] util=100 mem_used_MiB=3618
16:03:31 python_compute_apps=[37680, C:\Users\Admin\AppData\Local\Programs\Python\Python313\python.exe;] util=28 mem_used_MiB=3626
16:03:41 python_compute_apps=[37680, C:\Users\Admin\AppData\Local\Programs\Python\Python313\python.exe;] util=94 mem_used_MiB=3610
16:03:52 python_compute_apps=[37680, C:\Users\Admin\AppData\Local\Programs\Python\Python313\python.exe;] util=100 mem_used_MiB=3622
16:04:02 python_compute_apps=[37680, C:\Users\Admin\AppData\Local\Programs\Python\Python313\python.exe;] util=100 mem_used_MiB=3624
16:04:12 python_compute_apps=[37680, C:\Users\Admin\AppData\Local\Programs\Python\Python313\python.exe;] util=95 mem_used_MiB=3608
16:04:23 python_compute_apps=[37680, C:\Users\Admin\AppData\Local\Programs\Python\Python313\python.exe;] util=100 mem_used_MiB=3622
16:04:33 python_compute_apps=[37680, C:\Users\Admin\AppData\Local\Programs\Python\Python313\python.exe;6296, C:\Users\Admin\AppData\Local\Programs\Python\Python313\python.exe;] util=100 mem_used_MiB=3790
16:04:43 python_compute_apps=[37680, C:\Users\Admin\AppData\Local\Programs\Python\Python313\python.exe;6296, C:\Users\Admin\AppData\Local\Programs\Python\Python313\python.exe;] util=88 mem_used_MiB=3878
16:04:53 python_compute_apps=[37680, C:\Users\Admin\AppData\Local\Programs\Python\Python313\python.exe;6296, C:\Users\Admin\AppData\Local\Programs\Python\Python313\python.exe;] util=100 mem_used_MiB=3811
16:05:04 python_compute_apps=[37680, C:\Users\Admin\AppData\Local\Programs\Python\Python313\python.exe;6296, C:\Users\Admin\AppData\Local\Programs\Python\Python313\python.exe;] util=100 mem_used_MiB=3798
16:05:14 python_compute_apps=[37680, C:\Users\Admin\AppData\Local\Programs\Python\Python313\python.exe;6296, C:\Users\Admin\AppData\Local\Programs\Python\Python313\python.exe;] util=100 mem_used_MiB=3798
16:05:25 python_compute_apps=[37680, C:\Users\Admin\AppData\Local\Programs\Python\Python313\python.exe;6296, C:\Users\Admin\AppData\Local\Programs\Python\Python313\python.exe;] util=100 mem_used_MiB=3821
16:05:35 python_compute_apps=[37680, C:\Users\Admin\AppData\Local\Programs\Python\Python313\python.exe;6296, C:\Users\Admin\AppData\Local\Programs\Python\Python313\python.exe;] util=100 mem_used_MiB=3907
16:05:45 python_compute_apps=[37680, C:\Users\Admin\AppData\Local\Programs\Python\Python313\python.exe;6296, C:\Users\Admin\AppData\Local\Programs\Python\Python313\python.exe;] util=100 mem_used_MiB=3807
16:05:56 python_compute_apps=[37680, C:\Users\Admin\AppData\Local\Programs\Python\Python313\python.exe;6296, C:\Users\Admin\AppData\Local\Programs\Python\Python313\python.exe;] util=100 mem_used_MiB=3754
16:06:06 python_compute_apps=[37680, C:\Users\Admin\AppData\Local\Programs\Python\Python313\python.exe;6296, C:\Users\Admin\AppData\Local\Programs\Python\Python313\python.exe;] util=100 mem_used_MiB=3759
16:06:17 python_compute_apps=[37680, C:\Users\Admin\AppData\Local\Programs\Python\Python313\python.exe;6296, C:\Users\Admin\AppData\Local\Programs\Python\Python313\python.exe;] util=31 mem_used_MiB=3824
16:06:27 python_compute_apps=[37680, C:\Users\Admin\AppData\Local\Programs\Python\Python313\python.exe;6296, C:\Users\Admin\AppData\Local\Programs\Python\Python313\python.exe;] util=100 mem_used_MiB=3794
16:06:37 python_compute_apps=[37680, C:\Users\Admin\AppData\Local\Programs\Python\Python313\python.exe;6296, C:\Users\Admin\AppData\Local\Programs\Python\Python313\python.exe;] util=95 mem_used_MiB=3814
16:06:48 python_compute_apps=[37680, C:\Users\Admin\AppData\Local\Programs\Python\Python313\python.exe;6296, C:\Users\Admin\AppData\Local\Programs\Python\Python313\python.exe;] util=100 mem_used_MiB=3805
16:07:06 python_compute_apps=[37680, C:\Users\Admin\AppData\Local\Programs\Python\Python313\python.exe;6296, C:\Users\Admin\AppData\Local\Programs\Python\Python313\python.exe;] util=100 mem_used_MiB=3733
16:07:18 python_compute_apps=[37680, C:\Users\Admin\AppData\Local\Programs\Python\Python313\python.exe;6296, C:\Users\Admin\AppData\Local\Programs\Python\Python313\python.exe;] util=1 mem_used_MiB=3749
16:07:33 python_compute_apps=[37680, C:\Users\Admin\AppData\Local\Programs\Python\Python313\python.exe;6296, C:\Users\Admin\AppData\Local\Programs\Python\Python313\python.exe;] util=0 mem_used_MiB=3732
16:07:45 python_compute_apps=[37680, C:\Users\Admin\AppData\Local\Programs\Python\Python313\python.exe;6296, C:\Users\Admin\AppData\Local\Programs\Python\Python313\python.exe;] util=100 mem_used_MiB=3724
16:07:56 python_compute_apps=[37680, C:\Users\Admin\AppData\Local\Programs\Python\Python313\python.exe;6296, C:\Users\Admin\AppData\Local\Programs\Python\Python313\python.exe;] util=100 mem_used_MiB=3878
16:08:06 python_compute_apps=[37680, C:\Users\Admin\AppData\Local\Programs\Python\Python313\python.exe;6296, C:\Users\Admin\AppData\Local\Programs\Python\Python313\python.exe;] util=95 mem_used_MiB=3855
16:08:16 python_compute_apps=[37680, C:\Users\Admin\AppData\Local\Programs\Python\Python313\python.exe;6296, C:\Users\Admin\AppData\Local\Programs\Python\Python313\python.exe;] util=100 mem_used_MiB=3751
16:08:26 python_compute_apps=[37680, C:\Users\Admin\AppData\Local\Programs\Python\Python313\python.exe;6296, C:\Users\Admin\AppData\Local\Programs\Python\Python313\python.exe;] util=100 mem_used_MiB=3860
16:08:37 python_compute_apps=[37680, C:\Users\Admin\AppData\Local\Programs\Python\Python313\python.exe;6296, C:\Users\Admin\AppData\Local\Programs\Python\Python313\python.exe;] util=100 mem_used_MiB=3962
16:08:47 python_compute_apps=[37680, C:\Users\Admin\AppData\Local\Programs\Python\Python313\python.exe;6296, C:\Users\Admin\AppData\Local\Programs\Python\Python313\python.exe;] util=100 mem_used_MiB=3956
16:08:57 python_compute_apps=[37680, C:\Users\Admin\AppData\Local\Programs\Python\Python313\python.exe;6296, C:\Users\Admin\AppData\Local\Programs\Python\Python313\python.exe;] util=100 mem_used_MiB=3956
16:09:08 python_compute_apps=[37680, C:\Users\Admin\AppData\Local\Programs\Python\Python313\python.exe;6296, C:\Users\Admin\AppData\Local\Programs\Python\Python313\python.exe;] util=94 mem_used_MiB=3754
16:09:18 python_compute_apps=[37680, C:\Users\Admin\AppData\Local\Programs\Python\Python313\python.exe;6296, C:\Users\Admin\AppData\Local\Programs\Python\Python313\python.exe;] util=100 mem_used_MiB=3747
16:09:28 python_compute_apps=[37680, C:\Users\Admin\AppData\Local\Programs\Python\Python313\python.exe;6296, C:\Users\Admin\AppData\Local\Programs\Python\Python313\python.exe;] util=100 mem_used_MiB=3761
16:09:38 python_compute_apps=[37680, C:\Users\Admin\AppData\Local\Programs\Python\Python313\python.exe;6296, C:\Users\Admin\AppData\Local\Programs\Python\Python313\python.exe;] util=50 mem_used_MiB=3852
16:09:50 python_compute_apps=[37680, C:\Users\Admin\AppData\Local\Programs\Python\Python313\python.exe;6296, C:\Users\Admin\AppData\Local\Programs\Python\Python313\python.exe;] util=61 mem_used_MiB=3914
16:10:01 python_compute_apps=[37680, C:\Users\Admin\AppData\Local\Programs\Python\Python313\python.exe;6296, C:\Users\Admin\AppData\Local\Programs\Python\Python313\python.exe;] util=95 mem_used_MiB=3819
16:10:12 python_compute_apps=[37680, C:\Users\Admin\AppData\Local\Programs\Python\Python313\python.exe;6296, C:\Users\Admin\AppData\Local\Programs\Python\Python313\python.exe;] util=100 mem_used_MiB=3801
16:10:23 python_compute_apps=[37680, C:\Users\Admin\AppData\Local\Programs\Python\Python313\python.exe;6296, C:\Users\Admin\AppData\Local\Programs\Python\Python313\python.exe;] util=100 mem_used_MiB=3928
16:10:33 python_compute_apps=[37680, C:\Users\Admin\AppData\Local\Programs\Python\Python313\python.exe;6296, C:\Users\Admin\AppData\Local\Programs\Python\Python313\python.exe;] util=100 mem_used_MiB=3941
16:10:43 python_compute_apps=[37680, C:\Users\Admin\AppData\Local\Programs\Python\Python313\python.exe;6296, C:\Users\Admin\AppData\Local\Programs\Python\Python313\python.exe;] util=100 mem_used_MiB=3805
16:10:54 python_compute_apps=[37680, C:\Users\Admin\AppData\Local\Programs\Python\Python313\python.exe;6296, C:\Users\Admin\AppData\Local\Programs\Python\Python313\python.exe;] util=100 mem_used_MiB=3790
16:11:04 python_compute_apps=[37680, C:\Users\Admin\AppData\Local\Programs\Python\Python313\python.exe;6296, C:\Users\Admin\AppData\Local\Programs\Python\Python313\python.exe;] util=100 mem_used_MiB=3777
16:11:15 python_compute_apps=[37680, C:\Users\Admin\AppData\Local\Programs\Python\Python313\python.exe;6296, C:\Users\Admin\AppData\Local\Programs\Python\Python313\python.exe;] util=93 mem_used_MiB=3785
16:11:25 python_compute_apps=[37680, C:\Users\Admin\AppData\Local\Programs\Python\Python313\python.exe;6296, C:\Users\Admin\AppData\Local\Programs\Python\Python313\python.exe;] util=90 mem_used_MiB=3797
16:11:36 python_compute_apps=[37680, C:\Users\Admin\AppData\Local\Programs\Python\Python313\python.exe;6296, C:\Users\Admin\AppData\Local\Programs\Python\Python313\python.exe;] util=94 mem_used_MiB=3795
16:11:47 python_compute_apps=[37680, C:\Users\Admin\AppData\Local\Programs\Python\Python313\python.exe;6296, C:\Users\Admin\AppData\Local\Programs\Python\Python313\python.exe;] util=100 mem_used_MiB=3793
16:11:57 python_compute_apps=[37680, C:\Users\Admin\AppData\Local\Programs\Python\Python313\python.exe;6296, C:\Users\Admin\AppData\Local\Programs\Python\Python313\python.exe;] util=95 mem_used_MiB=3784
16:12:07 not started by 16:12 -- probe NOT run in this window
ZZLAUNCH_NOT_STARTED
