[bank] 24 v2ep clips, 39 labelled clips
  ..1/24 76cc9e25f168 T=201 rows=99
  ..2/24 ac4b749fd1f8 T=201 rows=199
  ..3/24 2a23321aca71 T=201 rows=299
  ..4/24 2a3794cebdb8 T=201 rows=398
  ..5/24 641252249bf7 T=201 rows=498
  ..6/24 cb8e1c2009a3 T=201 rows=598
  ..7/24 9668c3d5fa8e T=201 rows=698
  ..8/24 b8c8727d2474 T=201 rows=797
  ..9/24 7bc81be69065 T=201 rows=897
  ..10/24 072bdc140dfc T=201 rows=996
  ..11/24 a2bd72d90385 T=207 rows=1096
  ..12/24 577a353bc493 T=200 rows=1195
  ..13/24 8a8543509b94 T=201 rows=1295
  ..14/24 a26c7f0ef877 T=201 rows=1394
  ..15/24 ff92cd1a538e T=201 rows=1494
  ..16/24 d16e6b0160a8 T=201 rows=1593
  ..17/24 6be069dd9cb1 T=201 rows=1680
  ..18/24 cf0ff9f8bc7c T=201 rows=1779
  ..19/24 9164d523a5b0 T=200 rows=1878
  ..20/24 45b58134d42e T=201 rows=1977
  ..21/24 295b023346f4 T=201 rows=2073
  ..22/24 f20a68ca3eb4 T=201 rows=2172
  ..23/24 f89592d19e6e T=201 rows=2272
  ..24/24 cde81aaedb2d T=201 rows=2372
[bank] frames (2372, 3, 256, 640) mean=63.099 nonzero_frac=0.8879
[bank] n_agents  n=2372 mean=+18.1741 std=15.1448 min=0.000 max=83.000 finite=True
[bank] v_mps     n=2372 mean=+11.7457 std=8.9723 min=0.000 max=35.722 finite=True
[bank] yaw_rate  n=2372 mean=+0.0108 std=0.1369 min=-0.620 max=0.637 finite=True
[bank] wrote C:\Users\Admin\s0_b16\code\eseed2 (1.09 GiB frames)
