=== dino_hf
Loading weights:   0%|          | 0/211 [00:00<?, ?it/s]Loading weights:  72%|███████▏  | 152/211 [00:00<00:00, 1460.80it/s]Loading weights: 100%|██████████| 211/211 [00:00<00:00, 1578.90it/s]
  [dino_hf] global d=1024 std=0.2817 | spatial d=12288 std=0.3657  32s
  [global] n_agents -0.5468 [-1.511,-0.095] | speed +0.4619 [-0.049,+0.611] | yaw_rate +0.0149 [-0.269,+0.160]
  [spatial4x4] n_agents -0.1437 [-0.618,+0.099] | speed +0.4592 [-0.007,+0.599] | yaw_rate -0.0408 [-0.535,+0.164]
=== seed_asis
  [seed_asis] global d=1024 std=0.4069 | spatial d=12288 std=0.4087  26s
  [global] n_agents -0.0343 [-0.536,+0.124] | speed +0.0998 [-0.241,+0.263] | yaw_rate +0.0010 [-0.074,+0.034]
  [spatial4x4] n_agents -0.0562 [-0.512,+0.100] | speed +0.1158 [-0.210,+0.264] | yaw_rate -0.0073 [-0.084,+0.021]
=== seed_imnet
  [seed_imnet] global d=1024 std=0.3939 | spatial d=12288 std=0.3978  27s
  [global] n_agents -0.2584 [-0.958,-0.022] | speed +0.3952 [+0.010,+0.584] | yaw_rate -0.0263 [-0.108,-0.003]
  [spatial4x4] n_agents -0.2630 [-1.016,-0.034] | speed +0.3611 [-0.048,+0.531] | yaw_rate -0.0272 [-0.117,+0.002]
=== seed_imnet_pos0
  [seed_imnet_pos0] global d=1024 std=0.3923 | spatial d=12288 std=0.3964  27s
  [global] n_agents -0.1620 [-0.792,+0.025] | speed +0.3287 [-0.047,+0.493] | yaw_rate -0.0120 [-0.085,+0.013]
  [spatial4x4] n_agents -0.2182 [-0.934,-0.011] | speed +0.3271 [-0.034,+0.475] | yaw_rate -0.0123 [-0.078,+0.006]
=== scratch
  [scratch] global d=1024 std=0.9961 | spatial d=12288 std=0.9983  26s
  [global] n_agents -0.0753 [-0.446,+0.091] | speed -0.0079 [-0.284,+0.194] | yaw_rate -0.0914 [-0.263,-0.021]
  [spatial4x4] n_agents -0.2381 [-0.874,+0.045] | speed +0.1293 [-0.489,+0.462] | yaw_rate -0.1173 [-0.272,-0.060]
=== pixel
  [global] n_agents -0.0978 [-0.397,-0.033] | speed -0.1245 [-0.475,-0.037] | yaw_rate -0.0575 [-0.182,-0.002]
  [spatial4x4] n_agents -0.0278 [-0.262,+0.054] | speed -0.3977 [-1.189,-0.056] | yaw_rate -0.0175 [-0.072,-0.004]

wrote C:\Users\Admin\s0_b16\code\eseed2\eseed2_panel.json
