[dino_hf         ] n_agents_psg +0.2600 [+0.119,+0.388] | speed +0.2333 [+0.078,+0.376] | n_agents_psg_row_shuffled +0.0071 [-0.033,+0.045]
[seed_asis       ] n_agents_psg +0.1335 [+0.030,+0.236] | speed +0.0002 [-0.107,+0.098] | n_agents_psg_row_shuffled +0.0215 [-0.023,+0.065]
[seed_imnet      ] n_agents_psg +0.0777 [-0.033,+0.193] | speed +0.0770 [-0.011,+0.160] | n_agents_psg_row_shuffled +0.0167 [-0.031,+0.063]
[seed_imnet_pos0 ] n_agents_psg +0.1283 [+0.015,+0.244] | speed +0.0488 [-0.053,+0.153] | n_agents_psg_row_shuffled -0.0206 [-0.060,+0.017]
[scratch         ] n_agents_psg -0.0606 [-0.214,+0.094] | speed -0.0010 [-0.164,+0.154] | n_agents_psg_row_shuffled -0.0207 [-0.057,+0.013]
[pixel           ] n_agents_psg +0.0585 [-0.097,+0.212] | speed +0.0642 [-0.121,+0.244] | n_agents_psg_row_shuffled -0.0061 [-0.043,+0.032]
  n_agents_psg   dino_hf-scratch            d=+0.3205 [+0.1202,+0.5119] SEPARATED
  n_agents_psg   dino_hf-pixel              d=+0.2015 [+0.0276,+0.3663] SEPARATED
  n_agents_psg   seed_asis-scratch            d=+0.1941 [+0.0429,+0.3516] SEPARATED
  n_agents_psg   seed_imnet_pos0-scratch            d=+0.1888 [+0.0113,+0.3537] SEPARATED
  n_agents_psg   dino_hf-seed_asis          d=+0.1264 [-0.0677,+0.3007] .
  n_agents_psg   dino_hf-seed_imnet_pos0    d=+0.1317 [-0.0040,+0.2793] .
  n_agents_psg   seed_imnet_pos0-seed_asis          d=-0.0053 [-0.1663,+0.1393] .
  n_agents_psg   seed_imnet_pos0-pixel              d=+0.0698 [-0.1387,+0.2634] .
  speed          dino_hf-scratch            d=+0.2343 [+0.0557,+0.4380] SEPARATED
  speed          dino_hf-pixel              d=+0.1691 [-0.0494,+0.3811] .
  speed          seed_asis-scratch            d=+0.0012 [-0.1762,+0.1862] .
  speed          seed_imnet_pos0-scratch            d=+0.0498 [-0.1192,+0.2250] .
  speed          dino_hf-seed_asis          d=+0.2331 [+0.0884,+0.3661] SEPARATED
  speed          dino_hf-seed_imnet_pos0    d=+0.1845 [+0.0105,+0.3493] SEPARATED
  speed          seed_imnet_pos0-seed_asis          d=+0.0486 [-0.0797,+0.1672] .
  speed          seed_imnet_pos0-pixel              d=-0.0154 [-0.2242,+0.1994] .

wrote C:\Users\Admin\s0_b16\code\eseed2\eseed2c_rff.json
