
## E-SEED-2 pass 1 (raw all-cuboid n_agents)   (eseed2_panel.json)
n=2372 clips=24 pca_k=256 k_outer=4 boot=2000

### global
| arm | n_agents | speed | yaw_rate |
|---|---|---|---|
| `dino_hf` | -0.5468 [-1.511, -0.095] | +0.4619 [-0.049, +0.611] | +0.0149 [-0.269, +0.160] |
| `seed_asis` | -0.0343 [-0.536, +0.124] | +0.0998 [-0.241, +0.263] ⚠EDGE | +0.0010 [-0.074, +0.034] |
| `seed_imnet` | -0.2584 [-0.958, -0.022] ⚠EDGE | +0.3952 [+0.010, +0.584] ⚠EDGE | -0.0263 [-0.108, -0.003] ⚠EDGE |
| `seed_imnet_pos0` | -0.1620 [-0.792, +0.025] ⚠EDGE | +0.3287 [-0.047, +0.493] ⚠EDGE | -0.0120 [-0.085, +0.013] |
| `scratch` | -0.0753 [-0.446, +0.091] | -0.0079 [-0.284, +0.194] | -0.0914 [-0.263, -0.021] |
| `pixel` | -0.0978 [-0.397, -0.033] ⚠EDGE | -0.1245 [-0.475, -0.037] ⚠EDGE | -0.0575 [-0.182, -0.002] ⚠EDGE |
| **constant-only** | **0.0000** (exact) | **0.0000** (exact) | **0.0000** (exact) |

### spatial4x4
| arm | n_agents | speed | yaw_rate |
|---|---|---|---|
| `dino_hf` | -0.1437 [-0.618, +0.099] | +0.4592 [-0.007, +0.599] ⚠EDGE | -0.0408 [-0.535, +0.164] |
| `seed_asis` | -0.0562 [-0.512, +0.100] | +0.1158 [-0.210, +0.264] ⚠EDGE | -0.0073 [-0.084, +0.021] |
| `seed_imnet` | -0.2630 [-1.016, -0.034] ⚠EDGE | +0.3611 [-0.048, +0.531] ⚠EDGE | -0.0272 [-0.117, +0.002] |
| `seed_imnet_pos0` | -0.2182 [-0.934, -0.011] | +0.3271 [-0.034, +0.475] ⚠EDGE | -0.0123 [-0.078, +0.006] |
| `scratch` | -0.2381 [-0.874, +0.045] | +0.1293 [-0.489, +0.462] | -0.1173 [-0.272, -0.060] |
| `pixel` | -0.0278 [-0.262, +0.054] | -0.3977 [-1.189, -0.056] | -0.0175 [-0.072, -0.004] ⚠EDGE |
| **constant-only** | **0.0000** (exact) | **0.0000** (exact) | **0.0000** (exact) |

### paired contrasts (clip-cluster bootstrap)
| space::target | contrast | question | delta | CI95 | separated |
|---|---|---|---|---|---|
| global::n_agents | `seed_asis-scratch` | is the seed AS WIRED better than random? | +0.0410 | [-0.2610, +0.2290] | no |
| global::n_agents | `seed_imnet-scratch` | is the REPAIRED seed better than random? | -0.1831 | [-0.6687, +0.0811] | no |
| global::n_agents | `seed_imnet-seed_asis` | does input normalisation help? | -0.2241 | [-0.6493, +0.0375] | no |
| global::n_agents | `dino_hf-seed_imnet` | how much does the repaired seed lose? | -0.2884 | [-0.8540, +0.1756] | no |
| global::n_agents | `dino_hf-scratch` | INSTRUMENT VALIDITY: can the probe see it? | -0.4715 | [-1.2410, -0.0521] | **YES** |
| global::n_agents | `dino_hf-pixel` | does DINOv3 beat the raw-input floor? | -0.4490 | [-1.2557, -0.0226] | **YES** |
| global::n_agents | `seed_imnet-pixel` | does the repaired seed beat raw input? | -0.1606 | [-0.6629, +0.0856] | no |
| global::n_agents | `seed_asis-pixel` | does the seed as wired beat raw input? | +0.0635 | [-0.2582, +0.2187] | no |
| global::n_agents | `seed_imnet-seed_imnet_pos0` | does the random `pos` help? | -0.0964 | [-0.3280, +0.0201] | no |
| global::speed | `seed_asis-scratch` | is the seed AS WIRED better than random? | +0.1077 | [-0.1731, +0.3307] | no |
| global::speed | `seed_imnet-scratch` | is the REPAIRED seed better than random? | +0.4031 | [+0.0478, +0.6824] | **YES** |
| global::speed | `seed_imnet-seed_asis` | does input normalisation help? | +0.2954 | [+0.0797, +0.4762] | **YES** |
| global::speed | `dino_hf-seed_imnet` | how much does the repaired seed lose? | +0.0667 | [-0.2424, +0.3045] | no |
| global::speed | `dino_hf-scratch` | INSTRUMENT VALIDITY: can the probe see it? | +0.4698 | [-0.0566, +0.7380] | no |
| global::speed | `dino_hf-pixel` | does DINOv3 beat the raw-input floor? | +0.5864 | [+0.1904, +0.8389] | **YES** |
| global::speed | `seed_imnet-pixel` | does the repaired seed beat raw input? | +0.5197 | [+0.2188, +0.7645] | **YES** |
| global::speed | `seed_asis-pixel` | does the seed as wired beat raw input? | +0.2243 | [+0.0038, +0.4730] | **YES** |
| global::speed | `seed_imnet-seed_imnet_pos0` | does the random `pos` help? | +0.0665 | [-0.0242, +0.1342] | no |
| global::yaw_rate | `seed_asis-scratch` | is the seed AS WIRED better than random? | +0.0924 | [+0.0196, +0.2388] | **YES** |
| global::yaw_rate | `seed_imnet-scratch` | is the REPAIRED seed better than random? | +0.0651 | [-0.0132, +0.2180] | no |
| global::yaw_rate | `seed_imnet-seed_asis` | does input normalisation help? | -0.0273 | [-0.1009, +0.0246] | no |
| global::yaw_rate | `dino_hf-seed_imnet` | how much does the repaired seed lose? | +0.0413 | [-0.2318, +0.2241] | no |
| global::yaw_rate | `dino_hf-scratch` | INSTRUMENT VALIDITY: can the probe see it? | +0.1064 | [-0.1444, +0.3293] | no |
| global::yaw_rate | `dino_hf-pixel` | does DINOv3 beat the raw-input floor? | +0.0724 | [-0.1869, +0.2712] | no |
| global::yaw_rate | `seed_imnet-pixel` | does the repaired seed beat raw input? | +0.0311 | [-0.0361, +0.1371] | no |
| global::yaw_rate | `seed_asis-pixel` | does the seed as wired beat raw input? | +0.0585 | [-0.0079, +0.1690] | no |
| global::yaw_rate | `seed_imnet-seed_imnet_pos0` | does the random `pos` help? | -0.0143 | [-0.0872, +0.0275] | no |
| spatial4x4::n_agents | `seed_asis-scratch` | is the seed AS WIRED better than random? | +0.1820 | [-0.1427, +0.5708] | no |
| spatial4x4::n_agents | `seed_imnet-scratch` | is the REPAIRED seed better than random? | -0.0249 | [-0.5716, +0.3498] | no |
| spatial4x4::n_agents | `seed_imnet-seed_asis` | does input normalisation help? | -0.2068 | [-0.5578, -0.0163] | **YES** |
| spatial4x4::n_agents | `dino_hf-seed_imnet` | how much does the repaired seed lose? | +0.1193 | [-0.1501, +0.6080] | no |
| spatial4x4::n_agents | `dino_hf-scratch` | INSTRUMENT VALIDITY: can the probe see it? | +0.0945 | [-0.2734, +0.5468] | no |
| spatial4x4::n_agents | `dino_hf-pixel` | does DINOv3 beat the raw-input floor? | -0.1159 | [-0.4639, +0.0892] | no |
| spatial4x4::n_agents | `seed_imnet-pixel` | does the repaired seed beat raw input? | -0.2352 | [-0.8231, -0.0172] | **YES** |
| spatial4x4::n_agents | `seed_asis-pixel` | does the seed as wired beat raw input? | -0.0284 | [-0.3790, +0.1218] | no |
| spatial4x4::n_agents | `seed_imnet-seed_imnet_pos0` | does the random `pos` help? | -0.0448 | [-0.1481, +0.0161] | no |
| spatial4x4::speed | `seed_asis-scratch` | is the seed AS WIRED better than random? | -0.0135 | [-0.3140, +0.4232] | no |
| spatial4x4::speed | `seed_imnet-scratch` | is the REPAIRED seed better than random? | +0.2319 | [-0.0090, +0.5916] | no |
| spatial4x4::speed | `seed_imnet-seed_asis` | does input normalisation help? | +0.2453 | [+0.0151, +0.3967] | **YES** |
| spatial4x4::speed | `dino_hf-seed_imnet` | how much does the repaired seed lose? | +0.0981 | [-0.1337, +0.2743] | no |
| spatial4x4::speed | `dino_hf-scratch` | INSTRUMENT VALIDITY: can the probe see it? | +0.3300 | [+0.0222, +0.7359] | **YES** |
| spatial4x4::speed | `dino_hf-pixel` | does DINOv3 beat the raw-input floor? | +0.8569 | [+0.3982, +1.4199] | **YES** |
| spatial4x4::speed | `seed_imnet-pixel` | does the repaired seed beat raw input? | +0.7588 | [+0.3797, +1.3584] | **YES** |
| spatial4x4::speed | `seed_asis-pixel` | does the seed as wired beat raw input? | +0.5135 | [+0.1661, +1.1806] | **YES** |
| spatial4x4::speed | `seed_imnet-seed_imnet_pos0` | does the random `pos` help? | +0.0340 | [-0.0422, +0.0817] | no |
| spatial4x4::yaw_rate | `seed_asis-scratch` | is the seed AS WIRED better than random? | +0.1100 | [+0.0511, +0.2303] | **YES** |
| spatial4x4::yaw_rate | `seed_imnet-scratch` | is the REPAIRED seed better than random? | +0.0901 | [+0.0270, +0.2109] | **YES** |
| spatial4x4::yaw_rate | `seed_imnet-seed_asis` | does input normalisation help? | -0.0199 | [-0.0904, +0.0397] | no |
| spatial4x4::yaw_rate | `dino_hf-seed_imnet` | how much does the repaired seed lose? | -0.0136 | [-0.4900, +0.2032] | no |
| spatial4x4::yaw_rate | `dino_hf-scratch` | INSTRUMENT VALIDITY: can the probe see it? | +0.0765 | [-0.3592, +0.3055] | no |
| spatial4x4::yaw_rate | `dino_hf-pixel` | does DINOv3 beat the raw-input floor? | -0.0233 | [-0.4950, +0.1898] | no |
| spatial4x4::yaw_rate | `seed_imnet-pixel` | does the repaired seed beat raw input? | -0.0097 | [-0.0563, +0.0159] | no |
| spatial4x4::yaw_rate | `seed_asis-pixel` | does the seed as wired beat raw input? | +0.0101 | [-0.0393, +0.0503] | no |
| spatial4x4::yaw_rate | `seed_imnet-seed_imnet_pos0` | does the random `pos` help? | -0.0149 | [-0.0923, +0.0335] | no |

## E-SEED-2b (register's PSG n_agents)   (eseed2b_panel.json)
n=2372 clips=24 pca_k=256 k_outer=4 boot=2000

### global
| arm | n_agents_psg | n_agents_fov | n_agents_all | speed |
|---|---|---|---|---|
| `dino_hf` | -0.2169 [-0.922, +0.078] | -0.3975 [-1.398, -0.043] | -0.5468 [-1.511, -0.095] | +0.4619 [-0.049, +0.611] |
| `seed_asis` | -0.2612 [-0.988, +0.082] | -0.1746 [-0.803, +0.056] | -0.0343 [-0.536, +0.124] | +0.0998 [-0.241, +0.263] ⚠EDGE |
| `seed_imnet` | -0.1229 [-0.708, +0.133] | -0.0892 [-0.721, +0.125] | -0.2584 [-0.958, -0.022] ⚠EDGE | +0.3952 [+0.010, +0.584] ⚠EDGE |
| `seed_imnet_pos0` | -0.1328 [-0.713, +0.113] ⚠EDGE | -0.1036 [-0.742, +0.115] | -0.1620 [-0.792, +0.025] ⚠EDGE | +0.3287 [-0.047, +0.493] ⚠EDGE |
| `scratch` | -0.4298 [-0.979, -0.144] | -0.3490 [-0.855, -0.120] | -0.0753 [-0.446, +0.091] | -0.0079 [-0.284, +0.194] |
| `pixel` | -0.0374 [-0.222, +0.000] ⚠EDGE | -0.0355 [-0.228, +0.003] ⚠EDGE | -0.0978 [-0.397, -0.033] ⚠EDGE | -0.1245 [-0.475, -0.037] ⚠EDGE |
| **constant-only** | **0.0000** (exact) | **0.0000** (exact) | **0.0000** (exact) | **0.0000** (exact) |

### spatial4x4
| arm | n_agents_psg | n_agents_fov | n_agents_all | speed |
|---|---|---|---|---|
| `dino_hf` | -0.0365 [-0.484, +0.197] | -0.0277 [-0.628, +0.182] | -0.1437 [-0.618, +0.099] | +0.4592 [-0.007, +0.599] ⚠EDGE |
| `seed_asis` | -0.2155 [-0.931, +0.140] | -0.2857 [-1.192, +0.042] | -0.0562 [-0.512, +0.100] | +0.1158 [-0.210, +0.264] ⚠EDGE |
| `seed_imnet` | -0.0847 [-0.625, +0.158] | -0.0502 [-0.687, +0.147] | -0.2630 [-1.016, -0.034] ⚠EDGE | +0.3611 [-0.048, +0.531] ⚠EDGE |
| `seed_imnet_pos0` | -0.0727 [-0.606, +0.149] | -0.0596 [-0.722, +0.145] | -0.2182 [-0.934, -0.011] | +0.3271 [-0.034, +0.475] ⚠EDGE |
| `scratch` | -0.4243 [-1.069, -0.166] | -0.3481 [-1.018, -0.113] | -0.2381 [-0.874, +0.045] | +0.1293 [-0.489, +0.462] |
| `pixel` | -0.0014 [-0.205, +0.077] | +0.0105 [-0.197, +0.092] | -0.0278 [-0.262, +0.054] | -0.3977 [-1.189, -0.056] |
| **constant-only** | **0.0000** (exact) | **0.0000** (exact) | **0.0000** (exact) | **0.0000** (exact) |

### paired contrasts (clip-cluster bootstrap)
| space::target | contrast | question | delta | CI95 | separated |
|---|---|---|---|---|---|
| global::n_agents_psg | `dino_hf-scratch` | INSTRUMENT VALIDITY: can the probe see it? | +0.2129 | [-0.3488, +0.6647] | no |
| global::n_agents_psg | `dino_hf-pixel` | does DINOv3 beat the raw-input floor? | -0.1795 | [-0.7712, +0.1344] | no |
| global::n_agents_psg | `seed_asis-scratch` | is the seed AS WIRED better than random? | +0.1686 | [-0.4740, +0.7077] | no |
| global::n_agents_psg | `seed_imnet-scratch` | is the REPAIRED seed better than random? | +0.3069 | [-0.2106, +0.7851] | no |
| global::n_agents_psg | `seed_imnet-seed_asis` | does input normalisation help? | +0.1383 | [-0.3175, +0.5224] | no |
| global::n_agents_psg | `dino_hf-seed_imnet` | how much does the repaired seed lose? | -0.0941 | [-0.4366, +0.1322] | no |
| global::n_agents_psg | `dino_hf-seed_asis` | how much does the seed AS WIRED lose? | +0.0442 | [-0.4787, +0.4560] | no |
| global::n_agents_psg | `seed_imnet-pixel` | does the repaired seed beat raw input? | -0.0855 | [-0.5498, +0.1908] | no |
| global::n_agents_psg | `seed_asis-pixel` | does the seed as wired beat raw input? | -0.2238 | [-0.8501, +0.1337] | no |
| global::n_agents_psg | `seed_imnet-seed_imnet_pos0` | does the random `pos` help? | +0.0100 | [-0.1205, +0.1300] | no |
| global::n_agents_fov | `dino_hf-scratch` | INSTRUMENT VALIDITY: can the probe see it? | -0.0485 | [-0.9233, +0.4197] | no |
| global::n_agents_fov | `dino_hf-pixel` | does DINOv3 beat the raw-input floor? | -0.3620 | [-1.2420, +0.0212] | no |
| global::n_agents_fov | `seed_asis-scratch` | is the seed AS WIRED better than random? | +0.1744 | [-0.2632, +0.6022] | no |
| global::n_agents_fov | `seed_imnet-scratch` | is the REPAIRED seed better than random? | +0.2597 | [-0.2470, +0.6903] | no |
| global::n_agents_fov | `seed_imnet-seed_asis` | does input normalisation help? | +0.0853 | [-0.2976, +0.3495] | no |
| global::n_agents_fov | `dino_hf-seed_imnet` | how much does the repaired seed lose? | -0.3083 | [-0.8608, +0.0048] | no |
| global::n_agents_fov | `dino_hf-seed_asis` | how much does the seed AS WIRED lose? | -0.2229 | [-1.0595, +0.2068] | no |
| global::n_agents_fov | `seed_imnet-pixel` | does the repaired seed beat raw input? | -0.0537 | [-0.5429, +0.1814] | no |
| global::n_agents_fov | `seed_asis-pixel` | does the seed as wired beat raw input? | -0.1390 | [-0.6210, +0.0925] | no |
| global::n_agents_fov | `seed_imnet-seed_imnet_pos0` | does the random `pos` help? | +0.0144 | [-0.1163, +0.1073] | no |
| global::n_agents_all | `dino_hf-scratch` | INSTRUMENT VALIDITY: can the probe see it? | -0.4715 | [-1.2410, -0.0521] | **YES** |
| global::n_agents_all | `dino_hf-pixel` | does DINOv3 beat the raw-input floor? | -0.4490 | [-1.2557, -0.0226] | **YES** |
| global::n_agents_all | `seed_asis-scratch` | is the seed AS WIRED better than random? | +0.0410 | [-0.2610, +0.2290] | no |
| global::n_agents_all | `seed_imnet-scratch` | is the REPAIRED seed better than random? | -0.1831 | [-0.6687, +0.0811] | no |
| global::n_agents_all | `seed_imnet-seed_asis` | does input normalisation help? | -0.2241 | [-0.6493, +0.0375] | no |
| global::n_agents_all | `dino_hf-seed_imnet` | how much does the repaired seed lose? | -0.2884 | [-0.8540, +0.1756] | no |
| global::n_agents_all | `dino_hf-seed_asis` | how much does the seed AS WIRED lose? | -0.5125 | [-1.1981, -0.0553] | **YES** |
| global::n_agents_all | `seed_imnet-pixel` | does the repaired seed beat raw input? | -0.1606 | [-0.6629, +0.0856] | no |
| global::n_agents_all | `seed_asis-pixel` | does the seed as wired beat raw input? | +0.0635 | [-0.2582, +0.2187] | no |
| global::n_agents_all | `seed_imnet-seed_imnet_pos0` | does the random `pos` help? | -0.0964 | [-0.3280, +0.0201] | no |
| global::speed | `dino_hf-scratch` | INSTRUMENT VALIDITY: can the probe see it? | +0.4698 | [-0.0566, +0.7380] | no |
| global::speed | `dino_hf-pixel` | does DINOv3 beat the raw-input floor? | +0.5864 | [+0.1904, +0.8389] | **YES** |
| global::speed | `seed_asis-scratch` | is the seed AS WIRED better than random? | +0.1077 | [-0.1731, +0.3307] | no |
| global::speed | `seed_imnet-scratch` | is the REPAIRED seed better than random? | +0.4031 | [+0.0478, +0.6824] | **YES** |
| global::speed | `seed_imnet-seed_asis` | does input normalisation help? | +0.2954 | [+0.0797, +0.4762] | **YES** |
| global::speed | `dino_hf-seed_imnet` | how much does the repaired seed lose? | +0.0667 | [-0.2424, +0.3045] | no |
| global::speed | `dino_hf-seed_asis` | how much does the seed AS WIRED lose? | +0.3621 | [-0.0420, +0.6274] | no |
| global::speed | `seed_imnet-pixel` | does the repaired seed beat raw input? | +0.5197 | [+0.2188, +0.7645] | **YES** |
| global::speed | `seed_asis-pixel` | does the seed as wired beat raw input? | +0.2243 | [+0.0038, +0.4730] | **YES** |
| global::speed | `seed_imnet-seed_imnet_pos0` | does the random `pos` help? | +0.0665 | [-0.0242, +0.1342] | no |
| spatial4x4::n_agents_psg | `dino_hf-scratch` | INSTRUMENT VALIDITY: can the probe see it? | +0.3878 | [+0.1132, +0.7899] | **YES** |
| spatial4x4::n_agents_psg | `dino_hf-pixel` | does DINOv3 beat the raw-input floor? | -0.0351 | [-0.3468, +0.1818] | no |
| spatial4x4::n_agents_psg | `seed_asis-scratch` | is the seed AS WIRED better than random? | +0.2088 | [-0.2549, +0.6863] | no |
| spatial4x4::n_agents_psg | `seed_imnet-scratch` | is the REPAIRED seed better than random? | +0.3396 | [+0.0223, +0.7745] | **YES** |
| spatial4x4::n_agents_psg | `seed_imnet-seed_asis` | does input normalisation help? | +0.1307 | [-0.2434, +0.4827] | no |
| spatial4x4::n_agents_psg | `dino_hf-seed_imnet` | how much does the repaired seed lose? | +0.0482 | [-0.1402, +0.2794] | no |
| spatial4x4::n_agents_psg | `dino_hf-seed_asis` | how much does the seed AS WIRED lose? | +0.1790 | [-0.1688, +0.5796] | no |
| spatial4x4::n_agents_psg | `seed_imnet-pixel` | does the repaired seed beat raw input? | -0.0833 | [-0.4811, +0.1438] | no |
| spatial4x4::n_agents_psg | `seed_asis-pixel` | does the seed as wired beat raw input? | -0.2141 | [-0.8010, +0.1227] | no |
| spatial4x4::n_agents_psg | `seed_imnet-seed_imnet_pos0` | does the random `pos` help? | -0.0120 | [-0.1117, +0.0697] | no |
| spatial4x4::n_agents_fov | `dino_hf-scratch` | INSTRUMENT VALIDITY: can the probe see it? | +0.3205 | [+0.0390, +0.6593] | **YES** |
| spatial4x4::n_agents_fov | `dino_hf-pixel` | does DINOv3 beat the raw-input floor? | -0.0382 | [-0.4747, +0.1758] | no |
| spatial4x4::n_agents_fov | `seed_asis-scratch` | is the seed AS WIRED better than random? | +0.0624 | [-0.3711, +0.4565] | no |
| spatial4x4::n_agents_fov | `seed_imnet-scratch` | is the REPAIRED seed better than random? | +0.2979 | [-0.0170, +0.6543] | no |
| spatial4x4::n_agents_fov | `seed_imnet-seed_asis` | does input normalisation help? | +0.2355 | [-0.0882, +0.6315] | no |
| spatial4x4::n_agents_fov | `dino_hf-seed_imnet` | how much does the repaired seed lose? | +0.0225 | [-0.1642, +0.2200] | no |
| spatial4x4::n_agents_fov | `dino_hf-seed_asis` | how much does the seed AS WIRED lose? | +0.2580 | [-0.0923, +0.6964] | no |
| spatial4x4::n_agents_fov | `seed_imnet-pixel` | does the repaired seed beat raw input? | -0.0608 | [-0.5399, +0.1601] | no |
| spatial4x4::n_agents_fov | `seed_asis-pixel` | does the seed as wired beat raw input? | -0.2963 | [-1.0428, +0.0174] | no |
| spatial4x4::n_agents_fov | `seed_imnet-seed_imnet_pos0` | does the random `pos` help? | +0.0094 | [-0.1050, +0.0982] | no |
| spatial4x4::n_agents_all | `dino_hf-scratch` | INSTRUMENT VALIDITY: can the probe see it? | +0.0945 | [-0.2734, +0.5468] | no |
| spatial4x4::n_agents_all | `dino_hf-pixel` | does DINOv3 beat the raw-input floor? | -0.1159 | [-0.4639, +0.0892] | no |
| spatial4x4::n_agents_all | `seed_asis-scratch` | is the seed AS WIRED better than random? | +0.1820 | [-0.1427, +0.5708] | no |
| spatial4x4::n_agents_all | `seed_imnet-scratch` | is the REPAIRED seed better than random? | -0.0249 | [-0.5716, +0.3498] | no |
| spatial4x4::n_agents_all | `seed_imnet-seed_asis` | does input normalisation help? | -0.2068 | [-0.5578, -0.0163] | **YES** |
| spatial4x4::n_agents_all | `dino_hf-seed_imnet` | how much does the repaired seed lose? | +0.1193 | [-0.1501, +0.6080] | no |
| spatial4x4::n_agents_all | `dino_hf-seed_asis` | how much does the seed AS WIRED lose? | -0.0875 | [-0.3654, +0.2314] | no |
| spatial4x4::n_agents_all | `seed_imnet-pixel` | does the repaired seed beat raw input? | -0.2352 | [-0.8231, -0.0172] | **YES** |
| spatial4x4::n_agents_all | `seed_asis-pixel` | does the seed as wired beat raw input? | -0.0284 | [-0.3790, +0.1218] | no |
| spatial4x4::n_agents_all | `seed_imnet-seed_imnet_pos0` | does the random `pos` help? | -0.0448 | [-0.1481, +0.0161] | no |
| spatial4x4::speed | `dino_hf-scratch` | INSTRUMENT VALIDITY: can the probe see it? | +0.3300 | [+0.0222, +0.7359] | **YES** |
| spatial4x4::speed | `dino_hf-pixel` | does DINOv3 beat the raw-input floor? | +0.8569 | [+0.3982, +1.4199] | **YES** |
| spatial4x4::speed | `seed_asis-scratch` | is the seed AS WIRED better than random? | -0.0135 | [-0.3140, +0.4232] | no |
| spatial4x4::speed | `seed_imnet-scratch` | is the REPAIRED seed better than random? | +0.2319 | [-0.0090, +0.5916] | no |
| spatial4x4::speed | `seed_imnet-seed_asis` | does input normalisation help? | +0.2453 | [+0.0151, +0.3967] | **YES** |
| spatial4x4::speed | `dino_hf-seed_imnet` | how much does the repaired seed lose? | +0.0981 | [-0.1337, +0.2743] | no |
| spatial4x4::speed | `dino_hf-seed_asis` | how much does the seed AS WIRED lose? | +0.3434 | [-0.0081, +0.5679] | no |
| spatial4x4::speed | `seed_imnet-pixel` | does the repaired seed beat raw input? | +0.7588 | [+0.3797, +1.3584] | **YES** |
| spatial4x4::speed | `seed_asis-pixel` | does the seed as wired beat raw input? | +0.5135 | [+0.1661, +1.1806] | **YES** |
| spatial4x4::speed | `seed_imnet-seed_imnet_pos0` | does the random `pos` help? | +0.0340 | [-0.0422, +0.0817] | no |
