
==== 2026-09-27T07:28:39Z C:\Users\Admin\venvs\tanitad\Scripts\python.exe C:\Users\Admin\lg0926\c3c\stack\scripts\launch_gate.py check --ctx C:\Users\Admin\lg0926\g\pinned_rehearsal_3cca805_r2\ctx.json --checks G-SUITE-PINNED
[gate] pinned: tanitad from c:\users\admin\lg0926\c3c\stack\tanitad\__init__.py (torch 2.11.0+cu128, cuda False)
[gate] G-SUITE-PINNED stack/tests/test_amp_and_threads.py: rc 0, 10 tests, 0 failed, 0 skipped
[gate] G-SUITE-PINNED stack/tests/test_anchor_prefilter.py: rc 0, 22 tests, 0 failed, 2 skipped
[gate] G-SUITE-PINNED stack/tests/test_bev_consumer_fov.py: rc 0, 35 tests, 0 failed, 0 skipped
[gate] G-SUITE-PINNED stack/tests/test_bev_lift.py: rc 0, 8 tests, 0 failed, 0 skipped
[gate] G-SUITE-PINNED stack/tests/test_build_parity_guard.py: rc 0, 24 tests, 0 failed, 0 skipped
[gate] G-SUITE-PINNED stack/tests/test_decision_check.py: rc 0, 7 tests, 0 failed, 0 skipped
[gate] G-SUITE-PINNED stack/tests/test_emission_squash.py: rc 0, 8 tests, 0 failed, 0 skipped
[gate] G-SUITE-PINNED stack/tests/test_eval_contamination.py: rc 0, 17 tests, 0 failed, 0 skipped
[gate] G-SUITE-PINNED stack/tests/test_flagship_v4.py: rc 0, 24 tests, 0 failed, 0 skipped
[gate] G-SUITE-PINNED stack/tests/test_kingate_contract.py: rc 0, 5 tests, 0 failed, 2 skipped
[gate] G-SUITE-PINNED stack/tests/test_launch_closure_audit.py: rc 0, 29 tests, 0 failed, 0 skipped
[gate] G-SUITE-PINNED stack/tests/test_mm_commit_page_fault_fallback.py: rc 0, 5 tests, 0 failed, 0 skipped
[gate] G-SUITE-PINNED stack/tests/test_openloop_suite.py: rc 0, 23 tests, 0 failed, 0 skipped
[gate] G-SUITE-PINNED stack/tests/test_pdm_proxy.py: rc 0, 25 tests, 0 failed, 0 skipped
[gate] G-SUITE-PINNED stack/tests/test_perception_floor_homogeneity.py: rc 0, 12 tests, 0 failed, 0 skipped
[gate] G-SUITE-PINNED stack/tests/test_refa_v1_ema_targets.py: rc 0, 11 tests, 0 failed, 0 skipped
[gate] G-SUITE-PINNED stack/tests/test_refa_v1_precision.py: rc 0, 8 tests, 0 failed, 1 skipped
[gate] G-SUITE-PINNED stack/tests/test_refa_v1_speed_channel.py: rc 0, 11 tests, 0 failed, 0 skipped
[gate] G-SUITE-PINNED stack/tests/test_refcv6_diffusion.py: rc 0, 60 tests, 0 failed, 0 skipped
[gate] G-SUITE-PINNED stack/tests/test_refcv6_no_session_paths.py: rc 0, 4 tests, 0 failed, 0 skipped
[gate] G-SUITE-PINNED stack/tests/test_refcv6_trunk.py: rc 0, 40 tests, 0 failed, 0 skipped
[gate] G-SUITE-PINNED stack/tests/test_resim.py: rc 0, 55 tests, 0 failed, 0 skipped
[gate] G-SUITE-PINNED stack/tests/test_rl_gate_statistic.py: rc 0, 5 tests, 0 failed, 0 skipped
[gate] G-SUITE-PINNED stack/tests/test_rl_veto_explicit.py: rc 0, 8 tests, 0 failed, 0 skipped
[gate] G-SUITE-PINNED stack/tests/test_runbook_commands.py: rc 0, 16 tests, 0 failed, 0 skipped
[gate] G-SUITE-PINNED stack/tests/test_s1_gate.py: rc 0, 17 tests, 0 failed, 0 skipped
[gate] G-SUITE-PINNED stack/tests/test_s3_deploy_probe.py: rc 0, 18 tests, 0 failed, 0 skipped
[gate] G-SUITE-PINNED stack/tests/test_secret_scan.py: rc 0, 84 tests, 0 failed, 0 skipped
[gate] G-SUITE-PINNED stack/tests/test_sitclf.py: rc 0, 31 tests, 0 failed, 0 skipped
[gate] G-SUITE-PINNED stack/tests/test_sitclf_deploy.py: rc 0, 47 tests, 0 failed, 0 skipped
[gate] G-SUITE-PINNED stack/tests/test_tactical_goal_underpowered_matches_census.py: rc 0, 11 tests, 0 failed, 0 skipped
[gate] G-SUITE-PINNED stack/tests/test_v6_st_launch_fixes.py: rc 0, 34 tests, 0 failed, 0 skipped
[gate] G-SUITE-PINNED taniteval/tests/test_bench_suite_gpu_gap.py: rc 0, 35 tests, 0 failed, 0 skipped
