=== LONGITUDINAL / DISTANCE KEEPING on the selected path (T0) ===
  lead windows 136 of 400 (33 episodes); dt 0.50 s; no-lead windows masked to NaN
  ranking used: sel_score_v3 ; gate1 index disagreements with model: 0
  rule         headway_min_m time_gap_min_s    min_ttc_s        n n_closng
  human_gt          27.8697       4.5621      22.4614      133       63
  model             27.7532       4.5659      21.9181      134       69
  gate1             27.7532       4.5659      21.9181      134       69
  gate2             27.7525       4.5671      21.6313      134       67
  gate4             27.7762       4.5726      21.7190      134       65
  gate8             27.7577       4.5752      21.0231      134       70
  gate16            27.7386       4.5735      21.0486      134       70
  gate32            27.7386       4.5735      21.0486      134       70
  gate128           27.7386       4.5735      21.0486      134       70
  kin_only          27.7386       4.5735      21.0486      134       70
  oracle            27.7718       4.5824      22.0873      135       69

  paired vs model (negative = the rule keeps LESS distance / less time):
    gate1      headway_min_m    +0.0000 [+0.0000, +0.0000] sep=False n=134
    gate1      time_gap_min_s    +0.0000 [+0.0000, +0.0000] sep=False n=117
    gate1      min_ttc_s       +0.0000 [+0.0000, +0.0000] sep=False n=134
    gate2      headway_min_m    -0.0008 [-0.0745, +0.0699] sep=False n=134
    gate2      time_gap_min_s    +0.0012 [-0.0070, +0.0093] sep=False n=117
    gate2      min_ttc_s       -0.2868 [-0.8136, +0.3047] sep=False n=134
    gate4      headway_min_m    +0.0229 [-0.0705, +0.1039] sep=False n=134
    gate4      time_gap_min_s    +0.0067 [-0.0029, +0.0175] sep=False n=117
    gate4      min_ttc_s       -0.1990 [-0.7699, +0.3333] sep=False n=134
    kin_only   headway_min_m    -0.0146 [-0.1121, +0.0821] sep=False n=134
    kin_only   time_gap_min_s    +0.0077 [-0.0030, +0.0217] sep=False n=117
    kin_only   min_ttc_s       -0.8694 [-2.1469, +0.1621] sep=False n=134
    human_gt   headway_min_m    +0.3060 [+0.0526, +0.6486] sep=True  n=133
    human_gt   time_gap_min_s    +0.0260 [-0.0251, +0.0792] sep=False n=116
    human_gt   min_ttc_s       +0.6041 [-0.3148, +1.6844] sep=False n=133

[lead] wrote longitudinal_lead.json
