=== RULE ZERO NEXT ARM: does a v0-CONDITIONED vocabulary create the knee? ===
  object: core.decoder.anchors   v_ref 10.00 m/s   v0 mean 11.43 median 9.80   scale [0.000, 3.626]
  C1 PASS=True   C2 OBJECT PASS=True (peak_g 0.480782 vs ref 0.480782)   C3 n_at_vref=0

  -- FIXED bank (speed-blind, as shipped) --
  lambda    disp_m    fan_env  fan_peak_g  fan_offrch  oracle_ade    sel_ade
    0.00     0.000     0.0156      0.4808      0.7822      1.0985     3.9824
    0.10     0.688     0.2285      0.5506      0.7612      1.0000     3.5905
    0.20     1.377     0.5425      0.7274      0.7346      0.9010     3.1999
    0.30     2.065     0.6782      0.9564      0.6984      0.8016     2.8110
    0.40     2.753     0.7433      1.2165      0.6511      0.7021     2.4246
    0.50     3.441     0.7871      1.5234      0.5863      0.6028     2.0420
    0.60     4.130     0.8180      1.9626      0.5054      0.5049     1.6658
    0.70     4.818     0.8417      2.5966      0.4035      0.4119     1.2985
    0.80     5.506     0.8611      3.3017      0.2878      0.3226     0.9486
    0.90     6.195     0.8756      3.9007      0.1838      0.2493     0.6347
    1.00     6.883     0.8879      4.1789      0.1094      0.2063     0.4486

  -- v0-CONDITIONED bank (scaled to the window's own speed) --
  lambda    disp_m    fan_env  fan_peak_g  fan_offrch  oracle_ade    sel_ade
    0.00     0.000     0.2421      0.5498      0.6770      1.1571    14.7579
    0.10     0.928     0.4447      0.6573      0.6589      1.0405    13.2838
    0.20     1.855     0.6917      0.8593      0.6351      0.9391    11.8101
    0.30     2.783     0.7700      1.1130      0.6067      0.8592    10.3374
    0.40     3.710     0.8042      1.4080      0.5726      0.7924     8.8674
    0.50     4.638     0.8241      1.7469      0.5279      0.7196     7.4015
    0.60     5.565     0.8355      2.1506      0.4725      0.6274     5.9399
    0.70     6.493     0.8489      2.6008      0.3925      0.5517     4.4872
    0.80     7.420     0.8629      3.1295      0.2701      0.4601     3.0495
    0.90     8.348     0.8762      3.7152      0.1395      0.3468     1.6439
    1.00     9.275     0.8879      4.1789      0.1094      0.2063     0.4486

  AT lambda = 0 (the vocabulary itself):
    fixed        : off_reach 0.7822  envelope 0.0156  peak_g 0.4808  oracle_ade 1.0985
    v0-conditioned: off_reach 0.6770  envelope 0.2421  peak_g 0.5498  oracle_ade 1.1571
    => off_reach -0.1052   oracle_ade +0.0586   (negative = the conditioned bank is better)

[v0bank] wrote v0_conditioned_bank.json
