=== RULE ZERO NEXT ARM #2: the CONTROL-SPACE roll (not a similarity scale) ===
  object core.decoder.anchors  n=400w x 128cand  v0 mean 11.43 m/s ; anchor own speed 20.68 [1.73, 32.81] m/s
  C1 PASS=True   C2 OBJECT PASS=True (0.480782 vs 0.480782)
  C3 PASS=False | C3a const-speed subset 34/128 anchors, mean err 0.75447 m (PASS=False) | C3b synthetic max err 3.17e-02 (PASS=False)
  C3c diagnostic: all-anchor mean err 0.8541 m at speed CV mean 0.098 (max 0.656) -- a constant-speed roll cannot be an identity on a variable-speed anchor

  !! C3 FAILED -> THE v0-ROLLED SWEEP IS INADMISSIBLE AND IS NOT QUOTED.
     A broken integrator would read as a spectacular finding here; that is
     what this control exists to stop. Printed below for the record only.

  -- FIXED bank (speed-blind, as shipped) --
  lambda    disp_m    fan_env  fan_peak_g  fan_offrch  oracle_ade    sel_ade
    0.00     0.000     0.0156      0.4808      0.7822      1.0985     3.9824
    0.10     0.688     0.2285      0.5506      0.7612      1.0000     3.5905
    0.20     1.377     0.5425      0.7274      0.7346      0.9010     3.1999
    0.30     2.065     0.6782      0.9564      0.6984      0.8016     2.8110
    0.40     2.753     0.7433      1.2165      0.6511      0.7021     2.4246
    0.50     3.441     0.7871      1.5234      0.5863      0.6028     2.0420
    0.60     4.130     0.8180      1.9626      0.5054      0.5049     1.6658
    0.70     4.818     0.8417      2.5966      0.4035      0.4119     1.2985
    0.80     5.506     0.8611      3.3017      0.2878      0.3226     0.9486
    0.90     6.195     0.8756      3.9007      0.1838      0.2493     0.6347
    1.00     6.883     0.8879      4.1789      0.1094      0.2063     0.4486

  -- v0-ROLLED bank  [INADMISSIBLE, C3 FAILED] --
  lambda    disp_m    fan_env  fan_peak_g  fan_offrch  oracle_ade    sel_ade
    0.00     0.000     0.0009      0.2481      0.0000      0.4715     0.6925
    0.10     0.286     0.2676      0.4530      0.0000      0.3547     0.6455
    0.20     0.572     0.5767      0.7284      0.0001      0.3392     0.6007
    0.30     0.858     0.6798      1.0708      0.0035      0.3213     0.5591
    0.40     1.144     0.7381      1.4647      0.0087      0.2985     0.5220
    0.50     1.430     0.7816      1.8956      0.0195      0.2763     0.4908
    0.60     1.716     0.8150      2.3721      0.0351      0.2559     0.4657
    0.70     2.002     0.8413      2.8594      0.0525      0.2371     0.4479
    0.80     2.288     0.8608      3.3272      0.0715      0.2190     0.4380
    0.90     2.574     0.8759      3.7668      0.0915      0.2083     0.4381
    1.00     2.860     0.8879      4.1789      0.1094      0.2063     0.4486

  AT lambda = 0 (the vocabulary itself)   fixed -> v0-rolled:
    off_reach  0.7822 -> 0.0000  (-0.7822)
    envelope   0.0156 -> 0.0009  (-0.0147)
    peak_g     0.4808 -> 0.2481  (-0.2327)
    oracle_ade 1.0985 -> 0.4715  (-0.6270)

[v0roll] wrote v0_roll_bank.json
