2026-09-19 12:52:37,511 INFO {C:\Users\Admin\navsim-crun\devkit\navsim\planning\script\builders\worker_pool_builder.py:19}  Building WorkerPool...
2026-09-19 12:52:37,514 INFO {C:\Users\Admin\navsim-crun\nuplan-devkit\nuplan\planning\utils\multithreading\worker_pool.py:101}  Worker: Sequential
2026-09-19 12:52:37,514 INFO {C:\Users\Admin\navsim-crun\nuplan-devkit\nuplan\planning\utils\multithreading\worker_pool.py:102}  Number of nodes: 1
Number of CPUs per node: 1
Number of GPUs per node: 0
Number of threads across all nodes: 1
2026-09-19 12:52:37,514 INFO {C:\Users\Admin\navsim-crun\devkit\navsim\planning\script\builders\worker_pool_builder.py:27}  Building WorkerPool...DONE!
Loading logs:   0%|          | 0/7 [00:00<?, ?it/s]Loading logs:  71%|███████▏  | 5/7 [00:00<00:00, 24.69it/s]Loading logs: 100%|██████████| 7/7 [00:00<00:00, 29.63it/s]
2026-09-19 12:52:41,321 WARNING {C:\Users\Admin\navsim-crun\devkit\navsim\planning\script\run_pdm_score_one_stage.py:256}  Unused metric cache for 204 tokens. Skipping these tokens.
2026-09-19 12:52:41,321 INFO {C:\Users\Admin\navsim-crun\devkit\navsim\planning\script\run_pdm_score_one_stage.py:257}  Starting pdm scoring of 16 scenarios...
2026-09-19 12:52:41,321 INFO {C:\Users\Admin\navsim-crun\devkit\navsim\planning\script\run_pdm_score_one_stage.py:46}  Starting worker in thread_id=49ef59f8-d39a-4b6a-bf0f-396b1dc15acf, node_id=0
Loading logs:   0%|          | 0/7 [00:00<?, ?it/s]Loading logs:  71%|███████▏  | 5/7 [00:00<00:00, 20.26it/s]Loading logs: 100%|██████████| 7/7 [00:00<00:00, 25.70it/s]
2026-09-19 12:52:42,812 INFO {C:\Users\Admin\navsim-crun\devkit\navsim\planning\script\run_pdm_score_one_stage.py:82}  Processing scenario 1 / 16 in thread_id=49ef59f8-d39a-4b6a-bf0f-396b1dc15acf, node_id=0
2026-09-19 12:52:47,699 INFO {C:\Users\Admin\navsim-crun\devkit\navsim\planning\script\run_pdm_score_one_stage.py:82}  Processing scenario 2 / 16 in thread_id=49ef59f8-d39a-4b6a-bf0f-396b1dc15acf, node_id=0
2026-09-19 12:52:48,783 INFO {C:\Users\Admin\navsim-crun\devkit\navsim\planning\script\run_pdm_score_one_stage.py:82}  Processing scenario 3 / 16 in thread_id=49ef59f8-d39a-4b6a-bf0f-396b1dc15acf, node_id=0
2026-09-19 12:53:08,049 INFO {C:\Users\Admin\navsim-crun\devkit\navsim\planning\script\run_pdm_score_one_stage.py:82}  Processing scenario 4 / 16 in thread_id=49ef59f8-d39a-4b6a-bf0f-396b1dc15acf, node_id=0
2026-09-19 12:53:14,253 INFO {C:\Users\Admin\navsim-crun\devkit\navsim\planning\script\run_pdm_score_one_stage.py:82}  Processing scenario 5 / 16 in thread_id=49ef59f8-d39a-4b6a-bf0f-396b1dc15acf, node_id=0
2026-09-19 12:53:15,104 INFO {C:\Users\Admin\navsim-crun\devkit\navsim\planning\script\run_pdm_score_one_stage.py:82}  Processing scenario 6 / 16 in thread_id=49ef59f8-d39a-4b6a-bf0f-396b1dc15acf, node_id=0
2026-09-19 12:53:15,883 INFO {C:\Users\Admin\navsim-crun\devkit\navsim\planning\script\run_pdm_score_one_stage.py:82}  Processing scenario 7 / 16 in thread_id=49ef59f8-d39a-4b6a-bf0f-396b1dc15acf, node_id=0
2026-09-19 12:53:18,526 INFO {C:\Users\Admin\navsim-crun\devkit\navsim\planning\script\run_pdm_score_one_stage.py:82}  Processing scenario 8 / 16 in thread_id=49ef59f8-d39a-4b6a-bf0f-396b1dc15acf, node_id=0
2026-09-19 12:53:39,573 INFO {C:\Users\Admin\navsim-crun\devkit\navsim\planning\script\run_pdm_score_one_stage.py:82}  Processing scenario 9 / 16 in thread_id=49ef59f8-d39a-4b6a-bf0f-396b1dc15acf, node_id=0
2026-09-19 12:53:40,607 INFO {C:\Users\Admin\navsim-crun\devkit\navsim\planning\script\run_pdm_score_one_stage.py:82}  Processing scenario 10 / 16 in thread_id=49ef59f8-d39a-4b6a-bf0f-396b1dc15acf, node_id=0
2026-09-19 12:53:46,303 INFO {C:\Users\Admin\navsim-crun\devkit\navsim\planning\script\run_pdm_score_one_stage.py:82}  Processing scenario 11 / 16 in thread_id=49ef59f8-d39a-4b6a-bf0f-396b1dc15acf, node_id=0
2026-09-19 12:53:47,588 INFO {C:\Users\Admin\navsim-crun\devkit\navsim\planning\script\run_pdm_score_one_stage.py:82}  Processing scenario 12 / 16 in thread_id=49ef59f8-d39a-4b6a-bf0f-396b1dc15acf, node_id=0
2026-09-19 12:53:52,527 INFO {C:\Users\Admin\navsim-crun\devkit\navsim\planning\script\run_pdm_score_one_stage.py:82}  Processing scenario 13 / 16 in thread_id=49ef59f8-d39a-4b6a-bf0f-396b1dc15acf, node_id=0
2026-09-19 12:53:56,998 INFO {C:\Users\Admin\navsim-crun\devkit\navsim\planning\script\run_pdm_score_one_stage.py:82}  Processing scenario 14 / 16 in thread_id=49ef59f8-d39a-4b6a-bf0f-396b1dc15acf, node_id=0
2026-09-19 12:53:58,835 INFO {C:\Users\Admin\navsim-crun\devkit\navsim\planning\script\run_pdm_score_one_stage.py:82}  Processing scenario 15 / 16 in thread_id=49ef59f8-d39a-4b6a-bf0f-396b1dc15acf, node_id=0
2026-09-19 12:54:03,188 INFO {C:\Users\Admin\navsim-crun\devkit\navsim\planning\script\run_pdm_score_one_stage.py:82}  Processing scenario 16 / 16 in thread_id=49ef59f8-d39a-4b6a-bf0f-396b1dc15acf, node_id=0
2026-09-19 12:54:12,042 INFO {C:\Users\Admin\navsim-crun\devkit\navsim\planning\script\run_pdm_score_one_stage.py:305}  
        Finished running evaluation.
            Number of successful scenarios: 16.
            Number of failed scenarios: 0.
            Final average score of valid results: 0.46534315582301033.
            Results are stored in: C:\Users\Admin\navsim\exp\e1\A1b_cv_one_stage\2026.09.19.12.54.08.csv.
        
E1_WRAPPER_DONE label=A1b status=OK wall_s=332.87 peak_rss_mb=508.9 min_avail_mb=3437.9 pdm_calls=16 cache_scenes=0
