[2026-09-19 12:52:37,511][navsim.planning.script.builders.worker_pool_builder][INFO] - Building WorkerPool...
[2026-09-19 12:52:37,514][nuplan.planning.utils.multithreading.worker_pool][INFO] - Worker: Sequential
[2026-09-19 12:52:37,514][nuplan.planning.utils.multithreading.worker_pool][INFO] - Number of nodes: 1
Number of CPUs per node: 1
Number of GPUs per node: 0
Number of threads across all nodes: 1
[2026-09-19 12:52:37,514][navsim.planning.script.builders.worker_pool_builder][INFO] - Building WorkerPool...DONE!
[2026-09-19 12:52:41,321][navsim.planning.script.run_pdm_score_one_stage][WARNING] - Unused metric cache for 204 tokens. Skipping these tokens.
[2026-09-19 12:52:41,321][navsim.planning.script.run_pdm_score_one_stage][INFO] - Starting pdm scoring of 16 scenarios...
[2026-09-19 12:52:41,321][navsim.planning.script.run_pdm_score_one_stage][INFO] - Starting worker in thread_id=49ef59f8-d39a-4b6a-bf0f-396b1dc15acf, node_id=0
[2026-09-19 12:52:42,812][navsim.planning.script.run_pdm_score_one_stage][INFO] - Processing scenario 1 / 16 in thread_id=49ef59f8-d39a-4b6a-bf0f-396b1dc15acf, node_id=0
[2026-09-19 12:52:47,699][navsim.planning.script.run_pdm_score_one_stage][INFO] - Processing scenario 2 / 16 in thread_id=49ef59f8-d39a-4b6a-bf0f-396b1dc15acf, node_id=0
[2026-09-19 12:52:48,783][navsim.planning.script.run_pdm_score_one_stage][INFO] - Processing scenario 3 / 16 in thread_id=49ef59f8-d39a-4b6a-bf0f-396b1dc15acf, node_id=0
[2026-09-19 12:53:08,049][navsim.planning.script.run_pdm_score_one_stage][INFO] - Processing scenario 4 / 16 in thread_id=49ef59f8-d39a-4b6a-bf0f-396b1dc15acf, node_id=0
[2026-09-19 12:53:14,253][navsim.planning.script.run_pdm_score_one_stage][INFO] - Processing scenario 5 / 16 in thread_id=49ef59f8-d39a-4b6a-bf0f-396b1dc15acf, node_id=0
[2026-09-19 12:53:15,104][navsim.planning.script.run_pdm_score_one_stage][INFO] - Processing scenario 6 / 16 in thread_id=49ef59f8-d39a-4b6a-bf0f-396b1dc15acf, node_id=0
[2026-09-19 12:53:15,883][navsim.planning.script.run_pdm_score_one_stage][INFO] - Processing scenario 7 / 16 in thread_id=49ef59f8-d39a-4b6a-bf0f-396b1dc15acf, node_id=0
[2026-09-19 12:53:18,526][navsim.planning.script.run_pdm_score_one_stage][INFO] - Processing scenario 8 / 16 in thread_id=49ef59f8-d39a-4b6a-bf0f-396b1dc15acf, node_id=0
[2026-09-19 12:53:39,573][navsim.planning.script.run_pdm_score_one_stage][INFO] - Processing scenario 9 / 16 in thread_id=49ef59f8-d39a-4b6a-bf0f-396b1dc15acf, node_id=0
[2026-09-19 12:53:40,607][navsim.planning.script.run_pdm_score_one_stage][INFO] - Processing scenario 10 / 16 in thread_id=49ef59f8-d39a-4b6a-bf0f-396b1dc15acf, node_id=0
[2026-09-19 12:53:46,303][navsim.planning.script.run_pdm_score_one_stage][INFO] - Processing scenario 11 / 16 in thread_id=49ef59f8-d39a-4b6a-bf0f-396b1dc15acf, node_id=0
[2026-09-19 12:53:47,588][navsim.planning.script.run_pdm_score_one_stage][INFO] - Processing scenario 12 / 16 in thread_id=49ef59f8-d39a-4b6a-bf0f-396b1dc15acf, node_id=0
[2026-09-19 12:53:52,527][navsim.planning.script.run_pdm_score_one_stage][INFO] - Processing scenario 13 / 16 in thread_id=49ef59f8-d39a-4b6a-bf0f-396b1dc15acf, node_id=0
[2026-09-19 12:53:56,998][navsim.planning.script.run_pdm_score_one_stage][INFO] - Processing scenario 14 / 16 in thread_id=49ef59f8-d39a-4b6a-bf0f-396b1dc15acf, node_id=0
[2026-09-19 12:53:58,835][navsim.planning.script.run_pdm_score_one_stage][INFO] - Processing scenario 15 / 16 in thread_id=49ef59f8-d39a-4b6a-bf0f-396b1dc15acf, node_id=0
[2026-09-19 12:54:03,188][navsim.planning.script.run_pdm_score_one_stage][INFO] - Processing scenario 16 / 16 in thread_id=49ef59f8-d39a-4b6a-bf0f-396b1dc15acf, node_id=0
[2026-09-19 12:54:12,042][navsim.planning.script.run_pdm_score_one_stage][INFO] - 
        Finished running evaluation.
            Number of successful scenarios: 16.
            Number of failed scenarios: 0.
            Final average score of valid results: 0.46534315582301033.
            Results are stored in: C:\Users\Admin\navsim\exp\e1\A1b_cv_one_stage\2026.09.19.12.54.08.csv.
        
