clips banked: 193
fit clips 116 / score clips 77
arm pix    raw_d=7680    -> d=128
arm dino   raw_d=5120    -> d=128
arm field  raw_d=5120    -> d=128
arm pix_rff    (NONLINEAR RFF) d=1024
arm dino_rff   (NONLINEAR RFF) d=1024
arm field_rff  (NONLINEAR RFF) d=1024

=== lead_gap_m_cap30 ===
  constant             R2=+0.000000  (control; d=0 n=1586)
  pix                  R2=-0.0513  CI[-0.1702,+0.0643]  wc=-0.1123  n=1586 d=128 lam=3.16e+03
  dino                 R2=+0.2225  CI[+0.0744,+0.3761]  wc=+0.2726  n=1586 d=128 lam=3.16e+03
  field                R2=+0.3632  CI[+0.2069,+0.5088]  wc=+0.3995  n=1586 d=128 lam=1e+03
  pix_rff              R2=-0.0693  CI[-0.3475,+0.2035]  wc=-0.2686  n=1586 d=1024 lam=1
  dino_rff             R2=+0.5883  CI[+0.4860,+0.6754]  wc=+0.3811  n=1586 d=1024 lam=0.1
  field_rff            R2=+0.4411  CI[+0.3027,+0.5610]  wc=+0.3429  n=1586 d=1024 lam=0.1
  shuffle_within_clip  R2=+0.0307  CI[+0.0018,+0.0643]  wc=-0.0013  n=1586 d=128 lam=3.16e+04
  shuffle_within_clip_rff R2=+0.0000  CI[+0.0000,+0.0000]  wc=+0.0000  n=1586 d=1024 lam=1e+06
  PAIRED field - pix            d=+0.4145  CI[+0.2018,+0.6120]  EXCLUDES 0
  PAIRED field - dino           d=+0.1407  CI[+0.0616,+0.2103]  EXCLUDES 0
  PAIRED dino - pix             d=+0.2738  CI[+0.0694,+0.4794]  EXCLUDES 0
  PAIRED field_rff - pix_rff    d=+0.5104  CI[+0.2347,+0.7991]  EXCLUDES 0
  PAIRED field_rff - dino_rff   d=-0.1472  CI[-0.2708,-0.0247]  EXCLUDES 0
  PAIRED field_rff - field      d=+0.0779  CI[-0.0824,+0.2419]  spans 0

=== lead_gap_m_cap80 ===
  constant             R2=+0.000000  (control; d=0 n=3117)
  pix                  R2=+0.0149  CI[-0.0429,+0.0679]  wc=+0.0019  n=3117 d=128 lam=1e+04
  dino                 R2=+0.2402  CI[+0.0659,+0.3974]  wc=+0.2510  n=3117 d=128 lam=1e+03
  field                R2=+0.2486  CI[+0.0829,+0.4066]  wc=+0.2428  n=3117 d=128 lam=1e+03
  pix_rff              R2=+0.0375  CI[-0.0314,+0.0983]  wc=-0.0019  n=3117 d=1024 lam=31.6
  dino_rff             R2=+0.3889  CI[+0.1898,+0.5243]  wc=+0.1808  n=3117 d=1024 lam=1
  field_rff            R2=+0.4364  CI[+0.2844,+0.5467]  wc=+0.2566  n=3117 d=1024 lam=1
  shuffle_within_clip  R2=+0.1517  CI[+0.0596,+0.2398]  wc=-0.0712  n=3117 d=128 lam=3.16e+03
  shuffle_within_clip_rff R2=+0.1935  CI[+0.0969,+0.2759]  wc=-0.0690  n=3117 d=1024 lam=10
  PAIRED field - pix            d=+0.2337  CI[+0.0676,+0.4005]  EXCLUDES 0
  PAIRED field - dino           d=+0.0084  CI[-0.0513,+0.0707]  spans 0
  PAIRED dino - pix             d=+0.2252  CI[+0.0513,+0.3928]  EXCLUDES 0
  PAIRED field_rff - pix_rff    d=+0.3989  CI[+0.2450,+0.5202]  EXCLUDES 0
  PAIRED field_rff - dino_rff   d=+0.0475  CI[-0.0201,+0.1303]  spans 0
  PAIRED field_rff - field      d=+0.1878  CI[+0.0661,+0.3051]  EXCLUDES 0

=== lead_lat_m_cap30 ===
  constant             R2=+0.000000  (control; d=0 n=1586)
  pix                  R2=+0.0000  CI[-0.0005,+0.0004]  wc=+0.0002  n=1586 d=128 lam=1e+06
  dino                 R2=+0.0866  CI[+0.0052,+0.1738]  wc=+0.0819  n=1586 d=128 lam=1e+03
  field                R2=+0.0475  CI[-0.0891,+0.1455]  wc=+0.0843  n=1586 d=128 lam=1e+03
  pix_rff              R2=-0.0000  CI[-0.0000,+0.0000]  wc=+0.0000  n=1586 d=1024 lam=1e+06
  dino_rff             R2=+0.0729  CI[-0.0152,+0.1527]  wc=+0.0349  n=1586 d=1024 lam=3.16
  field_rff            R2=+0.0134  CI[-0.0955,+0.1081]  wc=+0.0543  n=1586 d=1024 lam=3.16
  shuffle_within_clip  R2=-0.0319  CI[-0.0803,+0.0205]  wc=-0.0278  n=1586 d=128 lam=3.16e+03
  shuffle_within_clip_rff R2=-0.0000  CI[-0.0000,+0.0000]  wc=-0.0000  n=1586 d=1024 lam=1e+06
  PAIRED field - pix            d=+0.0475  CI[-0.0888,+0.1450]  spans 0
  PAIRED field - dino           d=-0.0391  CI[-0.1551,+0.0463]  spans 0
  PAIRED dino - pix             d=+0.0866  CI[+0.0052,+0.1740]  EXCLUDES 0
  PAIRED field_rff - pix_rff    d=+0.0134  CI[-0.0955,+0.1081]  spans 0
  PAIRED field_rff - dino_rff   d=-0.0595  CI[-0.1379,+0.0177]  spans 0
  PAIRED field_rff - field      d=-0.0341  CI[-0.1135,+0.0640]  spans 0

=== lead_closing_mps_cap30 ===
  constant             R2=+0.000000  (control; d=0 n=1491)
  pix                  R2=-0.0001  CI[-0.0003,+0.0002]  wc=+0.0004  n=1491 d=128 lam=1e+06
  dino                 R2=+0.0114  CI[-0.0575,+0.0718]  wc=-0.0320  n=1491 d=128 lam=3.16e+03
  field                R2=+0.0061  CI[-0.0406,+0.0513]  wc=+0.0100  n=1491 d=128 lam=1e+04
  pix_rff              R2=+0.0000  CI[-0.0000,+0.0000]  wc=+0.0000  n=1491 d=1024 lam=1e+06
  dino_rff             R2=+0.0086  CI[-0.0295,+0.0416]  wc=+0.0092  n=1491 d=1024 lam=31.6
  field_rff            R2=-0.0009  CI[-0.0667,+0.0507]  wc=+0.0142  n=1491 d=1024 lam=31.6
  shuffle_within_clip  R2=+0.0037  CI[-0.0122,+0.0203]  wc=-0.0003  n=1491 d=128 lam=3.16e+04
  shuffle_within_clip_rff R2=-0.0047  CI[-0.0527,+0.0331]  wc=-0.0072  n=1491 d=1024 lam=31.6
  PAIRED field - pix            d=+0.0062  CI[-0.0404,+0.0509]  spans 0
  PAIRED field - dino           d=-0.0053  CI[-0.0478,+0.0402]  spans 0
  PAIRED dino - pix             d=+0.0115  CI[-0.0574,+0.0718]  spans 0
  PAIRED field_rff - pix_rff    d=-0.0009  CI[-0.0668,+0.0507]  spans 0
  PAIRED field_rff - dino_rff   d=-0.0094  CI[-0.0544,+0.0257]  spans 0
  PAIRED field_rff - field      d=-0.0070  CI[-0.0496,+0.0241]  spans 0

=== log1p_n_agents_visible ===
  constant             R2=+0.000000  (control; d=0 n=7510)
  pix                  R2=+0.1596  CI[+0.0549,+0.2632]  wc=-0.2158  n=7510 d=128 lam=1e+04
  dino                 R2=+0.5317  CI[+0.3884,+0.6496]  wc=-0.2691  n=7510 d=128 lam=1e+03
  field                R2=+0.5726  CI[+0.4625,+0.6653]  wc=-0.1321  n=7510 d=128 lam=1e+03
  pix_rff              R2=+0.1682  CI[+0.0721,+0.2670]  wc=-0.2775  n=7510 d=1024 lam=31.6
  dino_rff             R2=+0.4329  CI[+0.2626,+0.5644]  wc=-0.8358  n=7510 d=1024 lam=1
  field_rff            R2=+0.4587  CI[+0.3550,+0.5462]  wc=-0.4456  n=7510 d=1024 lam=3.16
  shuffle_within_clip  R2=+0.4958  CI[+0.3703,+0.5991]  wc=-0.5982  n=7510 d=128 lam=1e+03
  shuffle_within_clip_rff R2=+0.3516  CI[+0.2191,+0.4624]  wc=-1.0335  n=7510 d=1024 lam=1
  PAIRED field - pix            d=+0.4130  CI[+0.2669,+0.5415]  EXCLUDES 0
  PAIRED field - dino           d=+0.0409  CI[-0.0178,+0.1091]  spans 0
  PAIRED dino - pix             d=+0.3721  CI[+0.2090,+0.5084]  EXCLUDES 0
  PAIRED field_rff - pix_rff    d=+0.2905  CI[+0.1660,+0.3988]  EXCLUDES 0
  PAIRED field_rff - dino_rff   d=+0.0258  CI[-0.0666,+0.1347]  spans 0
  PAIRED field_rff - field      d=-0.1139  CI[-0.1738,-0.0582]  EXCLUDES 0

=== lead_present_cap30 ===
  constant             R2=+0.000000  (control; d=0 n=7510)
  pix                  R2=+0.0100  CI[-0.0728,+0.0896]  wc=-0.0279  n=7510 d=128 lam=1e+04
  dino                 R2=+0.4868  CI[+0.3601,+0.5964]  wc=+0.2607  n=7510 d=128 lam=316
  field                R2=+0.5137  CI[+0.3964,+0.6189]  wc=+0.2740  n=7510 d=128 lam=316
  pix_rff              R2=+0.0278  CI[-0.0559,+0.1115]  wc=-0.0490  n=7510 d=1024 lam=31.6
  dino_rff             R2=+0.4029  CI[+0.2594,+0.5166]  wc=+0.0744  n=7510 d=1024 lam=1
  field_rff            R2=+0.4153  CI[+0.2932,+0.5146]  wc=+0.1620  n=7510 d=1024 lam=1
  shuffle_within_clip  R2=+0.2622  CI[+0.1284,+0.3851]  wc=-0.1630  n=7510 d=128 lam=1e+03
  shuffle_within_clip_rff R2=+0.1727  CI[+0.0487,+0.2885]  wc=-0.2031  n=7510 d=1024 lam=1
  PAIRED field - pix            d=+0.5037  CI[+0.3866,+0.6161]  EXCLUDES 0
  PAIRED field - dino           d=+0.0269  CI[-0.0056,+0.0608]  spans 0
  PAIRED dino - pix             d=+0.4768  CI[+0.3572,+0.5852]  EXCLUDES 0
  PAIRED field_rff - pix_rff    d=+0.3875  CI[+0.2667,+0.4969]  EXCLUDES 0
  PAIRED field_rff - dino_rff   d=+0.0124  CI[-0.0551,+0.0801]  spans 0
  PAIRED field_rff - field      d=-0.0984  CI[-0.1545,-0.0548]  EXCLUDES 0

=== alignment sweep (field / lead_gap_m_cap30) ===
  offset -2 rows (-0.4 s): R2=+0.3633  n=1553
  offset -1 rows (-0.2 s): R2=+0.3684  n=1572
  offset +0 rows (+0.0 s): R2=+0.3632  n=1586
  offset +1 rows (+0.2 s): R2=+0.3435  n=1573
  offset +2 rows (+0.4 s): R2=+0.3194  n=1560
wrote per-frame decode -> /home/nvidia/percprobe/raw/decode_pred.npz

wrote /home/nvidia/percprobe/raw/probe_results.json
