clips drawn: [('bc82e366', 100), ('6a0e7a8c', 99), ('6c5c503d', 99), ('bb41e3b8', 99)]
  bc82e366 cam_height=1.3172 m  pitch=+0.561 deg  hfov=120.0 deg
  6a0e7a8c cam_height=1.5597 m  pitch=+0.301 deg  hfov=120.0 deg
  6c5c503d cam_height=1.2856 m  pitch=-0.459 deg  hfov=120.0 deg
  bb41e3b8 cam_height=1.3335 m  pitch=+0.510 deg  hfov=120.0 deg
{
 "path": "/home/nvidia/percprobe/raw/percprobe_lead.mp4",
 "bytes": 10875839,
 "frames_written": 398,
 "frames_decoded_back": 398,
 "geometry_written": [
  1700,
  586
 ],
 "geometry_decoded": [
  1700,
  586
 ],
 "mean_luminance_src": 75.67113740368308,
 "mean_luminance_decoded": 55.32331041290236,
 "projected_markers_in_frame": 1193,
 "clips": [
  "bc82e366-6f6d-4398-ab78-66ce8342fe5b",
  "6a0e7a8c-81e0-4bf2-aa51-c7a04447c0fd",
  "6c5c503d-0dd2-4330-a87e-bcdb0830bc31",
  "bb41e3b8-db75-4ae6-a07f-dc2af2fde449"
 ],
 "assert_frames_match": true,
 "assert_geometry_match": true,
 "assert_nonzero_luminance": true,
 "assert_projection_nonvacuous": true,
 "ALL_ASSERTIONS_PASS": true
}
