[parity] ⚠ *train* cache: physicalai-train-e438721ae894 SUBSET — 152 of 2376 episodes (2224 absent). This is admissible ONLY as a deliberate episode-subset run; it is NOT strict parity and must not be cross-compared with full-corpus arms.
[refc] train: 152 episodes / 25966 windows from /home/nvidia/epcache_prefix/physicalai-train-e438721ae894 (mode=diffusion)
{"d_sel": {"sel_on": false, "sel_refined": false, "sel_reach_clamp": false, "sel_accel_max": 2.5, "horizon_s": 2.0, "graft_cons": false, "cons_detach": true, "graft_route": false, "seam_clamp": 0.0, "graft_goal": false, "goal_provenance": null, "ego_valid_channel": false, "labels": "v1", "mode": "diffusion", "n_selection_params": 0, "n_goal_params": 0, "s1_inert_because_classifier_mode": false}}
{"step": 0, "loss": 13.66377, "traj": 3.79683, "cls": 8.28656, "law": 2.6919, "route": 0.81356, "man": 1.53075, "speed_cls": 0.0, "speed_mae": 0.0, "anchor_acc": 0.0, "man_acc": 0.25, "route_acc": 0.66667, "route_valid_frac": 0.375, "nav_follow_frac": 0.875, "gnorm": 240.6926, "lr": 5.0000000000000004e-08, "data_s": 1.5, "step_s": 5.1}
{"step": 1, "loss": 13.98984, "traj": 4.01539, "cls": 8.38816, "law": 2.79162, "route": 0.3081, "man": 1.59669, "speed_cls": 0.0, "speed_mae": 0.0, "anchor_acc": 0.0, "man_acc": 0.125, "route_acc": 1.0, "route_valid_frac": 0.125, "nav_follow_frac": 1.0, "gnorm": 240.6066, "lr": 1.0000000000000001e-07, "data_s": 0.0, "step_s": 1.5}
{"step": 2, "loss": 15.21642, "traj": 4.93309, "cls": 8.62818, "law": 2.69105, "route": 1.59192, "man": 1.50428, "speed_cls": 0.0, "speed_mae": 0.0, "anchor_acc": 0.0, "man_acc": 0.25, "route_acc": 0.33333, "route_valid_frac": 0.375, "nav_follow_frac": 0.75, "gnorm": 234.4298, "lr": 1.5000000000000002e-07, "data_s": 0.0, "step_s": 1.5}
{"step": 3, "loss": 14.02766, "traj": 3.93787, "cls": 8.52502, "law": 2.60456, "route": 1.02255, "man": 1.6023, "speed_cls": 0.0, "speed_mae": 0.0, "anchor_acc": 0.0, "man_acc": 0.125, "route_acc": 0.66667, "route_valid_frac": 0.375, "nav_follow_frac": 0.875, "gnorm": 244.6517, "lr": 2.0000000000000002e-07, "data_s": 0.0, "step_s": 1.5}
{"step": 4, "loss": 15.20105, "traj": 5.68807, "cls": 7.98884, "law": 2.6523, "route": 0.4583, "man": 1.52164, "speed_cls": 0.0, "speed_mae": 0.0, "anchor_acc": 0.0, "man_acc": 0.125, "route_acc": 1.0, "route_valid_frac": 0.125, "nav_follow_frac": 1.0, "gnorm": 218.6825, "lr": 2.5e-07, "data_s": 0.0, "step_s": 1.5}
{"step": 5, "loss": 15.07685, "traj": 6.71368, "cls": 6.85082, "law": 2.62362, "route": 0.41533, "man": 1.59007, "speed_cls": 0.0, "speed_mae": 0.0, "anchor_acc": 0.0, "man_acc": 0.0, "route_acc": 1.0, "route_valid_frac": 0.25, "nav_follow_frac": 1.0, "gnorm": 220.9993, "lr": 3.0000000000000004e-07, "data_s": 0.0, "step_s": 1.5}
{"step": 6, "loss": 13.41988, "traj": 3.68938, "cls": 8.1486, "law": 2.67526, "route": 0.84106, "man": 1.60158, "speed_cls": 0.0, "speed_mae": 0.0, "anchor_acc": 0.0, "man_acc": 0.25, "route_acc": 0.6, "route_valid_frac": 0.625, "nav_follow_frac": 0.75, "gnorm": 238.1759, "lr": 3.5e-07, "data_s": 0.0, "step_s": 1.5}
{"step": 7, "loss": 14.55819, "traj": 6.23531, "cls": 6.82611, "law": 2.61241, "route": 0.30972, "man": 1.59586, "speed_cls": 0.0, "speed_mae": 0.0, "anchor_acc": 0.0, "man_acc": 0.0, "route_acc": 1.0, "route_valid_frac": 0.125, "nav_follow_frac": 1.0, "gnorm": 221.2459, "lr": 4.0000000000000003e-07, "data_s": 0.0, "step_s": 1.5}
{"step": 8, "loss": 15.0239, "traj": 6.67431, "cls": 6.81013, "law": 2.67147, "route": 0.46448, "man": 1.57283, "speed_cls": 0.0, "speed_mae": 0.0, "anchor_acc": 0.0, "man_acc": 0.125, "route_acc": 1.0, "route_valid_frac": 0.5, "nav_follow_frac": 1.0, "gnorm": 205.6989, "lr": 4.5000000000000003e-07, "data_s": 0.0, "step_s": 1.5}
{"step": 9, "loss": 14.31128, "traj": 4.12457, "cls": 8.53219, "law": 2.78394, "route": 1.07054, "man": 1.55494, "speed_cls": 0.0, "speed_mae": 0.0, "anchor_acc": 0.0, "man_acc": 0.125, "route_acc": 0.5, "route_valid_frac": 0.25, "nav_follow_frac": 0.875, "gnorm": 258.9379, "lr": 5e-07, "data_s": 0.0, "step_s": 1.5}
{"step": 10, "loss": 13.63484, "traj": 2.58627, "cls": 9.24475, "law": 2.68918, "route": 3.03125, "man": 1.56098, "speed_cls": 0.0, "speed_mae": 0.0, "anchor_acc": 0.0, "man_acc": 0.0, "route_acc": 0.0, "route_valid_frac": 0.125, "nav_follow_frac": 0.875, "gnorm": 287.0129, "lr": 5.5e-07, "data_s": 0.0, "step_s": 1.5}
{"step": 11, "loss": 14.201, "traj": 4.97807, "cls": 7.68221, "law": 2.69095, "route": 0.34031, "man": 1.61218, "speed_cls": 0.0, "speed_mae": 0.0, "anchor_acc": 0.0, "man_acc": 0.125, "route_acc": 1.0, "route_valid_frac": 0.25, "nav_follow_frac": 1.0, "gnorm": 224.3053, "lr": 6.000000000000001e-07, "data_s": 0.0, "step_s": 1.5}
{"step": 12, "loss": 14.29204, "traj": 5.86525, "cls": 6.88634, "law": 2.67136, "route": 0.49423, "man": 1.55346, "speed_cls": 0.0, "speed_mae": 0.0, "anchor_acc": 0.0, "man_acc": 0.0, "route_acc": 1.0, "route_valid_frac": 0.25, "nav_follow_frac": 1.0, "gnorm": 219.4733, "lr": 6.500000000000001e-07, "data_s": 0.0, "step_s": 1.5}
{"step": 13, "loss": 14.46029, "traj": 4.75985, "cls": 8.1488, "law": 2.60217, "route": 0.86055, "man": 1.64506, "speed_cls": 0.0, "speed_mae": 0.0, "anchor_acc": 0.0, "man_acc": 0.125, "route_acc": 0.6, "route_valid_frac": 0.625, "nav_follow_frac": 0.75, "gnorm": 232.7409, "lr": 7e-07, "data_s": 0.0, "step_s": 1.5}
{"step": 14, "loss": 13.93979, "traj": 4.3355, "cls": 8.03802, "law": 2.61277, "route": 0.96351, "man": 1.63543, "speed_cls": 0.0, "speed_mae": 0.0, "anchor_acc": 0.0, "man_acc": 0.125, "route_acc": 0.66667, "route_valid_frac": 0.375, "nav_follow_frac": 0.875, "gnorm": 226.5359, "lr": 7.5e-07, "data_s": 0.0, "step_s": 1.5}
{"step": 15, "loss": 13.02129, "traj": 2.51991, "cls": 8.92571, "law": 2.71074, "route": 0.41946, "man": 1.78356, "speed_cls": 0.0, "speed_mae": 0.0, "anchor_acc": 0.0, "man_acc": 0.0, "route_acc": 1.0, "route_valid_frac": 0.125, "nav_follow_frac": 1.0, "gnorm": 272.532, "lr": 8.000000000000001e-07, "data_s": 0.0, "step_s": 1.5}
{"step": 16, "loss": 14.65141, "traj": 4.77522, "cls": 8.35787, "law": 2.65491, "route": 0.38045, "man": 1.5282, "speed_cls": 0.0, "speed_mae": 0.0, "anchor_acc": 0.0, "man_acc": 0.375, "route_acc": 1.0, "route_valid_frac": 1.0, "nav_follow_frac": 1.0, "gnorm": 239.6434, "lr": 8.5e-07, "data_s": 0.0, "step_s": 1.5}
{"step": 17, "loss": 14.98013, "traj": 7.15146, "cls": 6.35947, "law": 2.54421, "route": 0.38391, "man": 1.5871, "speed_cls": 0.0, "speed_mae": 0.0, "anchor_acc": 0.0, "man_acc": 0.0, "route_acc": 1.0, "route_valid_frac": 0.375, "nav_follow_frac": 1.0, "gnorm": 221.9032, "lr": 9.000000000000001e-07, "data_s": 0.0, "step_s": 1.5}
{"step": 18, "loss": 13.64069, "traj": 3.25096, "cls": 8.77081, "law": 2.64137, "route": 1.3482, "man": 1.63414, "speed_cls": 0.0, "speed_mae": 0.0, "anchor_acc": 0.0, "man_acc": 0.125, "route_acc": 0.25, "route_valid_frac": 0.5, "nav_follow_frac": 0.625, "gnorm": 253.6832, "lr": 9.5e-07, "data_s": 0.0, "step_s": 1.5}
{"step": 19, "loss": 13.63405, "traj": 3.35399, "cls": 8.77048, "law": 2.61744, "route": 0.42847, "man": 1.58012, "speed_cls": 0.0, "speed_mae": 0.0, "anchor_acc": 0.0, "man_acc": 0.125, "route_acc": 1.0, "route_valid_frac": 0.375, "nav_follow_frac": 1.0, "gnorm": 244.846, "lr": 1e-06, "data_s": 0.0, "step_s": 1.5}
[ckpt] saved at step 19
[parity] *val* cache: physicalai-val-0c5f7dac3b11 count OK (40/600) — NO uid digest committed for this split, so this is a COUNT-ONLY check. Upgrade it once on a pod: scripts/make_parity_manifest.py --record --split val --cache-dir <verified cache>
{"done": true, "steps": 20, "out": "/tmp/refc_parity_prefix"}
=== RUN RECORD ===
{
  "argv": [
    "--data-root",
    "/home/nvidia/epcache_prefix",
    "--out",
    "/tmp/refc_parity_prefix",
    "--steps",
    "20",
    "--config",
    "base",
    "--mode",
    "diffusion",
    "--batch",
    "8",
    "--workers",
    "2",
    "--log-every",
    "1",
    "--save-every",
    "1000000",
    "--episodes",
    "152"
  ],
  "wall_seconds": 42.3,
  "steps": 20,
  "batch": 8,
  "workers": 2,
  "s_per_step_incl_setup": 2.113,
  "cuda_max_memory_allocated_B": 7375462400,
  "cuda_max_memory_allocated_GB": 7.38,
  "cuda_max_memory_reserved_GB": 10.65,
  "n_params_trainable": 104191577,
  "final_log": {
    "step": 19,
    "loss": 13.63405,
    "traj": 3.35399,
    "cls": 8.77048,
    "law": 2.61744,
    "route": 0.42847,
    "man": 1.58012,
    "speed_cls": 0.0,
    "speed_mae": 0.0,
    "anchor_acc": 0.0,
    "man_acc": 0.125,
    "route_acc": 1.0,
    "route_valid_frac": 0.375,
    "nav_follow_frac": 1.0,
    "gnorm": 244.846,
    "lr": 1e-06,
    "data_s": 0.0,
    "step_s": 1.5
  },
  "val": {
    "traj": 1.22648,
    "cls": 9.16498,
    "law": 1.04937,
    "route": 0.52334,
    "man": 1.51849,
    "speed_cls": 0.0,
    "speed_mae": 0.0,
    "anchor_acc": 0.0,
    "man_acc": 0.0,
    "route_acc": 1.0,
    "route_valid_frac": 1.0,
    "nav_follow_frac": 1.0
  },
  "OMP_NUM_THREADS": "6",
  "torch": "2.13.0+cu130",
  "device_name": "NVIDIA Thor"
}
