[v3] anchors: artifact anchors (117, 8, 2), controls (117, 2), units=alat (file), schedule=constant, horizon_s=6.0, dt=0.1, ref_speed_ms=10.0, kappa_cap=0.12, alat_v_floor=4.0, schema=tanitad.anchor_artifact/1
[parity] ⚠ NON-PARITY v2 corpus for e2e-1024: ['D:/Projects/TanitAD-artifacts/v2ep-eval139-256x1024cyl'] reference no registered parity key. Results off it are NOT cross-arm comparable with the parity arms.
[v2] D:/Projects/TanitAD-artifacts/v2ep-eval139-256x1024cyl: 139 providers (channels 9, 256x1024 px), episode ids from 'episode_uid' [collision-free; the as-built 16-bit ids would give only 139 distinct for 139 clips]
[v2] 139 providers, 139 distinct episode ids
[e2e] v7 join: {"n_records": 147, "joined": 139, "n_episodes": 139, "frac": 1.0, "release": null}
[e2e] 139 episodes, 23772 windows total, running 139 clips
[forward] 1/139 ep=0 t=26.7s rss=18.34GB loss=36.9255
[forward] 2/139 ep=1 t=27.4s rss=19.00GB loss=21.8680
[forward] 3/139 ep=2 t=26.4s rss=19.09GB loss=59.8364
[forward] 4/139 ep=3 t=26.0s rss=19.18GB loss=37.2732
[forward] 5/139 ep=4 t=25.7s rss=19.28GB loss=82.0996
[forward] 6/139 ep=5 t=25.1s rss=19.39GB loss=42.9073
[forward] 7/139 ep=6 t=25.3s rss=19.40GB loss=21.3331
[forward] 8/139 ep=7 t=26.1s rss=19.08GB loss=94.6075
[forward] 9/139 ep=8 t=26.0s rss=19.07GB loss=116.5723
[forward] 10/139 ep=9 t=25.0s rss=19.11GB loss=89.0637
[forward] 11/139 ep=10 t=25.3s rss=19.12GB loss=16.7321
[forward] 12/139 ep=11 t=26.1s rss=19.09GB loss=43.3507
[forward] 13/139 ep=12 t=26.5s rss=19.11GB loss=39.8895
[forward] 14/139 ep=13 t=26.6s rss=19.06GB loss=40.8327
[forward] 15/139 ep=14 t=27.0s rss=19.08GB loss=52.4866
[forward] 16/139 ep=15 t=25.3s rss=18.89GB loss=85.6898
[forward] 17/139 ep=16 t=24.6s rss=18.95GB loss=46.2545
[forward] 18/139 ep=17 t=25.2s rss=18.89GB loss=115.2284
[forward] 19/139 ep=18 t=30.1s rss=18.58GB loss=84.2414
[forward] 20/139 ep=19 t=36.9s rss=18.45GB loss=32.6947
[forward] 21/139 ep=20 t=37.8s rss=18.26GB loss=57.4984
[forward] 22/139 ep=21 t=36.5s rss=18.33GB loss=24.9453
[forward] 23/139 ep=22 t=37.5s rss=18.38GB loss=43.9313
[forward] 24/139 ep=23 t=28.4s rss=19.17GB loss=43.9866
[forward] 25/139 ep=24 t=45.6s rss=18.18GB loss=41.8416
[forward] 26/139 ep=25 t=43.1s rss=18.41GB loss=88.6255
[forward] 27/139 ep=26 t=46.1s rss=18.40GB loss=87.1534
[forward] 28/139 ep=27 t=45.2s rss=18.98GB loss=44.0242
[forward] 29/139 ep=28 t=41.6s rss=18.54GB loss=23.9760
[forward] 30/139 ep=29 t=44.8s rss=15.57GB loss=66.9204
[forward] 31/139 ep=30 t=43.8s rss=18.80GB loss=92.5883
[forward] 32/139 ep=31 t=31.8s rss=19.15GB loss=44.7406
[forward] 33/139 ep=32 t=37.8s rss=19.22GB loss=46.2502
[forward] 34/139 ep=33 t=43.7s rss=19.11GB loss=46.9786
[forward] 35/139 ep=34 t=38.7s rss=19.13GB loss=75.4535
[forward] 36/139 ep=35 t=25.3s rss=19.00GB loss=61.7739
[forward] 37/139 ep=36 t=26.3s rss=19.16GB loss=60.4811
[forward] 38/139 ep=37 t=24.4s rss=19.22GB loss=55.0379
[forward] 39/139 ep=38 t=23.3s rss=19.44GB loss=111.5051
[forward] 40/139 ep=39 t=25.8s rss=19.41GB loss=38.3745
[forward] 41/139 ep=40 t=35.2s rss=19.13GB loss=86.8174
[forward] 42/139 ep=41 t=39.8s rss=18.25GB loss=52.0185
[forward] 43/139 ep=42 t=40.3s rss=18.32GB loss=84.4304
[forward] 44/139 ep=43 t=40.1s rss=18.30GB loss=35.9477
[forward] 45/139 ep=44 t=42.7s rss=18.32GB loss=74.2731
[forward] 46/139 ep=45 t=38.8s rss=18.32GB loss=46.2197
[forward] 47/139 ep=46 t=39.1s rss=18.41GB loss=73.3182
[forward] 48/139 ep=47 t=39.4s rss=18.48GB loss=121.5197
[forward] 49/139 ep=48 t=43.1s rss=18.35GB loss=23.8339
[forward] 50/139 ep=49 t=43.1s rss=18.41GB loss=37.0901
[forward] 51/139 ep=50 t=41.2s rss=18.47GB loss=60.5977
[forward] 52/139 ep=51 t=42.3s rss=18.36GB loss=62.9565
[forward] 53/139 ep=52 t=45.1s rss=18.02GB loss=18.2344
[forward] 54/139 ep=53 t=44.6s rss=17.91GB loss=64.4952
[forward] 55/139 ep=54 t=47.7s rss=18.45GB loss=41.7886
[forward] 56/139 ep=55 t=42.3s rss=17.93GB loss=70.7838
[forward] 57/139 ep=56 t=41.9s rss=18.00GB loss=32.5505
[forward] 58/139 ep=57 t=25.8s rss=17.94GB loss=36.3789
[forward] 59/139 ep=58 t=44.6s rss=18.49GB loss=78.9080
[forward] 60/139 ep=59 t=42.9s rss=18.14GB loss=26.4355
[forward] 61/139 ep=60 t=41.6s rss=17.90GB loss=71.8588
[forward] 62/139 ep=61 t=38.4s rss=17.97GB loss=60.2643
[forward] 63/139 ep=62 t=38.6s rss=17.95GB loss=88.2297
[forward] 64/139 ep=63 t=41.1s rss=18.06GB loss=41.3774
[forward] 65/139 ep=64 t=44.3s rss=17.27GB loss=42.1603
[forward] 66/139 ep=65 t=43.4s rss=17.89GB loss=59.9223
[forward] 67/139 ep=66 t=44.2s rss=17.50GB loss=34.8971
[forward] 68/139 ep=67 t=42.7s rss=17.95GB loss=22.1430
[forward] 69/139 ep=68 t=40.8s rss=17.98GB loss=46.4708
[forward] 70/139 ep=69 t=43.8s rss=17.53GB loss=39.5479
[forward] 71/139 ep=70 t=45.6s rss=17.71GB loss=16.1668
[forward] 72/139 ep=71 t=39.5s rss=18.13GB loss=121.8301
[forward] 73/139 ep=72 t=41.3s rss=18.06GB loss=11.9373
[forward] 74/139 ep=73 t=44.4s rss=18.61GB loss=46.8351
[forward] 75/139 ep=74 t=41.3s rss=18.50GB loss=56.9850
[forward] 76/139 ep=75 t=43.6s rss=18.20GB loss=37.8920
[forward] 77/139 ep=76 t=40.4s rss=18.57GB loss=38.4237
[forward] 78/139 ep=77 t=41.7s rss=18.49GB loss=51.0866
[forward] 79/139 ep=78 t=40.6s rss=18.04GB loss=46.4318
[forward] 80/139 ep=79 t=52.3s rss=18.19GB loss=47.0174
[forward] 81/139 ep=80 t=38.2s rss=18.02GB loss=45.5201
[forward] 82/139 ep=81 t=38.4s rss=18.71GB loss=55.9347
[forward] 83/139 ep=82 t=38.5s rss=18.54GB loss=38.7016
[forward] 84/139 ep=83 t=32.3s rss=18.70GB loss=29.9185
[forward] 85/139 ep=84 t=33.0s rss=18.64GB loss=64.3901
[forward] 86/139 ep=85 t=38.5s rss=18.76GB loss=50.5276
[forward] 87/139 ep=86 t=38.2s rss=18.77GB loss=51.3160
[forward] 88/139 ep=87 t=39.0s rss=19.07GB loss=56.3591
[forward] 89/139 ep=88 t=39.7s rss=19.07GB loss=19.0795
[forward] 90/139 ep=89 t=40.9s rss=19.05GB loss=45.7646
[forward] 91/139 ep=90 t=42.0s rss=18.78GB loss=125.4998
[forward] 92/139 ep=91 t=43.3s rss=18.74GB loss=66.0489
[forward] 93/139 ep=92 t=50.4s rss=18.70GB loss=26.2473
[forward] 94/139 ep=93 t=64.3s rss=18.50GB loss=109.1260
[forward] 95/139 ep=94 t=44.3s rss=18.46GB loss=49.2709
[forward] 96/139 ep=95 t=42.7s rss=18.38GB loss=30.6528
[forward] 97/139 ep=96 t=45.3s rss=18.41GB loss=27.9654
[forward] 98/139 ep=97 t=72.4s rss=18.40GB loss=57.2522
[forward] 99/139 ep=98 t=44.4s rss=18.46GB loss=44.3936
[forward] 100/139 ep=99 t=44.8s rss=18.37GB loss=89.2435
[forward] 101/139 ep=100 t=37.6s rss=18.40GB loss=59.0215
[forward] 102/139 ep=101 t=39.7s rss=18.27GB loss=77.2664
[forward] 103/139 ep=102 t=71.1s rss=17.05GB loss=53.8969
[forward] 104/139 ep=103 t=48.2s rss=18.04GB loss=40.2881
[forward] 105/139 ep=104 t=42.7s rss=18.22GB loss=45.3765
[forward] 106/139 ep=105 t=39.8s rss=18.06GB loss=55.4882
[forward] 107/139 ep=106 t=44.4s rss=18.07GB loss=66.5490
[forward] 108/139 ep=107 t=42.0s rss=18.02GB loss=62.1410
[forward] 109/139 ep=108 t=48.0s rss=18.32GB loss=27.3393
[forward] 110/139 ep=109 t=46.7s rss=18.87GB loss=20.9051
[forward] 111/139 ep=110 t=44.6s rss=18.35GB loss=37.9609
[forward] 112/139 ep=111 t=40.8s rss=18.14GB loss=50.2818
[forward] 113/139 ep=112 t=43.6s rss=18.27GB loss=99.6605
[forward] 114/139 ep=113 t=44.2s rss=18.07GB loss=22.5548
[forward] 115/139 ep=114 t=42.6s rss=18.13GB loss=86.3944
[forward] 116/139 ep=115 t=42.6s rss=17.93GB loss=20.5091
[forward] 117/139 ep=116 t=44.6s rss=18.11GB loss=32.9897
[forward] 118/139 ep=117 t=43.4s rss=18.08GB loss=37.3668
[forward] 119/139 ep=118 t=42.5s rss=18.09GB loss=68.3814
[forward] 120/139 ep=119 t=42.9s rss=18.62GB loss=113.0717
[forward] 121/139 ep=120 t=41.1s rss=18.20GB loss=64.7363
[forward] 122/139 ep=121 t=43.0s rss=18.65GB loss=42.8835
[forward] 123/139 ep=122 t=50.1s rss=18.47GB loss=32.1508
[forward] 124/139 ep=123 t=43.0s rss=18.22GB loss=21.3291
[forward] 125/139 ep=124 t=42.6s rss=17.82GB loss=40.2302
[forward] 126/139 ep=125 t=42.9s rss=17.81GB loss=57.2255
[forward] 127/139 ep=126 t=38.0s rss=17.95GB loss=57.1638
[forward] 128/139 ep=127 t=40.5s rss=18.29GB loss=33.8451
[forward] 129/139 ep=128 t=40.8s rss=18.10GB loss=25.0228
[forward] 130/139 ep=129 t=37.5s rss=18.23GB loss=15.8854
[forward] 131/139 ep=130 t=40.5s rss=18.30GB loss=43.8410
[forward] 132/139 ep=131 t=42.1s rss=18.39GB loss=50.5422
[forward] 133/139 ep=132 t=41.1s rss=18.44GB loss=30.1570
[forward] 134/139 ep=133 t=38.5s rss=18.50GB loss=47.5667
[forward] 135/139 ep=134 t=39.1s rss=18.50GB loss=123.3854
[forward] 136/139 ep=135 t=39.2s rss=18.57GB loss=85.2531
[forward] 137/139 ep=136 t=41.2s rss=19.29GB loss=13.3104
[forward] 138/139 ep=137 t=38.2s rss=19.27GB loss=33.6014
[forward] 139/139 ep=138 t=38.3s rss=19.27GB loss=69.0628
[e2e] done -> C:\Users\Admin\tanitad-wt-e2e\TanitAD Research Lab\Architecture & Inference\Research\2026-09-17-refcv6-e2e-1024\raw
