{
 "evidence_class": "MEASURED",
 "assembly": [
  "git_head",
  "argv",
  "payload_frame",
  "encoder_image_hw",
  "encoder_in_channels",
  "window",
  "trunk_spec_from_timm",
  "trunk_provenance",
  "n_params_total",
  "param_breakdown",
  "unreachable_spec_seams",
  "seams_absent_from_built_model"
 ],
 "forward": [
  "n_clips",
  "batch_shapes",
  "t_s",
  "rss_gb_peak",
  "n_nonfinite_values",
  "nonfinite_keys",
  "loss_terms_absent",
  "loss_terms_zero_on_some_clip",
  "n_clips_with_zero_route",
  "per_loss",
  "grad"
 ],
 "identity": [
  "evidence_class",
  "baseline_commit",
  "materialised",
  "blocked",
  "state_dict_keys_equal",
  "only_in_pre",
  "only_in_new",
  "n_params_pre",
  "n_params_new",
  "n_weight_mismatch",
  "weight_mismatch_sample",
  "forward_image_hw",
  "out_keys_equal",
  "out_only_in_pre",
  "out_only_in_new",
  "bit_identical",
  "max_abs_delta_overall",
  "n_keys_compared"
 ],
 "zero_grad_forensics": [
  "ego_history",
  "target_latent",
  "goal_scorer"
 ],
 "pretrained_guard": [
  "resnet101.a1_in1k",
  "resnet34.a1_in1k"
 ],
 "join_frame_key": [
  "evidence_class",
  "instrument",
  "n_clips",
  "clip_sha12",
  "n_window_probes",
  "window_indices",
  "mean_abs_dcz_by_offset_from_RAW",
  "n_samples_by_offset",
  "n_tracks_masked_at_offset0",
  "argmin_offset",
  "separation_x",
  "verdict"
 ],
 "cost_model": [
  "evidence_class",
  "frame",
  "window_positions",
  "arms",
  "measured_cpu",
  "projection"
 ],
 "tip_recheck": [
  "evidence_class",
  "worktree_head",
  "branch_tip",
  "refs",
  "verdict"
 ]
}
