=== P1: FIX `progress` -- the one term that rewards violation ===
  object under test: fan2 (400, 128, 5, 2) from kingate_bank_drawA_v1_selscore.npz
  npz md5: 9bda7715a6571186935243b242c2ab74
  C-OBJECT PASS=True  (max |component - banked| = 0.000e+00, flags mismatched = 0, emitted peak_g ours 4.1789 vs the 240w ref 4.1131 [DIFFERENT DRAW -- not asserted])
  H-PROG-SAT-1: median within-window IQR of feasibility = 0.22622  (predicted < 0.05) -> REFUTED ; 26.3% of candidates read < 0.01
  ex_s (median NON-ZERO exceedance, calibrated once, not swept) = 3.6002 (88.8% of candidates exceed)

  term                   peak_g   envelope  kamm_over  ttc_below    contact  off_reach
  prog_v1                0.3130    -0.0007     0.0161     0.4431     0.2944     0.1020
  prog_v0_noop           0.3312    -0.0042     0.0110     0.4381     0.3631     0.1671
  prog_v2               -0.5708    -0.5334    -0.5598    -0.1302     0.0335    -0.2142
  prog_v2_caponly        0.1441    -0.0966    -0.0873     0.3369     0.2264    -0.0240
  prog_v2_wonly         -0.4139    -0.5220    -0.5488     0.0324     0.1405    -0.0639
  prog_v3                0.5136     0.2961     0.3691     0.4531     0.2734    -0.0174
  prog_v3_entry          0.3911     0.2681     0.3185     0.2792     0.1026    -0.0757
  prog_raw               0.3312    -0.0042     0.0110     0.4381     0.3631     0.1671
  prog_raw_renorm        0.3312    -0.0042     0.0110     0.4381     0.3631     0.1671
  cmp_DEFAULT           -0.4558    -0.5391    -0.5778    -0.3081    -0.6258    -0.0757
  cmp_DEFAULT_progv2    -0.6853    -0.5394    -0.5847    -0.4862    -0.6258    -0.2507
  cmp_DEFAULT_progv3    -0.4788    -0.5391    -0.5736    -0.4271    -0.6258    -0.2244
  cmp_no_progress       -0.7174    -0.5394    -0.5938    -0.5044    -0.6258    -0.2479

  NO-OP claim (UNCLAMPED ratio) CONFIRMED=True  diff 0.00e+00 ; the CLAMPED component moves by 0.0182 -- ties, not monotonicity
  P1-C1  rho(prog_v2, peak_g) = -0.5708 [-0.6810, -0.4570]  (was +0.3130) -> PASS
  P1-C2  straight n=261 : along(argmax v2) 18.286 m vs (argmax v1) 26.070 m ratio 0.7014 ; floor 16.624 m -> FAIL
  controls: self 1.000000 (PASS=True) | const undefined 400/400 (PASS=True) | rand +0.0007 (ref -0.0138)
  VERDICT P1 (progress_v2) = FAIL
  P1b prog_v3        C1 rho(peak_g) +0.5136 [+0.3755, +0.6353] FAIL | C2 along 20.948 m ratio 0.8035 vs floor 16.624 m (human GT) FAIL -> VERDICT FAIL
  P1b prog_v3_entry  C1 rho(peak_g) +0.3911 [+0.2776, +0.4998] FAIL | C2 along 17.756 m ratio 0.6811 vs floor 16.624 m (human GT) FAIL -> VERDICT FAIL
[p1] wrote C:/Users/Admin/feasdec/raw/progress_rank_fix_400w.json
