[2026-09-20 09:51:00,641][navsim.planning.script.builders.worker_pool_builder][INFO] - Building WorkerPool...
[2026-09-20 09:51:00,641][nuplan.planning.utils.multithreading.worker_pool][INFO] - Worker: Sequential
[2026-09-20 09:51:00,641][nuplan.planning.utils.multithreading.worker_pool][INFO] - Number of nodes: 1
Number of CPUs per node: 1
Number of GPUs per node: 0
Number of threads across all nodes: 1
[2026-09-20 09:51:00,641][navsim.planning.script.builders.worker_pool_builder][INFO] - Building WorkerPool...DONE!
[2026-09-20 09:51:01,840][navsim.planning.script.run_pdm_score][INFO] - Starting pdm scoring of 220 scenarios...
[2026-09-20 09:51:01,840][navsim.planning.script.run_pdm_score][INFO] - Starting worker in thread_id=346a9f84-f525-40ab-985c-0f0b549c1a37, node_id=0
[2026-09-20 09:51:02,793][navsim.planning.script.run_pdm_score][INFO] - Processing stage one reactive scenario 1 / 16 in thread_id=346a9f84-f525-40ab-985c-0f0b549c1a37, node_id=0
[2026-09-20 09:51:04,472][navsim.planning.script.run_pdm_score][INFO] - Processing stage one reactive scenario 2 / 16 in thread_id=346a9f84-f525-40ab-985c-0f0b549c1a37, node_id=0
[2026-09-20 09:51:04,811][navsim.planning.script.run_pdm_score][INFO] - Processing stage one reactive scenario 3 / 16 in thread_id=346a9f84-f525-40ab-985c-0f0b549c1a37, node_id=0
[2026-09-20 09:51:06,429][navsim.planning.script.run_pdm_score][INFO] - Processing stage one reactive scenario 4 / 16 in thread_id=346a9f84-f525-40ab-985c-0f0b549c1a37, node_id=0
[2026-09-20 09:51:08,114][navsim.planning.script.run_pdm_score][INFO] - Processing stage one reactive scenario 5 / 16 in thread_id=346a9f84-f525-40ab-985c-0f0b549c1a37, node_id=0
[2026-09-20 09:51:08,381][navsim.planning.script.run_pdm_score][INFO] - Processing stage one reactive scenario 6 / 16 in thread_id=346a9f84-f525-40ab-985c-0f0b549c1a37, node_id=0
[2026-09-20 09:51:08,609][navsim.planning.script.run_pdm_score][INFO] - Processing stage one reactive scenario 7 / 16 in thread_id=346a9f84-f525-40ab-985c-0f0b549c1a37, node_id=0
[2026-09-20 09:51:09,665][navsim.planning.script.run_pdm_score][INFO] - Processing stage one reactive scenario 8 / 16 in thread_id=346a9f84-f525-40ab-985c-0f0b549c1a37, node_id=0
[2026-09-20 09:51:11,833][navsim.planning.script.run_pdm_score][INFO] - Processing stage one reactive scenario 9 / 16 in thread_id=346a9f84-f525-40ab-985c-0f0b549c1a37, node_id=0
[2026-09-20 09:51:11,958][navsim.planning.script.run_pdm_score][INFO] - Processing stage one reactive scenario 10 / 16 in thread_id=346a9f84-f525-40ab-985c-0f0b549c1a37, node_id=0
[2026-09-20 09:51:13,782][navsim.planning.script.run_pdm_score][INFO] - Processing stage one reactive scenario 11 / 16 in thread_id=346a9f84-f525-40ab-985c-0f0b549c1a37, node_id=0
[2026-09-20 09:51:13,936][navsim.planning.script.run_pdm_score][INFO] - Processing stage one reactive scenario 12 / 16 in thread_id=346a9f84-f525-40ab-985c-0f0b549c1a37, node_id=0
[2026-09-20 09:51:15,737][navsim.planning.script.run_pdm_score][INFO] - Processing stage one reactive scenario 13 / 16 in thread_id=346a9f84-f525-40ab-985c-0f0b549c1a37, node_id=0
[2026-09-20 09:51:17,558][navsim.planning.script.run_pdm_score][INFO] - Processing stage one reactive scenario 14 / 16 in thread_id=346a9f84-f525-40ab-985c-0f0b549c1a37, node_id=0
[2026-09-20 09:51:17,638][navsim.planning.script.run_pdm_score][INFO] - Processing stage one reactive scenario 15 / 16 in thread_id=346a9f84-f525-40ab-985c-0f0b549c1a37, node_id=0
[2026-09-20 09:51:19,648][navsim.planning.script.run_pdm_score][INFO] - Processing stage one reactive scenario 16 / 16 in thread_id=346a9f84-f525-40ab-985c-0f0b549c1a37, node_id=0
[2026-09-20 09:51:21,704][navsim.planning.script.run_pdm_score][INFO] - Processing stage two reactive scenario 1 / 204 in thread_id=346a9f84-f525-40ab-985c-0f0b549c1a37, node_id=0
[2026-09-20 09:51:21,758][navsim.planning.script.run_pdm_score][INFO] - Processing stage two reactive scenario 2 / 204 in thread_id=346a9f84-f525-40ab-985c-0f0b549c1a37, node_id=0
[2026-09-20 09:51:22,418][navsim.planning.script.run_pdm_score][INFO] - Processing stage two reactive scenario 3 / 204 in thread_id=346a9f84-f525-40ab-985c-0f0b549c1a37, node_id=0
[2026-09-20 09:51:22,479][navsim.planning.script.run_pdm_score][INFO] - Processing stage two reactive scenario 4 / 204 in thread_id=346a9f84-f525-40ab-985c-0f0b549c1a37, node_id=0
[2026-09-20 09:51:22,993][navsim.planning.script.run_pdm_score][INFO] - Processing stage two reactive scenario 5 / 204 in thread_id=346a9f84-f525-40ab-985c-0f0b549c1a37, node_id=0
[2026-09-20 09:51:23,493][navsim.planning.script.run_pdm_score][INFO] - Processing stage two reactive scenario 6 / 204 in thread_id=346a9f84-f525-40ab-985c-0f0b549c1a37, node_id=0
[2026-09-20 09:51:24,218][navsim.planning.script.run_pdm_score][INFO] - Processing stage two reactive scenario 7 / 204 in thread_id=346a9f84-f525-40ab-985c-0f0b549c1a37, node_id=0
[2026-09-20 09:51:25,044][navsim.planning.script.run_pdm_score][INFO] - Processing stage two reactive scenario 8 / 204 in thread_id=346a9f84-f525-40ab-985c-0f0b549c1a37, node_id=0
[2026-09-20 09:51:25,572][navsim.planning.script.run_pdm_score][INFO] - Processing stage two reactive scenario 9 / 204 in thread_id=346a9f84-f525-40ab-985c-0f0b549c1a37, node_id=0
[2026-09-20 09:51:26,268][navsim.planning.script.run_pdm_score][INFO] - Processing stage two reactive scenario 10 / 204 in thread_id=346a9f84-f525-40ab-985c-0f0b549c1a37, node_id=0
[2026-09-20 09:51:26,334][navsim.planning.script.run_pdm_score][INFO] - Processing stage two reactive scenario 11 / 204 in thread_id=346a9f84-f525-40ab-985c-0f0b549c1a37, node_id=0
[2026-09-20 09:51:27,127][navsim.planning.script.run_pdm_score][INFO] - Processing stage two reactive scenario 12 / 204 in thread_id=346a9f84-f525-40ab-985c-0f0b549c1a37, node_id=0
[2026-09-20 09:51:28,038][navsim.planning.script.run_pdm_score][INFO] - Processing stage two reactive scenario 13 / 204 in thread_id=346a9f84-f525-40ab-985c-0f0b549c1a37, node_id=0
[2026-09-20 09:51:28,864][navsim.planning.script.run_pdm_score][INFO] - Processing stage two reactive scenario 14 / 204 in thread_id=346a9f84-f525-40ab-985c-0f0b549c1a37, node_id=0
[2026-09-20 09:51:29,670][navsim.planning.script.run_pdm_score][INFO] - Processing stage two reactive scenario 15 / 204 in thread_id=346a9f84-f525-40ab-985c-0f0b549c1a37, node_id=0
[2026-09-20 09:51:29,800][navsim.planning.script.run_pdm_score][INFO] - Processing stage two reactive scenario 16 / 204 in thread_id=346a9f84-f525-40ab-985c-0f0b549c1a37, node_id=0
[2026-09-20 09:51:30,740][navsim.planning.script.run_pdm_score][INFO] - Processing stage two reactive scenario 17 / 204 in thread_id=346a9f84-f525-40ab-985c-0f0b549c1a37, node_id=0
[2026-09-20 09:51:31,322][navsim.planning.script.run_pdm_score][INFO] - Processing stage two reactive scenario 18 / 204 in thread_id=346a9f84-f525-40ab-985c-0f0b549c1a37, node_id=0
[2026-09-20 09:51:32,100][navsim.planning.script.run_pdm_score][INFO] - Processing stage two reactive scenario 19 / 204 in thread_id=346a9f84-f525-40ab-985c-0f0b549c1a37, node_id=0
[2026-09-20 09:51:32,617][navsim.planning.script.run_pdm_score][INFO] - Processing stage two reactive scenario 20 / 204 in thread_id=346a9f84-f525-40ab-985c-0f0b549c1a37, node_id=0
[2026-09-20 09:51:33,434][navsim.planning.script.run_pdm_score][INFO] - Processing stage two reactive scenario 21 / 204 in thread_id=346a9f84-f525-40ab-985c-0f0b549c1a37, node_id=0
[2026-09-20 09:51:34,336][navsim.planning.script.run_pdm_score][INFO] - Processing stage two reactive scenario 22 / 204 in thread_id=346a9f84-f525-40ab-985c-0f0b549c1a37, node_id=0
[2026-09-20 09:51:35,189][navsim.planning.script.run_pdm_score][INFO] - Processing stage two reactive scenario 23 / 204 in thread_id=346a9f84-f525-40ab-985c-0f0b549c1a37, node_id=0
[2026-09-20 09:51:36,119][navsim.planning.script.run_pdm_score][INFO] - Processing stage two reactive scenario 24 / 204 in thread_id=346a9f84-f525-40ab-985c-0f0b549c1a37, node_id=0
[2026-09-20 09:51:37,154][navsim.planning.script.run_pdm_score][INFO] - Processing stage two reactive scenario 25 / 204 in thread_id=346a9f84-f525-40ab-985c-0f0b549c1a37, node_id=0
[2026-09-20 09:51:38,025][navsim.planning.script.run_pdm_score][INFO] - Processing stage two reactive scenario 26 / 204 in thread_id=346a9f84-f525-40ab-985c-0f0b549c1a37, node_id=0
[2026-09-20 09:51:38,922][navsim.planning.script.run_pdm_score][INFO] - Processing stage two reactive scenario 27 / 204 in thread_id=346a9f84-f525-40ab-985c-0f0b549c1a37, node_id=0
[2026-09-20 09:51:39,079][navsim.planning.script.run_pdm_score][INFO] - Processing stage two reactive scenario 28 / 204 in thread_id=346a9f84-f525-40ab-985c-0f0b549c1a37, node_id=0
[2026-09-20 09:51:39,322][navsim.planning.script.run_pdm_score][INFO] - Processing stage two reactive scenario 29 / 204 in thread_id=346a9f84-f525-40ab-985c-0f0b549c1a37, node_id=0
[2026-09-20 09:51:40,156][navsim.planning.script.run_pdm_score][INFO] - Processing stage two reactive scenario 30 / 204 in thread_id=346a9f84-f525-40ab-985c-0f0b549c1a37, node_id=0
[2026-09-20 09:51:40,223][navsim.planning.script.run_pdm_score][INFO] - Processing stage two reactive scenario 31 / 204 in thread_id=346a9f84-f525-40ab-985c-0f0b549c1a37, node_id=0
[2026-09-20 09:51:40,374][navsim.planning.script.run_pdm_score][INFO] - Processing stage two reactive scenario 32 / 204 in thread_id=346a9f84-f525-40ab-985c-0f0b549c1a37, node_id=0
[2026-09-20 09:51:41,340][navsim.planning.script.run_pdm_score][INFO] - Processing stage two reactive scenario 33 / 204 in thread_id=346a9f84-f525-40ab-985c-0f0b549c1a37, node_id=0
[2026-09-20 09:51:41,407][navsim.planning.script.run_pdm_score][INFO] - Processing stage two reactive scenario 34 / 204 in thread_id=346a9f84-f525-40ab-985c-0f0b549c1a37, node_id=0
[2026-09-20 09:51:42,241][navsim.planning.script.run_pdm_score][INFO] - Processing stage two reactive scenario 35 / 204 in thread_id=346a9f84-f525-40ab-985c-0f0b549c1a37, node_id=0
[2026-09-20 09:51:43,206][navsim.planning.script.run_pdm_score][INFO] - Processing stage two reactive scenario 36 / 204 in thread_id=346a9f84-f525-40ab-985c-0f0b549c1a37, node_id=0
[2026-09-20 09:51:44,167][navsim.planning.script.run_pdm_score][INFO] - Processing stage two reactive scenario 37 / 204 in thread_id=346a9f84-f525-40ab-985c-0f0b549c1a37, node_id=0
[2026-09-20 09:51:44,337][navsim.planning.script.run_pdm_score][INFO] - Processing stage two reactive scenario 38 / 204 in thread_id=346a9f84-f525-40ab-985c-0f0b549c1a37, node_id=0
[2026-09-20 09:51:44,910][navsim.planning.script.run_pdm_score][INFO] - Processing stage two reactive scenario 39 / 204 in thread_id=346a9f84-f525-40ab-985c-0f0b549c1a37, node_id=0
[2026-09-20 09:51:44,983][navsim.planning.script.run_pdm_score][INFO] - Processing stage two reactive scenario 40 / 204 in thread_id=346a9f84-f525-40ab-985c-0f0b549c1a37, node_id=0
[2026-09-20 09:51:46,097][navsim.planning.script.run_pdm_score][INFO] - Processing stage two reactive scenario 41 / 204 in thread_id=346a9f84-f525-40ab-985c-0f0b549c1a37, node_id=0
[2026-09-20 09:51:46,822][navsim.planning.script.run_pdm_score][INFO] - Processing stage two reactive scenario 42 / 204 in thread_id=346a9f84-f525-40ab-985c-0f0b549c1a37, node_id=0
[2026-09-20 09:51:47,604][navsim.planning.script.run_pdm_score][INFO] - Processing stage two reactive scenario 43 / 204 in thread_id=346a9f84-f525-40ab-985c-0f0b549c1a37, node_id=0
[2026-09-20 09:51:47,816][navsim.planning.script.run_pdm_score][INFO] - Processing stage two reactive scenario 44 / 204 in thread_id=346a9f84-f525-40ab-985c-0f0b549c1a37, node_id=0
[2026-09-20 09:51:48,140][navsim.planning.script.run_pdm_score][INFO] - Processing stage two reactive scenario 45 / 204 in thread_id=346a9f84-f525-40ab-985c-0f0b549c1a37, node_id=0
[2026-09-20 09:51:48,386][navsim.planning.script.run_pdm_score][INFO] - Processing stage two reactive scenario 46 / 204 in thread_id=346a9f84-f525-40ab-985c-0f0b549c1a37, node_id=0
[2026-09-20 09:51:49,201][navsim.planning.script.run_pdm_score][INFO] - Processing stage two reactive scenario 47 / 204 in thread_id=346a9f84-f525-40ab-985c-0f0b549c1a37, node_id=0
[2026-09-20 09:51:49,477][navsim.planning.script.run_pdm_score][INFO] - Processing stage two reactive scenario 48 / 204 in thread_id=346a9f84-f525-40ab-985c-0f0b549c1a37, node_id=0
[2026-09-20 09:51:50,802][navsim.planning.script.run_pdm_score][INFO] - Processing stage two reactive scenario 49 / 204 in thread_id=346a9f84-f525-40ab-985c-0f0b549c1a37, node_id=0
[2026-09-20 09:51:50,874][navsim.planning.script.run_pdm_score][INFO] - Processing stage two reactive scenario 50 / 204 in thread_id=346a9f84-f525-40ab-985c-0f0b549c1a37, node_id=0
[2026-09-20 09:51:51,782][navsim.planning.script.run_pdm_score][INFO] - Processing stage two reactive scenario 51 / 204 in thread_id=346a9f84-f525-40ab-985c-0f0b549c1a37, node_id=0
[2026-09-20 09:51:51,852][navsim.planning.script.run_pdm_score][INFO] - Processing stage two reactive scenario 52 / 204 in thread_id=346a9f84-f525-40ab-985c-0f0b549c1a37, node_id=0
[2026-09-20 09:51:52,416][navsim.planning.script.run_pdm_score][INFO] - Processing stage two reactive scenario 53 / 204 in thread_id=346a9f84-f525-40ab-985c-0f0b549c1a37, node_id=0
[2026-09-20 09:51:53,377][navsim.planning.script.run_pdm_score][INFO] - Processing stage two reactive scenario 54 / 204 in thread_id=346a9f84-f525-40ab-985c-0f0b549c1a37, node_id=0
[2026-09-20 09:51:53,972][navsim.planning.script.run_pdm_score][INFO] - Processing stage two reactive scenario 55 / 204 in thread_id=346a9f84-f525-40ab-985c-0f0b549c1a37, node_id=0
[2026-09-20 09:51:54,890][navsim.planning.script.run_pdm_score][INFO] - Processing stage two reactive scenario 56 / 204 in thread_id=346a9f84-f525-40ab-985c-0f0b549c1a37, node_id=0
[2026-09-20 09:51:55,739][navsim.planning.script.run_pdm_score][INFO] - Processing stage two reactive scenario 57 / 204 in thread_id=346a9f84-f525-40ab-985c-0f0b549c1a37, node_id=0
[2026-09-20 09:51:56,319][navsim.planning.script.run_pdm_score][INFO] - Processing stage two reactive scenario 58 / 204 in thread_id=346a9f84-f525-40ab-985c-0f0b549c1a37, node_id=0
[2026-09-20 09:51:56,379][navsim.planning.script.run_pdm_score][INFO] - Processing stage two reactive scenario 59 / 204 in thread_id=346a9f84-f525-40ab-985c-0f0b549c1a37, node_id=0
[2026-09-20 09:51:56,508][navsim.planning.script.run_pdm_score][INFO] - Processing stage two reactive scenario 60 / 204 in thread_id=346a9f84-f525-40ab-985c-0f0b549c1a37, node_id=0
[2026-09-20 09:51:57,420][navsim.planning.script.run_pdm_score][INFO] - Processing stage two reactive scenario 61 / 204 in thread_id=346a9f84-f525-40ab-985c-0f0b549c1a37, node_id=0
[2026-09-20 09:51:57,954][navsim.planning.script.run_pdm_score][INFO] - Processing stage two reactive scenario 62 / 204 in thread_id=346a9f84-f525-40ab-985c-0f0b549c1a37, node_id=0
[2026-09-20 09:51:58,424][navsim.planning.script.run_pdm_score][INFO] - Processing stage two reactive scenario 63 / 204 in thread_id=346a9f84-f525-40ab-985c-0f0b549c1a37, node_id=0
[2026-09-20 09:51:58,576][navsim.planning.script.run_pdm_score][INFO] - Processing stage two reactive scenario 64 / 204 in thread_id=346a9f84-f525-40ab-985c-0f0b549c1a37, node_id=0
[2026-09-20 09:51:59,391][navsim.planning.script.run_pdm_score][INFO] - Processing stage two reactive scenario 65 / 204 in thread_id=346a9f84-f525-40ab-985c-0f0b549c1a37, node_id=0
[2026-09-20 09:52:00,289][navsim.planning.script.run_pdm_score][INFO] - Processing stage two reactive scenario 66 / 204 in thread_id=346a9f84-f525-40ab-985c-0f0b549c1a37, node_id=0
[2026-09-20 09:52:00,428][navsim.planning.script.run_pdm_score][INFO] - Processing stage two reactive scenario 67 / 204 in thread_id=346a9f84-f525-40ab-985c-0f0b549c1a37, node_id=0
[2026-09-20 09:52:01,333][navsim.planning.script.run_pdm_score][INFO] - Processing stage two reactive scenario 68 / 204 in thread_id=346a9f84-f525-40ab-985c-0f0b549c1a37, node_id=0
[2026-09-20 09:52:01,425][navsim.planning.script.run_pdm_score][INFO] - Processing stage two reactive scenario 69 / 204 in thread_id=346a9f84-f525-40ab-985c-0f0b549c1a37, node_id=0
[2026-09-20 09:52:01,573][navsim.planning.script.run_pdm_score][INFO] - Processing stage two reactive scenario 70 / 204 in thread_id=346a9f84-f525-40ab-985c-0f0b549c1a37, node_id=0
[2026-09-20 09:52:01,719][navsim.planning.script.run_pdm_score][INFO] - Processing stage two reactive scenario 71 / 204 in thread_id=346a9f84-f525-40ab-985c-0f0b549c1a37, node_id=0
[2026-09-20 09:52:02,308][navsim.planning.script.run_pdm_score][INFO] - Processing stage two reactive scenario 72 / 204 in thread_id=346a9f84-f525-40ab-985c-0f0b549c1a37, node_id=0
[2026-09-20 09:52:03,192][navsim.planning.script.run_pdm_score][INFO] - Processing stage two reactive scenario 73 / 204 in thread_id=346a9f84-f525-40ab-985c-0f0b549c1a37, node_id=0
[2026-09-20 09:52:03,647][navsim.planning.script.run_pdm_score][INFO] - Processing stage two reactive scenario 74 / 204 in thread_id=346a9f84-f525-40ab-985c-0f0b549c1a37, node_id=0
[2026-09-20 09:52:04,118][navsim.planning.script.run_pdm_score][INFO] - Processing stage two reactive scenario 75 / 204 in thread_id=346a9f84-f525-40ab-985c-0f0b549c1a37, node_id=0
[2026-09-20 09:52:04,859][navsim.planning.script.run_pdm_score][INFO] - Processing stage two reactive scenario 76 / 204 in thread_id=346a9f84-f525-40ab-985c-0f0b549c1a37, node_id=0
[2026-09-20 09:52:05,560][navsim.planning.script.run_pdm_score][INFO] - Processing stage two reactive scenario 77 / 204 in thread_id=346a9f84-f525-40ab-985c-0f0b549c1a37, node_id=0
[2026-09-20 09:52:05,629][navsim.planning.script.run_pdm_score][INFO] - Processing stage two reactive scenario 78 / 204 in thread_id=346a9f84-f525-40ab-985c-0f0b549c1a37, node_id=0
[2026-09-20 09:52:06,661][navsim.planning.script.run_pdm_score][INFO] - Processing stage two reactive scenario 79 / 204 in thread_id=346a9f84-f525-40ab-985c-0f0b549c1a37, node_id=0
[2026-09-20 09:52:07,556][navsim.planning.script.run_pdm_score][INFO] - Processing stage two reactive scenario 80 / 204 in thread_id=346a9f84-f525-40ab-985c-0f0b549c1a37, node_id=0
[2026-09-20 09:52:07,626][navsim.planning.script.run_pdm_score][INFO] - Processing stage two reactive scenario 81 / 204 in thread_id=346a9f84-f525-40ab-985c-0f0b549c1a37, node_id=0
[2026-09-20 09:52:08,482][navsim.planning.script.run_pdm_score][INFO] - Processing stage two reactive scenario 82 / 204 in thread_id=346a9f84-f525-40ab-985c-0f0b549c1a37, node_id=0
[2026-09-20 09:52:09,363][navsim.planning.script.run_pdm_score][INFO] - Processing stage two reactive scenario 83 / 204 in thread_id=346a9f84-f525-40ab-985c-0f0b549c1a37, node_id=0
[2026-09-20 09:52:10,264][navsim.planning.script.run_pdm_score][INFO] - Processing stage two reactive scenario 84 / 204 in thread_id=346a9f84-f525-40ab-985c-0f0b549c1a37, node_id=0
[2026-09-20 09:52:11,015][navsim.planning.script.run_pdm_score][INFO] - Processing stage two reactive scenario 85 / 204 in thread_id=346a9f84-f525-40ab-985c-0f0b549c1a37, node_id=0
[2026-09-20 09:52:11,682][navsim.planning.script.run_pdm_score][INFO] - Processing stage two reactive scenario 86 / 204 in thread_id=346a9f84-f525-40ab-985c-0f0b549c1a37, node_id=0
[2026-09-20 09:52:12,283][navsim.planning.script.run_pdm_score][INFO] - Processing stage two reactive scenario 87 / 204 in thread_id=346a9f84-f525-40ab-985c-0f0b549c1a37, node_id=0
[2026-09-20 09:52:13,100][navsim.planning.script.run_pdm_score][INFO] - Processing stage two reactive scenario 88 / 204 in thread_id=346a9f84-f525-40ab-985c-0f0b549c1a37, node_id=0
[2026-09-20 09:52:14,067][navsim.planning.script.run_pdm_score][INFO] - Processing stage two reactive scenario 89 / 204 in thread_id=346a9f84-f525-40ab-985c-0f0b549c1a37, node_id=0
[2026-09-20 09:52:14,655][navsim.planning.script.run_pdm_score][INFO] - Processing stage two reactive scenario 90 / 204 in thread_id=346a9f84-f525-40ab-985c-0f0b549c1a37, node_id=0
[2026-09-20 09:52:15,451][navsim.planning.script.run_pdm_score][INFO] - Processing stage two reactive scenario 91 / 204 in thread_id=346a9f84-f525-40ab-985c-0f0b549c1a37, node_id=0
[2026-09-20 09:52:16,536][navsim.planning.script.run_pdm_score][INFO] - Processing stage two reactive scenario 92 / 204 in thread_id=346a9f84-f525-40ab-985c-0f0b549c1a37, node_id=0
[2026-09-20 09:52:17,403][navsim.planning.script.run_pdm_score][INFO] - Processing stage two reactive scenario 93 / 204 in thread_id=346a9f84-f525-40ab-985c-0f0b549c1a37, node_id=0
[2026-09-20 09:52:18,017][navsim.planning.script.run_pdm_score][INFO] - Processing stage two reactive scenario 94 / 204 in thread_id=346a9f84-f525-40ab-985c-0f0b549c1a37, node_id=0
[2026-09-20 09:52:18,907][navsim.planning.script.run_pdm_score][INFO] - Processing stage two reactive scenario 95 / 204 in thread_id=346a9f84-f525-40ab-985c-0f0b549c1a37, node_id=0
[2026-09-20 09:52:19,812][navsim.planning.script.run_pdm_score][INFO] - Processing stage two reactive scenario 96 / 204 in thread_id=346a9f84-f525-40ab-985c-0f0b549c1a37, node_id=0
[2026-09-20 09:52:20,406][navsim.planning.script.run_pdm_score][INFO] - Processing stage two reactive scenario 97 / 204 in thread_id=346a9f84-f525-40ab-985c-0f0b549c1a37, node_id=0
[2026-09-20 09:52:21,274][navsim.planning.script.run_pdm_score][INFO] - Processing stage two reactive scenario 98 / 204 in thread_id=346a9f84-f525-40ab-985c-0f0b549c1a37, node_id=0
[2026-09-20 09:52:22,144][navsim.planning.script.run_pdm_score][INFO] - Processing stage two reactive scenario 99 / 204 in thread_id=346a9f84-f525-40ab-985c-0f0b549c1a37, node_id=0
[2026-09-20 09:52:22,290][navsim.planning.script.run_pdm_score][INFO] - Processing stage two reactive scenario 100 / 204 in thread_id=346a9f84-f525-40ab-985c-0f0b549c1a37, node_id=0
[2026-09-20 09:52:23,291][navsim.planning.script.run_pdm_score][INFO] - Processing stage two reactive scenario 101 / 204 in thread_id=346a9f84-f525-40ab-985c-0f0b549c1a37, node_id=0
[2026-09-20 09:52:23,919][navsim.planning.script.run_pdm_score][INFO] - Processing stage two reactive scenario 102 / 204 in thread_id=346a9f84-f525-40ab-985c-0f0b549c1a37, node_id=0
[2026-09-20 09:52:24,059][navsim.planning.script.run_pdm_score][INFO] - Processing stage two reactive scenario 103 / 204 in thread_id=346a9f84-f525-40ab-985c-0f0b549c1a37, node_id=0
[2026-09-20 09:52:24,944][navsim.planning.script.run_pdm_score][INFO] - Processing stage two reactive scenario 104 / 204 in thread_id=346a9f84-f525-40ab-985c-0f0b549c1a37, node_id=0
[2026-09-20 09:52:26,080][navsim.planning.script.run_pdm_score][INFO] - Processing stage two reactive scenario 105 / 204 in thread_id=346a9f84-f525-40ab-985c-0f0b549c1a37, node_id=0
[2026-09-20 09:52:26,678][navsim.planning.script.run_pdm_score][INFO] - Processing stage two reactive scenario 106 / 204 in thread_id=346a9f84-f525-40ab-985c-0f0b549c1a37, node_id=0
[2026-09-20 09:52:27,278][navsim.planning.script.run_pdm_score][INFO] - Processing stage two reactive scenario 107 / 204 in thread_id=346a9f84-f525-40ab-985c-0f0b549c1a37, node_id=0
[2026-09-20 09:52:27,623][navsim.planning.script.run_pdm_score][INFO] - Processing stage two reactive scenario 108 / 204 in thread_id=346a9f84-f525-40ab-985c-0f0b549c1a37, node_id=0
[2026-09-20 09:52:27,752][navsim.planning.script.run_pdm_score][INFO] - Processing stage two reactive scenario 109 / 204 in thread_id=346a9f84-f525-40ab-985c-0f0b549c1a37, node_id=0
[2026-09-20 09:52:28,371][navsim.planning.script.run_pdm_score][INFO] - Processing stage two reactive scenario 110 / 204 in thread_id=346a9f84-f525-40ab-985c-0f0b549c1a37, node_id=0
[2026-09-20 09:52:29,213][navsim.planning.script.run_pdm_score][INFO] - Processing stage two reactive scenario 111 / 204 in thread_id=346a9f84-f525-40ab-985c-0f0b549c1a37, node_id=0
[2026-09-20 09:52:29,763][navsim.planning.script.run_pdm_score][INFO] - Processing stage two reactive scenario 112 / 204 in thread_id=346a9f84-f525-40ab-985c-0f0b549c1a37, node_id=0
[2026-09-20 09:52:29,835][navsim.planning.script.run_pdm_score][INFO] - Processing stage two reactive scenario 113 / 204 in thread_id=346a9f84-f525-40ab-985c-0f0b549c1a37, node_id=0
[2026-09-20 09:52:29,897][navsim.planning.script.run_pdm_score][INFO] - Processing stage two reactive scenario 114 / 204 in thread_id=346a9f84-f525-40ab-985c-0f0b549c1a37, node_id=0
[2026-09-20 09:52:30,747][navsim.planning.script.run_pdm_score][INFO] - Processing stage two reactive scenario 115 / 204 in thread_id=346a9f84-f525-40ab-985c-0f0b549c1a37, node_id=0
[2026-09-20 09:52:30,814][navsim.planning.script.run_pdm_score][INFO] - Processing stage two reactive scenario 116 / 204 in thread_id=346a9f84-f525-40ab-985c-0f0b549c1a37, node_id=0
[2026-09-20 09:52:31,777][navsim.planning.script.run_pdm_score][INFO] - Processing stage two reactive scenario 117 / 204 in thread_id=346a9f84-f525-40ab-985c-0f0b549c1a37, node_id=0
[2026-09-20 09:52:31,838][navsim.planning.script.run_pdm_score][INFO] - Processing stage two reactive scenario 118 / 204 in thread_id=346a9f84-f525-40ab-985c-0f0b549c1a37, node_id=0
[2026-09-20 09:52:32,458][navsim.planning.script.run_pdm_score][INFO] - Processing stage two reactive scenario 119 / 204 in thread_id=346a9f84-f525-40ab-985c-0f0b549c1a37, node_id=0
[2026-09-20 09:52:32,515][navsim.planning.script.run_pdm_score][INFO] - Processing stage two reactive scenario 120 / 204 in thread_id=346a9f84-f525-40ab-985c-0f0b549c1a37, node_id=0
[2026-09-20 09:52:33,099][navsim.planning.script.run_pdm_score][INFO] - Processing stage two reactive scenario 121 / 204 in thread_id=346a9f84-f525-40ab-985c-0f0b549c1a37, node_id=0
[2026-09-20 09:52:33,957][navsim.planning.script.run_pdm_score][INFO] - Processing stage two reactive scenario 122 / 204 in thread_id=346a9f84-f525-40ab-985c-0f0b549c1a37, node_id=0
[2026-09-20 09:52:34,559][navsim.planning.script.run_pdm_score][INFO] - Processing stage two reactive scenario 123 / 204 in thread_id=346a9f84-f525-40ab-985c-0f0b549c1a37, node_id=0
[2026-09-20 09:52:34,616][navsim.planning.script.run_pdm_score][INFO] - Processing stage two reactive scenario 124 / 204 in thread_id=346a9f84-f525-40ab-985c-0f0b549c1a37, node_id=0
[2026-09-20 09:52:34,667][navsim.planning.script.run_pdm_score][INFO] - Processing stage two reactive scenario 125 / 204 in thread_id=346a9f84-f525-40ab-985c-0f0b549c1a37, node_id=0
[2026-09-20 09:52:35,162][navsim.planning.script.run_pdm_score][INFO] - Processing stage two reactive scenario 126 / 204 in thread_id=346a9f84-f525-40ab-985c-0f0b549c1a37, node_id=0
[2026-09-20 09:52:35,764][navsim.planning.script.run_pdm_score][INFO] - Processing stage two reactive scenario 127 / 204 in thread_id=346a9f84-f525-40ab-985c-0f0b549c1a37, node_id=0
[2026-09-20 09:52:36,702][navsim.planning.script.run_pdm_score][INFO] - Processing stage two reactive scenario 128 / 204 in thread_id=346a9f84-f525-40ab-985c-0f0b549c1a37, node_id=0
[2026-09-20 09:52:36,851][navsim.planning.script.run_pdm_score][INFO] - Processing stage two reactive scenario 129 / 204 in thread_id=346a9f84-f525-40ab-985c-0f0b549c1a37, node_id=0
[2026-09-20 09:52:37,702][navsim.planning.script.run_pdm_score][INFO] - Processing stage two reactive scenario 130 / 204 in thread_id=346a9f84-f525-40ab-985c-0f0b549c1a37, node_id=0
[2026-09-20 09:52:38,620][navsim.planning.script.run_pdm_score][INFO] - Processing stage two reactive scenario 131 / 204 in thread_id=346a9f84-f525-40ab-985c-0f0b549c1a37, node_id=0
[2026-09-20 09:52:39,557][navsim.planning.script.run_pdm_score][INFO] - Processing stage two reactive scenario 132 / 204 in thread_id=346a9f84-f525-40ab-985c-0f0b549c1a37, node_id=0
[2026-09-20 09:52:40,393][navsim.planning.script.run_pdm_score][INFO] - Processing stage two reactive scenario 133 / 204 in thread_id=346a9f84-f525-40ab-985c-0f0b549c1a37, node_id=0
[2026-09-20 09:52:41,359][navsim.planning.script.run_pdm_score][INFO] - Processing stage two reactive scenario 134 / 204 in thread_id=346a9f84-f525-40ab-985c-0f0b549c1a37, node_id=0
[2026-09-20 09:52:42,228][navsim.planning.script.run_pdm_score][INFO] - Processing stage two reactive scenario 135 / 204 in thread_id=346a9f84-f525-40ab-985c-0f0b549c1a37, node_id=0
[2026-09-20 09:52:42,374][navsim.planning.script.run_pdm_score][INFO] - Processing stage two reactive scenario 136 / 204 in thread_id=346a9f84-f525-40ab-985c-0f0b549c1a37, node_id=0
[2026-09-20 09:52:42,440][navsim.planning.script.run_pdm_score][INFO] - Processing stage two reactive scenario 137 / 204 in thread_id=346a9f84-f525-40ab-985c-0f0b549c1a37, node_id=0
[2026-09-20 09:52:43,342][navsim.planning.script.run_pdm_score][INFO] - Processing stage two reactive scenario 138 / 204 in thread_id=346a9f84-f525-40ab-985c-0f0b549c1a37, node_id=0
[2026-09-20 09:52:44,175][navsim.planning.script.run_pdm_score][INFO] - Processing stage two reactive scenario 139 / 204 in thread_id=346a9f84-f525-40ab-985c-0f0b549c1a37, node_id=0
[2026-09-20 09:52:45,092][navsim.planning.script.run_pdm_score][INFO] - Processing stage two reactive scenario 140 / 204 in thread_id=346a9f84-f525-40ab-985c-0f0b549c1a37, node_id=0
[2026-09-20 09:52:45,806][navsim.planning.script.run_pdm_score][INFO] - Processing stage two reactive scenario 141 / 204 in thread_id=346a9f84-f525-40ab-985c-0f0b549c1a37, node_id=0
[2026-09-20 09:52:46,677][navsim.planning.script.run_pdm_score][INFO] - Processing stage two reactive scenario 142 / 204 in thread_id=346a9f84-f525-40ab-985c-0f0b549c1a37, node_id=0
[2026-09-20 09:52:47,183][navsim.planning.script.run_pdm_score][INFO] - Processing stage two reactive scenario 143 / 204 in thread_id=346a9f84-f525-40ab-985c-0f0b549c1a37, node_id=0
[2026-09-20 09:52:47,335][navsim.planning.script.run_pdm_score][INFO] - Processing stage two reactive scenario 144 / 204 in thread_id=346a9f84-f525-40ab-985c-0f0b549c1a37, node_id=0
[2026-09-20 09:52:47,961][navsim.planning.script.run_pdm_score][INFO] - Processing stage two reactive scenario 145 / 204 in thread_id=346a9f84-f525-40ab-985c-0f0b549c1a37, node_id=0
[2026-09-20 09:52:48,838][navsim.planning.script.run_pdm_score][INFO] - Processing stage two reactive scenario 146 / 204 in thread_id=346a9f84-f525-40ab-985c-0f0b549c1a37, node_id=0
[2026-09-20 09:52:49,463][navsim.planning.script.run_pdm_score][INFO] - Processing stage two reactive scenario 147 / 204 in thread_id=346a9f84-f525-40ab-985c-0f0b549c1a37, node_id=0
[2026-09-20 09:52:50,072][navsim.planning.script.run_pdm_score][INFO] - Processing stage two reactive scenario 148 / 204 in thread_id=346a9f84-f525-40ab-985c-0f0b549c1a37, node_id=0
[2026-09-20 09:52:50,227][navsim.planning.script.run_pdm_score][INFO] - Processing stage two reactive scenario 149 / 204 in thread_id=346a9f84-f525-40ab-985c-0f0b549c1a37, node_id=0
[2026-09-20 09:52:51,058][navsim.planning.script.run_pdm_score][INFO] - Processing stage two reactive scenario 150 / 204 in thread_id=346a9f84-f525-40ab-985c-0f0b549c1a37, node_id=0
[2026-09-20 09:52:51,196][navsim.planning.script.run_pdm_score][INFO] - Processing stage two reactive scenario 151 / 204 in thread_id=346a9f84-f525-40ab-985c-0f0b549c1a37, node_id=0
[2026-09-20 09:52:51,781][navsim.planning.script.run_pdm_score][INFO] - Processing stage two reactive scenario 152 / 204 in thread_id=346a9f84-f525-40ab-985c-0f0b549c1a37, node_id=0
[2026-09-20 09:52:51,919][navsim.planning.script.run_pdm_score][INFO] - Processing stage two reactive scenario 153 / 204 in thread_id=346a9f84-f525-40ab-985c-0f0b549c1a37, node_id=0
[2026-09-20 09:52:52,431][navsim.planning.script.run_pdm_score][INFO] - Processing stage two reactive scenario 154 / 204 in thread_id=346a9f84-f525-40ab-985c-0f0b549c1a37, node_id=0
[2026-09-20 09:52:52,982][navsim.planning.script.run_pdm_score][INFO] - Processing stage two reactive scenario 155 / 204 in thread_id=346a9f84-f525-40ab-985c-0f0b549c1a37, node_id=0
[2026-09-20 09:52:53,132][navsim.planning.script.run_pdm_score][INFO] - Processing stage two reactive scenario 156 / 204 in thread_id=346a9f84-f525-40ab-985c-0f0b549c1a37, node_id=0
[2026-09-20 09:52:53,292][navsim.planning.script.run_pdm_score][INFO] - Processing stage two reactive scenario 157 / 204 in thread_id=346a9f84-f525-40ab-985c-0f0b549c1a37, node_id=0
[2026-09-20 09:52:54,149][navsim.planning.script.run_pdm_score][INFO] - Processing stage two reactive scenario 158 / 204 in thread_id=346a9f84-f525-40ab-985c-0f0b549c1a37, node_id=0
[2026-09-20 09:52:54,311][navsim.planning.script.run_pdm_score][INFO] - Processing stage two reactive scenario 159 / 204 in thread_id=346a9f84-f525-40ab-985c-0f0b549c1a37, node_id=0
[2026-09-20 09:52:54,884][navsim.planning.script.run_pdm_score][INFO] - Processing stage two reactive scenario 160 / 204 in thread_id=346a9f84-f525-40ab-985c-0f0b549c1a37, node_id=0
[2026-09-20 09:52:55,585][navsim.planning.script.run_pdm_score][INFO] - Processing stage two reactive scenario 161 / 204 in thread_id=346a9f84-f525-40ab-985c-0f0b549c1a37, node_id=0
[2026-09-20 09:52:55,651][navsim.planning.script.run_pdm_score][INFO] - Processing stage two reactive scenario 162 / 204 in thread_id=346a9f84-f525-40ab-985c-0f0b549c1a37, node_id=0
[2026-09-20 09:52:55,718][navsim.planning.script.run_pdm_score][INFO] - Processing stage two reactive scenario 163 / 204 in thread_id=346a9f84-f525-40ab-985c-0f0b549c1a37, node_id=0
[2026-09-20 09:52:56,340][navsim.planning.script.run_pdm_score][INFO] - Processing stage two reactive scenario 164 / 204 in thread_id=346a9f84-f525-40ab-985c-0f0b549c1a37, node_id=0
[2026-09-20 09:52:57,194][navsim.planning.script.run_pdm_score][INFO] - Processing stage two reactive scenario 165 / 204 in thread_id=346a9f84-f525-40ab-985c-0f0b549c1a37, node_id=0
[2026-09-20 09:52:57,836][navsim.planning.script.run_pdm_score][INFO] - Processing stage two reactive scenario 166 / 204 in thread_id=346a9f84-f525-40ab-985c-0f0b549c1a37, node_id=0
[2026-09-20 09:52:58,419][navsim.planning.script.run_pdm_score][INFO] - Processing stage two reactive scenario 167 / 204 in thread_id=346a9f84-f525-40ab-985c-0f0b549c1a37, node_id=0
[2026-09-20 09:52:59,388][navsim.planning.script.run_pdm_score][INFO] - Processing stage two reactive scenario 168 / 204 in thread_id=346a9f84-f525-40ab-985c-0f0b549c1a37, node_id=0
[2026-09-20 09:53:00,235][navsim.planning.script.run_pdm_score][INFO] - Processing stage two reactive scenario 169 / 204 in thread_id=346a9f84-f525-40ab-985c-0f0b549c1a37, node_id=0
[2026-09-20 09:53:00,372][navsim.planning.script.run_pdm_score][INFO] - Processing stage two reactive scenario 170 / 204 in thread_id=346a9f84-f525-40ab-985c-0f0b549c1a37, node_id=0
[2026-09-20 09:53:01,172][navsim.planning.script.run_pdm_score][INFO] - Processing stage two reactive scenario 171 / 204 in thread_id=346a9f84-f525-40ab-985c-0f0b549c1a37, node_id=0
[2026-09-20 09:53:01,765][navsim.planning.script.run_pdm_score][INFO] - Processing stage two reactive scenario 172 / 204 in thread_id=346a9f84-f525-40ab-985c-0f0b549c1a37, node_id=0
[2026-09-20 09:53:01,906][navsim.planning.script.run_pdm_score][INFO] - Processing stage two reactive scenario 173 / 204 in thread_id=346a9f84-f525-40ab-985c-0f0b549c1a37, node_id=0
[2026-09-20 09:53:02,757][navsim.planning.script.run_pdm_score][INFO] - Processing stage two reactive scenario 174 / 204 in thread_id=346a9f84-f525-40ab-985c-0f0b549c1a37, node_id=0
[2026-09-20 09:53:02,832][navsim.planning.script.run_pdm_score][INFO] - Processing stage two reactive scenario 175 / 204 in thread_id=346a9f84-f525-40ab-985c-0f0b549c1a37, node_id=0
[2026-09-20 09:53:02,890][navsim.planning.script.run_pdm_score][INFO] - Processing stage two reactive scenario 176 / 204 in thread_id=346a9f84-f525-40ab-985c-0f0b549c1a37, node_id=0
[2026-09-20 09:53:03,574][navsim.planning.script.run_pdm_score][INFO] - Processing stage two reactive scenario 177 / 204 in thread_id=346a9f84-f525-40ab-985c-0f0b549c1a37, node_id=0
[2026-09-20 09:53:04,474][navsim.planning.script.run_pdm_score][INFO] - Processing stage two reactive scenario 178 / 204 in thread_id=346a9f84-f525-40ab-985c-0f0b549c1a37, node_id=0
[2026-09-20 09:53:04,951][navsim.planning.script.run_pdm_score][INFO] - Processing stage two reactive scenario 179 / 204 in thread_id=346a9f84-f525-40ab-985c-0f0b549c1a37, node_id=0
[2026-09-20 09:53:05,924][navsim.planning.script.run_pdm_score][INFO] - Processing stage two reactive scenario 180 / 204 in thread_id=346a9f84-f525-40ab-985c-0f0b549c1a37, node_id=0
[2026-09-20 09:53:06,062][navsim.planning.script.run_pdm_score][INFO] - Processing stage two reactive scenario 181 / 204 in thread_id=346a9f84-f525-40ab-985c-0f0b549c1a37, node_id=0
[2026-09-20 09:53:06,894][navsim.planning.script.run_pdm_score][INFO] - Processing stage two reactive scenario 182 / 204 in thread_id=346a9f84-f525-40ab-985c-0f0b549c1a37, node_id=0
[2026-09-20 09:53:06,960][navsim.planning.script.run_pdm_score][INFO] - Processing stage two reactive scenario 183 / 204 in thread_id=346a9f84-f525-40ab-985c-0f0b549c1a37, node_id=0
[2026-09-20 09:53:07,020][navsim.planning.script.run_pdm_score][INFO] - Processing stage two reactive scenario 184 / 204 in thread_id=346a9f84-f525-40ab-985c-0f0b549c1a37, node_id=0
[2026-09-20 09:53:07,928][navsim.planning.script.run_pdm_score][INFO] - Processing stage two reactive scenario 185 / 204 in thread_id=346a9f84-f525-40ab-985c-0f0b549c1a37, node_id=0
[2026-09-20 09:53:08,003][navsim.planning.script.run_pdm_score][INFO] - Processing stage two reactive scenario 186 / 204 in thread_id=346a9f84-f525-40ab-985c-0f0b549c1a37, node_id=0
[2026-09-20 09:53:08,061][navsim.planning.script.run_pdm_score][INFO] - Processing stage two reactive scenario 187 / 204 in thread_id=346a9f84-f525-40ab-985c-0f0b549c1a37, node_id=0
[2026-09-20 09:53:08,691][navsim.planning.script.run_pdm_score][INFO] - Processing stage two reactive scenario 188 / 204 in thread_id=346a9f84-f525-40ab-985c-0f0b549c1a37, node_id=0
[2026-09-20 09:53:09,148][navsim.planning.script.run_pdm_score][INFO] - Processing stage two reactive scenario 189 / 204 in thread_id=346a9f84-f525-40ab-985c-0f0b549c1a37, node_id=0
[2026-09-20 09:53:10,151][navsim.planning.script.run_pdm_score][INFO] - Processing stage two reactive scenario 190 / 204 in thread_id=346a9f84-f525-40ab-985c-0f0b549c1a37, node_id=0
[2026-09-20 09:53:10,919][navsim.planning.script.run_pdm_score][INFO] - Processing stage two reactive scenario 191 / 204 in thread_id=346a9f84-f525-40ab-985c-0f0b549c1a37, node_id=0
[2026-09-20 09:53:11,739][navsim.planning.script.run_pdm_score][INFO] - Processing stage two reactive scenario 192 / 204 in thread_id=346a9f84-f525-40ab-985c-0f0b549c1a37, node_id=0
[2026-09-20 09:53:12,748][navsim.planning.script.run_pdm_score][INFO] - Processing stage two reactive scenario 193 / 204 in thread_id=346a9f84-f525-40ab-985c-0f0b549c1a37, node_id=0
[2026-09-20 09:53:13,258][navsim.planning.script.run_pdm_score][INFO] - Processing stage two reactive scenario 194 / 204 in thread_id=346a9f84-f525-40ab-985c-0f0b549c1a37, node_id=0
[2026-09-20 09:53:14,066][navsim.planning.script.run_pdm_score][INFO] - Processing stage two reactive scenario 195 / 204 in thread_id=346a9f84-f525-40ab-985c-0f0b549c1a37, node_id=0
[2026-09-20 09:53:15,050][navsim.planning.script.run_pdm_score][INFO] - Processing stage two reactive scenario 196 / 204 in thread_id=346a9f84-f525-40ab-985c-0f0b549c1a37, node_id=0
[2026-09-20 09:53:15,904][navsim.planning.script.run_pdm_score][INFO] - Processing stage two reactive scenario 197 / 204 in thread_id=346a9f84-f525-40ab-985c-0f0b549c1a37, node_id=0
[2026-09-20 09:53:16,702][navsim.planning.script.run_pdm_score][INFO] - Processing stage two reactive scenario 198 / 204 in thread_id=346a9f84-f525-40ab-985c-0f0b549c1a37, node_id=0
[2026-09-20 09:53:17,278][navsim.planning.script.run_pdm_score][INFO] - Processing stage two reactive scenario 199 / 204 in thread_id=346a9f84-f525-40ab-985c-0f0b549c1a37, node_id=0
[2026-09-20 09:53:18,153][navsim.planning.script.run_pdm_score][INFO] - Processing stage two reactive scenario 200 / 204 in thread_id=346a9f84-f525-40ab-985c-0f0b549c1a37, node_id=0
[2026-09-20 09:53:18,321][navsim.planning.script.run_pdm_score][INFO] - Processing stage two reactive scenario 201 / 204 in thread_id=346a9f84-f525-40ab-985c-0f0b549c1a37, node_id=0
[2026-09-20 09:53:18,373][navsim.planning.script.run_pdm_score][INFO] - Processing stage two reactive scenario 202 / 204 in thread_id=346a9f84-f525-40ab-985c-0f0b549c1a37, node_id=0
[2026-09-20 09:53:19,314][navsim.planning.script.run_pdm_score][INFO] - Processing stage two reactive scenario 203 / 204 in thread_id=346a9f84-f525-40ab-985c-0f0b549c1a37, node_id=0
[2026-09-20 09:53:20,139][navsim.planning.script.run_pdm_score][INFO] - Processing stage two reactive scenario 204 / 204 in thread_id=346a9f84-f525-40ab-985c-0f0b549c1a37, node_id=0
[2026-09-20 09:53:22,010][navsim.planning.script.run_pdm_score][INFO] - 
        Finished running evaluation.
            Number of successful scenarios: 220.
            Number of failed scenarios: 0.
            Final extended pdm score of valid results: 0.1853562745165113.
            Results are stored in: C:\Users\Admin\navsim-crun\exp\tanitad_bench\runs\20260920T075055Z-navsim_v2-none-8fde2f\CV\2026.09.20.09.53.22.csv.
        
