[sam3_backfill/] 115 records + 1 run manifests
[sam3_backfill/] 25/115 read
[sam3_backfill/] 50/115 read
[sam3_backfill/] 75/115 read
[sam3_backfill/] 100/115 read
[sam3_backfill_v2/] 115 records + 1 run manifests
[sam3_backfill_v2/] 25/115 read
[sam3_backfill_v2/] 50/115 read
[sam3_backfill_v2/] 75/115 read
[sam3_backfill_v2/] 100/115 read
wrote sam3_completion_audit.json

===== sam3_backfill/
  records          115  coverage 115/115
  n_det_total      2496  scene 0
  errors (payload) 1295  kinds 1
  liveness         {'control_present': 83, 'control_absent': 32, 'live': 83, 'dead': 0, 'partial_one_control_occluded': 2}
  stored-flag residue 0  disagreeing 0
  COMPLETE         83/115   INCOMPLETE 32
  reasons          {'P4_errors': 32, 'P2_no_control': 32}

===== sam3_backfill_v2/
  records          115  coverage 115/115
  n_det_total      9505  scene 23116
  errors (payload) 0  kinds 0
  liveness         {'control_present': 115, 'control_absent': 0, 'live': 115, 'dead': 0, 'partial_one_control_occluded': 1}
  stored-flag residue 0  disagreeing 0
  COMPLETE         115/115   INCOMPLETE 0
  reasons          {}
