{
 "n_pairs_lt6": 406336,
 "threshold_table": {
  "0.001": {
   "pairs": 50,
   "windows_with_match": 45,
   "pct_of_informative_windows": 1.09,
   "eval_windows_with_match_to_train_log": 2,
   "train_windows_with_match_to_eval_log": 1
  },
  "0.01": {
   "pairs": 120,
   "windows_with_match": 101,
   "pct_of_informative_windows": 2.45,
   "eval_windows_with_match_to_train_log": 2,
   "train_windows_with_match_to_eval_log": 1
  },
  "0.03": {
   "pairs": 159,
   "windows_with_match": 134,
   "pct_of_informative_windows": 3.25,
   "eval_windows_with_match_to_train_log": 3,
   "train_windows_with_match_to_eval_log": 2
  },
  "0.1": {
   "pairs": 185,
   "windows_with_match": 156,
   "pct_of_informative_windows": 3.78,
   "eval_windows_with_match_to_train_log": 4,
   "train_windows_with_match_to_eval_log": 2
  },
  "0.3": {
   "pairs": 441,
   "windows_with_match": 241,
   "pct_of_informative_windows": 5.84,
   "eval_windows_with_match_to_train_log": 7,
   "train_windows_with_match_to_eval_log": 7
  },
  "1.0": {
   "pairs": 6991,
   "windows_with_match": 864,
   "pct_of_informative_windows": 20.94,
   "eval_windows_with_match_to_train_log": 23,
   "train_windows_with_match_to_eval_log": 136
  },
  "2.0": {
   "pairs": 42076,
   "windows_with_match": 1607,
   "pct_of_informative_windows": 38.95,
   "eval_windows_with_match_to_train_log": 51,
   "train_windows_with_match_to_eval_log": 584
  },
  "4.0": {
   "pairs": 193909,
   "windows_with_match": 2441,
   "pct_of_informative_windows": 59.16,
   "eval_windows_with_match_to_train_log": 79,
   "train_windows_with_match_to_eval_log": 1371
  }
 },
 "hist_log10_best_score": {
  "edges": [
   -9.0,
   -8.5,
   -8.0,
   -7.5,
   -7.0,
   -6.5,
   -6.0,
   -5.5,
   -5.0,
   -4.5,
   -4.0,
   -3.5,
   -3.0,
   -2.5,
   -2.0,
   -1.5,
   -1.0,
   -0.5,
   0.0,
   0.5,
   1.0
  ],
  "counts": [
   0,
   0,
   1,
   0,
   0,
   0,
   0,
   0,
   3,
   9,
   14,
   18,
   22,
   34,
   33,
   22,
   92,
   616,
   1295,
   812
  ],
  "n_inf_best": 1155
 },
 "path_shape_check": {
  "n_pairs_checked": 850,
  "resid_rms_m_by_score_band": {
   "0-0.01": {
    "n": 113,
    "median": 0.017932035451591697,
    "p90": 0.08694729216115382,
    "frac_lt_1m": 1.0
   },
   "0.01-0.1": {
    "n": 61,
    "median": 0.06415198184151752,
    "p90": 0.20256305415136658,
    "frac_lt_1m": 1.0
   },
   "0.1-0.3": {
    "n": 82,
    "median": 0.4201589987823007,
    "p90": 1.853310657278592,
    "frac_lt_1m": 0.8170731707317073
   },
   "0.3-1.0": {
    "n": 594,
    "median": 0.9112777659898719,
    "p90": 2.838744112286826,
    "frac_lt_1m": 0.5606060606060606
   }
  },
  "CONTROL_same_pair_tau_plus_5s": {
   "median": 6.330515040838442,
   "frac_lt_1m": 0.001176470588235294
  },
  "CONTROL_random_pair": {
   "n": 379,
   "median": 44.985998398894694,
   "frac_lt_1m": 0.0
  }
 },
 "components": {
  "thr_exact": 0.1,
  "n_pairs_used": 185,
  "n_components_all": 4347,
  "n_multi_clip_components": 135,
  "size_hist": {
   "1": 4212,
   "2": 117,
   "3": 12,
   "4": 4,
   "5": 2
  },
  "largest": 5,
  "n_components_with_train_and_eval": 5,
  "clips_in_multi_clip_components": 296,
  "train_clips_in_multi": 291,
  "eval_clips_in_multi": 5,
  "eval_clips_sharing_recording_with_a_train_clip": 5,
  "train_clips_sharing_recording_with_an_eval_clip": 6
 },
 "tau_distribution_s": {
  "n": 185,
  "tau_lt_0.5": 3,
  "0.5_20": 19,
  "20.2_40": 50,
  "40_80": 70,
  "80_plus": 43
 },
 "eval_train_links": {
  "n_eval_clips_linked": 5,
  "of_eval": 139,
  "min_gap_s_bands": {
   "overlapping_time (gap<0)": 0,
   "0-5 s": 1,
   "5-30 s": 1,
   "30-60 s": 2,
   "60+ s": 1
  },
  "eval_clips_sha12_first": [
   "7f6670448ef6",
   "547d1d68c1bd",
   "dd55afb71c3d",
   "3c1ab43d104a",
   "8323b0dfdd3b"
  ]
 },
 "eval_testable": {
  "n_eval": 139,
  "n_eval_informative": 120
 },
 "image_check_tau_lt_19s": {
  "n_pairs": 13,
  "ncc_matched_median": 0.6569566130638123,
  "ncc_matched_min": -0.02779528498649597,
  "ncc_null_random_frame_median": 0.4806053042411804,
  "ncc_null_max": 0.6400184631347656,
  "frac_matched_gt_null_max": 0.5384615384615384
 }
}
elapsed 7.9
