0 4369 0.7
50 4369 2.8
100 4369 5.1
150 4369 7.2
200 4369 9.5
250 4369 11.8
300 4369 14.1
350 4369 16.2
400 4369 18.6
450 4369 20.8
500 4369 23.1
550 4369 25.4
600 4369 27.8
650 4369 30.1
700 4369 32.4
750 4369 34.6
800 4369 36.9
850 4369 39.2
900 4369 41.4
950 4369 43.7
1000 4369 46.0
1050 4369 48.3
1100 4369 50.4
1150 4369 52.7
1200 4369 55.0
1250 4369 57.3
1300 4369 59.6
1350 4369 62.0
1400 4369 64.2
1450 4369 66.5
1500 4369 68.8
1550 4369 71.1
1600 4369 73.4
1650 4369 75.6
1700 4369 78.0
1750 4369 80.3
1800 4369 82.5
1850 4369 84.7
1900 4369 87.1
1950 4369 89.4
2000 4369 91.7
2050 4369 93.9
2100 4369 96.2
2150 4369 98.5
2200 4369 100.9
2250 4369 103.1
2300 4369 105.5
2350 4369 107.7
2400 4369 110.0
2450 4369 112.3
2500 4369 114.7
2550 4369 117.0
2600 4369 119.4
2650 4369 121.7
2700 4369 124.0
2750 4369 126.1
2800 4369 128.4
2850 4369 130.9
2900 4369 133.0
2950 4369 135.3
3000 4369 137.5
3050 4369 139.7
3100 4369 142.1
3150 4369 144.4
3200 4369 146.6
3250 4369 149.0
3300 4369 151.3
3350 4369 153.5
3400 4369 155.9
3450 4369 158.2
3500 4369 160.5
3550 4369 162.8
3600 4369 165.1
3650 4369 167.4
3700 4369 169.5
3750 4369 171.8
3800 4369 174.1
3850 4369 176.4
3900 4369 178.7
3950 4369 181.0
4000 4369 183.2
4050 4369 185.5
4100 4369 187.8
4150 4369 190.1
4200 4369 192.4
4250 4369 194.7
4300 4369 196.9
4350 4369 199.3
{
 "gt_dir": "/home/nvidia/data/sam3_gt_v3",
 "n_gt_files": 4506,
 "n_selected": 4369,
 "n_read_ok": 4369,
 "n_unreadable": 0,
 "unreadable_sha12": [],
 "cache_clips_without_gt_file": [],
 "n_cache_clips_without_gt_file": 0,
 "gt_files_not_in_cache": 137,
 "K3_synthetic_all_unseen_is_empty": true,
 "every": 10,
 "path_pooled": {
  "scored_pts": 2981595,
  "strict_frac": 0.9688210504780159,
  "roadlike_frac": 0.9992212221981859,
  "contra_frac": 0.00012879012743179406,
  "unseen_frac": 4.360082439097195e-06,
  "noclass_frac": 0.0006456275919432384,
  "K2_mutated_6m_roadlike_frac": 0.4402568742729926
 },
 "path_per_clip_roadlike": {
  "n_scored": 4349,
  "n_with_too_few_pts": 20,
  "q01": 0.9780078046425554,
  "q05": 1.0,
  "q25": 1.0,
  "q50": 1.0,
  "q75": 1.0,
  "n_lt_0.5": 0,
  "n_lt_0.8": 3,
  "n_lt_0.9": 9,
  "worst10_sha12": [
   "d2a8b3c54f04",
   "cbae3039d2bc",
   "3e6bb6e60ef6",
   "8cc95eee98c4",
   "6c41e91559e9",
   "b76fce22265d",
   "2b8feefbdddb",
   "e5e1fd5f42cc",
   "fc0d7fb99f86",
   "f59b0c016519"
  ],
  "worst10_val": [
   0.547,
   0.682,
   0.705,
   0.829,
   0.829,
   0.843,
   0.853,
   0.867,
   0.892,
   0.903
  ]
 },
 "path_per_clip_strict": {
  "q01": 0.6588549183102607,
  "q05": 0.8576463963963964,
  "q25": 0.9611528822055138,
  "q50": 0.9939467312348669,
  "q75": 1.0
 },
 "windows": {
  "n_scored": 68348,
  "pct_roadlike_lt_0.5": 0.045356118686720896,
  "pct_roadlike_lt_0.8": 0.1536255632937321
 },
 "K1_alignment": {
  "n_moving_testable": 4296,
  "hist_best_k": {
   "0": 2,
   "1": 576,
   "2": 3458,
   "3": 159,
   "4": 101
  },
  "n_clear_not_k2": 12,
  "n_not_testable": 73
 },
 "img_vs_pose_time": {
  "mean_s_over_clips": 0.016499593558359307,
  "max_s_overall": 0.0354255,
  "min_s_overall": 0.0,
  "implied_mean_longitudinal_offset_m": 0.17459280310800995,
  "implied_p95_clip_max_offset_m": 0.8856627449901314
 },
 "coverage": {
  "seen_frac_mean_q": {
   "q05": 0.4378707711442786,
   "q50": 0.7638416252072968,
   "q95": 0.8975521144278606
  },
  "corridor_seen_frac_q": {
   "q01": 0.695991604477612,
   "q05": 0.7826337064676617,
   "q50": 0.9511582711442786,
   "q95": 0.9683151922548063
  },
  "n_corridor_seen_lt_0.2": 0,
  "n_empty_gt": 0,
  "empty_gt_sha12": [],
  "frames_all_unseen_total": 0,
  "frames_total": 878016
 },
 "thin_classes": {
  "pct_frames_with_lane_line": 73.64865788322764,
  "pct_frames_with_nondrivable_edge": 83.92956392594212,
  "pct_frames_with_drivable": 99.99202748013704,
  "n_clips_lane_line_in_lt_10pct_frames": 687,
  "n_clips_no_lane_line_at_all": 585,
  "n_clips_no_edge_at_all": 115,
  "class_cell_share_pct_of_seen": {
   "0": 45.082,
   "1": 21.13,
   "2": 0.924,
   "3": 0.331,
   "4": 0.035,
   "5": 0.356,
   "6": 0.046,
   "7": 32.095
  }
 },
 "elapsed_s": 200.3
}
