CONTROLS {'zero_is_black': True, 'white_is_over': True, 'gradient_mean_expected_127.5': 127.002, 'identical_pair_maxdiff_expected_0': 0, 'plus1_pair_MAD_expected_1': 1.0, 'strip32_expected_32': 32, 'ALL_OK': True}
0 439 4.0
20 439 19.9
40 439 36.1
60 439 52.4
80 439 68.9
100 439 85.4
120 439 101.8
140 439 117.9
160 439 134.7
180 439 151.6
200 439 168.5
220 439 184.9
240 439 201.4
260 439 218.0
280 439 234.4
300 439 250.7
320 439 266.7
340 439 283.4
360 439 299.3
380 439 316.0
400 439 332.6
420 439 348.7
{
 "controls": {
  "zero_is_black": true,
  "white_is_over": true,
  "gradient_mean_expected_127.5": 127.002,
  "identical_pair_maxdiff_expected_0": 0,
  "plus1_pair_MAD_expected_1": 1.0,
  "strip32_expected_32": 32,
  "ALL_OK": true
 },
 "n_jobs": 439,
 "elapsed_s": 365.4,
 "thresholds_literal": {
  "black_mean_lt": 5.0,
  "black_p99_lt": 20.0,
  "over_mean_gt": 235.0,
  "over_frac_sat_gt": 0.5,
  "nearfrozen_mad_lt": 0.3,
  "moving_v_gt": 3.0
 },
 "train": {
  "n_clips": 300,
  "n_decoded_ok": 300,
  "n_unreadable": 0,
  "unreadable_examples": [],
  "codec_values": [
   "png"
  ],
  "n_frames_decoded": 60282,
  "black": {
   "frames": 0,
   "clips": 0,
   "examples_sha12": []
  },
  "over_exposed": {
   "frames": 0,
   "clips": 0,
   "examples_sha12": []
  },
  "frozen_identical": {
   "frames": 0,
   "clips": 0,
   "examples_sha12": []
  },
  "near_frozen_while_moving": {
   "frames": 0,
   "clips": 0,
   "examples_sha12": []
  },
  "moving_pairs_tested": 50465,
  "bottom_strip_rows_hist": {
   "0": 120,
   "27": 18,
   "28": 32,
   "29": 5,
   "30": 23,
   "31": 57,
   "32": 4,
   "33": 20,
   "34": 6,
   "35": 10,
   "36": 3,
   "37": 2
  },
  "n_strip_gt_43": 0,
  "n_strip_0": 120,
  "strip_inconsistent_within_clip": 14,
  "mean_luma_by_label": {
   "day": {
    "n": 170,
    "q": [
     12.6,
     56.0,
     74.8,
     92.3,
     97.4
    ]
   },
   "night": {
    "n": 130,
    "q": [
     9.7,
     18.6,
     64.9,
     88.6,
     95.4
    ]
   }
  },
  "day_clips_mean_lt_15": 1,
  "night_clips_mean_gt_100": 0
 },
 "eval": {
  "n_clips": 139,
  "n_decoded_ok": 139,
  "n_unreadable": 0,
  "unreadable_examples": [],
  "codec_values": [
   "png"
  ],
  "n_frames_decoded": 27942,
  "black": {
   "frames": 0,
   "clips": 0,
   "examples_sha12": []
  },
  "over_exposed": {
   "frames": 0,
   "clips": 0,
   "examples_sha12": []
  },
  "frozen_identical": {
   "frames": 0,
   "clips": 0,
   "examples_sha12": []
  },
  "near_frozen_while_moving": {
   "frames": 0,
   "clips": 0,
   "examples_sha12": []
  },
  "moving_pairs_tested": 23982,
  "bottom_strip_rows_hist": {
   "0": 65,
   "27": 5,
   "28": 5,
   "29": 1,
   "30": 17,
   "31": 22,
   "32": 4,
   "33": 10,
   "34": 7,
   "35": 2,
   "37": 1
  },
  "n_strip_gt_43": 0,
  "n_strip_0": 65,
  "strip_inconsistent_within_clip": 5,
  "mean_luma_by_label": {
   "day": {
    "n": 75,
    "q": [
     22.2,
     57.0,
     81.6,
     93.9,
     100.4
    ]
   },
   "night": {
    "n": 64,
    "q": [
     8.1,
     19.9,
     62.9,
     80.2,
     89.1
    ]
   }
  },
  "day_clips_mean_lt_15": 0,
  "night_clips_mean_gt_100": 0
 }
}
