[parity] val physicalai-val-0c5f7dac3b11: physicalai-val-0c5f7dac3b11 count OK (600/600) — NO uid digest committed for this split, so this is a COUNT-ONLY check. Upgrade it once on a pod: scripts/make_parity_manifest.py --record --split val --cache-dir <verified cache>
[parity] val physicalai-val-0c5f7dac3b11: physicalai-val-0c5f7dac3b11 val OK — 600 episodes (full build (the epcache split dir on the training pods)), COUNT-ONLY (manifest carries no uid digest).
[prep] 600 episodes; encoding all frames once (this is what makes the full-obs arm free)
  [encode] episode 0/600 (1s)
  [encode] episode 50/600 (58s)
  [encode] episode 100/600 (134s)
  [encode] episode 150/600 (207s)
  [encode] episode 200/600 (278s)
  [encode] episode 250/600 (350s)
  [encode] episode 300/600 (423s)
  [encode] episode 350/600 (496s)
  [encode] episode 400/600 (567s)
  [encode] episode 450/600 (640s)
  [encode] episode 500/600 (717s)
  [encode] episode 550/600 (794s)
[prep] encoding done in 868s
[blindimag] windows: episode 0/600 (1 so far)
[blindimag] windows: episode 50/600 (52 so far)
[blindimag] windows: episode 100/600 (101 so far)
[blindimag] windows: episode 150/600 (152 so far)
[blindimag] windows: episode 200/600 (202 so far)
[blindimag] windows: episode 250/600 (252 so far)
[blindimag] windows: episode 300/600 (303 so far)
[blindimag] windows: episode 350/600 (353 so far)
[blindimag] windows: episode 400/600 (400 so far)
[blindimag] windows: episode 450/600 (450 so far)
[blindimag] windows: episode 500/600 (500 so far)
[blindimag] windows: episode 550/600 (550 so far)
[prep] 599 windows at K=185
  [rollout] batch 1/19
  [rollout] batch 3/19
  [rollout] batch 5/19
  [rollout] batch 7/19
  [rollout] batch 9/19
  [rollout] batch 11/19
  [rollout] batch 13/19
  [rollout] batch 15/19
  [rollout] batch 17/19
  [rollout] batch 19/19
[dump] /root/tbl/perwindow/perwindow_sweep_K185.pt (13.8 MB)
[dump] /root/tbl/perwindow/perwindow_peek_K185.pt (3.1 MB)
