2026-09-20 18:11:45 finisher armed; waiting for D:/Projects/TanitAD/taniteval/results/bench/navsim_v2/navhard_two_stage/20260920T144140Z-navsim_v2-refcv4b_b1_v72_40k-b11027/summary.json (max 50400s)
2026-09-20 21:32:07 summary.json present after 12021s
2026-09-20 21:32:08 read_summary artifact: MISSING
2026-09-20 21:32:12 decomposition artifact: MISSING
2026-09-20 21:32:21 floor decompositions: 1 files
2026-09-20 21:32:24 manifest: WRITTEN
fatal: pathspec 'D:/Projects/TanitAD/FlyWheels/TanitAD_EvalFlyWheel/incoming/2026-09-20-navhard-refcv4b/raw/bar_verdict.json' did not match any files
2026-09-20 21:32:25 INCONCLUSIVE staging D:/Projects/TanitAD/FlyWheels/TanitAD_EvalFlyWheel/incoming/2026-09-20-navhard-refcv4b/FINISH_REPORT.md
2026-09-20 21:32:26 INCONCLUSIVE staging D:/Projects/TanitAD/FlyWheels/TanitAD_EvalFlyWheel/incoming/2026-09-20-navhard-refcv4b/raw/bar_verdict.json
2026-09-20 21:32:26 INCONCLUSIVE staging D:/Projects/TanitAD/FlyWheels/TanitAD_EvalFlyWheel/incoming/2026-09-20-navhard-refcv4b/raw/decomposition_A1.json
2026-09-20 21:32:26 finisher done
2026-09-20 23:22:20 finisher armed; waiting for D:/Projects/TanitAD/taniteval/results/bench/navsim_v2/navhard_two_stage/20260920T201038Z-navsim_v2-refcv4b_b1_v72_40k-d3c2b2/summary.json (max 50400s)
2026-09-20 23:22:20 summary.json present after 0s
2026-09-20 23:22:20 arms with status OK in summary.json: 0
2026-09-20 23:22:21 wrote FAILURE_REPORT.md; ⛔ no FINISH_REPORT.md, because there is nothing to report
fatal: pathspec 'D:/Projects/TanitAD/FlyWheels/TanitAD_EvalFlyWheel/incoming/2026-09-20-navhard-refcv4b/FAILURE_REPORT.md' did not match any files
warning: in the working copy of 'FlyWheels/TanitAD_EvalFlyWheel/incoming/2026-09-20-navhard-refcv4b/raw/finisher.log', LF will be replaced by CRLF the next time Git touches it
2026-09-21 14:05:34 finisher armed; waiting for D:/Projects/TanitAD/taniteval/results/bench/navsim_v2/navhard_two_stage/20260921T091732Z-navsim_v2-refcv4b_b1_v72_40k-f99b29/summary.json (max 50400s)
2026-09-21 14:05:34 summary.json present after 0s
2026-09-21 14:05:34 content judge: JUDGE=SUCCESS (arms OK: 4/4)
2026-09-21 14:05:34 read_summary artifact: MISSING
2026-09-21 14:05:36 decomposition artifact: WRITTEN
2026-09-21 14:05:40 floor decompositions: 5 files
2026-09-21 14:05:40 manifest: WRITTEN
warning: in the working copy of 'FlyWheels/TanitAD_EvalFlyWheel/incoming/2026-09-20-navhard-refcv4b/FINISH_REPORT.md', LF will be replaced by CRLF the next time Git touches it
warning: in the working copy of 'FlyWheels/TanitAD_EvalFlyWheel/incoming/2026-09-20-navhard-refcv4b/raw/finisher.log', LF will be replaced by CRLF the next time Git touches it
2026-09-21 14:05:42 VERIFIED staged D:/Projects/TanitAD/FlyWheels/TanitAD_EvalFlyWheel/incoming/2026-09-20-navhard-refcv4b/FINISH_REPORT.md
2026-09-21 14:05:42 INCONCLUSIVE staging D:/Projects/TanitAD/FlyWheels/TanitAD_EvalFlyWheel/incoming/2026-09-20-navhard-refcv4b/raw/bar_verdict.json
2026-09-21 14:05:42 VERIFIED staged D:/Projects/TanitAD/FlyWheels/TanitAD_EvalFlyWheel/incoming/2026-09-20-navhard-refcv4b/raw/decomposition_A1.json
2026-09-21 14:05:42 finisher done
2026-09-21 14:29:03 finisher armed; waiting for D:/Projects/TanitAD/taniteval/results/bench/navsim_v2/navhard_two_stage/20260921T122714Z-navsim_v2-refcv4b_b1_v72_40k-859e25/summary.json (max 50400s)
2026-09-21 14:29:03 summary.json present after 0s
2026-09-21 14:29:03 content judge: JUDGE=SUCCESS (arms OK: 4/4)
2026-09-21 14:29:03 read_summary artifact: WRITTEN
2026-09-21 14:29:05 decomposition artifact: WRITTEN
2026-09-21 14:29:08 floor decompositions: 5 files
2026-09-21 14:29:09 manifest: WRITTEN
warning: in the working copy of 'FlyWheels/TanitAD_EvalFlyWheel/incoming/2026-09-20-navhard-refcv4b/FINISH_REPORT.md', LF will be replaced by CRLF the next time Git touches it
warning: in the working copy of 'FlyWheels/TanitAD_EvalFlyWheel/incoming/2026-09-20-navhard-refcv4b/raw/finisher.log', LF will be replaced by CRLF the next time Git touches it
2026-09-21 14:29:10 VERIFIED staged D:/Projects/TanitAD/FlyWheels/TanitAD_EvalFlyWheel/incoming/2026-09-20-navhard-refcv4b/FINISH_REPORT.md
2026-09-21 14:29:10 VERIFIED staged D:/Projects/TanitAD/FlyWheels/TanitAD_EvalFlyWheel/incoming/2026-09-20-navhard-refcv4b/raw/bar_verdict.json
2026-09-21 14:29:10 VERIFIED staged D:/Projects/TanitAD/FlyWheels/TanitAD_EvalFlyWheel/incoming/2026-09-20-navhard-refcv4b/raw/decomposition_A1.json
2026-09-21 14:29:10 finisher done
