[taniteval] tanitad OVERRIDE -> D:/Projects/TanitAD/stack (D:\Projects/TanitAD/stack\tanitad\__init__.py)
22:10:39 [bench] run 20260920T201038Z-navsim_v2-refcv4b_b1_v72_40k-d3c2b2 -> D:\Projects\TanitAD\taniteval\results\bench\navsim_v2\navhard_two_stage\20260920T201038Z-navsim_v2-refcv4b_b1_v72_40k-d3c2b2
22:10:40 [navsim] CV added by rule (MANDATORY NavSim floor)
22:10:40 [navsim] STOP added by rule (MANDATORY NavSim floor)
22:10:40 [navsim] ECHO added by rule (ECHO floor: a checkpoint is scored)
22:10:41 [navsim] export reused: C:\Users\Admin\navsim-crun\exp\tanitad_bench\exports\navhard_two_stage\navsim_agent_inputs.json (content key + sha256 match)
22:10:48 [navsim] model arm A1 (A1_ego_cmd): REUSED banked seam — 5462 model rows, 450 CV stand-ins (identity verified, nothing recomputed)
22:10:49 [navsim] scoring CV (official constant_velocity_agent) on navhard_two_stage …
23:22:06 [navsim] CV: RAM_GUARD_ABORT successful=None failed=None rows=None wall=4277s failures=["summary line 'Number of successful scenarios' ABSENT — cannot confirm work", 'failed scenarios = None', 'no result CSV found']
23:22:06 [navsim] scoring STOP (seam) on navhard_two_stage …
23:22:07 [navsim] STOP: RAM_GUARD_ABORT successful=None failed=None rows=None wall=0s failures=["summary line 'Number of successful scenarios' ABSENT — cannot confirm work", 'failed scenarios = None', 'no result CSV found', "agent calls {'seam': 0, 'cv_standin': 0, 'UNKNOWN_TOKEN': 0} != seam declaration {'seam': 5912, 'cv_standin': 0}"]
23:22:07 [navsim] scoring ECHO (seam) on navhard_two_stage …
23:22:07 [navsim] ECHO: RAM_GUARD_ABORT successful=None failed=None rows=None wall=0s failures=["summary line 'Number of successful scenarios' ABSENT — cannot confirm work", 'failed scenarios = None', 'no result CSV found', "agent calls {'seam': 0, 'cv_standin': 0, 'UNKNOWN_TOKEN': 0} != seam declaration {'seam': 5912, 'cv_standin': 0}"]
23:22:07 [navsim] scoring A1 (seam) on navhard_two_stage …
23:22:07 [navsim] A1: RAM_GUARD_ABORT successful=None failed=None rows=None wall=0s failures=["summary line 'Number of successful scenarios' ABSENT — cannot confirm work", 'failed scenarios = None', 'no result CSV found', "agent calls {'seam': 0, 'cv_standin': 0, 'UNKNOWN_TOKEN': 0} != seam declaration {'seam': 5462, 'cv_standin': 450}"]
23:22:08 [bench] report: SKIPPED
23:22:09 [bench] FAILED in 4289.0 s -> D:\Projects\TanitAD\taniteval\results\bench\navsim_v2\navhard_two_stage\20260920T201038Z-navsim_v2-refcv4b_b1_v72_40k-d3c2b2
BENCH_RUN_DIR=D:/Projects/TanitAD/taniteval/results/bench/navsim_v2/navhard_two_stage/20260920T201038Z-navsim_v2-refcv4b_b1_v72_40k-d3c2b2
BENCH_STATUS=FAILED
BENCH_RETRYABLE=1
