[mapvid:gate] {"ok": false, "gpu_used_mib": 1504, "python_compute": [], "self_pids_excluded": [43112], "free_ram_gb": 7.27, "rule": "used<4300 MiB, no other python compute, free RAM>=8.0 GB", "t": "2026-09-26T22:34:18"}
[mapvid:gate] {"ok": false, "gpu_used_mib": 1521, "python_compute": [], "self_pids_excluded": [43112], "free_ram_gb": 5.34, "rule": "used<4300 MiB, no other python compute, free RAM>=8.0 GB", "t": "2026-09-26T22:35:18"}
[mapvid:gate] {"ok": false, "gpu_used_mib": 1533, "python_compute": [], "self_pids_excluded": [43112], "free_ram_gb": 5.87, "rule": "used<4300 MiB, no other python compute, free RAM>=8.0 GB", "t": "2026-09-26T22:36:19"}
[mapvid:gate] {"ok": false, "gpu_used_mib": 1430, "python_compute": [], "self_pids_excluded": [43112], "free_ram_gb": 6.05, "rule": "used<4300 MiB, no other python compute, free RAM>=8.0 GB", "t": "2026-09-26T22:37:20"}
[mapvid:gate] {"ok": false, "gpu_used_mib": 1532, "python_compute": [], "self_pids_excluded": [43112], "free_ram_gb": 6.83, "rule": "used<4300 MiB, no other python compute, free RAM>=8.0 GB", "t": "2026-09-26T22:38:21"}
[mapvid:gate] {"ok": false, "gpu_used_mib": 1534, "python_compute": [], "self_pids_excluded": [43112], "free_ram_gb": 6.84, "rule": "used<4300 MiB, no other python compute, free RAM>=8.0 GB", "t": "2026-09-26T22:39:21"}
[mapvid:gate] {"ok": false, "gpu_used_mib": 1548, "python_compute": [], "self_pids_excluded": [43112], "free_ram_gb": 7.35, "rule": "used<4300 MiB, no other python compute, free RAM>=8.0 GB", "t": "2026-09-26T22:40:22"}
[mapvid:gate] {"ok": false, "gpu_used_mib": 1750, "python_compute": [], "self_pids_excluded": [43112], "free_ram_gb": 7.01, "rule": "used<4300 MiB, no other python compute, free RAM>=8.0 GB", "t": "2026-09-26T22:41:23"}
[mapvid:gate] {"ok": false, "gpu_used_mib": 1648, "python_compute": [], "self_pids_excluded": [43112], "free_ram_gb": 6.55, "rule": "used<4300 MiB, no other python compute, free RAM>=8.0 GB", "t": "2026-09-26T22:42:23"}
[mapvid:gate] {"ok": true, "gpu_used_mib": 1645, "python_compute": [], "self_pids_excluded": [43112], "free_ram_gb": 8.94, "rule": "used<4300 MiB, no other python compute, free RAM>=8.0 GB", "t": "2026-09-26T22:43:24"}
[mapvid] mode=render device=cuda RAM available 8.98 GB, floor 8.0
[mapvid] ckpt md5 5a2e7222a9f5f8c7aa7bf38ef4698d8a (== expected), config md5 a3193a4685ce0d07a6ae6b89fdc994a8 (== expected); in-run eval_map_iou_drivable @ 38000 = 0.67629
[v3] anchors: artifact anchors (117, 8, 2), controls (117, 2), units=alat (file), schedule=constant, horizon_s=6.0, dt=0.1, ref_speed_ms=10.0, kappa_cap=0.12, alat_v_floor=4.0, schema=tanitad.anchor_artifact/1
[v3] rig camera = PER-CLIP EXTRINSICS from D:\refcv6_eval_kit\data\refcv6_train_eval139_extrinsics.json (4508 clips, z 1.203-1.687 m, pitch -0.0755..+0.0683 rad)
[v3] ⚠️ a rig camera is built but --agent-w-project and --agent-w-ground are both 0: neither monocular term contributes. That is a legal ablation baseline and the stamp records it, but it is not a projection arm.
[v3] refcv6 coupling (1) ON: d_bev=96 learned_offsets=False offset_max_m=2 -> 4 decoder layers
[v3] withheld bank: mode=fixed warmup=0 speed_max=35.0 m/s pool=None
[mapvid] equalize_bottom_rows: argv 43, trunk as BUILT 0, lift bank 43
[mapvid] model built (5.6 s) step 38000 strict 0/0, window 8, horizons (5, 10, 15, 20, 30, 40, 50, 60), mode diffusion, sampler ddim, steps 2, valid-mask True, RAM avail 7.77 GB
[v2] D:\refcv6_eval_kit\data\refcv6-b1-416x1024-eval139: 139 providers (channels 9, 416x1024 px), episode ids from 'episode_uid' [collision-free; the as-built 16-bit ids would give only 139 distinct for 139 clips]
[v2] 139 providers, 139 distinct episode ids
[v3] nav_from_v7: follow 88 / left 13 / right 38, missing 0 (of 139 clips; md5=eefc38d1453bd1c73802d44d45affced)
[v3] max_speed_input_v6 (4-way one-hot): 147/147 sidecar rows carry a ceiling, 23772/23772 windows fed (100.0 %), 1 clips ABOVE the 120 km/h top step (clamped, and on those the fed ceiling is one the ego demonstrably exceeded)
[v3] agent join: 139/139 episodes (stable-63bit), 22663/23772 windows labelled (95.3 %), 776801 prefilter target boxes, pad 397
[v3] SAM3 map GT: 23430/23772 windows covered (0.9856, floor 0.90, verdict PASS) over 139 clips; states {'ok': 23430, 'no_file': 342, 'frame_out_of_range': 0, 'inconclusive': 0}; layouts ['flat_sha12']
[mapvid] selection: 137/139 clips fully covered; chosen right=0191487845ef (171 w, 7021 boxes<=30m, turn 12.4 deg), right=9f8bedcfb9de (171 w, 2779 boxes<=30m, turn 1.5 deg), right=34765c024267 (171 w, 1963 boxes<=30m, turn 75.37 deg); turn swap {'out': 'e902aba7fb9a', 'in': '34765c024267', 'in_rank': 5}  [91.1 s]
[v2] D:\refcv6_eval_kit\data\refcv6-b1-416x1024-eval139: 139 providers (channels 9, 416x1024 px), episode ids from 'episode_uid' [collision-free; the as-built 16-bit ids would give only 139 distinct for 139 clips]
[v2] 139 providers, 139 distinct episode ids
[v3] nav_from_v7: follow 0 / left 0 / right 3, missing 0 (of 3 clips; md5=eefc38d1453bd1c73802d44d45affced)
[v3] max_speed_input_v6 (4-way one-hot): 147/147 sidecar rows carry a ceiling, 513/513 windows fed (100.0 %), 1 clips ABOVE the 120 km/h top step (clamped, and on those the fed ceiling is one the ego demonstrably exceeded)
[v3] agent join: 3/3 episodes (stable-63bit), 513/513 windows labelled (100.0 %), 66469 prefilter target boxes, pad 397
[v3] SAM3 map GT: 513/513 windows covered (1.0000, floor 0.90, verdict PASS) over 3 clips; states {'ok': 513, 'no_file': 0, 'frame_out_of_range': 0, 'inconclusive': 0}; layouts ['flat_sha12']
[mapvid] render dataset: 3 episodes -> 513 windows; map_gt {"ok": 513, "no_file": 0, "frame_out_of_range": 0, "inconclusive": 0}; RAM avail 7.09 GB
[clip 1/3] 0191487845ef nav=right windows 171/171; 416x1024 cylindrical f_ref 488.924 · cam h 1.348 m, fwd 2.003 m, pitch-down +1.70° (MEASURED per-clip)
  [projector cross-check] CylProjector vs model RigCamera on 12 ground points: max 0.00e+00 px
  [draw-independence] {"seeds": [0, 1], "map_logits_max_abs_diff": 0.0, "drivable_mask_identical": true, "argmax_identical": true, "iou_seed_a": 0.6186023622047244, "iou_seed_b": 0.6186023622047244, "traj_max_abs_diff_m": 8.256826400756836}
  w001/171 t=0 iou 0.6186 mean 0.6186 pooled 0.6186 | ctl 1.0000/0.9890 flip 0.579 | 6.1 s | RAM 5.8 GB
  w002/171 t=1 iou 0.6402 mean 0.6294 pooled 0.6294 | ctl 1.0000/0.9870 flip 0.578 | 0.9 s | RAM 5.7 GB
  w003/171 t=2 iou 0.6580 mean 0.6389 pooled 0.6389 | ctl 1.0000/0.9870 flip 0.578 | 0.9 s | RAM 5.7 GB
  w004/171 t=3 iou 0.6363 mean 0.6383 pooled 0.6383 | ctl 1.0000/0.9870 flip 0.578 | 0.9 s | RAM 5.7 GB
  w005/171 t=4 iou 0.6530 mean 0.6412 pooled 0.6412 | ctl 1.0000/0.9870 flip 0.578 | 0.9 s | RAM 6.2 GB
  w006/171 t=5 iou 0.6507 mean 0.6428 pooled 0.6428 | ctl 1.0000/0.9891 flip 0.581 | 1.0 s | RAM 5.9 GB
  w007/171 t=6 iou 0.6554 mean 0.6446 pooled 0.6446 | ctl 1.0000/0.9891 flip 0.581 | 1.0 s | RAM 5.8 GB
  w008/171 t=7 iou 0.6626 mean 0.6468 pooled 0.6469 | ctl 1.0000/0.9896 flip 0.580 | 0.9 s | RAM 5.9 GB
  w009/171 t=8 iou 0.6440 mean 0.6465 pooled 0.6466 | ctl 1.0000/0.9896 flip 0.580 | 0.8 s | RAM 5.9 GB
  w010/171 t=9 iou 0.6361 mean 0.6455 pooled 0.6455 | ctl 1.0000/0.9896 flip 0.580 | 1.0 s | RAM 6.3 GB
  w011/171 t=10 iou 0.6475 mean 0.6457 pooled 0.6457 | ctl 1.0000/0.9896 flip 0.582 | 1.0 s | RAM 6.2 GB
  w012/171 t=11 iou 0.6446 mean 0.6456 pooled 0.6456 | ctl 1.0000/0.9896 flip 0.582 | 0.9 s | RAM 6.2 GB
  w013/171 t=12 iou 0.6514 mean 0.6460 pooled 0.6461 | ctl 1.0000/0.9892 flip 0.580 | 0.8 s | RAM 6.1 GB
  w014/171 t=13 iou 0.6559 mean 0.6467 pooled 0.6468 | ctl 1.0000/0.9872 flip 0.579 | 0.8 s | RAM 6.2 GB
  w015/171 t=14 iou 0.6352 mean 0.6460 pooled 0.6460 | ctl 1.0000/0.9872 flip 0.579 | 0.8 s | RAM 6.2 GB
  w016/171 t=15 iou 0.6593 mean 0.6468 pooled 0.6469 | ctl 1.0000/0.9893 flip 0.583 | 0.9 s | RAM 6.2 GB
  w017/171 t=16 iou 0.6781 mean 0.6486 pooled 0.6488 | ctl 1.0000/0.9878 flip 0.578 | 0.8 s | RAM 6.3 GB
  w018/171 t=17 iou 0.6956 mean 0.6513 pooled 0.6514 | ctl 1.0000/0.9903 flip 0.567 | 0.8 s | RAM 6.2 GB
  w019/171 t=18 iou 0.7082 mean 0.6542 pooled 0.6546 | ctl 1.0000/0.9934 flip 0.563 | 0.8 s | RAM 6.2 GB
  w020/171 t=19 iou 0.7103 mean 0.6570 pooled 0.6575 | ctl 1.0000/0.9959 flip 0.559 | 0.9 s | RAM 6.2 GB
  w021/171 t=20 iou 0.7383 mean 0.6609 pooled 0.6614 | ctl 1.0000/0.9954 flip 0.560 | 1.0 s | RAM 6.1 GB
  w022/171 t=21 iou 0.7267 mean 0.6639 pooled 0.6645 | ctl 1.0000/0.9970 flip 0.556 | 0.9 s | RAM 6.2 GB
  w023/171 t=22 iou 0.7459 mean 0.6675 pooled 0.6681 | ctl 1.0000/0.9985 flip 0.552 | 0.8 s | RAM 6.2 GB
  w024/171 t=23 iou 0.7425 mean 0.6706 pooled 0.6713 | ctl 1.0000/0.9960 flip 0.556 | 0.8 s | RAM 6.2 GB
  w025/171 t=24 iou 0.7473 mean 0.6737 pooled 0.6744 | ctl 1.0000/0.9965 flip 0.551 | 0.9 s | RAM 6.2 GB
  w026/171 t=25 iou 0.7453 mean 0.6764 pooled 0.6773 | ctl 1.0000/0.9980 flip 0.555 | 0.8 s | RAM 6.2 GB
  w027/171 t=26 iou 0.7398 mean 0.6788 pooled 0.6797 | ctl 1.0000/0.9971 flip 0.556 | 0.8 s | RAM 6.2 GB
  w028/171 t=27 iou 0.7441 mean 0.6811 pooled 0.6821 | ctl 1.0000/0.9971 flip 0.557 | 0.8 s | RAM 6.2 GB
  w029/171 t=28 iou 0.7278 mean 0.6827 pooled 0.6837 | ctl 1.0000/0.9971 flip 0.553 | 0.9 s | RAM 6.2 GB
  w030/171 t=29 iou 0.7254 mean 0.6841 pooled 0.6852 | ctl 1.0000/0.9942 flip 0.553 | 0.8 s | RAM 6.2 GB
  w031/171 t=30 iou 0.7057 mean 0.6848 pooled 0.6859 | ctl 1.0000/0.9958 flip 0.558 | 0.8 s | RAM 6.2 GB
  w032/171 t=31 iou 0.6909 mean 0.6850 pooled 0.6861 | ctl 1.0000/0.9925 flip 0.562 | 0.9 s | RAM 6.2 GB
  w033/171 t=32 iou 0.6736 mean 0.6847 pooled 0.6857 | ctl 1.0000/0.9944 flip 0.562 | 0.9 s | RAM 6.1 GB
  w034/171 t=33 iou 0.6643 mean 0.6841 pooled 0.6850 | ctl 1.0000/0.9950 flip 0.569 | 0.8 s | RAM 6.2 GB
  w035/171 t=34 iou 0.6633 mean 0.6835 pooled 0.6843 | ctl 1.0000/0.9900 flip 0.575 | 0.9 s | RAM 6.2 GB
  w036/171 t=35 iou 0.6678 mean 0.6830 pooled 0.6838 | ctl 1.0000/0.9933 flip 0.576 | 0.9 s | RAM 6.2 GB
  w037/171 t=36 iou 0.6835 mean 0.6831 pooled 0.6838 | ctl 1.0000/0.9951 flip 0.578 | 0.9 s | RAM 6.1 GB
  w038/171 t=37 iou 0.6767 mean 0.6829 pooled 0.6836 | ctl 1.0000/0.9947 flip 0.584 | 0.9 s | RAM 6.1 GB
  w039/171 t=38 iou 0.6802 mean 0.6828 pooled 0.6835 | ctl 1.0000/0.9913 flip 0.590 | 0.9 s | RAM 6.1 GB
  w040/171 t=39 iou 0.6557 mean 0.6821 pooled 0.6827 | ctl 1.0000/0.9918 flip 0.592 | 0.9 s | RAM 6.1 GB
  w041/171 t=40 iou 0.6711 mean 0.6819 pooled 0.6824 | ctl 1.0000/0.9923 flip 0.591 | 0.9 s | RAM 6.1 GB
  w042/171 t=41 iou 0.6506 mean 0.6811 pooled 0.6816 | ctl 1.0000/0.9962 flip 0.597 | 0.8 s | RAM 6.1 GB
  w043/171 t=42 iou 0.6425 mean 0.6802 pooled 0.6805 | ctl 1.0000/0.9954 flip 0.605 | 0.8 s | RAM 6.1 GB
  w044/171 t=43 iou 0.6343 mean 0.6792 pooled 0.6793 | ctl 1.0000/0.9955 flip 0.603 | 0.9 s | RAM 6.0 GB
  w045/171 t=44 iou 0.6331 mean 0.6782 pooled 0.6781 | ctl 1.0000/0.9955 flip 0.608 | 0.9 s | RAM 6.0 GB
  w046/171 t=45 iou 0.6356 mean 0.6772 pooled 0.6771 | ctl 1.0000/0.9956 flip 0.609 | 1.0 s | RAM 6.1 GB
  w047/171 t=46 iou 0.6373 mean 0.6764 pooled 0.6761 | ctl 1.0000/0.9968 flip 0.612 | 0.9 s | RAM 6.1 GB
  w048/171 t=47 iou 0.6297 mean 0.6754 pooled 0.6749 | ctl 1.0000/0.9953 flip 0.610 | 0.9 s | RAM 6.1 GB
  w049/171 t=48 iou 0.6286 mean 0.6745 pooled 0.6738 | ctl 1.0000/0.9957 flip 0.615 | 0.9 s | RAM 6.0 GB
  w050/171 t=49 iou 0.6185 mean 0.6733 pooled 0.6725 | ctl 1.0000/0.9946 flip 0.611 | 0.9 s | RAM 6.0 GB
  w051/171 t=50 iou 0.6030 mean 0.6720 pooled 0.6708 | ctl 1.0000/0.9947 flip 0.610 | 0.9 s | RAM 6.1 GB
  w052/171 t=51 iou 0.5933 mean 0.6704 pooled 0.6690 | ctl 1.0000/0.9955 flip 0.612 | 0.9 s | RAM 6.1 GB
  w053/171 t=52 iou 0.5865 mean 0.6689 pooled 0.6671 | ctl 1.0000/0.9959 flip 0.614 | 0.9 s | RAM 6.1 GB
  w054/171 t=53 iou 0.5691 mean 0.6670 pooled 0.6648 | ctl 1.0000/0.9967 flip 0.616 | 0.9 s | RAM 6.1 GB
  w055/171 t=54 iou 0.5679 mean 0.6652 pooled 0.6626 | ctl 1.0000/0.9964 flip 0.618 | 0.9 s | RAM 6.1 GB
  w056/171 t=55 iou 0.5503 mean 0.6632 pooled 0.6601 | ctl 1.0000/0.9943 flip 0.613 | 0.9 s | RAM 6.1 GB
  w057/171 t=56 iou 0.5449 mean 0.6611 pooled 0.6575 | ctl 1.0000/0.9927 flip 0.613 | 0.9 s | RAM 6.1 GB
  w058/171 t=57 iou 0.5332 mean 0.6589 pooled 0.6547 | ctl 1.0000/0.9931 flip 0.616 | 0.9 s | RAM 6.1 GB
  w059/171 t=58 iou 0.5303 mean 0.6567 pooled 0.6520 | ctl 1.0000/0.9949 flip 0.605 | 0.9 s | RAM 6.2 GB
  w060/171 t=59 iou 0.5399 mean 0.6548 pooled 0.6496 | ctl 1.0000/0.9956 flip 0.598 | 1.0 s | RAM 6.2 GB
  w061/171 t=60 iou 0.5324 mean 0.6528 pooled 0.6471 | ctl 1.0000/0.9927 flip 0.593 | 0.9 s | RAM 6.2 GB
  w062/171 t=61 iou 0.5031 mean 0.6503 pooled 0.6441 | ctl 1.0000/0.9941 flip 0.592 | 0.8 s | RAM 6.2 GB
  w063/171 t=62 iou 0.5078 mean 0.6481 pooled 0.6413 | ctl 1.0000/0.9932 flip 0.594 | 0.9 s | RAM 6.1 GB
  w064/171 t=63 iou 0.4886 mean 0.6456 pooled 0.6381 | ctl 1.0000/0.9939 flip 0.600 | 0.8 s | RAM 6.1 GB
  w065/171 t=64 iou 0.4872 mean 0.6431 pooled 0.6351 | ctl 1.0000/0.9953 flip 0.605 | 0.6 s | RAM 6.1 GB
  w066/171 t=65 iou 0.4809 mean 0.6407 pooled 0.6320 | ctl 1.0000/0.9950 flip 0.598 | 0.6 s | RAM 6.1 GB
  w067/171 t=66 iou 0.4863 mean 0.6384 pooled 0.6291 | ctl 1.0000/0.9945 flip 0.593 | 0.6 s | RAM 6.1 GB
  w068/171 t=67 iou 0.5026 mean 0.6364 pooled 0.6266 | ctl 1.0000/0.9942 flip 0.592 | 0.6 s | RAM 6.1 GB
  w069/171 t=68 iou 0.5120 mean 0.6346 pooled 0.6244 | ctl 1.0000/0.9936 flip 0.594 | 0.6 s | RAM 6.1 GB
  w070/171 t=69 iou 0.4954 mean 0.6326 pooled 0.6219 | ctl 1.0000/0.9928 flip 0.594 | 0.6 s | RAM 6.1 GB
  w071/171 t=70 iou 0.4975 mean 0.6307 pooled 0.6195 | ctl 1.0000/0.9929 flip 0.591 | 0.6 s | RAM 6.1 GB
  w072/171 t=71 iou 0.4880 mean 0.6287 pooled 0.6171 | ctl 1.0000/0.9918 flip 0.583 | 0.6 s | RAM 6.1 GB
  w073/171 t=72 iou 0.4761 mean 0.6266 pooled 0.6145 | ctl 1.0000/0.9918 flip 0.578 | 0.6 s | RAM 6.0 GB
  w074/171 t=73 iou 0.4632 mean 0.6244 pooled 0.6117 | ctl 1.0000/0.9916 flip 0.569 | 0.6 s | RAM 6.0 GB
  w075/171 t=74 iou 0.4830 mean 0.6225 pooled 0.6094 | ctl 1.0000/0.9919 flip 0.562 | 0.6 s | RAM 6.1 GB
  w076/171 t=75 iou 0.4819 mean 0.6207 pooled 0.6071 | ctl 1.0000/0.9917 flip 0.555 | 0.6 s | RAM 6.1 GB
  w077/171 t=76 iou 0.5032 mean 0.6192 pooled 0.6052 | ctl 1.0000/0.9934 flip 0.548 | 0.6 s | RAM 6.1 GB
  w078/171 t=77 iou 0.4950 mean 0.6176 pooled 0.6032 | ctl 1.0000/0.9926 flip 0.542 | 0.6 s | RAM 6.1 GB
  w079/171 t=78 iou 0.4826 mean 0.6159 pooled 0.6011 | ctl 1.0000/0.9909 flip 0.531 | 0.6 s | RAM 6.1 GB
  w080/171 t=79 iou 0.4753 mean 0.6141 pooled 0.5990 | ctl 1.0000/0.9924 flip 0.531 | 0.6 s | RAM 6.2 GB
  w081/171 t=80 iou 0.4756 mean 0.6124 pooled 0.5969 | ctl 1.0000/0.9909 flip 0.522 | 0.6 s | RAM 6.2 GB
  w082/171 t=81 iou 0.5003 mean 0.6110 pooled 0.5953 | ctl 1.0000/0.9921 flip 0.517 | 0.6 s | RAM 6.2 GB
  w083/171 t=82 iou 0.5146 mean 0.6099 pooled 0.5940 | ctl 1.0000/0.9927 flip 0.511 | 0.6 s | RAM 6.3 GB
  w084/171 t=83 iou 0.4975 mean 0.6085 pooled 0.5924 | ctl 1.0000/0.9941 flip 0.513 | 0.6 s | RAM 6.3 GB
  w085/171 t=84 iou 0.4826 mean 0.6070 pooled 0.5906 | ctl 1.0000/0.9898 flip 0.511 | 0.6 s | RAM 6.3 GB
  w086/171 t=85 iou 0.4764 mean 0.6055 pooled 0.5887 | ctl 1.0000/0.9907 flip 0.502 | 0.6 s | RAM 6.3 GB
  w087/171 t=86 iou 0.4757 mean 0.6040 pooled 0.5869 | ctl 1.0000/0.9924 flip 0.492 | 0.6 s | RAM 6.3 GB
  w088/171 t=87 iou 0.4780 mean 0.6026 pooled 0.5852 | ctl 1.0000/0.9907 flip 0.490 | 0.7 s | RAM 6.2 GB
  w089/171 t=88 iou 0.4624 mean 0.6010 pooled 0.5833 | ctl 1.0000/0.9893 flip 0.481 | 0.6 s | RAM 6.2 GB
  w090/171 t=89 iou 0.4652 mean 0.5995 pooled 0.5815 | ctl 1.0000/0.9912 flip 0.477 | 0.6 s | RAM 6.2 GB
  w091/171 t=90 iou 0.4770 mean 0.5982 pooled 0.5799 | ctl 1.0000/0.9910 flip 0.472 | 0.6 s | RAM 6.2 GB
  w092/171 t=91 iou 0.4813 mean 0.5969 pooled 0.5784 | ctl 1.0000/0.9918 flip 0.466 | 0.7 s | RAM 6.2 GB
  w093/171 t=92 iou 0.4855 mean 0.5957 pooled 0.5771 | ctl 1.0000/0.9901 flip 0.459 | 0.7 s | RAM 6.2 GB
  w094/171 t=93 iou 0.4853 mean 0.5945 pooled 0.5757 | ctl 1.0000/0.9918 flip 0.453 | 0.6 s | RAM 6.2 GB
  w095/171 t=94 iou 0.4961 mean 0.5935 pooled 0.5746 | ctl 1.0000/0.9907 flip 0.453 | 0.6 s | RAM 6.2 GB
  w096/171 t=95 iou 0.4831 mean 0.5923 pooled 0.5733 | ctl 1.0000/0.9907 flip 0.448 | 0.6 s | RAM 6.2 GB
  w097/171 t=96 iou 0.4868 mean 0.5912 pooled 0.5720 | ctl 1.0000/0.9916 flip 0.443 | 0.6 s | RAM 6.3 GB
  w098/171 t=97 iou 0.4945 mean 0.5903 pooled 0.5709 | ctl 1.0000/0.9904 flip 0.440 | 0.6 s | RAM 6.3 GB
  w099/171 t=98 iou 0.5044 mean 0.5894 pooled 0.5700 | ctl 1.0000/0.9918 flip 0.436 | 0.6 s | RAM 6.3 GB
  w100/171 t=99 iou 0.5215 mean 0.5887 pooled 0.5693 | ctl 1.0000/0.9904 flip 0.430 | 0.6 s | RAM 6.3 GB
  w101/171 t=100 iou 0.5099 mean 0.5879 pooled 0.5685 | ctl 1.0000/0.9898 flip 0.424 | 0.6 s | RAM 6.2 GB
  w102/171 t=101 iou 0.5036 mean 0.5871 pooled 0.5676 | ctl 1.0000/0.9879 flip 0.417 | 0.6 s | RAM 6.2 GB
  w103/171 t=102 iou 0.4821 mean 0.5861 pooled 0.5664 | ctl 1.0000/0.9895 flip 0.412 | 0.6 s | RAM 6.2 GB
  w104/171 t=103 iou 0.4936 mean 0.5852 pooled 0.5654 | ctl 1.0000/0.9892 flip 0.409 | 0.6 s | RAM 6.2 GB
  w105/171 t=104 iou 0.5021 mean 0.5844 pooled 0.5646 | ctl 1.0000/0.9895 flip 0.405 | 0.6 s | RAM 6.2 GB
  w106/171 t=105 iou 0.5470 mean 0.5841 pooled 0.5644 | ctl 1.0000/0.9892 flip 0.400 | 0.6 s | RAM 6.2 GB
  w107/171 t=106 iou 0.6178 mean 0.5844 pooled 0.5650 | ctl 1.0000/0.9892 flip 0.398 | 0.6 s | RAM 6.2 GB
  w108/171 t=107 iou 0.6250 mean 0.5847 pooled 0.5657 | ctl 1.0000/0.9887 flip 0.398 | 0.7 s | RAM 6.2 GB
  w109/171 t=108 iou 0.6385 mean 0.5852 pooled 0.5666 | ctl 1.0000/0.9887 flip 0.394 | 0.6 s | RAM 6.2 GB
  w110/171 t=109 iou 0.6874 mean 0.5862 pooled 0.5680 | ctl 1.0000/0.9910 flip 0.393 | 0.6 s | RAM 6.2 GB
  w111/171 t=110 iou 0.6555 mean 0.5868 pooled 0.5690 | ctl 1.0000/0.9890 flip 0.389 | 0.6 s | RAM 6.2 GB
  w112/171 t=111 iou 0.6477 mean 0.5873 pooled 0.5699 | ctl 1.0000/0.9890 flip 0.382 | 0.6 s | RAM 6.2 GB
  w113/171 t=112 iou 0.6191 mean 0.5876 pooled 0.5704 | ctl 1.0000/0.9884 flip 0.374 | 0.6 s | RAM 6.2 GB
  w114/171 t=113 iou 0.6066 mean 0.5878 pooled 0.5708 | ctl 1.0000/0.9903 flip 0.372 | 0.6 s | RAM 6.0 GB
  w115/171 t=114 iou 0.5847 mean 0.5878 pooled 0.5710 | ctl 1.0000/0.9881 flip 0.365 | 0.7 s | RAM 6.2 GB
  w116/171 t=115 iou 0.5711 mean 0.5876 pooled 0.5710 | ctl 1.0000/0.9881 flip 0.358 | 0.7 s | RAM 6.2 GB
  w117/171 t=116 iou 0.5623 mean 0.5874 pooled 0.5709 | ctl 1.0000/0.9900 flip 0.352 | 0.6 s | RAM 6.2 GB
  w118/171 t=117 iou 0.5677 mean 0.5872 pooled 0.5709 | ctl 1.0000/0.9911 flip 0.340 | 0.6 s | RAM 6.1 GB
  w119/171 t=118 iou 0.5893 mean 0.5872 pooled 0.5711 | ctl 1.0000/0.9914 flip 0.332 | 0.6 s | RAM 6.1 GB
  w120/171 t=119 iou 0.6142 mean 0.5875 pooled 0.5715 | ctl 1.0000/0.9888 flip 0.324 | 0.6 s | RAM 6.2 GB
  w121/171 t=120 iou 0.6467 mean 0.5880 pooled 0.5723 | ctl 1.0000/0.9885 flip 0.320 | 0.6 s | RAM 6.2 GB
  w122/171 t=121 iou 0.6728 mean 0.5887 pooled 0.5733 | ctl 1.0000/0.9876 flip 0.311 | 0.6 s | RAM 6.1 GB
  w123/171 t=122 iou 0.7006 mean 0.5896 pooled 0.5746 | ctl 1.0000/0.9855 flip 0.298 | 0.6 s | RAM 6.2 GB
  w124/171 t=123 iou 0.7252 mean 0.5907 pooled 0.5760 | ctl 1.0000/0.9877 flip 0.292 | 0.6 s | RAM 6.2 GB
  w125/171 t=124 iou 0.7227 mean 0.5917 pooled 0.5774 | ctl 1.0000/0.9894 flip 0.287 | 0.6 s | RAM 6.2 GB
  w126/171 t=125 iou 0.7235 mean 0.5928 pooled 0.5787 | ctl 1.0000/0.9903 flip 0.280 | 0.6 s | RAM 6.2 GB
  w127/171 t=126 iou 0.7500 mean 0.5940 pooled 0.5802 | ctl 1.0000/0.9914 flip 0.276 | 0.6 s | RAM 6.2 GB
  w128/171 t=127 iou 0.7282 mean 0.5950 pooled 0.5815 | ctl 1.0000/0.9897 flip 0.267 | 0.6 s | RAM 6.1 GB
  w129/171 t=128 iou 0.7028 mean 0.5959 pooled 0.5825 | ctl 1.0000/0.9863 flip 0.256 | 0.6 s | RAM 6.2 GB
  w130/171 t=129 iou 0.7331 mean 0.5969 pooled 0.5837 | ctl 1.0000/0.9867 flip 0.255 | 0.6 s | RAM 6.1 GB
  w131/171 t=130 iou 0.7352 mean 0.5980 pooled 0.5850 | ctl 1.0000/0.9891 flip 0.254 | 0.6 s | RAM 6.1 GB
  w132/171 t=131 iou 0.7112 mean 0.5989 pooled 0.5859 | ctl 1.0000/0.9871 flip 0.253 | 0.6 s | RAM 6.2 GB
  w133/171 t=132 iou 0.7191 mean 0.5998 pooled 0.5870 | ctl 1.0000/0.9872 flip 0.257 | 0.6 s | RAM 6.2 GB
  w134/171 t=133 iou 0.7055 mean 0.6005 pooled 0.5878 | ctl 1.0000/0.9848 flip 0.262 | 0.6 s | RAM 6.2 GB
  w135/171 t=134 iou 0.7306 mean 0.6015 pooled 0.5889 | ctl 1.0000/0.9896 flip 0.273 | 0.6 s | RAM 6.1 GB
  w136/171 t=135 iou 0.7320 mean 0.6025 pooled 0.5899 | ctl 1.0000/0.9824 flip 0.287 | 0.6 s | RAM 6.1 GB
  w137/171 t=136 iou 0.7474 mean 0.6035 pooled 0.5911 | ctl 1.0000/0.9887 flip 0.300 | 0.6 s | RAM 6.1 GB
  w138/171 t=137 iou 0.7147 mean 0.6043 pooled 0.5919 | ctl 1.0000/0.9837 flip 0.320 | 0.6 s | RAM 6.1 GB
  w139/171 t=138 iou 0.7226 mean 0.6052 pooled 0.5928 | ctl 1.0000/0.9882 flip 0.347 | 0.6 s | RAM 6.1 GB
  w140/171 t=139 iou 0.7267 mean 0.6061 pooled 0.5937 | ctl 1.0000/0.9815 flip 0.351 | 0.6 s | RAM 6.1 GB
  w141/171 t=140 iou 0.7176 mean 0.6068 pooled 0.5945 | ctl 1.0000/0.9872 flip 0.346 | 0.6 s | RAM 6.0 GB
  w142/171 t=141 iou 0.7302 mean 0.6077 pooled 0.5954 | ctl 1.0000/0.9856 flip 0.343 | 0.6 s | RAM 6.1 GB
  w143/171 t=142 iou 0.7297 mean 0.6086 pooled 0.5963 | ctl 1.0000/0.9867 flip 0.335 | 0.6 s | RAM 6.0 GB
  w144/171 t=143 iou 0.7346 mean 0.6094 pooled 0.5971 | ctl 1.0000/0.9891 flip 0.322 | 0.6 s | RAM 6.0 GB
  w145/171 t=144 iou 0.7113 mean 0.6101 pooled 0.5979 | ctl 1.0000/0.9874 flip 0.314 | 0.6 s | RAM 6.1 GB
  w146/171 t=145 iou 0.7402 mean 0.6110 pooled 0.5987 | ctl 1.0000/0.9811 flip 0.297 | 0.6 s | RAM 6.1 GB
  w147/171 t=146 iou 0.7388 mean 0.6119 pooled 0.5996 | ctl 1.0000/0.9792 flip 0.298 | 0.6 s | RAM 6.1 GB
  w148/171 t=147 iou 0.7255 mean 0.6127 pooled 0.6004 | ctl 1.0000/0.9872 flip 0.307 | 0.6 s | RAM 6.1 GB
  w149/171 t=148 iou 0.7137 mean 0.6133 pooled 0.6011 | ctl 1.0000/0.9882 flip 0.305 | 0.6 s | RAM 6.1 GB
  w150/171 t=149 iou 0.7008 mean 0.6139 pooled 0.6017 | ctl 1.0000/0.9907 flip 0.308 | 0.5 s | RAM 6.1 GB
  w151/171 t=150 iou 0.6907 mean 0.6144 pooled 0.6022 | ctl 1.0000/0.9911 flip 0.304 | 0.5 s | RAM 6.1 GB
  w152/171 t=151 iou 0.6648 mean 0.6148 pooled 0.6026 | ctl 1.0000/0.9919 flip 0.304 | 0.6 s | RAM 6.1 GB
  w153/171 t=152 iou 0.6761 mean 0.6152 pooled 0.6030 | ctl 1.0000/0.9867 flip 0.304 | 0.6 s | RAM 6.2 GB
  w154/171 t=153 iou 0.6707 mean 0.6155 pooled 0.6034 | ctl 1.0000/0.9894 flip 0.319 | 0.5 s | RAM 6.2 GB
  w155/171 t=154 iou 0.6608 mean 0.6158 pooled 0.6037 | ctl 1.0000/0.9874 flip 0.320 | 0.5 s | RAM 6.2 GB
  w156/171 t=155 iou 0.6376 mean 0.6160 pooled 0.6039 | ctl 1.0000/0.9814 flip 0.328 | 0.7 s | RAM 6.2 GB
  w157/171 t=156 iou 0.6270 mean 0.6160 pooled 0.6040 | ctl 1.0000/0.9821 flip 0.340 | 0.7 s | RAM 6.2 GB
  w158/171 t=157 iou 0.6344 mean 0.6161 pooled 0.6042 | ctl 1.0000/0.9808 flip 0.338 | 0.7 s | RAM 6.1 GB
  w159/171 t=158 iou 0.6216 mean 0.6162 pooled 0.6043 | ctl 1.0000/0.9835 flip 0.348 | 0.7 s | RAM 6.1 GB
  w160/171 t=159 iou 0.6273 mean 0.6163 pooled 0.6044 | ctl 1.0000/0.9797 flip 0.336 | 0.8 s | RAM 6.1 GB
  w161/171 t=160 iou 0.6311 mean 0.6163 pooled 0.6045 | ctl 1.0000/0.9860 flip 0.336 | 0.7 s | RAM 6.1 GB
  w162/171 t=161 iou 0.6133 mean 0.6163 pooled 0.6046 | ctl 1.0000/0.9812 flip 0.328 | 0.7 s | RAM 6.1 GB
  w163/171 t=162 iou 0.6156 mean 0.6163 pooled 0.6046 | ctl 1.0000/0.9841 flip 0.320 | 0.5 s | RAM 6.1 GB
  w164/171 t=163 iou 0.6287 mean 0.6164 pooled 0.6047 | ctl 1.0000/0.9839 flip 0.315 | 0.5 s | RAM 6.1 GB
  w165/171 t=164 iou 0.6413 mean 0.6165 pooled 0.6049 | ctl 1.0000/0.9902 flip 0.308 | 0.6 s | RAM 6.1 GB
  w166/171 t=165 iou 0.6302 mean 0.6166 pooled 0.6050 | ctl 1.0000/0.9933 flip 0.291 | 0.5 s | RAM 6.1 GB
  w167/171 t=166 iou 0.6220 mean 0.6167 pooled 0.6051 | ctl 1.0000/0.9943 flip 0.284 | 0.6 s | RAM 6.1 GB
  w168/171 t=167 iou 0.6335 mean 0.6168 pooled 0.6052 | ctl 1.0000/0.9931 flip 0.277 | 0.6 s | RAM 6.1 GB
  w169/171 t=168 iou 0.6248 mean 0.6168 pooled 0.6053 | ctl 1.0000/0.9929 flip 0.275 | 0.5 s | RAM 6.1 GB
  w170/171 t=169 iou 0.6251 mean 0.6169 pooled 0.6054 | ctl 1.0000/0.9899 flip 0.267 | 0.5 s | RAM 6.1 GB
  w171/171 t=170 iou 0.5874 mean 0.6167 pooled 0.6053 | ctl 1.0000/0.9915 flip 0.261 | 0.5 s | RAM 6.1 GB
[clip 1] 0191487845ef right: mean IoU 0.6166859921668463 pooled 0.6053260418217288 (n=171); controls {"n": 171, "consistent_iou_eq_1": 171, "consistent_union0": 0, "consistent_min_iou": 1.0, "onehot_iou_min": 0.9791755206119847, "onehot_iou_sum": 169.40090379203164, "n_mixed_total": 4613, "n_impossible_total": 0, "panel_equal": 171, "panel_checked": 171, "consistent_panel_equal": 171, "mut_flip_iou_max": 0.6175530369078757, "mut_flip_red": 171, "mut_chan_red": 171, "cellcount_agree": 171, "onehot_iou_mean": 0.9906485601873195, "pixel_check_on_this_clip": true}
[clip 2/3] 9f8bedcfb9de nav=right windows 171/171; 416x1024 cylindrical f_ref 488.924 · cam h 1.319 m, fwd 2.029 m, pitch-down +0.69° (MEASURED per-clip)
  [projector cross-check] CylProjector vs model RigCamera on 12 ground points: max 0.00e+00 px
  [draw-independence] {"seeds": [0, 1], "map_logits_max_abs_diff": 0.0, "drivable_mask_identical": true, "argmax_identical": true, "iou_seed_a": 0.1493918561607615, "iou_seed_b": 0.1493918561607615, "traj_max_abs_diff_m": 0.011330615729093552}
  w001/171 t=0 iou 0.1494 mean 0.1494 pooled 0.1494 | ctl 1.0000/0.9943 flip 0.558 | 3.5 s | RAM 5.9 GB
  w002/171 t=1 iou 0.1574 mean 0.1534 pooled 0.1534 | ctl 1.0000/0.9943 flip 0.559 | 0.6 s | RAM 5.9 GB
  w003/171 t=2 iou 0.1590 mean 0.1553 pooled 0.1553 | ctl 1.0000/0.9943 flip 0.558 | 0.6 s | RAM 5.9 GB
  w004/171 t=3 iou 0.1685 mean 0.1586 pooled 0.1586 | ctl 1.0000/0.9943 flip 0.558 | 0.6 s | RAM 5.8 GB
  w005/171 t=4 iou 0.1747 mean 0.1618 pooled 0.1618 | ctl 1.0000/0.9943 flip 0.558 | 0.6 s | RAM 5.8 GB
  w006/171 t=5 iou 0.1686 mean 0.1629 pooled 0.1630 | ctl 1.0000/0.9943 flip 0.558 | 0.6 s | RAM 5.8 GB
  w007/171 t=6 iou 0.1542 mean 0.1617 pooled 0.1617 | ctl 1.0000/0.9943 flip 0.558 | 0.6 s | RAM 5.8 GB
  w008/171 t=7 iou 0.1468 mean 0.1598 pooled 0.1599 | ctl 1.0000/0.9943 flip 0.558 | 0.6 s | RAM 5.8 GB
  w009/171 t=8 iou 0.1389 mean 0.1575 pooled 0.1576 | ctl 1.0000/0.9943 flip 0.558 | 0.5 s | RAM 5.8 GB
  w010/171 t=9 iou 0.1364 mean 0.1554 pooled 0.1555 | ctl 1.0000/0.9943 flip 0.558 | 0.6 s | RAM 5.8 GB
  w011/171 t=10 iou 0.1382 mean 0.1538 pooled 0.1539 | ctl 1.0000/0.9943 flip 0.558 | 0.6 s | RAM 5.8 GB
  w012/171 t=11 iou 0.1404 mean 0.1527 pooled 0.1528 | ctl 1.0000/0.9943 flip 0.558 | 0.5 s | RAM 5.5 GB
  w013/171 t=12 iou 0.1406 mean 0.1518 pooled 0.1519 | ctl 1.0000/0.9943 flip 0.558 | 0.6 s | RAM 5.5 GB
  w014/171 t=13 iou 0.1456 mean 0.1514 pooled 0.1514 | ctl 1.0000/0.9943 flip 0.558 | 0.5 s | RAM 5.5 GB
  w015/171 t=14 iou 0.1388 mean 0.1505 pooled 0.1506 | ctl 1.0000/0.9943 flip 0.558 | 0.6 s | RAM 5.9 GB
  w016/171 t=15 iou 0.1479 mean 0.1503 pooled 0.1504 | ctl 1.0000/0.9943 flip 0.558 | 0.6 s | RAM 5.8 GB
  w017/171 t=16 iou 0.1707 mean 0.1515 pooled 0.1516 | ctl 1.0000/0.9943 flip 0.558 | 0.6 s | RAM 5.9 GB
  w018/171 t=17 iou 0.1853 mean 0.1534 pooled 0.1535 | ctl 1.0000/0.9943 flip 0.558 | 0.6 s | RAM 5.8 GB
  w019/171 t=18 iou 0.1904 mean 0.1554 pooled 0.1554 | ctl 1.0000/0.9943 flip 0.558 | 0.5 s | RAM 5.8 GB
  w020/171 t=19 iou 0.1996 mean 0.1576 pooled 0.1576 | ctl 1.0000/0.9943 flip 0.558 | 0.6 s | RAM 5.8 GB
  w021/171 t=20 iou 0.2302 mean 0.1610 pooled 0.1611 | ctl 1.0000/0.9943 flip 0.558 | 0.5 s | RAM 5.8 GB
  w022/171 t=21 iou 0.2764 mean 0.1663 pooled 0.1664 | ctl 1.0000/0.9943 flip 0.558 | 0.6 s | RAM 5.6 GB
  w023/171 t=22 iou 0.2867 mean 0.1715 pooled 0.1717 | ctl 1.0000/0.9943 flip 0.558 | 0.6 s | RAM 5.5 GB
  w024/171 t=23 iou 0.3009 mean 0.1769 pooled 0.1771 | ctl 1.0000/0.9943 flip 0.558 | 0.6 s | RAM 5.5 GB
  w025/171 t=24 iou 0.3001 mean 0.1818 pooled 0.1821 | ctl 1.0000/0.9943 flip 0.558 | 0.6 s | RAM 5.5 GB
  w026/171 t=25 iou 0.3105 mean 0.1868 pooled 0.1870 | ctl 1.0000/0.9943 flip 0.558 | 0.7 s | RAM 5.5 GB
  w027/171 t=26 iou 0.3145 mean 0.1915 pooled 0.1918 | ctl 1.0000/0.9943 flip 0.558 | 0.5 s | RAM 5.5 GB
  w028/171 t=27 iou 0.3325 mean 0.1966 pooled 0.1970 | ctl 1.0000/0.9943 flip 0.558 | 0.5 s | RAM 5.5 GB
  w029/171 t=28 iou 0.3295 mean 0.2011 pooled 0.2016 | ctl 1.0000/0.9943 flip 0.558 | 0.6 s | RAM 5.5 GB
  w030/171 t=29 iou 0.2810 mean 0.2038 pooled 0.2043 | ctl 1.0000/0.9943 flip 0.558 | 0.6 s | RAM 5.5 GB
  w031/171 t=30 iou 0.2976 mean 0.2068 pooled 0.2074 | ctl 1.0000/0.9943 flip 0.558 | 0.5 s | RAM 5.5 GB
  w032/171 t=31 iou 0.3299 mean 0.2107 pooled 0.2113 | ctl 1.0000/0.9943 flip 0.558 | 0.7 s | RAM 5.7 GB
  w033/171 t=32 iou 0.3272 mean 0.2142 pooled 0.2150 | ctl 1.0000/0.9943 flip 0.558 | 0.6 s | RAM 5.6 GB
  w034/171 t=33 iou 0.3469 mean 0.2181 pooled 0.2190 | ctl 1.0000/0.9943 flip 0.558 | 0.6 s | RAM 5.6 GB
  w035/171 t=34 iou 0.3621 mean 0.2222 pooled 0.2233 | ctl 1.0000/0.9943 flip 0.558 | 0.5 s | RAM 5.6 GB
  w036/171 t=35 iou 0.3945 mean 0.2270 pooled 0.2282 | ctl 1.0000/0.9943 flip 0.558 | 0.6 s | RAM 5.6 GB
  w037/171 t=36 iou 0.3977 mean 0.2316 pooled 0.2330 | ctl 1.0000/0.9943 flip 0.558 | 0.6 s | RAM 5.7 GB
  w038/171 t=37 iou 0.3904 mean 0.2358 pooled 0.2373 | ctl 1.0000/0.9943 flip 0.558 | 0.6 s | RAM 5.6 GB
  w039/171 t=38 iou 0.4174 mean 0.2405 pooled 0.2421 | ctl 1.0000/0.9943 flip 0.558 | 0.6 s | RAM 6.1 GB
  w040/171 t=39 iou 0.4951 mean 0.2468 pooled 0.2487 | ctl 1.0000/0.9943 flip 0.558 | 0.6 s | RAM 6.0 GB
  w041/171 t=40 iou 0.4844 mean 0.2526 pooled 0.2546 | ctl 1.0000/0.9943 flip 0.558 | 0.6 s | RAM 6.1 GB
  w042/171 t=41 iou 0.4910 mean 0.2583 pooled 0.2603 | ctl 1.0000/0.9943 flip 0.558 | 0.6 s | RAM 6.1 GB
  w043/171 t=42 iou 0.4668 mean 0.2631 pooled 0.2651 | ctl 1.0000/0.9943 flip 0.558 | 0.6 s | RAM 6.1 GB
  w044/171 t=43 iou 0.4695 mean 0.2678 pooled 0.2698 | ctl 1.0000/0.9943 flip 0.558 | 0.6 s | RAM 6.1 GB
  w045/171 t=44 iou 0.4197 mean 0.2712 pooled 0.2731 | ctl 1.0000/0.9943 flip 0.558 | 0.5 s | RAM 6.1 GB
  w046/171 t=45 iou 0.3774 mean 0.2735 pooled 0.2754 | ctl 1.0000/0.9943 flip 0.558 | 0.5 s | RAM 6.1 GB
  w047/171 t=46 iou 0.3955 mean 0.2761 pooled 0.2779 | ctl 1.0000/0.9943 flip 0.558 | 0.5 s | RAM 6.1 GB
  w048/171 t=47 iou 0.4068 mean 0.2788 pooled 0.2807 | ctl 1.0000/0.9943 flip 0.558 | 0.5 s | RAM 6.1 GB
  w049/171 t=48 iou 0.3728 mean 0.2808 pooled 0.2826 | ctl 1.0000/0.9943 flip 0.559 | 0.5 s | RAM 6.1 GB
  w050/171 t=49 iou 0.3525 mean 0.2822 pooled 0.2840 | ctl 1.0000/0.9943 flip 0.559 | 0.5 s | RAM 6.1 GB
  w051/171 t=50 iou 0.3509 mean 0.2835 pooled 0.2853 | ctl 1.0000/0.9943 flip 0.559 | 0.5 s | RAM 6.1 GB
  w052/171 t=51 iou 0.3460 mean 0.2847 pooled 0.2864 | ctl 1.0000/0.9946 flip 0.559 | 0.5 s | RAM 6.1 GB
  w053/171 t=52 iou 0.3554 mean 0.2861 pooled 0.2877 | ctl 1.0000/0.9946 flip 0.554 | 0.5 s | RAM 6.0 GB
  w054/171 t=53 iou 0.3755 mean 0.2877 pooled 0.2894 | ctl 1.0000/0.9954 flip 0.555 | 0.5 s | RAM 6.1 GB
  w055/171 t=54 iou 0.4112 mean 0.2900 pooled 0.2916 | ctl 1.0000/0.9965 flip 0.560 | 0.5 s | RAM 6.0 GB
  w056/171 t=55 iou 0.4205 mean 0.2923 pooled 0.2939 | ctl 1.0000/0.9959 flip 0.558 | 0.5 s | RAM 6.0 GB
  w057/171 t=56 iou 0.4549 mean 0.2952 pooled 0.2968 | ctl 1.0000/0.9965 flip 0.557 | 0.6 s | RAM 6.1 GB
  w058/171 t=57 iou 0.4398 mean 0.2976 pooled 0.2993 | ctl 1.0000/0.9965 flip 0.559 | 0.5 s | RAM 6.0 GB
  w059/171 t=58 iou 0.4450 mean 0.3001 pooled 0.3018 | ctl 1.0000/0.9957 flip 0.547 | 0.5 s | RAM 6.1 GB
  w060/171 t=59 iou 0.4284 mean 0.3023 pooled 0.3039 | ctl 1.0000/0.9921 flip 0.544 | 0.5 s | RAM 6.1 GB
  w061/171 t=60 iou 0.4101 mean 0.3040 pooled 0.3057 | ctl 1.0000/0.9930 flip 0.542 | 0.5 s | RAM 6.0 GB
  w062/171 t=61 iou 0.3850 mean 0.3054 pooled 0.3069 | ctl 1.0000/0.9933 flip 0.547 | 0.5 s | RAM 6.0 GB
  w063/171 t=62 iou 0.3570 mean 0.3062 pooled 0.3077 | ctl 1.0000/0.9922 flip 0.543 | 0.5 s | RAM 6.0 GB
  w064/171 t=63 iou 0.4133 mean 0.3078 pooled 0.3094 | ctl 1.0000/0.9930 flip 0.548 | 0.5 s | RAM 6.0 GB
  w065/171 t=64 iou 0.4223 mean 0.3096 pooled 0.3111 | ctl 1.0000/0.9933 flip 0.543 | 0.5 s | RAM 5.9 GB
  w066/171 t=65 iou 0.4204 mean 0.3113 pooled 0.3128 | ctl 1.0000/0.9933 flip 0.546 | 0.6 s | RAM 5.8 GB
  w067/171 t=66 iou 0.4153 mean 0.3128 pooled 0.3143 | ctl 1.0000/0.9933 flip 0.551 | 0.6 s | RAM 5.5 GB
  w068/171 t=67 iou 0.4534 mean 0.3149 pooled 0.3164 | ctl 1.0000/0.9930 flip 0.543 | 0.6 s | RAM 5.1 GB
  w069/171 t=68 iou 0.3881 mean 0.3160 pooled 0.3174 | ctl 1.0000/0.9931 flip 0.547 | 0.5 s | RAM 5.0 GB
  w070/171 t=69 iou 0.4482 mean 0.3179 pooled 0.3193 | ctl 1.0000/0.9936 flip 0.554 | 0.6 s | RAM 5.2 GB
  w071/171 t=70 iou 0.4957 mean 0.3204 pooled 0.3218 | ctl 1.0000/0.9920 flip 0.548 | 0.6 s | RAM 5.3 GB
  w072/171 t=71 iou 0.5351 mean 0.3233 pooled 0.3248 | ctl 1.0000/0.9928 flip 0.549 | 0.5 s | RAM 5.3 GB
  w073/171 t=72 iou 0.5380 mean 0.3263 pooled 0.3278 | ctl 1.0000/0.9928 flip 0.549 | 0.5 s | RAM 5.3 GB
  w074/171 t=73 iou 0.5955 mean 0.3299 pooled 0.3315 | ctl 1.0000/0.9934 flip 0.545 | 0.6 s | RAM 5.4 GB
  w075/171 t=74 iou 0.6000 mean 0.3335 pooled 0.3352 | ctl 1.0000/0.9926 flip 0.549 | 0.6 s | RAM 5.3 GB
  w076/171 t=75 iou 0.6072 mean 0.3371 pooled 0.3389 | ctl 1.0000/0.9926 flip 0.541 | 0.6 s | RAM 5.2 GB
  w077/171 t=76 iou 0.6096 mean 0.3407 pooled 0.3425 | ctl 1.0000/0.9918 flip 0.544 | 0.6 s | RAM 5.2 GB
  w078/171 t=77 iou 0.6017 mean 0.3440 pooled 0.3459 | ctl 1.0000/0.9934 flip 0.538 | 0.6 s | RAM 5.0 GB
  w079/171 t=78 iou 0.6174 mean 0.3475 pooled 0.3495 | ctl 1.0000/0.9918 flip 0.541 | 0.6 s | RAM 5.2 GB
  w080/171 t=79 iou 0.5823 mean 0.3504 pooled 0.3525 | ctl 1.0000/0.9931 flip 0.536 | 0.5 s | RAM 5.2 GB
  w081/171 t=80 iou 0.6163 mean 0.3537 pooled 0.3558 | ctl 1.0000/0.9916 flip 0.543 | 0.6 s | RAM 5.1 GB
  w082/171 t=81 iou 0.5958 mean 0.3566 pooled 0.3588 | ctl 1.0000/0.9926 flip 0.537 | 0.5 s | RAM 5.1 GB
  w083/171 t=82 iou 0.5868 mean 0.3594 pooled 0.3616 | ctl 1.0000/0.9916 flip 0.545 | 0.5 s | RAM 4.9 GB
  w084/171 t=83 iou 0.5670 mean 0.3619 pooled 0.3641 | ctl 1.0000/0.9926 flip 0.545 | 0.5 s | RAM 5.1 GB
  w085/171 t=84 iou 0.5643 mean 0.3643 pooled 0.3665 | ctl 1.0000/0.9944 flip 0.541 | 0.6 s | RAM 5.1 GB
  w086/171 t=85 iou 0.5574 mean 0.3665 pooled 0.3688 | ctl 1.0000/0.9926 flip 0.542 | 0.6 s | RAM 4.8 GB
  w087/171 t=86 iou 0.5952 mean 0.3691 pooled 0.3715 | ctl 1.0000/0.9931 flip 0.540 | 0.6 s | RAM 4.8 GB
  w088/171 t=87 iou 0.5766 mean 0.3715 pooled 0.3738 | ctl 1.0000/0.9921 flip 0.539 | 0.6 s | RAM 4.8 GB
  w089/171 t=88 iou 0.6055 mean 0.3741 pooled 0.3765 | ctl 1.0000/0.9926 flip 0.540 | 0.5 s | RAM 4.8 GB
  w090/171 t=89 iou 0.6115 mean 0.3768 pooled 0.3792 | ctl 1.0000/0.9926 flip 0.539 | 0.6 s | RAM 4.8 GB
  w091/171 t=90 iou 0.6183 mean 0.3794 pooled 0.3819 | ctl 1.0000/0.9924 flip 0.538 | 0.5 s | RAM 4.8 GB
  w092/171 t=91 iou 0.6170 mean 0.3820 pooled 0.3845 | ctl 1.0000/0.9929 flip 0.533 | 0.5 s | RAM 4.8 GB
  w093/171 t=92 iou 0.6109 mean 0.3845 pooled 0.3870 | ctl 1.0000/0.9926 flip 0.541 | 0.5 s | RAM 4.7 GB
  w094/171 t=93 iou 0.5493 mean 0.3862 pooled 0.3888 | ctl 1.0000/0.9929 flip 0.541 | 0.6 s | RAM 4.7 GB
  w095/171 t=94 iou 0.5235 mean 0.3877 pooled 0.3902 | ctl 1.0000/0.9931 flip 0.532 | 0.6 s | RAM 4.7 GB
  w096/171 t=95 iou 0.5068 mean 0.3889 pooled 0.3914 | ctl 1.0000/0.9911 flip 0.532 | 0.6 s | RAM 4.7 GB
  w097/171 t=96 iou 0.5379 mean 0.3904 pooled 0.3929 | ctl 1.0000/0.9929 flip 0.527 | 0.6 s | RAM 4.7 GB
  w098/171 t=97 iou 0.5558 mean 0.3921 pooled 0.3946 | ctl 1.0000/0.9913 flip 0.529 | 0.5 s | RAM 4.8 GB
  w099/171 t=98 iou 0.5648 mean 0.3939 pooled 0.3963 | ctl 1.0000/0.9913 flip 0.525 | 0.6 s | RAM 4.9 GB
  w100/171 t=99 iou 0.5230 mean 0.3952 pooled 0.3976 | ctl 1.0000/0.9926 flip 0.525 | 0.6 s | RAM 4.8 GB
  w101/171 t=100 iou 0.5220 mean 0.3964 pooled 0.3988 | ctl 1.0000/0.9942 flip 0.525 | 0.6 s | RAM 4.9 GB
  w102/171 t=101 iou 0.4973 mean 0.3974 pooled 0.3998 | ctl 1.0000/0.9926 flip 0.524 | 0.6 s | RAM 4.7 GB
  w103/171 t=102 iou 0.4342 mean 0.3978 pooled 0.4001 | ctl 1.0000/0.9934 flip 0.523 | 0.6 s | RAM 4.7 GB
  w104/171 t=103 iou 0.4742 mean 0.3985 pooled 0.4008 | ctl 1.0000/0.9939 flip 0.519 | 0.5 s | RAM 4.7 GB
  w105/171 t=104 iou 0.4441 mean 0.3989 pooled 0.4013 | ctl 1.0000/0.9944 flip 0.522 | 0.6 s | RAM 4.7 GB
  w106/171 t=105 iou 0.4302 mean 0.3992 pooled 0.4015 | ctl 1.0000/0.9928 flip 0.519 | 0.6 s | RAM 4.7 GB
  w107/171 t=106 iou 0.4141 mean 0.3994 pooled 0.4016 | ctl 1.0000/0.9950 flip 0.517 | 0.6 s | RAM 4.8 GB
  w108/171 t=107 iou 0.4451 mean 0.3998 pooled 0.4020 | ctl 1.0000/0.9926 flip 0.516 | 0.6 s | RAM 4.7 GB
  w109/171 t=108 iou 0.4254 mean 0.4000 pooled 0.4023 | ctl 1.0000/0.9915 flip 0.522 | 0.6 s | RAM 4.7 GB
  w110/171 t=109 iou 0.4578 mean 0.4005 pooled 0.4028 | ctl 1.0000/0.9938 flip 0.527 | 0.6 s | RAM 4.6 GB
  w111/171 t=110 iou 0.4400 mean 0.4009 pooled 0.4031 | ctl 1.0000/0.9944 flip 0.533 | 0.6 s | RAM 4.5 GB
  w112/171 t=111 iou 0.4245 mean 0.4011 pooled 0.4033 | ctl 1.0000/0.9936 flip 0.532 | 0.6 s | RAM 4.4 GB
  w113/171 t=112 iou 0.4086 mean 0.4012 pooled 0.4033 | ctl 1.0000/0.9954 flip 0.540 | 0.6 s | RAM 4.5 GB
  w114/171 t=113 iou 0.4202 mean 0.4013 pooled 0.4035 | ctl 1.0000/0.9936 flip 0.545 | 0.6 s | RAM 4.8 GB
  w115/171 t=114 iou 0.4391 mean 0.4017 pooled 0.4038 | ctl 1.0000/0.9941 flip 0.543 | 0.6 s | RAM 4.8 GB
  w116/171 t=115 iou 0.4769 mean 0.4023 pooled 0.4044 | ctl 1.0000/0.9943 flip 0.546 | 0.6 s | RAM 4.8 GB
  w117/171 t=116 iou 0.5301 mean 0.4034 pooled 0.4055 | ctl 1.0000/0.9949 flip 0.551 | 0.6 s | RAM 4.6 GB
  w118/171 t=117 iou 0.5330 mean 0.4045 pooled 0.4066 | ctl 1.0000/0.9965 flip 0.551 | 0.5 s | RAM 5.3 GB
  w119/171 t=118 iou 0.5499 mean 0.4057 pooled 0.4079 | ctl 1.0000/0.9957 flip 0.547 | 0.5 s | RAM 5.4 GB
  w120/171 t=119 iou 0.5523 mean 0.4070 pooled 0.4091 | ctl 1.0000/0.9930 flip 0.551 | 0.5 s | RAM 5.5 GB
  w121/171 t=120 iou 0.5417 mean 0.4081 pooled 0.4102 | ctl 1.0000/0.9945 flip 0.544 | 0.5 s | RAM 5.4 GB
  w122/171 t=121 iou 0.5470 mean 0.4092 pooled 0.4113 | ctl 1.0000/0.9959 flip 0.545 | 0.5 s | RAM 5.4 GB
  w123/171 t=122 iou 0.5571 mean 0.4104 pooled 0.4125 | ctl 1.0000/0.9948 flip 0.545 | 0.5 s | RAM 5.4 GB
  w124/171 t=123 iou 0.5249 mean 0.4113 pooled 0.4134 | ctl 1.0000/0.9948 flip 0.544 | 0.5 s | RAM 5.5 GB
  w125/171 t=124 iou 0.5537 mean 0.4125 pooled 0.4146 | ctl 1.0000/0.9937 flip 0.541 | 0.6 s | RAM 5.4 GB
  w126/171 t=125 iou 0.5399 mean 0.4135 pooled 0.4156 | ctl 1.0000/0.9948 flip 0.546 | 0.5 s | RAM 5.5 GB
  w127/171 t=126 iou 0.5605 mean 0.4146 pooled 0.4167 | ctl 1.0000/0.9959 flip 0.543 | 0.5 s | RAM 5.4 GB
  w128/171 t=127 iou 0.5392 mean 0.4156 pooled 0.4176 | ctl 1.0000/0.9958 flip 0.541 | 0.5 s | RAM 5.4 GB
  w129/171 t=128 iou 0.5529 mean 0.4167 pooled 0.4187 | ctl 1.0000/0.9955 flip 0.539 | 0.5 s | RAM 5.5 GB
  w130/171 t=129 iou 0.5512 mean 0.4177 pooled 0.4197 | ctl 1.0000/0.9947 flip 0.542 | 0.5 s | RAM 5.5 GB
  w131/171 t=130 iou 0.6004 mean 0.4191 pooled 0.4211 | ctl 1.0000/0.9952 flip 0.543 | 0.5 s | RAM 5.5 GB
  w132/171 t=131 iou 0.6032 mean 0.4205 pooled 0.4225 | ctl 1.0000/0.9949 flip 0.545 | 0.5 s | RAM 5.4 GB
  w133/171 t=132 iou 0.6388 mean 0.4221 pooled 0.4241 | ctl 1.0000/0.9946 flip 0.539 | 0.5 s | RAM 5.4 GB
  w134/171 t=133 iou 0.6055 mean 0.4235 pooled 0.4255 | ctl 1.0000/0.9952 flip 0.541 | 0.5 s | RAM 5.5 GB
  w135/171 t=134 iou 0.6199 mean 0.4250 pooled 0.4269 | ctl 1.0000/0.9954 flip 0.541 | 0.5 s | RAM 5.5 GB
  w136/171 t=135 iou 0.5994 mean 0.4263 pooled 0.4281 | ctl 1.0000/0.9945 flip 0.539 | 0.5 s | RAM 5.5 GB
  w137/171 t=136 iou 0.5940 mean 0.4275 pooled 0.4293 | ctl 1.0000/0.9931 flip 0.537 | 0.5 s | RAM 5.5 GB
  w138/171 t=137 iou 0.5805 mean 0.4286 pooled 0.4304 | ctl 1.0000/0.9933 flip 0.537 | 0.5 s | RAM 5.5 GB
  w139/171 t=138 iou 0.5832 mean 0.4297 pooled 0.4315 | ctl 1.0000/0.9944 flip 0.539 | 0.5 s | RAM 5.4 GB
  w140/171 t=139 iou 0.6105 mean 0.4310 pooled 0.4327 | ctl 1.0000/0.9953 flip 0.539 | 0.6 s | RAM 5.4 GB
  w141/171 t=140 iou 0.6115 mean 0.4323 pooled 0.4340 | ctl 1.0000/0.9949 flip 0.539 | 0.5 s | RAM 5.3 GB
  w142/171 t=141 iou 0.5844 mean 0.4333 pooled 0.4351 | ctl 1.0000/0.9928 flip 0.541 | 0.5 s | RAM 5.1 GB
  w143/171 t=142 iou 0.5850 mean 0.4344 pooled 0.4361 | ctl 1.0000/0.9945 flip 0.542 | 0.5 s | RAM 5.1 GB
  w144/171 t=143 iou 0.5980 mean 0.4355 pooled 0.4372 | ctl 1.0000/0.9945 flip 0.539 | 0.5 s | RAM 5.0 GB
  w145/171 t=144 iou 0.6139 mean 0.4368 pooled 0.4384 | ctl 1.0000/0.9939 flip 0.537 | 0.5 s | RAM 5.0 GB
  w146/171 t=145 iou 0.6196 mean 0.4380 pooled 0.4396 | ctl 1.0000/0.9929 flip 0.537 | 0.5 s | RAM 5.0 GB
  w147/171 t=146 iou 0.6161 mean 0.4392 pooled 0.4408 | ctl 1.0000/0.9928 flip 0.540 | 0.5 s | RAM 4.9 GB
  w148/171 t=147 iou 0.6313 mean 0.4405 pooled 0.4420 | ctl 1.0000/0.9934 flip 0.545 | 0.5 s | RAM 4.8 GB
  w149/171 t=148 iou 0.6166 mean 0.4417 pooled 0.4432 | ctl 1.0000/0.9933 flip 0.548 | 0.6 s | RAM 4.6 GB
  w150/171 t=149 iou 0.6138 mean 0.4429 pooled 0.4443 | ctl 1.0000/0.9949 flip 0.550 | 0.5 s | RAM 4.6 GB
  w151/171 t=150 iou 0.6245 mean 0.4441 pooled 0.4455 | ctl 1.0000/0.9955 flip 0.549 | 0.6 s | RAM 5.3 GB
  w152/171 t=151 iou 0.6290 mean 0.4453 pooled 0.4467 | ctl 1.0000/0.9954 flip 0.551 | 0.6 s | RAM 5.4 GB
  w153/171 t=152 iou 0.6237 mean 0.4464 pooled 0.4479 | ctl 1.0000/0.9964 flip 0.550 | 0.5 s | RAM 5.3 GB
  w154/171 t=153 iou 0.5978 mean 0.4474 pooled 0.4488 | ctl 1.0000/0.9963 flip 0.556 | 0.5 s | RAM 5.3 GB
  w155/171 t=154 iou 0.6185 mean 0.4485 pooled 0.4498 | ctl 1.0000/0.9929 flip 0.556 | 0.6 s | RAM 5.3 GB
  w156/171 t=155 iou 0.6301 mean 0.4497 pooled 0.4509 | ctl 1.0000/0.9918 flip 0.565 | 0.5 s | RAM 5.3 GB
  w157/171 t=156 iou 0.6198 mean 0.4508 pooled 0.4519 | ctl 1.0000/0.9920 flip 0.565 | 0.5 s | RAM 5.3 GB
  w158/171 t=157 iou 0.6234 mean 0.4519 pooled 0.4529 | ctl 1.0000/0.9933 flip 0.561 | 0.5 s | RAM 5.3 GB
  w159/171 t=158 iou 0.6017 mean 0.4528 pooled 0.4538 | ctl 1.0000/0.9939 flip 0.569 | 0.5 s | RAM 5.3 GB
  w160/171 t=159 iou 0.6154 mean 0.4538 pooled 0.4548 | ctl 1.0000/0.9945 flip 0.574 | 0.5 s | RAM 5.3 GB
  w161/171 t=160 iou 0.6124 mean 0.4548 pooled 0.4557 | ctl 1.0000/0.9962 flip 0.572 | 0.5 s | RAM 5.3 GB
  w162/171 t=161 iou 0.6228 mean 0.4559 pooled 0.4566 | ctl 1.0000/0.9938 flip 0.567 | 0.5 s | RAM 5.3 GB
  w163/171 t=162 iou 0.6218 mean 0.4569 pooled 0.4575 | ctl 1.0000/0.9956 flip 0.566 | 0.6 s | RAM 5.2 GB
  w164/171 t=163 iou 0.6135 mean 0.4578 pooled 0.4583 | ctl 1.0000/0.9979 flip 0.556 | 0.5 s | RAM 5.2 GB
  w165/171 t=164 iou 0.6307 mean 0.4589 pooled 0.4592 | ctl 1.0000/0.9975 flip 0.550 | 0.5 s | RAM 5.2 GB
  w166/171 t=165 iou 0.6232 mean 0.4599 pooled 0.4600 | ctl 1.0000/0.9952 flip 0.536 | 0.5 s | RAM 5.2 GB
  w167/171 t=166 iou 0.6208 mean 0.4608 pooled 0.4607 | ctl 1.0000/0.9964 flip 0.531 | 0.5 s | RAM 5.2 GB
  w168/171 t=167 iou 0.6340 mean 0.4619 pooled 0.4615 | ctl 1.0000/0.9972 flip 0.524 | 0.5 s | RAM 5.2 GB
  w169/171 t=168 iou 0.6727 mean 0.4631 pooled 0.4625 | ctl 1.0000/0.9942 flip 0.512 | 0.5 s | RAM 5.2 GB
  w170/171 t=169 iou 0.6612 mean 0.4643 pooled 0.4633 | ctl 1.0000/0.9960 flip 0.509 | 0.5 s | RAM 5.2 GB
  w171/171 t=170 iou 0.6455 mean 0.4653 pooled 0.4641 | ctl 1.0000/0.9964 flip 0.501 | 0.5 s | RAM 5.2 GB
[clip 2] 9f8bedcfb9de right: mean IoU 0.4653281128570455 pooled 0.464132787846244 (n=171); controls {"n": 171, "consistent_iou_eq_1": 171, "consistent_union0": 0, "consistent_min_iou": 1.0, "onehot_iou_min": 0.9910502763885233, "onehot_iou_sum": 169.98516788112133, "n_mixed_total": 3832, "n_impossible_total": 0, "panel_equal": 0, "panel_checked": 0, "consistent_panel_equal": 0, "mut_flip_iou_max": 0.5736321303841676, "mut_flip_red": 171, "mut_chan_red": 171, "cellcount_agree": 171, "onehot_iou_mean": 0.9940653092463235, "pixel_check_on_this_clip": false}
[clip 3/3] 34765c024267 nav=right windows 171/171; 416x1024 cylindrical f_ref 488.924 · cam h 1.606 m, fwd 2.129 m, pitch-down -0.17° (MEASURED per-clip)
  [projector cross-check] CylProjector vs model RigCamera on 12 ground points: max 2.84e-14 px
  [draw-independence] {"seeds": [0, 1], "map_logits_max_abs_diff": 0.0, "drivable_mask_identical": true, "argmax_identical": true, "iou_seed_a": 0.5613540197461213, "iou_seed_b": 0.5613540197461213, "traj_max_abs_diff_m": 0.3754005432128906}
  w001/171 t=0 iou 0.5614 mean 0.5614 pooled 0.5614 | ctl 1.0000/0.9955 flip 0.473 | 3.2 s | RAM 5.1 GB
  w002/171 t=1 iou 0.5561 mean 0.5587 pooled 0.5588 | ctl 1.0000/0.9945 flip 0.469 | 0.6 s | RAM 5.1 GB
  w003/171 t=2 iou 0.5539 mean 0.5571 pooled 0.5571 | ctl 1.0000/0.9940 flip 0.477 | 0.6 s | RAM 5.1 GB
  w004/171 t=3 iou 0.5515 mean 0.5557 pooled 0.5557 | ctl 1.0000/0.9970 flip 0.469 | 0.5 s | RAM 5.0 GB
  w005/171 t=4 iou 0.5464 mean 0.5538 pooled 0.5539 | ctl 1.0000/0.9950 flip 0.462 | 0.5 s | RAM 5.0 GB
  w006/171 t=5 iou 0.5532 mean 0.5537 pooled 0.5538 | ctl 1.0000/0.9939 flip 0.465 | 0.5 s | RAM 5.0 GB
  w007/171 t=6 iou 0.5504 mean 0.5533 pooled 0.5533 | ctl 1.0000/0.9975 flip 0.467 | 0.5 s | RAM 4.5 GB
  w008/171 t=7 iou 0.5466 mean 0.5524 pooled 0.5524 | ctl 1.0000/0.9974 flip 0.463 | 0.5 s | RAM 4.5 GB
  w009/171 t=8 iou 0.5487 mean 0.5520 pooled 0.5520 | ctl 1.0000/0.9928 flip 0.462 | 0.6 s | RAM 4.5 GB
  w010/171 t=9 iou 0.5442 mean 0.5512 pooled 0.5512 | ctl 1.0000/0.9949 flip 0.463 | 0.6 s | RAM 4.4 GB
  w011/171 t=10 iou 0.5381 mean 0.5500 pooled 0.5500 | ctl 1.0000/0.9944 flip 0.464 | 0.6 s | RAM 4.4 GB
  w012/171 t=11 iou 0.5470 mean 0.5498 pooled 0.5498 | ctl 1.0000/0.9974 flip 0.467 | 0.6 s | RAM 4.4 GB
  w013/171 t=12 iou 0.5494 mean 0.5498 pooled 0.5498 | ctl 1.0000/0.9950 flip 0.468 | 0.5 s | RAM 4.4 GB
  w014/171 t=13 iou 0.5758 mean 0.5516 pooled 0.5516 | ctl 1.0000/0.9965 flip 0.469 | 0.5 s | RAM 4.3 GB
  w015/171 t=14 iou 0.5621 mean 0.5523 pooled 0.5523 | ctl 1.0000/0.9964 flip 0.450 | 0.6 s | RAM 4.3 GB
  w016/171 t=15 iou 0.5570 mean 0.5526 pooled 0.5526 | ctl 1.0000/0.9954 flip 0.454 | 0.6 s | RAM 4.3 GB
  w017/171 t=16 iou 0.5583 mean 0.5529 pooled 0.5530 | ctl 1.0000/0.9960 flip 0.449 | 0.6 s | RAM 4.3 GB
  w018/171 t=17 iou 0.5738 mean 0.5541 pooled 0.5541 | ctl 1.0000/0.9959 flip 0.443 | 0.6 s | RAM 4.3 GB
  w019/171 t=18 iou 0.5551 mean 0.5542 pooled 0.5542 | ctl 1.0000/0.9964 flip 0.449 | 0.6 s | RAM 4.3 GB
  w020/171 t=19 iou 0.5503 mean 0.5540 pooled 0.5540 | ctl 1.0000/0.9974 flip 0.444 | 0.5 s | RAM 4.7 GB
  w021/171 t=20 iou 0.5517 mean 0.5539 pooled 0.5539 | ctl 1.0000/0.9969 flip 0.448 | 0.5 s | RAM 4.4 GB
  w022/171 t=21 iou 0.5575 mean 0.5540 pooled 0.5540 | ctl 1.0000/0.9974 flip 0.451 | 0.6 s | RAM 4.8 GB
  w023/171 t=22 iou 0.5534 mean 0.5540 pooled 0.5540 | ctl 1.0000/0.9979 flip 0.449 | 0.6 s | RAM 4.9 GB
  w024/171 t=23 iou 0.5521 mean 0.5539 pooled 0.5539 | ctl 1.0000/0.9963 flip 0.449 | 0.5 s | RAM 4.8 GB
  w025/171 t=24 iou 0.5449 mean 0.5536 pooled 0.5536 | ctl 1.0000/0.9962 flip 0.447 | 0.5 s | RAM 4.8 GB
  w026/171 t=25 iou 0.5413 mean 0.5531 pooled 0.5531 | ctl 1.0000/0.9973 flip 0.451 | 0.6 s | RAM 4.8 GB
  w027/171 t=26 iou 0.5409 mean 0.5526 pooled 0.5527 | ctl 1.0000/0.9967 flip 0.446 | 0.5 s | RAM 4.7 GB
  w028/171 t=27 iou 0.5376 mean 0.5521 pooled 0.5522 | ctl 1.0000/0.9956 flip 0.441 | 0.6 s | RAM 4.7 GB
  w029/171 t=28 iou 0.5411 mean 0.5517 pooled 0.5518 | ctl 1.0000/0.9961 flip 0.441 | 0.6 s | RAM 4.7 GB
  w030/171 t=29 iou 0.5400 mean 0.5513 pooled 0.5514 | ctl 1.0000/0.9966 flip 0.438 | 0.6 s | RAM 4.8 GB
  w031/171 t=30 iou 0.5425 mean 0.5510 pooled 0.5511 | ctl 1.0000/0.9960 flip 0.435 | 0.5 s | RAM 5.0 GB
  w032/171 t=31 iou 0.5334 mean 0.5505 pooled 0.5506 | ctl 1.0000/0.9954 flip 0.431 | 0.6 s | RAM 4.9 GB
  w033/171 t=32 iou 0.5247 mean 0.5497 pooled 0.5499 | ctl 1.0000/0.9965 flip 0.430 | 0.6 s | RAM 4.9 GB
  w034/171 t=33 iou 0.5362 mean 0.5493 pooled 0.5495 | ctl 1.0000/0.9959 flip 0.427 | 0.5 s | RAM 4.9 GB
  w035/171 t=34 iou 0.5396 mean 0.5490 pooled 0.5492 | ctl 1.0000/0.9953 flip 0.422 | 0.6 s | RAM 4.9 GB
  w036/171 t=35 iou 0.5528 mean 0.5491 pooled 0.5493 | ctl 1.0000/0.9958 flip 0.425 | 0.5 s | RAM 4.8 GB
  w037/171 t=36 iou 0.5505 mean 0.5492 pooled 0.5494 | ctl 1.0000/0.9946 flip 0.421 | 0.5 s | RAM 4.8 GB
  w038/171 t=37 iou 0.5611 mean 0.5495 pooled 0.5496 | ctl 1.0000/0.9963 flip 0.421 | 0.5 s | RAM 4.8 GB
  w039/171 t=38 iou 0.5582 mean 0.5497 pooled 0.5498 | ctl 1.0000/0.9975 flip 0.422 | 0.5 s | RAM 4.8 GB
  w040/171 t=39 iou 0.5666 mean 0.5501 pooled 0.5502 | ctl 1.0000/0.9963 flip 0.415 | 0.5 s | RAM 4.8 GB
  w041/171 t=40 iou 0.5776 mean 0.5508 pooled 0.5508 | ctl 1.0000/0.9963 flip 0.416 | 0.6 s | RAM 4.7 GB
  w042/171 t=41 iou 0.5872 mean 0.5517 pooled 0.5516 | ctl 1.0000/0.9949 flip 0.415 | 0.6 s | RAM 5.1 GB
  w043/171 t=42 iou 0.5971 mean 0.5527 pooled 0.5526 | ctl 1.0000/0.9936 flip 0.413 | 0.5 s | RAM 5.2 GB
  w044/171 t=43 iou 0.6236 mean 0.5543 pooled 0.5540 | ctl 1.0000/0.9961 flip 0.412 | 0.6 s | RAM 4.9 GB
  w045/171 t=44 iou 0.6307 mean 0.5560 pooled 0.5555 | ctl 1.0000/0.9967 flip 0.414 | 0.6 s | RAM 4.9 GB
  w046/171 t=45 iou 0.6360 mean 0.5578 pooled 0.5571 | ctl 1.0000/0.9967 flip 0.412 | 0.6 s | RAM 4.9 GB
  w047/171 t=46 iou 0.6308 mean 0.5593 pooled 0.5584 | ctl 1.0000/0.9973 flip 0.415 | 0.5 s | RAM 4.9 GB
  w048/171 t=47 iou 0.6331 mean 0.5609 pooled 0.5597 | ctl 1.0000/0.9959 flip 0.423 | 0.5 s | RAM 4.8 GB
  w049/171 t=48 iou 0.6277 mean 0.5622 pooled 0.5609 | ctl 1.0000/0.9959 flip 0.425 | 0.5 s | RAM 4.8 GB
  w050/171 t=49 iou 0.6256 mean 0.5635 pooled 0.5619 | ctl 1.0000/0.9979 flip 0.410 | 0.5 s | RAM 4.8 GB
  w051/171 t=50 iou 0.6370 mean 0.5649 pooled 0.5631 | ctl 1.0000/0.9958 flip 0.404 | 0.6 s | RAM 4.8 GB
  w052/171 t=51 iou 0.6542 mean 0.5667 pooled 0.5645 | ctl 1.0000/0.9971 flip 0.405 | 0.6 s | RAM 4.7 GB
  w053/171 t=52 iou 0.6514 mean 0.5683 pooled 0.5658 | ctl 1.0000/0.9948 flip 0.370 | 0.6 s | RAM 4.7 GB
  w054/171 t=53 iou 0.6488 mean 0.5697 pooled 0.5670 | ctl 1.0000/0.9963 flip 0.348 | 0.5 s | RAM 4.7 GB
  w055/171 t=54 iou 0.6506 mean 0.5712 pooled 0.5681 | ctl 1.0000/0.9985 flip 0.329 | 0.5 s | RAM 5.2 GB
  w056/171 t=55 iou 0.6551 mean 0.5727 pooled 0.5693 | ctl 1.0000/0.9930 flip 0.284 | 0.5 s | RAM 5.0 GB
  w057/171 t=56 iou 0.6489 mean 0.5740 pooled 0.5703 | ctl 1.0000/0.9968 flip 0.239 | 0.5 s | RAM 4.9 GB
  w058/171 t=57 iou 0.6420 mean 0.5752 pooled 0.5713 | ctl 1.0000/0.9968 flip 0.217 | 0.5 s | RAM 4.9 GB
  w059/171 t=58 iou 0.6530 mean 0.5765 pooled 0.5723 | ctl 1.0000/0.9959 flip 0.182 | 0.6 s | RAM 4.9 GB
  w060/171 t=59 iou 0.6509 mean 0.5778 pooled 0.5733 | ctl 1.0000/0.9950 flip 0.165 | 0.6 s | RAM 4.9 GB
  w061/171 t=60 iou 0.6562 mean 0.5791 pooled 0.5743 | ctl 1.0000/0.9958 flip 0.153 | 0.5 s | RAM 4.9 GB
  w062/171 t=61 iou 0.6547 mean 0.5803 pooled 0.5753 | ctl 1.0000/0.9941 flip 0.149 | 0.6 s | RAM 4.8 GB
  w063/171 t=62 iou 0.6383 mean 0.5812 pooled 0.5761 | ctl 1.0000/0.9932 flip 0.139 | 0.6 s | RAM 4.8 GB
  w064/171 t=63 iou 0.6365 mean 0.5821 pooled 0.5769 | ctl 1.0000/0.9949 flip 0.142 | 0.6 s | RAM 4.8 GB
  w065/171 t=64 iou 0.6245 mean 0.5827 pooled 0.5775 | ctl 1.0000/0.9966 flip 0.131 | 0.6 s | RAM 4.8 GB
  w066/171 t=65 iou 0.6373 mean 0.5835 pooled 0.5782 | ctl 1.0000/0.9950 flip 0.135 | 0.5 s | RAM 5.3 GB
  w067/171 t=66 iou 0.6451 mean 0.5845 pooled 0.5790 | ctl 1.0000/0.9975 flip 0.150 | 0.6 s | RAM 5.3 GB
  w068/171 t=67 iou 0.6748 mean 0.5858 pooled 0.5801 | ctl 1.0000/0.9974 flip 0.160 | 0.5 s | RAM 5.2 GB
  w069/171 t=68 iou 0.6876 mean 0.5873 pooled 0.5814 | ctl 1.0000/0.9991 flip 0.197 | 0.5 s | RAM 5.2 GB
  w070/171 t=69 iou 0.6995 mean 0.5889 pooled 0.5827 | ctl 1.0000/0.9982 flip 0.249 | 0.5 s | RAM 5.2 GB
  w071/171 t=70 iou 0.7223 mean 0.5908 pooled 0.5842 | ctl 1.0000/0.9981 flip 0.359 | 0.6 s | RAM 5.3 GB
  w072/171 t=71 iou 0.7286 mean 0.5927 pooled 0.5856 | ctl 1.0000/0.9981 flip 0.517 | 0.6 s | RAM 5.8 GB
  w073/171 t=72 iou 0.7315 mean 0.5946 pooled 0.5870 | ctl 1.0000/0.9951 flip 0.668 | 0.5 s | RAM 6.5 GB
  w074/171 t=73 iou 0.7063 mean 0.5961 pooled 0.5881 | ctl 1.0000/1.0000 flip 0.648 | 0.5 s | RAM 6.5 GB
  w075/171 t=74 iou 0.7194 mean 0.5977 pooled 0.5891 | ctl 1.0000/0.9968 flip 0.489 | 0.5 s | RAM 6.5 GB
  w076/171 t=75 iou 0.6949 mean 0.5990 pooled 0.5900 | ctl 1.0000/0.9978 flip 0.318 | 0.5 s | RAM 6.5 GB
  w077/171 t=76 iou 0.6824 mean 0.6001 pooled 0.5907 | ctl 1.0000/0.9942 flip 0.161 | 0.5 s | RAM 6.5 GB
  w078/171 t=77 iou 0.6341 mean 0.6005 pooled 0.5910 | ctl 1.0000/0.9976 flip 0.102 | 0.5 s | RAM 6.4 GB
  w079/171 t=78 iou 0.6274 mean 0.6009 pooled 0.5913 | ctl 1.0000/0.9951 flip 0.091 | 0.5 s | RAM 6.4 GB
  w080/171 t=79 iou 0.6200 mean 0.6011 pooled 0.5915 | ctl 1.0000/0.9988 flip 0.086 | 0.5 s | RAM 6.5 GB
  w081/171 t=80 iou 0.6349 mean 0.6015 pooled 0.5918 | ctl 1.0000/0.9951 flip 0.077 | 0.5 s | RAM 6.4 GB
  w082/171 t=81 iou 0.6648 mean 0.6023 pooled 0.5923 | ctl 1.0000/0.9952 flip 0.071 | 0.5 s | RAM 6.5 GB
  w083/171 t=82 iou 0.7238 mean 0.6038 pooled 0.5933 | ctl 1.0000/0.9901 flip 0.065 | 0.5 s | RAM 6.4 GB
  w084/171 t=83 iou 0.7218 mean 0.6052 pooled 0.5943 | ctl 1.0000/0.9938 flip 0.055 | 0.5 s | RAM 6.5 GB
  w085/171 t=84 iou 0.7216 mean 0.6065 pooled 0.5953 | ctl 1.0000/0.9910 flip 0.057 | 0.5 s | RAM 6.4 GB
  w086/171 t=85 iou 0.7233 mean 0.6079 pooled 0.5964 | ctl 1.0000/0.9972 flip 0.052 | 0.5 s | RAM 6.4 GB
  w087/171 t=86 iou 0.7307 mean 0.6093 pooled 0.5976 | ctl 1.0000/0.9965 flip 0.057 | 0.5 s | RAM 6.4 GB
  w088/171 t=87 iou 0.7405 mean 0.6108 pooled 0.5989 | ctl 1.0000/0.9959 flip 0.053 | 0.5 s | RAM 6.4 GB
  w089/171 t=88 iou 0.7203 mean 0.6120 pooled 0.6000 | ctl 1.0000/0.9939 flip 0.054 | 0.5 s | RAM 6.4 GB
  w090/171 t=89 iou 0.7331 mean 0.6134 pooled 0.6012 | ctl 1.0000/0.9971 flip 0.061 | 0.5 s | RAM 6.5 GB
  w091/171 t=90 iou 0.7345 mean 0.6147 pooled 0.6025 | ctl 1.0000/0.9964 flip 0.071 | 0.5 s | RAM 6.5 GB
  w092/171 t=91 iou 0.7588 mean 0.6163 pooled 0.6040 | ctl 1.0000/0.9951 flip 0.086 | 0.5 s | RAM 6.5 GB
  w093/171 t=92 iou 0.7722 mean 0.6179 pooled 0.6056 | ctl 1.0000/0.9951 flip 0.103 | 0.5 s | RAM 6.5 GB
  w094/171 t=93 iou 0.7510 mean 0.6194 pooled 0.6070 | ctl 1.0000/0.9951 flip 0.120 | 0.5 s | RAM 6.5 GB
  w095/171 t=94 iou 0.7453 mean 0.6207 pooled 0.6083 | ctl 1.0000/0.9944 flip 0.138 | 0.5 s | RAM 6.5 GB
  w096/171 t=95 iou 0.7602 mean 0.6221 pooled 0.6097 | ctl 1.0000/0.9979 flip 0.155 | 0.5 s | RAM 6.5 GB
  w097/171 t=96 iou 0.7717 mean 0.6237 pooled 0.6112 | ctl 1.0000/0.9951 flip 0.170 | 0.5 s | RAM 6.5 GB
  w098/171 t=97 iou 0.7900 mean 0.6254 pooled 0.6128 | ctl 1.0000/0.9936 flip 0.179 | 0.5 s | RAM 6.5 GB
  w099/171 t=98 iou 0.8261 mean 0.6274 pooled 0.6147 | ctl 1.0000/0.9979 flip 0.194 | 0.5 s | RAM 6.5 GB
  w100/171 t=99 iou 0.8402 mean 0.6295 pooled 0.6167 | ctl 1.0000/0.9972 flip 0.210 | 0.5 s | RAM 6.6 GB
  w101/171 t=100 iou 0.8308 mean 0.6315 pooled 0.6186 | ctl 1.0000/0.9944 flip 0.208 | 0.5 s | RAM 6.6 GB
  w102/171 t=101 iou 0.8021 mean 0.6332 pooled 0.6203 | ctl 1.0000/0.9951 flip 0.215 | 0.5 s | RAM 6.6 GB
  w103/171 t=102 iou 0.8199 mean 0.6350 pooled 0.6221 | ctl 1.0000/0.9944 flip 0.214 | 0.5 s | RAM 6.6 GB
  w104/171 t=103 iou 0.8131 mean 0.6367 pooled 0.6238 | ctl 1.0000/0.9958 flip 0.210 | 0.5 s | RAM 6.6 GB
  w105/171 t=104 iou 0.8092 mean 0.6384 pooled 0.6254 | ctl 1.0000/0.9972 flip 0.208 | 0.5 s | RAM 6.6 GB
  w106/171 t=105 iou 0.8236 mean 0.6401 pooled 0.6271 | ctl 1.0000/0.9951 flip 0.203 | 0.5 s | RAM 6.6 GB
  w107/171 t=106 iou 0.8179 mean 0.6418 pooled 0.6287 | ctl 1.0000/0.9944 flip 0.197 | 0.5 s | RAM 6.7 GB
  w108/171 t=107 iou 0.7754 mean 0.6430 pooled 0.6299 | ctl 1.0000/0.9965 flip 0.199 | 0.5 s | RAM 6.7 GB
  w109/171 t=108 iou 0.7582 mean 0.6441 pooled 0.6309 | ctl 1.0000/0.9930 flip 0.193 | 0.5 s | RAM 6.7 GB
  w110/171 t=109 iou 0.7212 mean 0.6448 pooled 0.6317 | ctl 1.0000/0.9930 flip 0.198 | 0.5 s | RAM 6.7 GB
  w111/171 t=110 iou 0.6897 mean 0.6452 pooled 0.6321 | ctl 1.0000/0.9972 flip 0.208 | 0.5 s | RAM 6.7 GB
  w112/171 t=111 iou 0.6783 mean 0.6455 pooled 0.6325 | ctl 1.0000/0.9938 flip 0.211 | 0.5 s | RAM 6.7 GB
  w113/171 t=112 iou 0.6542 mean 0.6455 pooled 0.6327 | ctl 1.0000/0.9979 flip 0.216 | 0.5 s | RAM 6.7 GB
  w114/171 t=113 iou 0.6807 mean 0.6458 pooled 0.6331 | ctl 1.0000/0.9923 flip 0.215 | 0.5 s | RAM 6.7 GB
  w115/171 t=114 iou 0.6818 mean 0.6462 pooled 0.6335 | ctl 1.0000/0.9972 flip 0.223 | 0.5 s | RAM 6.7 GB
  w116/171 t=115 iou 0.7472 mean 0.6470 pooled 0.6343 | ctl 1.0000/0.9952 flip 0.227 | 0.5 s | RAM 6.7 GB
  w117/171 t=116 iou 0.7723 mean 0.6481 pooled 0.6354 | ctl 1.0000/0.9944 flip 0.231 | 0.5 s | RAM 6.7 GB
  w118/171 t=117 iou 0.8201 mean 0.6496 pooled 0.6368 | ctl 1.0000/0.9924 flip 0.230 | 0.5 s | RAM 6.7 GB
  w119/171 t=118 iou 0.8280 mean 0.6511 pooled 0.6382 | ctl 1.0000/0.9945 flip 0.228 | 0.5 s | RAM 6.7 GB
  w120/171 t=119 iou 0.8383 mean 0.6526 pooled 0.6397 | ctl 1.0000/0.9979 flip 0.223 | 0.5 s | RAM 6.7 GB
  w121/171 t=120 iou 0.7953 mean 0.6538 pooled 0.6409 | ctl 1.0000/0.9952 flip 0.225 | 0.5 s | RAM 6.6 GB
  w122/171 t=121 iou 0.8274 mean 0.6552 pooled 0.6422 | ctl 1.0000/0.9945 flip 0.223 | 0.5 s | RAM 6.6 GB
  w123/171 t=122 iou 0.7870 mean 0.6563 pooled 0.6433 | ctl 1.0000/0.9932 flip 0.222 | 0.5 s | RAM 6.6 GB
  w124/171 t=123 iou 0.8452 mean 0.6578 pooled 0.6447 | ctl 1.0000/0.9939 flip 0.227 | 0.5 s | RAM 6.6 GB
  w125/171 t=124 iou 0.8450 mean 0.6593 pooled 0.6462 | ctl 1.0000/0.9959 flip 0.228 | 0.5 s | RAM 6.7 GB
  w126/171 t=125 iou 0.8415 mean 0.6608 pooled 0.6476 | ctl 1.0000/0.9959 flip 0.224 | 0.5 s | RAM 6.7 GB
  w127/171 t=126 iou 0.8098 mean 0.6619 pooled 0.6487 | ctl 1.0000/0.9966 flip 0.226 | 0.6 s | RAM 6.6 GB
  w128/171 t=127 iou 0.8224 mean 0.6632 pooled 0.6499 | ctl 1.0000/0.9965 flip 0.229 | 0.6 s | RAM 6.6 GB
  w129/171 t=128 iou 0.8330 mean 0.6645 pooled 0.6512 | ctl 1.0000/0.9937 flip 0.238 | 0.5 s | RAM 6.6 GB
  w130/171 t=129 iou 0.8611 mean 0.6660 pooled 0.6526 | ctl 1.0000/0.9944 flip 0.245 | 0.5 s | RAM 6.6 GB
  w131/171 t=130 iou 0.8303 mean 0.6673 pooled 0.6538 | ctl 1.0000/0.9986 flip 0.249 | 0.6 s | RAM 6.6 GB
  w132/171 t=131 iou 0.8620 mean 0.6687 pooled 0.6551 | ctl 1.0000/0.9935 flip 0.248 | 0.5 s | RAM 6.6 GB
  w133/171 t=132 iou 0.8246 mean 0.6699 pooled 0.6563 | ctl 1.0000/0.9964 flip 0.250 | 0.5 s | RAM 6.6 GB
  w134/171 t=133 iou 0.8077 mean 0.6709 pooled 0.6573 | ctl 1.0000/0.9948 flip 0.248 | 0.5 s | RAM 6.6 GB
  w135/171 t=134 iou 0.8268 mean 0.6721 pooled 0.6584 | ctl 1.0000/0.9963 flip 0.252 | 0.5 s | RAM 6.6 GB
  w136/171 t=135 iou 0.8596 mean 0.6735 pooled 0.6596 | ctl 1.0000/0.9955 flip 0.259 | 0.6 s | RAM 6.6 GB
  w137/171 t=136 iou 0.8635 mean 0.6749 pooled 0.6609 | ctl 1.0000/0.9970 flip 0.256 | 0.5 s | RAM 6.6 GB
  w138/171 t=137 iou 0.8414 mean 0.6761 pooled 0.6620 | ctl 1.0000/0.9969 flip 0.257 | 0.5 s | RAM 6.6 GB
  w139/171 t=138 iou 0.7791 mean 0.6768 pooled 0.6627 | ctl 1.0000/0.9961 flip 0.262 | 0.6 s | RAM 6.6 GB
  w140/171 t=139 iou 0.8313 mean 0.6779 pooled 0.6638 | ctl 1.0000/0.9937 flip 0.265 | 0.6 s | RAM 6.6 GB
  w141/171 t=140 iou 0.8345 mean 0.6790 pooled 0.6649 | ctl 1.0000/0.9944 flip 0.266 | 0.6 s | RAM 6.6 GB
  w142/171 t=141 iou 0.8677 mean 0.6804 pooled 0.6661 | ctl 1.0000/0.9976 flip 0.273 | 0.6 s | RAM 6.6 GB
  w143/171 t=142 iou 0.8529 mean 0.6816 pooled 0.6672 | ctl 1.0000/0.9959 flip 0.282 | 0.6 s | RAM 6.6 GB
  w144/171 t=143 iou 0.8471 mean 0.6827 pooled 0.6682 | ctl 1.0000/0.9959 flip 0.289 | 0.6 s | RAM 6.6 GB
  w145/171 t=144 iou 0.8342 mean 0.6838 pooled 0.6692 | ctl 1.0000/0.9958 flip 0.298 | 0.6 s | RAM 6.6 GB
  w146/171 t=145 iou 0.8371 mean 0.6848 pooled 0.6701 | ctl 1.0000/0.9924 flip 0.305 | 0.5 s | RAM 6.6 GB
  w147/171 t=146 iou 0.8332 mean 0.6858 pooled 0.6711 | ctl 1.0000/0.9940 flip 0.322 | 0.5 s | RAM 6.5 GB
  w148/171 t=147 iou 0.8070 mean 0.6866 pooled 0.6718 | ctl 1.0000/0.9957 flip 0.327 | 0.5 s | RAM 6.5 GB
  w149/171 t=148 iou 0.8079 mean 0.6875 pooled 0.6726 | ctl 1.0000/0.9974 flip 0.333 | 0.5 s | RAM 6.5 GB
  w150/171 t=149 iou 0.7865 mean 0.6881 pooled 0.6733 | ctl 1.0000/0.9982 flip 0.370 | 0.5 s | RAM 6.5 GB
  w151/171 t=150 iou 0.7605 mean 0.6886 pooled 0.6738 | ctl 1.0000/0.9964 flip 0.395 | 0.5 s | RAM 6.6 GB
  w152/171 t=151 iou 0.7723 mean 0.6891 pooled 0.6743 | ctl 1.0000/0.9955 flip 0.415 | 0.5 s | RAM 6.6 GB
  w153/171 t=152 iou 0.7531 mean 0.6896 pooled 0.6747 | ctl 1.0000/0.9964 flip 0.466 | 0.5 s | RAM 6.6 GB
  w154/171 t=153 iou 0.7598 mean 0.6900 pooled 0.6752 | ctl 1.0000/0.9954 flip 0.483 | 0.5 s | RAM 6.6 GB
  w155/171 t=154 iou 0.7564 mean 0.6904 pooled 0.6756 | ctl 1.0000/0.9963 flip 0.508 | 0.5 s | RAM 6.5 GB
  w156/171 t=155 iou 0.8157 mean 0.6912 pooled 0.6763 | ctl 1.0000/0.9962 flip 0.543 | 0.5 s | RAM 6.6 GB
  w157/171 t=156 iou 0.8285 mean 0.6921 pooled 0.6770 | ctl 1.0000/0.9953 flip 0.560 | 0.5 s | RAM 6.6 GB
  w158/171 t=157 iou 0.8319 mean 0.6930 pooled 0.6777 | ctl 1.0000/0.9961 flip 0.582 | 0.5 s | RAM 6.6 GB
  w159/171 t=158 iou 0.8383 mean 0.6939 pooled 0.6784 | ctl 1.0000/0.9941 flip 0.605 | 0.5 s | RAM 6.5 GB
  w160/171 t=159 iou 0.8533 mean 0.6949 pooled 0.6791 | ctl 1.0000/0.9951 flip 0.614 | 0.5 s | RAM 6.6 GB
  w161/171 t=160 iou 0.8587 mean 0.6959 pooled 0.6799 | ctl 1.0000/0.9950 flip 0.632 | 0.5 s | RAM 6.6 GB
  w162/171 t=161 iou 0.8677 mean 0.6970 pooled 0.6807 | ctl 1.0000/0.9970 flip 0.634 | 0.5 s | RAM 6.6 GB
  w163/171 t=162 iou 0.8508 mean 0.6979 pooled 0.6814 | ctl 1.0000/0.9980 flip 0.641 | 0.5 s | RAM 6.5 GB
  w164/171 t=163 iou 0.8501 mean 0.6989 pooled 0.6821 | ctl 1.0000/0.9990 flip 0.645 | 0.5 s | RAM 6.6 GB
  w165/171 t=164 iou 0.8597 mean 0.6998 pooled 0.6828 | ctl 1.0000/0.9990 flip 0.652 | 0.5 s | RAM 6.6 GB
  w166/171 t=165 iou 0.8639 mean 0.7008 pooled 0.6836 | ctl 1.0000/0.9969 flip 0.655 | 0.5 s | RAM 6.6 GB
  w167/171 t=166 iou 0.8646 mean 0.7018 pooled 0.6843 | ctl 1.0000/0.9968 flip 0.664 | 0.5 s | RAM 6.7 GB
  w168/171 t=167 iou 0.8559 mean 0.7027 pooled 0.6850 | ctl 1.0000/0.9968 flip 0.664 | 0.5 s | RAM 6.6 GB
  w169/171 t=168 iou 0.8670 mean 0.7037 pooled 0.6857 | ctl 1.0000/0.9979 flip 0.665 | 0.6 s | RAM 6.6 GB
  w170/171 t=169 iou 0.8609 mean 0.7046 pooled 0.6864 | ctl 1.0000/0.9968 flip 0.665 | 0.6 s | RAM 6.5 GB
  w171/171 t=170 iou 0.8632 mean 0.7056 pooled 0.6870 | ctl 1.0000/0.9978 flip 0.662 | 0.6 s | RAM 6.5 GB
[clip 3] 34765c024267 right: mean IoU 0.7055501114132188 pooled 0.6870320130222464 (n=171); controls {"n": 171, "consistent_iou_eq_1": 171, "consistent_union0": 0, "consistent_min_iou": 1.0, "onehot_iou_min": 0.9900662251655629, "onehot_iou_sum": 170.293546596603, "n_mixed_total": 1125, "n_impossible_total": 0, "panel_equal": 0, "panel_checked": 0, "consistent_panel_equal": 0, "mut_flip_iou_max": 0.6677713338856669, "mut_flip_red": 171, "mut_chan_red": 171, "cellcount_agree": 171, "onehot_iou_mean": 0.9958686935473859, "pixel_check_on_this_clip": false}
[mapvid:dump] 1000 unique windows wanted (513 already dumped by the render); 487 forwards to run; 1 window picks skipped (clip has no SAM3 GT file)
[mapvid:dump] 50/487 (84 s, RAM 6.7 GB)
[mapvid:dump] 100/487 (173 s, RAM 5.7 GB)
[mapvid:dump] 150/487 (214 s, RAM 4.9 GB)
[mapvid:dump] 200/487 (233 s, RAM 4.6 GB)
[mapvid:dump] 250/487 (253 s, RAM 4.5 GB)
[mapvid:dump] 300/487 (294 s, RAM 5.0 GB)
[mapvid:dump] 350/487 (320 s, RAM 5.1 GB)
[mapvid:dump] 400/487 (340 s, RAM 5.1 GB)
[mapvid:dump] 450/487 (361 s, RAM 5.2 GB)
[mapvid:dump] done: 1000 windows -> C:\Users\Admin\qland\work\mapvid\mapdump_step38000 (387.9 s); by set {'inrun_eval': 127, 'boxes_clip': 513, 'map_clip': 513, 'inrun_perm_ext': 20}
==============================================================================
FILE        D:\Projects\TanitAD\FlyWheels\TanitAD_EvalFlyWheel\incoming\2026-09-26-refcv6-boxes-video\raw\refcv6_boxes_step38000.mp4
size        47,698,486 B = 45.49 MiB   [OVER the 30 MiB delivery limit]
codec       h264 / High pix=yuv420p
dimensions  1920x1200   (container metadata)
avg_fps     10.000      duration 58.80 s
DECODED     588 frames   decode_clean=True
consistency n/fps = 58.80 s vs container 58.80 s
==============================================================================
FILE        D:\Projects\TanitAD\FlyWheels\TanitAD_EvalFlyWheel\incoming\2026-09-26-refcv6-boxes-video\raw\refcv6_boxes_step38000_small.mp4
size        19,578,018 B = 18.67 MiB   [UNDER the 30 MiB delivery limit]
codec       h264 / High pix=yuv420p
dimensions  1600x1000   (container metadata)
avg_fps     10.000      duration 58.80 s
DECODED     588 frames   decode_clean=True
consistency n/fps = 58.80 s vs container 58.80 s
==============================================================================

[mapvid] wrote done-marker C:/Users/Admin/qland/work/mapvid/BOXES_DONE: {"status": "ok", "t": "2026-09-26T23:00:47", "tool": "render_refcv6_map_video.py", "video": "D:\\Projects\\TanitAD\\FlyWheels\\TanitAD_EvalFlyWheel\\incoming\\2026-09-26-refcv6-boxes-video\\raw\\refcv6_boxes_step38000.mp4", "bytes": 47698486, "frames": 588, "clips": [{"sha12": "0191487845ef", "nav": "right", "iou_mean": 0.6166859921668463, "n": 171, "box3d_ap_2m_bev": 0.2576376089462646, "box3d_n_targets": 13726}, {"sha12": "9f8bedcfb9de", "nav": "right", "iou_mean": 0.4653281128570455, "n": 171, "box3d_ap_2m_bev": 0.1342163140289718, "box3d_n_targets": 4192}, {"sha12": "34765c024267", "nav": "right", "iou_mean": 0.7055501114132188, "n": 171, "box3d_ap_2m_bev": 0.36011438712963173, "box3d_n_targets": 3590}], "map_dump": {"n_windows": 1000, "dir": "C:\\Users\\Admin\\qland\\work\\mapvid\\mapdump_step38000"}, "wall_s": 1590.5}
[mapvid] DONE D:\Projects\TanitAD\FlyWheels\TanitAD_EvalFlyWheel\incoming\2026-09-26-refcv6-boxes-video\raw\refcv6_boxes_step38000.mp4 (47,698,486 B, 588 frames) in 1590.5 s; RAM {"floor_gb": 8.0, "min_available_gb": 4.29, "process_peak_working_set_gb": 3.84, "kill_mode": false, "n_samples_below_floor": 1957}
EXIT=0
