[mapvid:gate] {"ok": false, "gpu_used_mib": 1498, "python_compute": [], "self_pids_excluded": [47340], "free_ram_gb": 6.74, "rule": "used<4300 MiB, no other python compute, free RAM>=8.0 GB", "t": "2026-09-26T22:13:01"}
[mapvid:gate] {"ok": false, "gpu_used_mib": 1465, "python_compute": [], "self_pids_excluded": [47340], "free_ram_gb": 5.81, "rule": "used<4300 MiB, no other python compute, free RAM>=8.0 GB", "t": "2026-09-26T22:14:01"}
[mapvid:gate] {"ok": false, "gpu_used_mib": 1560, "python_compute": [], "self_pids_excluded": [47340], "free_ram_gb": 4.66, "rule": "used<4300 MiB, no other python compute, free RAM>=8.0 GB", "t": "2026-09-26T22:15:02"}
[mapvid:gate] {"ok": false, "gpu_used_mib": 1519, "python_compute": [], "self_pids_excluded": [47340], "free_ram_gb": 5.23, "rule": "used<4300 MiB, no other python compute, free RAM>=8.0 GB", "t": "2026-09-26T22:16:03"}
[mapvid:gate] {"ok": false, "gpu_used_mib": 1555, "python_compute": [], "self_pids_excluded": [47340], "free_ram_gb": 5.52, "rule": "used<4300 MiB, no other python compute, free RAM>=8.0 GB", "t": "2026-09-26T22:17:04"}
[mapvid:gate] {"ok": false, "gpu_used_mib": 1497, "python_compute": [], "self_pids_excluded": [47340], "free_ram_gb": 5.04, "rule": "used<4300 MiB, no other python compute, free RAM>=8.0 GB", "t": "2026-09-26T22:18:04"}
[mapvid:gate] {"ok": false, "gpu_used_mib": 1453, "python_compute": [], "self_pids_excluded": [47340], "free_ram_gb": 6.03, "rule": "used<4300 MiB, no other python compute, free RAM>=8.0 GB", "t": "2026-09-26T22:19:05"}
[mapvid:gate] {"ok": false, "gpu_used_mib": 1468, "python_compute": [], "self_pids_excluded": [47340], "free_ram_gb": 6.56, "rule": "used<4300 MiB, no other python compute, free RAM>=8.0 GB", "t": "2026-09-26T22:20:06"}
[mapvid:gate] {"ok": false, "gpu_used_mib": 1439, "python_compute": [], "self_pids_excluded": [47340], "free_ram_gb": 6.98, "rule": "used<4300 MiB, no other python compute, free RAM>=8.0 GB", "t": "2026-09-26T22:21:06"}
[mapvid:gate] {"ok": false, "gpu_used_mib": 1406, "python_compute": [], "self_pids_excluded": [47340], "free_ram_gb": 7.29, "rule": "used<4300 MiB, no other python compute, free RAM>=8.0 GB", "t": "2026-09-26T22:22:07"}
[mapvid:gate] {"ok": false, "gpu_used_mib": 1431, "python_compute": [], "self_pids_excluded": [47340], "free_ram_gb": 4.35, "rule": "used<4300 MiB, no other python compute, free RAM>=8.0 GB", "t": "2026-09-26T22:23:08"}
[mapvid:gate] {"ok": false, "gpu_used_mib": 1380, "python_compute": [], "self_pids_excluded": [47340], "free_ram_gb": 4.21, "rule": "used<4300 MiB, no other python compute, free RAM>=8.0 GB", "t": "2026-09-26T22:24:09"}
[mapvid:gate] {"ok": false, "gpu_used_mib": 1419, "python_compute": [], "self_pids_excluded": [47340], "free_ram_gb": 4.38, "rule": "used<4300 MiB, no other python compute, free RAM>=8.0 GB", "t": "2026-09-26T22:25:10"}
[mapvid:gate] {"ok": false, "gpu_used_mib": 1561, "python_compute": [], "self_pids_excluded": [47340], "free_ram_gb": 3.7, "rule": "used<4300 MiB, no other python compute, free RAM>=8.0 GB", "t": "2026-09-26T22:26:11"}
[mapvid:gate] {"ok": false, "gpu_used_mib": 1515, "python_compute": [], "self_pids_excluded": [47340], "free_ram_gb": 6.3, "rule": "used<4300 MiB, no other python compute, free RAM>=8.0 GB", "t": "2026-09-26T22:27:12"}
[mapvid:gate] {"ok": true, "gpu_used_mib": 1513, "python_compute": [], "self_pids_excluded": [47340], "free_ram_gb": 8.49, "rule": "used<4300 MiB, no other python compute, free RAM>=8.0 GB", "t": "2026-09-26T22:28:13"}
[mapvid] mode=render device=cuda RAM available 8.54 GB, floor 8.0
[mapvid] ckpt md5 5a2e7222a9f5f8c7aa7bf38ef4698d8a (== expected), config md5 a3193a4685ce0d07a6ae6b89fdc994a8 (== expected); in-run eval_map_iou_drivable @ 38000 = 0.67629
[v3] anchors: artifact anchors (117, 8, 2), controls (117, 2), units=alat (file), schedule=constant, horizon_s=6.0, dt=0.1, ref_speed_ms=10.0, kappa_cap=0.12, alat_v_floor=4.0, schema=tanitad.anchor_artifact/1
[v3] rig camera = PER-CLIP EXTRINSICS from D:\refcv6_eval_kit\data\refcv6_train_eval139_extrinsics.json (4508 clips, z 1.203-1.687 m, pitch -0.0755..+0.0683 rad)
[v3] ⚠️ a rig camera is built but --agent-w-project and --agent-w-ground are both 0: neither monocular term contributes. That is a legal ablation baseline and the stamp records it, but it is not a projection arm.
[v3] refcv6 coupling (1) ON: d_bev=96 learned_offsets=False offset_max_m=2 -> 4 decoder layers
[v3] withheld bank: mode=fixed warmup=0 speed_max=35.0 m/s pool=None
[mapvid] equalize_bottom_rows: argv 43, trunk as BUILT 0, lift bank 43
[mapvid] model built (5.1 s) step 38000 strict 0/0, window 8, horizons (5, 10, 15, 20, 30, 40, 50, 60), mode diffusion, sampler ddim, steps 2, valid-mask True, RAM avail 6.05 GB
[v2] D:\refcv6_eval_kit\data\refcv6-b1-416x1024-eval139: 139 providers (channels 9, 416x1024 px), episode ids from 'episode_uid' [collision-free; the as-built 16-bit ids would give only 139 distinct for 139 clips]
[v2] 139 providers, 139 distinct episode ids
[v3] nav_from_v7: follow 88 / left 13 / right 38, missing 0 (of 139 clips; md5=eefc38d1453bd1c73802d44d45affced)
[v3] max_speed_input_v6 (4-way one-hot): 147/147 sidecar rows carry a ceiling, 23772/23772 windows fed (100.0 %), 1 clips ABOVE the 120 km/h top step (clamped, and on those the fed ceiling is one the ego demonstrably exceeded)
[v3] agent join: 139/139 episodes (stable-63bit), 22663/23772 windows labelled (95.3 %), 776801 prefilter target boxes, pad 397
[v3] SAM3 map GT: 23430/23772 windows covered (0.9856, floor 0.90, verdict PASS) over 139 clips; states {'ok': 23430, 'no_file': 342, 'frame_out_of_range': 0, 'inconclusive': 0}; layouts ['flat_sha12']
[mapvid] selection: 137/139 clips fully covered; chosen right=0191487845ef (171 w, 7021 boxes<=30m, turn 12.4 deg), right=9f8bedcfb9de (171 w, 2779 boxes<=30m, turn 1.5 deg), right=34765c024267 (171 w, 1963 boxes<=30m, turn 75.37 deg); turn swap {'out': 'e902aba7fb9a', 'in': '34765c024267', 'in_rank': 5}  [78.2 s]
[v2] D:\refcv6_eval_kit\data\refcv6-b1-416x1024-eval139: 139 providers (channels 9, 416x1024 px), episode ids from 'episode_uid' [collision-free; the as-built 16-bit ids would give only 139 distinct for 139 clips]
[v2] 139 providers, 139 distinct episode ids
[v3] nav_from_v7: follow 0 / left 0 / right 1, missing 0 (of 1 clips; md5=eefc38d1453bd1c73802d44d45affced)
[v3] max_speed_input_v6 (4-way one-hot): 147/147 sidecar rows carry a ceiling, 171/171 windows fed (100.0 %), 1 clips ABOVE the 120 km/h top step (clamped, and on those the fed ceiling is one the ego demonstrably exceeded)
[v3] agent join: 1/1 episodes (stable-63bit), 171/171 windows labelled (100.0 %), 38444 prefilter target boxes, pad 397
[v3] SAM3 map GT: 171/171 windows covered (1.0000, floor 0.90, verdict PASS) over 1 clips; states {'ok': 171, 'no_file': 0, 'frame_out_of_range': 0, 'inconclusive': 0}; layouts ['flat_sha12']
[mapvid] render dataset: 1 episodes -> 171 windows; map_gt {"ok": 171, "no_file": 0, "frame_out_of_range": 0, "inconclusive": 0}; RAM avail 6.46 GB
[clip 1/1] 0191487845ef nav=right windows 2/171; 416x1024 cylindrical f_ref 488.924 · cam h 1.348 m, fwd 2.003 m, pitch-down +1.70° (MEASURED per-clip)
  [projector cross-check] CylProjector vs model RigCamera on 12 ground points: max 0.00e+00 px
  [draw-independence] {"seeds": [0, 1], "map_logits_max_abs_diff": 0.0, "drivable_mask_identical": true, "argmax_identical": true, "iou_seed_a": 0.6186023622047244, "iou_seed_b": 0.6186023622047244, "traj_max_abs_diff_m": 8.256826400756836}
  w001/2 t=0 iou 0.6186 mean 0.6186 pooled 0.6186 | ctl 1.0000/0.9890 flip 0.579 | 5.5 s | RAM 4.9 GB
  w002/2 t=1 iou 0.6402 mean 0.6294 pooled 0.6294 | ctl 1.0000/0.9870 flip 0.578 | 0.6 s | RAM 4.9 GB
[clip 1] 0191487845ef right: mean IoU 0.6293992203180485 pooled 0.6294204322200393 (n=2); controls {"n": 2, "consistent_iou_eq_1": 2, "consistent_union0": 0, "consistent_min_iou": 1.0, "onehot_iou_min": 0.9870197300103842, "onehot_iou_sum": 1.9760479431765283, "n_mixed_total": 46, "n_impossible_total": 0, "panel_equal": 2, "panel_checked": 2, "consistent_panel_equal": 2, "mut_flip_iou_max": 0.5788156797331109, "mut_flip_red": 2, "mut_chan_red": 2, "cellcount_agree": 2, "onehot_iou_mean": 0.9880239715882642, "pixel_check_on_this_clip": true}
[mapvid:dump] 4 unique windows wanted (2 already dumped by the render); 2 forwards to run; 0 window picks skipped (clip has no SAM3 GT file)
[mapvid:dump] done: 4 windows -> C:\Users\Admin\qland\work\mapvid\mapdump_gpusmoke (4.7 s); by set {'inrun_eval': 2, 'boxes_clip': 2, 'map_clip': 0, 'inrun_perm_ext': 0}
==============================================================================
FILE        D:\Projects\TanitAD\FlyWheels\TanitAD_EvalFlyWheel\incoming\2026-09-26-refcv6-boxes-video\raw\smoke_gpu\refcv6_boxes_step38000_gpusmoke.mp4
size        645,920 B = 0.62 MiB   [UNDER the 30 MiB delivery limit]
codec       h264 / High pix=yuv420p
dimensions  1920x1200   (container metadata)
avg_fps     10.000      duration 2.70 s
DECODED     27 frames   decode_clean=True
consistency n/fps = 2.70 s vs container 2.70 s
==============================================================================

[mapvid] DONE D:\Projects\TanitAD\FlyWheels\TanitAD_EvalFlyWheel\incoming\2026-09-26-refcv6-boxes-video\raw\smoke_gpu\refcv6_boxes_step38000_gpusmoke.mp4 (645,920 B, 27 frames) in 1179.2 s; RAM {"floor_gb": 8.0, "min_available_gb": 4.73, "process_peak_working_set_gb": 2.68, "kill_mode": false, "n_samples_below_floor": 526}
EXIT=0
