[v3] anchors: artifact anchors (117, 8, 2), controls (117, 2), units=alat (cli-override-legacy-file), horizon_s=None, dt=None, ref_speed_ms=None, kappa_cap=None, alat_v_floor=None, schema=None
[v3] anchors: loaded (117, 8, 2) from C:\Users\Admin\run_wbank\refc_anchors_6s_v0cond_alat_117.pt (sha256 51f930dc6f3564ff)
[v3] anchors: v0-CONDITIONED, controls (117, 2) (accel, lateral accel), units=alat (source: cli-override-legacy-file), rolled per window; withheld rows at 10.0 m/s. straight-ahead control present: True
[parity] ⚠ NON-PARITY corpus for *train* cache: C:\Users\Admin\tanitad-data\physicalai\_epcache\physicalai-train-14231cd29c74 references no registered parity key (physicalai-train-e438721ae894 / physicalai-val-0c5f7dac3b11). Results off it are NOT cross-arm comparable with the parity arms.
[v3] 48 episodes from C:\Users\Admin\tanitad-data\physicalai\_epcache\physicalai-train-14231cd29c74
[v3] 48 episodes -> 8199 windows (window 8, max_horizon 20, image_hw (256, 256), tac_vocab kin3)
[v3] u8_batches=False: frames+future_frames = 0.793 GB per collated batch (float32), <= 1 in flight -> ~0.79 GB
[v3] withheld bank: mode=none warmup=0 speed_max=35.0 m/s pool=None
[v3:hier] step 50 loss 42.0182 traj 4.5279
[v3:hier] step 100 loss 22.8630 traj 2.3401
[v3:hier] step 150 loss 17.7018 traj 1.9411
[v3:hier] step 200 loss 18.2486 traj 2.2782
[v3:hier] step 250 loss 15.8559 traj 1.6394
[v3:hier] step 300 loss 15.4502 traj 1.6212
[v3:hier] step 350 loss 17.5889 traj 1.6983
[v3:hier] step 400 loss 11.4807 traj 1.2805
[v3:hier] step 450 loss 14.5427 traj 1.4515
[v3:hier] step 500 loss 16.4587 traj 1.8615
[v3:hier] step 550 loss 14.2727 traj 1.9731
[v3:hier] step 600 loss 13.0268 traj 1.4771
[v3:hier] step 650 loss 18.9677 traj 2.0381
[v3:hier] step 700 loss 12.6939 traj 1.5872
[v3:hier] step 750 loss 12.6426 traj 1.4676
[v3:hier] step 800 loss 11.1597 traj 1.1738
[v3:hier] step 850 loss 13.4731 traj 1.2657
[v3:hier] step 900 loss 12.8963 traj 1.4525
[v3:hier] step 950 loss 10.2501 traj 1.3328
[v3:hier] step 1000 loss 12.3473 traj 1.4759
[v3:hier] step 1050 loss 9.3745 traj 1.3048
[v3:hier] step 1100 loss 10.4124 traj 1.3000
[v3:hier] step 1150 loss 8.6294 traj 0.9301
[v3:hier] step 1200 loss 7.8588 traj 1.1430
[v3:hier] step 1250 loss 9.2340 traj 1.2462
[v3:hier] step 1300 loss 10.0445 traj 1.3126
[v3:hier] step 1350 loss 8.9494 traj 1.1903
[v3:hier] step 1400 loss 9.2152 traj 1.0280
[v3:hier] step 1450 loss 7.3828 traj 0.9001
[v3:hier] step 1500 loss 7.8821 traj 0.9555
[v3:hier] step 1550 loss 9.5064 traj 1.2904
[v3:hier] step 1600 loss 7.5200 traj 0.9055
[v3:hier] step 1650 loss 6.7345 traj 0.8088
[v3:hier] step 1700 loss 8.8587 traj 0.9233
[v3:hier] step 1750 loss 9.5355 traj 1.3626
[v3:hier] step 1800 loss 6.6431 traj 0.7115
[v3:hier] step 1850 loss 5.8368 traj 1.0410
[v3:hier] step 1900 loss 7.3483 traj 1.0795
[v3:hier] step 1950 loss 6.6907 traj 0.9426
[v3:hier] step 2000 loss 7.0415 traj 0.9651
[v3:hier] ckpt step 2000 -> ckpt.pt
[v3:hier] DONE at 2000 — summary.json written
