[v3] rig camera = PER-CLIP EXTRINSICS from D:/Projects/TanitAD-artifacts/refcv5v2_final/extrinsics141.json (141 clips, z 1.213-1.662 m, pitch -0.0461..+0.0426 rad)
[v3] ⚠️ a rig camera is built but --agent-w-project and --agent-w-ground are both 0: neither monocular term contributes. That is a legal ablation baseline and the stamp records it, but it is not a projection arm.
[v3] agent join: 62/62 episodes (stable-63bit), 9929/10600 windows labelled (93.7 %), 367351 prefilter target boxes, pad 32
[s1] 1/736 windows, 6.84 s/window
[s1] 26/736 windows, 9.12 s/window
[s1] 51/736 windows, 9.25 s/window
[s1] 76/736 windows, 9.01 s/window
[s1] 101/736 windows, 8.82 s/window
[s1] 126/736 windows, 8.68 s/window
[s1] 151/736 windows, 8.52 s/window
[s1] 176/736 windows, 8.41 s/window
[s1] 201/736 windows, 8.42 s/window
[s1] 226/736 windows, 8.42 s/window
[s1] 251/736 windows, 8.36 s/window
[s1] 276/736 windows, 8.34 s/window
[s1] 301/736 windows, 8.35 s/window
[s1] 326/736 windows, 8.37 s/window
[s1] 351/736 windows, 8.34 s/window
[s1] 376/736 windows, 8.29 s/window
[s1] 401/736 windows, 8.27 s/window
[s1] 426/736 windows, 8.23 s/window
[s1] 451/736 windows, 8.19 s/window
[s1] 476/736 windows, 8.14 s/window
[s1] 501/736 windows, 8.09 s/window
[s1] 526/736 windows, 8.04 s/window
[s1] 551/736 windows, 7.99 s/window
[s1] 576/736 windows, 7.95 s/window
[s1] 601/736 windows, 7.93 s/window
[s1] 626/736 windows, 7.90 s/window
[s1] 651/736 windows, 7.88 s/window
[s1] 676/736 windows, 7.86 s/window
[s1] 701/736 windows, 7.83 s/window
[s1] 726/736 windows, 7.80 s/window
[s1] pass done: 736 rows, 7.796592067117277 s/window, replicate {'windows': 50, 'selection_or_nc_diffs': 0, 'passed': True}
S1 VERDICT: PRED NOT QUOTABLE -- the box read failed its pre-registered bar; the next lever is box-head quality (PREREG_S1 §10) | recovery -11.6 % < 10 % of the ceiling: PREREG_S1 §10's pre-committed reading -- the next work is perception quality | collided {'BASE': 0.2174, 'RANDOM': 0.3637, 'GATE_ORACLE': 0.0299, 'GATE_CONST': 0.2174, 'GATE_PRED': 0.2391, 'ORACLE_CV': 0.1196}
