{"extent_m": [60.0, 16.0], "grad_ckpt": false, "lift_grid": [240, 128], "out_hw": [600, 320], "params_branch": {"lift": 131200, "encoder": 406912, "refine": 20936, "total": 559048}, "params_pool": 6336, "saved_bytes_b1": 467833796, "saved_GiB_b16": 6.971, "cpu_fwd_s_b1": 0.229, "cpu_bwd_s_b1": 0.517}
{"extent_m": [60.0, 16.0], "grad_ckpt": true, "lift_grid": [240, 128], "out_hw": [600, 320], "params_branch": {"lift": 131200, "encoder": 406912, "refine": 20936, "total": 559048}, "params_pool": 6336, "saved_bytes_b1": 40210500, "saved_GiB_b16": 0.599, "cpu_fwd_s_b1": 1.021, "cpu_bwd_s_b1": 0.77}
{"extent_m": [100.0, 30.0], "grad_ckpt": false, "lift_grid": [400, 240], "out_hw": [1000, 600], "params_branch": {"lift": 131200, "encoder": 406912, "refine": 20936, "total": 559048}, "params_pool": 6336, "saved_bytes_b1": 1429669316, "saved_GiB_b16": 21.304, "cpu_fwd_s_b1": 0.849, "cpu_bwd_s_b1": 1.652}
{"extent_m": [100.0, 30.0], "grad_ckpt": true, "lift_grid": [400, 240], "out_hw": [1000, 600], "params_branch": {"lift": 131200, "encoder": 406912, "refine": 20936, "total": 559048}, "params_pool": 6336, "saved_bytes_b1": 93348420, "saved_GiB_b16": 1.391, "cpu_fwd_s_b1": 0.757, "cpu_bwd_s_b1": 2.141}
{
 "method": "saved_tensors_hooks, distinct storages, fp32, batch 1 x 16",
 "rows": [
  {
   "extent_m": [
    60.0,
    16.0
   ],
   "grad_ckpt": false,
   "lift_grid": [
    240,
    128
   ],
   "out_hw": [
    600,
    320
   ],
   "params_branch": {
    "lift": 131200,
    "encoder": 406912,
    "refine": 20936,
    "total": 559048
   },
   "params_pool": 6336,
   "saved_bytes_b1": 467833796,
   "saved_GiB_b16": 6.971,
   "cpu_fwd_s_b1": 0.229,
   "cpu_bwd_s_b1": 0.517
  },
  {
   "extent_m": [
    60.0,
    16.0
   ],
   "grad_ckpt": true,
   "lift_grid": [
    240,
    128
   ],
   "out_hw": [
    600,
    320
   ],
   "params_branch": {
    "lift": 131200,
    "encoder": 406912,
    "refine": 20936,
    "total": 559048
   },
   "params_pool": 6336,
   "saved_bytes_b1": 40210500,
   "saved_GiB_b16": 0.599,
   "cpu_fwd_s_b1": 1.021,
   "cpu_bwd_s_b1": 0.77
  },
  {
   "extent_m": [
    100.0,
    30.0
   ],
   "grad_ckpt": false,
   "lift_grid": [
    400,
    240
   ],
   "out_hw": [
    1000,
    600
   ],
   "params_branch": {
    "lift": 131200,
    "encoder": 406912,
    "refine": 20936,
    "total": 559048
   },
   "params_pool": 6336,
   "saved_bytes_b1": 1429669316,
   "saved_GiB_b16": 21.304,
   "cpu_fwd_s_b1": 0.849,
   "cpu_bwd_s_b1": 1.652
  },
  {
   "extent_m": [
    100.0,
    30.0
   ],
   "grad_ckpt": true,
   "lift_grid": [
    400,
    240
   ],
   "out_hw": [
    1000,
    600
   ],
   "params_branch": {
    "lift": 131200,
    "encoder": 406912,
    "refine": 20936,
    "total": 559048
   },
   "params_pool": 6336,
   "saved_bytes_b1": 93348420,
   "saved_GiB_b16": 1.391,
   "cpu_fwd_s_b1": 0.757,
   "cpu_bwd_s_b1": 2.141
  }
 ],
 "removed_refcv6_s16_path": {
  "params": {
   "lift": 524544,
   "bev_encoder": 785280,
   "map_head": 873,
   "box_memory": 0,
   "box_decoder": 0,
   "total": 1310697
  },
  "saved_bytes_b1": 215962240,
  "saved_GiB_b16": 3.218
 },
 "host": {
  "python": "3.13.5",
  "torch": "2.11.0+cu128"
 }
}
EXIT 0
