ERROR: unable to download video data: HTTP Error 403: Forbidden
[13:18:12] GEOMETRY = GeoCalib per-video (distorted/cuda; fixed-HFOV 100.0 deg fallback)
[13:18:12] anonymizer ready: face=2 plate=1 body=1 cascades; allow_noncc=True
[13:18:14]   query [4k city driving downtown] -> 40 cumulative candidates
[13:18:14]   query [4k dashcam highway drive] -> 40 cumulative candidates
[13:18:16]   query [front dashcam long drive] -> 78 cumulative candidates
[13:18:16]   query [pov driving 4k highway] -> 80 cumulative candidates
[13:18:17]   query [dash cam full drive no cuts] -> 120 cumulative candidates
[13:18:17]   query [relaxing driving video highway] -> 114 cumulative candidates
[13:18:19]   query [4k driving tour city] -> 154 cumulative candidates
[13:18:19]   query [forward dashcam motorway drive] -> 157 cumulative candidates
[13:18:20]   query [night city drive 4k dashcam] -> 187 cumulative candidates
[13:18:20]   query [rainy dashcam drive highway] -> 197 cumulative candidates
[13:18:20] candidates: 0 channel + 187 search + 0 seed -> 187 unique
[13:18:20] candidates: 0 channel + 197 search + 0 seed -> 197 unique
[13:22:56]   [DjZ55qWXv1Y] '🇨🇦 Calgary, Alberta Downtown – Scenic Dr' dur=1205s cc=False geo=geocalib/medium hfov=67 -> 11 clips (total 61) anon f/p/b=0/17/231
[13:22:57]   [T4ppy6MlL4w] 'The Truth About Dash Cams from an Ex-Cop' dur=512s cc=False geo=geocalib/high hfov=42 -> 1 clips (total 51) anon f/p/b=94/154/31
[13:26:23]   [GQIy_aOIxGI] 'The BEST Front and Rear Dash Cam (2025 P' dur=601s cc=False geo=geocalib_fallback/low hfov=100 -> 0 clips (total 51) anon f/p/b=115/2372/12
[13:26:30]   [lAFzDVzsk24] 'Volkswagen Polo GTI - Realistic POV Driv' dur=1092s cc=False geo=geocalib/medium hfov=87 -> 10 clips (total 71) anon f/p/b=39/30/34
[13:29:37]   [YCmMvZ8StZQ] '▶️ 5 Best Front and Rear Dash Cameras (2' dur=536s cc=False geo=geocalib_fallback/low hfov=100 -> 0 clips (total 51) anon f/p/b=128/1199/55
[13:29:48]   [-z_SvMblSBA] 'POV DRIVE ~ 2025 TOYOTA CAMRY SE AWD HIG' dur=1370s cc=False geo=geocalib/low hfov=66 -> 4 clips (total 75) anon f/p/b=166/6/22
[13:29:48] HARVEST DONE: 75 clips from 3 videos this call; rejects={'not_cc_kept': 9, 'bad_title': 0, 'duration': 6, 'dl_fail': 0, 'decode_fail': 0, 'no_license_field': 9, 'cc': 0}; licenses={'None': 9}
[13:29:48] WROTE /workspace/tmp/yt_scaleup/w1/manifest.json
[13:29:48] YT_SCALEUP_HARVEST_DONE
[13:31:58]   [3iBpLlQlW-8] 'Botslab G980H Review: The 4-Channel Dash' dur=297s cc=False geo=geocalib/medium hfov=44 -> 1 clips (total 52) anon f/p/b=471/13/64
[13:34:21]   [cQe53QNl630] 'How to Install TYPE S T402 Dual View 4K ' dur=331s cc=False geo=geocalib_fallback/low hfov=100 -> 0 clips (total 52) anon f/p/b=739/107/25
[13:37:34]   [iSwlSNGUhC8] 'Viofo A329S Fisheye Review: Best 360° Da' dur=475s cc=False geo=geocalib/medium hfov=50 -> 0 clips (total 52) anon f/p/b=472/136/18
[13:37:44]   dl fail [g8L5PJKTyRk]: DownloadError: ERROR: unable to download video data: HTTP Error 403: Forbidden
[13:40:27]   [OookGOTyYKc] 'Where to Mount a Dash Cam? | Safe Drive ' dur=1267s cc=False geo=geocalib/high hfov=51 -> 10 clips (total 62) anon f/p/b=16/0/3
[13:43:22]   [YpqkYgBdaNQ] 'The Dash Cam That Sees EVERYTHING in 4K!' dur=352s cc=False geo=geocalib/low hfov=46 -> 5 clips (total 67) anon f/p/b=94/442/22
[13:45:50]   [ss2xteImDfg] 'Ditch Your Old Dashcam! I Replaced Mine ' dur=470s cc=False geo=geocalib_fallback/low hfov=100 -> 1 clips (total 68) anon f/p/b=1229/35/62
[13:47:03]   [RzDdggzoxgg] 'REDTIGER F7NT Touch Screen 4K Dash Cam I' dur=122s cc=False geo=geocalib/medium hfov=51 -> 3 clips (total 71) anon f/p/b=58/117/23
[13:49:12]   [zVg48PoeClk] 'Road Angel Pro Dash Cam Review | Real Fr' dur=452s cc=False geo=geocalib_fallback/low hfov=100 -> 1 clips (total 72) anon f/p/b=10/1279/8
[13:51:41]   [tIRhahj2a2U] 'I Turned My Action Camera Into a Dashcam' dur=263s cc=False geo=geocalib/low hfov=60 -> 3 clips (total 75) anon f/p/b=79/655/56
[13:51:41] HARVEST DONE: 75 clips from 8 videos this call; rejects={'not_cc_kept': 17, 'bad_title': 0, 'duration': 5, 'dl_fail': 1, 'decode_fail': 0, 'no_license_field': 17, 'cc': 0}; licenses={'None': 17, 'Creative Commons Attribution license (reuse allowed)': 1}
[13:51:41] WROTE /workspace/tmp/yt_scaleup/w0/manifest.json
[13:51:41] YT_SCALEUP_HARVEST_DONE
[13:56:52] GEOMETRY = GeoCalib per-video (distorted/cuda; fixed-HFOV 100.0 deg fallback)
[13:56:52] anonymizer ready: face=2 plate=1 body=1 cascades; allow_noncc=True
[13:56:54]   query [4k city driving downtown] -> 40 cumulative candidates
[13:56:54]   query [4k dashcam highway drive] -> 40 cumulative candidates
[13:56:56]   query [front dashcam long drive] -> 78 cumulative candidates
[13:56:56]   query [pov driving 4k highway] -> 78 cumulative candidates
[13:56:57]   query [dash cam full drive no cuts] -> 118 cumulative candidates
[13:56:57]   query [relaxing driving video highway] -> 115 cumulative candidates
[13:56:59]   query [4k driving tour city] -> 155 cumulative candidates
[13:56:59]   query [forward dashcam motorway drive] -> 157 cumulative candidates
[13:57:00]   query [rainy dashcam drive highway] -> 197 cumulative candidates
[13:57:01]   query [night city drive 4k dashcam] -> 192 cumulative candidates
[13:57:02]   query [4k pov driving country road] -> 231 cumulative candidates
[13:57:02]   query [suburban dashcam drive full] -> 229 cumulative candidates
[13:57:02] candidates: 0 channel + 229 search + 0 seed -> 229 unique
[13:57:02] candidates: 0 channel + 231 search + 0 seed -> 231 unique
[13:58:56]   [B51sXQl6SaA] 'How to Install the TYPE S T401 4K Dual V' dur=185s cc=False geo=geocalib/low hfov=46 -> 0 clips (total 75) anon f/p/b=109/142/4
[14:01:40]   [jjPQ7NJ361k] 'Toronto Front Street Walking Tour 🇨🇦 | D' dur=1251s cc=False geo=geocalib_fallback/low hfov=100 -> 12 clips (total 87) anon f/p/b=321/16/170
[14:02:15]   [eiOPTAocltQ] 'Cobra SC400D Smart DashCam Review - 4K' dur=263s cc=False geo=geocalib_fallback/low hfov=100 -> 0 clips (total 75) anon f/p/b=984/73/14
[14:04:22]   [BkuehddzOj0] '🚗 Drive from Séjoumi to Lac 1 🇹🇳 | Tunis' dur=1150s cc=False geo=geocalib/high hfov=91 -> 12 clips (total 99) anon f/p/b=16/22/16
[14:05:32]   [xeHFcOSEQ5o] 'Power YOUR Dashcam with this! (Dongar Pr' dur=558s cc=False geo=geocalib/medium hfov=54 -> 6 clips (total 81) anon f/p/b=109/417/19
[14:08:15]   [zIEPnJMKCjQ] 'REDTIGER F7NP Dual Dash Cam Review & Dri' dur=782s cc=False geo=geocalib/medium hfov=51 -> 0 clips (total 81) anon f/p/b=104/361/36
[14:08:19]   [-snaX_f6LHY] 'Toyota Fortuner 4x2 AT POV Driving | NH ' dur=1169s cc=False geo=geocalib/medium hfov=70 -> 1 clips (total 100) anon f/p/b=42/8/44
[14:08:19] HARVEST DONE: 100 clips from 3 videos this call; rejects={'not_cc_kept': 9, 'bad_title': 0, 'duration': 6, 'dl_fail': 0, 'decode_fail': 0, 'no_license_field': 9, 'cc': 0}; licenses={'None': 9}
[14:08:19] WROTE /workspace/tmp/yt_scaleup/w1/manifest.json
[14:08:19] YT_SCALEUP_HARVEST_DONE
[14:09:37]   [clxvuatULx0] 'How to install a dash cam into your car' dur=162s cc=False geo=geocalib/medium hfov=44 -> 0 clips (total 81) anon f/p/b=41/238/6
[14:11:06]   [zawP1WNv2TQ] 'Easy To Use Dash Cam For Cars' dur=174s cc=False geo=geocalib/low hfov=40 -> 6 clips (total 87) anon f/p/b=406/1/41
[14:13:30]   [ORJxH8OIW7U] 'This AI Dashcam from the Future Changes ' dur=441s cc=False geo=geocalib_fallback/low hfov=100 -> 7 clips (total 94) anon f/p/b=552/125/64
[14:14:35]   [3gZOkDmy-ag] 'Redtiger F7NP Dash Cam Install - II⭐' dur=87s cc=False geo=geocalib/medium hfov=49 -> 0 clips (total 94) anon f/p/b=21/135/9
[14:17:04]   [BMRQo_jzDxo] 'Caught in 4K! | Top 5 Best 4K Dash Cams ' dur=318s cc=False geo=geocalib/low hfov=54 -> 0 clips (total 94) anon f/p/b=115/649/51
[14:20:18]   [u8k5NjSk1cE] 'Best Dashcams 2025 - The Clear Winner Af' dur=1291s cc=False geo=geocalib_fallback/low hfov=100 -> 5 clips (total 99) anon f/p/b=91/4023/216
[14:26:06]   [P_hoDSrk9qs] 'How to Choose a Dash Cam with the PERFEC' dur=907s cc=False geo=geocalib/high hfov=58 -> 1 clips (total 100) anon f/p/b=142/7173/164
[14:26:06] HARVEST DONE: 100 clips from 5 videos this call; rejects={'not_cc_kept': 15, 'bad_title': 0, 'duration': 4, 'dl_fail': 0, 'decode_fail': 0, 'no_license_field': 15, 'cc': 0}; licenses={'None': 15}
[14:26:06] WROTE /workspace/tmp/yt_scaleup/w0/manifest.json
[14:26:06] YT_SCALEUP_HARVEST_DONE
