[12:33:31] PARALLEL SCALEUP START W=2 target=400 round_clips=25 seeds=4 sleep=4s
[12:33:31] geometry: harvest_scaleup decides inline (GeoCalib per-video if installed, else fixed-HFOV); see w*/harvest.log 'GEOMETRY ='
split 25 queries into 2 worker files
[12:33:49] ROUND 1: merged have 0, per-worker cap -> 25; launching 2 harvest workers
[12:33:49] waiting on workers: 2233990 2233992
[12:45:06] round 1 harvest done; encoding + merging
[12:49:42] ROUND 1 complete: merged latents = 50
manifest merged_latents 50 n_clips_total 50
[12:49:58] ROUND 2: merged have 50, per-worker cap -> 50; launching 2 harvest workers
[12:49:58] waiting on workers: 2508291 2508293
[13:12:54] round 2 harvest done; encoding + merging
[13:17:52] ROUND 2 complete: merged latents = 100
manifest merged_latents 100 n_clips_total 100
[13:18:08] ROUND 3: merged have 100, per-worker cap -> 75; launching 2 harvest workers
[13:18:08] waiting on workers: 2997028 2997030
[13:51:42] round 3 harvest done; encoding + merging
[13:56:31] ROUND 3 complete: merged latents = 150
manifest merged_latents 150 n_clips_total 150
[13:56:48] ROUND 4: merged have 150, per-worker cap -> 100; launching 2 harvest workers
[13:56:48] waiting on workers: 3650555 3650557
[14:26:07] round 4 harvest done; encoding + merging
[14:30:55] ROUND 4 complete: merged latents = 200
manifest merged_latents 200 n_clips_total 200
