[13:18:12] anonymizer ready: face=2 plate=1 body=1 cascades; allow_noncc=True
[13:18:12] GEOMETRY = GeoCalib per-video (distorted/cuda; fixed-HFOV 100.0 deg fallback)
[13:18:14]   query [4k dashcam highway drive] -> 40 cumulative candidates
[13:18:16]   query [front dashcam long drive] -> 78 cumulative candidates
[13:18:17]   query [relaxing driving video highway] -> 114 cumulative candidates
[13:18:19]   query [4k driving tour city] -> 154 cumulative candidates
[13:18:20]   query [night city drive 4k dashcam] -> 187 cumulative candidates
[13:18:20] candidates: 0 channel + 187 search + 0 seed -> 187 unique
[13:22:57]   [T4ppy6MlL4w] 'The Truth About Dash Cams from an Ex-Cop' dur=512s cc=False geo=geocalib/high hfov=42 -> 1 clips (total 51) anon f/p/b=94/154/31
[13:26:23]   [GQIy_aOIxGI] 'The BEST Front and Rear Dash Cam (2025 P' dur=601s cc=False geo=geocalib_fallback/low hfov=100 -> 0 clips (total 51) anon f/p/b=115/2372/12
[13:29:37]   [YCmMvZ8StZQ] '▶️ 5 Best Front and Rear Dash Cameras (2' dur=536s cc=False geo=geocalib_fallback/low hfov=100 -> 0 clips (total 51) anon f/p/b=128/1199/55
[13:31:58]   [3iBpLlQlW-8] 'Botslab G980H Review: The 4-Channel Dash' dur=297s cc=False geo=geocalib/medium hfov=44 -> 1 clips (total 52) anon f/p/b=471/13/64
[13:34:21]   [cQe53QNl630] 'How to Install TYPE S T402 Dual View 4K ' dur=331s cc=False geo=geocalib_fallback/low hfov=100 -> 0 clips (total 52) anon f/p/b=739/107/25
[13:37:34]   [iSwlSNGUhC8] 'Viofo A329S Fisheye Review: Best 360° Da' dur=475s cc=False geo=geocalib/medium hfov=50 -> 0 clips (total 52) anon f/p/b=472/136/18
ERROR: unable to download video data: HTTP Error 403: Forbidden
[13:37:44]   dl fail [g8L5PJKTyRk]: DownloadError: ERROR: unable to download video data: HTTP Error 403: Forbidden
[13:40:27]   [OookGOTyYKc] 'Where to Mount a Dash Cam? | Safe Drive ' dur=1267s cc=False geo=geocalib/high hfov=51 -> 10 clips (total 62) anon f/p/b=16/0/3
[13:43:22]   [YpqkYgBdaNQ] 'The Dash Cam That Sees EVERYTHING in 4K!' dur=352s cc=False geo=geocalib/low hfov=46 -> 5 clips (total 67) anon f/p/b=94/442/22
[13:45:50]   [ss2xteImDfg] 'Ditch Your Old Dashcam! I Replaced Mine ' dur=470s cc=False geo=geocalib_fallback/low hfov=100 -> 1 clips (total 68) anon f/p/b=1229/35/62
[13:47:03]   [RzDdggzoxgg] 'REDTIGER F7NT Touch Screen 4K Dash Cam I' dur=122s cc=False geo=geocalib/medium hfov=51 -> 3 clips (total 71) anon f/p/b=58/117/23
