[predictor] RESIDUAL_HEAD_INIT_SCALE=0.001  (identity-scale start)
[v6] ⛔ O6 RANK GATE CANNOT RULE AT THESE SETTINGS — it will report INCONCLUSIVE no matter what the representation does.
[v6]    --spectrum-accum 1 x 64 rows/call -> rank_ceiling 63, but the criterion needs 1024.
[v6]    USE --spectrum-accum 17 (cost: ~1 MB of CPU ring buffer).
[v6]    MEASURED 2026-08-22: v6F@20k effective rank 5.86 vs an absolute_floor of 64 — a COLLAPSED representation that this gate would have failed, had it been able to see.
[v6] params 8.71 M / budget 300 M · arm shared-encoder+adapters · per-group {'encoder': 0.04, 'readout': 0.0, 'predictor_op': 0.16, 'layer_tac': 3.45, 'layer_str': 3.33, 'planner': 0.14, 'aux': 1.59, 'interp': 0.0}
[v6] X3 isolation pass=True violations={'planner_to_encoder': 0, 'tactical_to_below': 0, 'strategic_to_below': 0}
[v6] declared-freeze preflight OK (dry-run): 0 frozen-external + 1 grad-unreachable subtree(s); directions A/A'/B checked
[gradreach] all 76 optimizer tensors received a gradient (3.59 M params, 100.0 % of the declared trainable budget)
[v6 dry 1] {"stage": "S-T", "seam_op": 0.9817845225334167, "t1_latent": 0.8487439155578613, "fan_mean_ade": 44.844451904296875, "fan_oracle_ade": 44.844451904296875, "plan_wta": 44.844451904296875, "plan_ade_0_2s": 15.538116455078125, "plan_ade_2_6s": 59.49762725830078, "loss": 46.67498016357422, "terms": ["plan", "seam", "t1"], "step": 1, "gnorm": 3.2286}
[v6 dry 2] {"stage": "S-T", "seam_op": 0.8831976056098938, "t1_latent": 0.7746302485466003, "fan_mean_ade": 36.64719772338867, "fan_oracle_ade": 36.64692306518555, "plan_wta": 36.64692306518555, "plan_ade_0_2s": 12.751611709594727, "plan_ade_2_6s": 48.594581604003906, "loss": 38.304752349853516, "terms": ["plan", "seam", "t1"], "step": 2, "gnorm": 6.5738}
[v6 dry 3] {"stage": "S-T", "seam_op": 0.8851472735404968, "t1_latent": 0.8313273787498474, "fan_mean_ade": 32.77001190185547, "fan_oracle_ade": 32.76921081542969, "plan_wta": 32.76921081542969, "plan_ade_0_2s": 11.356226921081543, "plan_ade_2_6s": 43.47570037841797, "loss": 34.485687255859375, "terms": ["plan", "seam", "t1"], "step": 3, "gnorm": 8.0012}
[v6 dry 4] {"stage": "S-T", "seam_op": 0.9630453586578369, "t1_latent": 0.8842771053314209, "fan_mean_ade": 40.80520248413086, "fan_oracle_ade": 40.80220031738281, "plan_wta": 40.80220031738281, "plan_ade_0_2s": 14.355897903442383, "plan_ade_2_6s": 54.025352478027344, "loss": 42.64952087402344, "terms": ["plan", "seam", "t1"], "step": 4, "gnorm": 27.1989}
[v6] WARNING: effective-weight audit ran WITHOUT the command line, so 'did the operator ask for this?' is UNKNOWN and no weight could be refused for being discarded. The table below is still correct about default/effective/graph.
[v6] EFFECTIVE WEIGHTS (--stage S-T) -- default -> layer -> effective -> builds a graph?
[v6] term           flag                          default  asked  effective  src  graph  status          layer/mask/missing                                                                                                            
[v6] -------------  ----------------------------  -------  -----  ---------  ---  -----  --------------  ------------------------------------------------------------------------------------------------------------------------------
[v6] o1_ctrl        --w-o1-ctrl                   1        1      0          ?    no     OFF_BY_LAYER    layer=for_stage('S-T')                                                                                                        
[v6] o1_fact        --w-o1-fact                   1        1      0          ?    no     OFF_BY_LAYER    layer=for_stage('S-T')                                                                                                        
[v6] o1_scene       --w-o1-scene                  0.3      0.3    0          ?    no     OFF_BY_LAYER    layer=for_stage('S-T')                                                                                                        
[v6] o2_nearfield   --w-o2                        1        1      0          ?    no     OFF_BY_LAYER    layer=for_stage('S-T')                                                                                                        
[v6] o3_masked      --w-o3                        1        1      0          ?    no     OFF_BY_LAYER    layer=for_stage('S-T')                                                                                                        
[v6] o5_rollout     --w-o5                        1        1      0          ?    no     OFF_BY_LAYER    layer=for_stage('S-T')                                                                                                        
[v6] o6_sigreg      --w-o6                        0.1      0.1    0          ?    no     OFF_BY_LAYER    layer=for_stage('S-T')                                                                                                        
[v6] o11_cf         --w-o11-cf                    0        0      0          ?    no     OFF_BY_DEFAULT                                                                                                                                
[v6] o13_ego        --w-o13-ego                   0        0      0          ?    no     OFF_BY_DEFAULT                                                                                                                                
[v6] o14_fut        --w-o14                       0        0      0          ?    no     OFF_BY_DEFAULT                                                                                                                                
[v6] t1_latent      --w-t1                        1        1      1          ?    yes    TRAINS                                                                                                                                        
[v6] s1_latent      --w-s1                        1        1      0          ?    no     OFF_BY_LAYER    layer=for_stage('S-T')                                                                                                        
[v6] lambda_plan    --lambda-plan                 1        1      1          ?    yes    TRAINS          layer=STAGE_LAMBDA_PLAN['S-T']                                                                                                
[v6] seam_op        (no flag: dataclass default)  1        1      1          ?    yes    TRAINS                                                                                                                                        
[v6] w_select       --w-select                    0        0      0          ?    no     OFF_BY_DEFAULT  missing=--selector none: there is no scorer to train                                                                          
[v6] w_anchor       --w-anchor                    0        0      0          ?    no     OFF_BY_DEFAULT  missing=--anchor-goal none: there is no anchor objective                                                                      
[v6] w_s2_goal      --w-s2-goal                   0        0      0          ?    no     OFF_BY_DEFAULT  layer=for_stage('S-T'); mask=s2_valid (+ g_str_valid/a_str_valid; v7.2 arg L1 is ALL-ZERO masked by V72_ARGS_SUPERVISED=False)
[v6] w_t2_contrast  --w-t2-contrast               0        0      0          ?    no     OFF_BY_DEFAULT  missing=no --t2-contrastive: the projector is never built                                                                     
[v6] w_t5_consist   --w-t5-consist                0        0      0          ?    no     OFF_BY_DEFAULT  missing=no --t5-pairs: windows are drawn INDEPENDENTLY, so the consistency term would compare unrelated episodes              
[v6] w_s1_multi     --w-s1-multi                  0        0      0          ?    no     OFF_BY_DEFAULT  layer=for_stage('S-T')                                                                                                        
[v6] o10_psg        --w-o10-psg                   0        0      0          ?    no     OFF_BY_DEFAULT  mask=psg_valid (per-clip: 1.0 only for clips in the train join)                                                               
[v6] 3/21 terms build a graph. A term with graph=no contributes EXACTLY zero gradient; 'p.grad is None' is the sound check, never the weight value.
[v6] stage gate INCONCLUSIVE -> C:\Users\Admin\v7f_r1r4\smoke\seeded\off\stage_gate.json
[v6] dry-run OK -> C:\Users\Admin\v7f_r1r4\smoke\seeded\off/dry_run.json + config.json + stage_gate.json (INCONCLUSIVE, _dry_run)
[predictor] RESIDUAL_HEAD_INIT_SCALE=0.001  (identity-scale start)
[v6] ⛔ O6 RANK GATE CANNOT RULE AT THESE SETTINGS — it will report INCONCLUSIVE no matter what the representation does.
[v6]    --spectrum-accum 1 x 64 rows/call -> rank_ceiling 63, but the criterion needs 1024.
[v6]    USE --spectrum-accum 17 (cost: ~1 MB of CPU ring buffer).
[v6]    MEASURED 2026-08-22: v6F@20k effective rank 5.86 vs an absolute_floor of 64 — a COLLAPSED representation that this gate would have failed, had it been able to see.
[v6] params 8.71 M / budget 300 M · arm shared-encoder+adapters · per-group {'encoder': 0.04, 'readout': 0.0, 'predictor_op': 0.16, 'layer_tac': 3.45, 'layer_str': 3.33, 'planner': 0.14, 'aux': 1.59, 'interp': 0.0}
[v6] X3 isolation pass=True violations={'planner_to_encoder': 0, 'tactical_to_below': 0, 'strategic_to_below': 0}
[v6] declared-freeze preflight OK (dry-run): 0 frozen-external + 1 grad-unreachable subtree(s); directions A/A'/B checked
[gradreach] all 78 optimizer tensors received a gradient (3.59 M params, 100.0 % of the declared trainable budget)
[v6 dry 1] {"stage": "S-T", "seam_op": 0.9817845225334167, "t1_latent": 0.8487439155578613, "fan_mean_ade": 44.844451904296875, "fan_oracle_ade": 44.844451904296875, "plan_wta": 44.844451904296875, "plan_ade_0_2s": 15.538116455078125, "plan_ade_2_6s": 59.49762725830078, "loss": 46.67498016357422, "terms": ["plan", "seam", "t1"], "step": 1, "gnorm": 3.2286}
[v6 dry 2] {"stage": "S-T", "seam_op": 0.8831976056098938, "t1_latent": 0.7746302485466003, "fan_mean_ade": 36.64719772338867, "fan_oracle_ade": 36.64692306518555, "plan_wta": 36.64692306518555, "plan_ade_0_2s": 12.751611709594727, "plan_ade_2_6s": 48.594581604003906, "loss": 38.304752349853516, "terms": ["plan", "seam", "t1"], "step": 2, "gnorm": 6.574}
[v6 dry 3] {"stage": "S-T", "seam_op": 0.8851472735404968, "t1_latent": 0.8313274383544922, "fan_mean_ade": 32.7698974609375, "fan_oracle_ade": 32.76908874511719, "plan_wta": 32.76908874511719, "plan_ade_0_2s": 11.356218338012695, "plan_ade_2_6s": 43.475528717041016, "loss": 34.485565185546875, "terms": ["plan", "seam", "t1"], "step": 3, "gnorm": 8.0182}
[v6 dry 4] {"stage": "S-T", "seam_op": 0.9630453586578369, "t1_latent": 0.8842752575874329, "fan_mean_ade": 40.80408477783203, "fan_oracle_ade": 40.80107879638672, "plan_wta": 40.80107879638672, "plan_ade_0_2s": 14.355854988098145, "plan_ade_2_6s": 54.0236930847168, "loss": 42.648399353027344, "terms": ["plan", "seam", "t1"], "step": 4, "gnorm": 27.3113}
[v6] WARNING: effective-weight audit ran WITHOUT the command line, so 'did the operator ask for this?' is UNKNOWN and no weight could be refused for being discarded. The table below is still correct about default/effective/graph.
[v6] EFFECTIVE WEIGHTS (--stage S-T) -- default -> layer -> effective -> builds a graph?
[v6] term           flag                          default  asked  effective  src  graph  status          layer/mask/missing                                                                                                            
[v6] -------------  ----------------------------  -------  -----  ---------  ---  -----  --------------  ------------------------------------------------------------------------------------------------------------------------------
[v6] o1_ctrl        --w-o1-ctrl                   1        1      0          ?    no     OFF_BY_LAYER    layer=for_stage('S-T')                                                                                                        
[v6] o1_fact        --w-o1-fact                   1        1      0          ?    no     OFF_BY_LAYER    layer=for_stage('S-T')                                                                                                        
[v6] o1_scene       --w-o1-scene                  0.3      0.3    0          ?    no     OFF_BY_LAYER    layer=for_stage('S-T')                                                                                                        
[v6] o2_nearfield   --w-o2                        1        1      0          ?    no     OFF_BY_LAYER    layer=for_stage('S-T')                                                                                                        
[v6] o3_masked      --w-o3                        1        1      0          ?    no     OFF_BY_LAYER    layer=for_stage('S-T')                                                                                                        
[v6] o5_rollout     --w-o5                        1        1      0          ?    no     OFF_BY_LAYER    layer=for_stage('S-T')                                                                                                        
[v6] o6_sigreg      --w-o6                        0.1      0.1    0          ?    no     OFF_BY_LAYER    layer=for_stage('S-T')                                                                                                        
[v6] o11_cf         --w-o11-cf                    0        0      0          ?    no     OFF_BY_DEFAULT                                                                                                                                
[v6] o13_ego        --w-o13-ego                   0        0      0          ?    no     OFF_BY_DEFAULT                                                                                                                                
[v6] o14_fut        --w-o14                       0        0      0          ?    no     OFF_BY_DEFAULT                                                                                                                                
[v6] t1_latent      --w-t1                        1        1      1          ?    yes    TRAINS                                                                                                                                        
[v6] s1_latent      --w-s1                        1        1      0          ?    no     OFF_BY_LAYER    layer=for_stage('S-T')                                                                                                        
[v6] lambda_plan    --lambda-plan                 1        1      1          ?    yes    TRAINS          layer=STAGE_LAMBDA_PLAN['S-T']                                                                                                
[v6] seam_op        (no flag: dataclass default)  1        1      1          ?    yes    TRAINS                                                                                                                                        
[v6] w_select       --w-select                    0        0      0          ?    no     OFF_BY_DEFAULT  missing=--selector none: there is no scorer to train                                                                          
[v6] w_anchor       --w-anchor                    0        0      0          ?    no     OFF_BY_DEFAULT  missing=--anchor-goal none: there is no anchor objective                                                                      
[v6] w_s2_goal      --w-s2-goal                   0        0      0          ?    no     OFF_BY_DEFAULT  layer=for_stage('S-T'); mask=s2_valid (+ g_str_valid/a_str_valid; v7.2 arg L1 is ALL-ZERO masked by V72_ARGS_SUPERVISED=False)
[v6] w_t2_contrast  --w-t2-contrast               0        0      0          ?    no     OFF_BY_DEFAULT  missing=no --t2-contrastive: the projector is never built                                                                     
[v6] w_t5_consist   --w-t5-consist                0        0      0          ?    no     OFF_BY_DEFAULT  missing=no --t5-pairs: windows are drawn INDEPENDENTLY, so the consistency term would compare unrelated episodes              
[v6] w_s1_multi     --w-s1-multi                  0        0      0          ?    no     OFF_BY_DEFAULT  layer=for_stage('S-T')                                                                                                        
[v6] o10_psg        --w-o10-psg                   0        0      0          ?    no     OFF_BY_DEFAULT  mask=psg_valid (per-clip: 1.0 only for clips in the train join)                                                               
[v6] 3/21 terms build a graph. A term with graph=no contributes EXACTLY zero gradient; 'p.grad is None' is the sound check, never the weight value.
[v6] stage gate INCONCLUSIVE -> C:\Users\Admin\v7f_r1r4\smoke\seeded\r4_e2e\stage_gate.json
[v6] dry-run OK -> C:\Users\Admin\v7f_r1r4\smoke\seeded\r4_e2e/dry_run.json + config.json + stage_gate.json (INCONCLUSIVE, _dry_run)
[predictor] RESIDUAL_HEAD_INIT_SCALE=0.001  (identity-scale start)
[v6] ⛔ O6 RANK GATE CANNOT RULE AT THESE SETTINGS — it will report INCONCLUSIVE no matter what the representation does.
[v6]    --spectrum-accum 1 x 64 rows/call -> rank_ceiling 63, but the criterion needs 1024.
[v6]    USE --spectrum-accum 17 (cost: ~1 MB of CPU ring buffer).
[v6]    MEASURED 2026-08-22: v6F@20k effective rank 5.86 vs an absolute_floor of 64 — a COLLAPSED representation that this gate would have failed, had it been able to see.
[v6] params 8.71 M / budget 300 M · arm shared-encoder+adapters · per-group {'encoder': 0.04, 'readout': 0.0, 'predictor_op': 0.16, 'layer_tac': 3.45, 'layer_str': 3.33, 'planner': 0.14, 'aux': 1.59, 'interp': 0.0}
[v6] X3 isolation pass=True violations={'planner_to_encoder': 0, 'tactical_to_below': 0, 'strategic_to_below': 0}
[v6] declared-freeze preflight OK (dry-run): 0 frozen-external + 1 grad-unreachable subtree(s); directions A/A'/B checked
[gradreach] all 78 optimizer tensors received a gradient (3.59 M params, 100.0 % of the declared trainable budget)
[v6 dry 1] {"stage": "S-T", "seam_op": 0.9817845225334167, "t1_latent": 0.8487439155578613, "fan_mean_ade": 44.844451904296875, "fan_oracle_ade": 44.844451904296875, "plan_wta": 44.844451904296875, "plan_ade_0_2s": 15.538116455078125, "plan_ade_2_6s": 59.49762725830078, "loss": 46.67498016357422, "terms": ["plan", "seam", "t1"], "step": 1, "gnorm": 3.2286}
[v6 dry 2] {"stage": "S-T", "seam_op": 0.8831976056098938, "t1_latent": 0.7746302485466003, "fan_mean_ade": 36.64719772338867, "fan_oracle_ade": 36.64692306518555, "plan_wta": 36.64692306518555, "plan_ade_0_2s": 12.751611709594727, "plan_ade_2_6s": 48.594581604003906, "loss": 38.304752349853516, "terms": ["plan", "seam", "t1"], "step": 2, "gnorm": 6.574}
[v6 dry 3] {"stage": "S-T", "seam_op": 0.8851472735404968, "t1_latent": 0.8313274383544922, "fan_mean_ade": 32.7698974609375, "fan_oracle_ade": 32.76908874511719, "plan_wta": 32.76908874511719, "plan_ade_0_2s": 11.356218338012695, "plan_ade_2_6s": 43.475528717041016, "loss": 34.485565185546875, "terms": ["plan", "seam", "t1"], "step": 3, "gnorm": 8.0182}
[v6 dry 4] {"stage": "S-T", "seam_op": 0.9630453586578369, "t1_latent": 0.884274959564209, "fan_mean_ade": 40.80408477783203, "fan_oracle_ade": 40.80107879638672, "plan_wta": 40.80107879638672, "plan_ade_0_2s": 14.355854988098145, "plan_ade_2_6s": 54.0236930847168, "loss": 42.648399353027344, "terms": ["plan", "seam", "t1"], "step": 4, "gnorm": 27.3113}
[v6] WARNING: effective-weight audit ran WITHOUT the command line, so 'did the operator ask for this?' is UNKNOWN and no weight could be refused for being discarded. The table below is still correct about default/effective/graph.
[v6] EFFECTIVE WEIGHTS (--stage S-T) -- default -> layer -> effective -> builds a graph?
[v6] term           flag                          default  asked  effective  src  graph  status          layer/mask/missing                                                                                                            
[v6] -------------  ----------------------------  -------  -----  ---------  ---  -----  --------------  ------------------------------------------------------------------------------------------------------------------------------
[v6] o1_ctrl        --w-o1-ctrl                   1        1      0          ?    no     OFF_BY_LAYER    layer=for_stage('S-T')                                                                                                        
[v6] o1_fact        --w-o1-fact                   1        1      0          ?    no     OFF_BY_LAYER    layer=for_stage('S-T')                                                                                                        
[v6] o1_scene       --w-o1-scene                  0.3      0.3    0          ?    no     OFF_BY_LAYER    layer=for_stage('S-T')                                                                                                        
[v6] o2_nearfield   --w-o2                        1        1      0          ?    no     OFF_BY_LAYER    layer=for_stage('S-T')                                                                                                        
[v6] o3_masked      --w-o3                        1        1      0          ?    no     OFF_BY_LAYER    layer=for_stage('S-T')                                                                                                        
[v6] o5_rollout     --w-o5                        1        1      0          ?    no     OFF_BY_LAYER    layer=for_stage('S-T')                                                                                                        
[v6] o6_sigreg      --w-o6                        0.1      0.1    0          ?    no     OFF_BY_LAYER    layer=for_stage('S-T')                                                                                                        
[v6] o11_cf         --w-o11-cf                    0        0      0          ?    no     OFF_BY_DEFAULT                                                                                                                                
[v6] o13_ego        --w-o13-ego                   0        0      0          ?    no     OFF_BY_DEFAULT                                                                                                                                
[v6] o14_fut        --w-o14                       0        0      0          ?    no     OFF_BY_DEFAULT                                                                                                                                
[v6] t1_latent      --w-t1                        1        1      1          ?    yes    TRAINS                                                                                                                                        
[v6] s1_latent      --w-s1                        1        1      0          ?    no     OFF_BY_LAYER    layer=for_stage('S-T')                                                                                                        
[v6] lambda_plan    --lambda-plan                 1        1      1          ?    yes    TRAINS          layer=STAGE_LAMBDA_PLAN['S-T']                                                                                                
[v6] seam_op        (no flag: dataclass default)  1        1      1          ?    yes    TRAINS                                                                                                                                        
[v6] w_select       --w-select                    0        0      0          ?    no     OFF_BY_DEFAULT  missing=--selector none: there is no scorer to train                                                                          
[v6] w_anchor       --w-anchor                    0        0      0          ?    no     OFF_BY_DEFAULT  missing=--anchor-goal none: there is no anchor objective                                                                      
[v6] w_s2_goal      --w-s2-goal                   0        0      0          ?    no     OFF_BY_DEFAULT  layer=for_stage('S-T'); mask=s2_valid (+ g_str_valid/a_str_valid; v7.2 arg L1 is ALL-ZERO masked by V72_ARGS_SUPERVISED=False)
[v6] w_t2_contrast  --w-t2-contrast               0        0      0          ?    no     OFF_BY_DEFAULT  missing=no --t2-contrastive: the projector is never built                                                                     
[v6] w_t5_consist   --w-t5-consist                0        0      0          ?    no     OFF_BY_DEFAULT  missing=no --t5-pairs: windows are drawn INDEPENDENTLY, so the consistency term would compare unrelated episodes              
[v6] w_s1_multi     --w-s1-multi                  0        0      0          ?    no     OFF_BY_DEFAULT  layer=for_stage('S-T')                                                                                                        
[v6] o10_psg        --w-o10-psg                   0        0      0          ?    no     OFF_BY_DEFAULT  mask=psg_valid (per-clip: 1.0 only for clips in the train join)                                                               
[v6] 3/21 terms build a graph. A term with graph=no contributes EXACTLY zero gradient; 'p.grad is None' is the sound check, never the weight value.
[v6] stage gate INCONCLUSIVE -> C:\Users\Admin\v7f_r1r4\smoke\seeded\r4_detached\stage_gate.json
[v6] dry-run OK -> C:\Users\Admin\v7f_r1r4\smoke\seeded\r4_detached/dry_run.json + config.json + stage_gate.json (INCONCLUSIVE, _dry_run)
[predictor] RESIDUAL_HEAD_INIT_SCALE=0.001  (identity-scale start)
[v6] ⛔ O6 RANK GATE CANNOT RULE AT THESE SETTINGS — it will report INCONCLUSIVE no matter what the representation does.
[v6]    --spectrum-accum 1 x 64 rows/call -> rank_ceiling 63, but the criterion needs 1024.
[v6]    USE --spectrum-accum 17 (cost: ~1 MB of CPU ring buffer).
[v6]    MEASURED 2026-08-22: v6F@20k effective rank 5.86 vs an absolute_floor of 64 — a COLLAPSED representation that this gate would have failed, had it been able to see.
[v6] params 8.71 M / budget 300 M · arm shared-encoder+adapters · per-group {'encoder': 0.04, 'readout': 0.0, 'predictor_op': 0.16, 'layer_tac': 3.45, 'layer_str': 3.33, 'planner': 0.14, 'aux': 1.59, 'interp': 0.0}
[v6] X3 isolation pass=True violations={'planner_to_encoder': 0, 'tactical_to_below': 0, 'strategic_to_below': 0}
[v6] declared-freeze preflight OK (dry-run): 0 frozen-external + 1 grad-unreachable subtree(s); directions A/A'/B checked
[gradreach] all 78 optimizer tensors received a gradient (3.59 M params, 100.0 % of the declared trainable budget)
[v6 dry 1] {"stage": "S-T", "seam_op": 0.9817845225334167, "t1_latent": 0.8487439155578613, "fan_mean_ade": 44.844451904296875, "fan_oracle_ade": 44.844451904296875, "plan_wta": 44.844451904296875, "plan_ade_0_2s": 15.538116455078125, "plan_ade_2_6s": 59.49762725830078, "loss": 46.67498016357422, "terms": ["plan", "seam", "t1"], "step": 1, "gnorm": 3.2286}
[v6 dry 2] {"stage": "S-T", "seam_op": 0.8831976056098938, "t1_latent": 0.7746307253837585, "fan_mean_ade": 36.64719772338867, "fan_oracle_ade": 36.64692306518555, "plan_wta": 36.64692306518555, "plan_ade_0_2s": 12.751611709594727, "plan_ade_2_6s": 48.594581604003906, "loss": 38.304752349853516, "terms": ["plan", "seam", "t1"], "step": 2, "gnorm": 6.5738}
[v6 dry 3] {"stage": "S-T", "seam_op": 0.8851472735404968, "t1_latent": 0.8313277959823608, "fan_mean_ade": 32.77001190185547, "fan_oracle_ade": 32.76921081542969, "plan_wta": 32.76921081542969, "plan_ade_0_2s": 11.356226921081543, "plan_ade_2_6s": 43.47570037841797, "loss": 34.485687255859375, "terms": ["plan", "seam", "t1"], "step": 3, "gnorm": 8.0012}
[v6 dry 4] {"stage": "S-T", "seam_op": 0.9630453586578369, "t1_latent": 0.8842799067497253, "fan_mean_ade": 40.80520248413086, "fan_oracle_ade": 40.80220031738281, "plan_wta": 40.80220031738281, "plan_ade_0_2s": 14.355897903442383, "plan_ade_2_6s": 54.025352478027344, "loss": 42.6495246887207, "terms": ["plan", "seam", "t1"], "step": 4, "gnorm": 27.1988}
[v6] WARNING: effective-weight audit ran WITHOUT the command line, so 'did the operator ask for this?' is UNKNOWN and no weight could be refused for being discarded. The table below is still correct about default/effective/graph.
[v6] EFFECTIVE WEIGHTS (--stage S-T) -- default -> layer -> effective -> builds a graph?
[v6] term           flag                          default  asked  effective  src  graph  status          layer/mask/missing                                                                                                            
[v6] -------------  ----------------------------  -------  -----  ---------  ---  -----  --------------  ------------------------------------------------------------------------------------------------------------------------------
[v6] o1_ctrl        --w-o1-ctrl                   1        1      0          ?    no     OFF_BY_LAYER    layer=for_stage('S-T')                                                                                                        
[v6] o1_fact        --w-o1-fact                   1        1      0          ?    no     OFF_BY_LAYER    layer=for_stage('S-T')                                                                                                        
[v6] o1_scene       --w-o1-scene                  0.3      0.3    0          ?    no     OFF_BY_LAYER    layer=for_stage('S-T')                                                                                                        
[v6] o2_nearfield   --w-o2                        1        1      0          ?    no     OFF_BY_LAYER    layer=for_stage('S-T')                                                                                                        
[v6] o3_masked      --w-o3                        1        1      0          ?    no     OFF_BY_LAYER    layer=for_stage('S-T')                                                                                                        
[v6] o5_rollout     --w-o5                        1        1      0          ?    no     OFF_BY_LAYER    layer=for_stage('S-T')                                                                                                        
[v6] o6_sigreg      --w-o6                        0.1      0.1    0          ?    no     OFF_BY_LAYER    layer=for_stage('S-T')                                                                                                        
[v6] o11_cf         --w-o11-cf                    0        0      0          ?    no     OFF_BY_DEFAULT                                                                                                                                
[v6] o13_ego        --w-o13-ego                   0        0      0          ?    no     OFF_BY_DEFAULT                                                                                                                                
[v6] o14_fut        --w-o14                       0        0      0          ?    no     OFF_BY_DEFAULT                                                                                                                                
[v6] t1_latent      --w-t1                        1        1      1          ?    yes    TRAINS                                                                                                                                        
[v6] s1_latent      --w-s1                        1        1      0          ?    no     OFF_BY_LAYER    layer=for_stage('S-T')                                                                                                        
[v6] lambda_plan    --lambda-plan                 1        1      1          ?    yes    TRAINS          layer=STAGE_LAMBDA_PLAN['S-T']                                                                                                
[v6] seam_op        (no flag: dataclass default)  1        1      1          ?    yes    TRAINS                                                                                                                                        
[v6] w_select       --w-select                    0        0      0          ?    no     OFF_BY_DEFAULT  missing=--selector none: there is no scorer to train                                                                          
[v6] w_anchor       --w-anchor                    0        0      0          ?    no     OFF_BY_DEFAULT  missing=--anchor-goal none: there is no anchor objective                                                                      
[v6] w_s2_goal      --w-s2-goal                   0        0      0          ?    no     OFF_BY_DEFAULT  layer=for_stage('S-T'); mask=s2_valid (+ g_str_valid/a_str_valid; v7.2 arg L1 is ALL-ZERO masked by V72_ARGS_SUPERVISED=False)
[v6] w_t2_contrast  --w-t2-contrast               0        0      0          ?    no     OFF_BY_DEFAULT  missing=no --t2-contrastive: the projector is never built                                                                     
[v6] w_t5_consist   --w-t5-consist                0        0      0          ?    no     OFF_BY_DEFAULT  missing=no --t5-pairs: windows are drawn INDEPENDENTLY, so the consistency term would compare unrelated episodes              
[v6] w_s1_multi     --w-s1-multi                  0        0      0          ?    no     OFF_BY_DEFAULT  layer=for_stage('S-T')                                                                                                        
[v6] o10_psg        --w-o10-psg                   0        0      0          ?    no     OFF_BY_DEFAULT  mask=psg_valid (per-clip: 1.0 only for clips in the train join)                                                               
[v6] 3/21 terms build a graph. A term with graph=no contributes EXACTLY zero gradient; 'p.grad is None' is the sound check, never the weight value.
[v6] stage gate INCONCLUSIVE -> C:\Users\Admin\v7f_r1r4\smoke\seeded\r1a\stage_gate.json
[v6] dry-run OK -> C:\Users\Admin\v7f_r1r4\smoke\seeded\r1a/dry_run.json + config.json + stage_gate.json (INCONCLUSIVE, _dry_run)
[predictor] RESIDUAL_HEAD_INIT_SCALE=0.001  (identity-scale start)
[v6] ⛔ O6 RANK GATE CANNOT RULE AT THESE SETTINGS — it will report INCONCLUSIVE no matter what the representation does.
[v6]    --spectrum-accum 1 x 64 rows/call -> rank_ceiling 63, but the criterion needs 1024.
[v6]    USE --spectrum-accum 17 (cost: ~1 MB of CPU ring buffer).
[v6]    MEASURED 2026-08-22: v6F@20k effective rank 5.86 vs an absolute_floor of 64 — a COLLAPSED representation that this gate would have failed, had it been able to see.
[v6] params 8.71 M / budget 300 M · arm shared-encoder+adapters · per-group {'encoder': 0.04, 'readout': 0.0, 'predictor_op': 0.16, 'layer_tac': 3.45, 'layer_str': 3.33, 'planner': 0.14, 'aux': 1.59, 'interp': 0.0}
[v6] X3 isolation pass=True violations={'planner_to_encoder': 0, 'tactical_to_below': 0, 'strategic_to_below': 0}
[v6] declared-freeze preflight OK (dry-run): 0 frozen-external + 1 grad-unreachable subtree(s); directions A/A'/B checked
[gradreach] all 76 optimizer tensors received a gradient (3.59 M params, 100.0 % of the declared trainable budget)
[v6 dry 1] {"stage": "S-T", "seam_op": 0.9817845225334167, "t1_latent": 0.8487439155578613, "fan_mean_ade": 44.844451904296875, "fan_oracle_ade": 44.844451904296875, "plan_wta": 44.844451904296875, "plan_ade_0_2s": 15.538116455078125, "plan_ade_2_6s": 59.49762725830078, "loss": 46.67498016357422, "terms": ["plan", "seam", "t1"], "step": 1, "gnorm": 3.2286}
[v6 dry 2] {"stage": "S-T", "seam_op": 0.8831976056098938, "t1_latent": 0.7746302485466003, "fan_mean_ade": 36.64719772338867, "fan_oracle_ade": 36.64692306518555, "plan_wta": 36.64692306518555, "plan_ade_0_2s": 12.751611709594727, "plan_ade_2_6s": 48.594581604003906, "loss": 38.304752349853516, "terms": ["plan", "seam", "t1"], "step": 2, "gnorm": 6.5738}
[v6 dry 3] {"stage": "S-T", "seam_op": 0.8851472735404968, "t1_latent": 0.8313273787498474, "fan_mean_ade": 32.77001190185547, "fan_oracle_ade": 32.76921081542969, "plan_wta": 32.76921081542969, "plan_ade_0_2s": 11.356226921081543, "plan_ade_2_6s": 43.47570037841797, "loss": 34.485687255859375, "terms": ["plan", "seam", "t1"], "step": 3, "gnorm": 8.0012}
[v6 dry 4] {"stage": "S-T", "seam_op": 0.9630453586578369, "t1_latent": 0.8842771053314209, "fan_mean_ade": 40.80520248413086, "fan_oracle_ade": 40.80220031738281, "plan_wta": 40.80220031738281, "plan_ade_0_2s": 14.355897903442383, "plan_ade_2_6s": 54.025352478027344, "loss": 42.64952087402344, "terms": ["plan", "seam", "t1"], "step": 4, "gnorm": 27.1989}
[v6 dry] R1 cap smoke · {"n_rows": 4, "limits_ms": [8.3333, 8.3333, 33.3333, Infinity], "n_v0_over_limit": 1, "n_candidates": 32, "n_candidates_binding": 8, "n_plan_over_limit": 0, "max_plan_excess_ms_t0_under_limit": 0.0, "max_uncapped_speed_minus_limit_ms": 3.665938377380371, "_read": "synthetic smoke through the eval-mode forward; proves the cap reaches the emitted plan, NOT a driving number"}
[v6] WARNING: effective-weight audit ran WITHOUT the command line, so 'did the operator ask for this?' is UNKNOWN and no weight could be refused for being discarded. The table below is still correct about default/effective/graph.
[v6] EFFECTIVE WEIGHTS (--stage S-T) -- default -> layer -> effective -> builds a graph?
[v6] term           flag                          default  asked  effective  src  graph  status          layer/mask/missing                                                                                                            
[v6] -------------  ----------------------------  -------  -----  ---------  ---  -----  --------------  ------------------------------------------------------------------------------------------------------------------------------
[v6] o1_ctrl        --w-o1-ctrl                   1        1      0          ?    no     OFF_BY_LAYER    layer=for_stage('S-T')                                                                                                        
[v6] o1_fact        --w-o1-fact                   1        1      0          ?    no     OFF_BY_LAYER    layer=for_stage('S-T')                                                                                                        
[v6] o1_scene       --w-o1-scene                  0.3      0.3    0          ?    no     OFF_BY_LAYER    layer=for_stage('S-T')                                                                                                        
[v6] o2_nearfield   --w-o2                        1        1      0          ?    no     OFF_BY_LAYER    layer=for_stage('S-T')                                                                                                        
[v6] o3_masked      --w-o3                        1        1      0          ?    no     OFF_BY_LAYER    layer=for_stage('S-T')                                                                                                        
[v6] o5_rollout     --w-o5                        1        1      0          ?    no     OFF_BY_LAYER    layer=for_stage('S-T')                                                                                                        
[v6] o6_sigreg      --w-o6                        0.1      0.1    0          ?    no     OFF_BY_LAYER    layer=for_stage('S-T')                                                                                                        
[v6] o11_cf         --w-o11-cf                    0        0      0          ?    no     OFF_BY_DEFAULT                                                                                                                                
[v6] o13_ego        --w-o13-ego                   0        0      0          ?    no     OFF_BY_DEFAULT                                                                                                                                
[v6] o14_fut        --w-o14                       0        0      0          ?    no     OFF_BY_DEFAULT                                                                                                                                
[v6] t1_latent      --w-t1                        1        1      1          ?    yes    TRAINS                                                                                                                                        
[v6] s1_latent      --w-s1                        1        1      0          ?    no     OFF_BY_LAYER    layer=for_stage('S-T')                                                                                                        
[v6] lambda_plan    --lambda-plan                 1        1      1          ?    yes    TRAINS          layer=STAGE_LAMBDA_PLAN['S-T']                                                                                                
[v6] seam_op        (no flag: dataclass default)  1        1      1          ?    yes    TRAINS                                                                                                                                        
[v6] w_select       --w-select                    0        0      0          ?    no     OFF_BY_DEFAULT  missing=--selector none: there is no scorer to train                                                                          
[v6] w_anchor       --w-anchor                    0        0      0          ?    no     OFF_BY_DEFAULT  missing=--anchor-goal none: there is no anchor objective                                                                      
[v6] w_s2_goal      --w-s2-goal                   0        0      0          ?    no     OFF_BY_DEFAULT  layer=for_stage('S-T'); mask=s2_valid (+ g_str_valid/a_str_valid; v7.2 arg L1 is ALL-ZERO masked by V72_ARGS_SUPERVISED=False)
[v6] w_t2_contrast  --w-t2-contrast               0        0      0          ?    no     OFF_BY_DEFAULT  missing=no --t2-contrastive: the projector is never built                                                                     
[v6] w_t5_consist   --w-t5-consist                0        0      0          ?    no     OFF_BY_DEFAULT  missing=no --t5-pairs: windows are drawn INDEPENDENTLY, so the consistency term would compare unrelated episodes              
[v6] w_s1_multi     --w-s1-multi                  0        0      0          ?    no     OFF_BY_DEFAULT  layer=for_stage('S-T')                                                                                                        
[v6] o10_psg        --w-o10-psg                   0        0      0          ?    no     OFF_BY_DEFAULT  mask=psg_valid (per-clip: 1.0 only for clips in the train join)                                                               
[v6] 3/21 terms build a graph. A term with graph=no contributes EXACTLY zero gradient; 'p.grad is None' is the sound check, never the weight value.
[v6] stage gate INCONCLUSIVE -> C:\Users\Admin\v7f_r1r4\smoke\seeded\r1b\stage_gate.json
[v6] dry-run OK -> C:\Users\Admin\v7f_r1r4\smoke\seeded\r1b/dry_run.json + config.json + stage_gate.json (INCONCLUSIVE, _dry_run)
[predictor] RESIDUAL_HEAD_INIT_SCALE=0.001  (identity-scale start)
[v6] ⛔ O6 RANK GATE CANNOT RULE AT THESE SETTINGS — it will report INCONCLUSIVE no matter what the representation does.
[v6]    --spectrum-accum 1 x 64 rows/call -> rank_ceiling 63, but the criterion needs 1024.
[v6]    USE --spectrum-accum 17 (cost: ~1 MB of CPU ring buffer).
[v6]    MEASURED 2026-08-22: v6F@20k effective rank 5.86 vs an absolute_floor of 64 — a COLLAPSED representation that this gate would have failed, had it been able to see.
[v6] params 8.71 M / budget 300 M · arm shared-encoder+adapters · per-group {'encoder': 0.04, 'readout': 0.0, 'predictor_op': 0.16, 'layer_tac': 3.45, 'layer_str': 3.33, 'planner': 0.14, 'aux': 1.59, 'interp': 0.0}
[v6] X3 isolation pass=True violations={'planner_to_encoder': 0, 'tactical_to_below': 0, 'strategic_to_below': 0}
[v6] declared-freeze preflight OK (dry-run): 0 frozen-external + 1 grad-unreachable subtree(s); directions A/A'/B checked
[gradreach] all 80 optimizer tensors received a gradient (3.59 M params, 100.0 % of the declared trainable budget)
[v6 dry 1] {"stage": "S-T", "seam_op": 0.9817845225334167, "t1_latent": 0.8487439155578613, "fan_mean_ade": 44.844451904296875, "fan_oracle_ade": 44.844451904296875, "plan_wta": 44.844451904296875, "plan_ade_0_2s": 15.538116455078125, "plan_ade_2_6s": 59.49762725830078, "loss": 46.67498016357422, "terms": ["plan", "seam", "t1"], "step": 1, "gnorm": 3.2286}
[v6 dry 2] {"stage": "S-T", "seam_op": 0.8831976056098938, "t1_latent": 0.7746307253837585, "fan_mean_ade": 36.64719772338867, "fan_oracle_ade": 36.64692306518555, "plan_wta": 36.64692306518555, "plan_ade_0_2s": 12.751611709594727, "plan_ade_2_6s": 48.594581604003906, "loss": 38.304752349853516, "terms": ["plan", "seam", "t1"], "step": 2, "gnorm": 6.574}
[v6 dry 3] {"stage": "S-T", "seam_op": 0.8851472735404968, "t1_latent": 0.8313278555870056, "fan_mean_ade": 32.7698974609375, "fan_oracle_ade": 32.76909255981445, "plan_wta": 32.76909255981445, "plan_ade_0_2s": 11.356218338012695, "plan_ade_2_6s": 43.475528717041016, "loss": 34.48556900024414, "terms": ["plan", "seam", "t1"], "step": 3, "gnorm": 8.0182}
[v6 dry 4] {"stage": "S-T", "seam_op": 0.9630453586578369, "t1_latent": 0.8842780590057373, "fan_mean_ade": 40.80408477783203, "fan_oracle_ade": 40.80107879638672, "plan_wta": 40.80107879638672, "plan_ade_0_2s": 14.355853080749512, "plan_ade_2_6s": 54.02368927001953, "loss": 42.64840316772461, "terms": ["plan", "seam", "t1"], "step": 4, "gnorm": 27.3112}
[v6 dry] R1 cap smoke · {"n_rows": 4, "limits_ms": [8.3333, 8.3333, 33.3333, Infinity], "n_v0_over_limit": 1, "n_candidates": 32, "n_candidates_binding": 8, "n_plan_over_limit": 0, "max_plan_excess_ms_t0_under_limit": 0.0, "max_uncapped_speed_minus_limit_ms": 3.6659364700317383, "_read": "synthetic smoke through the eval-mode forward; proves the cap reaches the emitted plan, NOT a driving number"}
[v6] WARNING: effective-weight audit ran WITHOUT the command line, so 'did the operator ask for this?' is UNKNOWN and no weight could be refused for being discarded. The table below is still correct about default/effective/graph.
[v6] EFFECTIVE WEIGHTS (--stage S-T) -- default -> layer -> effective -> builds a graph?
[v6] term           flag                          default  asked  effective  src  graph  status          layer/mask/missing                                                                                                            
[v6] -------------  ----------------------------  -------  -----  ---------  ---  -----  --------------  ------------------------------------------------------------------------------------------------------------------------------
[v6] o1_ctrl        --w-o1-ctrl                   1        1      0          ?    no     OFF_BY_LAYER    layer=for_stage('S-T')                                                                                                        
[v6] o1_fact        --w-o1-fact                   1        1      0          ?    no     OFF_BY_LAYER    layer=for_stage('S-T')                                                                                                        
[v6] o1_scene       --w-o1-scene                  0.3      0.3    0          ?    no     OFF_BY_LAYER    layer=for_stage('S-T')                                                                                                        
[v6] o2_nearfield   --w-o2                        1        1      0          ?    no     OFF_BY_LAYER    layer=for_stage('S-T')                                                                                                        
[v6] o3_masked      --w-o3                        1        1      0          ?    no     OFF_BY_LAYER    layer=for_stage('S-T')                                                                                                        
[v6] o5_rollout     --w-o5                        1        1      0          ?    no     OFF_BY_LAYER    layer=for_stage('S-T')                                                                                                        
[v6] o6_sigreg      --w-o6                        0.1      0.1    0          ?    no     OFF_BY_LAYER    layer=for_stage('S-T')                                                                                                        
[v6] o11_cf         --w-o11-cf                    0        0      0          ?    no     OFF_BY_DEFAULT                                                                                                                                
[v6] o13_ego        --w-o13-ego                   0        0      0          ?    no     OFF_BY_DEFAULT                                                                                                                                
[v6] o14_fut        --w-o14                       0        0      0          ?    no     OFF_BY_DEFAULT                                                                                                                                
[v6] t1_latent      --w-t1                        1        1      1          ?    yes    TRAINS                                                                                                                                        
[v6] s1_latent      --w-s1                        1        1      0          ?    no     OFF_BY_LAYER    layer=for_stage('S-T')                                                                                                        
[v6] lambda_plan    --lambda-plan                 1        1      1          ?    yes    TRAINS          layer=STAGE_LAMBDA_PLAN['S-T']                                                                                                
[v6] seam_op        (no flag: dataclass default)  1        1      1          ?    yes    TRAINS                                                                                                                                        
[v6] w_select       --w-select                    0        0      0          ?    no     OFF_BY_DEFAULT  missing=--selector none: there is no scorer to train                                                                          
[v6] w_anchor       --w-anchor                    0        0      0          ?    no     OFF_BY_DEFAULT  missing=--anchor-goal none: there is no anchor objective                                                                      
[v6] w_s2_goal      --w-s2-goal                   0        0      0          ?    no     OFF_BY_DEFAULT  layer=for_stage('S-T'); mask=s2_valid (+ g_str_valid/a_str_valid; v7.2 arg L1 is ALL-ZERO masked by V72_ARGS_SUPERVISED=False)
[v6] w_t2_contrast  --w-t2-contrast               0        0      0          ?    no     OFF_BY_DEFAULT  missing=no --t2-contrastive: the projector is never built                                                                     
[v6] w_t5_consist   --w-t5-consist                0        0      0          ?    no     OFF_BY_DEFAULT  missing=no --t5-pairs: windows are drawn INDEPENDENTLY, so the consistency term would compare unrelated episodes              
[v6] w_s1_multi     --w-s1-multi                  0        0      0          ?    no     OFF_BY_DEFAULT  layer=for_stage('S-T')                                                                                                        
[v6] o10_psg        --w-o10-psg                   0        0      0          ?    no     OFF_BY_DEFAULT  mask=psg_valid (per-clip: 1.0 only for clips in the train join)                                                               
[v6] 3/21 terms build a graph. A term with graph=no contributes EXACTLY zero gradient; 'p.grad is None' is the sound check, never the weight value.
[v6] stage gate INCONCLUSIVE -> C:\Users\Admin\v7f_r1r4\smoke\seeded\all_e2e\stage_gate.json
[v6] dry-run OK -> C:\Users\Admin\v7f_r1r4\smoke\seeded\all_e2e/dry_run.json + config.json + stage_gate.json (INCONCLUSIVE, _dry_run)
{
 "off": {
  "preflight_problems": [],
  "steps": [
   {
    "step": 1,
    "loss": 46.67498016357422,
    "plan_wta": 44.844451904296875,
    "t1_latent": 0.8487439155578613,
    "seam_op": 0.9817845225334167,
    "fan_oracle_ade": 44.844451904296875,
    "gnorm": 3.2286,
    "terms": [
     "plan",
     "seam",
     "t1"
    ]
   },
   {
    "step": 2,
    "loss": 38.304752349853516,
    "plan_wta": 36.64692306518555,
    "t1_latent": 0.7746302485466003,
    "seam_op": 0.8831976056098938,
    "fan_oracle_ade": 36.64692306518555,
    "gnorm": 6.5738,
    "terms": [
     "plan",
     "seam",
     "t1"
    ]
   },
   {
    "step": 3,
    "loss": 34.485687255859375,
    "plan_wta": 32.76921081542969,
    "t1_latent": 0.8313273787498474,
    "seam_op": 0.8851472735404968,
    "fan_oracle_ade": 32.76921081542969,
    "gnorm": 8.0012,
    "terms": [
     "plan",
     "seam",
     "t1"
    ]
   },
   {
    "step": 4,
    "loss": 42.64952087402344,
    "plan_wta": 40.80220031738281,
    "t1_latent": 0.8842771053314209,
    "seam_op": 0.9630453586578369,
    "fan_oracle_ade": 40.80220031738281,
    "gnorm": 27.1989,
    "terms": [
     "plan",
     "seam",
     "t1"
    ]
   }
  ],
  "n_trainable_tensors": 76,
  "isolation_pass": true,
  "param_total": 8706120,
  "r1_r4": {},
  "loss_bit_identical_to_OFF_per_step": [
   true,
   true,
   true,
   true
  ]
 },
 "r4_e2e": {
  "preflight_problems": [],
  "steps": [
   {
    "step": 1,
    "loss": 46.67498016357422,
    "plan_wta": 44.844451904296875,
    "t1_latent": 0.8487439155578613,
    "seam_op": 0.9817845225334167,
    "fan_oracle_ade": 44.844451904296875,
    "gnorm": 3.2286,
    "terms": [
     "plan",
     "seam",
     "t1"
    ]
   },
   {
    "step": 2,
    "loss": 38.304752349853516,
    "plan_wta": 36.64692306518555,
    "t1_latent": 0.7746302485466003,
    "seam_op": 0.8831976056098938,
    "fan_oracle_ade": 36.64692306518555,
    "gnorm": 6.574,
    "terms": [
     "plan",
     "seam",
     "t1"
    ]
   },
   {
    "step": 3,
    "loss": 34.485565185546875,
    "plan_wta": 32.76908874511719,
    "t1_latent": 0.8313274383544922,
    "seam_op": 0.8851472735404968,
    "fan_oracle_ade": 32.76908874511719,
    "gnorm": 8.0182,
    "terms": [
     "plan",
     "seam",
     "t1"
    ]
   },
   {
    "step": 4,
    "loss": 42.648399353027344,
    "plan_wta": 40.80107879638672,
    "t1_latent": 0.8842752575874329,
    "seam_op": 0.9630453586578369,
    "fan_oracle_ade": 40.80107879638672,
    "gnorm": 27.3113,
    "terms": [
     "plan",
     "seam",
     "t1"
    ]
   }
  ],
  "n_trainable_tensors": 78,
  "isolation_pass": true,
  "param_total": 8706648,
  "r1_r4": {
   "exercised": false,
   "_read": "--speed-max-sidecar-v6 NOT supplied; the tactical input (if on) ran on synthetic v_max keys"
  },
  "loss_bit_identical_to_OFF_per_step": [
   true,
   true,
   false,
   false
  ]
 },
 "r4_detached": {
  "preflight_problems": [],
  "steps": [
   {
    "step": 1,
    "loss": 46.67498016357422,
    "plan_wta": 44.844451904296875,
    "t1_latent": 0.8487439155578613,
    "seam_op": 0.9817845225334167,
    "fan_oracle_ade": 44.844451904296875,
    "gnorm": 3.2286,
    "terms": [
     "plan",
     "seam",
     "t1"
    ]
   },
   {
    "step": 2,
    "loss": 38.304752349853516,
    "plan_wta": 36.64692306518555,
    "t1_latent": 0.7746302485466003,
    "seam_op": 0.8831976056098938,
    "fan_oracle_ade": 36.64692306518555,
    "gnorm": 6.574,
    "terms": [
     "plan",
     "seam",
     "t1"
    ]
   },
   {
    "step": 3,
    "loss": 34.485565185546875,
    "plan_wta": 32.76908874511719,
    "t1_latent": 0.8313274383544922,
    "seam_op": 0.8851472735404968,
    "fan_oracle_ade": 32.76908874511719,
    "gnorm": 8.0182,
    "terms": [
     "plan",
     "seam",
     "t1"
    ]
   },
   {
    "step": 4,
    "loss": 42.648399353027344,
    "plan_wta": 40.80107879638672,
    "t1_latent": 0.884274959564209,
    "seam_op": 0.9630453586578369,
    "fan_oracle_ade": 40.80107879638672,
    "gnorm": 27.3113,
    "terms": [
     "plan",
     "seam",
     "t1"
    ]
   }
  ],
  "n_trainable_tensors": 78,
  "isolation_pass": true,
  "param_total": 8706648,
  "r1_r4": {
   "exercised": false,
   "_read": "--speed-max-sidecar-v6 NOT supplied; the tactical input (if on) ran on synthetic v_max keys"
  },
  "loss_bit_identical_to_OFF_per_step": [
   true,
   true,
   false,
   false
  ]
 },
 "r1a": {
  "preflight_problems": [],
  "steps": [
   {
    "step": 1,
    "loss": 46.67498016357422,
    "plan_wta": 44.844451904296875,
    "t1_latent": 0.8487439155578613,
    "seam_op": 0.9817845225334167,
    "fan_oracle_ade": 44.844451904296875,
    "gnorm": 3.2286,
    "terms": [
     "plan",
     "seam",
     "t1"
    ]
   },
   {
    "step": 2,
    "loss": 38.304752349853516,
    "plan_wta": 36.64692306518555,
    "t1_latent": 0.7746307253837585,
    "seam_op": 0.8831976056098938,
    "fan_oracle_ade": 36.64692306518555,
    "gnorm": 6.5738,
    "terms": [
     "plan",
     "seam",
     "t1"
    ]
   },
   {
    "step": 3,
    "loss": 34.485687255859375,
    "plan_wta": 32.76921081542969,
    "t1_latent": 0.8313277959823608,
    "seam_op": 0.8851472735404968,
    "fan_oracle_ade": 32.76921081542969,
    "gnorm": 8.0012,
    "terms": [
     "plan",
     "seam",
     "t1"
    ]
   },
   {
    "step": 4,
    "loss": 42.6495246887207,
    "plan_wta": 40.80220031738281,
    "t1_latent": 0.8842799067497253,
    "seam_op": 0.9630453586578369,
    "fan_oracle_ade": 40.80220031738281,
    "gnorm": 27.1988,
    "terms": [
     "plan",
     "seam",
     "t1"
    ]
   }
  ],
  "n_trainable_tensors": 78,
  "isolation_pass": true,
  "param_total": 8706280,
  "r1_r4": {
   "exercised": false,
   "_read": "--speed-max-sidecar-v6 NOT supplied; the tactical input (if on) ran on synthetic v_max keys"
  },
  "loss_bit_identical_to_OFF_per_step": [
   true,
   true,
   true,
   false
  ]
 },
 "r1b": {
  "preflight_problems": [],
  "steps": [
   {
    "step": 1,
    "loss": 46.67498016357422,
    "plan_wta": 44.844451904296875,
    "t1_latent": 0.8487439155578613,
    "seam_op": 0.9817845225334167,
    "fan_oracle_ade": 44.844451904296875,
    "gnorm": 3.2286,
    "terms": [
     "plan",
     "seam",
     "t1"
    ]
   },
   {
    "step": 2,
    "loss": 38.304752349853516,
    "plan_wta": 36.64692306518555,
    "t1_latent": 0.7746302485466003,
    "seam_op": 0.8831976056098938,
    "fan_oracle_ade": 36.64692306518555,
    "gnorm": 6.5738,
    "terms": [
     "plan",
     "seam",
     "t1"
    ]
   },
   {
    "step": 3,
    "loss": 34.485687255859375,
    "plan_wta": 32.76921081542969,
    "t1_latent": 0.8313273787498474,
    "seam_op": 0.8851472735404968,
    "fan_oracle_ade": 32.76921081542969,
    "gnorm": 8.0012,
    "terms": [
     "plan",
     "seam",
     "t1"
    ]
   },
   {
    "step": 4,
    "loss": 42.64952087402344,
    "plan_wta": 40.80220031738281,
    "t1_latent": 0.8842771053314209,
    "seam_op": 0.9630453586578369,
    "fan_oracle_ade": 40.80220031738281,
    "gnorm": 27.1989,
    "terms": [
     "plan",
     "seam",
     "t1"
    ]
   }
  ],
  "n_trainable_tensors": 76,
  "isolation_pass": true,
  "param_total": 8706120,
  "r1_r4": {
   "exercised": false,
   "_read": "--speed-max-sidecar-v6 NOT supplied; the tactical input (if on) ran on synthetic v_max keys",
   "vmax_cap_smoke": {
    "n_rows": 4,
    "limits_ms": [
     8.3333,
     8.3333,
     33.3333,
     Infinity
    ],
    "n_v0_over_limit": 1,
    "n_candidates": 32,
    "n_candidates_binding": 8,
    "n_plan_over_limit": 0,
    "max_plan_excess_ms_t0_under_limit": 0.0,
    "max_uncapped_speed_minus_limit_ms": 3.665938377380371,
    "_read": "synthetic smoke through the eval-mode forward; proves the cap reaches the emitted plan, NOT a driving number"
   }
  },
  "loss_bit_identical_to_OFF_per_step": [
   true,
   true,
   true,
   true
  ]
 },
 "all_e2e": {
  "preflight_problems": [],
  "steps": [
   {
    "step": 1,
    "loss": 46.67498016357422,
    "plan_wta": 44.844451904296875,
    "t1_latent": 0.8487439155578613,
    "seam_op": 0.9817845225334167,
    "fan_oracle_ade": 44.844451904296875,
    "gnorm": 3.2286,
    "terms": [
     "plan",
     "seam",
     "t1"
    ]
   },
   {
    "step": 2,
    "loss": 38.304752349853516,
    "plan_wta": 36.64692306518555,
    "t1_latent": 0.7746307253837585,
    "seam_op": 0.8831976056098938,
    "fan_oracle_ade": 36.64692306518555,
    "gnorm": 6.574,
    "terms": [
     "plan",
     "seam",
     "t1"
    ]
   },
   {
    "step": 3,
    "loss": 34.48556900024414,
    "plan_wta": 32.76909255981445,
    "t1_latent": 0.8313278555870056,
    "seam_op": 0.8851472735404968,
    "fan_oracle_ade": 32.76909255981445,
    "gnorm": 8.0182,
    "terms": [
     "plan",
     "seam",
     "t1"
    ]
   },
   {
    "step": 4,
    "loss": 42.64840316772461,
    "plan_wta": 40.80107879638672,
    "t1_latent": 0.8842780590057373,
    "seam_op": 0.9630453586578369,
    "fan_oracle_ade": 40.80107879638672,
    "gnorm": 27.3112,
    "terms": [
     "plan",
     "seam",
     "t1"
    ]
   }
  ],
  "n_trainable_tensors": 80,
  "isolation_pass": true,
  "param_total": 8706808,
  "r1_r4": {
   "exercised": false,
   "_read": "--speed-max-sidecar-v6 NOT supplied; the tactical input (if on) ran on synthetic v_max keys",
   "vmax_cap_smoke": {
    "n_rows": 4,
    "limits_ms": [
     8.3333,
     8.3333,
     33.3333,
     Infinity
    ],
    "n_v0_over_limit": 1,
    "n_candidates": 32,
    "n_candidates_binding": 8,
    "n_plan_over_limit": 0,
    "max_plan_excess_ms_t0_under_limit": 0.0,
    "max_uncapped_speed_minus_limit_ms": 3.6659364700317383,
    "_read": "synthetic smoke through the eval-mode forward; proves the cap reaches the emitted plan, NOT a driving number"
   }
  },
  "loss_bit_identical_to_OFF_per_step": [
   true,
   true,
   false,
   false
  ]
 }
}
