[v3] anchors: artifact anchors (117, 8, 2), controls (117, 2), units=alat (cli-override-legacy-file), horizon_s=None, dt=None, ref_speed_ms=None, kappa_cap=None, alat_v_floor=None, schema=None
[v3] anchors: loaded (117, 8, 2) from C:\Users\Admin\run_wbank\refc_anchors_6s_v0cond_alat_117.pt (sha256 51f930dc6f3564ff)
[v3] anchors: v0-CONDITIONED, controls (117, 2) (accel, lateral accel), units=alat (source: cli-override-legacy-file), rolled per window; withheld rows at 10.0 m/s. straight-ahead control present: True
[parity] ⚠ NON-PARITY corpus for *train* cache: C:\Users\Admin\tanitad-data\physicalai\_epcache\physicalai-train-14231cd29c74 references no registered parity key (physicalai-train-e438721ae894 / physicalai-val-0c5f7dac3b11). Results off it are NOT cross-arm comparable with the parity arms.
[v3] 48 episodes from C:\Users\Admin\tanitad-data\physicalai\_epcache\physicalai-train-14231cd29c74
[v3] 48 episodes -> 8199 windows (window 8, max_horizon 20, image_hw (256, 256), tac_vocab kin3)
[v3] u8_batches=False: frames+future_frames = 0.793 GB per collated batch (float32), <= 1 in flight -> ~0.79 GB
[v3] withheld bank: mode=random warmup=450 speed_max=35.0 m/s pool={'n': 9543, 'mean_ms': 5.7998, 'std_ms': 4.0438, 'p10_p50_p90_ms': [0.0, 5.763, 10.835], 'source': "poses[:, 3] over every frame of the TRAINING episodes (the marginal the withheld row's bank is drawn from; independent of the row)"}
[v3:hier] step 50 loss 35.6947 traj 4.4454
[v3:hier] step 100 loss 22.8625 traj 2.6209
[v3:hier] step 150 loss 17.1764 traj 2.0385
[v3:hier] step 200 loss 16.9808 traj 1.8969
[v3:hier] step 250 loss 17.0245 traj 1.8194
[v3:hier] step 300 loss 15.0151 traj 1.6377
[v3:hier] step 350 loss 16.2667 traj 1.7183
[v3:hier] step 400 loss 11.2968 traj 1.1845
[v3:hier] step 450 loss 15.1563 traj 1.6974
[v3:hier] step 500 loss 16.8992 traj 1.5020
[v3:hier] step 550 loss 15.0803 traj 1.9735
[v3:hier] step 600 loss 15.8188 traj 1.3308
[v3:hier] step 650 loss 18.5322 traj 1.9064
[v3:hier] step 700 loss 10.4429 traj 1.5123
[v3:hier] step 750 loss 13.7384 traj 1.6123
[v3:hier] step 800 loss 12.1438 traj 1.1715
[v3:hier] step 850 loss 14.3715 traj 1.9100
[v3:hier] step 900 loss 12.6020 traj 1.6345
[v3:hier] step 950 loss 10.4056 traj 1.2107
[v3:hier] step 1000 loss 13.3069 traj 1.6349
[v3:hier] step 1050 loss 10.9086 traj 1.3994
[v3:hier] step 1100 loss 13.9486 traj 1.4393
[v3:hier] step 1150 loss 8.8790 traj 0.8919
[v3:hier] step 1200 loss 8.2894 traj 1.4230
[v3:hier] step 1250 loss 10.1088 traj 1.3935
[v3:hier] step 1300 loss 10.1284 traj 1.5931
[v3:hier] step 1350 loss 8.7622 traj 1.4447
[v3:hier] step 1400 loss 10.1986 traj 1.0319
[v3:hier] step 1450 loss 8.3766 traj 1.4074
[v3:hier] step 1500 loss 7.4640 traj 0.8970
[v3:hier] step 1550 loss 10.7891 traj 1.3040
[v3:hier] step 1600 loss 7.6326 traj 0.8982
[v3:hier] step 1650 loss 6.4183 traj 1.0284
[v3:hier] step 1700 loss 7.7943 traj 0.8908
[v3:hier] step 1750 loss 9.4061 traj 1.1129
[v3:hier] step 1800 loss 7.5308 traj 1.2598
[v3:hier] step 1850 loss 6.2224 traj 0.9333
[v3:hier] step 1900 loss 6.7491 traj 1.0893
[v3:hier] step 1950 loss 7.5449 traj 1.2145
[v3:hier] step 2000 loss 6.5825 traj 1.0356
[v3:hier] ckpt step 2000 -> ckpt.pt
[v3:hier] DONE at 2000 — summary.json written
