[2026-09-20 09:38:09,729][navsim.planning.script.builders.worker_pool_builder][INFO] - Building WorkerPool...
[2026-09-20 09:38:09,733][nuplan.planning.utils.multithreading.worker_pool][INFO] - Worker: Sequential
[2026-09-20 09:38:09,733][nuplan.planning.utils.multithreading.worker_pool][INFO] - Number of nodes: 1
Number of CPUs per node: 1
Number of GPUs per node: 0
Number of threads across all nodes: 1
[2026-09-20 09:38:09,733][navsim.planning.script.builders.worker_pool_builder][INFO] - Building WorkerPool...DONE!
[2026-09-20 09:38:10,899][navsim.planning.script.run_pdm_score][INFO] - Starting pdm scoring of 220 scenarios...
[2026-09-20 09:38:10,899][navsim.planning.script.run_pdm_score][INFO] - Starting worker in thread_id=bf38ffa5-11b0-4ad9-a902-caf0528c907b, node_id=0
[2026-09-20 09:38:11,879][navsim.planning.script.run_pdm_score][INFO] - Processing stage one reactive scenario 1 / 16 in thread_id=bf38ffa5-11b0-4ad9-a902-caf0528c907b, node_id=0
[2026-09-20 09:38:13,485][navsim.planning.script.run_pdm_score][INFO] - Processing stage one reactive scenario 2 / 16 in thread_id=bf38ffa5-11b0-4ad9-a902-caf0528c907b, node_id=0
[2026-09-20 09:38:13,816][navsim.planning.script.run_pdm_score][INFO] - Processing stage one reactive scenario 3 / 16 in thread_id=bf38ffa5-11b0-4ad9-a902-caf0528c907b, node_id=0
[2026-09-20 09:38:15,482][navsim.planning.script.run_pdm_score][INFO] - Processing stage one reactive scenario 4 / 16 in thread_id=bf38ffa5-11b0-4ad9-a902-caf0528c907b, node_id=0
[2026-09-20 09:38:17,153][navsim.planning.script.run_pdm_score][INFO] - Processing stage one reactive scenario 5 / 16 in thread_id=bf38ffa5-11b0-4ad9-a902-caf0528c907b, node_id=0
[2026-09-20 09:38:17,435][navsim.planning.script.run_pdm_score][INFO] - Processing stage one reactive scenario 6 / 16 in thread_id=bf38ffa5-11b0-4ad9-a902-caf0528c907b, node_id=0
[2026-09-20 09:38:17,652][navsim.planning.script.run_pdm_score][INFO] - Processing stage one reactive scenario 7 / 16 in thread_id=bf38ffa5-11b0-4ad9-a902-caf0528c907b, node_id=0
[2026-09-20 09:38:18,769][navsim.planning.script.run_pdm_score][INFO] - Processing stage one reactive scenario 8 / 16 in thread_id=bf38ffa5-11b0-4ad9-a902-caf0528c907b, node_id=0
[2026-09-20 09:38:20,876][navsim.planning.script.run_pdm_score][INFO] - Processing stage one reactive scenario 9 / 16 in thread_id=bf38ffa5-11b0-4ad9-a902-caf0528c907b, node_id=0
[2026-09-20 09:38:20,988][navsim.planning.script.run_pdm_score][INFO] - Processing stage one reactive scenario 10 / 16 in thread_id=bf38ffa5-11b0-4ad9-a902-caf0528c907b, node_id=0
[2026-09-20 09:38:22,889][navsim.planning.script.run_pdm_score][INFO] - Processing stage one reactive scenario 11 / 16 in thread_id=bf38ffa5-11b0-4ad9-a902-caf0528c907b, node_id=0
[2026-09-20 09:38:22,978][navsim.planning.script.run_pdm_score][INFO] - Processing stage one reactive scenario 12 / 16 in thread_id=bf38ffa5-11b0-4ad9-a902-caf0528c907b, node_id=0
[2026-09-20 09:38:24,824][navsim.planning.script.run_pdm_score][INFO] - Processing stage one reactive scenario 13 / 16 in thread_id=bf38ffa5-11b0-4ad9-a902-caf0528c907b, node_id=0
[2026-09-20 09:38:26,642][navsim.planning.script.run_pdm_score][INFO] - Processing stage one reactive scenario 14 / 16 in thread_id=bf38ffa5-11b0-4ad9-a902-caf0528c907b, node_id=0
[2026-09-20 09:38:26,730][navsim.planning.script.run_pdm_score][INFO] - Processing stage one reactive scenario 15 / 16 in thread_id=bf38ffa5-11b0-4ad9-a902-caf0528c907b, node_id=0
[2026-09-20 09:38:28,694][navsim.planning.script.run_pdm_score][INFO] - Processing stage one reactive scenario 16 / 16 in thread_id=bf38ffa5-11b0-4ad9-a902-caf0528c907b, node_id=0
[2026-09-20 09:38:30,706][navsim.planning.script.run_pdm_score][INFO] - Processing stage two reactive scenario 1 / 204 in thread_id=bf38ffa5-11b0-4ad9-a902-caf0528c907b, node_id=0
[2026-09-20 09:38:30,762][navsim.planning.script.run_pdm_score][INFO] - Processing stage two reactive scenario 2 / 204 in thread_id=bf38ffa5-11b0-4ad9-a902-caf0528c907b, node_id=0
[2026-09-20 09:38:31,403][navsim.planning.script.run_pdm_score][INFO] - Processing stage two reactive scenario 3 / 204 in thread_id=bf38ffa5-11b0-4ad9-a902-caf0528c907b, node_id=0
[2026-09-20 09:38:31,466][navsim.planning.script.run_pdm_score][INFO] - Processing stage two reactive scenario 4 / 204 in thread_id=bf38ffa5-11b0-4ad9-a902-caf0528c907b, node_id=0
[2026-09-20 09:38:31,963][navsim.planning.script.run_pdm_score][INFO] - Processing stage two reactive scenario 5 / 204 in thread_id=bf38ffa5-11b0-4ad9-a902-caf0528c907b, node_id=0
[2026-09-20 09:38:32,597][navsim.planning.script.run_pdm_score][INFO] - Processing stage two reactive scenario 6 / 204 in thread_id=bf38ffa5-11b0-4ad9-a902-caf0528c907b, node_id=0
[2026-09-20 09:38:33,168][navsim.planning.script.run_pdm_score][INFO] - Processing stage two reactive scenario 7 / 204 in thread_id=bf38ffa5-11b0-4ad9-a902-caf0528c907b, node_id=0
[2026-09-20 09:38:34,016][navsim.planning.script.run_pdm_score][INFO] - Processing stage two reactive scenario 8 / 204 in thread_id=bf38ffa5-11b0-4ad9-a902-caf0528c907b, node_id=0
[2026-09-20 09:38:34,607][navsim.planning.script.run_pdm_score][INFO] - Processing stage two reactive scenario 9 / 204 in thread_id=bf38ffa5-11b0-4ad9-a902-caf0528c907b, node_id=0
[2026-09-20 09:38:35,207][navsim.planning.script.run_pdm_score][INFO] - Processing stage two reactive scenario 10 / 204 in thread_id=bf38ffa5-11b0-4ad9-a902-caf0528c907b, node_id=0
[2026-09-20 09:38:35,376][navsim.planning.script.run_pdm_score][INFO] - Processing stage two reactive scenario 11 / 204 in thread_id=bf38ffa5-11b0-4ad9-a902-caf0528c907b, node_id=0
[2026-09-20 09:38:36,251][navsim.planning.script.run_pdm_score][INFO] - Processing stage two reactive scenario 12 / 204 in thread_id=bf38ffa5-11b0-4ad9-a902-caf0528c907b, node_id=0
[2026-09-20 09:38:37,085][navsim.planning.script.run_pdm_score][INFO] - Processing stage two reactive scenario 13 / 204 in thread_id=bf38ffa5-11b0-4ad9-a902-caf0528c907b, node_id=0
[2026-09-20 09:38:37,902][navsim.planning.script.run_pdm_score][INFO] - Processing stage two reactive scenario 14 / 204 in thread_id=bf38ffa5-11b0-4ad9-a902-caf0528c907b, node_id=0
[2026-09-20 09:38:38,814][navsim.planning.script.run_pdm_score][INFO] - Processing stage two reactive scenario 15 / 204 in thread_id=bf38ffa5-11b0-4ad9-a902-caf0528c907b, node_id=0
[2026-09-20 09:38:38,953][navsim.planning.script.run_pdm_score][INFO] - Processing stage two reactive scenario 16 / 204 in thread_id=bf38ffa5-11b0-4ad9-a902-caf0528c907b, node_id=0
[2026-09-20 09:38:39,770][navsim.planning.script.run_pdm_score][INFO] - Processing stage two reactive scenario 17 / 204 in thread_id=bf38ffa5-11b0-4ad9-a902-caf0528c907b, node_id=0
[2026-09-20 09:38:40,440][navsim.planning.script.run_pdm_score][INFO] - Processing stage two reactive scenario 18 / 204 in thread_id=bf38ffa5-11b0-4ad9-a902-caf0528c907b, node_id=0
[2026-09-20 09:38:41,138][navsim.planning.script.run_pdm_score][INFO] - Processing stage two reactive scenario 19 / 204 in thread_id=bf38ffa5-11b0-4ad9-a902-caf0528c907b, node_id=0
[2026-09-20 09:38:41,805][navsim.planning.script.run_pdm_score][INFO] - Processing stage two reactive scenario 20 / 204 in thread_id=bf38ffa5-11b0-4ad9-a902-caf0528c907b, node_id=0
[2026-09-20 09:38:42,722][navsim.planning.script.run_pdm_score][INFO] - Processing stage two reactive scenario 21 / 204 in thread_id=bf38ffa5-11b0-4ad9-a902-caf0528c907b, node_id=0
[2026-09-20 09:38:43,682][navsim.planning.script.run_pdm_score][INFO] - Processing stage two reactive scenario 22 / 204 in thread_id=bf38ffa5-11b0-4ad9-a902-caf0528c907b, node_id=0
[2026-09-20 09:38:44,678][navsim.planning.script.run_pdm_score][INFO] - Processing stage two reactive scenario 23 / 204 in thread_id=bf38ffa5-11b0-4ad9-a902-caf0528c907b, node_id=0
[2026-09-20 09:38:45,841][navsim.planning.script.run_pdm_score][INFO] - Processing stage two reactive scenario 24 / 204 in thread_id=bf38ffa5-11b0-4ad9-a902-caf0528c907b, node_id=0
[2026-09-20 09:38:46,726][navsim.planning.script.run_pdm_score][INFO] - Processing stage two reactive scenario 25 / 204 in thread_id=bf38ffa5-11b0-4ad9-a902-caf0528c907b, node_id=0
[2026-09-20 09:38:47,667][navsim.planning.script.run_pdm_score][INFO] - Processing stage two reactive scenario 26 / 204 in thread_id=bf38ffa5-11b0-4ad9-a902-caf0528c907b, node_id=0
[2026-09-20 09:38:48,495][navsim.planning.script.run_pdm_score][INFO] - Processing stage two reactive scenario 27 / 204 in thread_id=bf38ffa5-11b0-4ad9-a902-caf0528c907b, node_id=0
[2026-09-20 09:38:48,561][navsim.planning.script.run_pdm_score][INFO] - Processing stage two reactive scenario 28 / 204 in thread_id=bf38ffa5-11b0-4ad9-a902-caf0528c907b, node_id=0
[2026-09-20 09:38:48,726][navsim.planning.script.run_pdm_score][INFO] - Processing stage two reactive scenario 29 / 204 in thread_id=bf38ffa5-11b0-4ad9-a902-caf0528c907b, node_id=0
[2026-09-20 09:38:49,631][navsim.planning.script.run_pdm_score][INFO] - Processing stage two reactive scenario 30 / 204 in thread_id=bf38ffa5-11b0-4ad9-a902-caf0528c907b, node_id=0
[2026-09-20 09:38:49,696][navsim.planning.script.run_pdm_score][INFO] - Processing stage two reactive scenario 31 / 204 in thread_id=bf38ffa5-11b0-4ad9-a902-caf0528c907b, node_id=0
[2026-09-20 09:38:49,760][navsim.planning.script.run_pdm_score][INFO] - Processing stage two reactive scenario 32 / 204 in thread_id=bf38ffa5-11b0-4ad9-a902-caf0528c907b, node_id=0
[2026-09-20 09:38:50,597][navsim.planning.script.run_pdm_score][INFO] - Processing stage two reactive scenario 33 / 204 in thread_id=bf38ffa5-11b0-4ad9-a902-caf0528c907b, node_id=0
[2026-09-20 09:38:50,664][navsim.planning.script.run_pdm_score][INFO] - Processing stage two reactive scenario 34 / 204 in thread_id=bf38ffa5-11b0-4ad9-a902-caf0528c907b, node_id=0
[2026-09-20 09:38:51,545][navsim.planning.script.run_pdm_score][INFO] - Processing stage two reactive scenario 35 / 204 in thread_id=bf38ffa5-11b0-4ad9-a902-caf0528c907b, node_id=0
[2026-09-20 09:38:52,382][navsim.planning.script.run_pdm_score][INFO] - Processing stage two reactive scenario 36 / 204 in thread_id=bf38ffa5-11b0-4ad9-a902-caf0528c907b, node_id=0
[2026-09-20 09:38:53,270][navsim.planning.script.run_pdm_score][INFO] - Processing stage two reactive scenario 37 / 204 in thread_id=bf38ffa5-11b0-4ad9-a902-caf0528c907b, node_id=0
[2026-09-20 09:38:53,484][navsim.planning.script.run_pdm_score][INFO] - Processing stage two reactive scenario 38 / 204 in thread_id=bf38ffa5-11b0-4ad9-a902-caf0528c907b, node_id=0
[2026-09-20 09:38:53,948][navsim.planning.script.run_pdm_score][INFO] - Processing stage two reactive scenario 39 / 204 in thread_id=bf38ffa5-11b0-4ad9-a902-caf0528c907b, node_id=0
[2026-09-20 09:38:54,020][navsim.planning.script.run_pdm_score][INFO] - Processing stage two reactive scenario 40 / 204 in thread_id=bf38ffa5-11b0-4ad9-a902-caf0528c907b, node_id=0
[2026-09-20 09:38:54,716][navsim.planning.script.run_pdm_score][INFO] - Processing stage two reactive scenario 41 / 204 in thread_id=bf38ffa5-11b0-4ad9-a902-caf0528c907b, node_id=0
[2026-09-20 09:38:55,231][navsim.planning.script.run_pdm_score][INFO] - Processing stage two reactive scenario 42 / 204 in thread_id=bf38ffa5-11b0-4ad9-a902-caf0528c907b, node_id=0
[2026-09-20 09:38:55,761][navsim.planning.script.run_pdm_score][INFO] - Processing stage two reactive scenario 43 / 204 in thread_id=bf38ffa5-11b0-4ad9-a902-caf0528c907b, node_id=0
[2026-09-20 09:38:55,983][navsim.planning.script.run_pdm_score][INFO] - Processing stage two reactive scenario 44 / 204 in thread_id=bf38ffa5-11b0-4ad9-a902-caf0528c907b, node_id=0
[2026-09-20 09:38:56,067][navsim.planning.script.run_pdm_score][INFO] - Processing stage two reactive scenario 45 / 204 in thread_id=bf38ffa5-11b0-4ad9-a902-caf0528c907b, node_id=0
[2026-09-20 09:38:56,217][navsim.planning.script.run_pdm_score][INFO] - Processing stage two reactive scenario 46 / 204 in thread_id=bf38ffa5-11b0-4ad9-a902-caf0528c907b, node_id=0
[2026-09-20 09:38:56,744][navsim.planning.script.run_pdm_score][INFO] - Processing stage two reactive scenario 47 / 204 in thread_id=bf38ffa5-11b0-4ad9-a902-caf0528c907b, node_id=0
[2026-09-20 09:38:56,897][navsim.planning.script.run_pdm_score][INFO] - Processing stage two reactive scenario 48 / 204 in thread_id=bf38ffa5-11b0-4ad9-a902-caf0528c907b, node_id=0
[2026-09-20 09:38:57,801][navsim.planning.script.run_pdm_score][INFO] - Processing stage two reactive scenario 49 / 204 in thread_id=bf38ffa5-11b0-4ad9-a902-caf0528c907b, node_id=0
[2026-09-20 09:38:57,868][navsim.planning.script.run_pdm_score][INFO] - Processing stage two reactive scenario 50 / 204 in thread_id=bf38ffa5-11b0-4ad9-a902-caf0528c907b, node_id=0
[2026-09-20 09:38:58,772][navsim.planning.script.run_pdm_score][INFO] - Processing stage two reactive scenario 51 / 204 in thread_id=bf38ffa5-11b0-4ad9-a902-caf0528c907b, node_id=0
[2026-09-20 09:38:58,846][navsim.planning.script.run_pdm_score][INFO] - Processing stage two reactive scenario 52 / 204 in thread_id=bf38ffa5-11b0-4ad9-a902-caf0528c907b, node_id=0
[2026-09-20 09:38:59,503][navsim.planning.script.run_pdm_score][INFO] - Processing stage two reactive scenario 53 / 204 in thread_id=bf38ffa5-11b0-4ad9-a902-caf0528c907b, node_id=0
[2026-09-20 09:39:00,394][navsim.planning.script.run_pdm_score][INFO] - Processing stage two reactive scenario 54 / 204 in thread_id=bf38ffa5-11b0-4ad9-a902-caf0528c907b, node_id=0
[2026-09-20 09:39:01,098][navsim.planning.script.run_pdm_score][INFO] - Processing stage two reactive scenario 55 / 204 in thread_id=bf38ffa5-11b0-4ad9-a902-caf0528c907b, node_id=0
[2026-09-20 09:39:01,929][navsim.planning.script.run_pdm_score][INFO] - Processing stage two reactive scenario 56 / 204 in thread_id=bf38ffa5-11b0-4ad9-a902-caf0528c907b, node_id=0
[2026-09-20 09:39:02,874][navsim.planning.script.run_pdm_score][INFO] - Processing stage two reactive scenario 57 / 204 in thread_id=bf38ffa5-11b0-4ad9-a902-caf0528c907b, node_id=0
[2026-09-20 09:39:03,555][navsim.planning.script.run_pdm_score][INFO] - Processing stage two reactive scenario 58 / 204 in thread_id=bf38ffa5-11b0-4ad9-a902-caf0528c907b, node_id=0
[2026-09-20 09:39:03,622][navsim.planning.script.run_pdm_score][INFO] - Processing stage two reactive scenario 59 / 204 in thread_id=bf38ffa5-11b0-4ad9-a902-caf0528c907b, node_id=0
[2026-09-20 09:39:03,755][navsim.planning.script.run_pdm_score][INFO] - Processing stage two reactive scenario 60 / 204 in thread_id=bf38ffa5-11b0-4ad9-a902-caf0528c907b, node_id=0
[2026-09-20 09:39:04,602][navsim.planning.script.run_pdm_score][INFO] - Processing stage two reactive scenario 61 / 204 in thread_id=bf38ffa5-11b0-4ad9-a902-caf0528c907b, node_id=0
[2026-09-20 09:39:05,207][navsim.planning.script.run_pdm_score][INFO] - Processing stage two reactive scenario 62 / 204 in thread_id=bf38ffa5-11b0-4ad9-a902-caf0528c907b, node_id=0
[2026-09-20 09:39:05,700][navsim.planning.script.run_pdm_score][INFO] - Processing stage two reactive scenario 63 / 204 in thread_id=bf38ffa5-11b0-4ad9-a902-caf0528c907b, node_id=0
[2026-09-20 09:39:05,774][navsim.planning.script.run_pdm_score][INFO] - Processing stage two reactive scenario 64 / 204 in thread_id=bf38ffa5-11b0-4ad9-a902-caf0528c907b, node_id=0
[2026-09-20 09:39:06,687][navsim.planning.script.run_pdm_score][INFO] - Processing stage two reactive scenario 65 / 204 in thread_id=bf38ffa5-11b0-4ad9-a902-caf0528c907b, node_id=0
[2026-09-20 09:39:07,648][navsim.planning.script.run_pdm_score][INFO] - Processing stage two reactive scenario 66 / 204 in thread_id=bf38ffa5-11b0-4ad9-a902-caf0528c907b, node_id=0
[2026-09-20 09:39:07,792][navsim.planning.script.run_pdm_score][INFO] - Processing stage two reactive scenario 67 / 204 in thread_id=bf38ffa5-11b0-4ad9-a902-caf0528c907b, node_id=0
[2026-09-20 09:39:08,621][navsim.planning.script.run_pdm_score][INFO] - Processing stage two reactive scenario 68 / 204 in thread_id=bf38ffa5-11b0-4ad9-a902-caf0528c907b, node_id=0
[2026-09-20 09:39:08,679][navsim.planning.script.run_pdm_score][INFO] - Processing stage two reactive scenario 69 / 204 in thread_id=bf38ffa5-11b0-4ad9-a902-caf0528c907b, node_id=0
[2026-09-20 09:39:08,897][navsim.planning.script.run_pdm_score][INFO] - Processing stage two reactive scenario 70 / 204 in thread_id=bf38ffa5-11b0-4ad9-a902-caf0528c907b, node_id=0
[2026-09-20 09:39:09,043][navsim.planning.script.run_pdm_score][INFO] - Processing stage two reactive scenario 71 / 204 in thread_id=bf38ffa5-11b0-4ad9-a902-caf0528c907b, node_id=0
[2026-09-20 09:39:09,710][navsim.planning.script.run_pdm_score][INFO] - Processing stage two reactive scenario 72 / 204 in thread_id=bf38ffa5-11b0-4ad9-a902-caf0528c907b, node_id=0
[2026-09-20 09:39:10,550][navsim.planning.script.run_pdm_score][INFO] - Processing stage two reactive scenario 73 / 204 in thread_id=bf38ffa5-11b0-4ad9-a902-caf0528c907b, node_id=0
[2026-09-20 09:39:11,116][navsim.planning.script.run_pdm_score][INFO] - Processing stage two reactive scenario 74 / 204 in thread_id=bf38ffa5-11b0-4ad9-a902-caf0528c907b, node_id=0
[2026-09-20 09:39:11,597][navsim.planning.script.run_pdm_score][INFO] - Processing stage two reactive scenario 75 / 204 in thread_id=bf38ffa5-11b0-4ad9-a902-caf0528c907b, node_id=0
[2026-09-20 09:39:12,462][navsim.planning.script.run_pdm_score][INFO] - Processing stage two reactive scenario 76 / 204 in thread_id=bf38ffa5-11b0-4ad9-a902-caf0528c907b, node_id=0
[2026-09-20 09:39:13,080][navsim.planning.script.run_pdm_score][INFO] - Processing stage two reactive scenario 77 / 204 in thread_id=bf38ffa5-11b0-4ad9-a902-caf0528c907b, node_id=0
[2026-09-20 09:39:13,164][navsim.planning.script.run_pdm_score][INFO] - Processing stage two reactive scenario 78 / 204 in thread_id=bf38ffa5-11b0-4ad9-a902-caf0528c907b, node_id=0
[2026-09-20 09:39:13,965][navsim.planning.script.run_pdm_score][INFO] - Processing stage two reactive scenario 79 / 204 in thread_id=bf38ffa5-11b0-4ad9-a902-caf0528c907b, node_id=0
[2026-09-20 09:39:14,818][navsim.planning.script.run_pdm_score][INFO] - Processing stage two reactive scenario 80 / 204 in thread_id=bf38ffa5-11b0-4ad9-a902-caf0528c907b, node_id=0
[2026-09-20 09:39:14,881][navsim.planning.script.run_pdm_score][INFO] - Processing stage two reactive scenario 81 / 204 in thread_id=bf38ffa5-11b0-4ad9-a902-caf0528c907b, node_id=0
[2026-09-20 09:39:15,709][navsim.planning.script.run_pdm_score][INFO] - Processing stage two reactive scenario 82 / 204 in thread_id=bf38ffa5-11b0-4ad9-a902-caf0528c907b, node_id=0
[2026-09-20 09:39:16,656][navsim.planning.script.run_pdm_score][INFO] - Processing stage two reactive scenario 83 / 204 in thread_id=bf38ffa5-11b0-4ad9-a902-caf0528c907b, node_id=0
[2026-09-20 09:39:17,537][navsim.planning.script.run_pdm_score][INFO] - Processing stage two reactive scenario 84 / 204 in thread_id=bf38ffa5-11b0-4ad9-a902-caf0528c907b, node_id=0
[2026-09-20 09:39:18,351][navsim.planning.script.run_pdm_score][INFO] - Processing stage two reactive scenario 85 / 204 in thread_id=bf38ffa5-11b0-4ad9-a902-caf0528c907b, node_id=0
[2026-09-20 09:39:19,055][navsim.planning.script.run_pdm_score][INFO] - Processing stage two reactive scenario 86 / 204 in thread_id=bf38ffa5-11b0-4ad9-a902-caf0528c907b, node_id=0
[2026-09-20 09:39:19,702][navsim.planning.script.run_pdm_score][INFO] - Processing stage two reactive scenario 87 / 204 in thread_id=bf38ffa5-11b0-4ad9-a902-caf0528c907b, node_id=0
[2026-09-20 09:39:20,686][navsim.planning.script.run_pdm_score][INFO] - Processing stage two reactive scenario 88 / 204 in thread_id=bf38ffa5-11b0-4ad9-a902-caf0528c907b, node_id=0
[2026-09-20 09:39:21,628][navsim.planning.script.run_pdm_score][INFO] - Processing stage two reactive scenario 89 / 204 in thread_id=bf38ffa5-11b0-4ad9-a902-caf0528c907b, node_id=0
[2026-09-20 09:39:22,215][navsim.planning.script.run_pdm_score][INFO] - Processing stage two reactive scenario 90 / 204 in thread_id=bf38ffa5-11b0-4ad9-a902-caf0528c907b, node_id=0
[2026-09-20 09:39:23,105][navsim.planning.script.run_pdm_score][INFO] - Processing stage two reactive scenario 91 / 204 in thread_id=bf38ffa5-11b0-4ad9-a902-caf0528c907b, node_id=0
[2026-09-20 09:39:23,989][navsim.planning.script.run_pdm_score][INFO] - Processing stage two reactive scenario 92 / 204 in thread_id=bf38ffa5-11b0-4ad9-a902-caf0528c907b, node_id=0
[2026-09-20 09:39:24,973][navsim.planning.script.run_pdm_score][INFO] - Processing stage two reactive scenario 93 / 204 in thread_id=bf38ffa5-11b0-4ad9-a902-caf0528c907b, node_id=0
[2026-09-20 09:39:25,623][navsim.planning.script.run_pdm_score][INFO] - Processing stage two reactive scenario 94 / 204 in thread_id=bf38ffa5-11b0-4ad9-a902-caf0528c907b, node_id=0
[2026-09-20 09:39:26,407][navsim.planning.script.run_pdm_score][INFO] - Processing stage two reactive scenario 95 / 204 in thread_id=bf38ffa5-11b0-4ad9-a902-caf0528c907b, node_id=0
[2026-09-20 09:39:27,478][navsim.planning.script.run_pdm_score][INFO] - Processing stage two reactive scenario 96 / 204 in thread_id=bf38ffa5-11b0-4ad9-a902-caf0528c907b, node_id=0
[2026-09-20 09:39:28,065][navsim.planning.script.run_pdm_score][INFO] - Processing stage two reactive scenario 97 / 204 in thread_id=bf38ffa5-11b0-4ad9-a902-caf0528c907b, node_id=0
[2026-09-20 09:39:28,892][navsim.planning.script.run_pdm_score][INFO] - Processing stage two reactive scenario 98 / 204 in thread_id=bf38ffa5-11b0-4ad9-a902-caf0528c907b, node_id=0
[2026-09-20 09:39:29,880][navsim.planning.script.run_pdm_score][INFO] - Processing stage two reactive scenario 99 / 204 in thread_id=bf38ffa5-11b0-4ad9-a902-caf0528c907b, node_id=0
[2026-09-20 09:39:30,021][navsim.planning.script.run_pdm_score][INFO] - Processing stage two reactive scenario 100 / 204 in thread_id=bf38ffa5-11b0-4ad9-a902-caf0528c907b, node_id=0
[2026-09-20 09:39:30,911][navsim.planning.script.run_pdm_score][INFO] - Processing stage two reactive scenario 101 / 204 in thread_id=bf38ffa5-11b0-4ad9-a902-caf0528c907b, node_id=0
[2026-09-20 09:39:31,690][navsim.planning.script.run_pdm_score][INFO] - Processing stage two reactive scenario 102 / 204 in thread_id=bf38ffa5-11b0-4ad9-a902-caf0528c907b, node_id=0
[2026-09-20 09:39:31,835][navsim.planning.script.run_pdm_score][INFO] - Processing stage two reactive scenario 103 / 204 in thread_id=bf38ffa5-11b0-4ad9-a902-caf0528c907b, node_id=0
[2026-09-20 09:39:32,669][navsim.planning.script.run_pdm_score][INFO] - Processing stage two reactive scenario 104 / 204 in thread_id=bf38ffa5-11b0-4ad9-a902-caf0528c907b, node_id=0
[2026-09-20 09:39:33,730][navsim.planning.script.run_pdm_score][INFO] - Processing stage two reactive scenario 105 / 204 in thread_id=bf38ffa5-11b0-4ad9-a902-caf0528c907b, node_id=0
[2026-09-20 09:39:34,414][navsim.planning.script.run_pdm_score][INFO] - Processing stage two reactive scenario 106 / 204 in thread_id=bf38ffa5-11b0-4ad9-a902-caf0528c907b, node_id=0
[2026-09-20 09:39:35,048][navsim.planning.script.run_pdm_score][INFO] - Processing stage two reactive scenario 107 / 204 in thread_id=bf38ffa5-11b0-4ad9-a902-caf0528c907b, node_id=0
[2026-09-20 09:39:35,121][navsim.planning.script.run_pdm_score][INFO] - Processing stage two reactive scenario 108 / 204 in thread_id=bf38ffa5-11b0-4ad9-a902-caf0528c907b, node_id=0
[2026-09-20 09:39:35,348][navsim.planning.script.run_pdm_score][INFO] - Processing stage two reactive scenario 109 / 204 in thread_id=bf38ffa5-11b0-4ad9-a902-caf0528c907b, node_id=0
[2026-09-20 09:39:35,948][navsim.planning.script.run_pdm_score][INFO] - Processing stage two reactive scenario 110 / 204 in thread_id=bf38ffa5-11b0-4ad9-a902-caf0528c907b, node_id=0
[2026-09-20 09:39:36,783][navsim.planning.script.run_pdm_score][INFO] - Processing stage two reactive scenario 111 / 204 in thread_id=bf38ffa5-11b0-4ad9-a902-caf0528c907b, node_id=0
[2026-09-20 09:39:37,366][navsim.planning.script.run_pdm_score][INFO] - Processing stage two reactive scenario 112 / 204 in thread_id=bf38ffa5-11b0-4ad9-a902-caf0528c907b, node_id=0
[2026-09-20 09:39:37,437][navsim.planning.script.run_pdm_score][INFO] - Processing stage two reactive scenario 113 / 204 in thread_id=bf38ffa5-11b0-4ad9-a902-caf0528c907b, node_id=0
[2026-09-20 09:39:37,512][navsim.planning.script.run_pdm_score][INFO] - Processing stage two reactive scenario 114 / 204 in thread_id=bf38ffa5-11b0-4ad9-a902-caf0528c907b, node_id=0
[2026-09-20 09:39:38,383][navsim.planning.script.run_pdm_score][INFO] - Processing stage two reactive scenario 115 / 204 in thread_id=bf38ffa5-11b0-4ad9-a902-caf0528c907b, node_id=0
[2026-09-20 09:39:38,537][navsim.planning.script.run_pdm_score][INFO] - Processing stage two reactive scenario 116 / 204 in thread_id=bf38ffa5-11b0-4ad9-a902-caf0528c907b, node_id=0
[2026-09-20 09:39:39,421][navsim.planning.script.run_pdm_score][INFO] - Processing stage two reactive scenario 117 / 204 in thread_id=bf38ffa5-11b0-4ad9-a902-caf0528c907b, node_id=0
[2026-09-20 09:39:39,570][navsim.planning.script.run_pdm_score][INFO] - Processing stage two reactive scenario 118 / 204 in thread_id=bf38ffa5-11b0-4ad9-a902-caf0528c907b, node_id=0
[2026-09-20 09:39:40,074][navsim.planning.script.run_pdm_score][INFO] - Processing stage two reactive scenario 119 / 204 in thread_id=bf38ffa5-11b0-4ad9-a902-caf0528c907b, node_id=0
[2026-09-20 09:39:40,235][navsim.planning.script.run_pdm_score][INFO] - Processing stage two reactive scenario 120 / 204 in thread_id=bf38ffa5-11b0-4ad9-a902-caf0528c907b, node_id=0
[2026-09-20 09:39:40,740][navsim.planning.script.run_pdm_score][INFO] - Processing stage two reactive scenario 121 / 204 in thread_id=bf38ffa5-11b0-4ad9-a902-caf0528c907b, node_id=0
[2026-09-20 09:39:41,626][navsim.planning.script.run_pdm_score][INFO] - Processing stage two reactive scenario 122 / 204 in thread_id=bf38ffa5-11b0-4ad9-a902-caf0528c907b, node_id=0
[2026-09-20 09:39:42,254][navsim.planning.script.run_pdm_score][INFO] - Processing stage two reactive scenario 123 / 204 in thread_id=bf38ffa5-11b0-4ad9-a902-caf0528c907b, node_id=0
[2026-09-20 09:39:42,305][navsim.planning.script.run_pdm_score][INFO] - Processing stage two reactive scenario 124 / 204 in thread_id=bf38ffa5-11b0-4ad9-a902-caf0528c907b, node_id=0
[2026-09-20 09:39:42,437][navsim.planning.script.run_pdm_score][INFO] - Processing stage two reactive scenario 125 / 204 in thread_id=bf38ffa5-11b0-4ad9-a902-caf0528c907b, node_id=0
[2026-09-20 09:39:42,907][navsim.planning.script.run_pdm_score][INFO] - Processing stage two reactive scenario 126 / 204 in thread_id=bf38ffa5-11b0-4ad9-a902-caf0528c907b, node_id=0
[2026-09-20 09:39:43,605][navsim.planning.script.run_pdm_score][INFO] - Processing stage two reactive scenario 127 / 204 in thread_id=bf38ffa5-11b0-4ad9-a902-caf0528c907b, node_id=0
[2026-09-20 09:39:44,439][navsim.planning.script.run_pdm_score][INFO] - Processing stage two reactive scenario 128 / 204 in thread_id=bf38ffa5-11b0-4ad9-a902-caf0528c907b, node_id=0
[2026-09-20 09:39:44,589][navsim.planning.script.run_pdm_score][INFO] - Processing stage two reactive scenario 129 / 204 in thread_id=bf38ffa5-11b0-4ad9-a902-caf0528c907b, node_id=0
[2026-09-20 09:39:45,593][navsim.planning.script.run_pdm_score][INFO] - Processing stage two reactive scenario 130 / 204 in thread_id=bf38ffa5-11b0-4ad9-a902-caf0528c907b, node_id=0
[2026-09-20 09:39:46,401][navsim.planning.script.run_pdm_score][INFO] - Processing stage two reactive scenario 131 / 204 in thread_id=bf38ffa5-11b0-4ad9-a902-caf0528c907b, node_id=0
[2026-09-20 09:39:47,305][navsim.planning.script.run_pdm_score][INFO] - Processing stage two reactive scenario 132 / 204 in thread_id=bf38ffa5-11b0-4ad9-a902-caf0528c907b, node_id=0
[2026-09-20 09:39:48,242][navsim.planning.script.run_pdm_score][INFO] - Processing stage two reactive scenario 133 / 204 in thread_id=bf38ffa5-11b0-4ad9-a902-caf0528c907b, node_id=0
[2026-09-20 09:39:49,226][navsim.planning.script.run_pdm_score][INFO] - Processing stage two reactive scenario 134 / 204 in thread_id=bf38ffa5-11b0-4ad9-a902-caf0528c907b, node_id=0
[2026-09-20 09:39:50,128][navsim.planning.script.run_pdm_score][INFO] - Processing stage two reactive scenario 135 / 204 in thread_id=bf38ffa5-11b0-4ad9-a902-caf0528c907b, node_id=0
[2026-09-20 09:39:50,401][navsim.planning.script.run_pdm_score][INFO] - Processing stage two reactive scenario 136 / 204 in thread_id=bf38ffa5-11b0-4ad9-a902-caf0528c907b, node_id=0
[2026-09-20 09:39:50,460][navsim.planning.script.run_pdm_score][INFO] - Processing stage two reactive scenario 137 / 204 in thread_id=bf38ffa5-11b0-4ad9-a902-caf0528c907b, node_id=0
[2026-09-20 09:39:51,294][navsim.planning.script.run_pdm_score][INFO] - Processing stage two reactive scenario 138 / 204 in thread_id=bf38ffa5-11b0-4ad9-a902-caf0528c907b, node_id=0
[2026-09-20 09:39:51,995][navsim.planning.script.run_pdm_score][INFO] - Processing stage two reactive scenario 139 / 204 in thread_id=bf38ffa5-11b0-4ad9-a902-caf0528c907b, node_id=0
[2026-09-20 09:39:53,062][navsim.planning.script.run_pdm_score][INFO] - Processing stage two reactive scenario 140 / 204 in thread_id=bf38ffa5-11b0-4ad9-a902-caf0528c907b, node_id=0
[2026-09-20 09:39:53,680][navsim.planning.script.run_pdm_score][INFO] - Processing stage two reactive scenario 141 / 204 in thread_id=bf38ffa5-11b0-4ad9-a902-caf0528c907b, node_id=0
[2026-09-20 09:39:54,561][navsim.planning.script.run_pdm_score][INFO] - Processing stage two reactive scenario 142 / 204 in thread_id=bf38ffa5-11b0-4ad9-a902-caf0528c907b, node_id=0
[2026-09-20 09:39:55,031][navsim.planning.script.run_pdm_score][INFO] - Processing stage two reactive scenario 143 / 204 in thread_id=bf38ffa5-11b0-4ad9-a902-caf0528c907b, node_id=0
[2026-09-20 09:39:55,274][navsim.planning.script.run_pdm_score][INFO] - Processing stage two reactive scenario 144 / 204 in thread_id=bf38ffa5-11b0-4ad9-a902-caf0528c907b, node_id=0
[2026-09-20 09:39:55,881][navsim.planning.script.run_pdm_score][INFO] - Processing stage two reactive scenario 145 / 204 in thread_id=bf38ffa5-11b0-4ad9-a902-caf0528c907b, node_id=0
[2026-09-20 09:39:56,682][navsim.planning.script.run_pdm_score][INFO] - Processing stage two reactive scenario 146 / 204 in thread_id=bf38ffa5-11b0-4ad9-a902-caf0528c907b, node_id=0
[2026-09-20 09:39:57,266][navsim.planning.script.run_pdm_score][INFO] - Processing stage two reactive scenario 147 / 204 in thread_id=bf38ffa5-11b0-4ad9-a902-caf0528c907b, node_id=0
[2026-09-20 09:39:57,883][navsim.planning.script.run_pdm_score][INFO] - Processing stage two reactive scenario 148 / 204 in thread_id=bf38ffa5-11b0-4ad9-a902-caf0528c907b, node_id=0
[2026-09-20 09:39:58,028][navsim.planning.script.run_pdm_score][INFO] - Processing stage two reactive scenario 149 / 204 in thread_id=bf38ffa5-11b0-4ad9-a902-caf0528c907b, node_id=0
[2026-09-20 09:39:58,867][navsim.planning.script.run_pdm_score][INFO] - Processing stage two reactive scenario 150 / 204 in thread_id=bf38ffa5-11b0-4ad9-a902-caf0528c907b, node_id=0
[2026-09-20 09:39:59,018][navsim.planning.script.run_pdm_score][INFO] - Processing stage two reactive scenario 151 / 204 in thread_id=bf38ffa5-11b0-4ad9-a902-caf0528c907b, node_id=0
[2026-09-20 09:39:59,635][navsim.planning.script.run_pdm_score][INFO] - Processing stage two reactive scenario 152 / 204 in thread_id=bf38ffa5-11b0-4ad9-a902-caf0528c907b, node_id=0
[2026-09-20 09:39:59,697][navsim.planning.script.run_pdm_score][INFO] - Processing stage two reactive scenario 153 / 204 in thread_id=bf38ffa5-11b0-4ad9-a902-caf0528c907b, node_id=0
[2026-09-20 09:40:00,185][navsim.planning.script.run_pdm_score][INFO] - Processing stage two reactive scenario 154 / 204 in thread_id=bf38ffa5-11b0-4ad9-a902-caf0528c907b, node_id=0
[2026-09-20 09:40:00,785][navsim.planning.script.run_pdm_score][INFO] - Processing stage two reactive scenario 155 / 204 in thread_id=bf38ffa5-11b0-4ad9-a902-caf0528c907b, node_id=0
[2026-09-20 09:40:00,851][navsim.planning.script.run_pdm_score][INFO] - Processing stage two reactive scenario 156 / 204 in thread_id=bf38ffa5-11b0-4ad9-a902-caf0528c907b, node_id=0
[2026-09-20 09:40:00,902][navsim.planning.script.run_pdm_score][INFO] - Processing stage two reactive scenario 157 / 204 in thread_id=bf38ffa5-11b0-4ad9-a902-caf0528c907b, node_id=0
[2026-09-20 09:40:01,791][navsim.planning.script.run_pdm_score][INFO] - Processing stage two reactive scenario 158 / 204 in thread_id=bf38ffa5-11b0-4ad9-a902-caf0528c907b, node_id=0
[2026-09-20 09:40:02,003][navsim.planning.script.run_pdm_score][INFO] - Processing stage two reactive scenario 159 / 204 in thread_id=bf38ffa5-11b0-4ad9-a902-caf0528c907b, node_id=0
[2026-09-20 09:40:02,670][navsim.planning.script.run_pdm_score][INFO] - Processing stage two reactive scenario 160 / 204 in thread_id=bf38ffa5-11b0-4ad9-a902-caf0528c907b, node_id=0
[2026-09-20 09:40:03,271][navsim.planning.script.run_pdm_score][INFO] - Processing stage two reactive scenario 161 / 204 in thread_id=bf38ffa5-11b0-4ad9-a902-caf0528c907b, node_id=0
[2026-09-20 09:40:03,321][navsim.planning.script.run_pdm_score][INFO] - Processing stage two reactive scenario 162 / 204 in thread_id=bf38ffa5-11b0-4ad9-a902-caf0528c907b, node_id=0
[2026-09-20 09:40:03,388][navsim.planning.script.run_pdm_score][INFO] - Processing stage two reactive scenario 163 / 204 in thread_id=bf38ffa5-11b0-4ad9-a902-caf0528c907b, node_id=0
[2026-09-20 09:40:04,025][navsim.planning.script.run_pdm_score][INFO] - Processing stage two reactive scenario 164 / 204 in thread_id=bf38ffa5-11b0-4ad9-a902-caf0528c907b, node_id=0
[2026-09-20 09:40:04,905][navsim.planning.script.run_pdm_score][INFO] - Processing stage two reactive scenario 165 / 204 in thread_id=bf38ffa5-11b0-4ad9-a902-caf0528c907b, node_id=0
[2026-09-20 09:40:05,540][navsim.planning.script.run_pdm_score][INFO] - Processing stage two reactive scenario 166 / 204 in thread_id=bf38ffa5-11b0-4ad9-a902-caf0528c907b, node_id=0
[2026-09-20 09:40:06,147][navsim.planning.script.run_pdm_score][INFO] - Processing stage two reactive scenario 167 / 204 in thread_id=bf38ffa5-11b0-4ad9-a902-caf0528c907b, node_id=0
[2026-09-20 09:40:07,089][navsim.planning.script.run_pdm_score][INFO] - Processing stage two reactive scenario 168 / 204 in thread_id=bf38ffa5-11b0-4ad9-a902-caf0528c907b, node_id=0
[2026-09-20 09:40:07,968][navsim.planning.script.run_pdm_score][INFO] - Processing stage two reactive scenario 169 / 204 in thread_id=bf38ffa5-11b0-4ad9-a902-caf0528c907b, node_id=0
[2026-09-20 09:40:08,108][navsim.planning.script.run_pdm_score][INFO] - Processing stage two reactive scenario 170 / 204 in thread_id=bf38ffa5-11b0-4ad9-a902-caf0528c907b, node_id=0
[2026-09-20 09:40:09,009][navsim.planning.script.run_pdm_score][INFO] - Processing stage two reactive scenario 171 / 204 in thread_id=bf38ffa5-11b0-4ad9-a902-caf0528c907b, node_id=0
[2026-09-20 09:40:09,626][navsim.planning.script.run_pdm_score][INFO] - Processing stage two reactive scenario 172 / 204 in thread_id=bf38ffa5-11b0-4ad9-a902-caf0528c907b, node_id=0
[2026-09-20 09:40:09,759][navsim.planning.script.run_pdm_score][INFO] - Processing stage two reactive scenario 173 / 204 in thread_id=bf38ffa5-11b0-4ad9-a902-caf0528c907b, node_id=0
[2026-09-20 09:40:10,695][navsim.planning.script.run_pdm_score][INFO] - Processing stage two reactive scenario 174 / 204 in thread_id=bf38ffa5-11b0-4ad9-a902-caf0528c907b, node_id=0
[2026-09-20 09:40:10,760][navsim.planning.script.run_pdm_score][INFO] - Processing stage two reactive scenario 175 / 204 in thread_id=bf38ffa5-11b0-4ad9-a902-caf0528c907b, node_id=0
[2026-09-20 09:40:10,827][navsim.planning.script.run_pdm_score][INFO] - Processing stage two reactive scenario 176 / 204 in thread_id=bf38ffa5-11b0-4ad9-a902-caf0528c907b, node_id=0
[2026-09-20 09:40:11,433][navsim.planning.script.run_pdm_score][INFO] - Processing stage two reactive scenario 177 / 204 in thread_id=bf38ffa5-11b0-4ad9-a902-caf0528c907b, node_id=0
[2026-09-20 09:40:12,445][navsim.planning.script.run_pdm_score][INFO] - Processing stage two reactive scenario 178 / 204 in thread_id=bf38ffa5-11b0-4ad9-a902-caf0528c907b, node_id=0
[2026-09-20 09:40:12,925][navsim.planning.script.run_pdm_score][INFO] - Processing stage two reactive scenario 179 / 204 in thread_id=bf38ffa5-11b0-4ad9-a902-caf0528c907b, node_id=0
[2026-09-20 09:40:13,796][navsim.planning.script.run_pdm_score][INFO] - Processing stage two reactive scenario 180 / 204 in thread_id=bf38ffa5-11b0-4ad9-a902-caf0528c907b, node_id=0
[2026-09-20 09:40:14,108][navsim.planning.script.run_pdm_score][INFO] - Processing stage two reactive scenario 181 / 204 in thread_id=bf38ffa5-11b0-4ad9-a902-caf0528c907b, node_id=0
[2026-09-20 09:40:14,914][navsim.planning.script.run_pdm_score][INFO] - Processing stage two reactive scenario 182 / 204 in thread_id=bf38ffa5-11b0-4ad9-a902-caf0528c907b, node_id=0
[2026-09-20 09:40:14,963][navsim.planning.script.run_pdm_score][INFO] - Processing stage two reactive scenario 183 / 204 in thread_id=bf38ffa5-11b0-4ad9-a902-caf0528c907b, node_id=0
[2026-09-20 09:40:15,030][navsim.planning.script.run_pdm_score][INFO] - Processing stage two reactive scenario 184 / 204 in thread_id=bf38ffa5-11b0-4ad9-a902-caf0528c907b, node_id=0
[2026-09-20 09:40:15,965][navsim.planning.script.run_pdm_score][INFO] - Processing stage two reactive scenario 185 / 204 in thread_id=bf38ffa5-11b0-4ad9-a902-caf0528c907b, node_id=0
[2026-09-20 09:40:16,148][navsim.planning.script.run_pdm_score][INFO] - Processing stage two reactive scenario 186 / 204 in thread_id=bf38ffa5-11b0-4ad9-a902-caf0528c907b, node_id=0
[2026-09-20 09:40:16,298][navsim.planning.script.run_pdm_score][INFO] - Processing stage two reactive scenario 187 / 204 in thread_id=bf38ffa5-11b0-4ad9-a902-caf0528c907b, node_id=0
[2026-09-20 09:40:16,931][navsim.planning.script.run_pdm_score][INFO] - Processing stage two reactive scenario 188 / 204 in thread_id=bf38ffa5-11b0-4ad9-a902-caf0528c907b, node_id=0
[2026-09-20 09:40:17,399][navsim.planning.script.run_pdm_score][INFO] - Processing stage two reactive scenario 189 / 204 in thread_id=bf38ffa5-11b0-4ad9-a902-caf0528c907b, node_id=0
[2026-09-20 09:40:18,384][navsim.planning.script.run_pdm_score][INFO] - Processing stage two reactive scenario 190 / 204 in thread_id=bf38ffa5-11b0-4ad9-a902-caf0528c907b, node_id=0
[2026-09-20 09:40:19,302][navsim.planning.script.run_pdm_score][INFO] - Processing stage two reactive scenario 191 / 204 in thread_id=bf38ffa5-11b0-4ad9-a902-caf0528c907b, node_id=0
[2026-09-20 09:40:20,176][navsim.planning.script.run_pdm_score][INFO] - Processing stage two reactive scenario 192 / 204 in thread_id=bf38ffa5-11b0-4ad9-a902-caf0528c907b, node_id=0
[2026-09-20 09:40:21,086][navsim.planning.script.run_pdm_score][INFO] - Processing stage two reactive scenario 193 / 204 in thread_id=bf38ffa5-11b0-4ad9-a902-caf0528c907b, node_id=0
[2026-09-20 09:40:21,600][navsim.planning.script.run_pdm_score][INFO] - Processing stage two reactive scenario 194 / 204 in thread_id=bf38ffa5-11b0-4ad9-a902-caf0528c907b, node_id=0
[2026-09-20 09:40:22,510][navsim.planning.script.run_pdm_score][INFO] - Processing stage two reactive scenario 195 / 204 in thread_id=bf38ffa5-11b0-4ad9-a902-caf0528c907b, node_id=0
[2026-09-20 09:40:23,471][navsim.planning.script.run_pdm_score][INFO] - Processing stage two reactive scenario 196 / 204 in thread_id=bf38ffa5-11b0-4ad9-a902-caf0528c907b, node_id=0
[2026-09-20 09:40:24,339][navsim.planning.script.run_pdm_score][INFO] - Processing stage two reactive scenario 197 / 204 in thread_id=bf38ffa5-11b0-4ad9-a902-caf0528c907b, node_id=0
[2026-09-20 09:40:25,256][navsim.planning.script.run_pdm_score][INFO] - Processing stage two reactive scenario 198 / 204 in thread_id=bf38ffa5-11b0-4ad9-a902-caf0528c907b, node_id=0
[2026-09-20 09:40:25,770][navsim.planning.script.run_pdm_score][INFO] - Processing stage two reactive scenario 199 / 204 in thread_id=bf38ffa5-11b0-4ad9-a902-caf0528c907b, node_id=0
[2026-09-20 09:40:26,590][navsim.planning.script.run_pdm_score][INFO] - Processing stage two reactive scenario 200 / 204 in thread_id=bf38ffa5-11b0-4ad9-a902-caf0528c907b, node_id=0
[2026-09-20 09:40:26,664][navsim.planning.script.run_pdm_score][INFO] - Processing stage two reactive scenario 201 / 204 in thread_id=bf38ffa5-11b0-4ad9-a902-caf0528c907b, node_id=0
[2026-09-20 09:40:26,889][navsim.planning.script.run_pdm_score][INFO] - Processing stage two reactive scenario 202 / 204 in thread_id=bf38ffa5-11b0-4ad9-a902-caf0528c907b, node_id=0
[2026-09-20 09:40:27,725][navsim.planning.script.run_pdm_score][INFO] - Processing stage two reactive scenario 203 / 204 in thread_id=bf38ffa5-11b0-4ad9-a902-caf0528c907b, node_id=0
[2026-09-20 09:40:28,675][navsim.planning.script.run_pdm_score][INFO] - Processing stage two reactive scenario 204 / 204 in thread_id=bf38ffa5-11b0-4ad9-a902-caf0528c907b, node_id=0
[2026-09-20 09:40:30,512][navsim.planning.script.run_pdm_score][INFO] - 
        Finished running evaluation.
            Number of successful scenarios: 220.
            Number of failed scenarios: 0.
            Final extended pdm score of valid results: 0.3009023137456225.
            Results are stored in: C:\Users\Admin\navsim-crun\exp\tanitad_bench\runs\20260920T073543Z-navsim_v2-none-ed36c4\STOP\2026.09.20.09.40.30.csv.
        
