[d1     0.0s] tanitad from C:\Users/Admin/ev7/stack\tanitad\__init__.py
[d1     1.9s] blobs {"stack/scripts/refc_v3_train.py": {"git_blob_raw_bytes": "203b437f0d0d86e97949cba3a8dedb810dc4d620", "git_blob_lf_normalised": "c34198e1c9b79c97bacdddbdadf098cd6adb8da3", "n_crlf": 11372, "bytes": 712810}, "stack/tanitad/data/v7_labels.py": {"git_blob_raw_bytes": "1317370d61aaeab6b71a87a5cb311a98c51d62d1", "git_blob_lf_normalised": "86f0c46ed63eaa9f07a303e0c61d9aec5bbdf076", "n_crlf": 1338, "bytes": 70109}, "stack/tanitad/data/v2_dataset.py": {"git_blob_raw_bytes": "3fea73f44d8b88f202bdc6b7e11387c054df4edd", "git_blob_lf_normalised": "ee61ea938f2a7ec249513e28d0029fe8ab2d6d5d", "n_crlf": 590, "bytes": 30666}}
[v3] anchors: artifact anchors (117, 8, 2), controls (117, 2), units=alat (file), schedule=constant, horizon_s=6.0, dt=0.1, ref_speed_ms=10.0, kappa_cap=0.12, alat_v_floor=4.0, schema=tanitad.anchor_artifact/1
[v3] rig camera = PER-CLIP EXTRINSICS from D:\refcv6_eval_kit\data\refcv6_train_eval139_extrinsics.json (4508 clips, z 1.203-1.687 m, pitch -0.0755..+0.0683 rad)
[v3] ⚠️ a rig camera is built but --agent-w-project and --agent-w-ground are both 0: neither monocular term contributes. That is a legal ablation baseline and the stamp records it, but it is not a projection arm.
[v3] refcv6 coupling (1) ON: d_bev=96 learned_offsets=False offset_max_m=2 -> 4 decoder layers
[d1     5.0s] raw label records read: 4572; turn entries 2419, follow-road pseudo entries 2833, turn entries with a missing field 0
[v2] D:/refcv6_eval_kit/data/refcv6-b1-416x1024-train-a6: 139 providers (channels 9, 416x1024 px), episode ids from 'episode_uid' [collision-free; the as-built 16-bit ids would give only 139 distinct for 139 clips]
[v2] 139 providers, 139 distinct episode ids
[v3] max_speed_input_v6 (4-way one-hot): 4572/4572 sidecar rows carry a ceiling, 23751/23751 windows fed (100.0 %), 86 clips ABOVE the 120 km/h top step (clamped, and on those the fed ceiling is one the ego demonstrably exceeded)
[v3] nav_from_v7: follow 90 / left 24 / right 25, missing 0 (of 139 clips; md5=b45377a1f25263b5c0f3d318c126b1ac)
[d1    67.0s] agent join loaded: 26726 records / 139 clips in 61.0s
[v3] agent join: 139/139 episodes (stable-63bit), 22946/23751 windows labelled (96.6 %), 763600 prefilter target boxes, pad 234
[v3] SAM3 map GT at 10 cm (100 m x +-30 m): frac_ok 0.0000 of 23751 windows over 139 clips (verdict PASS)
[d1    67.1s] map census 0.1s over 0 clips
[d1   139.0s] join3d loaded 71.9s
[d1   139.0s] dataset built: 139 clips, 23751 windows in 134.0s
[d1   139.0s] census over 23751 windows, 139 clips, window 8
[d1   139.5s] census done 0.6s
[d1   155.6s] C2 {"n_windows": 24, "n_clips": 6, "n_in_band": 12, "pass": true} mismatches: []
[d1   155.6s] pose_controls {"n_ratio_clips": 139, "speed_over_finite_diff_median": 0.9999897620661282, "speed_over_finite_diff_p05_p95": [0.9995568257248736, 1.0002567330810208], "n_entries_inside_pose_range": 29, "label_token_L_has_positive_dyaw_deg": 1.0, "label_token_R_has_negative_dyaw_deg": 1.0, "n_big": 29, "sign_agree_big": 1.0, "median_abs_diff_deg": 0.5871276945935477, "p90_abs_diff_deg": 0.6515010701060163, "pearson_r": 0.9999955589123741, "mean_pose_dyaw_deg_by_token": {"L": 75.34802891568555, "R": -62.21289096751152}}
[d1   155.7s] wrote D:\Projects\TanitAD\TanitAD Research Lab\Data Engineering\Research\2026-10-04-refcv8-data-audit\D1_label_census\raw\devbox_train_smoke wall 155.7
