[cfg] N_LIMIT=None BATCH=12 stride=8 -> Sayood/tanitad-ph0-aug120/sam3_backfill/
(…)089a096-68be-40df-8097-780bf1ae1c19.json:   0%|          | 0.00/18.9k 
[00:00<?, ?B/s]
(…)0d05901-ed0a-4a43-adca-bdab70d30bfa.json:   0%|          | 0.00/18.9k 
[00:00<?, ?B/s]
(…)1b24287-0026-4e07-89a5-8767cd2c1a7b.json:   0%|          | 0.00/54.7k 
[00:00<?, ?B/s]
(…)1bee851-1dc5-4162-9428-ef35670065ce.json:   0%|          | 0.00/26.1k 
[00:00<?, ?B/s]
(…)1fbc807-3183-4118-ab5a-3e38224d3108.json:   0%|          | 0.00/21.8k 
[00:00<?, ?B/s]
(…)29ae2b0-f063-4c0d-83f3-8d8781bd69a3.json:   0%|          | 0.00/18.4k 
[00:00<?, ?B/s]
(…)330480a-9c2c-44e1-bb2a-f0f03f13eb95.json:   0%|          | 0.00/30.0k 
[00:00<?, ?B/s]
(…)3ba450b-121a-483b-aa48-6d9097c308de.json:   0%|          | 0.00/18.3k 
[00:00<?, ?B/s]
(…)4041586-53aa-47b8-af2d-550162e6a6f4.json:   0%|          | 0.00/15.4k 
[00:00<?, ?B/s]
(…)79707d3-c6ac-4b41-9b61-1b98b298ecc9.json:   0%|          | 0.00/18.8k 
[00:00<?, ?B/s]
(…)81c5eb5-5a87-4e4d-8eab-1bc9aeab91a5.json:   0%|          | 0.00/34.7k 
[00:00<?, ?B/s]
(…)8fc0af2-ffeb-4a7c-9166-8f052f1a9b94.json:   0%|          | 0.00/21.0k 
[00:00<?, ?B/s]
(…)92ad43d-f063-4a34-a833-197ce8269c45.json:   0%|          | 0.00/45.0k 
[00:00<?, ?B/s]
(…)93bfa29-93f2-4b86-b85e-0de4cd3e3839.json:   0%|          | 0.00/15.5k 
[00:00<?, ?B/s]
(…)9abcd80-afcf-419b-931f-b0cfaacda773.json:   0%|          | 0.00/47.8k 
[00:00<?, ?B/s]
(…)cd622e0-5a5f-4c12-b1d6-77af7c37e585.json:   0%|          | 0.00/18.1k 
[00:00<?, ?B/s]
(…)db41740-2ef6-4a29-8007-12bf02b86438.json:   0%|          | 0.00/15.5k 
[00:00<?, ?B/s]
(…)db8dd88-812a-4b26-8371-779a06126a76.json:   0%|          | 0.00/15.8k 
[00:00<?, ?B/s]
(…)dee0aa6-c5b0-44c5-b7ca-1576b077136f.json:   0%|          | 0.00/19.1k 
[00:00<?, ?B/s]
(…)e56dae2-b622-47e6-b6a8-c21388907e3b.json:   0%|          | 0.00/27.1k 
[00:00<?, ?B/s]
(…)02398c3-8f13-4114-b97d-609f4c044612.json:   0%|          | 0.00/7.24k 
[00:00<?, ?B/s]
(…)2bb97af-e850-4ecb-86a9-6e6d0e517ae9.json:   0%|          | 0.00/19.2k 
[00:00<?, ?B/s]
(…)3141fac-c31b-4123-a3d6-68367304e1e1.json:   0%|          | 0.00/28.6k 
[00:00<?, ?B/s]
(…)4bc3af3-7764-4ab0-96d1-06b304feea33.json:   0%|          | 0.00/17.8k 
[00:00<?, ?B/s]
(…)5a65b76-a2f0-4413-bde6-695052f45b9d.json:   0%|          | 0.00/15.5k 
[00:00<?, ?B/s]
(…)5ac5a34-91ed-4c12-8a9f-eaee12b0b588.json:   0%|          | 0.00/14.1k 
[00:00<?, ?B/s]
(…)72964c3-a1d8-4142-9ac4-986ad1ea8489.json:   0%|          | 0.00/19.1k 
[00:00<?, ?B/s]
(…)9c0c0ed-8818-4e6f-90c8-5c6826aacbd9.json:   0%|          | 0.00/35.4k 
[00:00<?, ?B/s]
(…)f57d8ad-7bc0-4024-a2a3-88e6c8826d49.json:   0%|          | 0.00/32.3k 
[00:00<?, ?B/s]
(…)0070bb6-333f-475e-bba3-d724cc1894b0.json:   0%|          | 0.00/18.0k 
[00:00<?, ?B/s]
(…)0db65cb-71ba-4b78-8846-6e162bf7dc54.json:   0%|          | 0.00/52.5k 
[00:00<?, ?B/s]
(…)0f3e589-ffb9-4965-8850-903eb04f2f7a.json:   0%|          | 0.00/18.2k 
[00:00<?, ?B/s]
(…)0f7710a-3638-4565-baa0-7307cb5ad447.json:   0%|          | 0.00/15.9k 
[00:00<?, ?B/s]
(…)1dd9ee8-67ed-4865-b2b0-a8bcd83b31e3.json:   0%|          | 0.00/15.9k 
[00:00<?, ?B/s]
(…)20a8d49-1a17-48d4-a562-2b8ceb8865c3.json:   0%|          | 0.00/25.9k 
[00:00<?, ?B/s]
(…)31bbbdb-aaef-4983-8809-9b350886028d.json:   0%|          | 0.00/26.1k 
[00:00<?, ?B/s]
(…)4ae03a3-19fb-418f-bb1e-386a440a3e03.json:   0%|          | 0.00/19.0k 
[00:00<?, ?B/s]
(…)4b6948f-4206-4ef1-85ec-ff344b400635.json:   0%|          | 0.00/17.9k 
[00:00<?, ?B/s]
(…)54719e5-a31a-4c9f-ac81-6035879f8180.json:   0%|          | 0.00/20.4k 
[00:00<?, ?B/s]
(…)6245a32-aa1b-465f-a1f2-a8ecaa5fee31.json:   0%|          | 0.00/17.0k 
[00:00<?, ?B/s]
(…)6481faf-0aba-4f76-905a-949715362455.json:   0%|          | 0.00/18.4k 
[00:00<?, ?B/s]
(…)69478eb-2da4-42cb-bfd3-3ad9b024d88b.json:   0%|          | 0.00/18.7k 
[00:00<?, ?B/s]
(…)844b027-38fd-4218-8486-5f6b7b89a47b.json:   0%|          | 0.00/18.6k 
[00:00<?, ?B/s]
(…)bc52cd7-0117-4f5c-a7d9-c301a70827f2.json:   0%|          | 0.00/14.7k 
[00:00<?, ?B/s]
(…)d14eadc-a2aa-424e-a832-73d546e8c623.json:   0%|          | 0.00/31.2k 
[00:00<?, ?B/s]
(…)d6a15f2-1865-49f2-ab19-a1b8a1953983.json:   0%|          | 0.00/15.6k 
[00:00<?, ?B/s]
(…)ea756cd-57bc-4ab2-9b21-eeda73a40bce.json:   0%|          | 0.00/18.0k 
[00:00<?, ?B/s]
(…)06f1312-5f37-42fc-9a65-12989b566471.json:   0%|          | 0.00/7.44k 
[00:00<?, ?B/s]
(…)1308c82-c53a-427a-9201-8520832b51eb.json:   0%|          | 0.00/15.2k 
[00:00<?, ?B/s]
(…)23cae17-e3a1-4835-adc6-261966a73a67.json:   0%|          | 0.00/15.1k 
[00:00<?, ?B/s]
[gap] 50/201 records read (absent so far: 29)
(…)270f034-33c3-48b8-98d5-435628fa4027.json:   0%|          | 0.00/19.6k 
[00:00<?, ?B/s]
(…)4a45cac-14cb-419f-9612-4dfba05308e5.json:   0%|          | 0.00/37.7k 
[00:00<?, ?B/s]
(…)4a9dd22-0d87-4bf6-8cb4-25dd13c72016.json:   0%|          | 0.00/22.7k 
[00:00<?, ?B/s]
(…)4be5130-6c6c-4c0e-a207-2c8f4e40ef8c.json:   0%|          | 0.00/17.9k 
[00:00<?, ?B/s]
(…)55200d0-4a86-4f97-855d-8cbb61535747.json:   0%|          | 0.00/30.2k 
[00:00<?, ?B/s]
(…)749d5ee-6aeb-4203-b223-f08e9d4f0bc2.json:   0%|          | 0.00/15.7k 
[00:00<?, ?B/s]
(…)8aac500-0676-48bf-ba2e-47ba1194012e.json:   0%|          | 0.00/17.7k 
[00:00<?, ?B/s]
(…)a0165bd-ee36-42f5-b29b-ab24598d4f53.json:   0%|          | 0.00/17.9k 
[00:00<?, ?B/s]
(…)a7b1e77-c040-400e-9cef-e5c75a7314dc.json:   0%|          | 0.00/12.7k 
[00:00<?, ?B/s]
(…)af2cc44-e521-4a46-96b7-d26289bbad8a.json:   0%|          | 0.00/28.8k 
[00:00<?, ?B/s]
(…)c71f0f0-10aa-4512-b1de-e7b93bd54183.json:   0%|          | 0.00/29.2k 
[00:00<?, ?B/s]
(…)dc38c0d-e9b7-487d-ba5a-eacc46b4bcd1.json:   0%|          | 0.00/15.4k 
[00:00<?, ?B/s]
(…)df2205f-c400-4604-afc1-59ca7f21903d.json:   0%|          | 0.00/11.8k 
[00:00<?, ?B/s]
(…)f30315a-fd03-4912-a9ba-e306f651df20.json:   0%|          | 0.00/15.7k 
[00:00<?, ?B/s]
(…)f4f1540-3343-4e16-9a4f-5d09631d9d91.json:   0%|          | 0.00/15.5k 
[00:00<?, ?B/s]
(…)2745b48-a015-4a7d-9ae0-a4f6986f918e.json:   0%|          | 0.00/18.3k 
[00:00<?, ?B/s]
(…)2a9a8e0-e502-4b05-bae1-c2664dd24c42.json:   0%|          | 0.00/26.8k 
[00:00<?, ?B/s]
(…)383b00a-6a63-41f3-b55d-7c2ec811b7f7.json:   0%|          | 0.00/31.0k 
[00:00<?, ?B/s]
(…)4127361-c0e4-498c-9d96-f3091667142c.json:   0%|          | 0.00/23.2k 
[00:00<?, ?B/s]
(…)5ba2b63-07c9-42e3-b2d6-4d7fbe74eea2.json:   0%|          | 0.00/18.1k 
[00:00<?, ?B/s]
(…)7a965c1-53f6-4ee3-b928-d0aedb182e3b.json:   0%|          | 0.00/20.2k 
[00:00<?, ?B/s]
(…)985e64a-bd58-4597-aec1-cb59898933f6.json:   0%|          | 0.00/17.9k 
[00:00<?, ?B/s]
(…)9bacc1f-662f-48fc-9662-c4b4e84839a7.json:   0%|          | 0.00/18.6k 
[00:00<?, ?B/s]
(…)9dc9b80-517f-4e61-b735-3048cbe57ed1.json:   0%|          | 0.00/18.7k 
[00:00<?, ?B/s]
(…)adbc362-c413-4336-924c-cfcbe86606e9.json:   0%|          | 0.00/51.9k 
[00:00<?, ?B/s]
(…)bea0a51-5e53-4d11-a0d5-67a3cc022b6c.json:   0%|          | 0.00/23.4k 
[00:00<?, ?B/s]
(…)c92162d-095a-4efc-a1e1-071592338506.json:   0%|          | 0.00/25.0k 
[00:00<?, ?B/s]
(…)d58621f-6c13-488f-a09e-65baceeb6604.json:   0%|          | 0.00/18.5k 
[00:00<?, ?B/s]
(…)00f665c-b684-44b3-ac47-fb23fb386a9d.json:   0%|          | 0.00/34.1k 
[00:00<?, ?B/s]
(…)1fd1c9f-fc1d-4a04-94d4-2e6d50161944.json:   0%|          | 0.00/17.9k 
[00:00<?, ?B/s]
(…)205b292-6a31-4075-ae7f-f8193486f776.json:   0%|          | 0.00/16.2k 
[00:00<?, ?B/s]
(…)411ccd9-6d77-49a4-9dc3-a883c016990e.json:   0%|          | 0.00/17.7k 
[00:00<?, ?B/s]
(…)59b4123-1e3c-4d57-9c08-79df011ae4b3.json:   0%|          | 0.00/16.0k 
[00:00<?, ?B/s]
(…)66a3afd-f618-4a5b-a867-4134cfdfe625.json:   0%|          | 0.00/17.0k 
[00:00<?, ?B/s]
(…)7c7fcf2-e9c3-48d4-92a0-1800b0559ec8.json:   0%|          | 0.00/23.4k 
[00:00<?, ?B/s]
(…)8f2d1eb-5578-4a70-8668-7b5ffad67f5c.json:   0%|          | 0.00/17.8k 
[00:00<?, ?B/s]
(…)a035000-d5dd-40c1-a626-f20cd7d7816e.json:   0%|          | 0.00/18.2k 
[00:00<?, ?B/s]
(…)b4eef8f-847f-4770-b9ba-b7aa0007a319.json:   0%|          | 0.00/15.6k 
[00:00<?, ?B/s]
(…)c8bdfdc-2fa2-44b7-829f-46d3e28f8b41.json:   0%|          | 0.00/19.4k 
[00:00<?, ?B/s]
(…)ead1fa8-8dc5-4a9d-b419-e5bb46ee62dd.json:   0%|          | 0.00/15.8k 
[00:00<?, ?B/s]
(…)f32e0f4-11cd-45e2-9d88-30a2bc4a785f.json:   0%|          | 0.00/26.0k 
[00:00<?, ?B/s]
(…)0501f04-3fad-4cad-8ae3-ad811ddd64d8.json:   0%|          | 0.00/31.5k 
[00:00<?, ?B/s]
(…)149267e-41ed-46e8-8ae1-5bc177f641a9.json:   0%|          | 0.00/18.1k 
[00:00<?, ?B/s]
(…)52024fc-b17e-44b1-80b4-dc710eee09cc.json:   0%|          | 0.00/15.7k 
[00:00<?, ?B/s]
(…)544f1b5-76f6-4fc9-89b9-bc9708499f5e.json:   0%|          | 0.00/32.2k 
[00:00<?, ?B/s]
(…)568c4ff-f8d6-4b95-8a37-756a2f5e17f8.json:   0%|          | 0.00/15.5k 
[00:00<?, ?B/s]
(…)6e4d574-2b35-4b55-a13d-905d9b6ecc2b.json:   0%|          | 0.00/18.9k 
[00:00<?, ?B/s]
(…)75d5397-6868-4af6-8cae-46418531b675.json:   0%|          | 0.00/15.1k 
[00:00<?, ?B/s]
(…)7b49d46-f590-48fb-9aeb-41a68e5b135e.json:   0%|          | 0.00/35.8k 
[00:00<?, ?B/s]
(…)7fc6a59-0b17-4185-896e-324b294dff60.json:   0%|          | 0.00/28.4k 
[00:00<?, ?B/s]
[gap] 100/201 records read (absent so far: 55)
(…)908302e-14b7-4463-b86b-f33232bc3e11.json:   0%|          | 0.00/31.9k 
[00:00<?, ?B/s]
(…)95081db-4312-44bc-95d6-4d5f509180fa.json:   0%|          | 0.00/15.6k 
[00:00<?, ?B/s]
(…)9de7ff0-c20a-4e86-9883-60aafcca1558.json:   0%|          | 0.00/20.5k 
[00:00<?, ?B/s]
(…)9f12ef3-3690-4c66-9297-38e2a22c3703.json:   0%|          | 0.00/16.3k 
[00:00<?, ?B/s]
(…)a0e7a8c-81e0-4bf2-aa51-c7a04447c0fd.json:   0%|          | 0.00/28.3k 
[00:00<?, ?B/s]
(…)a4ea986-1415-4293-8d51-640792489e60.json:   0%|          | 0.00/18.9k 
[00:00<?, ?B/s]
(…)b6b2fb0-ce7a-4ddf-8efa-9085a2407f14.json:   0%|          | 0.00/24.3k 
[00:00<?, ?B/s]
(…)c5c503d-0dd2-4330-a87e-bcdb0830bc31.json:   0%|          | 0.00/26.0k 
[00:00<?, ?B/s]
(…)d78e9f8-43b0-4403-8bf5-37740f469095.json:   0%|          | 0.00/18.9k 
[00:00<?, ?B/s]
(…)e97691a-28f1-4f1b-bfdd-4245e24dd36d.json:   0%|          | 0.00/17.2k 
[00:00<?, ?B/s]
(…)f9f07e6-943f-4811-afd6-60e8f70f4c02.json:   0%|          | 0.00/37.5k 
[00:00<?, ?B/s]
(…)1415a38-16d8-40dd-b818-e20a8d9bc682.json:   0%|          | 0.00/18.1k 
[00:00<?, ?B/s]
(…)4016b73-fcab-476e-b539-baeb2d1dd33c.json:   0%|          | 0.00/15.6k 
[00:00<?, ?B/s]
(…)43d32ea-0cd4-40de-9d6d-ddf7e174c15b.json:   0%|          | 0.00/15.9k 
[00:00<?, ?B/s]
(…)526e299-0404-407e-bf63-39901ba08ff2.json:   0%|          | 0.00/18.9k 
[00:00<?, ?B/s]
(…)536cea4-23b6-4dd4-8ecd-043b9fa1a5da.json:   0%|          | 0.00/40.0k 
[00:00<?, ?B/s]
(…)a28718f-50d5-48e2-bcf8-7ceb340c6cc3.json:   0%|          | 0.00/21.5k 
[00:00<?, ?B/s]
(…)ac17311-f185-4c8d-b9fc-c004c7988f5f.json:   0%|          | 0.00/7.34k 
[00:00<?, ?B/s]
(…)d63dd9a-9e6d-40b9-95f8-6e90a1965418.json:   0%|          | 0.00/22.0k 
[00:00<?, ?B/s]
(…)14c2f74-4fef-432c-ad78-ff1a5a4f5abe.json:   0%|          | 0.00/15.8k 
[00:00<?, ?B/s]
(…)2b05887-36c5-4b0c-850f-8e0261e1e56b.json:   0%|          | 0.00/18.9k 
[00:00<?, ?B/s]
(…)3224d73-30ea-48c1-ac2c-15bb9fa1168d.json:   0%|          | 0.00/18.4k 
[00:00<?, ?B/s]
(…)55fded3-cdf1-4c19-99b0-d511585d4242.json:   0%|          | 0.00/10.8k 
[00:00<?, ?B/s]
(…)5b2c653-91ae-495b-b6cc-ce181f0297fd.json:   0%|          | 0.00/18.3k 
[00:00<?, ?B/s]
(…)5da3d18-9209-49c8-ab0b-94c1b2d41e43.json:   0%|          | 0.00/19.3k 
[00:00<?, ?B/s]
(…)716a7d8-cb91-4cde-ad33-8a8ef5f866b4.json:   0%|          | 0.00/18.4k 
[00:00<?, ?B/s]
(…)af0c04b-7c7c-4c61-87b4-c00982c02dfd.json:   0%|          | 0.00/15.7k 
[00:00<?, ?B/s]
(…)dc5d14d-ab19-43a4-843d-12fdd28173a8.json:   0%|          | 0.00/23.4k 
[00:00<?, ?B/s]
(…)f5df500-9bb4-436a-9421-2dff925cc7a1.json:   0%|          | 0.00/15.7k 
[00:00<?, ?B/s]
(…)00c1992-b4f4-4a8d-b316-1b9a1859a7dc.json:   0%|          | 0.00/10.3k 
[00:00<?, ?B/s]
(…)22bb1c8-cce5-495e-abf8-8b2dbfd5051b.json:   0%|          | 0.00/15.3k 
[00:00<?, ?B/s]
(…)4ebb9c9-4de1-42a4-8672-1a8dfb8879f2.json:   0%|          | 0.00/45.1k 
[00:00<?, ?B/s]
(…)524503f-5947-47db-87d2-cc3e70d941f8.json:   0%|          | 0.00/20.6k 
[00:00<?, ?B/s]
(…)7e6c22b-a1d8-43ba-9fc8-35a27a01d6dc.json:   0%|          | 0.00/16.0k 
[00:00<?, ?B/s]
(…)a715cf2-fd30-4255-a583-db17900f1619.json:   0%|          | 0.00/16.8k 
[00:00<?, ?B/s]
(…)c50f803-c78c-4b69-8a83-443ad312553e.json:   0%|          | 0.00/7.50k 
[00:00<?, ?B/s]
(…)e00b16b-ca6f-4a0f-a3ee-cd8688bb4361.json:   0%|          | 0.00/15.8k 
[00:00<?, ?B/s]
(…)fd33e76-5c8d-4761-8f7b-ae987e83e2a8.json:   0%|          | 0.00/15.4k 
[00:00<?, ?B/s]
(…)2f553bf-b7dd-46e2-a5db-10feb124f432.json:   0%|          | 0.00/24.8k 
[00:00<?, ?B/s]
(…)5acfb2a-47ae-4163-97cd-7956042c71f4.json:   0%|          | 0.00/26.8k 
[00:00<?, ?B/s]
(…)6a39fd0-0391-4388-8aae-9ec18bf7d062.json:   0%|          | 0.00/41.6k 
[00:00<?, ?B/s]
(…)6b2719b-7712-41be-9032-43216f52f516.json:   0%|          | 0.00/18.2k 
[00:00<?, ?B/s]
(…)9cae51b-cfa3-4c1f-a4e6-0b083ec7cbfa.json:   0%|          | 0.00/24.7k 
[00:00<?, ?B/s]
(…)a291a17-55ee-468a-9873-3fcd3e3e8cfb.json:   0%|          | 0.00/17.5k 
[00:00<?, ?B/s]
(…)c81f868-f505-4268-bfeb-c58c0a0a1605.json:   0%|          | 0.00/18.7k 
[00:00<?, ?B/s]
(…)d229eae-1b12-4963-910e-9516bffd3efb.json:   0%|          | 0.00/15.4k 
[00:00<?, ?B/s]
(…)ff9e705-196a-4b7f-800f-86eaa6d05c47.json:   0%|          | 0.00/40.2k 
[00:00<?, ?B/s]
(…)54b5f64-ecff-48a3-a5e6-3037e13f43dc.json:   0%|          | 0.00/16.7k 
[00:00<?, ?B/s]
(…)695c773-d5b2-400f-abce-201a35bb1137.json:   0%|          | 0.00/20.7k 
[00:00<?, ?B/s]
(…)6b01e58-c56a-43d8-88f6-226a1840ef74.json:   0%|          | 0.00/18.5k 
[00:00<?, ?B/s]
[gap] 150/201 records read (absent so far: 81)
(…)9073ea5-4e75-450f-9fac-6f0becca6720.json:   0%|          | 0.00/16.1k 
[00:00<?, ?B/s]
(…)9980a8c-42b3-4c42-b267-43e8be9ddf77.json:   0%|          | 0.00/17.7k 
[00:00<?, ?B/s]
(…)ac15836-c508-414f-9a26-76a8a98f032f.json:   0%|          | 0.00/14.8k 
[00:00<?, ?B/s]
(…)b41e3b8-db75-4ae6-a07f-dc2af2fde449.json:   0%|          | 0.00/15.7k 
[00:00<?, ?B/s]
(…)baeee0d-e05e-4a63-b6bf-9254d6559ea2.json:   0%|          | 0.00/16.0k 
[00:00<?, ?B/s]
(…)c82e366-6f6d-4398-ab78-66ce8342fe5b.json:   0%|          | 0.00/25.5k 
[00:00<?, ?B/s]
(…)dfecdb4-4f93-4cde-b0f0-ec8a76e071b4.json:   0%|          | 0.00/19.1k 
[00:00<?, ?B/s]
(…)f6b1a87-156e-4ecc-ace3-ef43d1112861.json:   0%|          | 0.00/18.1k 
[00:00<?, ?B/s]
(…)f9bc0e3-96bb-4a7c-b111-d54859b7b8a2.json:   0%|          | 0.00/16.6k 
[00:00<?, ?B/s]
(…)17f4678-5a3f-4c3e-b46c-e63e22339865.json:   0%|          | 0.00/18.0k 
[00:00<?, ?B/s]
(…)2c8874c-6662-4215-8d23-9762f6175af1.json:   0%|          | 0.00/18.1k 
[00:00<?, ?B/s]
(…)2f0524f-690f-4d21-a8d7-c556f3aa7cef.json:   0%|          | 0.00/19.5k 
[00:00<?, ?B/s]
(…)568fffd-7dfb-4743-b932-c9bb6746c330.json:   0%|          | 0.00/17.6k 
[00:00<?, ?B/s]
(…)5db01c8-46a5-49aa-bcdf-5b83abc1ce1e.json:   0%|          | 0.00/18.0k 
[00:00<?, ?B/s]
(…)676128e-e816-46ec-ae40-b8dfdd14883e.json:   0%|          | 0.00/34.1k 
[00:00<?, ?B/s]
(…)84534a9-76e0-46ac-9ede-0a44e87fdf3e.json:   0%|          | 0.00/19.8k 
[00:00<?, ?B/s]
(…)87db9bc-cbb4-43f8-8bb6-a5daf4c8a4cd.json:   0%|          | 0.00/18.6k 
[00:00<?, ?B/s]
(…)a470933-8cb5-4623-85eb-86fe21028ed9.json:   0%|          | 0.00/18.2k 
[00:00<?, ?B/s]
(…)caed572-21b7-451d-aea1-f71ab21727c4.json:   0%|          | 0.00/17.6k 
[00:00<?, ?B/s]
(…)d9092b0-2115-4889-8bf8-d6e97b370212.json:   0%|          | 0.00/17.7k 
[00:00<?, ?B/s]
(…)f1d8f9e-02f8-4925-ba26-711e454c2479.json:   0%|          | 0.00/36.0k 
[00:00<?, ?B/s]
(…)1d475b2-5575-4749-8918-dd5cc8ab8edb.json:   0%|          | 0.00/37.7k 
[00:00<?, ?B/s]
(…)217b78a-0dab-447b-8940-cd0c58b942d2.json:   0%|          | 0.00/20.6k 
[00:00<?, ?B/s]
(…)27de684-2740-4085-a7bf-5e68faafa1e7.json:   0%|          | 0.00/17.6k 
[00:00<?, ?B/s]
(…)39f7ec3-c92b-4038-ab70-84e4adbd1d08.json:   0%|          | 0.00/31.0k 
[00:00<?, ?B/s]
(…)452ea24-cc17-43f8-8154-9a0596ce5b7d.json:   0%|          | 0.00/15.8k 
[00:00<?, ?B/s]
(…)5700d32-9461-45ba-9b51-37cd9d72176d.json:   0%|          | 0.00/15.7k 
[00:00<?, ?B/s]
(…)60f06cb-948b-40f3-9e5a-8f18435a206e.json:   0%|          | 0.00/17.6k 
[00:00<?, ?B/s]
(…)6601a09-a718-4eb3-9484-56094fe3e557.json:   0%|          | 0.00/16.8k 
[00:00<?, ?B/s]
(…)888ce50-43e2-41be-ac9b-8c2ed7012fdf.json:   0%|          | 0.00/28.8k 
[00:00<?, ?B/s]
(…)89a01eb-73d2-4e20-b435-d41800b98ecf.json:   0%|          | 0.00/32.9k 
[00:00<?, ?B/s]
(…)a7c78fa-0871-4756-a578-c112a9a9be04.json:   0%|          | 0.00/25.2k 
[00:00<?, ?B/s]
(…)be8cfad-c834-4d88-93c6-570fc92781d4.json:   0%|          | 0.00/18.8k 
[00:00<?, ?B/s]
(…)c33ccac-a916-4223-8de5-07fc080b28eb.json:   0%|          | 0.00/17.9k 
[00:00<?, ?B/s]
(…)dca2c83-0cbd-4d9e-be5b-79c87f1c0b4e.json:   0%|          | 0.00/29.8k 
[00:00<?, ?B/s]
(…)edf3d27-5ee4-4620-be70-2320b7b9befd.json:   0%|          | 0.00/18.2k 
[00:00<?, ?B/s]
(…)084c7c3-382b-4cc1-b012-48259b333167.json:   0%|          | 0.00/18.0k 
[00:00<?, ?B/s]
(…)112757f-a7d7-4494-a3fb-6f63d8e7689a.json:   0%|          | 0.00/18.5k 
[00:00<?, ?B/s]
(…)216cadf-339c-4224-a6da-13f29e0cbb92.json:   0%|          | 0.00/6.95k 
[00:00<?, ?B/s]
(…)66f386b-a26d-4852-a4df-47db2a949ee9.json:   0%|          | 0.00/15.5k 
[00:00<?, ?B/s]
(…)bdc0b68-df55-4c8a-ad66-a8b4a16f68d5.json:   0%|          | 0.00/15.2k 
[00:00<?, ?B/s]
(…)cfb3919-2b77-4701-8a8a-2b144901afcb.json:   0%|          | 0.00/16.1k 
[00:00<?, ?B/s]
(…)efa1d9c-e5a6-400e-9e1b-d30aa4dcce24.json:   0%|          | 0.00/19.1k 
[00:00<?, ?B/s]
(…)0209b60-4dd6-4a26-85a7-645804e5365f.json:   0%|          | 0.00/18.4k 
[00:00<?, ?B/s]
(…)0d2f7a9-d498-412b-9af4-87717dc88d4f.json:   0%|          | 0.00/17.8k 
[00:00<?, ?B/s]
(…)14ae2d2-7bfe-4bea-a388-b0eea17709d3.json:   0%|          | 0.00/15.7k 
[00:00<?, ?B/s]
(…)15b4cc9-db2f-47e9-8a2c-c7b74865f910.json:   0%|          | 0.00/15.8k 
[00:00<?, ?B/s]
(…)42f48b2-8470-471f-b283-348a7b673006.json:   0%|          | 0.00/18.1k 
[00:00<?, ?B/s]
(…)5d9f6d7-21a1-4371-8fde-1be27683eb9e.json:   0%|          | 0.00/17.6k 
[00:00<?, ?B/s]
(…)ae6f0e9-2c0b-487b-8776-4da8e3779cb9.json:   0%|          | 0.00/15.5k 
[00:00<?, ?B/s]
[gap] 200/201 records read (absent so far: 115)
(…)b45d561-6061-49f6-9d8a-312150d617bd.json:   0%|          | 0.00/18.2k 
[00:00<?, ?B/s]
_label_sources.json:   0%|          | 0.00/19.7k [00:00<?, ?B/s]
_summary.json:   0%|          | 0.00/190 [00:00<?, ?B/s]
[gap] cross-check OK: 115 SAM3-absent clips agree across records + _label_sources + _summary
[gap] fixture check OK (115 clips, derived 2026-08-16T12:36:39Z)
[gap] SAM3-absent clips: 115 of 201 records checked
(…)089a096-68be-40df-8097-780bf1ae1c19.json:   0%|          | 0.00/64.1k 
[00:00<?, ?B/s]
(…)0d05901-ed0a-4a43-adca-bdab70d30bfa.json:   0%|          | 0.00/51.9k 
[00:00<?, ?B/s]
(…)29ae2b0-f063-4c0d-83f3-8d8781bd69a3.json:   0%|          | 0.00/6.04k 
[00:00<?, ?B/s]
(…)3ba450b-121a-483b-aa48-6d9097c308de.json:   0%|          | 0.00/9.74k 
[00:00<?, ?B/s]
(…)4041586-53aa-47b8-af2d-550162e6a6f4.json:   0%|          | 0.00/53.8k 
[00:00<?, ?B/s]
(…)79707d3-c6ac-4b41-9b61-1b98b298ecc9.json:   0%|          | 0.00/38.5k 
[00:00<?, ?B/s]
(…)93bfa29-93f2-4b86-b85e-0de4cd3e3839.json:   0%|          | 0.00/5.80k 
[00:00<?, ?B/s]
(…)cd622e0-5a5f-4c12-b1d6-77af7c37e585.json:   0%|          | 0.00/5.39k 
[00:00<?, ?B/s]
(…)db41740-2ef6-4a29-8007-12bf02b86438.json:   0%|          | 0.00/3.72k 
[00:00<?, ?B/s]
(…)db8dd88-812a-4b26-8371-779a06126a76.json:   0%|          | 0.00/8.97k 
[00:00<?, ?B/s]
(…)2bb97af-e850-4ecb-86a9-6e6d0e517ae9.json:   0%|          | 0.00/51.8k 
[00:00<?, ?B/s]
(…)4bc3af3-7764-4ab0-96d1-06b304feea33.json:   0%|          | 0.00/4.87k 
[00:00<?, ?B/s]
(…)5a65b76-a2f0-4413-bde6-695052f45b9d.json:   0%|          | 0.00/57.5k 
[00:00<?, ?B/s]
(…)5ac5a34-91ed-4c12-8a9f-eaee12b0b588.json:   0%|          | 0.00/39.0k 
[00:00<?, ?B/s]
(…)0070bb6-333f-475e-bba3-d724cc1894b0.json:   0%|          | 0.00/15.2k 
[00:00<?, ?B/s]
(…)0f3e589-ffb9-4965-8850-903eb04f2f7a.json:   0%|          | 0.00/9.74k 
[00:00<?, ?B/s]
(…)0f7710a-3638-4565-baa0-7307cb5ad447.json:   0%|          | 0.00/19.7k 
[00:00<?, ?B/s]
(…)1dd9ee8-67ed-4865-b2b0-a8bcd83b31e3.json:   0%|          | 0.00/72.7k 
[00:00<?, ?B/s]
(…)4b6948f-4206-4ef1-85ec-ff344b400635.json:   0%|          | 0.00/20.4k 
[00:00<?, ?B/s]
(…)6245a32-aa1b-465f-a1f2-a8ecaa5fee31.json:   0%|          | 0.00/19.4k 
[00:00<?, ?B/s]
(…)6481faf-0aba-4f76-905a-949715362455.json:   0%|          | 0.00/51.2k 
[00:00<?, ?B/s]
(…)69478eb-2da4-42cb-bfd3-3ad9b024d88b.json:   0%|          | 0.00/86.0k 
[00:00<?, ?B/s]
(…)844b027-38fd-4218-8486-5f6b7b89a47b.json:   0%|          | 0.00/3.81k 
[00:00<?, ?B/s]
(…)bc52cd7-0117-4f5c-a7d9-c301a70827f2.json:   0%|          | 0.00/5.53k 
[00:00<?, ?B/s]
(…)d6a15f2-1865-49f2-ab19-a1b8a1953983.json:   0%|          | 0.00/28.6k 
[00:00<?, ?B/s]
(…)ea756cd-57bc-4ab2-9b21-eeda73a40bce.json:   0%|          | 0.00/39.2k 
[00:00<?, ?B/s]
(…)06f1312-5f37-42fc-9a65-12989b566471.json:   0%|          | 0.00/65.8k 
[00:00<?, ?B/s]
(…)1308c82-c53a-427a-9201-8520832b51eb.json:   0%|          | 0.00/8.16k 
[00:00<?, ?B/s]
(…)23cae17-e3a1-4835-adc6-261966a73a67.json:   0%|          | 0.00/3.70k 
[00:00<?, ?B/s]
(…)4be5130-6c6c-4c0e-a207-2c8f4e40ef8c.json:   0%|          | 0.00/34.9k 
[00:00<?, ?B/s]
(…)749d5ee-6aeb-4203-b223-f08e9d4f0bc2.json:   0%|          | 0.00/70.3k 
[00:00<?, ?B/s]
(…)8aac500-0676-48bf-ba2e-47ba1194012e.json:   0%|          | 0.00/732 
[00:00<?, ?B/s]
(…)a0165bd-ee36-42f5-b29b-ab24598d4f53.json:   0%|          | 0.00/11.4k 
[00:00<?, ?B/s]
(…)dc38c0d-e9b7-487d-ba5a-eacc46b4bcd1.json:   0%|          | 0.00/969 
[00:00<?, ?B/s]
(…)f30315a-fd03-4912-a9ba-e306f651df20.json:   0%|          | 0.00/74.2k 
[00:00<?, ?B/s]
(…)2745b48-a015-4a7d-9ae0-a4f6986f918e.json:   0%|          | 0.00/18.5k 
[00:00<?, ?B/s]
(…)5ba2b63-07c9-42e3-b2d6-4d7fbe74eea2.json:   0%|          | 0.00/18.5k 
[00:00<?, ?B/s]
(…)985e64a-bd58-4597-aec1-cb59898933f6.json:   0%|          | 0.00/30.3k 
[00:00<?, ?B/s]
(…)9bacc1f-662f-48fc-9662-c4b4e84839a7.json:   0%|          | 0.00/62.8k 
[00:00<?, ?B/s]
(…)9dc9b80-517f-4e61-b735-3048cbe57ed1.json:   0%|          | 0.00/103k 
[00:00<?, ?B/s]
(…)d58621f-6c13-488f-a09e-65baceeb6604.json:   0%|          | 0.00/62.3k 
[00:00<?, ?B/s]
(…)1fd1c9f-fc1d-4a04-94d4-2e6d50161944.json:   0%|          | 0.00/4.67k 
[00:00<?, ?B/s]
(…)205b292-6a31-4075-ae7f-f8193486f776.json:   0%|          | 0.00/96.1k 
[00:00<?, ?B/s]
(…)411ccd9-6d77-49a4-9dc3-a883c016990e.json:   0%|          | 0.00/732 
[00:00<?, ?B/s]
(…)59b4123-1e3c-4d57-9c08-79df011ae4b3.json:   0%|          | 0.00/66.5k 
[00:00<?, ?B/s]
(…)66a3afd-f618-4a5b-a867-4134cfdfe625.json:   0%|          | 0.00/732 
[00:00<?, ?B/s]
(…)8f2d1eb-5578-4a70-8668-7b5ffad67f5c.json:   0%|          | 0.00/6.63k 
[00:00<?, ?B/s]
(…)a035000-d5dd-40c1-a626-f20cd7d7816e.json:   0%|          | 0.00/6.63k 
[00:00<?, ?B/s]
(…)b4eef8f-847f-4770-b9ba-b7aa0007a319.json:   0%|          | 0.00/5.39k 
[00:00<?, ?B/s]
(…)c8bdfdc-2fa2-44b7-829f-46d3e28f8b41.json:   0%|          | 0.00/5.62k 
[00:00<?, ?B/s]
(…)ead1fa8-8dc5-4a9d-b419-e5bb46ee62dd.json:   0%|          | 0.00/5.86k 
[00:00<?, ?B/s]
(…)52024fc-b17e-44b1-80b4-dc710eee09cc.json:   0%|          | 0.00/5.62k 
[00:00<?, ?B/s]
(…)568c4ff-f8d6-4b95-8a37-756a2f5e17f8.json:   0%|          | 0.00/6.63k 
[00:00<?, ?B/s]
(…)6e4d574-2b35-4b55-a13d-905d9b6ecc2b.json:   0%|          | 0.00/6.63k 
[00:00<?, ?B/s]
(…)75d5397-6868-4af6-8cae-46418531b675.json:   0%|          | 0.00/5.39k 
[00:00<?, ?B/s]
(…)95081db-4312-44bc-95d6-4d5f509180fa.json:   0%|          | 0.00/6.63k 
[00:00<?, ?B/s]
(…)9f12ef3-3690-4c66-9297-38e2a22c3703.json:   0%|          | 0.00/5.39k 
[00:00<?, ?B/s]
(…)a4ea986-1415-4293-8d51-640792489e60.json:   0%|          | 0.00/6.63k 
[00:00<?, ?B/s]
(…)e97691a-28f1-4f1b-bfdd-4245e24dd36d.json:   0%|          | 0.00/6.63k 
[00:00<?, ?B/s]
(…)1415a38-16d8-40dd-b818-e20a8d9bc682.json:   0%|          | 0.00/6.63k 
[00:00<?, ?B/s]
(…)4016b73-fcab-476e-b539-baeb2d1dd33c.json:   0%|          | 0.00/6.63k 
[00:00<?, ?B/s]
(…)43d32ea-0cd4-40de-9d6d-ddf7e174c15b.json:   0%|          | 0.00/6.63k 
[00:00<?, ?B/s]
(…)ac17311-f185-4c8d-b9fc-c004c7988f5f.json:   0%|          | 0.00/6.63k 
[00:00<?, ?B/s]
(…)14c2f74-4fef-432c-ad78-ff1a5a4f5abe.json:   0%|          | 0.00/7.87k 
[00:00<?, ?B/s]
(…)2b05887-36c5-4b0c-850f-8e0261e1e56b.json:   0%|          | 0.00/6.63k 
[00:00<?, ?B/s]
(…)3224d73-30ea-48c1-ac2c-15bb9fa1168d.json:   0%|          | 0.00/6.63k 
[00:00<?, ?B/s]
(…)55fded3-cdf1-4c19-99b0-d511585d4242.json:   0%|          | 0.00/6.63k 
[00:00<?, ?B/s]
(…)5b2c653-91ae-495b-b6cc-ce181f0297fd.json:   0%|          | 0.00/6.63k 
[00:00<?, ?B/s]
(…)716a7d8-cb91-4cde-ad33-8a8ef5f866b4.json:   0%|          | 0.00/6.63k 
[00:00<?, ?B/s]
(…)af0c04b-7c7c-4c61-87b4-c00982c02dfd.json:   0%|          | 0.00/6.63k 
[00:00<?, ?B/s]
(…)dc5d14d-ab19-43a4-843d-12fdd28173a8.json:   0%|          | 0.00/6.63k 
[00:00<?, ?B/s]
(…)f5df500-9bb4-436a-9421-2dff925cc7a1.json:   0%|          | 0.00/6.64k 
[00:00<?, ?B/s]
(…)00c1992-b4f4-4a8d-b316-1b9a1859a7dc.json:   0%|          | 0.00/6.63k 
[00:00<?, ?B/s]
(…)7e6c22b-a1d8-43ba-9fc8-35a27a01d6dc.json:   0%|          | 0.00/6.63k 
[00:00<?, ?B/s]
(…)c50f803-c78c-4b69-8a83-443ad312553e.json:   0%|          | 0.00/6.87k 
[00:00<?, ?B/s]
(…)e00b16b-ca6f-4a0f-a3ee-cd8688bb4361.json:   0%|          | 0.00/6.63k 
[00:00<?, ?B/s]
(…)fd33e76-5c8d-4761-8f7b-ae987e83e2a8.json:   0%|          | 0.00/5.62k 
[00:00<?, ?B/s]
(…)6b2719b-7712-41be-9032-43216f52f516.json:   0%|          | 0.00/6.63k 
[00:00<?, ?B/s]
(…)a291a17-55ee-468a-9873-3fcd3e3e8cfb.json:   0%|          | 0.00/6.63k 
[00:00<?, ?B/s]
(…)d229eae-1b12-4963-910e-9516bffd3efb.json:   0%|          | 0.00/6.63k 
[00:00<?, ?B/s]
(…)6b01e58-c56a-43d8-88f6-226a1840ef74.json:   0%|          | 0.00/6.63k 
[00:00<?, ?B/s]
(…)9980a8c-42b3-4c42-b267-43e8be9ddf77.json:   0%|          | 0.00/5.39k 
[00:00<?, ?B/s]
(…)ac15836-c508-414f-9a26-76a8a98f032f.json:   0%|          | 0.00/6.63k 
[00:00<?, ?B/s]
(…)b41e3b8-db75-4ae6-a07f-dc2af2fde449.json:   0%|          | 0.00/6.63k 
[00:00<?, ?B/s]
(…)f6b1a87-156e-4ecc-ace3-ef43d1112861.json:   0%|          | 0.00/6.63k 
[00:00<?, ?B/s]
(…)17f4678-5a3f-4c3e-b46c-e63e22339865.json:   0%|          | 0.00/6.63k 
[00:00<?, ?B/s]
(…)2c8874c-6662-4215-8d23-9762f6175af1.json:   0%|          | 0.00/6.63k 
[00:00<?, ?B/s]
(…)2f0524f-690f-4d21-a8d7-c556f3aa7cef.json:   0%|          | 0.00/6.63k 
[00:00<?, ?B/s]
(…)568fffd-7dfb-4743-b932-c9bb6746c330.json:   0%|          | 0.00/8.12k 
[00:00<?, ?B/s]
(…)5db01c8-46a5-49aa-bcdf-5b83abc1ce1e.json:   0%|          | 0.00/6.63k 
[00:00<?, ?B/s]
(…)84534a9-76e0-46ac-9ede-0a44e87fdf3e.json:   0%|          | 0.00/6.63k 
[00:00<?, ?B/s]
(…)87db9bc-cbb4-43f8-8bb6-a5daf4c8a4cd.json:   0%|          | 0.00/5.39k 
[00:00<?, ?B/s]
(…)a470933-8cb5-4623-85eb-86fe21028ed9.json:   0%|          | 0.00/5.39k 
[00:00<?, ?B/s]
(…)caed572-21b7-451d-aea1-f71ab21727c4.json:   0%|          | 0.00/5.62k 
[00:00<?, ?B/s]
(…)d9092b0-2115-4889-8bf8-d6e97b370212.json:   0%|          | 0.00/5.39k 
[00:00<?, ?B/s]
(…)27de684-2740-4085-a7bf-5e68faafa1e7.json:   0%|          | 0.00/5.39k 
[00:00<?, ?B/s]
(…)452ea24-cc17-43f8-8154-9a0596ce5b7d.json:   0%|          | 0.00/6.63k 
[00:00<?, ?B/s]
(…)5700d32-9461-45ba-9b51-37cd9d72176d.json:   0%|          | 0.00/6.63k 
[00:00<?, ?B/s]
(…)60f06cb-948b-40f3-9e5a-8f18435a206e.json:   0%|          | 0.00/6.63k 
[00:00<?, ?B/s]
(…)a7c78fa-0871-4756-a578-c112a9a9be04.json:   0%|          | 0.00/6.09k 
[00:00<?, ?B/s]
(…)c33ccac-a916-4223-8de5-07fc080b28eb.json:   0%|          | 0.00/5.86k 
[00:00<?, ?B/s]
(…)edf3d27-5ee4-4620-be70-2320b7b9befd.json:   0%|          | 0.00/6.63k 
[00:00<?, ?B/s]
(…)084c7c3-382b-4cc1-b012-48259b333167.json:   0%|          | 0.00/6.63k 
[00:00<?, ?B/s]
(…)216cadf-339c-4224-a6da-13f29e0cbb92.json:   0%|          | 0.00/5.62k 
[00:00<?, ?B/s]
(…)66f386b-a26d-4852-a4df-47db2a949ee9.json:   0%|          | 0.00/6.63k 
[00:00<?, ?B/s]
(…)bdc0b68-df55-4c8a-ad66-a8b4a16f68d5.json:   0%|          | 0.00/6.63k 
[00:00<?, ?B/s]
(…)cfb3919-2b77-4701-8a8a-2b144901afcb.json:   0%|          | 0.00/6.63k 
[00:00<?, ?B/s]
(…)efa1d9c-e5a6-400e-9e1b-d30aa4dcce24.json:   0%|          | 0.00/6.63k 
[00:00<?, ?B/s]
(…)0209b60-4dd6-4a26-85a7-645804e5365f.json:   0%|          | 0.00/7.87k 
[00:00<?, ?B/s]
(…)0d2f7a9-d498-412b-9af4-87717dc88d4f.json:   0%|          | 0.00/6.63k 
[00:00<?, ?B/s]
(…)14ae2d2-7bfe-4bea-a388-b0eea17709d3.json:   0%|          | 0.00/6.63k 
[00:00<?, ?B/s]
(…)15b4cc9-db2f-47e9-8a2c-c7b74865f910.json:   0%|          | 0.00/6.63k 
[00:00<?, ?B/s]
(…)42f48b2-8470-471f-b283-348a7b673006.json:   0%|          | 0.00/5.62k 
[00:00<?, ?B/s]
(…)5d9f6d7-21a1-4371-8fde-1be27683eb9e.json:   0%|          | 0.00/6.63k 
[00:00<?, ?B/s]
(…)ae6f0e9-2c0b-487b-8776-4da8e3779cb9.json:   0%|          | 0.00/6.63k 
[00:00<?, ?B/s]
[resume] far-side scan in 26s: {'present': 115, 'complete': 46, 'no_control': 69, 'with_errors': 0, 'complete_but_no_objects': 4, 'read_err': 0}
[resume] content-complete 46 -> this run: 69 clips
ph0_v2.json:   0%|          | 0.00/374k [00:00<?, ?B/s]
ph0_v2.json:   0%|          | 0.00/79.8k [00:00<?, ?B/s]
ph0_v2.json:   0%|          | 0.00/69.2k [00:00<?, ?B/s]
ph0_v2.json:   0%|          | 0.00/75.0k [00:00<?, ?B/s]
ph0_v2.json:   0%|          | 0.00/75.3k [00:00<?, ?B/s]
ph0_v2.json:   0%|          | 0.00/370k [00:00<?, ?B/s]
ph0_v2.json:   0%|          | 0.00/76.0k [00:00<?, ?B/s]
ph0_v2.json:   0%|          | 0.00/71.9k [00:00<?, ?B/s]
ph0_v2.json:   0%|          | 0.00/74.1k [00:00<?, ?B/s]
ph0_v2.json:   0%|          | 0.00/76.9k [00:00<?, ?B/s]
ph0_v2.json:   0%|          | 0.00/363k [00:00<?, ?B/s]
ph0_v2.json:   0%|          | 0.00/73.7k [00:00<?, ?B/s]
ph0_v2.json:   0%|          | 0.00/69.6k [00:00<?, ?B/s]
ph0_v2.json:   0%|          | 0.00/72.6k [00:00<?, ?B/s]
ph0_v2.json:   0%|          | 0.00/78.2k [00:00<?, ?B/s]
ph0_v2.json:   0%|          | 0.00/363k [00:00<?, ?B/s]
ph0_v2.json:   0%|          | 0.00/73.8k [00:00<?, ?B/s]
ph0_v2.json:   0%|          | 0.00/73.1k [00:00<?, ?B/s]
ph0_v2.json:   0%|          | 0.00/68.9k [00:00<?, ?B/s]
ph0_v2.json:   0%|          | 0.00/74.4k [00:00<?, ?B/s]
ph0_v2.json:   0%|          | 0.00/368k [00:00<?, ?B/s]
ph0_v2.json:   0%|          | 0.00/71.4k [00:00<?, ?B/s]
ph0_v2.json:   0%|          | 0.00/78.3k [00:00<?, ?B/s]
ph0_v2.json:   0%|          | 0.00/72.8k [00:00<?, ?B/s]
ph0_v2.json:   0%|          | 0.00/7.68k [00:00<?, ?B/s]
[v2] 25 far-side v2 files -> 353 records -> 69/69 wanted clips (records counted, not files)
records.parquet: reconstructing file:   0%|          |  0.00B / 26.0MB         
records.parquet: downloading bytes:           |  0.00B            
[assets] w120 shards located for all 69 clips
/usr/local/lib/python3.12/dist-packages/sam3/model/model_misc.py:71: UserWarning: Flash Attention is disabled as it requires a GPU with Ampere (8.0) CUDA capability.
  OLD_GPU, USE_FLASH_ATTN, MATH_KERNEL_ON = get_sdpa_settings()
/usr/local/lib/python3.12/dist-packages/timm/models/layers/__init__.py:49: FutureWarning: Importing from timm.models.layers is deprecated, please import via timm.layers
  warnings.warn(f"Importing from {__name__} is deprecated, please import via timm.layers", FutureWarning)
config.json:   0%|          | 0.00/25.8k [00:00<?, ?B/s]
sam3.pt: reconstructing file:   0%|          |  0.00B / 3.45GB            
sam3.pt: downloading bytes:           |  0.00B            
[sam3] processor up · facebook/sam3 (load_from_HF=True) · dtype_fix={'applied': True, 'target': 'sam3.model.vitdet.addmm_act', 'reason': 'perflib fused MLP casts to bf16 while fc2 stays fp32 (C77); casts removed, fused kernel kept, trunk fp32'}
[mem] sam3 load: torch.cuda.max_memory_allocated = 3.58 GB
_geometry.json:   0%|          | 0.00/3.00k [00:00<?, ?B/s]
physicalai-train-e438721ae894-w120-256x6(…): reconstructing file:   0%|        
|  0.00B / 13.1MB            
physicalai-train-e438721ae894-w120-256x6(…): downloading bytes:           |  
0.00B            
physicalai-train-e438721ae894-w120-256x6(…): reconstructing file:   0%|        
|  0.00B / 31.4MB            
physicalai-train-e438721ae894-w120-256x6(…): downloading bytes:           |  
0.00B            
physicalai-train-e438721ae894-w120-256x6(…): reconstructing file:   0%|        
|  0.00B / 34.1MB            
physicalai-train-e438721ae894-w120-256x6(…): downloading bytes:           |  
0.00B            
physicalai-train-e438721ae894-w120-256x6(…): reconstructing file:   0%|        
|  0.00B / 49.4MB            
physicalai-train-e438721ae894-w120-256x6(…): downloading bytes:           |  
0.00B            
physicalai-train-e438721ae894-w120-256x6(…): reconstructing file:   0%|        
|  0.00B / 37.8MB            
physicalai-train-e438721ae894-w120-256x6(…): downloading bytes:           |  
0.00B            
physicalai-train-e438721ae894-w120-256x6(…): reconstructing file:   0%|        
|  0.00B / 47.8MB            
physicalai-train-e438721ae894-w120-256x6(…): downloading bytes:           |  
0.00B            
physicalai-train-e438721ae894-w120-256x6(…): reconstructing file:   0%|        
|  0.00B / 40.7MB            
physicalai-train-e438721ae894-w120-256x6(…): downloading bytes:           |  
0.00B            
physicalai-train-e438721ae894-w120-256x6(…): reconstructing file:   0%|        
|  0.00B / 41.4MB            
physicalai-train-e438721ae894-w120-256x6(…): downloading bytes:           |  
0.00B            
physicalai-train-e438721ae894-w120-256x6(…): reconstructing file:   0%|        
|  0.00B / 38.5MB            
physicalai-train-e438721ae894-w120-256x6(…): downloading bytes:           |  
0.00B            
physicalai-train-e438721ae894-w120-256x6(…): reconstructing file:   0%|        
|  0.00B / 31.1MB            
physicalai-train-e438721ae894-w120-256x6(…): downloading bytes:           |  
0.00B            
physicalai-train-e438721ae894-w120-256x6(…): reconstructing file:   0%|        
|  0.00B / 35.2MB            
physicalai-train-e438721ae894-w120-256x6(…): downloading bytes:           |  
0.00B            
physicalai-train-e438721ae894-w120-256x6(…): reconstructing file:   0%|        
|  0.00B / 26.5MB            
physicalai-train-e438721ae894-w120-256x6(…): downloading bytes:           |  
0.00B            
physicalai-train-e438721ae894-w120-256x6(…): reconstructing file:   0%|        
|  0.00B / 36.7MB            
physicalai-train-e438721ae894-w120-256x6(…): downloading bytes:           |  
0.00B            
[bridge] picked 12 clips (seed 0)
[bridge] 695081db-4312-44bc-95d6-4d5f509180fa: 199 frames (256, 640, 3) -> mp4; poses (199, 4)
[bridge] 5b4eef8f-847f-4770-b9ba-b7aa0007a319: 199 frames (256, 640, 3) -> mp4; poses (199, 4)
[bridge] 66e4d574-2b35-4b55-a13d-905d9b6ecc2b: 199 frames (256, 640, 3) -> mp4; poses (199, 4)
[bridge] 5ead1fa8-8dc5-4a9d-b419-e5bb46ee62dd: 199 frames (256, 640, 3) -> mp4; poses (199, 4)
[bridge] 652024fc-b17e-44b1-80b4-dc710eee09cc: 199 frames (256, 640, 3) -> mp4; poses (199, 4)
[bridge] 6a4ea986-1415-4293-8d51-640792489e60: 199 frames (256, 640, 3) -> mp4; poses (199, 4)
[bridge] 58f2d1eb-5578-4a70-8668-7b5ffad67f5c: 205 frames (256, 640, 3) -> mp4; poses (205, 4)
[bridge] 5c8bdfdc-2fa2-44b7-829f-46d3e28f8b41: 199 frames (256, 640, 3) -> mp4; poses (199, 4)
[bridge] 6568c4ff-f8d6-4b95-8a37-756a2f5e17f8: 199 frames (256, 640, 3) -> mp4; poses (199, 4)
[bridge] 69f12ef3-3690-4c66-9297-38e2a22c3703: 199 frames (256, 640, 3) -> mp4; poses (199, 4)
[bridge] 675d5397-6868-4af6-8cae-46418531b675: 199 frames (256, 640, 3) -> mp4; poses (199, 4)
[bridge] 5a035000-d5dd-40c1-a626-f20cd7d7816e: 199 frames (256, 640, 3) -> mp4; poses (199, 4)
BRIDGE_DONE n=12 failed=0
(…)8f2d1eb-5578-4a70-8668-7b5ffad67f5c.json:   0%|          | 0.00/65.2k 
[00:00<?, ?B/s]
[bank] 1/69 58f2d1eb 65213B det=42 err=0 live=True{'road': 1, 'sky': 1} [car:15,truck:15,traffic light:5,traffic sign:7]
(…)a035000-d5dd-40c1-a626-f20cd7d7816e.json:   0%|          | 0.00/21.7k 
[00:00<?, ?B/s]
[bank] 2/69 5a035000 21720B det=19 err=0 live=True{'road': 1, 'sky': 1} [car:8,traffic light:3,traffic sign:8]
(…)b4eef8f-847f-4770-b9ba-b7aa0007a319.json:   0%|          | 0.00/6.10k 
[00:00<?, ?B/s]
[bank] 3/69 5b4eef8f 6100B det=2 err=0 live=True{'road': 2, 'sky': 2} [car:1,cyclist:1]
(…)c8bdfdc-2fa2-44b7-829f-46d3e28f8b41.json:   0%|          | 0.00/53.8k 
[00:00<?, ?B/s]
[bank] 4/69 5c8bdfdc 53837B det=54 err=0 live=True{'road': 1, 'sky': 1} [car:22,bus:1,traffic sign:31]
(…)ead1fa8-8dc5-4a9d-b419-e5bb46ee62dd.json:   0%|          | 0.00/28.4k 
[00:00<?, ?B/s]
[bank] 5/69 5ead1fa8 28356B det=27 err=0 live=True{'road': 1, 'sky': 1} [car:22,traffic sign:5]
(…)52024fc-b17e-44b1-80b4-dc710eee09cc.json:   0%|          | 0.00/68.1k 
[00:00<?, ?B/s]
[bank] 6/69 652024fc 68070B det=63 err=0 live=True{'road': 1, 'sky': 1} [car:27,truck:2,pedestrian:1,traffic light:21,traffic sign:12]
(…)568c4ff-f8d6-4b95-8a37-756a2f5e17f8.json:   0%|          | 0.00/28.8k 
[00:00<?, ?B/s]
[bank] 7/69 6568c4ff 28829B det=17 err=0 live=True{'road': 1, 'sky': 1} [car:11,traffic sign:6]
(…)6e4d574-2b35-4b55-a13d-905d9b6ecc2b.json:   0%|          | 0.00/82.5k 
[00:00<?, ?B/s]
[bank] 8/69 66e4d574 82463B det=59 err=0 live=True{'road': 1, 'sky': 1} [car:55,truck:1,bus:1,pedestrian:1,traffic light:1]
(…)75d5397-6868-4af6-8cae-46418531b675.json:   0%|          | 0.00/753 
[00:00<?, ?B/s]
[bank] 9/69 675d5397 753B det=0 err=0 live=True{'road': 1, 'sky': 2} [none]
(…)95081db-4312-44bc-95d6-4d5f509180fa.json:   0%|          | 0.00/62.3k 
[00:00<?, ?B/s]
[bank] 10/69 695081db 62316B det=46 err=0 live=True{'road': 1, 'sky': 1} [car:40,pedestrian:2,traffic sign:4]
(…)9f12ef3-3690-4c66-9297-38e2a22c3703.json:   0%|          | 0.00/2.78k 
[00:00<?, ?B/s]
[bank] 11/69 69f12ef3 2780B det=1 err=0 live=True{'road': 2, 'sky': 1} [truck:1]
(…)a4ea986-1415-4293-8d51-640792489e60.json:   0%|          | 0.00/49.9k 
[00:00<?, ?B/s]
[bank] 12/69 6a4ea986 49916B det=59 err=0 live=True{'road': 3, 'sky': 1} [car:31,truck:2,pedestrian:4,traffic light:16,traffic sign:6]
[mem] after batch b00000: torch.cuda.max_memory_allocated = 4.31 GB
physicalai-train-e438721ae894-w120-256x6(…): reconstructing file:   0%|        
|  0.00B / 34.8MB            
physicalai-train-e438721ae894-w120-256x6(…): downloading bytes:           |  
0.00B            
physicalai-train-e438721ae894-w120-256x6(…): reconstructing file:   0%|        
|  0.00B / 25.6MB            
physicalai-train-e438721ae894-w120-256x6(…): downloading bytes:           |  
0.00B            
physicalai-train-e438721ae894-w120-256x6(…): reconstructing file:   0%|        
|  0.00B / 38.4MB            
physicalai-train-e438721ae894-w120-256x6(…): downloading bytes:           |  
0.00B            
physicalai-train-e438721ae894-w120-256x6(…): reconstructing file:   0%|        
|  0.00B / 41.3MB            
physicalai-train-e438721ae894-w120-256x6(…): downloading bytes:           |  
0.00B            
physicalai-train-e438721ae894-w120-256x6(…): reconstructing file:   0%|        
|  0.00B / 52.7MB            
physicalai-train-e438721ae894-w120-256x6(…): downloading bytes:           |  
0.00B            
physicalai-train-e438721ae894-w120-256x6(…): reconstructing file:   0%|        
|  0.00B / 40.4MB            
physicalai-train-e438721ae894-w120-256x6(…): downloading bytes:           |  
0.00B            
physicalai-train-e438721ae894-w120-256x6(…): reconstructing file:   0%|        
|  0.00B / 36.7MB            
physicalai-train-e438721ae894-w120-256x6(…): downloading bytes:           |  
0.00B            
physicalai-train-e438721ae894-w120-256x6(…): reconstructing file:   0%|        
|  0.00B / 33.5MB            
physicalai-train-e438721ae894-w120-256x6(…): downloading bytes:           |  
0.00B            
physicalai-train-e438721ae894-w120-256x6(…): reconstructing file:   0%|        
|  0.00B / 29.2MB            
physicalai-train-e438721ae894-w120-256x6(…): downloading bytes:           |  
0.00B            
physicalai-train-e438721ae894-w120-256x6(…): reconstructing file:   0%|        
|  0.00B / 32.9MB            
physicalai-train-e438721ae894-w120-256x6(…): downloading bytes:           |  
0.00B            
physicalai-train-e438721ae894-w120-256x6(…): reconstructing file:   0%|        
|  0.00B / 39.0MB            
physicalai-train-e438721ae894-w120-256x6(…): downloading bytes:           |  
0.00B            
physicalai-train-e438721ae894-w120-256x6(…): reconstructing file:   0%|        
|  0.00B / 40.4MB            
physicalai-train-e438721ae894-w120-256x6(…): downloading bytes:           |  
0.00B            
[bridge] picked 12 clips (seed 0)
[bridge] 85b2c653-91ae-495b-b6cc-ce181f0297fd: 199 frames (256, 640, 3) -> mp4; poses (199, 4)
[bridge] 74016b73-fcab-476e-b539-baeb2d1dd33c: 199 frames (256, 640, 3) -> mp4; poses (199, 4)
[bridge] 83224d73-30ea-48c1-ac2c-15bb9fa1168d: 199 frames (256, 640, 3) -> mp4; poses (199, 4)
[bridge] 7ac17311-f185-4c8d-b9fc-c004c7988f5f: 199 frames (256, 640, 3) -> mp4; poses (199, 4)
[bridge] 814c2f74-4fef-432c-ad78-ff1a5a4f5abe: 199 frames (256, 640, 3) -> mp4; poses (199, 4)
[bridge] 8af0c04b-7c7c-4c61-87b4-c00982c02dfd: 199 frames (256, 640, 3) -> mp4; poses (199, 4)
[bridge] 6e97691a-28f1-4f1b-bfdd-4245e24dd36d: 199 frames (256, 640, 3) -> mp4; poses (199, 4)
[bridge] 743d32ea-0cd4-40de-9d6d-ddf7e174c15b: 199 frames (256, 640, 3) -> mp4; poses (199, 4)
[bridge] 82b05887-36c5-4b0c-850f-8e0261e1e56b: 199 frames (256, 640, 3) -> mp4; poses (199, 4)
[bridge] 8716a7d8-cb91-4cde-ad33-8a8ef5f866b4: 199 frames (256, 640, 3) -> mp4; poses (199, 4)
[bridge] 855fded3-cdf1-4c19-99b0-d511585d4242: 199 frames (256, 640, 3) -> mp4; poses (199, 4)
[bridge] 71415a38-16d8-40dd-b818-e20a8d9bc682: 199 frames (256, 640, 3) -> mp4; poses (199, 4)
BRIDGE_DONE n=12 failed=0
(…)e97691a-28f1-4f1b-bfdd-4245e24dd36d.json:   0%|          | 0.00/16.5k 
[00:00<?, ?B/s]
[bank] 13/69 6e97691a 16473B det=14 err=0 live=True{'road': 1, 'sky': 1} [car:10,truck:1,traffic light:1,traffic sign:2]
(…)1415a38-16d8-40dd-b818-e20a8d9bc682.json:   0%|          | 0.00/36.5k 
[00:00<?, ?B/s]
[bank] 14/69 71415a38 36531B det=45 err=0 live=True{'road': 1, 'sky': 1} [car:32,traffic sign:13]
(…)4016b73-fcab-476e-b539-baeb2d1dd33c.json:   0%|          | 0.00/56.4k 
[00:00<?, ?B/s]
[bank] 15/69 74016b73 56413B det=43 err=0 live=True{'road': 1, 'sky': 1} [car:31,pedestrian:1,traffic light:6,traffic sign:5]
(…)43d32ea-0cd4-40de-9d6d-ddf7e174c15b.json:   0%|          | 0.00/31.2k 
[00:00<?, ?B/s]
[bank] 16/69 743d32ea 31202B det=35 err=0 live=True{'road': 1, 'sky': 1} [car:11,pedestrian:4,traffic light:8,traffic sign:12]
(…)ac17311-f185-4c8d-b9fc-c004c7988f5f.json:   0%|          | 0.00/65.8k 
[00:00<?, ?B/s]
[bank] 17/69 7ac17311 65821B det=55 err=0 live=True{'road': 2, 'sky': 1} [car:25,pedestrian:7,traffic sign:23]
(…)14c2f74-4fef-432c-ad78-ff1a5a4f5abe.json:   0%|          | 0.00/127k 
[00:00<?, ?B/s]
[bank] 18/69 814c2f74 127264B det=113 err=0 live=True{'road': 1, 'sky': 2} [car:41,truck:2,pedestrian:41,traffic light:11,traffic sign:18]
(…)2b05887-36c5-4b0c-850f-8e0261e1e56b.json:   0%|          | 0.00/9.95k 
[00:00<?, ?B/s]
[bank] 19/69 82b05887 9949B det=11 err=0 live=True{'road': 2, 'sky': 1} [car:9,pedestrian:1,traffic sign:1]
(…)3224d73-30ea-48c1-ac2c-15bb9fa1168d.json:   0%|          | 0.00/1.03k 
[00:00<?, ?B/s]
[bank] 20/69 83224d73 1034B det=0 err=0 live=True{'road': 1, 'sky': 1} [none]
(…)55fded3-cdf1-4c19-99b0-d511585d4242.json:   0%|          | 0.00/6.58k 
[00:00<?, ?B/s]
[bank] 21/69 855fded3 6576B det=8 err=0 live=True{'road': 1, 'sky': 1} [car:7,traffic sign:1]
(…)5b2c653-91ae-495b-b6cc-ce181f0297fd.json:   0%|          | 0.00/23.5k 
[00:00<?, ?B/s]
[bank] 22/69 85b2c653 23538B det=21 err=0 live=True{'road': 2, 'sky': 1} [car:17,truck:1,traffic sign:3]
(…)716a7d8-cb91-4cde-ad33-8a8ef5f866b4.json:   0%|          | 0.00/9.76k 
[00:00<?, ?B/s]
[bank] 23/69 8716a7d8 9761B det=11 err=0 live=True{'road': 1, 'sky': 1} [car:6,traffic sign:5]
(…)af0c04b-7c7c-4c61-87b4-c00982c02dfd.json:   0%|          | 0.00/4.01k 
[00:00<?, ?B/s]
[bank] 24/69 8af0c04b 4012B det=6 err=0 live=True{'road': 1, 'sky': 1} [car:3,traffic sign:3]
[mem] after batch b00012: torch.cuda.max_memory_allocated = 4.31 GB
physicalai-train-e438721ae894-w120-256x6(…): reconstructing file:   0%|        
|  0.00B / 44.3MB            
physicalai-train-e438721ae894-w120-256x6(…): downloading bytes:           |  
0.00B            
physicalai-train-e438721ae894-w120-256x6(…): reconstructing file:   0%|        
|  0.00B / 42.0MB            
physicalai-train-e438721ae894-w120-256x6(…): downloading bytes:           |  
0.00B            
physicalai-train-e438721ae894-w120-256x6(…): reconstructing file:   0%|        
|  0.00B / 30.6MB            
physicalai-train-e438721ae894-w120-256x6(…): downloading bytes:           |  
0.00B            
physicalai-train-e438721ae894-w120-256x6(…): reconstructing file:   0%|        
|  0.00B / 25.9MB            
physicalai-train-e438721ae894-w120-256x6(…): downloading bytes:           |  
0.00B            
physicalai-train-e438721ae894-w120-256x6(…): reconstructing file:   0%|        
|  0.00B / 39.7MB            
physicalai-train-e438721ae894-w120-256x6(…): downloading bytes:           |  
0.00B            
physicalai-train-e438721ae894-w120-256x6(…): reconstructing file:   0%|        
|  0.00B / 35.9MB            
physicalai-train-e438721ae894-w120-256x6(…): downloading bytes:           |  
0.00B            
physicalai-train-e438721ae894-w120-256x6(…): reconstructing file:   0%|        
|  0.00B / 35.7MB            
physicalai-train-e438721ae894-w120-256x6(…): downloading bytes:           |  
0.00B            
physicalai-train-e438721ae894-w120-256x6(…): reconstructing file:   0%|        
|  0.00B / 35.8MB            
physicalai-train-e438721ae894-w120-256x6(…): downloading bytes:           |  
0.00B            
physicalai-train-e438721ae894-w120-256x6(…): reconstructing file:   0%|        
|  0.00B / 39.1MB            
physicalai-train-e438721ae894-w120-256x6(…): downloading bytes:           |  
0.00B            
physicalai-train-e438721ae894-w120-256x6(…): reconstructing file:   0%|        
|  0.00B / 50.9MB            
physicalai-train-e438721ae894-w120-256x6(…): downloading bytes:           |  
0.00B            
physicalai-train-e438721ae894-w120-256x6(…): reconstructing file:   0%|        
|  0.00B / 37.0MB            
physicalai-train-e438721ae894-w120-256x6(…): downloading bytes:           |  
0.00B            
physicalai-train-e438721ae894-w120-256x6(…): reconstructing file:   0%|        
|  0.00B / 30.4MB            
physicalai-train-e438721ae894-w120-256x6(…): downloading bytes:           |  
0.00B            
[bridge] picked 12 clips (seed 0)
[bridge] ad229eae-1b12-4963-910e-9516bffd3efb: 199 frames (256, 640, 3) -> mp4; poses (199, 4)
[bridge] 900c1992-b4f4-4a8d-b316-1b9a1859a7dc: 199 frames (256, 640, 3) -> mp4; poses (199, 4)
[bridge] a6b2719b-7712-41be-9032-43216f52f516: 199 frames (256, 640, 3) -> mp4; poses (199, 4)
[bridge] 9c50f803-c78c-4b69-8a83-443ad312553e: 199 frames (256, 640, 3) -> mp4; poses (199, 4)
[bridge] 9e00b16b-ca6f-4a0f-a3ee-cd8688bb4361: 199 frames (256, 640, 3) -> mp4; poses (199, 4)
[bridge] b9980a8c-42b3-4c42-b267-43e8be9ddf77: 199 frames (256, 640, 3) -> mp4; poses (199, 4)
[bridge] 8dc5d14d-ab19-43a4-843d-12fdd28173a8: 199 frames (256, 640, 3) -> mp4; poses (199, 4)
[bridge] 97e6c22b-a1d8-43ba-9fc8-35a27a01d6dc: 199 frames (256, 640, 3) -> mp4; poses (199, 4)
[bridge] 9fd33e76-5c8d-4761-8f7b-ae987e83e2a8: 199 frames (256, 640, 3) -> mp4; poses (199, 4)
[bridge] b6b01e58-c56a-43d8-88f6-226a1840ef74: 199 frames (256, 640, 3) -> mp4; poses (199, 4)
[bridge] aa291a17-55ee-468a-9873-3fcd3e3e8cfb: 199 frames (256, 640, 3) -> mp4; poses (199, 4)
[bridge] 8f5df500-9bb4-436a-9421-2dff925cc7a1: 199 frames (256, 640, 3) -> mp4; poses (199, 4)
BRIDGE_DONE n=12 failed=0
(…)dc5d14d-ab19-43a4-843d-12fdd28173a8.json:   0%|          | 0.00/87.2k 
[00:00<?, ?B/s]
[bank] 25/69 8dc5d14d 87156B det=62 err=0 live=True{'road': 2, 'sky': 1} [car:39,truck:4,traffic light:10,traffic sign:9]
(…)f5df500-9bb4-436a-9421-2dff925cc7a1.json:   0%|          | 0.00/47.0k 
[00:00<?, ?B/s]
[bank] 26/69 8f5df500 47027B det=50 err=0 live=True{'road': 1, 'sky': 1} [car:28,pedestrian:7,cyclist:2,traffic light:1,traffic sign:12]
(…)00c1992-b4f4-4a8d-b316-1b9a1859a7dc.json:   0%|          | 0.00/32.7k 
[00:00<?, ?B/s]
[bank] 27/69 900c1992 32715B det=30 err=0 live=True{'road': 2, 'sky': 1} [car:9,traffic light:13,traffic sign:8]
(…)7e6c22b-a1d8-43ba-9fc8-35a27a01d6dc.json:   0%|          | 0.00/7.15k 
[00:00<?, ?B/s]
[bank] 28/69 97e6c22b 7152B det=6 err=0 live=True{'road': 1, 'sky': 1} [truck:3,traffic sign:3]
(…)c50f803-c78c-4b69-8a83-443ad312553e.json:   0%|          | 0.00/9.82k 
[00:00<?, ?B/s]
[bank] 29/69 9c50f803 9818B det=7 err=0 live=True{'road': 1, 'sky': 1} [car:7]
(…)e00b16b-ca6f-4a0f-a3ee-cd8688bb4361.json:   0%|          | 0.00/25.2k 
[00:00<?, ?B/s]
[bank] 30/69 9e00b16b 25235B det=22 err=0 live=True{'road': 1, 'sky': 1} [car:18,truck:1,pedestrian:1,traffic sign:2]
(…)fd33e76-5c8d-4761-8f7b-ae987e83e2a8.json:   0%|          | 0.00/31.7k 
[00:00<?, ?B/s]
[bank] 31/69 9fd33e76 31665B det=26 err=0 live=True{'road': 1, 'sky': 2} [car:21,truck:1,pedestrian:1,traffic sign:3]
(…)6b2719b-7712-41be-9032-43216f52f516.json:   0%|          | 0.00/27.3k 
[00:00<?, ?B/s]
[bank] 32/69 a6b2719b 27325B det=31 err=0 live=True{'road': 1, 'sky': 0} [car:15,pedestrian:2,traffic light:11,traffic sign:3]
(…)a291a17-55ee-468a-9873-3fcd3e3e8cfb.json:   0%|          | 0.00/56.3k 
[00:00<?, ?B/s]
[bank] 33/69 aa291a17 56278B det=76 err=0 live=True{'road': 1, 'sky': 1} [car:2,pedestrian:2,traffic light:50,traffic sign:22]
(…)d229eae-1b12-4963-910e-9516bffd3efb.json:   0%|          | 0.00/46.9k 
[00:00<?, ?B/s]
[bank] 34/69 ad229eae 46857B det=31 err=0 live=True{'road': 1, 'sky': 1} [car:18,pedestrian:11,traffic sign:2]
(…)6b01e58-c56a-43d8-88f6-226a1840ef74.json:   0%|          | 0.00/46.7k 
[00:00<?, ?B/s]
[bank] 35/69 b6b01e58 46695B det=49 err=0 live=True{'road': 1, 'sky': 2} [car:31,pedestrian:4,traffic light:12,traffic sign:2]
