[sel] 115 banked records
[sel] complete 83 · still-stale (pre-fix) 32
[sel] rare 'cyclist': best clip 8f5df500 with 2
[sel] rare 'bus': best clip 0089a096 with 7
[sel] rare 'truck': best clip 15a65b76 with 17
[sel] rare 'pedestrian': best clip 814c2f74 with 41
[sel] density min 0 · median 23 · max 113 | dead-control 0 · zero-detection 6
    38aac500 det=0 live=True {}
    8f5df500 det=50 live=True {'car': 28, 'pedestrian': 7, 'cyclist': 2, 'traffic light': 1, 'traffic sign': 12}
    0089a096 det=60 live=True {'car': 38, 'bus': 7, 'pedestrian': 4, 'traffic sign': 11}
    15a65b76 det=36 live=True {'car': 19, 'truck': 17}
    814c2f74 det=113 live=True {'car': 41, 'truck': 2, 'pedestrian': 41, 'traffic light': 11, 'traffic sign': 18}
    42745b48 det=23 live=True {'car': 21, 'traffic sign': 2}
    093bfa29 det=7 live=True {'car': 4, 'pedestrian': 1, 'traffic sign': 2}
    bb41e3b8 det=0 live=False {}
[bridge] picked 1 clips (seed 0)
[bridge] 38aac500-0676-48bf-ba2e-47ba1194012e: 199 frames (256, 640, 3) -> mp4; poses (199, 4)
BRIDGE_DONE n=1 failed=0
[bridge] 38aac500 -> 583884 B md5=9ddb9eec9f8d5de50243870f9a0d7037
[bridge] picked 1 clips (seed 0)
[bridge] 8f5df500-9bb4-436a-9421-2dff925cc7a1: 199 frames (256, 640, 3) -> mp4; poses (199, 4)
BRIDGE_DONE n=1 failed=0
[bridge] 8f5df500 -> 2006574 B md5=21ebfd56aa98ee14a4da68b9ec501332
[bridge] picked 1 clips (seed 0)
[bridge] 0089a096-68be-40df-8097-780bf1ae1c19: 199 frames (256, 640, 3) -> mp4; poses (199, 4)
BRIDGE_DONE n=1 failed=0
[bridge] 0089a096 -> 1373844 B md5=10c9b723ce21b0942c3523a7a97ff5e1
[bridge] picked 1 clips (seed 0)
[bridge] 15a65b76-a2f0-4413-bde6-695052f45b9d: 199 frames (256, 640, 3) -> mp4; poses (199, 4)
BRIDGE_DONE n=1 failed=0
[bridge] 15a65b76 -> 895206 B md5=0fe3bc0a7df14c9aa0f232a7cd386ae8
[bridge] picked 1 clips (seed 0)
[bridge] 814c2f74-4fef-432c-ad78-ff1a5a4f5abe: 199 frames (256, 640, 3) -> mp4; poses (199, 4)
BRIDGE_DONE n=1 failed=0
[bridge] 814c2f74 -> 1595522 B md5=aa2d035ab1f130a3132e658468299cc4
[bridge] picked 1 clips (seed 0)
[bridge] 42745b48-a015-4a7d-9ae0-a4f6986f918e: 199 frames (256, 640, 3) -> mp4; poses (199, 4)
BRIDGE_DONE n=1 failed=0
[bridge] 42745b48 -> 746847 B md5=47fabe1170980a909c9287a42b2be8a5
[bridge] picked 1 clips (seed 0)
[bridge] 093bfa29-93f2-4b86-b85e-0de4cd3e3839: 199 frames (256, 640, 3) -> mp4; poses (199, 4)
BRIDGE_DONE n=1 failed=0
[bridge] 093bfa29 -> 1099276 B md5=4bf192a69ab4e7862663132facf47a31
[bridge] picked 1 clips (seed 0)
[bridge] bb41e3b8-db75-4ae6-a07f-dc2af2fde449: 199 frames (256, 640, 3) -> mp4; poses (199, 4)
BRIDGE_DONE n=1 failed=0
[bridge] bb41e3b8 -> 1514989 B md5=28ce75a5092b85425a9807b7493f8254
[rich] S2 labels loaded: 201
[rich] 38aac500 -> 38aac500_rich.mp4 (40 frames, 0 sam3 det, live=None, s2=True)
[rich] 8f5df500 -> 8f5df500_rich.mp4 (40 frames, 50 sam3 det, live=None, s2=True)
[rich] 0089a096 -> 0089a096_rich.mp4 (40 frames, 60 sam3 det, live=None, s2=True)
[rich] 15a65b76 -> 15a65b76_rich.mp4 (40 frames, 36 sam3 det, live=None, s2=True)
[rich] 814c2f74 -> 814c2f74_rich.mp4 (40 frames, 113 sam3 det, live=None, s2=True)
[rich] 42745b48 -> 42745b48_rich.mp4 (40 frames, 23 sam3 det, live=None, s2=True)
[rich] 093bfa29 -> 093bfa29_rich.mp4 (40 frames, 7 sam3 det, live=None, s2=True)
[rich] bb41e3b8 -> bb41e3b8_rich.mp4 (40 frames, 0 sam3 det, live=None, s2=True)
[rich] 8 clips rendered
RICH_DONE
[mp4] 0089a096_rich.mp4 716578 B md5=b9a7cbb67cf479df98a90ee5a7a44033
[mp4] 093bfa29_rich.mp4 517282 B md5=b1f10e2680a7671c27ce186559cf73d2
[mp4] 15a65b76_rich.mp4 513408 B md5=392d3065cd4a09b58c4c6c54891e9dd8
[mp4] 38aac500_rich.mp4 312449 B md5=c06d113a521dba79e2dc2892268324b7
[mp4] 42745b48_rich.mp4 494806 B md5=1b570d3e4a690e6aea4584272f03d2d9
[mp4] 814c2f74_rich.mp4 790829 B md5=19c7c880a9ec9cf4a6880638d306c7d2
[mp4] 8f5df500_rich.mp4 777915 B md5=42427322879e71b7f9356155575f46eb
[mp4] bb41e3b8_rich.mp4 639953 B md5=d808e187bff4bc379a422080904999ad
[mp4] total 4763220 B (4.54 MiB)
RENDER_DONE rc 0
