[cost] f0    global_end=198ms  global_start=231ms  rs_zero_end=30892ms  rs_zero_start=6057ms  rs_sweep=11123ms
        alive: global_end_require_all=759404(0.257)  global_end_any_sigma=1139033(0.386)  global_end_margin2.0=759405(0.257)  rs_zero_end=632324(0.214)  rs_sweep=1341915(0.455)
[cost] f150  global_end=366ms  global_start=287ms  rs_zero_end=428ms  rs_zero_start=341ms  rs_sweep=10770ms
        alive: global_end_require_all=614538(0.208)  global_end_any_sigma=933860(0.316)  global_end_margin2.0=614541(0.208)  rs_zero_end=614538(0.208)  rs_sweep=1096693(0.372)
[cost] f300  global_end=269ms  global_start=226ms  rs_zero_end=285ms  rs_zero_start=20561ms  rs_sweep=9769ms
        alive: global_end_require_all=484818(0.164)  global_end_any_sigma=742567(0.252)  global_end_margin2.0=484821(0.164)  rs_zero_end=484818(0.164)  rs_sweep=860404(0.291)
[cost] f450  global_end=223ms  global_start=206ms  rs_zero_end=305ms  rs_zero_start=15996ms  rs_sweep=11003ms
        alive: global_end_require_all=342200(0.116)  global_end_any_sigma=542875(0.184)  global_end_margin2.0=342200(0.116)  rs_zero_end=342200(0.116)  rs_sweep=620266(0.210)

wrote /home/nvidia/rq_out/rs_cost_probe.json

config                   median ms (over frames)
global_end                       245.7   per-frame [198, 366, 269, 223]
global_start                     228.4   per-frame [231, 287, 226, 206]
rs_zero_end                      366.6   per-frame [30892, 428, 285, 305]
rs_zero_start                  11026.3   per-frame [6057, 341, 20561, 15996]
rs_sweep                       10886.4   per-frame [11123, 10770, 9769, 11003]

projection gate              n_alive    frac     sum bbox px
global_end_require_all        549678   0.186       4.780e+07
global_end_any_sigma          838213   0.284       3.058e+16
global_end_margin2.0          549681   0.186       4.859e+07
rs_zero_end                   549678   0.186       4.780e+07
rs_sweep                      978548   0.331       4.539e+15
