[v3] anchors: artifact anchors (117, 8, 2), controls (117, 2), units=alat (cli-override-legacy-file), horizon_s=None, dt=None, ref_speed_ms=None, kappa_cap=None, alat_v_floor=None, schema=None
[v3] anchors: loaded (117, 8, 2) from C:\Users\Admin\run_wbank\refc_anchors_6s_v0cond_alat_117.pt (sha256 51f930dc6f3564ff)
[v3] anchors: v0-CONDITIONED, controls (117, 2) (accel, lateral accel), units=alat (source: cli-override-legacy-file), rolled per window; withheld rows at 10.0 m/s. straight-ahead control present: True
[parity] ⚠ NON-PARITY corpus for *train* cache: C:\Users\Admin\tanitad-data\physicalai\_epcache\physicalai-train-14231cd29c74 references no registered parity key (physicalai-train-e438721ae894 / physicalai-val-0c5f7dac3b11). Results off it are NOT cross-arm comparable with the parity arms.
[v3] 48 episodes from C:\Users\Admin\tanitad-data\physicalai\_epcache\physicalai-train-14231cd29c74
[v3] 48 episodes -> 8199 windows (window 8, max_horizon 20, image_hw (256, 256), tac_vocab kin3)
[v3] u8_batches=False: frames+future_frames = 0.793 GB per collated batch (float32), <= 1 in flight -> ~0.79 GB
[v3] withheld bank: mode=fixed warmup=0 speed_max=35.0 m/s pool=None
[v3:hier] step 50 loss 24.6578 traj 4.7902
[v3:hier] step 100 loss 22.8849 traj 2.4947
[v3:hier] step 150 loss 17.0897 traj 1.9550
[v3:hier] step 200 loss 18.1599 traj 1.8908
[v3:hier] step 250 loss 17.4226 traj 1.8138
[v3:hier] step 300 loss 16.1903 traj 1.4891
[v3:hier] step 350 loss 19.2834 traj 1.7734
[v3:hier] step 400 loss 14.6582 traj 1.2378
[v3:hier] step 450 loss 17.0813 traj 1.6769
[v3:hier] step 500 loss 19.3313 traj 1.6952
[v3:hier] step 550 loss 17.2980 traj 1.2139
[v3:hier] step 600 loss 16.4893 traj 1.5144
[v3:hier] step 650 loss 21.5998 traj 1.6308
[v3:hier] step 700 loss 13.4444 traj 1.5237
[v3:hier] step 750 loss 15.7251 traj 1.5116
[v3:hier] step 800 loss 17.6367 traj 1.4912
[v3:hier] step 850 loss 14.8004 traj 1.3662
[v3:hier] step 900 loss 16.9378 traj 1.6234
[v3:hier] step 950 loss 15.6883 traj 1.4953
[v3:hier] step 1000 loss 18.1318 traj 1.9754
[v3:hier] step 1050 loss 12.7562 traj 1.2812
[v3:hier] step 1100 loss 17.1432 traj 1.4890
[v3:hier] step 1150 loss 13.3762 traj 1.1759
[v3:hier] step 1200 loss 15.2173 traj 1.2954
[v3:hier] step 1250 loss 15.0948 traj 1.4993
[v3:hier] step 1300 loss 15.7775 traj 1.0336
[v3:hier] step 1350 loss 16.6854 traj 1.7075
[v3:hier] step 1400 loss 15.3135 traj 1.2553
[v3:hier] step 1450 loss 14.3850 traj 1.1929
[v3:hier] step 1500 loss 15.7070 traj 1.3051
[v3:hier] step 1550 loss 17.7157 traj 1.9272
[v3:hier] step 1600 loss 16.1136 traj 1.2125
[v3:hier] step 1650 loss 13.5856 traj 1.0923
[v3:hier] step 1700 loss 16.1933 traj 0.8470
[v3:hier] step 1750 loss 13.5384 traj 1.3182
[v3:hier] step 1800 loss 15.4106 traj 1.5759
[v3:hier] step 1850 loss 14.8869 traj 1.1152
[v3:hier] step 1900 loss 14.7416 traj 1.3454
[v3:hier] step 1950 loss 18.1778 traj 1.3124
[v3:hier] step 2000 loss 14.8286 traj 1.2267
[v3:hier] ckpt step 2000 -> ckpt.pt
[v3:hier] DONE at 2000 — summary.json written
