clips kept 134 excluded {'no_bev_gt': 5, 'no_egomotion': 0} interp 411
triplet clips 29 85.5
latent_704 done 89.1
latent_7040 done 98.4
pixel_1440 done 116.3
latent_704|raw {'P1r': (-0.2636, [-0.3802, -0.1404], 17), 'P2': (0.764, [0.697, 0.8208], 29), 'P3': (0.3328, [0.2714, 0.3946], 40)}
latent_704|diag {'P1r': (-0.0897, [-0.216, 0.0267], 17), 'P2': (0.7329, [0.6751, 0.7884], 29), 'P3': (0.3882, [0.3365, 0.4394], 40)}
latent_7040|raw {'P1r': (-0.2893, [-0.4039, -0.1702], 17), 'P2': (0.7417, [0.6629, 0.8081], 29), 'P3': (0.3873, [0.3257, 0.4509], 40)}
latent_7040|diag {'P1r': (0.0357, [-0.1023, 0.1563], 17), 'P2': (0.8018, [0.7557, 0.8475], 29), 'P3': (0.4859, [0.4303, 0.5415], 40)}
C_const {'P1r': (0.0, [0.0, 0.0], 17), 'P2': (0.5, [0.5, 0.5], 29)}
C_presid|latent_7040_diag {'P1r': (0.018, [-0.0126, 0.0465], 17)}
C_mut|latent_7040_diag {'P1r': (-0.0075, [-0.0338, 0.0174], 17)}
C_oracle {'P1r': (0.9978, [0.9969, 0.9986], 17)}
pixel_1440|raw {'P1r': (0.1116, [-0.1101, 0.3305], 17), 'P2': (0.5329, [0.5108, 0.5555], 29), 'P3': (0.5923, [0.524, 0.6566], 40)}
pixel_1440|diag {'P1r': (0.1063, [-0.1025, 0.2986], 17), 'P2': (0.7494, [0.6819, 0.8073], 29), 'P3': (0.5668, [0.5068, 0.6285], 40)}
PAIRED latent_704|raw_minus_pixel_1440|raw {'P1r': (-0.3752, [-0.6061, -0.1486]), 'P2': (0.2311, [0.1627, 0.2932]), 'P3': (-0.2595, [-0.3359, -0.1823])}
PAIRED latent_704|diag_minus_pixel_1440|diag {'P1r': (-0.1961, [-0.3598, -0.0295]), 'P2': (-0.0165, [-0.0982, 0.0586]), 'P3': (-0.1786, [-0.2323, -0.1228])}
PAIRED latent_7040|raw_minus_pixel_1440|raw {'P1r': (-0.4009, [-0.6102, -0.2029]), 'P2': (0.2088, [0.1329, 0.2782]), 'P3': (-0.205, [-0.2739, -0.1384])}
PAIRED latent_7040|diag_minus_pixel_1440|diag {'P1r': (-0.0707, [-0.263, 0.1444]), 'P2': (0.0524, [-0.0193, 0.1293]), 'P3': (-0.081, [-0.1405, -0.0238])}
EXIT=0
