[analytic] pass1 1/137 (3 s)
[analytic] pass1 26/137 (8 s)
[analytic] pass1 51/137 (13 s)
[analytic] pass1 76/137 (18 s)
[analytic] pass1 101/137 (23 s)
[analytic] pass1 126/137 (28 s)
[analytic] pass2 1/137 (31 s)
[analytic] pass2 26/137 (40 s)
[analytic] pass2 51/137 (47 s)
[analytic] pass2 76/137 (58 s)
[analytic] pass2 101/137 (68 s)
[analytic] pass2 126/137 (75 s)
[analytic] 10 cm ceiling sigma 0.0 (84 s)
[analytic] 10 cm ceiling sigma 0.05 (92 s)
[analytic] 10 cm ceiling sigma 0.1 (101 s)
[analytic] 10 cm ceiling sigma 0.2 (111 s)
[analytic] 10 cm ceiling sigma 0.3 (127 s)
{
 "S0_shares_equal_mass_share_max_abs_diff": 9.992007221626409e-16,
 "S0_loss_per_cell": 2.1972245773362205,
 "S0_loss_per_cell_want_log9": 2.1972245773362196,
 "S1_loss_per_cell": 1.226183436596368,
 "S1_loss_per_cell_want_H(mass)": 1.2261834365963695
}
done 129.7 s
