[parity] ⚠ NON-PARITY corpus for *train* cache: C:\Users\Admin\tanitad-data\physicalai\_epcache\physicalai-train-14231cd29c74 references no registered parity key (physicalai-train-e438721ae894 / physicalai-val-0c5f7dac3b11). Results off it are NOT cross-arm comparable with the parity arms.
[v3] 48 episodes from C:\Users\Admin\tanitad-data\physicalai\_epcache\physicalai-train-14231cd29c74
[v3] 48 episodes -> 8199 windows (window 8, max_horizon 20, image_hw (256, 256), tac_vocab kin3)
[v3] u8_batches=False: frames+future_frames = 0.793 GB per collated batch (float32), <= 1 in flight -> ~0.79 GB
[v3:hier] step 50 loss 107.9871 traj 6.8654
[v3:hier] step 100 loss 13.1050 traj 2.7907
[v3:hier] step 150 loss 24.5688 traj 3.1867
[v3:hier] step 200 loss 18.1957 traj 2.6040
[v3:hier] step 250 loss 19.9731 traj 2.5477
[v3:hier] step 300 loss 15.0590 traj 2.1667
[v3:hier] step 350 loss 17.1936 traj 2.1563
[v3:hier] step 400 loss 12.3908 traj 2.2012
[v3:hier] step 450 loss 18.0393 traj 2.2963
[v3:hier] step 500 loss 15.4486 traj 1.9154
[v3:hier] step 550 loss 9.8700 traj 1.1991
[v3:hier] step 600 loss 13.9107 traj 1.8768
[v3:hier] step 650 loss 10.1059 traj 1.7151
[v3:hier] step 700 loss 11.0076 traj 1.7324
[v3:hier] step 750 loss 11.4568 traj 1.8353
[v3:hier] step 800 loss 13.7919 traj 2.2870
[v3:hier] step 850 loss 12.1741 traj 1.7004
[v3:hier] step 900 loss 11.4503 traj 2.3243
[v3:hier] step 950 loss 10.0566 traj 1.5232
[v3:hier] step 1000 loss 8.4311 traj 1.6942
[v3:hier] step 1050 loss 6.8316 traj 1.4865
[v3:hier] step 1100 loss 7.0294 traj 1.4564
[v3:hier] step 1150 loss 8.6704 traj 1.5338
[v3:hier] step 1200 loss 6.4588 traj 1.1524
[v3:hier] step 1250 loss 6.7409 traj 1.1379
[v3:hier] step 1300 loss 8.8189 traj 1.3636
[v3:hier] step 1350 loss 5.5158 traj 1.3762
[v3:hier] step 1400 loss 9.9567 traj 1.7789
[v3:hier] step 1450 loss 7.7288 traj 1.2724
[v3:hier] step 1500 loss 5.1975 traj 1.0265
[v3:hier] step 1550 loss 4.9305 traj 1.0813
[v3:hier] step 1600 loss 8.6272 traj 1.2783
[v3:hier] step 1650 loss 9.0495 traj 1.5871
[v3:hier] step 1700 loss 7.5189 traj 1.2607
[v3:hier] step 1750 loss 5.8259 traj 1.1338
[v3:hier] step 1800 loss 8.6645 traj 1.2087
[v3:hier] step 1850 loss 8.3333 traj 1.3444
[v3:hier] step 1900 loss 6.2112 traj 1.2786
[v3:hier] step 1950 loss 6.0232 traj 1.1131
[v3:hier] step 2000 loss 5.8947 traj 1.3388
[v3:hier] ckpt step 2000 -> ckpt.pt
[v3:hier] DONE at 2000 — summary.json written
