[parity] ⚠ NON-PARITY corpus for *train* cache: C:\Users\Admin\tanitad-data\physicalai\_epcache\physicalai-train-14231cd29c74 references no registered parity key (physicalai-train-e438721ae894 / physicalai-val-0c5f7dac3b11). Results off it are NOT cross-arm comparable with the parity arms.
[v3] 48 episodes from C:\Users\Admin\tanitad-data\physicalai\_epcache\physicalai-train-14231cd29c74
[v3] 48 episodes -> 8199 windows (window 8, max_horizon 20, image_hw (256, 256), tac_vocab kin3)
[v3] u8_batches=False: frames+future_frames = 0.793 GB per collated batch (float32), <= 1 in flight -> ~0.79 GB
[v3:hier] step 50 loss 35.8483 traj 8.9392
[v3:hier] step 100 loss 16.9352 traj 3.1154
[v3:hier] step 150 loss 18.1952 traj 2.4288
[v3:hier] step 200 loss 15.4572 traj 2.1317
[v3:hier] step 250 loss 14.1645 traj 2.4230
[v3:hier] step 300 loss 12.4740 traj 2.0786
[v3:hier] step 350 loss 17.9466 traj 1.7291
[v3:hier] step 400 loss 19.1085 traj 2.5645
[v3:hier] step 450 loss 10.0954 traj 1.5835
[v3:hier] step 500 loss 14.0887 traj 2.1660
[v3:hier] step 550 loss 11.4013 traj 2.3763
[v3:hier] step 600 loss 12.1402 traj 2.0996
[v3:hier] step 650 loss 15.4829 traj 2.0424
[v3:hier] step 700 loss 11.6567 traj 1.7033
[v3:hier] step 750 loss 8.6899 traj 1.4080
[v3:hier] step 800 loss 9.1465 traj 1.3603
[v3:hier] step 850 loss 12.3366 traj 2.1588
[v3:hier] step 900 loss 8.3092 traj 1.2833
[v3:hier] step 950 loss 12.3161 traj 2.0491
[v3:hier] step 1000 loss 10.3457 traj 1.5896
[v3:hier] step 1050 loss 14.2981 traj 1.4265
[v3:hier] step 1100 loss 12.2139 traj 1.9207
[v3:hier] step 1150 loss 9.9268 traj 1.8922
[v3:hier] step 1200 loss 7.7431 traj 1.1110
[v3:hier] step 1250 loss 10.4185 traj 1.6718
[v3:hier] step 1300 loss 10.6454 traj 2.0018
[v3:hier] step 1350 loss 9.9429 traj 1.6500
[v3:hier] step 1400 loss 6.4218 traj 1.0989
[v3:hier] step 1450 loss 6.5185 traj 1.1217
[v3:hier] step 1500 loss 6.5635 traj 1.3825
[v3:hier] step 1550 loss 7.3451 traj 1.5216
[v3:hier] step 1600 loss 7.2734 traj 1.5742
[v3:hier] step 1650 loss 4.7963 traj 1.1463
[v3:hier] step 1700 loss 5.5248 traj 1.1947
[v3:hier] step 1750 loss 6.7139 traj 1.0069
[v3:hier] step 1800 loss 4.2791 traj 0.9052
[v3:hier] step 1850 loss 5.0018 traj 1.0154
[v3:hier] step 1900 loss 5.4959 traj 1.1662
[v3:hier] step 1950 loss 5.5023 traj 1.0288
[v3:hier] step 2000 loss 5.2320 traj 1.1107
[v3:hier] ckpt step 2000 -> ckpt.pt
[v3:hier] DONE at 2000 — summary.json written
