[freeze] stack/tanitad/refs/refc_v3.py: a5e7156752ee -> 72b62a0c9341aea19c5e1f9d80188d417078f4d6
[freeze] stack/tanitad/train/declared_vs_built.py: 87cad54ea10d -> d314cd1384e59e10c46a7b5029cb75103d06b5f4
[getstate] stack/tanitad/data/v2_dataset.py: ee61ea938f2a -> f20aca4c55b7ccc34dc37a6ccb7f612471bc44a5
[i3] audit body blob 11808258cd5c -> 4e823c7373d1c31aa6240306196fefcc23d7860e
[i3] stack/tanitad/eval/refcv6_loader.py: 14450c78e880 -> e66b4bc046dafd3477145cca45d60a025629af04
[i3] stack/scripts/g_box_overfit.py: ad88b61ed3d0 -> 99108358c91ff30db9b9897cb50a79bdad76c3fc
[i3] stack/tests/test_g_box_overfit.py: cb6812e16fe0 -> 7cfba30d9887f3141fb36ddd9788bef2b2f787b9
OK: base 203b437f0d0d -> result fd874293e6ca
[bundle] argv 6402d33de75b -> e46ad3eb4099 (--conflict-every 10 -> 50)
[bundle] stack/tests/test_launch_gate.py: _FINAL_ARGV_SHA256 6402d33de75b -> e46ad3eb4099
[bundle] NEW stack/scripts/refcv7_ckpt_freeze_convert.py <- freeze/stack/scripts/refcv7_ckpt_freeze_convert.py (843b9b573e8d)
[bundle] NEW stack/tests/test_refcv7_admitted_freeze.py <- freeze/stack/tests/test_refcv7_admitted_freeze.py (b964d2ca3ce7)
[bundle] NEW stack/tests/test_v2_cache_pickle_state.py <- getstate/stack/tests/test_v2_cache_pickle_state.py (24f8ff128956)
[bundle] NEW stack/tests/test_refcv6_loader_stamped_queries.py <- i3/stack/tests/test_refcv6_loader_stamped_queries.py (a268fc85085e)
[freeze] stack/tanitad/refs/refc_v3.py: a5e7156752ee -> 72b62a0c9341aea19c5e1f9d80188d417078f4d6
[freeze] stack/tanitad/train/declared_vs_built.py: 87cad54ea10d -> d314cd1384e59e10c46a7b5029cb75103d06b5f4
[getstate] stack/tanitad/data/v2_dataset.py: ee61ea938f2a -> f20aca4c55b7ccc34dc37a6ccb7f612471bc44a5
[i3] audit body blob 11808258cd5c -> 4e823c7373d1c31aa6240306196fefcc23d7860e
[i3] stack/tanitad/eval/refcv6_loader.py: 14450c78e880 -> e66b4bc046dafd3477145cca45d60a025629af04
[i3] stack/scripts/g_box_overfit.py: ad88b61ed3d0 -> 99108358c91ff30db9b9897cb50a79bdad76c3fc
[i3] stack/tests/test_g_box_overfit.py: cb6812e16fe0 -> 7cfba30d9887f3141fb36ddd9788bef2b2f787b9
OK: base 203b437f0d0d -> result fd874293e6ca
written C:\Users\Admin\rc7bundle\stack\scripts\refc_v3_train.py
[bundle] APPLIED R4: freeze, lever2, getstate, i3, conflict50
