{
 "_evidence_class": "MEASURED (ours; artifact = this JSON + the code beside it)",
 "_line": "v7-B1 (b1_train_plus_eval_agents.jsonl.xz) -- NOT the parity line",
 "join": "D:/Projects/TanitAD-artifacts/a40-rescue/b1_train_plus_eval_agents.jsonl.xz",
 "join_bytes": 327041136,
 "cuts_read_from_code": {
  "fov_half_deg": 59.99999999999999,
  "fov_src": "refc_agents.FOV_HALF_ANGLE_RAD",
  "x_max_m": 60.0,
  "y_half_m": 16.0,
  "box_src": "bev_raster.GRID_DEFAULT (== SlotDecodeRanges defaults)",
  "pad": 100
 },
 "totals": {
  "n_lines": 875657,
  "n_clips": 4566,
  "n_agents": 28958699,
  "n_infield": 11639984,
  "frac_infield": 0.4019512064405932,
  "n_in_decode_box": 5159730,
  "frac_in_decode_box": 0.17817547673671388,
  "n_infield_and_box": 4741807,
  "frac_infield_and_box": 0.16374378558926284,
  "n_behind_ego_cx_lt_0": 14490476,
  "frac_behind_ego": 0.5003842196087608,
  "n_out_of_vocabulary": 29206,
  "frac_out_of_vocabulary": 0.0010085397828127568
 },
 "join_occ_flag": {
  "n_occ_0": 11639985,
  "n_occ_1": 17318714,
  "n_occ_missing": 0,
  "agrees_with_computed_fov": 28958692,
  "disagrees_with_computed_fov": 7,
  "frac_agree": 0.9999997582764336
 },
 "agent_pad_truncation": {
  "pad": 100,
  "n_lines_over_pad": 45592,
  "n_boxes_truncated": 1608166,
  "frac_lines_over_pad": 0.05206604869258168,
  "frac_boxes_truncated": 0.05553308869296925,
  "note": "PRE-filter truncation: refc_v3_train.py:2707 keeps the NEAREST pad of the RAW join row, before any visibility cut"
 },
 "per_clip_keep_fraction": {
  "n_clips": 4566,
  "min": 0.0,
  "p10": 0.020385788112474833,
  "p50": 0.14606546451796965,
  "p90": 0.2939548965091134,
  "max": 1.0,
  "std": 0.11474177794250684,
  "corr_with_clip_n_lines": 0.1692378121687672,
  "corr_with_agents_per_frame": 0.03813062723642999
 },
 "imbalance_in_vocabulary": {
  "n_classes": 10,
  "max": 21515941,
  "min": 11785,
  "ratio": 1825.7056427662283,
  "n_boxes_in_vocabulary": 28929493
 },
 "wall_s": 608.5
}
wrote D:/Projects/TanitAD/TanitAD Research Lab/Architecture & Inference/Research/2026-09-22-refcv6-review/raw/p2_b1_join_filter_census.json
