{
 "_evidence_class": "MEASURED (ours; artifact = this JSON + the code beside it)",
 "_line": "eval-139 (135 banked SAM3 GT clips) -- NOT the v7-B1 train corpus",
 "root": "D:/Projects/TanitAD-artifacts/sam3-maps-eval",
 "n_clip_files": 135,
 "frame_stride": 10,
 "n_frames_read": 2825,
 "meta_says_non_causal": {
  "n_metas_read": 135,
  "n_with_non_causal_field": 135
 },
 "grid_geometry": {
  "shape": [
   120,
   64
  ],
  "cell_m": 0.5,
  "y_half_m": 16.0,
  "x_max_m": 60.0,
  "fov_half_deg": 59.99999999999999,
  "fov_src": "refc_agents.FOV_HALF_ANGLE_RAD",
  "n_cells_per_frame": 7680,
  "n_cells_out_of_field_ANALYTIC": 590,
  "n_cells_out_of_field_MEASURED": 590,
  "analytic_matches_measured": true,
  "frac_cells_out_of_field": 0.07682291666666667
 },
 "supervised_cells": {
  "n_seen": 19647460,
  "frac_of_all_cells_seen": 0.9055798303834808,
  "n_seen_in_field": 18145912,
  "n_seen_OUT_of_field": 1501548,
  "frac_of_SUPERVISION_out_of_field": 0.07642453528344122,
  "control_all_true_mask_frac_out_of_field": 0.07682291666666667,
  "frac_of_OUT_OF_FIELD_cells_that_are_seen": 0.9008837558122094,
  "frac_of_IN_FIELD_cells_that_are_seen": 0.9059706179712171,
  "reading": "if frac_of_SUPERVISION_out_of_field is close to the all-true control, the seen mask removes essentially NONE of the instantaneously-unobservable cells: it is a clip-lifetime visibility mask, not a camera-field one"
 },
 "label_mass_shares": {
  "seen, no map class": {
   "in_field": 0.25373481260714686,
   "out_of_field": 0.3331229438971322
  },
  "drivable": {
   "in_field": 0.3523622843722304,
   "out_of_field": 0.189934326335361
  },
  "lane / road line": {
   "in_field": 0.017170026609688884,
   "out_of_field": 0.009601774137960763
  },
  "crosswalk": {
   "in_field": 0.005403987865904489,
   "out_of_field": 0.0031075981150390083
  },
  "arrow / text": {
   "in_field": 0.0006942368891801419,
   "out_of_field": 0.00039057797807494506
  },
  "non-drivable edge": {
   "in_field": 0.0059324887959965695,
   "out_of_field": 0.004985887243350914
  },
  "hatched area": {
   "in_field": 0.0006180357402564358,
   "out_of_field": 0.0007243800855966177
  },
  "sidewalk / verge": {
   "in_field": 0.3635971242034127,
   "out_of_field": 0.45752244909276923
  },
  "not seen": {
   "in_field": 0.0004870029161836828,
   "out_of_field": 0.0006100631147153789
  }
 },
 "wall_s": 57.4
}
wrote D:\Projects\TanitAD\TanitAD Research Lab\Architecture & Inference\Research\2026-09-22-refcv6-review\raw\p4_map_gt_noncausal.json
