  on-policy lines: 5,186 extracted from 8 parts, 4,250 with ckpt_step <= 4933
  18,313 rows / 10,000 scenes, sets 2,985, cov_norm 10.432, trainable 8,685,122, device cuda
    step    0 lr 0.000e+00 l_traj 0.3402 l_score 0.0372 gn_all 8.958 h19>pi 0.637 werr19 1.043  2s
    step   10 lr 0.000e+00 l_traj 0.3313 l_score 0.0317 gn_all 11.095 h19>pi 0.659 werr19 0.724  7s
    step   20 lr 0.000e+00 l_traj 0.2994 l_score 0.0408 gn_all 14.398 h19>pi 0.518 werr19 0.626  13s
    step   30 lr 0.000e+00 l_traj 0.3054 l_score 0.0366 gn_all 8.236 h19>pi 0.585 werr19 0.810  19s
    step   40 lr 0.000e+00 l_traj 0.2932 l_score 0.0370 gn_all 14.092 h19>pi 0.627 werr19 0.890  25s
    step   50 lr 1.033e-04 l_traj 0.3078 l_score 0.0358 gn_all 11.518 h19>pi 0.552 werr19 1.169  31s
    step   60 lr 1.029e-04 l_traj 1.0822 l_score 0.0293 gn_all 24.420 h19>pi 0.408 werr19 1.032  37s
    step   70 lr 1.026e-04 l_traj 0.4644 l_score 0.0295 gn_all 14.953 h19>pi 0.382 werr19 1.253  42s
    step   80 lr 1.023e-04 l_traj 0.3302 l_score 0.0294 gn_all 10.185 h19>pi 0.275 werr19 0.926  48s
    step   90 lr 1.020e-04 l_traj 0.2849 l_score 0.0247 gn_all 6.972 h19>pi 0.051 werr19 0.868  53s
    step  100 lr 1.017e-04 l_traj 0.2533 l_score 0.0296 gn_all 5.891 h19>pi 0.002 werr19 0.798  59s
    step  110 lr 1.014e-04 l_traj 0.2331 l_score 0.0323 gn_all 5.735 h19>pi 0.017 werr19 0.575  65s
    step  120 lr 1.011e-04 l_traj 0.2335 l_score 0.0343 gn_all 9.792 h19>pi 0.016 werr19 0.348  71s
    step  130 lr 1.008e-04 l_traj 0.2135 l_score 0.0278 gn_all 5.476 h19>pi 0.000 werr19 0.292  76s
    step  140 lr 1.005e-04 l_traj 0.2132 l_score 0.0280 gn_all 7.779 h19>pi 0.000 werr19 0.222  82s
    step  150 lr 1.001e-04 l_traj 0.2114 l_score 0.0245 gn_all 9.884 h19>pi 0.000 werr19 0.175  88s
    step  160 lr 9.983e-05 l_traj 0.2086 l_score 0.0236 gn_all 10.148 h19>pi 0.001 werr19 0.207  93s
    step  170 lr 9.952e-05 l_traj 0.2162 l_score 0.0308 gn_all 9.746 h19>pi 0.001 werr19 0.243  99s
    step  180 lr 9.920e-05 l_traj 0.2079 l_score 0.0337 gn_all 5.637 h19>pi 0.000 werr19 0.189  105s
    step  190 lr 9.889e-05 l_traj 0.2178 l_score 0.0341 gn_all 9.734 h19>pi 0.000 werr19 0.157  111s
    step  200 lr 9.858e-05 l_traj 0.2043 l_score 0.0305 gn_all 6.174 h19>pi 0.000 werr19 0.157  117s
    step  210 lr 9.827e-05 l_traj 0.2244 l_score 0.0243 gn_all 13.100 h19>pi 0.000 werr19 0.117  123s
    step  220 lr 9.796e-05 l_traj 0.2151 l_score 0.0214 gn_all 19.609 h19>pi 0.000 werr19 0.177  128s
    step  230 lr 9.765e-05 l_traj 0.2082 l_score 0.0284 gn_all 9.418 h19>pi 0.000 werr19 0.175  134s
    step  240 lr 9.733e-05 l_traj 0.2134 l_score 0.0375 gn_all 13.284 h19>pi 0.000 werr19 0.151  140s
    step  250 lr 9.702e-05 l_traj 0.2175 l_score 0.0291 gn_all 14.191 h19>pi 0.000 werr19 0.129  146s
    step  260 lr 9.671e-05 l_traj 0.2199 l_score 0.0253 gn_all 18.020 h19>pi 0.000 werr19 0.128  152s
    step  270 lr 9.640e-05 l_traj 0.2055 l_score 0.0305 gn_all 18.667 h19>pi 0.000 werr19 0.123  158s
    step  280 lr 9.609e-05 l_traj 0.1949 l_score 0.0254 gn_all 14.465 h19>pi 0.000 werr19 0.157  163s
    step  290 lr 9.578e-05 l_traj 0.2044 l_score 0.0287 gn_all 8.567 h19>pi 0.000 werr19 0.128  170s
    step  300 lr 9.546e-05 l_traj 0.2117 l_score 0.0326 gn_all 13.539 h19>pi 0.000 werr19 0.156  175s
    step  310 lr 9.515e-05 l_traj 0.1982 l_score 0.0299 gn_all 14.149 h19>pi 0.000 werr19 0.134  181s
    step  320 lr 9.484e-05 l_traj 0.2162 l_score 0.0221 gn_all 15.477 h19>pi 0.000 werr19 0.153  186s
    step  330 lr 9.453e-05 l_traj 0.2009 l_score 0.0300 gn_all 8.619 h19>pi 0.000 werr19 0.114  192s
    step  340 lr 9.422e-05 l_traj 0.2013 l_score 0.0303 gn_all 6.757 h19>pi 0.000 werr19 0.135  198s
    step  350 lr 9.391e-05 l_traj 0.1981 l_score 0.0298 gn_all 11.485 h19>pi 0.000 werr19 0.115  204s
    step  360 lr 9.360e-05 l_traj 0.1856 l_score 0.0366 gn_all 6.375 h19>pi 0.000 werr19 0.110  210s
    step  370 lr 9.329e-05 l_traj 0.1919 l_score 0.0433 gn_all 6.325 h19>pi 0.000 werr19 0.154  215s
    step  380 lr 9.297e-05 l_traj 0.1988 l_score 0.0338 gn_all 8.842 h19>pi 0.000 werr19 0.095  221s
    step  390 lr 9.266e-05 l_traj 0.2299 l_score 0.0306 gn_all 6.629 h19>pi 0.000 werr19 0.126  227s
    step  400 lr 9.235e-05 l_traj 0.2052 l_score 0.0259 gn_all 6.018 h19>pi 0.000 werr19 0.111  233s
    step  410 lr 9.204e-05 l_traj 0.2143 l_score 0.0266 gn_all 10.270 h19>pi 0.000 werr19 0.135  238s
    step  420 lr 9.173e-05 l_traj 0.2247 l_score 0.0208 gn_all 7.757 h19>pi 0.000 werr19 0.076  244s
    step  430 lr 9.142e-05 l_traj 0.1993 l_score 0.0267 gn_all 10.217 h19>pi 0.000 werr19 0.123  250s
    step  440 lr 9.111e-05 l_traj 0.1952 l_score 0.0173 gn_all 7.030 h19>pi 0.000 werr19 0.108  256s
    step  450 lr 9.080e-05 l_traj 0.1826 l_score 0.0306 gn_all 10.704 h19>pi 0.000 werr19 0.090  261s
    step  452 lr 9.074e-05 l_traj 0.2044 l_score 0.0271 gn_all 7.866 h19>pi 0.000 werr19 0.113  263s
  COMPLETE; 159/159 tensors differ from the snapshot; 264 s
ZZPROXYTRAIN_OK
