  on-policy lines: 5,186 extracted from 8 parts, 4,250 with ckpt_step <= 4933
  18,313 rows / 10,000 scenes, sets 2,985, cov_norm 10.432, trainable 8,685,122, device cuda
    step    0 lr 0.000e+00 l_traj 0.3053 l_score 0.0347 gn_all 13.840 h19>pi 0.676 werr19 0.940  2s
    step   10 lr 0.000e+00 l_traj 0.3083 l_score 0.0381 gn_all 9.702 h19>pi 0.574 werr19 0.783  15s
    step   20 lr 0.000e+00 l_traj 0.2886 l_score 0.0365 gn_all 11.193 h19>pi 0.505 werr19 0.828  27s
    step   30 lr 0.000e+00 l_traj 0.2890 l_score 0.0277 gn_all 9.911 h19>pi 0.647 werr19 0.719  40s
    step   40 lr 0.000e+00 l_traj 0.2960 l_score 0.0298 gn_all 11.521 h19>pi 0.525 werr19 0.455  49s
    step   50 lr 1.033e-04 l_traj 0.2892 l_score 0.0257 gn_all 13.824 h19>pi 0.542 werr19 1.090  54s
    step   60 lr 1.029e-04 l_traj 1.0866 l_score 0.0363 gn_all 20.542 h19>pi 0.540 werr19 1.332  61s
    step   70 lr 1.026e-04 l_traj 0.4305 l_score 0.0386 gn_all 12.791 h19>pi 0.434 werr19 1.157  67s
    step   80 lr 1.023e-04 l_traj 0.3355 l_score 0.0311 gn_all 9.916 h19>pi 0.276 werr19 1.045  73s
    step   90 lr 1.020e-04 l_traj 0.2600 l_score 0.0383 gn_all 8.861 h19>pi 0.088 werr19 1.030  79s
    step  100 lr 1.017e-04 l_traj 0.2468 l_score 0.0286 gn_all 8.973 h19>pi 0.016 werr19 0.733  85s
    step  110 lr 1.014e-04 l_traj 0.2368 l_score 0.0431 gn_all 10.166 h19>pi 0.031 werr19 0.503  91s
    step  120 lr 1.011e-04 l_traj 0.2276 l_score 0.0391 gn_all 9.658 h19>pi 0.000 werr19 0.336  97s
    step  130 lr 1.008e-04 l_traj 0.2261 l_score 0.0323 gn_all 12.856 h19>pi 0.000 werr19 0.277  103s
    step  140 lr 1.005e-04 l_traj 0.2018 l_score 0.0274 gn_all 7.224 h19>pi 0.000 werr19 0.229  109s
    step  150 lr 1.001e-04 l_traj 0.2259 l_score 0.0294 gn_all 13.759 h19>pi 0.000 werr19 0.303  115s
    step  160 lr 9.983e-05 l_traj 0.2295 l_score 0.0309 gn_all 6.201 h19>pi 0.000 werr19 0.226  121s
    step  170 lr 9.952e-05 l_traj 0.2054 l_score 0.0327 gn_all 6.213 h19>pi 0.000 werr19 0.187  127s
    step  180 lr 9.920e-05 l_traj 0.2231 l_score 0.0435 gn_all 13.169 h19>pi 0.000 werr19 0.186  133s
    step  190 lr 9.889e-05 l_traj 0.2199 l_score 0.0350 gn_all 8.346 h19>pi 0.000 werr19 0.170  139s
    step  200 lr 9.858e-05 l_traj 0.2073 l_score 0.0291 gn_all 5.941 h19>pi 0.000 werr19 0.179  145s
    step  210 lr 9.827e-05 l_traj 0.2118 l_score 0.0282 gn_all 12.586 h19>pi 0.000 werr19 0.159  151s
    step  220 lr 9.796e-05 l_traj 0.2096 l_score 0.0291 gn_all 13.026 h19>pi 0.000 werr19 0.179  157s
    step  230 lr 9.765e-05 l_traj 0.2263 l_score 0.0372 gn_all 13.244 h19>pi 0.000 werr19 0.143  163s
    step  240 lr 9.733e-05 l_traj 0.2172 l_score 0.0299 gn_all 17.484 h19>pi 0.000 werr19 0.143  169s
    step  250 lr 9.702e-05 l_traj 0.1875 l_score 0.0277 gn_all 6.998 h19>pi 0.000 werr19 0.140  176s
    step  260 lr 9.671e-05 l_traj 0.2111 l_score 0.0279 gn_all 8.576 h19>pi 0.000 werr19 0.122  181s
    step  270 lr 9.640e-05 l_traj 0.1967 l_score 0.0268 gn_all 10.200 h19>pi 0.000 werr19 0.149  187s
    step  280 lr 9.609e-05 l_traj 0.1978 l_score 0.0297 gn_all 8.096 h19>pi 0.000 werr19 0.131  192s
    step  290 lr 9.578e-05 l_traj 0.1947 l_score 0.0321 gn_all 7.579 h19>pi 0.000 werr19 0.145  198s
    step  300 lr 9.546e-05 l_traj 0.2116 l_score 0.0222 gn_all 12.795 h19>pi 0.000 werr19 0.167  205s
    step  310 lr 9.515e-05 l_traj 0.2066 l_score 0.0260 gn_all 6.974 h19>pi 0.000 werr19 0.138  210s
    step  320 lr 9.484e-05 l_traj 0.1955 l_score 0.0306 gn_all 8.061 h19>pi 0.000 werr19 0.130  216s
    step  330 lr 9.453e-05 l_traj 0.1954 l_score 0.0226 gn_all 17.092 h19>pi 0.000 werr19 0.132  222s
    step  340 lr 9.422e-05 l_traj 0.2169 l_score 0.0339 gn_all 7.165 h19>pi 0.000 werr19 0.115  227s
    step  350 lr 9.391e-05 l_traj 0.1965 l_score 0.0343 gn_all 6.099 h19>pi 0.000 werr19 0.163  233s
    step  360 lr 9.360e-05 l_traj 0.1949 l_score 0.0227 gn_all 7.388 h19>pi 0.000 werr19 0.129  240s
    step  370 lr 9.329e-05 l_traj 0.1987 l_score 0.0334 gn_all 9.266 h19>pi 0.000 werr19 0.130  245s
    step  380 lr 9.297e-05 l_traj 0.1960 l_score 0.0338 gn_all 7.400 h19>pi 0.000 werr19 0.081  251s
    step  390 lr 9.266e-05 l_traj 0.1973 l_score 0.0311 gn_all 13.265 h19>pi 0.000 werr19 0.127  257s
    step  400 lr 9.235e-05 l_traj 0.2072 l_score 0.0277 gn_all 13.358 h19>pi 0.000 werr19 0.111  263s
    step  410 lr 9.204e-05 l_traj 0.2083 l_score 0.0317 gn_all 15.967 h19>pi 0.000 werr19 0.098  268s
    step  420 lr 9.173e-05 l_traj 0.2036 l_score 0.0347 gn_all 10.738 h19>pi 0.000 werr19 0.143  274s
    step  430 lr 9.142e-05 l_traj 0.1931 l_score 0.0334 gn_all 9.222 h19>pi 0.000 werr19 0.152  280s
    step  440 lr 9.111e-05 l_traj 0.2007 l_score 0.0265 gn_all 9.827 h19>pi 0.000 werr19 0.104  285s
    step  450 lr 9.080e-05 l_traj 0.2030 l_score 0.0218 gn_all 10.182 h19>pi 0.000 werr19 0.125  291s
    step  452 lr 9.074e-05 l_traj 0.2252 l_score 0.0283 gn_all 20.825 h19>pi 0.000 werr19 0.101  292s
  COMPLETE; 159/159 tensors differ from the snapshot; 298 s
ZZPROXYTRAIN_OK
