  on-policy lines: 5,186 extracted from 8 parts, 4,250 with ckpt_step <= 4933
  18,313 rows / 10,000 scenes, sets 2,985, cov_norm 10.432, trainable 8,685,122, device cuda
    step    0 lr 0.000e+00 l_traj 0.3130 l_score 0.0272 gn_all 17.131 h19>pi 0.541 werr19 0.686  1s
    step   10 lr 0.000e+00 l_traj 0.3079 l_score 0.0333 gn_all 13.899 h19>pi 0.646 werr19 1.114  7s
    step   20 lr 0.000e+00 l_traj 0.3089 l_score 0.0345 gn_all 11.162 h19>pi 0.625 werr19 0.696  13s
    step   30 lr 0.000e+00 l_traj 0.3330 l_score 0.0271 gn_all 10.814 h19>pi 0.614 werr19 0.641  18s
    step   40 lr 0.000e+00 l_traj 0.3191 l_score 0.0299 gn_all 15.823 h19>pi 0.540 werr19 0.601  24s
    step   50 lr 1.033e-04 l_traj 0.2979 l_score 0.0334 gn_all 16.949 h19>pi 0.465 werr19 0.482  30s
    step   60 lr 1.029e-04 l_traj 1.0145 l_score 0.0343 gn_all 22.476 h19>pi 0.523 werr19 1.046  36s
    step   70 lr 1.026e-04 l_traj 0.4486 l_score 0.0266 gn_all 15.159 h19>pi 0.432 werr19 1.127  42s
    step   80 lr 1.023e-04 l_traj 0.3419 l_score 0.0324 gn_all 11.022 h19>pi 0.248 werr19 0.909  47s
    step   90 lr 1.020e-04 l_traj 0.2896 l_score 0.0261 gn_all 9.803 h19>pi 0.112 werr19 0.967  53s
    step  100 lr 1.017e-04 l_traj 0.2405 l_score 0.0397 gn_all 6.719 h19>pi 0.000 werr19 0.717  59s
    step  110 lr 1.014e-04 l_traj 0.2252 l_score 0.0329 gn_all 6.546 h19>pi 0.000 werr19 0.460  65s
    step  120 lr 1.011e-04 l_traj 0.2303 l_score 0.0325 gn_all 5.539 h19>pi 0.002 werr19 0.229  70s
    step  130 lr 1.008e-04 l_traj 0.2467 l_score 0.0346 gn_all 19.142 h19>pi 0.000 werr19 0.235  76s
    step  140 lr 1.005e-04 l_traj 0.2288 l_score 0.0345 gn_all 16.082 h19>pi 0.000 werr19 0.246  82s
    step  150 lr 1.001e-04 l_traj 0.2449 l_score 0.0342 gn_all 13.327 h19>pi 0.000 werr19 0.197  88s
    step  160 lr 9.983e-05 l_traj 0.2109 l_score 0.0261 gn_all 7.863 h19>pi 0.000 werr19 0.239  94s
    step  170 lr 9.952e-05 l_traj 0.2145 l_score 0.0284 gn_all 10.475 h19>pi 0.000 werr19 0.170  99s
    step  180 lr 9.920e-05 l_traj 0.2048 l_score 0.0327 gn_all 7.581 h19>pi 0.000 werr19 0.189  105s
    step  190 lr 9.889e-05 l_traj 0.2221 l_score 0.0296 gn_all 10.434 h19>pi 0.001 werr19 0.186  111s
    step  200 lr 9.858e-05 l_traj 0.2006 l_score 0.0315 gn_all 11.227 h19>pi 0.000 werr19 0.173  117s
    step  210 lr 9.827e-05 l_traj 0.2022 l_score 0.0243 gn_all 13.038 h19>pi 0.000 werr19 0.127  124s
    step  220 lr 9.796e-05 l_traj 0.2033 l_score 0.0315 gn_all 8.434 h19>pi 0.000 werr19 0.145  129s
    step  230 lr 9.765e-05 l_traj 0.2052 l_score 0.0299 gn_all 13.404 h19>pi 0.000 werr19 0.154  136s
    step  240 lr 9.733e-05 l_traj 0.1976 l_score 0.0216 gn_all 8.551 h19>pi 0.001 werr19 0.215  142s
    step  250 lr 9.702e-05 l_traj 0.2059 l_score 0.0274 gn_all 9.222 h19>pi 0.000 werr19 0.187  147s
    step  260 lr 9.671e-05 l_traj 0.2092 l_score 0.0355 gn_all 10.006 h19>pi 0.000 werr19 0.141  153s
    step  270 lr 9.640e-05 l_traj 0.2170 l_score 0.0304 gn_all 17.368 h19>pi 0.000 werr19 0.115  159s
    step  280 lr 9.609e-05 l_traj 0.2430 l_score 0.0365 gn_all 6.106 h19>pi 0.000 werr19 0.118  166s
    step  290 lr 9.578e-05 l_traj 0.2009 l_score 0.0278 gn_all 6.242 h19>pi 0.000 werr19 0.150  171s
    step  300 lr 9.546e-05 l_traj 0.1870 l_score 0.0331 gn_all 5.581 h19>pi 0.000 werr19 0.140  177s
    step  310 lr 9.515e-05 l_traj 0.1995 l_score 0.0260 gn_all 14.991 h19>pi 0.000 werr19 0.102  183s
    step  320 lr 9.484e-05 l_traj 0.2074 l_score 0.0286 gn_all 5.388 h19>pi 0.000 werr19 0.140  189s
    step  330 lr 9.453e-05 l_traj 0.2162 l_score 0.0303 gn_all 7.690 h19>pi 0.000 werr19 0.116  194s
    step  340 lr 9.422e-05 l_traj 0.2007 l_score 0.0370 gn_all 8.925 h19>pi 0.000 werr19 0.119  201s
    step  350 lr 9.391e-05 l_traj 0.1943 l_score 0.0373 gn_all 9.600 h19>pi 0.000 werr19 0.100  207s
    step  360 lr 9.360e-05 l_traj 0.1928 l_score 0.0389 gn_all 8.237 h19>pi 0.000 werr19 0.142  213s
    step  370 lr 9.329e-05 l_traj 0.1818 l_score 0.0369 gn_all 6.113 h19>pi 0.000 werr19 0.114  219s
    step  380 lr 9.297e-05 l_traj 0.1975 l_score 0.0317 gn_all 12.366 h19>pi 0.000 werr19 0.154  225s
    step  390 lr 9.266e-05 l_traj 0.2225 l_score 0.0285 gn_all 6.403 h19>pi 0.000 werr19 0.108  231s
    step  400 lr 9.235e-05 l_traj 0.1837 l_score 0.0303 gn_all 6.893 h19>pi 0.000 werr19 0.079  237s
    step  410 lr 9.204e-05 l_traj 0.2017 l_score 0.0301 gn_all 6.709 h19>pi 0.000 werr19 0.160  243s
    step  420 lr 9.173e-05 l_traj 0.1887 l_score 0.0246 gn_all 7.213 h19>pi 0.000 werr19 0.096  249s
    step  430 lr 9.142e-05 l_traj 0.1965 l_score 0.0257 gn_all 10.407 h19>pi 0.000 werr19 0.127  255s
    step  440 lr 9.111e-05 l_traj 0.2089 l_score 0.0223 gn_all 10.749 h19>pi 0.000 werr19 0.118  261s
    step  450 lr 9.080e-05 l_traj 0.1929 l_score 0.0370 gn_all 6.702 h19>pi 0.000 werr19 0.090  268s
    step  452 lr 9.074e-05 l_traj 0.2047 l_score 0.0368 gn_all 12.926 h19>pi 0.000 werr19 0.137  269s
  COMPLETE; 159/159 tensors differ from the snapshot; 271 s
ZZPROXYTRAIN_OK
