  on-policy lines: 5,186 extracted from 8 parts, 4,250 with ckpt_step <= 4933
  18,313 rows / 10,000 scenes, sets 2,985, cov_norm 10.432, trainable 8,685,122, device cuda
    step    0 lr 0.000e+00 l_traj 0.2762 l_score 0.0372 gn_all 8.436 h19>pi 0.637 werr19 1.043  1s
    step   10 lr 0.000e+00 l_traj 0.2673 l_score 0.0317 gn_all 10.511 h19>pi 0.659 werr19 0.724  8s
    step   20 lr 0.000e+00 l_traj 0.2395 l_score 0.0408 gn_all 13.869 h19>pi 0.518 werr19 0.626  16s
    step   30 lr 0.000e+00 l_traj 0.2477 l_score 0.0366 gn_all 7.774 h19>pi 0.585 werr19 0.810  24s
    step   40 lr 0.000e+00 l_traj 0.2399 l_score 0.0370 gn_all 13.520 h19>pi 0.627 werr19 0.890  32s
    step   50 lr 1.033e-04 l_traj 0.2495 l_score 0.0358 gn_all 10.962 h19>pi 0.552 werr19 1.169  40s
    step   60 lr 1.029e-04 l_traj 1.0085 l_score 0.0293 gn_all 24.050 h19>pi 0.529 werr19 0.586  49s
    step   70 lr 1.026e-04 l_traj 0.4127 l_score 0.0295 gn_all 13.935 h19>pi 0.608 werr19 0.934  56s
    step   80 lr 1.023e-04 l_traj 0.3017 l_score 0.0294 gn_all 11.911 h19>pi 0.577 werr19 0.722  66s
    step   90 lr 1.020e-04 l_traj 0.2553 l_score 0.0246 gn_all 7.781 h19>pi 0.551 werr19 0.890  74s
    step  100 lr 1.017e-04 l_traj 0.2580 l_score 0.0297 gn_all 9.897 h19>pi 0.670 werr19 1.109  81s
    step  110 lr 1.014e-04 l_traj 0.2459 l_score 0.0321 gn_all 10.749 h19>pi 0.491 werr19 0.668  89s
    step  120 lr 1.011e-04 l_traj 0.2495 l_score 0.0341 gn_all 7.418 h19>pi 0.598 werr19 0.889  96s
    step  130 lr 1.008e-04 l_traj 0.2421 l_score 0.0277 gn_all 6.371 h19>pi 0.717 werr19 0.940  102s
    step  140 lr 1.005e-04 l_traj 0.1998 l_score 0.0279 gn_all 9.013 h19>pi 0.550 werr19 0.903  110s
    step  150 lr 1.001e-04 l_traj 0.2080 l_score 0.0246 gn_all 9.483 h19>pi 0.524 werr19 0.847  117s
    step  160 lr 9.983e-05 l_traj 0.2115 l_score 0.0236 gn_all 7.363 h19>pi 0.589 werr19 0.640  124s
    step  170 lr 9.952e-05 l_traj 0.2252 l_score 0.0311 gn_all 9.358 h19>pi 0.619 werr19 0.857  132s
    step  180 lr 9.920e-05 l_traj 0.2116 l_score 0.0337 gn_all 6.062 h19>pi 0.589 werr19 0.643  139s
    step  190 lr 9.889e-05 l_traj 0.2317 l_score 0.0341 gn_all 14.769 h19>pi 0.602 werr19 0.685  146s
    step  200 lr 9.858e-05 l_traj 0.2191 l_score 0.0305 gn_all 8.068 h19>pi 0.566 werr19 0.712  155s
    step  210 lr 9.827e-05 l_traj 0.1951 l_score 0.0244 gn_all 14.114 h19>pi 0.688 werr19 0.577  162s
    step  220 lr 9.796e-05 l_traj 0.2181 l_score 0.0213 gn_all 10.522 h19>pi 0.659 werr19 0.971  168s
    step  230 lr 9.765e-05 l_traj 0.2020 l_score 0.0283 gn_all 9.489 h19>pi 0.744 werr19 1.140  175s
    step  240 lr 9.733e-05 l_traj 0.1968 l_score 0.0375 gn_all 7.591 h19>pi 0.596 werr19 0.941  182s
    step  250 lr 9.702e-05 l_traj 0.2103 l_score 0.0292 gn_all 13.430 h19>pi 0.610 werr19 0.834  188s
    step  260 lr 9.671e-05 l_traj 0.2165 l_score 0.0255 gn_all 10.664 h19>pi 0.566 werr19 0.643  194s
    step  270 lr 9.640e-05 l_traj 0.2091 l_score 0.0311 gn_all 9.221 h19>pi 0.598 werr19 1.042  201s
    step  280 lr 9.609e-05 l_traj 0.1981 l_score 0.0255 gn_all 7.062 h19>pi 0.628 werr19 0.669  207s
    step  290 lr 9.578e-05 l_traj 0.2188 l_score 0.0289 gn_all 14.868 h19>pi 0.585 werr19 1.048  216s
    step  300 lr 9.546e-05 l_traj 0.2099 l_score 0.0329 gn_all 8.554 h19>pi 0.674 werr19 0.789  222s
    step  310 lr 9.515e-05 l_traj 0.2067 l_score 0.0302 gn_all 9.810 h19>pi 0.616 werr19 0.536  228s
    step  320 lr 9.484e-05 l_traj 0.2105 l_score 0.0221 gn_all 9.537 h19>pi 0.742 werr19 1.405  234s
    step  330 lr 9.453e-05 l_traj 0.2027 l_score 0.0300 gn_all 10.669 h19>pi 0.627 werr19 0.855  240s
    step  340 lr 9.422e-05 l_traj 0.1903 l_score 0.0298 gn_all 5.379 h19>pi 0.589 werr19 0.629  247s
    step  350 lr 9.391e-05 l_traj 0.1861 l_score 0.0298 gn_all 9.130 h19>pi 0.589 werr19 0.762  254s
    step  360 lr 9.360e-05 l_traj 0.1845 l_score 0.0365 gn_all 11.987 h19>pi 0.583 werr19 0.811  260s
    step  370 lr 9.329e-05 l_traj 0.1939 l_score 0.0429 gn_all 5.950 h19>pi 0.621 werr19 0.868  266s
    step  380 lr 9.297e-05 l_traj 0.1888 l_score 0.0334 gn_all 4.916 h19>pi 0.611 werr19 0.549  272s
    step  390 lr 9.266e-05 l_traj 0.2333 l_score 0.0309 gn_all 7.271 h19>pi 0.590 werr19 0.966  278s
    step  400 lr 9.235e-05 l_traj 0.2087 l_score 0.0257 gn_all 6.521 h19>pi 0.603 werr19 0.582  284s
    step  410 lr 9.204e-05 l_traj 0.2033 l_score 0.0265 gn_all 7.587 h19>pi 0.648 werr19 1.403  290s
    step  420 lr 9.173e-05 l_traj 0.2138 l_score 0.0211 gn_all 10.139 h19>pi 0.599 werr19 1.044  296s
    step  430 lr 9.142e-05 l_traj 0.2077 l_score 0.0267 gn_all 11.273 h19>pi 0.670 werr19 1.040  303s
    step  440 lr 9.111e-05 l_traj 0.2027 l_score 0.0178 gn_all 7.634 h19>pi 0.597 werr19 0.592  309s
    step  450 lr 9.080e-05 l_traj 0.1863 l_score 0.0303 gn_all 6.336 h19>pi 0.514 werr19 0.723  315s
    step  452 lr 9.074e-05 l_traj 0.2068 l_score 0.0275 gn_all 13.032 h19>pi 0.649 werr19 0.958  316s
  COMPLETE; 159/159 tensors differ from the snapshot; 324 s
ZZPROXYTRAIN_OK
