  on-policy lines: 5,186 extracted from 8 parts, 4,250 with ckpt_step <= 4933
  18,313 rows / 10,000 scenes, sets 2,985, cov_norm 10.432, trainable 8,685,122, device cuda
    step    0 lr 0.000e+00 l_traj 0.2445 l_score 0.0347 gn_all 13.208 h19>pi 0.676 werr19 0.940  1s
    step   10 lr 0.000e+00 l_traj 0.2478 l_score 0.0381 gn_all 9.147 h19>pi 0.574 werr19 0.783  7s
    step   20 lr 0.000e+00 l_traj 0.2320 l_score 0.0365 gn_all 10.648 h19>pi 0.505 werr19 0.828  13s
    step   30 lr 0.000e+00 l_traj 0.2331 l_score 0.0277 gn_all 9.408 h19>pi 0.647 werr19 0.719  18s
    step   40 lr 0.000e+00 l_traj 0.2440 l_score 0.0298 gn_all 10.952 h19>pi 0.525 werr19 0.455  24s
    step   50 lr 1.033e-04 l_traj 0.2334 l_score 0.0257 gn_all 13.316 h19>pi 0.542 werr19 1.090  29s
    step   60 lr 1.029e-04 l_traj 0.9990 l_score 0.0363 gn_all 19.816 h19>pi 0.651 werr19 0.955  35s
    step   70 lr 1.026e-04 l_traj 0.3848 l_score 0.0386 gn_all 12.548 h19>pi 0.705 werr19 0.917  41s
    step   80 lr 1.023e-04 l_traj 0.3006 l_score 0.0311 gn_all 9.076 h19>pi 0.618 werr19 0.739  47s
    step   90 lr 1.020e-04 l_traj 0.2511 l_score 0.0383 gn_all 8.799 h19>pi 0.604 werr19 1.025  53s
    step  100 lr 1.017e-04 l_traj 0.2345 l_score 0.0285 gn_all 6.151 h19>pi 0.753 werr19 1.078  59s
    step  110 lr 1.014e-04 l_traj 0.2213 l_score 0.0431 gn_all 10.676 h19>pi 0.630 werr19 0.917  65s
    step  120 lr 1.011e-04 l_traj 0.2215 l_score 0.0391 gn_all 7.654 h19>pi 0.643 werr19 1.431  71s
    step  130 lr 1.008e-04 l_traj 0.2352 l_score 0.0324 gn_all 6.343 h19>pi 0.603 werr19 0.713  77s
    step  140 lr 1.005e-04 l_traj 0.2271 l_score 0.0274 gn_all 14.128 h19>pi 0.669 werr19 0.857  82s
    step  150 lr 1.001e-04 l_traj 0.2388 l_score 0.0296 gn_all 17.585 h19>pi 0.695 werr19 0.831  88s
    step  160 lr 9.983e-05 l_traj 0.2310 l_score 0.0310 gn_all 11.152 h19>pi 0.564 werr19 0.712  94s
    step  170 lr 9.952e-05 l_traj 0.1944 l_score 0.0322 gn_all 5.056 h19>pi 0.574 werr19 0.513  100s
    step  180 lr 9.920e-05 l_traj 0.2083 l_score 0.0432 gn_all 5.988 h19>pi 0.652 werr19 0.595  106s
    step  190 lr 9.889e-05 l_traj 0.2192 l_score 0.0351 gn_all 6.485 h19>pi 0.654 werr19 1.124  111s
    step  200 lr 9.858e-05 l_traj 0.2139 l_score 0.0290 gn_all 8.444 h19>pi 0.575 werr19 0.556  117s
    step  210 lr 9.827e-05 l_traj 0.2188 l_score 0.0282 gn_all 14.941 h19>pi 0.611 werr19 0.688  123s
    step  220 lr 9.796e-05 l_traj 0.2080 l_score 0.0289 gn_all 11.964 h19>pi 0.581 werr19 0.820  129s
    step  230 lr 9.765e-05 l_traj 0.2107 l_score 0.0382 gn_all 6.244 h19>pi 0.570 werr19 0.857  135s
    step  240 lr 9.733e-05 l_traj 0.2093 l_score 0.0296 gn_all 6.904 h19>pi 0.626 werr19 0.868  141s
    step  250 lr 9.702e-05 l_traj 0.1881 l_score 0.0281 gn_all 6.688 h19>pi 0.621 werr19 1.011  147s
    step  260 lr 9.671e-05 l_traj 0.2159 l_score 0.0280 gn_all 6.452 h19>pi 0.636 werr19 0.795  153s
    step  270 lr 9.640e-05 l_traj 0.1884 l_score 0.0270 gn_all 13.998 h19>pi 0.604 werr19 0.704  158s
    step  280 lr 9.609e-05 l_traj 0.1803 l_score 0.0296 gn_all 10.360 h19>pi 0.575 werr19 0.650  164s
    step  290 lr 9.578e-05 l_traj 0.1962 l_score 0.0322 gn_all 7.016 h19>pi 0.652 werr19 1.055  170s
    step  300 lr 9.546e-05 l_traj 0.1998 l_score 0.0221 gn_all 12.794 h19>pi 0.571 werr19 0.764  176s
    step  310 lr 9.515e-05 l_traj 0.2036 l_score 0.0259 gn_all 6.786 h19>pi 0.553 werr19 0.856  181s
    step  320 lr 9.484e-05 l_traj 0.2097 l_score 0.0311 gn_all 9.399 h19>pi 0.694 werr19 1.085  187s
    step  330 lr 9.453e-05 l_traj 0.1813 l_score 0.0220 gn_all 7.031 h19>pi 0.653 werr19 0.986  193s
    step  340 lr 9.422e-05 l_traj 0.2091 l_score 0.0337 gn_all 6.698 h19>pi 0.599 werr19 0.762  199s
    step  350 lr 9.391e-05 l_traj 0.2173 l_score 0.0346 gn_all 7.551 h19>pi 0.655 werr19 0.839  205s
    step  360 lr 9.360e-05 l_traj 0.2001 l_score 0.0225 gn_all 11.879 h19>pi 0.630 werr19 0.904  211s
    step  370 lr 9.329e-05 l_traj 0.1917 l_score 0.0328 gn_all 13.799 h19>pi 0.609 werr19 0.731  217s
    step  380 lr 9.297e-05 l_traj 0.1885 l_score 0.0334 gn_all 4.852 h19>pi 0.545 werr19 0.578  222s
    step  390 lr 9.266e-05 l_traj 0.1959 l_score 0.0309 gn_all 11.210 h19>pi 0.651 werr19 0.652  228s
    step  400 lr 9.235e-05 l_traj 0.1930 l_score 0.0275 gn_all 9.533 h19>pi 0.723 werr19 1.080  234s
    step  410 lr 9.204e-05 l_traj 0.1917 l_score 0.0320 gn_all 6.024 h19>pi 0.635 werr19 0.543  240s
    step  420 lr 9.173e-05 l_traj 0.2147 l_score 0.0349 gn_all 12.114 h19>pi 0.617 werr19 0.949  245s
    step  430 lr 9.142e-05 l_traj 0.1932 l_score 0.0332 gn_all 5.458 h19>pi 0.564 werr19 0.592  251s
    step  440 lr 9.111e-05 l_traj 0.1926 l_score 0.0268 gn_all 9.430 h19>pi 0.601 werr19 0.722  257s
    step  450 lr 9.080e-05 l_traj 0.1946 l_score 0.0218 gn_all 8.813 h19>pi 0.514 werr19 0.479  263s
    step  452 lr 9.074e-05 l_traj 0.2107 l_score 0.0282 gn_all 23.199 h19>pi 0.616 werr19 0.608  264s
  COMPLETE; 159/159 tensors differ from the snapshot; 271 s
ZZPROXYTRAIN_OK
