  on-policy lines: 5,186 extracted from 8 parts, 4,250 with ckpt_step <= 4933
  18,313 rows / 10,000 scenes, sets 2,985, cov_norm 10.432, trainable 8,685,122, device cuda
    step    0 lr 0.000e+00 l_traj 0.2528 l_score 0.0272 gn_all 16.578 h19>pi 0.541 werr19 0.686  1s
    step   10 lr 0.000e+00 l_traj 0.2511 l_score 0.0333 gn_all 13.344 h19>pi 0.646 werr19 1.114  8s
    step   20 lr 0.000e+00 l_traj 0.2488 l_score 0.0345 gn_all 10.618 h19>pi 0.625 werr19 0.696  14s
    step   30 lr 0.000e+00 l_traj 0.2700 l_score 0.0271 gn_all 10.362 h19>pi 0.614 werr19 0.641  20s
    step   40 lr 0.000e+00 l_traj 0.2606 l_score 0.0299 gn_all 15.232 h19>pi 0.540 werr19 0.601  26s
    step   50 lr 1.033e-04 l_traj 0.2422 l_score 0.0334 gn_all 16.413 h19>pi 0.465 werr19 0.482  32s
    step   60 lr 1.029e-04 l_traj 0.9490 l_score 0.0343 gn_all 23.074 h19>pi 0.630 werr19 0.968  38s
    step   70 lr 1.026e-04 l_traj 0.4318 l_score 0.0266 gn_all 17.472 h19>pi 0.595 werr19 0.891  46s
    step   80 lr 1.023e-04 l_traj 0.3114 l_score 0.0324 gn_all 11.833 h19>pi 0.645 werr19 0.938  52s
    step   90 lr 1.020e-04 l_traj 0.2687 l_score 0.0261 gn_all 13.465 h19>pi 0.711 werr19 0.900  58s
    step  100 lr 1.017e-04 l_traj 0.2516 l_score 0.0397 gn_all 9.371 h19>pi 0.584 werr19 0.606  64s
    step  110 lr 1.014e-04 l_traj 0.2169 l_score 0.0329 gn_all 5.794 h19>pi 0.572 werr19 0.397  70s
    step  120 lr 1.011e-04 l_traj 0.2268 l_score 0.0327 gn_all 6.717 h19>pi 0.635 werr19 1.177  76s
    step  130 lr 1.008e-04 l_traj 0.2038 l_score 0.0348 gn_all 7.928 h19>pi 0.633 werr19 0.819  81s
    step  140 lr 1.005e-04 l_traj 0.2164 l_score 0.0348 gn_all 7.787 h19>pi 0.526 werr19 0.558  87s
    step  150 lr 1.001e-04 l_traj 0.2101 l_score 0.0347 gn_all 6.167 h19>pi 0.598 werr19 0.516  93s
    step  160 lr 9.983e-05 l_traj 0.2072 l_score 0.0261 gn_all 8.783 h19>pi 0.523 werr19 0.959  99s
    step  170 lr 9.952e-05 l_traj 0.2092 l_score 0.0281 gn_all 8.435 h19>pi 0.623 werr19 0.998  104s
    step  180 lr 9.920e-05 l_traj 0.1955 l_score 0.0327 gn_all 8.792 h19>pi 0.553 werr19 0.927  110s
    step  190 lr 9.889e-05 l_traj 0.2070 l_score 0.0298 gn_all 5.357 h19>pi 0.662 werr19 0.689  116s
    step  200 lr 9.858e-05 l_traj 0.1982 l_score 0.0315 gn_all 10.577 h19>pi 0.696 werr19 0.856  122s
    step  210 lr 9.827e-05 l_traj 0.1975 l_score 0.0243 gn_all 10.722 h19>pi 0.600 werr19 0.464  128s
    step  220 lr 9.796e-05 l_traj 0.2041 l_score 0.0318 gn_all 11.519 h19>pi 0.650 werr19 0.741  134s
    step  230 lr 9.765e-05 l_traj 0.2042 l_score 0.0298 gn_all 14.797 h19>pi 0.615 werr19 0.956  140s
    step  240 lr 9.733e-05 l_traj 0.2144 l_score 0.0216 gn_all 14.777 h19>pi 0.536 werr19 0.843  145s
    step  250 lr 9.702e-05 l_traj 0.2009 l_score 0.0270 gn_all 13.092 h19>pi 0.609 werr19 0.591  151s
    step  260 lr 9.671e-05 l_traj 0.1971 l_score 0.0353 gn_all 10.582 h19>pi 0.552 werr19 1.023  157s
    step  270 lr 9.640e-05 l_traj 0.1957 l_score 0.0303 gn_all 9.984 h19>pi 0.593 werr19 0.545  163s
    step  280 lr 9.609e-05 l_traj 0.2390 l_score 0.0363 gn_all 12.707 h19>pi 0.611 werr19 0.881  169s
    step  290 lr 9.578e-05 l_traj 0.2046 l_score 0.0272 gn_all 9.859 h19>pi 0.626 werr19 0.776  174s
    step  300 lr 9.546e-05 l_traj 0.1830 l_score 0.0328 gn_all 9.818 h19>pi 0.528 werr19 0.511  180s
    step  310 lr 9.515e-05 l_traj 0.1860 l_score 0.0257 gn_all 5.963 h19>pi 0.607 werr19 0.895  186s
    step  320 lr 9.484e-05 l_traj 0.2282 l_score 0.0291 gn_all 19.092 h19>pi 0.614 werr19 0.783  192s
    step  330 lr 9.453e-05 l_traj 0.2262 l_score 0.0304 gn_all 13.487 h19>pi 0.617 werr19 0.622  197s
    step  340 lr 9.422e-05 l_traj 0.2051 l_score 0.0365 gn_all 17.949 h19>pi 0.671 werr19 0.890  203s
    step  350 lr 9.391e-05 l_traj 0.1821 l_score 0.0375 gn_all 6.445 h19>pi 0.613 werr19 0.960  209s
    step  360 lr 9.360e-05 l_traj 0.1827 l_score 0.0383 gn_all 7.249 h19>pi 0.702 werr19 0.824  215s
    step  370 lr 9.329e-05 l_traj 0.1798 l_score 0.0372 gn_all 5.927 h19>pi 0.641 werr19 0.588  220s
    step  380 lr 9.297e-05 l_traj 0.1969 l_score 0.0316 gn_all 8.859 h19>pi 0.752 werr19 0.822  226s
    step  390 lr 9.266e-05 l_traj 0.2327 l_score 0.0286 gn_all 7.133 h19>pi 0.654 werr19 0.880  232s
    step  400 lr 9.235e-05 l_traj 0.1951 l_score 0.0305 gn_all 13.989 h19>pi 0.596 werr19 1.021  238s
    step  410 lr 9.204e-05 l_traj 0.2207 l_score 0.0302 gn_all 10.162 h19>pi 0.596 werr19 0.609  243s
    step  420 lr 9.173e-05 l_traj 0.1920 l_score 0.0247 gn_all 9.330 h19>pi 0.657 werr19 0.644  249s
    step  430 lr 9.142e-05 l_traj 0.1870 l_score 0.0254 gn_all 7.855 h19>pi 0.574 werr19 0.755  255s
    step  440 lr 9.111e-05 l_traj 0.2345 l_score 0.0222 gn_all 8.274 h19>pi 0.556 werr19 0.984  261s
    step  450 lr 9.080e-05 l_traj 0.2047 l_score 0.0371 gn_all 7.004 h19>pi 0.673 werr19 0.923  266s
    step  452 lr 9.074e-05 l_traj 0.1999 l_score 0.0372 gn_all 8.117 h19>pi 0.622 werr19 1.044  268s
  COMPLETE; 159/159 tensors differ from the snapshot; 270 s
ZZPROXYTRAIN_OK
