[2026-09-20 09:11:31,719][navsim.planning.script.builders.worker_pool_builder][INFO] - Building WorkerPool...
[2026-09-20 09:11:31,721][nuplan.planning.utils.multithreading.worker_pool][INFO] - Worker: Sequential
[2026-09-20 09:11:31,721][nuplan.planning.utils.multithreading.worker_pool][INFO] - Number of nodes: 1
Number of CPUs per node: 1
Number of GPUs per node: 0
Number of threads across all nodes: 1
[2026-09-20 09:11:31,721][navsim.planning.script.builders.worker_pool_builder][INFO] - Building WorkerPool...DONE!
[2026-09-20 09:11:33,280][navsim.planning.script.run_pdm_score][INFO] - Starting pdm scoring of 220 scenarios...
[2026-09-20 09:11:33,280][navsim.planning.script.run_pdm_score][INFO] - Starting worker in thread_id=856bbe2c-212c-45be-bfe6-f84c1f413845, node_id=0
[2026-09-20 09:11:34,477][navsim.planning.script.run_pdm_score][INFO] - Processing stage one reactive scenario 1 / 16 in thread_id=856bbe2c-212c-45be-bfe6-f84c1f413845, node_id=0
[2026-09-20 09:11:36,790][navsim.planning.script.run_pdm_score][INFO] - Processing stage one reactive scenario 2 / 16 in thread_id=856bbe2c-212c-45be-bfe6-f84c1f413845, node_id=0
[2026-09-20 09:11:37,281][navsim.planning.script.run_pdm_score][INFO] - Processing stage one reactive scenario 3 / 16 in thread_id=856bbe2c-212c-45be-bfe6-f84c1f413845, node_id=0
[2026-09-20 09:11:39,040][navsim.planning.script.run_pdm_score][INFO] - Processing stage one reactive scenario 4 / 16 in thread_id=856bbe2c-212c-45be-bfe6-f84c1f413845, node_id=0
[2026-09-20 09:11:40,836][navsim.planning.script.run_pdm_score][INFO] - Processing stage one reactive scenario 5 / 16 in thread_id=856bbe2c-212c-45be-bfe6-f84c1f413845, node_id=0
[2026-09-20 09:11:41,145][navsim.planning.script.run_pdm_score][INFO] - Processing stage one reactive scenario 6 / 16 in thread_id=856bbe2c-212c-45be-bfe6-f84c1f413845, node_id=0
[2026-09-20 09:11:41,379][navsim.planning.script.run_pdm_score][INFO] - Processing stage one reactive scenario 7 / 16 in thread_id=856bbe2c-212c-45be-bfe6-f84c1f413845, node_id=0
[2026-09-20 09:11:42,566][navsim.planning.script.run_pdm_score][INFO] - Processing stage one reactive scenario 8 / 16 in thread_id=856bbe2c-212c-45be-bfe6-f84c1f413845, node_id=0
[2026-09-20 09:11:44,952][navsim.planning.script.run_pdm_score][INFO] - Processing stage one reactive scenario 9 / 16 in thread_id=856bbe2c-212c-45be-bfe6-f84c1f413845, node_id=0
[2026-09-20 09:11:45,083][navsim.planning.script.run_pdm_score][INFO] - Processing stage one reactive scenario 10 / 16 in thread_id=856bbe2c-212c-45be-bfe6-f84c1f413845, node_id=0
[2026-09-20 09:11:47,079][navsim.planning.script.run_pdm_score][INFO] - Processing stage one reactive scenario 11 / 16 in thread_id=856bbe2c-212c-45be-bfe6-f84c1f413845, node_id=0
[2026-09-20 09:11:47,169][navsim.planning.script.run_pdm_score][INFO] - Processing stage one reactive scenario 12 / 16 in thread_id=856bbe2c-212c-45be-bfe6-f84c1f413845, node_id=0
[2026-09-20 09:11:49,168][navsim.planning.script.run_pdm_score][INFO] - Processing stage one reactive scenario 13 / 16 in thread_id=856bbe2c-212c-45be-bfe6-f84c1f413845, node_id=0
[2026-09-20 09:11:51,039][navsim.planning.script.run_pdm_score][INFO] - Processing stage one reactive scenario 14 / 16 in thread_id=856bbe2c-212c-45be-bfe6-f84c1f413845, node_id=0
[2026-09-20 09:11:51,153][navsim.planning.script.run_pdm_score][INFO] - Processing stage one reactive scenario 15 / 16 in thread_id=856bbe2c-212c-45be-bfe6-f84c1f413845, node_id=0
[2026-09-20 09:11:53,321][navsim.planning.script.run_pdm_score][INFO] - Processing stage one reactive scenario 16 / 16 in thread_id=856bbe2c-212c-45be-bfe6-f84c1f413845, node_id=0
[2026-09-20 09:11:55,678][navsim.planning.script.run_pdm_score][INFO] - Processing stage two reactive scenario 1 / 204 in thread_id=856bbe2c-212c-45be-bfe6-f84c1f413845, node_id=0
[2026-09-20 09:11:55,740][navsim.planning.script.run_pdm_score][INFO] - Processing stage two reactive scenario 2 / 204 in thread_id=856bbe2c-212c-45be-bfe6-f84c1f413845, node_id=0
[2026-09-20 09:11:56,396][navsim.planning.script.run_pdm_score][INFO] - Processing stage two reactive scenario 3 / 204 in thread_id=856bbe2c-212c-45be-bfe6-f84c1f413845, node_id=0
[2026-09-20 09:11:56,476][navsim.planning.script.run_pdm_score][INFO] - Processing stage two reactive scenario 4 / 204 in thread_id=856bbe2c-212c-45be-bfe6-f84c1f413845, node_id=0
[2026-09-20 09:11:57,082][navsim.planning.script.run_pdm_score][INFO] - Processing stage two reactive scenario 5 / 204 in thread_id=856bbe2c-212c-45be-bfe6-f84c1f413845, node_id=0
[2026-09-20 09:11:57,664][navsim.planning.script.run_pdm_score][INFO] - Processing stage two reactive scenario 6 / 204 in thread_id=856bbe2c-212c-45be-bfe6-f84c1f413845, node_id=0
[2026-09-20 09:11:58,395][navsim.planning.script.run_pdm_score][INFO] - Processing stage two reactive scenario 7 / 204 in thread_id=856bbe2c-212c-45be-bfe6-f84c1f413845, node_id=0
[2026-09-20 09:11:59,324][navsim.planning.script.run_pdm_score][INFO] - Processing stage two reactive scenario 8 / 204 in thread_id=856bbe2c-212c-45be-bfe6-f84c1f413845, node_id=0
[2026-09-20 09:11:59,922][navsim.planning.script.run_pdm_score][INFO] - Processing stage two reactive scenario 9 / 204 in thread_id=856bbe2c-212c-45be-bfe6-f84c1f413845, node_id=0
[2026-09-20 09:12:00,795][navsim.planning.script.run_pdm_score][INFO] - Processing stage two reactive scenario 10 / 204 in thread_id=856bbe2c-212c-45be-bfe6-f84c1f413845, node_id=0
[2026-09-20 09:12:00,894][navsim.planning.script.run_pdm_score][INFO] - Processing stage two reactive scenario 11 / 204 in thread_id=856bbe2c-212c-45be-bfe6-f84c1f413845, node_id=0
[2026-09-20 09:12:01,779][navsim.planning.script.run_pdm_score][INFO] - Processing stage two reactive scenario 12 / 204 in thread_id=856bbe2c-212c-45be-bfe6-f84c1f413845, node_id=0
[2026-09-20 09:12:02,760][navsim.planning.script.run_pdm_score][INFO] - Processing stage two reactive scenario 13 / 204 in thread_id=856bbe2c-212c-45be-bfe6-f84c1f413845, node_id=0
[2026-09-20 09:12:03,647][navsim.planning.script.run_pdm_score][INFO] - Processing stage two reactive scenario 14 / 204 in thread_id=856bbe2c-212c-45be-bfe6-f84c1f413845, node_id=0
[2026-09-20 09:12:04,499][navsim.planning.script.run_pdm_score][INFO] - Processing stage two reactive scenario 15 / 204 in thread_id=856bbe2c-212c-45be-bfe6-f84c1f413845, node_id=0
[2026-09-20 09:12:04,670][navsim.planning.script.run_pdm_score][INFO] - Processing stage two reactive scenario 16 / 204 in thread_id=856bbe2c-212c-45be-bfe6-f84c1f413845, node_id=0
[2026-09-20 09:12:05,725][navsim.planning.script.run_pdm_score][INFO] - Processing stage two reactive scenario 17 / 204 in thread_id=856bbe2c-212c-45be-bfe6-f84c1f413845, node_id=0
[2026-09-20 09:12:06,349][navsim.planning.script.run_pdm_score][INFO] - Processing stage two reactive scenario 18 / 204 in thread_id=856bbe2c-212c-45be-bfe6-f84c1f413845, node_id=0
[2026-09-20 09:12:07,133][navsim.planning.script.run_pdm_score][INFO] - Processing stage two reactive scenario 19 / 204 in thread_id=856bbe2c-212c-45be-bfe6-f84c1f413845, node_id=0
[2026-09-20 09:12:07,784][navsim.planning.script.run_pdm_score][INFO] - Processing stage two reactive scenario 20 / 204 in thread_id=856bbe2c-212c-45be-bfe6-f84c1f413845, node_id=0
[2026-09-20 09:12:08,703][navsim.planning.script.run_pdm_score][INFO] - Processing stage two reactive scenario 21 / 204 in thread_id=856bbe2c-212c-45be-bfe6-f84c1f413845, node_id=0
[2026-09-20 09:12:09,745][navsim.planning.script.run_pdm_score][INFO] - Processing stage two reactive scenario 22 / 204 in thread_id=856bbe2c-212c-45be-bfe6-f84c1f413845, node_id=0
[2026-09-20 09:12:10,653][navsim.planning.script.run_pdm_score][INFO] - Processing stage two reactive scenario 23 / 204 in thread_id=856bbe2c-212c-45be-bfe6-f84c1f413845, node_id=0
[2026-09-20 09:12:11,604][navsim.planning.script.run_pdm_score][INFO] - Processing stage two reactive scenario 24 / 204 in thread_id=856bbe2c-212c-45be-bfe6-f84c1f413845, node_id=0
[2026-09-20 09:12:12,825][navsim.planning.script.run_pdm_score][INFO] - Processing stage two reactive scenario 25 / 204 in thread_id=856bbe2c-212c-45be-bfe6-f84c1f413845, node_id=0
[2026-09-20 09:12:13,739][navsim.planning.script.run_pdm_score][INFO] - Processing stage two reactive scenario 26 / 204 in thread_id=856bbe2c-212c-45be-bfe6-f84c1f413845, node_id=0
[2026-09-20 09:12:14,601][navsim.planning.script.run_pdm_score][INFO] - Processing stage two reactive scenario 27 / 204 in thread_id=856bbe2c-212c-45be-bfe6-f84c1f413845, node_id=0
[2026-09-20 09:12:14,839][navsim.planning.script.run_pdm_score][INFO] - Processing stage two reactive scenario 28 / 204 in thread_id=856bbe2c-212c-45be-bfe6-f84c1f413845, node_id=0
[2026-09-20 09:12:15,103][navsim.planning.script.run_pdm_score][INFO] - Processing stage two reactive scenario 29 / 204 in thread_id=856bbe2c-212c-45be-bfe6-f84c1f413845, node_id=0
[2026-09-20 09:12:16,004][navsim.planning.script.run_pdm_score][INFO] - Processing stage two reactive scenario 30 / 204 in thread_id=856bbe2c-212c-45be-bfe6-f84c1f413845, node_id=0
[2026-09-20 09:12:16,083][navsim.planning.script.run_pdm_score][INFO] - Processing stage two reactive scenario 31 / 204 in thread_id=856bbe2c-212c-45be-bfe6-f84c1f413845, node_id=0
[2026-09-20 09:12:16,174][navsim.planning.script.run_pdm_score][INFO] - Processing stage two reactive scenario 32 / 204 in thread_id=856bbe2c-212c-45be-bfe6-f84c1f413845, node_id=0
[2026-09-20 09:12:17,111][navsim.planning.script.run_pdm_score][INFO] - Processing stage two reactive scenario 33 / 204 in thread_id=856bbe2c-212c-45be-bfe6-f84c1f413845, node_id=0
[2026-09-20 09:12:17,178][navsim.planning.script.run_pdm_score][INFO] - Processing stage two reactive scenario 34 / 204 in thread_id=856bbe2c-212c-45be-bfe6-f84c1f413845, node_id=0
[2026-09-20 09:12:18,010][navsim.planning.script.run_pdm_score][INFO] - Processing stage two reactive scenario 35 / 204 in thread_id=856bbe2c-212c-45be-bfe6-f84c1f413845, node_id=0
[2026-09-20 09:12:18,932][navsim.planning.script.run_pdm_score][INFO] - Processing stage two reactive scenario 36 / 204 in thread_id=856bbe2c-212c-45be-bfe6-f84c1f413845, node_id=0
[2026-09-20 09:12:19,929][navsim.planning.script.run_pdm_score][INFO] - Processing stage two reactive scenario 37 / 204 in thread_id=856bbe2c-212c-45be-bfe6-f84c1f413845, node_id=0
[2026-09-20 09:12:20,082][navsim.planning.script.run_pdm_score][INFO] - Processing stage two reactive scenario 38 / 204 in thread_id=856bbe2c-212c-45be-bfe6-f84c1f413845, node_id=0
[2026-09-20 09:12:20,572][navsim.planning.script.run_pdm_score][INFO] - Processing stage two reactive scenario 39 / 204 in thread_id=856bbe2c-212c-45be-bfe6-f84c1f413845, node_id=0
[2026-09-20 09:12:20,926][navsim.planning.script.run_pdm_score][INFO] - Processing stage two reactive scenario 40 / 204 in thread_id=856bbe2c-212c-45be-bfe6-f84c1f413845, node_id=0
[2026-09-20 09:12:21,658][navsim.planning.script.run_pdm_score][INFO] - Processing stage two reactive scenario 41 / 204 in thread_id=856bbe2c-212c-45be-bfe6-f84c1f413845, node_id=0
[2026-09-20 09:12:22,177][navsim.planning.script.run_pdm_score][INFO] - Processing stage two reactive scenario 42 / 204 in thread_id=856bbe2c-212c-45be-bfe6-f84c1f413845, node_id=0
[2026-09-20 09:12:22,753][navsim.planning.script.run_pdm_score][INFO] - Processing stage two reactive scenario 43 / 204 in thread_id=856bbe2c-212c-45be-bfe6-f84c1f413845, node_id=0
[2026-09-20 09:12:22,929][navsim.planning.script.run_pdm_score][INFO] - Processing stage two reactive scenario 44 / 204 in thread_id=856bbe2c-212c-45be-bfe6-f84c1f413845, node_id=0
[2026-09-20 09:12:23,096][navsim.planning.script.run_pdm_score][INFO] - Processing stage two reactive scenario 45 / 204 in thread_id=856bbe2c-212c-45be-bfe6-f84c1f413845, node_id=0
[2026-09-20 09:12:23,249][navsim.planning.script.run_pdm_score][INFO] - Processing stage two reactive scenario 46 / 204 in thread_id=856bbe2c-212c-45be-bfe6-f84c1f413845, node_id=0
[2026-09-20 09:12:23,803][navsim.planning.script.run_pdm_score][INFO] - Processing stage two reactive scenario 47 / 204 in thread_id=856bbe2c-212c-45be-bfe6-f84c1f413845, node_id=0
[2026-09-20 09:12:23,953][navsim.planning.script.run_pdm_score][INFO] - Processing stage two reactive scenario 48 / 204 in thread_id=856bbe2c-212c-45be-bfe6-f84c1f413845, node_id=0
[2026-09-20 09:12:24,964][navsim.planning.script.run_pdm_score][INFO] - Processing stage two reactive scenario 49 / 204 in thread_id=856bbe2c-212c-45be-bfe6-f84c1f413845, node_id=0
[2026-09-20 09:12:25,051][navsim.planning.script.run_pdm_score][INFO] - Processing stage two reactive scenario 50 / 204 in thread_id=856bbe2c-212c-45be-bfe6-f84c1f413845, node_id=0
[2026-09-20 09:12:26,169][navsim.planning.script.run_pdm_score][INFO] - Processing stage two reactive scenario 51 / 204 in thread_id=856bbe2c-212c-45be-bfe6-f84c1f413845, node_id=0
[2026-09-20 09:12:26,234][navsim.planning.script.run_pdm_score][INFO] - Processing stage two reactive scenario 52 / 204 in thread_id=856bbe2c-212c-45be-bfe6-f84c1f413845, node_id=0
[2026-09-20 09:12:27,000][navsim.planning.script.run_pdm_score][INFO] - Processing stage two reactive scenario 53 / 204 in thread_id=856bbe2c-212c-45be-bfe6-f84c1f413845, node_id=0
[2026-09-20 09:12:28,520][navsim.planning.script.run_pdm_score][INFO] - Processing stage two reactive scenario 54 / 204 in thread_id=856bbe2c-212c-45be-bfe6-f84c1f413845, node_id=0
[2026-09-20 09:12:29,295][navsim.planning.script.run_pdm_score][INFO] - Processing stage two reactive scenario 55 / 204 in thread_id=856bbe2c-212c-45be-bfe6-f84c1f413845, node_id=0
[2026-09-20 09:12:30,808][navsim.planning.script.run_pdm_score][INFO] - Processing stage two reactive scenario 56 / 204 in thread_id=856bbe2c-212c-45be-bfe6-f84c1f413845, node_id=0
[2026-09-20 09:12:32,431][navsim.planning.script.run_pdm_score][INFO] - Processing stage two reactive scenario 57 / 204 in thread_id=856bbe2c-212c-45be-bfe6-f84c1f413845, node_id=0
[2026-09-20 09:13:05,628][navsim.planning.script.run_pdm_score][INFO] - Processing stage two reactive scenario 58 / 204 in thread_id=856bbe2c-212c-45be-bfe6-f84c1f413845, node_id=0
[2026-09-20 09:13:07,316][navsim.planning.script.run_pdm_score][INFO] - Processing stage two reactive scenario 59 / 204 in thread_id=856bbe2c-212c-45be-bfe6-f84c1f413845, node_id=0
[2026-09-20 09:13:08,041][navsim.planning.script.run_pdm_score][INFO] - Processing stage two reactive scenario 60 / 204 in thread_id=856bbe2c-212c-45be-bfe6-f84c1f413845, node_id=0
[2026-09-20 09:13:10,662][navsim.planning.script.run_pdm_score][INFO] - Processing stage two reactive scenario 61 / 204 in thread_id=856bbe2c-212c-45be-bfe6-f84c1f413845, node_id=0
[2026-09-20 09:13:11,458][navsim.planning.script.run_pdm_score][INFO] - Processing stage two reactive scenario 62 / 204 in thread_id=856bbe2c-212c-45be-bfe6-f84c1f413845, node_id=0
[2026-09-20 09:13:12,159][navsim.planning.script.run_pdm_score][INFO] - Processing stage two reactive scenario 63 / 204 in thread_id=856bbe2c-212c-45be-bfe6-f84c1f413845, node_id=0
[2026-09-20 09:13:12,376][navsim.planning.script.run_pdm_score][INFO] - Processing stage two reactive scenario 64 / 204 in thread_id=856bbe2c-212c-45be-bfe6-f84c1f413845, node_id=0
[2026-09-20 09:13:13,330][navsim.planning.script.run_pdm_score][INFO] - Processing stage two reactive scenario 65 / 204 in thread_id=856bbe2c-212c-45be-bfe6-f84c1f413845, node_id=0
[2026-09-20 09:13:14,325][navsim.planning.script.run_pdm_score][INFO] - Processing stage two reactive scenario 66 / 204 in thread_id=856bbe2c-212c-45be-bfe6-f84c1f413845, node_id=0
[2026-09-20 09:13:14,601][navsim.planning.script.run_pdm_score][INFO] - Processing stage two reactive scenario 67 / 204 in thread_id=856bbe2c-212c-45be-bfe6-f84c1f413845, node_id=0
[2026-09-20 09:13:15,606][navsim.planning.script.run_pdm_score][INFO] - Processing stage two reactive scenario 68 / 204 in thread_id=856bbe2c-212c-45be-bfe6-f84c1f413845, node_id=0
[2026-09-20 09:13:16,292][navsim.planning.script.run_pdm_score][INFO] - Processing stage two reactive scenario 69 / 204 in thread_id=856bbe2c-212c-45be-bfe6-f84c1f413845, node_id=0
[2026-09-20 09:13:16,659][navsim.planning.script.run_pdm_score][INFO] - Processing stage two reactive scenario 70 / 204 in thread_id=856bbe2c-212c-45be-bfe6-f84c1f413845, node_id=0
[2026-09-20 09:13:16,860][navsim.planning.script.run_pdm_score][INFO] - Processing stage two reactive scenario 71 / 204 in thread_id=856bbe2c-212c-45be-bfe6-f84c1f413845, node_id=0
[2026-09-20 09:13:17,507][navsim.planning.script.run_pdm_score][INFO] - Processing stage two reactive scenario 72 / 204 in thread_id=856bbe2c-212c-45be-bfe6-f84c1f413845, node_id=0
[2026-09-20 09:13:18,638][navsim.planning.script.run_pdm_score][INFO] - Processing stage two reactive scenario 73 / 204 in thread_id=856bbe2c-212c-45be-bfe6-f84c1f413845, node_id=0
[2026-09-20 09:13:19,196][navsim.planning.script.run_pdm_score][INFO] - Processing stage two reactive scenario 74 / 204 in thread_id=856bbe2c-212c-45be-bfe6-f84c1f413845, node_id=0
[2026-09-20 09:13:19,742][navsim.planning.script.run_pdm_score][INFO] - Processing stage two reactive scenario 75 / 204 in thread_id=856bbe2c-212c-45be-bfe6-f84c1f413845, node_id=0
[2026-09-20 09:13:20,502][navsim.planning.script.run_pdm_score][INFO] - Processing stage two reactive scenario 76 / 204 in thread_id=856bbe2c-212c-45be-bfe6-f84c1f413845, node_id=0
[2026-09-20 09:13:21,207][navsim.planning.script.run_pdm_score][INFO] - Processing stage two reactive scenario 77 / 204 in thread_id=856bbe2c-212c-45be-bfe6-f84c1f413845, node_id=0
[2026-09-20 09:13:21,299][navsim.planning.script.run_pdm_score][INFO] - Processing stage two reactive scenario 78 / 204 in thread_id=856bbe2c-212c-45be-bfe6-f84c1f413845, node_id=0
[2026-09-20 09:13:22,173][navsim.planning.script.run_pdm_score][INFO] - Processing stage two reactive scenario 79 / 204 in thread_id=856bbe2c-212c-45be-bfe6-f84c1f413845, node_id=0
[2026-09-20 09:13:23,932][navsim.planning.script.run_pdm_score][INFO] - Processing stage two reactive scenario 80 / 204 in thread_id=856bbe2c-212c-45be-bfe6-f84c1f413845, node_id=0
[2026-09-20 09:13:24,085][navsim.planning.script.run_pdm_score][INFO] - Processing stage two reactive scenario 81 / 204 in thread_id=856bbe2c-212c-45be-bfe6-f84c1f413845, node_id=0
[2026-09-20 09:13:25,203][navsim.planning.script.run_pdm_score][INFO] - Processing stage two reactive scenario 82 / 204 in thread_id=856bbe2c-212c-45be-bfe6-f84c1f413845, node_id=0
[2026-09-20 09:13:26,890][navsim.planning.script.run_pdm_score][INFO] - Processing stage two reactive scenario 83 / 204 in thread_id=856bbe2c-212c-45be-bfe6-f84c1f413845, node_id=0
[2026-09-20 09:13:28,323][navsim.planning.script.run_pdm_score][INFO] - Processing stage two reactive scenario 84 / 204 in thread_id=856bbe2c-212c-45be-bfe6-f84c1f413845, node_id=0
[2026-09-20 09:13:29,376][navsim.planning.script.run_pdm_score][INFO] - Processing stage two reactive scenario 85 / 204 in thread_id=856bbe2c-212c-45be-bfe6-f84c1f413845, node_id=0
[2026-09-20 09:13:30,719][navsim.planning.script.run_pdm_score][INFO] - Processing stage two reactive scenario 86 / 204 in thread_id=856bbe2c-212c-45be-bfe6-f84c1f413845, node_id=0
[2026-09-20 09:13:31,610][navsim.planning.script.run_pdm_score][INFO] - Processing stage two reactive scenario 87 / 204 in thread_id=856bbe2c-212c-45be-bfe6-f84c1f413845, node_id=0
[2026-09-20 09:13:32,792][navsim.planning.script.run_pdm_score][INFO] - Processing stage two reactive scenario 88 / 204 in thread_id=856bbe2c-212c-45be-bfe6-f84c1f413845, node_id=0
[2026-09-20 09:13:34,067][navsim.planning.script.run_pdm_score][INFO] - Processing stage two reactive scenario 89 / 204 in thread_id=856bbe2c-212c-45be-bfe6-f84c1f413845, node_id=0
[2026-09-20 09:13:34,761][navsim.planning.script.run_pdm_score][INFO] - Processing stage two reactive scenario 90 / 204 in thread_id=856bbe2c-212c-45be-bfe6-f84c1f413845, node_id=0
[2026-09-20 09:13:35,690][navsim.planning.script.run_pdm_score][INFO] - Processing stage two reactive scenario 91 / 204 in thread_id=856bbe2c-212c-45be-bfe6-f84c1f413845, node_id=0
[2026-09-20 09:13:36,779][navsim.planning.script.run_pdm_score][INFO] - Processing stage two reactive scenario 92 / 204 in thread_id=856bbe2c-212c-45be-bfe6-f84c1f413845, node_id=0
[2026-09-20 09:13:37,702][navsim.planning.script.run_pdm_score][INFO] - Processing stage two reactive scenario 93 / 204 in thread_id=856bbe2c-212c-45be-bfe6-f84c1f413845, node_id=0
[2026-09-20 09:13:38,337][navsim.planning.script.run_pdm_score][INFO] - Processing stage two reactive scenario 94 / 204 in thread_id=856bbe2c-212c-45be-bfe6-f84c1f413845, node_id=0
[2026-09-20 09:13:39,336][navsim.planning.script.run_pdm_score][INFO] - Processing stage two reactive scenario 95 / 204 in thread_id=856bbe2c-212c-45be-bfe6-f84c1f413845, node_id=0
[2026-09-20 09:13:40,367][navsim.planning.script.run_pdm_score][INFO] - Processing stage two reactive scenario 96 / 204 in thread_id=856bbe2c-212c-45be-bfe6-f84c1f413845, node_id=0
[2026-09-20 09:13:41,037][navsim.planning.script.run_pdm_score][INFO] - Processing stage two reactive scenario 97 / 204 in thread_id=856bbe2c-212c-45be-bfe6-f84c1f413845, node_id=0
[2026-09-20 09:13:41,978][navsim.planning.script.run_pdm_score][INFO] - Processing stage two reactive scenario 98 / 204 in thread_id=856bbe2c-212c-45be-bfe6-f84c1f413845, node_id=0
[2026-09-20 09:13:42,952][navsim.planning.script.run_pdm_score][INFO] - Processing stage two reactive scenario 99 / 204 in thread_id=856bbe2c-212c-45be-bfe6-f84c1f413845, node_id=0
[2026-09-20 09:13:43,095][navsim.planning.script.run_pdm_score][INFO] - Processing stage two reactive scenario 100 / 204 in thread_id=856bbe2c-212c-45be-bfe6-f84c1f413845, node_id=0
[2026-09-20 09:13:44,162][navsim.planning.script.run_pdm_score][INFO] - Processing stage two reactive scenario 101 / 204 in thread_id=856bbe2c-212c-45be-bfe6-f84c1f413845, node_id=0
[2026-09-20 09:13:44,850][navsim.planning.script.run_pdm_score][INFO] - Processing stage two reactive scenario 102 / 204 in thread_id=856bbe2c-212c-45be-bfe6-f84c1f413845, node_id=0
[2026-09-20 09:13:45,015][navsim.planning.script.run_pdm_score][INFO] - Processing stage two reactive scenario 103 / 204 in thread_id=856bbe2c-212c-45be-bfe6-f84c1f413845, node_id=0
[2026-09-20 09:13:45,927][navsim.planning.script.run_pdm_score][INFO] - Processing stage two reactive scenario 104 / 204 in thread_id=856bbe2c-212c-45be-bfe6-f84c1f413845, node_id=0
[2026-09-20 09:13:47,115][navsim.planning.script.run_pdm_score][INFO] - Processing stage two reactive scenario 105 / 204 in thread_id=856bbe2c-212c-45be-bfe6-f84c1f413845, node_id=0
[2026-09-20 09:13:47,782][navsim.planning.script.run_pdm_score][INFO] - Processing stage two reactive scenario 106 / 204 in thread_id=856bbe2c-212c-45be-bfe6-f84c1f413845, node_id=0
[2026-09-20 09:13:48,456][navsim.planning.script.run_pdm_score][INFO] - Processing stage two reactive scenario 107 / 204 in thread_id=856bbe2c-212c-45be-bfe6-f84c1f413845, node_id=0
[2026-09-20 09:13:48,783][navsim.planning.script.run_pdm_score][INFO] - Processing stage two reactive scenario 108 / 204 in thread_id=856bbe2c-212c-45be-bfe6-f84c1f413845, node_id=0
[2026-09-20 09:13:48,958][navsim.planning.script.run_pdm_score][INFO] - Processing stage two reactive scenario 109 / 204 in thread_id=856bbe2c-212c-45be-bfe6-f84c1f413845, node_id=0
[2026-09-20 09:13:49,617][navsim.planning.script.run_pdm_score][INFO] - Processing stage two reactive scenario 110 / 204 in thread_id=856bbe2c-212c-45be-bfe6-f84c1f413845, node_id=0
[2026-09-20 09:13:50,535][navsim.planning.script.run_pdm_score][INFO] - Processing stage two reactive scenario 111 / 204 in thread_id=856bbe2c-212c-45be-bfe6-f84c1f413845, node_id=0
[2026-09-20 09:13:51,454][navsim.planning.script.run_pdm_score][INFO] - Processing stage two reactive scenario 112 / 204 in thread_id=856bbe2c-212c-45be-bfe6-f84c1f413845, node_id=0
[2026-09-20 09:13:51,568][navsim.planning.script.run_pdm_score][INFO] - Processing stage two reactive scenario 113 / 204 in thread_id=856bbe2c-212c-45be-bfe6-f84c1f413845, node_id=0
[2026-09-20 09:13:51,681][navsim.planning.script.run_pdm_score][INFO] - Processing stage two reactive scenario 114 / 204 in thread_id=856bbe2c-212c-45be-bfe6-f84c1f413845, node_id=0
[2026-09-20 09:13:52,676][navsim.planning.script.run_pdm_score][INFO] - Processing stage two reactive scenario 115 / 204 in thread_id=856bbe2c-212c-45be-bfe6-f84c1f413845, node_id=0
[2026-09-20 09:13:52,742][navsim.planning.script.run_pdm_score][INFO] - Processing stage two reactive scenario 116 / 204 in thread_id=856bbe2c-212c-45be-bfe6-f84c1f413845, node_id=0
[2026-09-20 09:13:53,787][navsim.planning.script.run_pdm_score][INFO] - Processing stage two reactive scenario 117 / 204 in thread_id=856bbe2c-212c-45be-bfe6-f84c1f413845, node_id=0
[2026-09-20 09:13:53,896][navsim.planning.script.run_pdm_score][INFO] - Processing stage two reactive scenario 118 / 204 in thread_id=856bbe2c-212c-45be-bfe6-f84c1f413845, node_id=0
[2026-09-20 09:13:56,155][navsim.planning.script.run_pdm_score][INFO] - Processing stage two reactive scenario 119 / 204 in thread_id=856bbe2c-212c-45be-bfe6-f84c1f413845, node_id=0
[2026-09-20 09:13:56,257][navsim.planning.script.run_pdm_score][INFO] - Processing stage two reactive scenario 120 / 204 in thread_id=856bbe2c-212c-45be-bfe6-f84c1f413845, node_id=0
[2026-09-20 09:13:56,930][navsim.planning.script.run_pdm_score][INFO] - Processing stage two reactive scenario 121 / 204 in thread_id=856bbe2c-212c-45be-bfe6-f84c1f413845, node_id=0
[2026-09-20 09:13:58,491][navsim.planning.script.run_pdm_score][INFO] - Processing stage two reactive scenario 122 / 204 in thread_id=856bbe2c-212c-45be-bfe6-f84c1f413845, node_id=0
[2026-09-20 09:14:01,142][navsim.planning.script.run_pdm_score][INFO] - Processing stage two reactive scenario 123 / 204 in thread_id=856bbe2c-212c-45be-bfe6-f84c1f413845, node_id=0
[2026-09-20 09:14:01,365][navsim.planning.script.run_pdm_score][INFO] - Processing stage two reactive scenario 124 / 204 in thread_id=856bbe2c-212c-45be-bfe6-f84c1f413845, node_id=0
[2026-09-20 09:14:01,740][navsim.planning.script.run_pdm_score][INFO] - Processing stage two reactive scenario 125 / 204 in thread_id=856bbe2c-212c-45be-bfe6-f84c1f413845, node_id=0
[2026-09-20 09:14:02,250][navsim.planning.script.run_pdm_score][INFO] - Processing stage two reactive scenario 126 / 204 in thread_id=856bbe2c-212c-45be-bfe6-f84c1f413845, node_id=0
[2026-09-20 09:14:02,934][navsim.planning.script.run_pdm_score][INFO] - Processing stage two reactive scenario 127 / 204 in thread_id=856bbe2c-212c-45be-bfe6-f84c1f413845, node_id=0
[2026-09-20 09:14:03,989][navsim.planning.script.run_pdm_score][INFO] - Processing stage two reactive scenario 128 / 204 in thread_id=856bbe2c-212c-45be-bfe6-f84c1f413845, node_id=0
[2026-09-20 09:14:04,147][navsim.planning.script.run_pdm_score][INFO] - Processing stage two reactive scenario 129 / 204 in thread_id=856bbe2c-212c-45be-bfe6-f84c1f413845, node_id=0
[2026-09-20 09:14:05,157][navsim.planning.script.run_pdm_score][INFO] - Processing stage two reactive scenario 130 / 204 in thread_id=856bbe2c-212c-45be-bfe6-f84c1f413845, node_id=0
[2026-09-20 09:14:06,064][navsim.planning.script.run_pdm_score][INFO] - Processing stage two reactive scenario 131 / 204 in thread_id=856bbe2c-212c-45be-bfe6-f84c1f413845, node_id=0
[2026-09-20 09:14:07,254][navsim.planning.script.run_pdm_score][INFO] - Processing stage two reactive scenario 132 / 204 in thread_id=856bbe2c-212c-45be-bfe6-f84c1f413845, node_id=0
[2026-09-20 09:14:08,599][navsim.planning.script.run_pdm_score][INFO] - Processing stage two reactive scenario 133 / 204 in thread_id=856bbe2c-212c-45be-bfe6-f84c1f413845, node_id=0
[2026-09-20 09:14:09,951][navsim.planning.script.run_pdm_score][INFO] - Processing stage two reactive scenario 134 / 204 in thread_id=856bbe2c-212c-45be-bfe6-f84c1f413845, node_id=0
[2026-09-20 09:14:11,635][navsim.planning.script.run_pdm_score][INFO] - Processing stage two reactive scenario 135 / 204 in thread_id=856bbe2c-212c-45be-bfe6-f84c1f413845, node_id=0
[2026-09-20 09:14:11,859][navsim.planning.script.run_pdm_score][INFO] - Processing stage two reactive scenario 136 / 204 in thread_id=856bbe2c-212c-45be-bfe6-f84c1f413845, node_id=0
[2026-09-20 09:14:11,964][navsim.planning.script.run_pdm_score][INFO] - Processing stage two reactive scenario 137 / 204 in thread_id=856bbe2c-212c-45be-bfe6-f84c1f413845, node_id=0
[2026-09-20 09:14:13,518][navsim.planning.script.run_pdm_score][INFO] - Processing stage two reactive scenario 138 / 204 in thread_id=856bbe2c-212c-45be-bfe6-f84c1f413845, node_id=0
[2026-09-20 09:14:14,888][navsim.planning.script.run_pdm_score][INFO] - Processing stage two reactive scenario 139 / 204 in thread_id=856bbe2c-212c-45be-bfe6-f84c1f413845, node_id=0
[2026-09-20 09:14:16,512][navsim.planning.script.run_pdm_score][INFO] - Processing stage two reactive scenario 140 / 204 in thread_id=856bbe2c-212c-45be-bfe6-f84c1f413845, node_id=0
[2026-09-20 09:14:17,461][navsim.planning.script.run_pdm_score][INFO] - Processing stage two reactive scenario 141 / 204 in thread_id=856bbe2c-212c-45be-bfe6-f84c1f413845, node_id=0
[2026-09-20 09:14:18,931][navsim.planning.script.run_pdm_score][INFO] - Processing stage two reactive scenario 142 / 204 in thread_id=856bbe2c-212c-45be-bfe6-f84c1f413845, node_id=0
[2026-09-20 09:14:19,631][navsim.planning.script.run_pdm_score][INFO] - Processing stage two reactive scenario 143 / 204 in thread_id=856bbe2c-212c-45be-bfe6-f84c1f413845, node_id=0
[2026-09-20 09:14:19,851][navsim.planning.script.run_pdm_score][INFO] - Processing stage two reactive scenario 144 / 204 in thread_id=856bbe2c-212c-45be-bfe6-f84c1f413845, node_id=0
[2026-09-20 09:14:20,883][navsim.planning.script.run_pdm_score][INFO] - Processing stage two reactive scenario 145 / 204 in thread_id=856bbe2c-212c-45be-bfe6-f84c1f413845, node_id=0
[2026-09-20 09:14:22,081][navsim.planning.script.run_pdm_score][INFO] - Processing stage two reactive scenario 146 / 204 in thread_id=856bbe2c-212c-45be-bfe6-f84c1f413845, node_id=0
[2026-09-20 09:14:22,895][navsim.planning.script.run_pdm_score][INFO] - Processing stage two reactive scenario 147 / 204 in thread_id=856bbe2c-212c-45be-bfe6-f84c1f413845, node_id=0
[2026-09-20 09:14:23,695][navsim.planning.script.run_pdm_score][INFO] - Processing stage two reactive scenario 148 / 204 in thread_id=856bbe2c-212c-45be-bfe6-f84c1f413845, node_id=0
[2026-09-20 09:14:24,151][navsim.planning.script.run_pdm_score][INFO] - Processing stage two reactive scenario 149 / 204 in thread_id=856bbe2c-212c-45be-bfe6-f84c1f413845, node_id=0
[2026-09-20 09:14:25,501][navsim.planning.script.run_pdm_score][INFO] - Processing stage two reactive scenario 150 / 204 in thread_id=856bbe2c-212c-45be-bfe6-f84c1f413845, node_id=0
[2026-09-20 09:14:26,235][navsim.planning.script.run_pdm_score][INFO] - Processing stage two reactive scenario 151 / 204 in thread_id=856bbe2c-212c-45be-bfe6-f84c1f413845, node_id=0
[2026-09-20 09:14:27,097][navsim.planning.script.run_pdm_score][INFO] - Processing stage two reactive scenario 152 / 204 in thread_id=856bbe2c-212c-45be-bfe6-f84c1f413845, node_id=0
[2026-09-20 09:14:27,354][navsim.planning.script.run_pdm_score][INFO] - Processing stage two reactive scenario 153 / 204 in thread_id=856bbe2c-212c-45be-bfe6-f84c1f413845, node_id=0
[2026-09-20 09:14:28,347][navsim.planning.script.run_pdm_score][INFO] - Processing stage two reactive scenario 154 / 204 in thread_id=856bbe2c-212c-45be-bfe6-f84c1f413845, node_id=0
[2026-09-20 09:14:29,666][navsim.planning.script.run_pdm_score][INFO] - Processing stage two reactive scenario 155 / 204 in thread_id=856bbe2c-212c-45be-bfe6-f84c1f413845, node_id=0
[2026-09-20 09:14:30,182][navsim.planning.script.run_pdm_score][INFO] - Processing stage two reactive scenario 156 / 204 in thread_id=856bbe2c-212c-45be-bfe6-f84c1f413845, node_id=0
[2026-09-20 09:14:30,267][navsim.planning.script.run_pdm_score][INFO] - Processing stage two reactive scenario 157 / 204 in thread_id=856bbe2c-212c-45be-bfe6-f84c1f413845, node_id=0
[2026-09-20 09:14:31,737][navsim.planning.script.run_pdm_score][INFO] - Processing stage two reactive scenario 158 / 204 in thread_id=856bbe2c-212c-45be-bfe6-f84c1f413845, node_id=0
[2026-09-20 09:14:32,220][navsim.planning.script.run_pdm_score][INFO] - Processing stage two reactive scenario 159 / 204 in thread_id=856bbe2c-212c-45be-bfe6-f84c1f413845, node_id=0
[2026-09-20 09:14:34,504][navsim.planning.script.run_pdm_score][INFO] - Processing stage two reactive scenario 160 / 204 in thread_id=856bbe2c-212c-45be-bfe6-f84c1f413845, node_id=0
[2026-09-20 09:14:36,116][navsim.planning.script.run_pdm_score][INFO] - Processing stage two reactive scenario 161 / 204 in thread_id=856bbe2c-212c-45be-bfe6-f84c1f413845, node_id=0
[2026-09-20 09:14:36,242][navsim.planning.script.run_pdm_score][INFO] - Processing stage two reactive scenario 162 / 204 in thread_id=856bbe2c-212c-45be-bfe6-f84c1f413845, node_id=0
[2026-09-20 09:14:36,445][navsim.planning.script.run_pdm_score][INFO] - Processing stage two reactive scenario 163 / 204 in thread_id=856bbe2c-212c-45be-bfe6-f84c1f413845, node_id=0
[2026-09-20 09:14:37,609][navsim.planning.script.run_pdm_score][INFO] - Processing stage two reactive scenario 164 / 204 in thread_id=856bbe2c-212c-45be-bfe6-f84c1f413845, node_id=0
[2026-09-20 09:14:38,890][navsim.planning.script.run_pdm_score][INFO] - Processing stage two reactive scenario 165 / 204 in thread_id=856bbe2c-212c-45be-bfe6-f84c1f413845, node_id=0
[2026-09-20 09:14:40,116][navsim.planning.script.run_pdm_score][INFO] - Processing stage two reactive scenario 166 / 204 in thread_id=856bbe2c-212c-45be-bfe6-f84c1f413845, node_id=0
[2026-09-20 09:14:41,098][navsim.planning.script.run_pdm_score][INFO] - Processing stage two reactive scenario 167 / 204 in thread_id=856bbe2c-212c-45be-bfe6-f84c1f413845, node_id=0
[2026-09-20 09:14:42,427][navsim.planning.script.run_pdm_score][INFO] - Processing stage two reactive scenario 168 / 204 in thread_id=856bbe2c-212c-45be-bfe6-f84c1f413845, node_id=0
[2026-09-20 09:14:43,828][navsim.planning.script.run_pdm_score][INFO] - Processing stage two reactive scenario 169 / 204 in thread_id=856bbe2c-212c-45be-bfe6-f84c1f413845, node_id=0
[2026-09-20 09:14:44,044][navsim.planning.script.run_pdm_score][INFO] - Processing stage two reactive scenario 170 / 204 in thread_id=856bbe2c-212c-45be-bfe6-f84c1f413845, node_id=0
[2026-09-20 09:14:45,513][navsim.planning.script.run_pdm_score][INFO] - Processing stage two reactive scenario 171 / 204 in thread_id=856bbe2c-212c-45be-bfe6-f84c1f413845, node_id=0
[2026-09-20 09:14:46,483][navsim.planning.script.run_pdm_score][INFO] - Processing stage two reactive scenario 172 / 204 in thread_id=856bbe2c-212c-45be-bfe6-f84c1f413845, node_id=0
[2026-09-20 09:14:46,886][navsim.planning.script.run_pdm_score][INFO] - Processing stage two reactive scenario 173 / 204 in thread_id=856bbe2c-212c-45be-bfe6-f84c1f413845, node_id=0
[2026-09-20 09:14:48,131][navsim.planning.script.run_pdm_score][INFO] - Processing stage two reactive scenario 174 / 204 in thread_id=856bbe2c-212c-45be-bfe6-f84c1f413845, node_id=0
[2026-09-20 09:14:48,314][navsim.planning.script.run_pdm_score][INFO] - Processing stage two reactive scenario 175 / 204 in thread_id=856bbe2c-212c-45be-bfe6-f84c1f413845, node_id=0
[2026-09-20 09:14:48,465][navsim.planning.script.run_pdm_score][INFO] - Processing stage two reactive scenario 176 / 204 in thread_id=856bbe2c-212c-45be-bfe6-f84c1f413845, node_id=0
[2026-09-20 09:14:49,734][navsim.planning.script.run_pdm_score][INFO] - Processing stage two reactive scenario 177 / 204 in thread_id=856bbe2c-212c-45be-bfe6-f84c1f413845, node_id=0
[2026-09-20 09:14:51,384][navsim.planning.script.run_pdm_score][INFO] - Processing stage two reactive scenario 178 / 204 in thread_id=856bbe2c-212c-45be-bfe6-f84c1f413845, node_id=0
[2026-09-20 09:14:52,468][navsim.planning.script.run_pdm_score][INFO] - Processing stage two reactive scenario 179 / 204 in thread_id=856bbe2c-212c-45be-bfe6-f84c1f413845, node_id=0
[2026-09-20 09:14:54,236][navsim.planning.script.run_pdm_score][INFO] - Processing stage two reactive scenario 180 / 204 in thread_id=856bbe2c-212c-45be-bfe6-f84c1f413845, node_id=0
[2026-09-20 09:14:55,277][navsim.planning.script.run_pdm_score][INFO] - Processing stage two reactive scenario 181 / 204 in thread_id=856bbe2c-212c-45be-bfe6-f84c1f413845, node_id=0
[2026-09-20 09:14:56,567][navsim.planning.script.run_pdm_score][INFO] - Processing stage two reactive scenario 182 / 204 in thread_id=856bbe2c-212c-45be-bfe6-f84c1f413845, node_id=0
[2026-09-20 09:14:56,805][navsim.planning.script.run_pdm_score][INFO] - Processing stage two reactive scenario 183 / 204 in thread_id=856bbe2c-212c-45be-bfe6-f84c1f413845, node_id=0
[2026-09-20 09:14:56,975][navsim.planning.script.run_pdm_score][INFO] - Processing stage two reactive scenario 184 / 204 in thread_id=856bbe2c-212c-45be-bfe6-f84c1f413845, node_id=0
[2026-09-20 09:14:58,206][navsim.planning.script.run_pdm_score][INFO] - Processing stage two reactive scenario 185 / 204 in thread_id=856bbe2c-212c-45be-bfe6-f84c1f413845, node_id=0
[2026-09-20 09:14:58,417][navsim.planning.script.run_pdm_score][INFO] - Processing stage two reactive scenario 186 / 204 in thread_id=856bbe2c-212c-45be-bfe6-f84c1f413845, node_id=0
[2026-09-20 09:14:58,689][navsim.planning.script.run_pdm_score][INFO] - Processing stage two reactive scenario 187 / 204 in thread_id=856bbe2c-212c-45be-bfe6-f84c1f413845, node_id=0
[2026-09-20 09:15:00,234][navsim.planning.script.run_pdm_score][INFO] - Processing stage two reactive scenario 188 / 204 in thread_id=856bbe2c-212c-45be-bfe6-f84c1f413845, node_id=0
[2026-09-20 09:15:01,245][navsim.planning.script.run_pdm_score][INFO] - Processing stage two reactive scenario 189 / 204 in thread_id=856bbe2c-212c-45be-bfe6-f84c1f413845, node_id=0
[2026-09-20 09:15:02,787][navsim.planning.script.run_pdm_score][INFO] - Processing stage two reactive scenario 190 / 204 in thread_id=856bbe2c-212c-45be-bfe6-f84c1f413845, node_id=0
[2026-09-20 09:15:04,727][navsim.planning.script.run_pdm_score][INFO] - Processing stage two reactive scenario 191 / 204 in thread_id=856bbe2c-212c-45be-bfe6-f84c1f413845, node_id=0
[2026-09-20 09:15:05,991][navsim.planning.script.run_pdm_score][INFO] - Processing stage two reactive scenario 192 / 204 in thread_id=856bbe2c-212c-45be-bfe6-f84c1f413845, node_id=0
[2026-09-20 09:15:07,297][navsim.planning.script.run_pdm_score][INFO] - Processing stage two reactive scenario 193 / 204 in thread_id=856bbe2c-212c-45be-bfe6-f84c1f413845, node_id=0
[2026-09-20 09:15:08,081][navsim.planning.script.run_pdm_score][INFO] - Processing stage two reactive scenario 194 / 204 in thread_id=856bbe2c-212c-45be-bfe6-f84c1f413845, node_id=0
[2026-09-20 09:15:09,307][navsim.planning.script.run_pdm_score][INFO] - Processing stage two reactive scenario 195 / 204 in thread_id=856bbe2c-212c-45be-bfe6-f84c1f413845, node_id=0
[2026-09-20 09:15:11,567][navsim.planning.script.run_pdm_score][INFO] - Processing stage two reactive scenario 196 / 204 in thread_id=856bbe2c-212c-45be-bfe6-f84c1f413845, node_id=0
[2026-09-20 09:15:13,353][navsim.planning.script.run_pdm_score][INFO] - Processing stage two reactive scenario 197 / 204 in thread_id=856bbe2c-212c-45be-bfe6-f84c1f413845, node_id=0
[2026-09-20 09:15:14,533][navsim.planning.script.run_pdm_score][INFO] - Processing stage two reactive scenario 198 / 204 in thread_id=856bbe2c-212c-45be-bfe6-f84c1f413845, node_id=0
[2026-09-20 09:15:15,445][navsim.planning.script.run_pdm_score][INFO] - Processing stage two reactive scenario 199 / 204 in thread_id=856bbe2c-212c-45be-bfe6-f84c1f413845, node_id=0
[2026-09-20 09:15:16,528][navsim.planning.script.run_pdm_score][INFO] - Processing stage two reactive scenario 200 / 204 in thread_id=856bbe2c-212c-45be-bfe6-f84c1f413845, node_id=0
[2026-09-20 09:15:16,625][navsim.planning.script.run_pdm_score][INFO] - Processing stage two reactive scenario 201 / 204 in thread_id=856bbe2c-212c-45be-bfe6-f84c1f413845, node_id=0
[2026-09-20 09:15:16,809][navsim.planning.script.run_pdm_score][INFO] - Processing stage two reactive scenario 202 / 204 in thread_id=856bbe2c-212c-45be-bfe6-f84c1f413845, node_id=0
[2026-09-20 09:15:17,789][navsim.planning.script.run_pdm_score][INFO] - Processing stage two reactive scenario 203 / 204 in thread_id=856bbe2c-212c-45be-bfe6-f84c1f413845, node_id=0
[2026-09-20 09:15:19,146][navsim.planning.script.run_pdm_score][INFO] - Processing stage two reactive scenario 204 / 204 in thread_id=856bbe2c-212c-45be-bfe6-f84c1f413845, node_id=0
[2026-09-20 09:15:23,266][navsim.planning.script.run_pdm_score][INFO] - 
        Finished running evaluation.
            Number of successful scenarios: 220.
            Number of failed scenarios: 0.
            Final extended pdm score of valid results: 0.1853562745165113.
            Results are stored in: C:\Users\Admin\navsim-crun\exp\tanitad_bench\runs\20260920T071122Z-navsim_v2-none-9f38f0\CV\2026.09.20.09.15.23.csv.
        
