[parity] ⚠ NON-PARITY corpus for *train* cache: C:\Users\Admin\tanitad-data\physicalai\_epcache\physicalai-train-14231cd29c74 references no registered parity key (physicalai-train-e438721ae894 / physicalai-val-0c5f7dac3b11). Results off it are NOT cross-arm comparable with the parity arms.
[v3] 48 episodes from C:\Users\Admin\tanitad-data\physicalai\_epcache\physicalai-train-14231cd29c74
[v3] 48 episodes -> 8199 windows (window 8, max_horizon 20, image_hw (256, 256), tac_vocab kin3)
[v3] u8_batches=False: frames+future_frames = 0.793 GB per collated batch (float32), <= 1 in flight -> ~0.79 GB
[v3:hier] step 50 loss 112.3235 traj 6.8506
[v3:hier] step 100 loss 13.0163 traj 2.7343
[v3:hier] step 150 loss 21.1875 traj 2.9463
[v3:hier] step 200 loss 16.7704 traj 2.7881
[v3:hier] step 250 loss 18.0084 traj 2.5324
[v3:hier] step 300 loss 11.4649 traj 2.0291
[v3:hier] step 350 loss 13.0998 traj 1.9555
[v3:hier] step 400 loss 11.8977 traj 1.8345
[v3:hier] step 450 loss 18.6082 traj 1.9073
[v3:hier] step 500 loss 12.7936 traj 1.8061
[v3:hier] step 550 loss 9.3903 traj 1.1722
[v3:hier] step 600 loss 8.3957 traj 1.1847
[v3:hier] step 650 loss 10.3098 traj 1.4750
[v3:hier] step 700 loss 10.9204 traj 1.5353
[v3:hier] step 750 loss 8.3180 traj 1.6620
[v3:hier] step 800 loss 14.6998 traj 1.8345
[v3:hier] step 850 loss 8.7062 traj 1.5431
[v3:hier] step 900 loss 8.4496 traj 1.9486
[v3:hier] step 950 loss 8.3866 traj 1.4570
[v3:hier] step 1000 loss 6.9826 traj 1.2567
[v3:hier] step 1050 loss 7.8070 traj 1.4000
[v3:hier] step 1100 loss 7.5386 traj 1.2391
[v3:hier] step 1150 loss 7.7293 traj 1.2725
[v3:hier] step 1200 loss 6.1265 traj 1.0925
[v3:hier] step 1250 loss 5.0519 traj 0.9024
[v3:hier] step 1300 loss 7.1522 traj 1.2808
[v3:hier] step 1350 loss 4.1668 traj 0.9205
[v3:hier] step 1400 loss 5.5547 traj 1.1602
[v3:hier] step 1450 loss 4.9207 traj 0.9428
[v3:hier] step 1500 loss 3.6123 traj 0.7368
[v3:hier] step 1550 loss 3.2235 traj 0.6655
[v3:hier] step 1600 loss 4.1352 traj 0.8150
[v3:hier] step 1650 loss 6.6494 traj 1.2360
[v3:hier] step 1700 loss 5.9535 traj 0.9100
[v3:hier] step 1750 loss 5.0163 traj 0.8348
[v3:hier] step 1800 loss 4.0634 traj 0.8898
[v3:hier] step 1850 loss 7.7563 traj 1.1470
[v3:hier] step 1900 loss 3.6581 traj 0.6449
[v3:hier] step 1950 loss 4.4181 traj 0.7255
[v3:hier] step 2000 loss 4.4963 traj 0.8305
[v3:hier] ckpt step 2000 -> ckpt.pt
[v3:hier] DONE at 2000 — summary.json written
