[v3] nav_from_v7: follow 90 / left 13 / right 38, missing 0 (of 141 clips; md5=aa12c948f062181c3297265b51526ec5)
[rank] 240 windows of 24114 scoreable · device=cuda · step=40284
  [4/240] 2s
  [44/240] 8s
  [84/240] 18s
  [124/240] 30s
  [164/240] 42s
  [204/240] 53s
[rank] -> C:/Users/Admin/veto_run/raw/reward_envelope_rank.json
[rank] banked fan -> C:/Users/Admin/veto_run/raw/fan_bank_base_240w.npz (1.6 MB)

=== CONTROLS (must read their known values) ===
  rho__CTRL_selfpeak__peak_g             +1.0000 [+1.0000, +1.0000] n=240/121ep undef=0
  rho__CTRL_random__peak_g               -0.0138 [-0.0250, -0.0022] n=240/121ep undef=0
  rho__CTRL_constant__peak_g             +nan [+nan, +nan] n=0/0ep undef=240

=== rho(reward, flag) — POSITIVE means the reward PREFERS the violation ===
  DEFAULT                      envelope    -0.5367 [-0.5581, -0.5138] n=228 eps=116 undef=12 SEP
  DEFAULT                      peak_g      -0.4603 [-0.5472, -0.3698] n=240 eps=121 undef=0 SEP
  DEFAULT                      kamm_over   -0.5790 [-0.6106, -0.5441] n=240 eps=121 undef=0 SEP
  DEFAULT                      infeasible  -0.5297 [-0.5506, -0.5078] n=228 eps=116 undef=12 SEP
  DEFAULT                      off_reach   -0.0756 [-0.1437, -0.0089] n=181 eps=101 undef=59 SEP
  DEFAULT                      ttc_below   -0.3544 [-0.4317, -0.2679] n=54 eps=41 undef=11 SEP
  DEFAULT                      contact     -0.6326 [-0.7423, -0.5184] n=19 eps=14 undef=46 SEP
  no_progress                  envelope    -0.5371 [-0.5586, -0.5143] n=228 eps=116 undef=12 SEP
  no_progress                  peak_g      -0.7306 [-0.7809, -0.6749] n=240 eps=121 undef=0 SEP
  no_progress                  kamm_over   -0.5933 [-0.6185, -0.5662] n=240 eps=121 undef=0 SEP
  no_progress                  infeasible  -0.5296 [-0.5504, -0.5078] n=228 eps=116 undef=12 SEP
  no_progress                  off_reach   -0.2525 [-0.2963, -0.2074] n=181 eps=101 undef=59 SEP
  no_progress                  ttc_below   -0.5632 [-0.6323, -0.4882] n=54 eps=41 undef=11 SEP
  no_progress                  contact     -0.6326 [-0.7423, -0.5184] n=19 eps=14 undef=46 SEP
  feasibility_x4               envelope    -0.5377 [-0.5593, -0.5148] n=228 eps=116 undef=12 SEP
  feasibility_x4               peak_g      -0.5386 [-0.6189, -0.4524] n=240 eps=121 undef=0 SEP
  feasibility_x4               kamm_over   -0.5784 [-0.6096, -0.5443] n=240 eps=121 undef=0 SEP
  feasibility_x4               infeasible  -0.5304 [-0.5512, -0.5085] n=228 eps=116 undef=12 SEP
  feasibility_x4               off_reach   -0.1117 [-0.1699, -0.0514] n=181 eps=101 undef=59 SEP
  feasibility_x4               ttc_below   -0.3522 [-0.4297, -0.2659] n=54 eps=41 undef=11 SEP
  feasibility_x4               contact     -0.6326 [-0.7423, -0.5184] n=19 eps=14 undef=46 SEP
  feasibility_x4_no_progress   envelope    -0.5377 [-0.5593, -0.5148] n=228 eps=116 undef=12 SEP
  feasibility_x4_no_progress   peak_g      -0.7232 [-0.7752, -0.6643] n=240 eps=121 undef=0 SEP
  feasibility_x4_no_progress   kamm_over   -0.5901 [-0.6162, -0.5622] n=240 eps=121 undef=0 SEP
  feasibility_x4_no_progress   infeasible  -0.5301 [-0.5510, -0.5083] n=228 eps=116 undef=12 SEP
  feasibility_x4_no_progress   off_reach   -0.2504 [-0.2943, -0.2049] n=181 eps=101 undef=59 SEP
  feasibility_x4_no_progress   ttc_below   -0.5359 [-0.5994, -0.4661] n=54 eps=41 undef=11 SEP
  feasibility_x4_no_progress   contact     -0.6326 [-0.7423, -0.5184] n=19 eps=14 undef=46 SEP
  progress_only                envelope    -0.0078 [-0.0597, +0.0416] n=228 eps=116 undef=12 ns
  progress_only                peak_g      +0.2900 [+0.1811, +0.3966] n=240 eps=121 undef=0 SEP
  progress_only                kamm_over   +0.0033 [-0.0557, +0.0603] n=240 eps=121 undef=0 ns
  progress_only                infeasible  -0.0166 [-0.0694, +0.0337] n=228 eps=116 undef=12 ns
  progress_only                off_reach   +0.0787 [-0.0276, +0.1813] n=181 eps=101 undef=59 ns
  progress_only                ttc_below   +0.4697 [+0.3772, +0.5482] n=54 eps=41 undef=11 SEP
  progress_only                contact     +0.3286 [+0.2732, +0.4039] n=19 eps=14 undef=46 SEP
  feasibility_only             envelope    -0.5389 [-0.5607, -0.5158] n=228 eps=116 undef=12 SEP
  feasibility_only             peak_g      -0.6454 [-0.7173, -0.5651] n=240 eps=121 undef=0 SEP
  feasibility_only             kamm_over   -0.5684 [-0.6021, -0.5309] n=240 eps=121 undef=0 SEP
  feasibility_only             infeasible  -0.5283 [-0.5489, -0.5066] n=228 eps=116 undef=12 SEP
  feasibility_only             off_reach   -0.2082 [-0.2592, -0.1542] n=181 eps=101 undef=59 SEP
  feasibility_only             ttc_below   -0.2388 [-0.3369, -0.1400] n=54 eps=41 undef=11 SEP
  feasibility_only             contact     +0.0666 [-0.0667, +0.1985] n=19 eps=14 undef=46 ns
  comfort_only                 envelope    -0.5227 [-0.5430, -0.5011] n=228 eps=116 undef=12 SEP
  comfort_only                 peak_g      -0.9695 [-0.9747, -0.9640] n=240 eps=121 undef=0 SEP
  comfort_only                 kamm_over   -0.5904 [-0.6144, -0.5644] n=240 eps=121 undef=0 SEP
  comfort_only                 infeasible  -0.5217 [-0.5416, -0.5005] n=228 eps=116 undef=12 SEP
  comfort_only                 off_reach   -0.4362 [-0.4850, -0.3851] n=181 eps=101 undef=59 SEP
  comfort_only                 ttc_below   -0.5643 [-0.6254, -0.4988] n=54 eps=41 undef=11 SEP
  comfort_only                 contact     -0.3389 [-0.4191, -0.2775] n=19 eps=14 undef=46 SEP

=== per-component rho vs envelope (attribution) ===
  collision      envelope -0.0922 [-0.1266, -0.0654] · peak_g -0.3588 [-0.4340, -0.3011] undef=227
  comfort        envelope -0.5227 [-0.5430, -0.5011] · peak_g -0.9695 [-0.9747, -0.9640] undef=12
  feasibility    envelope -0.5389 [-0.5607, -0.5158] · peak_g -0.6454 [-0.7173, -0.5651] undef=12
  headway        envelope -0.2093 [-0.2865, -0.1294] · peak_g -0.5410 [-0.6783, -0.3774] undef=183
  progress       envelope -0.0078 [-0.0597, +0.0416] · peak_g +0.2900 [+0.1811, +0.3966] undef=12

=== practical ===
  fan_envelope_rate              +0.88770 [+0.87680, +0.89880] n=240 undef=0
  reward_gap_viol_minus_feas     -0.53160 [-0.54790, -0.51740] n=228 undef=12
  top1_by_reward_envelope        +0.05420 [+0.02540, +0.08890] n=240 undef=0
  top8_by_reward_envelope        +0.10520 [+0.06600, +0.15100] n=240 undef=0
  top32_by_reward_envelope       +0.55170 [+0.50820, +0.59550] n=240 undef=0
  top1_by_model_envelope         +0.10830 [+0.06690, +0.15830] n=240 undef=0
  top8_by_model_envelope         +0.24900 [+0.21230, +0.28870] n=240 undef=0
  top1_by_reward_peak_g          +0.35080 [+0.20600, +0.52680] n=240 undef=0
  fan_peak_g_mean                +4.11310 [+3.78740, +4.44050] n=240 undef=0
