16:41:42 [bench] run 20260920T144140Z-navsim_v2-refcv4b_b1_v72_40k-b11027 -> D:\Projects\TanitAD\taniteval\results\bench\navsim_v2\navhard_two_stage\20260920T144140Z-navsim_v2-refcv4b_b1_v72_40k-b11027
16:41:42 [navsim] CV added by rule (MANDATORY NavSim floor)
16:41:42 [navsim] STOP added by rule (MANDATORY NavSim floor)
16:41:42 [navsim] ECHO added by rule (ECHO floor: a checkpoint is scored)
16:41:43 [navsim] export reused: C:\Users\Admin\navsim-crun\exp\tanitad_bench\exports\navhard_two_stage\navsim_agent_inputs.json (content key + sha256 match)
16:41:47 [gpu-gap] NO_GAP_CPU {'reasons': ['GPU memory used 1175 MiB >= limit 1024 MiB']}
16:44:13   [A1] 100/5462 stage-2 scenes, 1.42 s/scene, device=cpu, rss=2.09 GB, cache=64/64 (hit 0 / miss 100)
16:47:13   [A1] 200/5462 stage-2 scenes, 1.61 s/scene, device=cpu, rss=2.08 GB, cache=64/64 (hit 0 / miss 200)
16:50:09   [A1] 300/5462 stage-2 scenes, 1.66 s/scene, device=cpu, rss=2.05 GB, cache=64/64 (hit 0 / miss 300)
16:53:16   [A1] 400/5462 stage-2 scenes, 1.71 s/scene, device=cpu, rss=2.05 GB, cache=64/64 (hit 0 / miss 400)
16:56:37   [A1] 500/5462 stage-2 scenes, 1.77 s/scene, device=cpu, rss=2.05 GB, cache=64/64 (hit 0 / miss 500)
17:00:31   [A1] 600/5462 stage-2 scenes, 1.87 s/scene, device=cpu, rss=2.05 GB, cache=64/64 (hit 0 / miss 600)
17:04:35   [A1] 700/5462 stage-2 scenes, 1.95 s/scene, device=cpu, rss=2.05 GB, cache=64/64 (hit 0 / miss 700)
17:08:05   [A1] 800/5462 stage-2 scenes, 1.97 s/scene, device=cpu, rss=2.06 GB, cache=64/64 (hit 0 / miss 800)
17:11:34   [A1] 900/5462 stage-2 scenes, 1.98 s/scene, device=cpu, rss=2.06 GB, cache=64/64 (hit 0 / miss 900)
17:15:35   [A1] 1000/5462 stage-2 scenes, 2.02 s/scene, device=cpu, rss=2.06 GB, cache=64/64 (hit 0 / miss 1000)
17:19:40   [A1] 1100/5462 stage-2 scenes, 2.06 s/scene, device=cpu, rss=2.07 GB, cache=64/64 (hit 0 / miss 1100)
17:23:07   [A1] 1200/5462 stage-2 scenes, 2.06 s/scene, device=cpu, rss=1.58 GB, cache=64/64 (hit 0 / miss 1200)
17:26:37   [A1] 1300/5462 stage-2 scenes, 2.07 s/scene, device=cpu, rss=1.42 GB, cache=64/64 (hit 0 / miss 1300)
17:30:07   [A1] 1400/5462 stage-2 scenes, 2.07 s/scene, device=cpu, rss=1.42 GB, cache=64/64 (hit 0 / miss 1400)
17:33:30   [A1] 1500/5462 stage-2 scenes, 2.07 s/scene, device=cpu, rss=1.40 GB, cache=64/64 (hit 0 / miss 1500)
17:36:35   [A1] 1600/5462 stage-2 scenes, 2.05 s/scene, device=cpu, rss=1.36 GB, cache=64/64 (hit 0 / miss 1600)
17:39:35   [A1] 1700/5462 stage-2 scenes, 2.04 s/scene, device=cpu, rss=1.36 GB, cache=64/64 (hit 0 / miss 1700)
17:42:12   [A1] 1800/5462 stage-2 scenes, 2.01 s/scene, device=cpu, rss=1.34 GB, cache=64/64 (hit 0 / miss 1800)
17:45:05   [A1] 1900/5462 stage-2 scenes, 2.00 s/scene, device=cpu, rss=1.33 GB, cache=64/64 (hit 0 / miss 1900)
17:48:01   [A1] 2000/5462 stage-2 scenes, 1.98 s/scene, device=cpu, rss=1.33 GB, cache=64/64 (hit 0 / miss 2000)
17:50:52   [A1] 2100/5462 stage-2 scenes, 1.97 s/scene, device=cpu, rss=1.33 GB, cache=64/64 (hit 0 / miss 2100)
17:53:52   [A1] 2200/5462 stage-2 scenes, 1.96 s/scene, device=cpu, rss=1.35 GB, cache=64/64 (hit 0 / miss 2200)
17:56:34   [A1] 2300/5462 stage-2 scenes, 1.95 s/scene, device=cpu, rss=1.34 GB, cache=64/64 (hit 0 / miss 2300)
17:59:36   [A1] 2400/5462 stage-2 scenes, 1.94 s/scene, device=cpu, rss=1.34 GB, cache=64/64 (hit 0 / miss 2400)
18:02:31   [A1] 2500/5462 stage-2 scenes, 1.94 s/scene, device=cpu, rss=1.34 GB, cache=64/64 (hit 0 / miss 2500)
18:05:22   [A1] 2600/5462 stage-2 scenes, 1.93 s/scene, device=cpu, rss=1.34 GB, cache=64/64 (hit 0 / miss 2600)
18:08:50   [A1] 2700/5462 stage-2 scenes, 1.93 s/scene, device=cpu, rss=1.34 GB, cache=64/64 (hit 0 / miss 2700)
18:12:29   [A1] 2800/5462 stage-2 scenes, 1.94 s/scene, device=cpu, rss=1.36 GB, cache=64/64 (hit 0 / miss 2800)
18:16:45   [A1] 2900/5462 stage-2 scenes, 1.96 s/scene, device=cpu, rss=1.34 GB, cache=64/64 (hit 0 / miss 2900)
18:20:40   [A1] 3000/5462 stage-2 scenes, 1.98 s/scene, device=cpu, rss=1.29 GB, cache=64/64 (hit 0 / miss 3000)
18:24:00   [A1] 3100/5462 stage-2 scenes, 1.98 s/scene, device=cpu, rss=1.29 GB, cache=64/64 (hit 0 / miss 3100)
18:27:07   [A1] 3200/5462 stage-2 scenes, 1.97 s/scene, device=cpu, rss=1.29 GB, cache=64/64 (hit 0 / miss 3200)
18:30:14   [A1] 3300/5462 stage-2 scenes, 1.97 s/scene, device=cpu, rss=1.30 GB, cache=64/64 (hit 0 / miss 3300)
18:33:16   [A1] 3400/5462 stage-2 scenes, 1.97 s/scene, device=cpu, rss=1.29 GB, cache=64/64 (hit 0 / miss 3400)
18:36:31   [A1] 3500/5462 stage-2 scenes, 1.97 s/scene, device=cpu, rss=1.29 GB, cache=64/64 (hit 0 / miss 3500)
18:39:50   [A1] 3600/5462 stage-2 scenes, 1.97 s/scene, device=cpu, rss=1.29 GB, cache=64/64 (hit 0 / miss 3600)
18:43:02   [A1] 3700/5462 stage-2 scenes, 1.97 s/scene, device=cpu, rss=1.30 GB, cache=64/64 (hit 0 / miss 3700)
18:46:08   [A1] 3800/5462 stage-2 scenes, 1.96 s/scene, device=cpu, rss=1.30 GB, cache=64/64 (hit 0 / miss 3800)
18:49:26   [A1] 3900/5462 stage-2 scenes, 1.96 s/scene, device=cpu, rss=1.30 GB, cache=64/64 (hit 0 / miss 3900)
18:52:31   [A1] 4000/5462 stage-2 scenes, 1.96 s/scene, device=cpu, rss=1.30 GB, cache=64/64 (hit 0 / miss 4000)
18:56:24   [A1] 4100/5462 stage-2 scenes, 1.97 s/scene, device=cpu, rss=1.30 GB, cache=64/64 (hit 0 / miss 4100)
19:00:12   [A1] 4200/5462 stage-2 scenes, 1.98 s/scene, device=cpu, rss=1.30 GB, cache=64/64 (hit 0 / miss 4200)
19:04:18   [A1] 4300/5462 stage-2 scenes, 1.99 s/scene, device=cpu, rss=1.26 GB, cache=64/64 (hit 0 / miss 4300)
19:08:23   [A1] 4400/5462 stage-2 scenes, 2.00 s/scene, device=cpu, rss=1.22 GB, cache=64/64 (hit 0 / miss 4400)
19:12:17   [A1] 4500/5462 stage-2 scenes, 2.01 s/scene, device=cpu, rss=1.20 GB, cache=64/64 (hit 0 / miss 4500)
19:16:08   [A1] 4600/5462 stage-2 scenes, 2.01 s/scene, device=cpu, rss=1.21 GB, cache=64/64 (hit 0 / miss 4600)
19:19:50   [A1] 4700/5462 stage-2 scenes, 2.02 s/scene, device=cpu, rss=1.22 GB, cache=64/64 (hit 0 / miss 4700)
19:23:22   [A1] 4800/5462 stage-2 scenes, 2.02 s/scene, device=cpu, rss=1.18 GB, cache=64/64 (hit 0 / miss 4800)
19:27:08   [A1] 4900/5462 stage-2 scenes, 2.02 s/scene, device=cpu, rss=1.15 GB, cache=64/64 (hit 0 / miss 4900)
19:31:44   [A1] 5000/5462 stage-2 scenes, 2.04 s/scene, device=cpu, rss=1.07 GB, cache=64/64 (hit 0 / miss 5000)
19:36:08   [A1] 5100/5462 stage-2 scenes, 2.05 s/scene, device=cpu, rss=1.27 GB, cache=64/64 (hit 0 / miss 5100)
19:39:41   [A1] 5200/5462 stage-2 scenes, 2.05 s/scene, device=cpu, rss=1.28 GB, cache=64/64 (hit 0 / miss 5200)
19:43:16   [A1] 5300/5462 stage-2 scenes, 2.05 s/scene, device=cpu, rss=1.28 GB, cache=64/64 (hit 0 / miss 5300)
19:46:42   [A1] 5400/5462 stage-2 scenes, 2.05 s/scene, device=cpu, rss=1.28 GB, cache=64/64 (hit 0 / miss 5400)
19:50:24 [navsim] model arm A1 (A1_ego_cmd): 5462 model rows, 450 CV stand-ins, 11232.6 s
19:50:33 [navsim] scoring CV (official constant_velocity_agent) on navhard_two_stage …
20:05:50 [navsim] CV: RAM_GUARD_ABORT successful=None failed=None rows=None wall=910s failures=["summary line 'Number of successful scenarios' ABSENT — cannot confirm work", 'failed scenarios = None', 'no result CSV found']
20:05:54 [navsim] scoring STOP (seam) on navhard_two_stage …
21:32:01 [navsim] STOP: RAM_GUARD_ABORT successful=None failed=None rows=None wall=5166s failures=["summary line 'Number of successful scenarios' ABSENT — cannot confirm work", 'failed scenarios = None', 'no result CSV found', "agent calls {'seam': 4915, 'cv_standin': 0, 'UNKNOWN_TOKEN': 0} != seam declaration {'seam': 5912, 'cv_standin': 0}"]
21:32:01 [navsim] scoring ECHO (seam) on navhard_two_stage …
21:32:02 [navsim] ECHO: RAM_GUARD_ABORT successful=None failed=None rows=None wall=1s failures=["summary line 'Number of successful scenarios' ABSENT — cannot confirm work", 'failed scenarios = None', 'no result CSV found', "agent calls {'seam': 0, 'cv_standin': 0, 'UNKNOWN_TOKEN': 0} != seam declaration {'seam': 5912, 'cv_standin': 0}"]
21:32:02 [navsim] scoring A1 (seam) on navhard_two_stage …
21:32:03 [navsim] A1: RAM_GUARD_ABORT successful=None failed=None rows=None wall=0s failures=["summary line 'Number of successful scenarios' ABSENT — cannot confirm work", 'failed scenarios = None', 'no result CSV found', "agent calls {'seam': 0, 'cv_standin': 0, 'UNKNOWN_TOKEN': 0} != seam declaration {'seam': 5462, 'cv_standin': 450}"]
21:32:03 [bench] report: SKIPPED
21:32:04 [bench] FAILED in 17421.5 s -> D:\Projects\TanitAD\taniteval\results\bench\navsim_v2\navhard_two_stage\20260920T144140Z-navsim_v2-refcv4b_b1_v72_40k-b11027
