C:\Users\Admin\dz\DriveZero\DriveRL\nuplan-devkit\nuplan\common\maps\nuplan_map\utils.py:413: RuntimeWarning: invalid value encountered in cast
  return elements.iloc[np.where(elements[column_label].to_numpy().astype(int) == int(desired_value))]
  [5/93] 5 s
  [10/93] 10 s
  [15/93] 13 s
  [20/93] 16 s
  [25/93] 18 s
C:\Users\Admin\dz\DriveZero\DriveRL\nuplan-devkit\nuplan\common\maps\nuplan_map\utils.py:413: RuntimeWarning: invalid value encountered in cast
  return elements.iloc[np.where(elements[column_label].to_numpy().astype(int) == int(desired_value))]
C:\Users\Admin\dz\DriveZero\DriveRL\nuplan-devkit\nuplan\common\maps\nuplan_map\utils.py:413: RuntimeWarning: invalid value encountered in cast
  return elements.iloc[np.where(elements[column_label].to_numpy().astype(int) == int(desired_value))]
  [30/93] 23 s
C:\Users\Admin\dz\DriveZero\DriveRL\nuplan-devkit\nuplan\common\maps\nuplan_map\utils.py:413: RuntimeWarning: invalid value encountered in cast
  return elements.iloc[np.where(elements[column_label].to_numpy().astype(int) == int(desired_value))]
  [35/93] 28 s
C:\Users\Admin\dz\DriveZero\DriveRL\nuplan-devkit\nuplan\common\maps\nuplan_map\utils.py:413: RuntimeWarning: invalid value encountered in cast
  return elements.iloc[np.where(elements[column_label].to_numpy().astype(int) == int(desired_value))]
  [40/93] 31 s
  [45/93] 34 s
  [50/93] 37 s
C:\Users\Admin\dz\DriveZero\DriveRL\nuplan-devkit\nuplan\common\maps\nuplan_map\utils.py:413: RuntimeWarning: invalid value encountered in cast
  return elements.iloc[np.where(elements[column_label].to_numpy().astype(int) == int(desired_value))]
  [55/93] 40 s
  [60/93] 43 s
  [65/93] 47 s
  [70/93] 52 s
  [75/93] 57 s
C:\Users\Admin\dz\DriveZero\DriveRL\nuplan-devkit\nuplan\common\maps\nuplan_map\utils.py:413: RuntimeWarning: invalid value encountered in cast
  return elements.iloc[np.where(elements[column_label].to_numpy().astype(int) == int(desired_value))]
  [80/93] 66 s
C:\Users\Admin\dz\DriveZero\DriveRL\nuplan-devkit\nuplan\common\maps\nuplan_map\utils.py:413: RuntimeWarning: invalid value encountered in cast
  return elements.iloc[np.where(elements[column_label].to_numpy().astype(int) == int(desired_value))]
  [85/93] 74 s
  [90/93] 81 s
017 shipped 82.63 control 89.44 (ref 89.44) ok True; raw-progress rho 0.504; EP head rho 0.523
   a_scene_max: pick 82.45 gain -0.18 (bar 3.4) rho 0.5040647912837546 mae 0.304
   b_cv_v0: pick 81.60 gain -1.03 (bar 3.4) rho 0.33580305329616317 mae 0.333
   c_v5x4: pick 82.63 gain +0.00 (bar 3.4) rho 0.4349108578541553 mae 0.338
018 shipped 83.71 control 89.83 (ref 89.83) ok True; raw-progress rho 0.433; EP head rho 0.422
   a_scene_max: pick 84.08 gain +0.37 (bar 3.1) rho 0.43318619974200956 mae 0.318
   b_cv_v0: pick 81.34 gain -2.38 (bar 3.1) rho 0.2782880983550126 mae 0.331
   c_v5x4: pick 83.75 gain +0.04 (bar 3.1) rho 0.3275390297733188 mae 0.342
DECISION: ELIMINATED: no admissible reference recovers half of the true-EP gain at both snapshots
